[?1034hREADING TREES
READING: TTM1100BWBW
        nominal
READING: TTM1100THTH
        nominal
READING: TTM1100TZTZ
        nominal
READING: TTM1100TZBW
        nominal
READING: TTM1100THBW
        nominal
READING: TTM1100TZTH
        nominal
READING: TTM1200BWBW
        nominal
READING: TTM1200THTH
        nominal
READING: TTM1200TZTZ
        nominal
READING: TTM1200TZBW
        nominal
READING: TTM1200THBW
        nominal
READING: TTM1200TZTH
        nominal
READING: TTM1300BWBW
        nominal
READING: TTM1300THTH
        nominal
READING: TTM1300TZTZ
        nominal
READING: TTM1300TZBW
        nominal
READING: TTM1300THBW
        nominal
READING: TTM1300TZTH
        nominal
READING: TTM1400BWBW
        nominal
READING: TTM1400THTH
        nominal
READING: TTM1400TZTZ
        nominal
READING: TTM1400TZBW
        nominal
READING: TTM1400THBW
        nominal
READING: TTM1400TZTH
        nominal
READING: TTM1500BWBW
        nominal
READING: TTM1500THTH
        nominal
READING: TTM1500TZTZ
        nominal
READING: TTM1500TZBW
        nominal
READING: TTM1500THBW
        nominal
READING: TTM1500TZTH
        nominal
READING: TTM1600BWBW
        nominal
READING: TTM1600THTH
        nominal
READING: TTM1600TZTZ
        nominal
READING: TTM1600TZBW
        nominal
READING: TTM1600THBW
        nominal
READING: TTM1600TZTH
        nominal
READING: TTM1700BWBW
        nominal
READING: TTM1700THTH
        nominal
READING: TTM1700TZTZ
        nominal
READING: TTM1700TZBW
        nominal
READING: TTM1700THBW
        nominal
READING: TTM1700TZTH
        nominal
READING: TTM1800BWBW
        nominal
READING: TTM1800THTH
        nominal
READING: TTM1800TZTZ
        nominal
READING: TTM1800TZBW
        nominal
READING: TTM1800THBW
        nominal
READING: TTM1800TZTH
        nominal
READING: WJetsMG400
        nominal
READING: WJetsMG600
        nominal
READING: WJetsMG800
        nominal
READING: WJetsMG1200
        nominal
READING: WJetsMG2500
        nominal
FINISHED READING
PLOTTING: Tp2Mass
         LJMET Variable: Tprime2_ALGO_Mass
         X-AXIS TITLE  : ;M(T) [GeV])
         BINNING USED  : [0.0, 60.0, 120.0, 180.0, 240.0, 300.0, 360.0, 420.0, 480.0, 540.0, 600.0, 660.0, 720.0, 780.0, 840.0, 900.0, 960.0, 1020.0, 1080.0, 1140.0, 1200.0, 1260.0, 1320.0, 1380.0, 1440.0, 1500.0, 1560.0, 1620.0, 1680.0, 1740.0, 1800.0, 1860.0, 1920.0, 1980.0, 2040.0, 2100.0, 2160.0, 2220.0, 2280.0, 2340.0, 2400.0, 2460.0, 2520.0, 2580.0, 2640.0, 2700.0, 2760.0, 2820.0, 2880.0, 2940.0, 3000.0]
****************************************************************************************************
****************************************************************************************************
DISTRIBUTION: Tp2Mass
            -name in ljmet trees: Tprime2_ALGO_Mass
            -x-axis label is set to: ;M(T) [GeV])
            -using the binning as: [0.0, 60.0, 120.0, 180.0, 240.0, 300.0, 360.0, 420.0, 480.0, 540.0, 600.0, 660.0, 720.0, 780.0, 840.0, 900.0, 960.0, 1020.0, 1080.0, 1140.0, 1200.0, 1260.0, 1320.0, 1380.0, 1440.0, 1500.0, 1560.0, 1620.0, 1680.0, 1740.0, 1800.0, 1860.0, 1920.0, 1980.0, 2040.0, 2100.0, 2160.0, 2220.0, 2280.0, 2340.0, 2400.0, 2460.0, 2520.0, 2580.0, 2640.0, 2700.0, 2760.0, 2820.0, 2880.0, 2940.0, 3000.0]
/////////////////////////
PROCESSING:  WJetsMG400
/////////////////////////
plotTreeName: Tprime2_BEST_Mass
Flavour: E #tag: isV_bWbW #algo: BEST
Weights: 1 * HTSF_Pol * 1 * pileupWeight * 1 * lepIdSF * EGammaGsfSF * 1 * (MCWeight_singleLepCalc/abs(MCWeight_singleLepCalc)) * 0.280770227538
Cuts: (leptonPt_singleLepCalc > 50) && (corr_met_singleLepCalc > 55) && (AK4HT > 480) && (minDR_lepJet > 0.4 || ptRel_lepJet > 40) && (NJetsAK8_JetSubCalc > 2) && (minDR_leadAK8otherAK8 < 3.0) && DataPastTrigger == 1 && isElectron==1
****************************************************************************************************
****************************************************************************************************
DISTRIBUTION: Tp2Mass
            -name in ljmet trees: Tprime2_ALGO_Mass
            -x-axis label is set to: ;M(T) [GeV])
            -using the binning as: [0.0, 60.0, 120.0, 180.0, 240.0, 300.0, 360.0, 420.0, 480.0, 540.0, 600.0, 660.0, 720.0, 780.0, 840.0, 900.0, 960.0, 1020.0, 1080.0, 1140.0, 1200.0, 1260.0, 1320.0, 1380.0, 1440.0, 1500.0, 1560.0, 1620.0, 1680.0, 1740.0, 1800.0, 1860.0, 1920.0, 1980.0, 2040.0, 2100.0, 2160.0, 2220.0, 2280.0, 2340.0, 2400.0, 2460.0, 2520.0, 2580.0, 2640.0, 2700.0, 2760.0, 2820.0, 2880.0, 2940.0, 3000.0]
/////////////////////////
PROCESSING:  WJetsMG600
/////////////////////////
plotTreeName: Tprime2_BEST_Mass
Flavour: E #tag: isV_bWbW #algo: BEST
Weights: 1 * HTSF_Pol * 1 * pileupWeight * 1 * lepIdSF * EGammaGsfSF * 1 * (MCWeight_singleLepCalc/abs(MCWeight_singleLepCalc)) * 0.0287233231554
Cuts: (leptonPt_singleLepCalc > 50) && (corr_met_singleLepCalc > 55) && (AK4HT > 480) && (minDR_lepJet > 0.4 || ptRel_lepJet > 40) && (NJetsAK8_JetSubCalc > 2) && (minDR_leadAK8otherAK8 < 3.0) && DataPastTrigger == 1 && isElectron==1
****************************************************************************************************
****************************************************************************************************
DISTRIBUTION: Tp2Mass
            -name in ljmet trees: Tprime2_ALGO_Mass
            -x-axis label is set to: ;M(T) [GeV])
            -using the binning as: [0.0, 60.0, 120.0, 180.0, 240.0, 300.0, 360.0, 420.0, 480.0, 540.0, 600.0, 660.0, 720.0, 780.0, 840.0, 900.0, 960.0, 1020.0, 1080.0, 1140.0, 1200.0, 1260.0, 1320.0, 1380.0, 1440.0, 1500.0, 1560.0, 1620.0, 1680.0, 1740.0, 1800.0, 1860.0, 1920.0, 1980.0, 2040.0, 2100.0, 2160.0, 2220.0, 2280.0, 2340.0, 2400.0, 2460.0, 2520.0, 2580.0, 2640.0, 2700.0, 2760.0, 2820.0, 2880.0, 2940.0, 3000.0]
/////////////////////////
PROCESSING:  WJetsMG800
/////////////////////////
plotTreeName: Tprime2_BEST_Mass
Flavour: E #tag: isV_bWbW #algo: BEST
Weights: 1 * HTSF_Pol * 1 * pileupWeight * 1 * lepIdSF * EGammaGsfSF * 1 * (MCWeight_singleLepCalc/abs(MCWeight_singleLepCalc)) * 0.0316367902594
Cuts: (leptonPt_singleLepCalc > 50) && (corr_met_singleLepCalc > 55) && (AK4HT > 480) && (minDR_lepJet > 0.4 || ptRel_lepJet > 40) && (NJetsAK8_JetSubCalc > 2) && (minDR_leadAK8otherAK8 < 3.0) && DataPastTrigger == 1 && isElectron==1
****************************************************************************************************
****************************************************************************************************
DISTRIBUTION: Tp2Mass
            -name in ljmet trees: Tprime2_ALGO_Mass
            -x-axis label is set to: ;M(T) [GeV])
            -using the binning as: [0.0, 60.0, 120.0, 180.0, 240.0, 300.0, 360.0, 420.0, 480.0, 540.0, 600.0, 660.0, 720.0, 780.0, 840.0, 900.0, 960.0, 1020.0, 1080.0, 1140.0, 1200.0, 1260.0, 1320.0, 1380.0, 1440.0, 1500.0, 1560.0, 1620.0, 1680.0, 1740.0, 1800.0, 1860.0, 1920.0, 1980.0, 2040.0, 2100.0, 2160.0, 2220.0, 2280.0, 2340.0, 2400.0, 2460.0, 2520.0, 2580.0, 2640.0, 2700.0, 2760.0, 2820.0, 2880.0, 2940.0, 3000.0]
/////////////////////////
PROCESSING:  WJetsMG1200
/////////////////////////
plotTreeName: Tprime2_BEST_Mass
Flavour: E #tag: isV_bWbW #algo: BEST
Weights: 1 * HTSF_Pol * 1 * pileupWeight * 1 * lepIdSF * EGammaGsfSF * 1 * (MCWeight_singleLepCalc/abs(MCWeight_singleLepCalc)) * 0.00861414819858
Cuts: (leptonPt_singleLepCalc > 50) && (corr_met_singleLepCalc > 55) && (AK4HT > 480) && (minDR_lepJet > 0.4 || ptRel_lepJet > 40) && (NJetsAK8_JetSubCalc > 2) && (minDR_leadAK8otherAK8 < 3.0) && DataPastTrigger == 1 && isElectron==1
****************************************************************************************************
****************************************************************************************************
DISTRIBUTION: Tp2Mass
            -name in ljmet trees: Tprime2_ALGO_Mass
            -x-axis label is set to: ;M(T) [GeV])
            -using the binning as: [0.0, 60.0, 120.0, 180.0, 240.0, 300.0, 360.0, 420.0, 480.0, 540.0, 600.0, 660.0, 720.0, 780.0, 840.0, 900.0, 960.0, 1020.0, 1080.0, 1140.0, 1200.0, 1260.0, 1320.0, 1380.0, 1440.0, 1500.0, 1560.0, 1620.0, 1680.0, 1740.0, 1800.0, 1860.0, 1920.0, 1980.0, 2040.0, 2100.0, 2160.0, 2220.0, 2280.0, 2340.0, 2400.0, 2460.0, 2520.0, 2580.0, 2640.0, 2700.0, 2760.0, 2820.0, 2880.0, 2940.0, 3000.0]
/////////////////////////
PROCESSING:  WJetsMG2500
/////////////////////////
plotTreeName: Tprime2_BEST_Mass
Flavour: E #tag: isV_bWbW #algo: BEST
Weights: 1 * HTSF_Pol * 1 * pileupWeight * 1 * lepIdSF * EGammaGsfSF * 1 * (MCWeight_singleLepCalc/abs(MCWeight_singleLepCalc)) * 0.00054308661217
Cuts: (leptonPt_singleLepCalc > 50) && (corr_met_singleLepCalc > 55) && (AK4HT > 480) && (minDR_lepJet > 0.4 || ptRel_lepJet > 40) && (NJetsAK8_JetSubCalc > 2) && (minDR_leadAK8otherAK8 < 3.0) && DataPastTrigger == 1 && isElectron==1
****************************************************************************************************
****************************************************************************************************
DISTRIBUTION: Tp2Mass
            -name in ljmet trees: Tprime2_ALGO_Mass
            -x-axis label is set to: ;M(T) [GeV])
            -using the binning as: [0.0, 60.0, 120.0, 180.0, 240.0, 300.0, 360.0, 420.0, 480.0, 540.0, 600.0, 660.0, 720.0, 780.0, 840.0, 900.0, 960.0, 1020.0, 1080.0, 1140.0, 1200.0, 1260.0, 1320.0, 1380.0, 1440.0, 1500.0, 1560.0, 1620.0, 1680.0, 1740.0, 1800.0, 1860.0, 1920.0, 1980.0, 2040.0, 2100.0, 2160.0, 2220.0, 2280.0, 2340.0, 2400.0, 2460.0, 2520.0, 2580.0, 2640.0, 2700.0, 2760.0, 2820.0, 2880.0, 2940.0, 3000.0]
/////////////////////////
PROCESSING:  TTM1100BWBW
/////////////////////////
plotTreeName: Tprime2_BEST_Mass
Flavour: E #tag: isV_bWbW #algo: BEST
Weights: 1 * 1 * 1 * pileupWeight * 1 * lepIdSF * EGammaGsfSF * 1 * (MCWeight_singleLepCalc/abs(MCWeight_singleLepCalc)) * 0.00223239916536
Cuts: (leptonPt_singleLepCalc > 50) && (corr_met_singleLepCalc > 55) && (AK4HT > 480) && (minDR_lepJet > 0.4 || ptRel_lepJet > 40) && (NJetsAK8_JetSubCalc > 2) && (minDR_leadAK8otherAK8 < 3.0) && DataPastTrigger == 1 && isElectron==1
****************************************************************************************************
****************************************************************************************************
DISTRIBUTION: Tp2Mass
            -name in ljmet trees: Tprime2_ALGO_Mass
            -x-axis label is set to: ;M(T) [GeV])
            -using the binning as: [0.0, 60.0, 120.0, 180.0, 240.0, 300.0, 360.0, 420.0, 480.0, 540.0, 600.0, 660.0, 720.0, 780.0, 840.0, 900.0, 960.0, 1020.0, 1080.0, 1140.0, 1200.0, 1260.0, 1320.0, 1380.0, 1440.0, 1500.0, 1560.0, 1620.0, 1680.0, 1740.0, 1800.0, 1860.0, 1920.0, 1980.0, 2040.0, 2100.0, 2160.0, 2220.0, 2280.0, 2340.0, 2400.0, 2460.0, 2520.0, 2580.0, 2640.0, 2700.0, 2760.0, 2820.0, 2880.0, 2940.0, 3000.0]
/////////////////////////
PROCESSING:  TTM1100THTH
/////////////////////////
plotTreeName: Tprime2_BEST_Mass
Flavour: E #tag: isV_bWbW #algo: BEST
Weights: 1 * 1 * 1 * pileupWeight * 1 * lepIdSF * EGammaGsfSF * 1 * (MCWeight_singleLepCalc/abs(MCWeight_singleLepCalc)) * 0.000558099791339
Cuts: (leptonPt_singleLepCalc > 50) && (corr_met_singleLepCalc > 55) && (AK4HT > 480) && (minDR_lepJet > 0.4 || ptRel_lepJet > 40) && (NJetsAK8_JetSubCalc > 2) && (minDR_leadAK8otherAK8 < 3.0) && DataPastTrigger == 1 && isElectron==1
****************************************************************************************************
****************************************************************************************************
DISTRIBUTION: Tp2Mass
            -name in ljmet trees: Tprime2_ALGO_Mass
            -x-axis label is set to: ;M(T) [GeV])
            -using the binning as: [0.0, 60.0, 120.0, 180.0, 240.0, 300.0, 360.0, 420.0, 480.0, 540.0, 600.0, 660.0, 720.0, 780.0, 840.0, 900.0, 960.0, 1020.0, 1080.0, 1140.0, 1200.0, 1260.0, 1320.0, 1380.0, 1440.0, 1500.0, 1560.0, 1620.0, 1680.0, 1740.0, 1800.0, 1860.0, 1920.0, 1980.0, 2040.0, 2100.0, 2160.0, 2220.0, 2280.0, 2340.0, 2400.0, 2460.0, 2520.0, 2580.0, 2640.0, 2700.0, 2760.0, 2820.0, 2880.0, 2940.0, 3000.0]
/////////////////////////
PROCESSING:  TTM1100TZTZ
/////////////////////////
plotTreeName: Tprime2_BEST_Mass
Flavour: E #tag: isV_bWbW #algo: BEST
Weights: 1 * 1 * 1 * pileupWeight * 1 * lepIdSF * EGammaGsfSF * 1 * (MCWeight_singleLepCalc/abs(MCWeight_singleLepCalc)) * 0.000558099791339
Cuts: (leptonPt_singleLepCalc > 50) && (corr_met_singleLepCalc > 55) && (AK4HT > 480) && (minDR_lepJet > 0.4 || ptRel_lepJet > 40) && (NJetsAK8_JetSubCalc > 2) && (minDR_leadAK8otherAK8 < 3.0) && DataPastTrigger == 1 && isElectron==1
****************************************************************************************************
****************************************************************************************************
DISTRIBUTION: Tp2Mass
            -name in ljmet trees: Tprime2_ALGO_Mass
            -x-axis label is set to: ;M(T) [GeV])
            -using the binning as: [0.0, 60.0, 120.0, 180.0, 240.0, 300.0, 360.0, 420.0, 480.0, 540.0, 600.0, 660.0, 720.0, 780.0, 840.0, 900.0, 960.0, 1020.0, 1080.0, 1140.0, 1200.0, 1260.0, 1320.0, 1380.0, 1440.0, 1500.0, 1560.0, 1620.0, 1680.0, 1740.0, 1800.0, 1860.0, 1920.0, 1980.0, 2040.0, 2100.0, 2160.0, 2220.0, 2280.0, 2340.0, 2400.0, 2460.0, 2520.0, 2580.0, 2640.0, 2700.0, 2760.0, 2820.0, 2880.0, 2940.0, 3000.0]
/////////////////////////
PROCESSING:  TTM1100TZBW
/////////////////////////
plotTreeName: Tprime2_BEST_Mass
Flavour: E #tag: isV_bWbW #algo: BEST
Weights: 1 * 1 * 1 * pileupWeight * 1 * lepIdSF * EGammaGsfSF * 1 * (MCWeight_singleLepCalc/abs(MCWeight_singleLepCalc)) * 0.00111619958268
Cuts: (leptonPt_singleLepCalc > 50) && (corr_met_singleLepCalc > 55) && (AK4HT > 480) && (minDR_lepJet > 0.4 || ptRel_lepJet > 40) && (NJetsAK8_JetSubCalc > 2) && (minDR_leadAK8otherAK8 < 3.0) && DataPastTrigger == 1 && isElectron==1
****************************************************************************************************
****************************************************************************************************
DISTRIBUTION: Tp2Mass
            -name in ljmet trees: Tprime2_ALGO_Mass
            -x-axis label is set to: ;M(T) [GeV])
            -using the binning as: [0.0, 60.0, 120.0, 180.0, 240.0, 300.0, 360.0, 420.0, 480.0, 540.0, 600.0, 660.0, 720.0, 780.0, 840.0, 900.0, 960.0, 1020.0, 1080.0, 1140.0, 1200.0, 1260.0, 1320.0, 1380.0, 1440.0, 1500.0, 1560.0, 1620.0, 1680.0, 1740.0, 1800.0, 1860.0, 1920.0, 1980.0, 2040.0, 2100.0, 2160.0, 2220.0, 2280.0, 2340.0, 2400.0, 2460.0, 2520.0, 2580.0, 2640.0, 2700.0, 2760.0, 2820.0, 2880.0, 2940.0, 3000.0]
/////////////////////////
PROCESSING:  TTM1100THBW
/////////////////////////
plotTreeName: Tprime2_BEST_Mass
Flavour: E #tag: isV_bWbW #algo: BEST
Weights: 1 * 1 * 1 * pileupWeight * 1 * lepIdSF * EGammaGsfSF * 1 * (MCWeight_singleLepCalc/abs(MCWeight_singleLepCalc)) * 0.00111619958268
Cuts: (leptonPt_singleLepCalc > 50) && (corr_met_singleLepCalc > 55) && (AK4HT > 480) && (minDR_lepJet > 0.4 || ptRel_lepJet > 40) && (NJetsAK8_JetSubCalc > 2) && (minDR_leadAK8otherAK8 < 3.0) && DataPastTrigger == 1 && isElectron==1
****************************************************************************************************
****************************************************************************************************
DISTRIBUTION: Tp2Mass
            -name in ljmet trees: Tprime2_ALGO_Mass
            -x-axis label is set to: ;M(T) [GeV])
            -using the binning as: [0.0, 60.0, 120.0, 180.0, 240.0, 300.0, 360.0, 420.0, 480.0, 540.0, 600.0, 660.0, 720.0, 780.0, 840.0, 900.0, 960.0, 1020.0, 1080.0, 1140.0, 1200.0, 1260.0, 1320.0, 1380.0, 1440.0, 1500.0, 1560.0, 1620.0, 1680.0, 1740.0, 1800.0, 1860.0, 1920.0, 1980.0, 2040.0, 2100.0, 2160.0, 2220.0, 2280.0, 2340.0, 2400.0, 2460.0, 2520.0, 2580.0, 2640.0, 2700.0, 2760.0, 2820.0, 2880.0, 2940.0, 3000.0]
/////////////////////////
PROCESSING:  TTM1100TZTH
/////////////////////////
plotTreeName: Tprime2_BEST_Mass
Flavour: E #tag: isV_bWbW #algo: BEST
Weights: 1 * 1 * 1 * pileupWeight * 1 * lepIdSF * EGammaGsfSF * 1 * (MCWeight_singleLepCalc/abs(MCWeight_singleLepCalc)) * 0.000558099791339
Cuts: (leptonPt_singleLepCalc > 50) && (corr_met_singleLepCalc > 55) && (AK4HT > 480) && (minDR_lepJet > 0.4 || ptRel_lepJet > 40) && (NJetsAK8_JetSubCalc > 2) && (minDR_leadAK8otherAK8 < 3.0) && DataPastTrigger == 1 && isElectron==1
****************************************************************************************************
****************************************************************************************************
DISTRIBUTION: Tp2Mass
            -name in ljmet trees: Tprime2_ALGO_Mass
            -x-axis label is set to: ;M(T) [GeV])
            -using the binning as: [0.0, 60.0, 120.0, 180.0, 240.0, 300.0, 360.0, 420.0, 480.0, 540.0, 600.0, 660.0, 720.0, 780.0, 840.0, 900.0, 960.0, 1020.0, 1080.0, 1140.0, 1200.0, 1260.0, 1320.0, 1380.0, 1440.0, 1500.0, 1560.0, 1620.0, 1680.0, 1740.0, 1800.0, 1860.0, 1920.0, 1980.0, 2040.0, 2100.0, 2160.0, 2220.0, 2280.0, 2340.0, 2400.0, 2460.0, 2520.0, 2580.0, 2640.0, 2700.0, 2760.0, 2820.0, 2880.0, 2940.0, 3000.0]
/////////////////////////
PROCESSING:  TTM1200BWBW
/////////////////////////
plotTreeName: Tprime2_BEST_Mass
Flavour: E #tag: isV_bWbW #algo: BEST
Weights: 1 * 1 * 1 * pileupWeight * 1 * lepIdSF * EGammaGsfSF * 1 * (MCWeight_singleLepCalc/abs(MCWeight_singleLepCalc)) * 0.00117627847652
Cuts: (leptonPt_singleLepCalc > 50) && (corr_met_singleLepCalc > 55) && (AK4HT > 480) && (minDR_lepJet > 0.4 || ptRel_lepJet > 40) && (NJetsAK8_JetSubCalc > 2) && (minDR_leadAK8otherAK8 < 3.0) && DataPastTrigger == 1 && isElectron==1
****************************************************************************************************
****************************************************************************************************
DISTRIBUTION: Tp2Mass
            -name in ljmet trees: Tprime2_ALGO_Mass
            -x-axis label is set to: ;M(T) [GeV])
            -using the binning as: [0.0, 60.0, 120.0, 180.0, 240.0, 300.0, 360.0, 420.0, 480.0, 540.0, 600.0, 660.0, 720.0, 780.0, 840.0, 900.0, 960.0, 1020.0, 1080.0, 1140.0, 1200.0, 1260.0, 1320.0, 1380.0, 1440.0, 1500.0, 1560.0, 1620.0, 1680.0, 1740.0, 1800.0, 1860.0, 1920.0, 1980.0, 2040.0, 2100.0, 2160.0, 2220.0, 2280.0, 2340.0, 2400.0, 2460.0, 2520.0, 2580.0, 2640.0, 2700.0, 2760.0, 2820.0, 2880.0, 2940.0, 3000.0]
/////////////////////////
PROCESSING:  TTM1200THTH
/////////////////////////
plotTreeName: Tprime2_BEST_Mass
Flavour: E #tag: isV_bWbW #algo: BEST
Weights: 1 * 1 * 1 * pileupWeight * 1 * lepIdSF * EGammaGsfSF * 1 * (MCWeight_singleLepCalc/abs(MCWeight_singleLepCalc)) * 0.00029406961913
Cuts: (leptonPt_singleLepCalc > 50) && (corr_met_singleLepCalc > 55) && (AK4HT > 480) && (minDR_lepJet > 0.4 || ptRel_lepJet > 40) && (NJetsAK8_JetSubCalc > 2) && (minDR_leadAK8otherAK8 < 3.0) && DataPastTrigger == 1 && isElectron==1
****************************************************************************************************
****************************************************************************************************
DISTRIBUTION: Tp2Mass
            -name in ljmet trees: Tprime2_ALGO_Mass
            -x-axis label is set to: ;M(T) [GeV])
            -using the binning as: [0.0, 60.0, 120.0, 180.0, 240.0, 300.0, 360.0, 420.0, 480.0, 540.0, 600.0, 660.0, 720.0, 780.0, 840.0, 900.0, 960.0, 1020.0, 1080.0, 1140.0, 1200.0, 1260.0, 1320.0, 1380.0, 1440.0, 1500.0, 1560.0, 1620.0, 1680.0, 1740.0, 1800.0, 1860.0, 1920.0, 1980.0, 2040.0, 2100.0, 2160.0, 2220.0, 2280.0, 2340.0, 2400.0, 2460.0, 2520.0, 2580.0, 2640.0, 2700.0, 2760.0, 2820.0, 2880.0, 2940.0, 3000.0]
/////////////////////////
PROCESSING:  TTM1200TZTZ
/////////////////////////
plotTreeName: Tprime2_BEST_Mass
Flavour: E #tag: isV_bWbW #algo: BEST
Weights: 1 * 1 * 1 * pileupWeight * 1 * lepIdSF * EGammaGsfSF * 1 * (MCWeight_singleLepCalc/abs(MCWeight_singleLepCalc)) * 0.00029406961913
Cuts: (leptonPt_singleLepCalc > 50) && (corr_met_singleLepCalc > 55) && (AK4HT > 480) && (minDR_lepJet > 0.4 || ptRel_lepJet > 40) && (NJetsAK8_JetSubCalc > 2) && (minDR_leadAK8otherAK8 < 3.0) && DataPastTrigger == 1 && isElectron==1
****************************************************************************************************
****************************************************************************************************
DISTRIBUTION: Tp2Mass
            -name in ljmet trees: Tprime2_ALGO_Mass
            -x-axis label is set to: ;M(T) [GeV])
            -using the binning as: [0.0, 60.0, 120.0, 180.0, 240.0, 300.0, 360.0, 420.0, 480.0, 540.0, 600.0, 660.0, 720.0, 780.0, 840.0, 900.0, 960.0, 1020.0, 1080.0, 1140.0, 1200.0, 1260.0, 1320.0, 1380.0, 1440.0, 1500.0, 1560.0, 1620.0, 1680.0, 1740.0, 1800.0, 1860.0, 1920.0, 1980.0, 2040.0, 2100.0, 2160.0, 2220.0, 2280.0, 2340.0, 2400.0, 2460.0, 2520.0, 2580.0, 2640.0, 2700.0, 2760.0, 2820.0, 2880.0, 2940.0, 3000.0]
/////////////////////////
PROCESSING:  TTM1200TZBW
/////////////////////////
plotTreeName: Tprime2_BEST_Mass
Flavour: E #tag: isV_bWbW #algo: BEST
Weights: 1 * 1 * 1 * pileupWeight * 1 * lepIdSF * EGammaGsfSF * 1 * (MCWeight_singleLepCalc/abs(MCWeight_singleLepCalc)) * 0.000588139238259
Cuts: (leptonPt_singleLepCalc > 50) && (corr_met_singleLepCalc > 55) && (AK4HT > 480) && (minDR_lepJet > 0.4 || ptRel_lepJet > 40) && (NJetsAK8_JetSubCalc > 2) && (minDR_leadAK8otherAK8 < 3.0) && DataPastTrigger == 1 && isElectron==1
****************************************************************************************************
****************************************************************************************************
DISTRIBUTION: Tp2Mass
            -name in ljmet trees: Tprime2_ALGO_Mass
            -x-axis label is set to: ;M(T) [GeV])
            -using the binning as: [0.0, 60.0, 120.0, 180.0, 240.0, 300.0, 360.0, 420.0, 480.0, 540.0, 600.0, 660.0, 720.0, 780.0, 840.0, 900.0, 960.0, 1020.0, 1080.0, 1140.0, 1200.0, 1260.0, 1320.0, 1380.0, 1440.0, 1500.0, 1560.0, 1620.0, 1680.0, 1740.0, 1800.0, 1860.0, 1920.0, 1980.0, 2040.0, 2100.0, 2160.0, 2220.0, 2280.0, 2340.0, 2400.0, 2460.0, 2520.0, 2580.0, 2640.0, 2700.0, 2760.0, 2820.0, 2880.0, 2940.0, 3000.0]
/////////////////////////
PROCESSING:  TTM1200THBW
/////////////////////////
plotTreeName: Tprime2_BEST_Mass
Flavour: E #tag: isV_bWbW #algo: BEST
Weights: 1 * 1 * 1 * pileupWeight * 1 * lepIdSF * EGammaGsfSF * 1 * (MCWeight_singleLepCalc/abs(MCWeight_singleLepCalc)) * 0.000588139238259
Cuts: (leptonPt_singleLepCalc > 50) && (corr_met_singleLepCalc > 55) && (AK4HT > 480) && (minDR_lepJet > 0.4 || ptRel_lepJet > 40) && (NJetsAK8_JetSubCalc > 2) && (minDR_leadAK8otherAK8 < 3.0) && DataPastTrigger == 1 && isElectron==1
****************************************************************************************************
****************************************************************************************************
DISTRIBUTION: Tp2Mass
            -name in ljmet trees: Tprime2_ALGO_Mass
            -x-axis label is set to: ;M(T) [GeV])
            -using the binning as: [0.0, 60.0, 120.0, 180.0, 240.0, 300.0, 360.0, 420.0, 480.0, 540.0, 600.0, 660.0, 720.0, 780.0, 840.0, 900.0, 960.0, 1020.0, 1080.0, 1140.0, 1200.0, 1260.0, 1320.0, 1380.0, 1440.0, 1500.0, 1560.0, 1620.0, 1680.0, 1740.0, 1800.0, 1860.0, 1920.0, 1980.0, 2040.0, 2100.0, 2160.0, 2220.0, 2280.0, 2340.0, 2400.0, 2460.0, 2520.0, 2580.0, 2640.0, 2700.0, 2760.0, 2820.0, 2880.0, 2940.0, 3000.0]
/////////////////////////
PROCESSING:  TTM1200TZTH
/////////////////////////
plotTreeName: Tprime2_BEST_Mass
Flavour: E #tag: isV_bWbW #algo: BEST
Weights: 1 * 1 * 1 * pileupWeight * 1 * lepIdSF * EGammaGsfSF * 1 * (MCWeight_singleLepCalc/abs(MCWeight_singleLepCalc)) * 0.00029406961913
Cuts: (leptonPt_singleLepCalc > 50) && (corr_met_singleLepCalc > 55) && (AK4HT > 480) && (minDR_lepJet > 0.4 || ptRel_lepJet > 40) && (NJetsAK8_JetSubCalc > 2) && (minDR_leadAK8otherAK8 < 3.0) && DataPastTrigger == 1 && isElectron==1
****************************************************************************************************
****************************************************************************************************
DISTRIBUTION: Tp2Mass
            -name in ljmet trees: Tprime2_ALGO_Mass
            -x-axis label is set to: ;M(T) [GeV])
            -using the binning as: [0.0, 60.0, 120.0, 180.0, 240.0, 300.0, 360.0, 420.0, 480.0, 540.0, 600.0, 660.0, 720.0, 780.0, 840.0, 900.0, 960.0, 1020.0, 1080.0, 1140.0, 1200.0, 1260.0, 1320.0, 1380.0, 1440.0, 1500.0, 1560.0, 1620.0, 1680.0, 1740.0, 1800.0, 1860.0, 1920.0, 1980.0, 2040.0, 2100.0, 2160.0, 2220.0, 2280.0, 2340.0, 2400.0, 2460.0, 2520.0, 2580.0, 2640.0, 2700.0, 2760.0, 2820.0, 2880.0, 2940.0, 3000.0]
/////////////////////////
PROCESSING:  TTM1300BWBW
/////////////////////////
plotTreeName: Tprime2_BEST_Mass
Flavour: E #tag: isV_bWbW #algo: BEST
Weights: 1 * 1 * 1 * pileupWeight * 1 * lepIdSF * EGammaGsfSF * 1 * (MCWeight_singleLepCalc/abs(MCWeight_singleLepCalc)) * 0.00063821114509
Cuts: (leptonPt_singleLepCalc > 50) && (corr_met_singleLepCalc > 55) && (AK4HT > 480) && (minDR_lepJet > 0.4 || ptRel_lepJet > 40) && (NJetsAK8_JetSubCalc > 2) && (minDR_leadAK8otherAK8 < 3.0) && DataPastTrigger == 1 && isElectron==1
****************************************************************************************************
****************************************************************************************************
DISTRIBUTION: Tp2Mass
            -name in ljmet trees: Tprime2_ALGO_Mass
            -x-axis label is set to: ;M(T) [GeV])
            -using the binning as: [0.0, 60.0, 120.0, 180.0, 240.0, 300.0, 360.0, 420.0, 480.0, 540.0, 600.0, 660.0, 720.0, 780.0, 840.0, 900.0, 960.0, 1020.0, 1080.0, 1140.0, 1200.0, 1260.0, 1320.0, 1380.0, 1440.0, 1500.0, 1560.0, 1620.0, 1680.0, 1740.0, 1800.0, 1860.0, 1920.0, 1980.0, 2040.0, 2100.0, 2160.0, 2220.0, 2280.0, 2340.0, 2400.0, 2460.0, 2520.0, 2580.0, 2640.0, 2700.0, 2760.0, 2820.0, 2880.0, 2940.0, 3000.0]
/////////////////////////
PROCESSING:  TTM1300THTH
/////////////////////////
plotTreeName: Tprime2_BEST_Mass
Flavour: E #tag: isV_bWbW #algo: BEST
Weights: 1 * 1 * 1 * pileupWeight * 1 * lepIdSF * EGammaGsfSF * 1 * (MCWeight_singleLepCalc/abs(MCWeight_singleLepCalc)) * 0.000159552786272
Cuts: (leptonPt_singleLepCalc > 50) && (corr_met_singleLepCalc > 55) && (AK4HT > 480) && (minDR_lepJet > 0.4 || ptRel_lepJet > 40) && (NJetsAK8_JetSubCalc > 2) && (minDR_leadAK8otherAK8 < 3.0) && DataPastTrigger == 1 && isElectron==1
****************************************************************************************************
****************************************************************************************************
DISTRIBUTION: Tp2Mass
            -name in ljmet trees: Tprime2_ALGO_Mass
            -x-axis label is set to: ;M(T) [GeV])
            -using the binning as: [0.0, 60.0, 120.0, 180.0, 240.0, 300.0, 360.0, 420.0, 480.0, 540.0, 600.0, 660.0, 720.0, 780.0, 840.0, 900.0, 960.0, 1020.0, 1080.0, 1140.0, 1200.0, 1260.0, 1320.0, 1380.0, 1440.0, 1500.0, 1560.0, 1620.0, 1680.0, 1740.0, 1800.0, 1860.0, 1920.0, 1980.0, 2040.0, 2100.0, 2160.0, 2220.0, 2280.0, 2340.0, 2400.0, 2460.0, 2520.0, 2580.0, 2640.0, 2700.0, 2760.0, 2820.0, 2880.0, 2940.0, 3000.0]
/////////////////////////
PROCESSING:  TTM1300TZTZ
/////////////////////////
plotTreeName: Tprime2_BEST_Mass
Flavour: E #tag: isV_bWbW #algo: BEST
Weights: 1 * 1 * 1 * pileupWeight * 1 * lepIdSF * EGammaGsfSF * 1 * (MCWeight_singleLepCalc/abs(MCWeight_singleLepCalc)) * 0.000159552786272
Cuts: (leptonPt_singleLepCalc > 50) && (corr_met_singleLepCalc > 55) && (AK4HT > 480) && (minDR_lepJet > 0.4 || ptRel_lepJet > 40) && (NJetsAK8_JetSubCalc > 2) && (minDR_leadAK8otherAK8 < 3.0) && DataPastTrigger == 1 && isElectron==1
****************************************************************************************************
****************************************************************************************************
DISTRIBUTION: Tp2Mass
            -name in ljmet trees: Tprime2_ALGO_Mass
            -x-axis label is set to: ;M(T) [GeV])
            -using the binning as: [0.0, 60.0, 120.0, 180.0, 240.0, 300.0, 360.0, 420.0, 480.0, 540.0, 600.0, 660.0, 720.0, 780.0, 840.0, 900.0, 960.0, 1020.0, 1080.0, 1140.0, 1200.0, 1260.0, 1320.0, 1380.0, 1440.0, 1500.0, 1560.0, 1620.0, 1680.0, 1740.0, 1800.0, 1860.0, 1920.0, 1980.0, 2040.0, 2100.0, 2160.0, 2220.0, 2280.0, 2340.0, 2400.0, 2460.0, 2520.0, 2580.0, 2640.0, 2700.0, 2760.0, 2820.0, 2880.0, 2940.0, 3000.0]
/////////////////////////
PROCESSING:  TTM1300TZBW
/////////////////////////
plotTreeName: Tprime2_BEST_Mass
Flavour: E #tag: isV_bWbW #algo: BEST
Weights: 1 * 1 * 1 * pileupWeight * 1 * lepIdSF * EGammaGsfSF * 1 * (MCWeight_singleLepCalc/abs(MCWeight_singleLepCalc)) * 0.000319105572545
Cuts: (leptonPt_singleLepCalc > 50) && (corr_met_singleLepCalc > 55) && (AK4HT > 480) && (minDR_lepJet > 0.4 || ptRel_lepJet > 40) && (NJetsAK8_JetSubCalc > 2) && (minDR_leadAK8otherAK8 < 3.0) && DataPastTrigger == 1 && isElectron==1
****************************************************************************************************
****************************************************************************************************
DISTRIBUTION: Tp2Mass
            -name in ljmet trees: Tprime2_ALGO_Mass
            -x-axis label is set to: ;M(T) [GeV])
            -using the binning as: [0.0, 60.0, 120.0, 180.0, 240.0, 300.0, 360.0, 420.0, 480.0, 540.0, 600.0, 660.0, 720.0, 780.0, 840.0, 900.0, 960.0, 1020.0, 1080.0, 1140.0, 1200.0, 1260.0, 1320.0, 1380.0, 1440.0, 1500.0, 1560.0, 1620.0, 1680.0, 1740.0, 1800.0, 1860.0, 1920.0, 1980.0, 2040.0, 2100.0, 2160.0, 2220.0, 2280.0, 2340.0, 2400.0, 2460.0, 2520.0, 2580.0, 2640.0, 2700.0, 2760.0, 2820.0, 2880.0, 2940.0, 3000.0]
/////////////////////////
PROCESSING:  TTM1300THBW
/////////////////////////
plotTreeName: Tprime2_BEST_Mass
Flavour: E #tag: isV_bWbW #algo: BEST
Weights: 1 * 1 * 1 * pileupWeight * 1 * lepIdSF * EGammaGsfSF * 1 * (MCWeight_singleLepCalc/abs(MCWeight_singleLepCalc)) * 0.000319105572545
Cuts: (leptonPt_singleLepCalc > 50) && (corr_met_singleLepCalc > 55) && (AK4HT > 480) && (minDR_lepJet > 0.4 || ptRel_lepJet > 40) && (NJetsAK8_JetSubCalc > 2) && (minDR_leadAK8otherAK8 < 3.0) && DataPastTrigger == 1 && isElectron==1
****************************************************************************************************
****************************************************************************************************
DISTRIBUTION: Tp2Mass
            -name in ljmet trees: Tprime2_ALGO_Mass
            -x-axis label is set to: ;M(T) [GeV])
            -using the binning as: [0.0, 60.0, 120.0, 180.0, 240.0, 300.0, 360.0, 420.0, 480.0, 540.0, 600.0, 660.0, 720.0, 780.0, 840.0, 900.0, 960.0, 1020.0, 1080.0, 1140.0, 1200.0, 1260.0, 1320.0, 1380.0, 1440.0, 1500.0, 1560.0, 1620.0, 1680.0, 1740.0, 1800.0, 1860.0, 1920.0, 1980.0, 2040.0, 2100.0, 2160.0, 2220.0, 2280.0, 2340.0, 2400.0, 2460.0, 2520.0, 2580.0, 2640.0, 2700.0, 2760.0, 2820.0, 2880.0, 2940.0, 3000.0]
/////////////////////////
PROCESSING:  TTM1300TZTH
/////////////////////////
plotTreeName: Tprime2_BEST_Mass
Flavour: E #tag: isV_bWbW #algo: BEST
Weights: 1 * 1 * 1 * pileupWeight * 1 * lepIdSF * EGammaGsfSF * 1 * (MCWeight_singleLepCalc/abs(MCWeight_singleLepCalc)) * 0.000159552786272
Cuts: (leptonPt_singleLepCalc > 50) && (corr_met_singleLepCalc > 55) && (AK4HT > 480) && (minDR_lepJet > 0.4 || ptRel_lepJet > 40) && (NJetsAK8_JetSubCalc > 2) && (minDR_leadAK8otherAK8 < 3.0) && DataPastTrigger == 1 && isElectron==1
****************************************************************************************************
****************************************************************************************************
DISTRIBUTION: Tp2Mass
            -name in ljmet trees: Tprime2_ALGO_Mass
            -x-axis label is set to: ;M(T) [GeV])
            -using the binning as: [0.0, 60.0, 120.0, 180.0, 240.0, 300.0, 360.0, 420.0, 480.0, 540.0, 600.0, 660.0, 720.0, 780.0, 840.0, 900.0, 960.0, 1020.0, 1080.0, 1140.0, 1200.0, 1260.0, 1320.0, 1380.0, 1440.0, 1500.0, 1560.0, 1620.0, 1680.0, 1740.0, 1800.0, 1860.0, 1920.0, 1980.0, 2040.0, 2100.0, 2160.0, 2220.0, 2280.0, 2340.0, 2400.0, 2460.0, 2520.0, 2580.0, 2640.0, 2700.0, 2760.0, 2820.0, 2880.0, 2940.0, 3000.0]
/////////////////////////
PROCESSING:  TTM1400BWBW
/////////////////////////
plotTreeName: Tprime2_BEST_Mass
Flavour: E #tag: isV_bWbW #algo: BEST
Weights: 1 * 1 * 1 * pileupWeight * 1 * lepIdSF * EGammaGsfSF * 1 * (MCWeight_singleLepCalc/abs(MCWeight_singleLepCalc)) * 0.000352883542956
Cuts: (leptonPt_singleLepCalc > 50) && (corr_met_singleLepCalc > 55) && (AK4HT > 480) && (minDR_lepJet > 0.4 || ptRel_lepJet > 40) && (NJetsAK8_JetSubCalc > 2) && (minDR_leadAK8otherAK8 < 3.0) && DataPastTrigger == 1 && isElectron==1
****************************************************************************************************
****************************************************************************************************
DISTRIBUTION: Tp2Mass
            -name in ljmet trees: Tprime2_ALGO_Mass
            -x-axis label is set to: ;M(T) [GeV])
            -using the binning as: [0.0, 60.0, 120.0, 180.0, 240.0, 300.0, 360.0, 420.0, 480.0, 540.0, 600.0, 660.0, 720.0, 780.0, 840.0, 900.0, 960.0, 1020.0, 1080.0, 1140.0, 1200.0, 1260.0, 1320.0, 1380.0, 1440.0, 1500.0, 1560.0, 1620.0, 1680.0, 1740.0, 1800.0, 1860.0, 1920.0, 1980.0, 2040.0, 2100.0, 2160.0, 2220.0, 2280.0, 2340.0, 2400.0, 2460.0, 2520.0, 2580.0, 2640.0, 2700.0, 2760.0, 2820.0, 2880.0, 2940.0, 3000.0]
/////////////////////////
PROCESSING:  TTM1400THTH
/////////////////////////
plotTreeName: Tprime2_BEST_Mass
Flavour: E #tag: isV_bWbW #algo: BEST
Weights: 1 * 1 * 1 * pileupWeight * 1 * lepIdSF * EGammaGsfSF * 1 * (MCWeight_singleLepCalc/abs(MCWeight_singleLepCalc)) * 8.82208857389e-05
Cuts: (leptonPt_singleLepCalc > 50) && (corr_met_singleLepCalc > 55) && (AK4HT > 480) && (minDR_lepJet > 0.4 || ptRel_lepJet > 40) && (NJetsAK8_JetSubCalc > 2) && (minDR_leadAK8otherAK8 < 3.0) && DataPastTrigger == 1 && isElectron==1
****************************************************************************************************
****************************************************************************************************
DISTRIBUTION: Tp2Mass
            -name in ljmet trees: Tprime2_ALGO_Mass
            -x-axis label is set to: ;M(T) [GeV])
            -using the binning as: [0.0, 60.0, 120.0, 180.0, 240.0, 300.0, 360.0, 420.0, 480.0, 540.0, 600.0, 660.0, 720.0, 780.0, 840.0, 900.0, 960.0, 1020.0, 1080.0, 1140.0, 1200.0, 1260.0, 1320.0, 1380.0, 1440.0, 1500.0, 1560.0, 1620.0, 1680.0, 1740.0, 1800.0, 1860.0, 1920.0, 1980.0, 2040.0, 2100.0, 2160.0, 2220.0, 2280.0, 2340.0, 2400.0, 2460.0, 2520.0, 2580.0, 2640.0, 2700.0, 2760.0, 2820.0, 2880.0, 2940.0, 3000.0]
/////////////////////////
PROCESSING:  TTM1400TZTZ
/////////////////////////
plotTreeName: Tprime2_BEST_Mass
Flavour: E #tag: isV_bWbW #algo: BEST
Weights: 1 * 1 * 1 * pileupWeight * 1 * lepIdSF * EGammaGsfSF * 1 * (MCWeight_singleLepCalc/abs(MCWeight_singleLepCalc)) * 8.82208857389e-05
Cuts: (leptonPt_singleLepCalc > 50) && (corr_met_singleLepCalc > 55) && (AK4HT > 480) && (minDR_lepJet > 0.4 || ptRel_lepJet > 40) && (NJetsAK8_JetSubCalc > 2) && (minDR_leadAK8otherAK8 < 3.0) && DataPastTrigger == 1 && isElectron==1
****************************************************************************************************
****************************************************************************************************
DISTRIBUTION: Tp2Mass
            -name in ljmet trees: Tprime2_ALGO_Mass
            -x-axis label is set to: ;M(T) [GeV])
            -using the binning as: [0.0, 60.0, 120.0, 180.0, 240.0, 300.0, 360.0, 420.0, 480.0, 540.0, 600.0, 660.0, 720.0, 780.0, 840.0, 900.0, 960.0, 1020.0, 1080.0, 1140.0, 1200.0, 1260.0, 1320.0, 1380.0, 1440.0, 1500.0, 1560.0, 1620.0, 1680.0, 1740.0, 1800.0, 1860.0, 1920.0, 1980.0, 2040.0, 2100.0, 2160.0, 2220.0, 2280.0, 2340.0, 2400.0, 2460.0, 2520.0, 2580.0, 2640.0, 2700.0, 2760.0, 2820.0, 2880.0, 2940.0, 3000.0]
/////////////////////////
PROCESSING:  TTM1400TZBW
/////////////////////////
plotTreeName: Tprime2_BEST_Mass
Flavour: E #tag: isV_bWbW #algo: BEST
Weights: 1 * 1 * 1 * pileupWeight * 1 * lepIdSF * EGammaGsfSF * 1 * (MCWeight_singleLepCalc/abs(MCWeight_singleLepCalc)) * 0.000176441771478
Cuts: (leptonPt_singleLepCalc > 50) && (corr_met_singleLepCalc > 55) && (AK4HT > 480) && (minDR_lepJet > 0.4 || ptRel_lepJet > 40) && (NJetsAK8_JetSubCalc > 2) && (minDR_leadAK8otherAK8 < 3.0) && DataPastTrigger == 1 && isElectron==1
****************************************************************************************************
****************************************************************************************************
DISTRIBUTION: Tp2Mass
            -name in ljmet trees: Tprime2_ALGO_Mass
            -x-axis label is set to: ;M(T) [GeV])
            -using the binning as: [0.0, 60.0, 120.0, 180.0, 240.0, 300.0, 360.0, 420.0, 480.0, 540.0, 600.0, 660.0, 720.0, 780.0, 840.0, 900.0, 960.0, 1020.0, 1080.0, 1140.0, 1200.0, 1260.0, 1320.0, 1380.0, 1440.0, 1500.0, 1560.0, 1620.0, 1680.0, 1740.0, 1800.0, 1860.0, 1920.0, 1980.0, 2040.0, 2100.0, 2160.0, 2220.0, 2280.0, 2340.0, 2400.0, 2460.0, 2520.0, 2580.0, 2640.0, 2700.0, 2760.0, 2820.0, 2880.0, 2940.0, 3000.0]
/////////////////////////
PROCESSING:  TTM1400THBW
/////////////////////////
plotTreeName: Tprime2_BEST_Mass
Flavour: E #tag: isV_bWbW #algo: BEST
Weights: 1 * 1 * 1 * pileupWeight * 1 * lepIdSF * EGammaGsfSF * 1 * (MCWeight_singleLepCalc/abs(MCWeight_singleLepCalc)) * 0.000176441771478
Cuts: (leptonPt_singleLepCalc > 50) && (corr_met_singleLepCalc > 55) && (AK4HT > 480) && (minDR_lepJet > 0.4 || ptRel_lepJet > 40) && (NJetsAK8_JetSubCalc > 2) && (minDR_leadAK8otherAK8 < 3.0) && DataPastTrigger == 1 && isElectron==1
****************************************************************************************************
****************************************************************************************************
DISTRIBUTION: Tp2Mass
            -name in ljmet trees: Tprime2_ALGO_Mass
            -x-axis label is set to: ;M(T) [GeV])
            -using the binning as: [0.0, 60.0, 120.0, 180.0, 240.0, 300.0, 360.0, 420.0, 480.0, 540.0, 600.0, 660.0, 720.0, 780.0, 840.0, 900.0, 960.0, 1020.0, 1080.0, 1140.0, 1200.0, 1260.0, 1320.0, 1380.0, 1440.0, 1500.0, 1560.0, 1620.0, 1680.0, 1740.0, 1800.0, 1860.0, 1920.0, 1980.0, 2040.0, 2100.0, 2160.0, 2220.0, 2280.0, 2340.0, 2400.0, 2460.0, 2520.0, 2580.0, 2640.0, 2700.0, 2760.0, 2820.0, 2880.0, 2940.0, 3000.0]
/////////////////////////
PROCESSING:  TTM1400TZTH
/////////////////////////
plotTreeName: Tprime2_BEST_Mass
Flavour: E #tag: isV_bWbW #algo: BEST
Weights: 1 * 1 * 1 * pileupWeight * 1 * lepIdSF * EGammaGsfSF * 1 * (MCWeight_singleLepCalc/abs(MCWeight_singleLepCalc)) * 8.82208857389e-05
Cuts: (leptonPt_singleLepCalc > 50) && (corr_met_singleLepCalc > 55) && (AK4HT > 480) && (minDR_lepJet > 0.4 || ptRel_lepJet > 40) && (NJetsAK8_JetSubCalc > 2) && (minDR_leadAK8otherAK8 < 3.0) && DataPastTrigger == 1 && isElectron==1
****************************************************************************************************
****************************************************************************************************
DISTRIBUTION: Tp2Mass
            -name in ljmet trees: Tprime2_ALGO_Mass
            -x-axis label is set to: ;M(T) [GeV])
            -using the binning as: [0.0, 60.0, 120.0, 180.0, 240.0, 300.0, 360.0, 420.0, 480.0, 540.0, 600.0, 660.0, 720.0, 780.0, 840.0, 900.0, 960.0, 1020.0, 1080.0, 1140.0, 1200.0, 1260.0, 1320.0, 1380.0, 1440.0, 1500.0, 1560.0, 1620.0, 1680.0, 1740.0, 1800.0, 1860.0, 1920.0, 1980.0, 2040.0, 2100.0, 2160.0, 2220.0, 2280.0, 2340.0, 2400.0, 2460.0, 2520.0, 2580.0, 2640.0, 2700.0, 2760.0, 2820.0, 2880.0, 2940.0, 3000.0]
/////////////////////////
PROCESSING:  TTM1500BWBW
/////////////////////////
plotTreeName: Tprime2_BEST_Mass
Flavour: E #tag: isV_bWbW #algo: BEST
Weights: 1 * 1 * 1 * pileupWeight * 1 * lepIdSF * EGammaGsfSF * 1 * (MCWeight_singleLepCalc/abs(MCWeight_singleLepCalc)) * 0.00019932135405
Cuts: (leptonPt_singleLepCalc > 50) && (corr_met_singleLepCalc > 55) && (AK4HT > 480) && (minDR_lepJet > 0.4 || ptRel_lepJet > 40) && (NJetsAK8_JetSubCalc > 2) && (minDR_leadAK8otherAK8 < 3.0) && DataPastTrigger == 1 && isElectron==1
****************************************************************************************************
****************************************************************************************************
DISTRIBUTION: Tp2Mass
            -name in ljmet trees: Tprime2_ALGO_Mass
            -x-axis label is set to: ;M(T) [GeV])
            -using the binning as: [0.0, 60.0, 120.0, 180.0, 240.0, 300.0, 360.0, 420.0, 480.0, 540.0, 600.0, 660.0, 720.0, 780.0, 840.0, 900.0, 960.0, 1020.0, 1080.0, 1140.0, 1200.0, 1260.0, 1320.0, 1380.0, 1440.0, 1500.0, 1560.0, 1620.0, 1680.0, 1740.0, 1800.0, 1860.0, 1920.0, 1980.0, 2040.0, 2100.0, 2160.0, 2220.0, 2280.0, 2340.0, 2400.0, 2460.0, 2520.0, 2580.0, 2640.0, 2700.0, 2760.0, 2820.0, 2880.0, 2940.0, 3000.0]
/////////////////////////
PROCESSING:  TTM1500THTH
/////////////////////////
plotTreeName: Tprime2_BEST_Mass
Flavour: E #tag: isV_bWbW #algo: BEST
Weights: 1 * 1 * 1 * pileupWeight * 1 * lepIdSF * EGammaGsfSF * 1 * (MCWeight_singleLepCalc/abs(MCWeight_singleLepCalc)) * 4.98303385124e-05
Cuts: (leptonPt_singleLepCalc > 50) && (corr_met_singleLepCalc > 55) && (AK4HT > 480) && (minDR_lepJet > 0.4 || ptRel_lepJet > 40) && (NJetsAK8_JetSubCalc > 2) && (minDR_leadAK8otherAK8 < 3.0) && DataPastTrigger == 1 && isElectron==1
****************************************************************************************************
****************************************************************************************************
DISTRIBUTION: Tp2Mass
            -name in ljmet trees: Tprime2_ALGO_Mass
            -x-axis label is set to: ;M(T) [GeV])
            -using the binning as: [0.0, 60.0, 120.0, 180.0, 240.0, 300.0, 360.0, 420.0, 480.0, 540.0, 600.0, 660.0, 720.0, 780.0, 840.0, 900.0, 960.0, 1020.0, 1080.0, 1140.0, 1200.0, 1260.0, 1320.0, 1380.0, 1440.0, 1500.0, 1560.0, 1620.0, 1680.0, 1740.0, 1800.0, 1860.0, 1920.0, 1980.0, 2040.0, 2100.0, 2160.0, 2220.0, 2280.0, 2340.0, 2400.0, 2460.0, 2520.0, 2580.0, 2640.0, 2700.0, 2760.0, 2820.0, 2880.0, 2940.0, 3000.0]
/////////////////////////
PROCESSING:  TTM1500TZTZ
/////////////////////////
plotTreeName: Tprime2_BEST_Mass
Flavour: E #tag: isV_bWbW #algo: BEST
Weights: 1 * 1 * 1 * pileupWeight * 1 * lepIdSF * EGammaGsfSF * 1 * (MCWeight_singleLepCalc/abs(MCWeight_singleLepCalc)) * 4.98303385124e-05
Cuts: (leptonPt_singleLepCalc > 50) && (corr_met_singleLepCalc > 55) && (AK4HT > 480) && (minDR_lepJet > 0.4 || ptRel_lepJet > 40) && (NJetsAK8_JetSubCalc > 2) && (minDR_leadAK8otherAK8 < 3.0) && DataPastTrigger == 1 && isElectron==1
****************************************************************************************************
****************************************************************************************************
DISTRIBUTION: Tp2Mass
            -name in ljmet trees: Tprime2_ALGO_Mass
            -x-axis label is set to: ;M(T) [GeV])
            -using the binning as: [0.0, 60.0, 120.0, 180.0, 240.0, 300.0, 360.0, 420.0, 480.0, 540.0, 600.0, 660.0, 720.0, 780.0, 840.0, 900.0, 960.0, 1020.0, 1080.0, 1140.0, 1200.0, 1260.0, 1320.0, 1380.0, 1440.0, 1500.0, 1560.0, 1620.0, 1680.0, 1740.0, 1800.0, 1860.0, 1920.0, 1980.0, 2040.0, 2100.0, 2160.0, 2220.0, 2280.0, 2340.0, 2400.0, 2460.0, 2520.0, 2580.0, 2640.0, 2700.0, 2760.0, 2820.0, 2880.0, 2940.0, 3000.0]
/////////////////////////
PROCESSING:  TTM1500TZBW
/////////////////////////
plotTreeName: Tprime2_BEST_Mass
Flavour: E #tag: isV_bWbW #algo: BEST
Weights: 1 * 1 * 1 * pileupWeight * 1 * lepIdSF * EGammaGsfSF * 1 * (MCWeight_singleLepCalc/abs(MCWeight_singleLepCalc)) * 9.96606770248e-05
Cuts: (leptonPt_singleLepCalc > 50) && (corr_met_singleLepCalc > 55) && (AK4HT > 480) && (minDR_lepJet > 0.4 || ptRel_lepJet > 40) && (NJetsAK8_JetSubCalc > 2) && (minDR_leadAK8otherAK8 < 3.0) && DataPastTrigger == 1 && isElectron==1
****************************************************************************************************
****************************************************************************************************
DISTRIBUTION: Tp2Mass
            -name in ljmet trees: Tprime2_ALGO_Mass
            -x-axis label is set to: ;M(T) [GeV])
            -using the binning as: [0.0, 60.0, 120.0, 180.0, 240.0, 300.0, 360.0, 420.0, 480.0, 540.0, 600.0, 660.0, 720.0, 780.0, 840.0, 900.0, 960.0, 1020.0, 1080.0, 1140.0, 1200.0, 1260.0, 1320.0, 1380.0, 1440.0, 1500.0, 1560.0, 1620.0, 1680.0, 1740.0, 1800.0, 1860.0, 1920.0, 1980.0, 2040.0, 2100.0, 2160.0, 2220.0, 2280.0, 2340.0, 2400.0, 2460.0, 2520.0, 2580.0, 2640.0, 2700.0, 2760.0, 2820.0, 2880.0, 2940.0, 3000.0]
/////////////////////////
PROCESSING:  TTM1500THBW
/////////////////////////
plotTreeName: Tprime2_BEST_Mass
Flavour: E #tag: isV_bWbW #algo: BEST
Weights: 1 * 1 * 1 * pileupWeight * 1 * lepIdSF * EGammaGsfSF * 1 * (MCWeight_singleLepCalc/abs(MCWeight_singleLepCalc)) * 9.96606770248e-05
Cuts: (leptonPt_singleLepCalc > 50) && (corr_met_singleLepCalc > 55) && (AK4HT > 480) && (minDR_lepJet > 0.4 || ptRel_lepJet > 40) && (NJetsAK8_JetSubCalc > 2) && (minDR_leadAK8otherAK8 < 3.0) && DataPastTrigger == 1 && isElectron==1
****************************************************************************************************
****************************************************************************************************
DISTRIBUTION: Tp2Mass
            -name in ljmet trees: Tprime2_ALGO_Mass
            -x-axis label is set to: ;M(T) [GeV])
            -using the binning as: [0.0, 60.0, 120.0, 180.0, 240.0, 300.0, 360.0, 420.0, 480.0, 540.0, 600.0, 660.0, 720.0, 780.0, 840.0, 900.0, 960.0, 1020.0, 1080.0, 1140.0, 1200.0, 1260.0, 1320.0, 1380.0, 1440.0, 1500.0, 1560.0, 1620.0, 1680.0, 1740.0, 1800.0, 1860.0, 1920.0, 1980.0, 2040.0, 2100.0, 2160.0, 2220.0, 2280.0, 2340.0, 2400.0, 2460.0, 2520.0, 2580.0, 2640.0, 2700.0, 2760.0, 2820.0, 2880.0, 2940.0, 3000.0]
/////////////////////////
PROCESSING:  TTM1500TZTH
/////////////////////////
plotTreeName: Tprime2_BEST_Mass
Flavour: E #tag: isV_bWbW #algo: BEST
Weights: 1 * 1 * 1 * pileupWeight * 1 * lepIdSF * EGammaGsfSF * 1 * (MCWeight_singleLepCalc/abs(MCWeight_singleLepCalc)) * 4.98303385124e-05
Cuts: (leptonPt_singleLepCalc > 50) && (corr_met_singleLepCalc > 55) && (AK4HT > 480) && (minDR_lepJet > 0.4 || ptRel_lepJet > 40) && (NJetsAK8_JetSubCalc > 2) && (minDR_leadAK8otherAK8 < 3.0) && DataPastTrigger == 1 && isElectron==1
****************************************************************************************************
****************************************************************************************************
DISTRIBUTION: Tp2Mass
            -name in ljmet trees: Tprime2_ALGO_Mass
            -x-axis label is set to: ;M(T) [GeV])
            -using the binning as: [0.0, 60.0, 120.0, 180.0, 240.0, 300.0, 360.0, 420.0, 480.0, 540.0, 600.0, 660.0, 720.0, 780.0, 840.0, 900.0, 960.0, 1020.0, 1080.0, 1140.0, 1200.0, 1260.0, 1320.0, 1380.0, 1440.0, 1500.0, 1560.0, 1620.0, 1680.0, 1740.0, 1800.0, 1860.0, 1920.0, 1980.0, 2040.0, 2100.0, 2160.0, 2220.0, 2280.0, 2340.0, 2400.0, 2460.0, 2520.0, 2580.0, 2640.0, 2700.0, 2760.0, 2820.0, 2880.0, 2940.0, 3000.0]
/////////////////////////
PROCESSING:  TTM1600BWBW
/////////////////////////
plotTreeName: Tprime2_BEST_Mass
Flavour: E #tag: isV_bWbW #algo: BEST
Weights: 1 * 1 * 1 * pileupWeight * 1 * lepIdSF * EGammaGsfSF * 1 * (MCWeight_singleLepCalc/abs(MCWeight_singleLepCalc)) * 0.000114437939919
Cuts: (leptonPt_singleLepCalc > 50) && (corr_met_singleLepCalc > 55) && (AK4HT > 480) && (minDR_lepJet > 0.4 || ptRel_lepJet > 40) && (NJetsAK8_JetSubCalc > 2) && (minDR_leadAK8otherAK8 < 3.0) && DataPastTrigger == 1 && isElectron==1
****************************************************************************************************
****************************************************************************************************
DISTRIBUTION: Tp2Mass
            -name in ljmet trees: Tprime2_ALGO_Mass
            -x-axis label is set to: ;M(T) [GeV])
            -using the binning as: [0.0, 60.0, 120.0, 180.0, 240.0, 300.0, 360.0, 420.0, 480.0, 540.0, 600.0, 660.0, 720.0, 780.0, 840.0, 900.0, 960.0, 1020.0, 1080.0, 1140.0, 1200.0, 1260.0, 1320.0, 1380.0, 1440.0, 1500.0, 1560.0, 1620.0, 1680.0, 1740.0, 1800.0, 1860.0, 1920.0, 1980.0, 2040.0, 2100.0, 2160.0, 2220.0, 2280.0, 2340.0, 2400.0, 2460.0, 2520.0, 2580.0, 2640.0, 2700.0, 2760.0, 2820.0, 2880.0, 2940.0, 3000.0]
/////////////////////////
PROCESSING:  TTM1600THTH
/////////////////////////
plotTreeName: Tprime2_BEST_Mass
Flavour: E #tag: isV_bWbW #algo: BEST
Weights: 1 * 1 * 1 * pileupWeight * 1 * lepIdSF * EGammaGsfSF * 1 * (MCWeight_singleLepCalc/abs(MCWeight_singleLepCalc)) * 2.86094849797e-05
Cuts: (leptonPt_singleLepCalc > 50) && (corr_met_singleLepCalc > 55) && (AK4HT > 480) && (minDR_lepJet > 0.4 || ptRel_lepJet > 40) && (NJetsAK8_JetSubCalc > 2) && (minDR_leadAK8otherAK8 < 3.0) && DataPastTrigger == 1 && isElectron==1
****************************************************************************************************
****************************************************************************************************
DISTRIBUTION: Tp2Mass
            -name in ljmet trees: Tprime2_ALGO_Mass
            -x-axis label is set to: ;M(T) [GeV])
            -using the binning as: [0.0, 60.0, 120.0, 180.0, 240.0, 300.0, 360.0, 420.0, 480.0, 540.0, 600.0, 660.0, 720.0, 780.0, 840.0, 900.0, 960.0, 1020.0, 1080.0, 1140.0, 1200.0, 1260.0, 1320.0, 1380.0, 1440.0, 1500.0, 1560.0, 1620.0, 1680.0, 1740.0, 1800.0, 1860.0, 1920.0, 1980.0, 2040.0, 2100.0, 2160.0, 2220.0, 2280.0, 2340.0, 2400.0, 2460.0, 2520.0, 2580.0, 2640.0, 2700.0, 2760.0, 2820.0, 2880.0, 2940.0, 3000.0]
/////////////////////////
PROCESSING:  TTM1600TZTZ
/////////////////////////
plotTreeName: Tprime2_BEST_Mass
Flavour: E #tag: isV_bWbW #algo: BEST
Weights: 1 * 1 * 1 * pileupWeight * 1 * lepIdSF * EGammaGsfSF * 1 * (MCWeight_singleLepCalc/abs(MCWeight_singleLepCalc)) * 2.86094849797e-05
Cuts: (leptonPt_singleLepCalc > 50) && (corr_met_singleLepCalc > 55) && (AK4HT > 480) && (minDR_lepJet > 0.4 || ptRel_lepJet > 40) && (NJetsAK8_JetSubCalc > 2) && (minDR_leadAK8otherAK8 < 3.0) && DataPastTrigger == 1 && isElectron==1
****************************************************************************************************
****************************************************************************************************
DISTRIBUTION: Tp2Mass
            -name in ljmet trees: Tprime2_ALGO_Mass
            -x-axis label is set to: ;M(T) [GeV])
            -using the binning as: [0.0, 60.0, 120.0, 180.0, 240.0, 300.0, 360.0, 420.0, 480.0, 540.0, 600.0, 660.0, 720.0, 780.0, 840.0, 900.0, 960.0, 1020.0, 1080.0, 1140.0, 1200.0, 1260.0, 1320.0, 1380.0, 1440.0, 1500.0, 1560.0, 1620.0, 1680.0, 1740.0, 1800.0, 1860.0, 1920.0, 1980.0, 2040.0, 2100.0, 2160.0, 2220.0, 2280.0, 2340.0, 2400.0, 2460.0, 2520.0, 2580.0, 2640.0, 2700.0, 2760.0, 2820.0, 2880.0, 2940.0, 3000.0]
/////////////////////////
PROCESSING:  TTM1600TZBW
/////////////////////////
plotTreeName: Tprime2_BEST_Mass
Flavour: E #tag: isV_bWbW #algo: BEST
Weights: 1 * 1 * 1 * pileupWeight * 1 * lepIdSF * EGammaGsfSF * 1 * (MCWeight_singleLepCalc/abs(MCWeight_singleLepCalc)) * 5.72189699595e-05
Cuts: (leptonPt_singleLepCalc > 50) && (corr_met_singleLepCalc > 55) && (AK4HT > 480) && (minDR_lepJet > 0.4 || ptRel_lepJet > 40) && (NJetsAK8_JetSubCalc > 2) && (minDR_leadAK8otherAK8 < 3.0) && DataPastTrigger == 1 && isElectron==1
****************************************************************************************************
****************************************************************************************************
DISTRIBUTION: Tp2Mass
            -name in ljmet trees: Tprime2_ALGO_Mass
            -x-axis label is set to: ;M(T) [GeV])
            -using the binning as: [0.0, 60.0, 120.0, 180.0, 240.0, 300.0, 360.0, 420.0, 480.0, 540.0, 600.0, 660.0, 720.0, 780.0, 840.0, 900.0, 960.0, 1020.0, 1080.0, 1140.0, 1200.0, 1260.0, 1320.0, 1380.0, 1440.0, 1500.0, 1560.0, 1620.0, 1680.0, 1740.0, 1800.0, 1860.0, 1920.0, 1980.0, 2040.0, 2100.0, 2160.0, 2220.0, 2280.0, 2340.0, 2400.0, 2460.0, 2520.0, 2580.0, 2640.0, 2700.0, 2760.0, 2820.0, 2880.0, 2940.0, 3000.0]
/////////////////////////
PROCESSING:  TTM1600THBW
/////////////////////////
plotTreeName: Tprime2_BEST_Mass
Flavour: E #tag: isV_bWbW #algo: BEST
Weights: 1 * 1 * 1 * pileupWeight * 1 * lepIdSF * EGammaGsfSF * 1 * (MCWeight_singleLepCalc/abs(MCWeight_singleLepCalc)) * 5.72189699595e-05
Cuts: (leptonPt_singleLepCalc > 50) && (corr_met_singleLepCalc > 55) && (AK4HT > 480) && (minDR_lepJet > 0.4 || ptRel_lepJet > 40) && (NJetsAK8_JetSubCalc > 2) && (minDR_leadAK8otherAK8 < 3.0) && DataPastTrigger == 1 && isElectron==1
****************************************************************************************************
****************************************************************************************************
DISTRIBUTION: Tp2Mass
            -name in ljmet trees: Tprime2_ALGO_Mass
            -x-axis label is set to: ;M(T) [GeV])
            -using the binning as: [0.0, 60.0, 120.0, 180.0, 240.0, 300.0, 360.0, 420.0, 480.0, 540.0, 600.0, 660.0, 720.0, 780.0, 840.0, 900.0, 960.0, 1020.0, 1080.0, 1140.0, 1200.0, 1260.0, 1320.0, 1380.0, 1440.0, 1500.0, 1560.0, 1620.0, 1680.0, 1740.0, 1800.0, 1860.0, 1920.0, 1980.0, 2040.0, 2100.0, 2160.0, 2220.0, 2280.0, 2340.0, 2400.0, 2460.0, 2520.0, 2580.0, 2640.0, 2700.0, 2760.0, 2820.0, 2880.0, 2940.0, 3000.0]
/////////////////////////
PROCESSING:  TTM1600TZTH
/////////////////////////
plotTreeName: Tprime2_BEST_Mass
Flavour: E #tag: isV_bWbW #algo: BEST
Weights: 1 * 1 * 1 * pileupWeight * 1 * lepIdSF * EGammaGsfSF * 1 * (MCWeight_singleLepCalc/abs(MCWeight_singleLepCalc)) * 2.86094849797e-05
Cuts: (leptonPt_singleLepCalc > 50) && (corr_met_singleLepCalc > 55) && (AK4HT > 480) && (minDR_lepJet > 0.4 || ptRel_lepJet > 40) && (NJetsAK8_JetSubCalc > 2) && (minDR_leadAK8otherAK8 < 3.0) && DataPastTrigger == 1 && isElectron==1
****************************************************************************************************
****************************************************************************************************
DISTRIBUTION: Tp2Mass
            -name in ljmet trees: Tprime2_ALGO_Mass
            -x-axis label is set to: ;M(T) [GeV])
            -using the binning as: [0.0, 60.0, 120.0, 180.0, 240.0, 300.0, 360.0, 420.0, 480.0, 540.0, 600.0, 660.0, 720.0, 780.0, 840.0, 900.0, 960.0, 1020.0, 1080.0, 1140.0, 1200.0, 1260.0, 1320.0, 1380.0, 1440.0, 1500.0, 1560.0, 1620.0, 1680.0, 1740.0, 1800.0, 1860.0, 1920.0, 1980.0, 2040.0, 2100.0, 2160.0, 2220.0, 2280.0, 2340.0, 2400.0, 2460.0, 2520.0, 2580.0, 2640.0, 2700.0, 2760.0, 2820.0, 2880.0, 2940.0, 3000.0]
/////////////////////////
PROCESSING:  TTM1700BWBW
/////////////////////////
plotTreeName: Tprime2_BEST_Mass
Flavour: E #tag: isV_bWbW #algo: BEST
Weights: 1 * 1 * 1 * pileupWeight * 1 * lepIdSF * EGammaGsfSF * 1 * (MCWeight_singleLepCalc/abs(MCWeight_singleLepCalc)) * 6.93554282011e-05
Cuts: (leptonPt_singleLepCalc > 50) && (corr_met_singleLepCalc > 55) && (AK4HT > 480) && (minDR_lepJet > 0.4 || ptRel_lepJet > 40) && (NJetsAK8_JetSubCalc > 2) && (minDR_leadAK8otherAK8 < 3.0) && DataPastTrigger == 1 && isElectron==1
****************************************************************************************************
****************************************************************************************************
DISTRIBUTION: Tp2Mass
            -name in ljmet trees: Tprime2_ALGO_Mass
            -x-axis label is set to: ;M(T) [GeV])
            -using the binning as: [0.0, 60.0, 120.0, 180.0, 240.0, 300.0, 360.0, 420.0, 480.0, 540.0, 600.0, 660.0, 720.0, 780.0, 840.0, 900.0, 960.0, 1020.0, 1080.0, 1140.0, 1200.0, 1260.0, 1320.0, 1380.0, 1440.0, 1500.0, 1560.0, 1620.0, 1680.0, 1740.0, 1800.0, 1860.0, 1920.0, 1980.0, 2040.0, 2100.0, 2160.0, 2220.0, 2280.0, 2340.0, 2400.0, 2460.0, 2520.0, 2580.0, 2640.0, 2700.0, 2760.0, 2820.0, 2880.0, 2940.0, 3000.0]
/////////////////////////
PROCESSING:  TTM1700THTH
/////////////////////////
plotTreeName: Tprime2_BEST_Mass
Flavour: E #tag: isV_bWbW #algo: BEST
Weights: 1 * 1 * 1 * pileupWeight * 1 * lepIdSF * EGammaGsfSF * 1 * (MCWeight_singleLepCalc/abs(MCWeight_singleLepCalc)) * 1.73388570503e-05
Cuts: (leptonPt_singleLepCalc > 50) && (corr_met_singleLepCalc > 55) && (AK4HT > 480) && (minDR_lepJet > 0.4 || ptRel_lepJet > 40) && (NJetsAK8_JetSubCalc > 2) && (minDR_leadAK8otherAK8 < 3.0) && DataPastTrigger == 1 && isElectron==1
****************************************************************************************************
****************************************************************************************************
DISTRIBUTION: Tp2Mass
            -name in ljmet trees: Tprime2_ALGO_Mass
            -x-axis label is set to: ;M(T) [GeV])
            -using the binning as: [0.0, 60.0, 120.0, 180.0, 240.0, 300.0, 360.0, 420.0, 480.0, 540.0, 600.0, 660.0, 720.0, 780.0, 840.0, 900.0, 960.0, 1020.0, 1080.0, 1140.0, 1200.0, 1260.0, 1320.0, 1380.0, 1440.0, 1500.0, 1560.0, 1620.0, 1680.0, 1740.0, 1800.0, 1860.0, 1920.0, 1980.0, 2040.0, 2100.0, 2160.0, 2220.0, 2280.0, 2340.0, 2400.0, 2460.0, 2520.0, 2580.0, 2640.0, 2700.0, 2760.0, 2820.0, 2880.0, 2940.0, 3000.0]
/////////////////////////
PROCESSING:  TTM1700TZTZ
/////////////////////////
plotTreeName: Tprime2_BEST_Mass
Flavour: E #tag: isV_bWbW #algo: BEST
Weights: 1 * 1 * 1 * pileupWeight * 1 * lepIdSF * EGammaGsfSF * 1 * (MCWeight_singleLepCalc/abs(MCWeight_singleLepCalc)) * 1.73388570503e-05
Cuts: (leptonPt_singleLepCalc > 50) && (corr_met_singleLepCalc > 55) && (AK4HT > 480) && (minDR_lepJet > 0.4 || ptRel_lepJet > 40) && (NJetsAK8_JetSubCalc > 2) && (minDR_leadAK8otherAK8 < 3.0) && DataPastTrigger == 1 && isElectron==1
****************************************************************************************************
****************************************************************************************************
DISTRIBUTION: Tp2Mass
            -name in ljmet trees: Tprime2_ALGO_Mass
            -x-axis label is set to: ;M(T) [GeV])
            -using the binning as: [0.0, 60.0, 120.0, 180.0, 240.0, 300.0, 360.0, 420.0, 480.0, 540.0, 600.0, 660.0, 720.0, 780.0, 840.0, 900.0, 960.0, 1020.0, 1080.0, 1140.0, 1200.0, 1260.0, 1320.0, 1380.0, 1440.0, 1500.0, 1560.0, 1620.0, 1680.0, 1740.0, 1800.0, 1860.0, 1920.0, 1980.0, 2040.0, 2100.0, 2160.0, 2220.0, 2280.0, 2340.0, 2400.0, 2460.0, 2520.0, 2580.0, 2640.0, 2700.0, 2760.0, 2820.0, 2880.0, 2940.0, 3000.0]
/////////////////////////
PROCESSING:  TTM1700TZBW
/////////////////////////
plotTreeName: Tprime2_BEST_Mass
Flavour: E #tag: isV_bWbW #algo: BEST
Weights: 1 * 1 * 1 * pileupWeight * 1 * lepIdSF * EGammaGsfSF * 1 * (MCWeight_singleLepCalc/abs(MCWeight_singleLepCalc)) * 3.46777141005e-05
Cuts: (leptonPt_singleLepCalc > 50) && (corr_met_singleLepCalc > 55) && (AK4HT > 480) && (minDR_lepJet > 0.4 || ptRel_lepJet > 40) && (NJetsAK8_JetSubCalc > 2) && (minDR_leadAK8otherAK8 < 3.0) && DataPastTrigger == 1 && isElectron==1
****************************************************************************************************
****************************************************************************************************
DISTRIBUTION: Tp2Mass
            -name in ljmet trees: Tprime2_ALGO_Mass
            -x-axis label is set to: ;M(T) [GeV])
            -using the binning as: [0.0, 60.0, 120.0, 180.0, 240.0, 300.0, 360.0, 420.0, 480.0, 540.0, 600.0, 660.0, 720.0, 780.0, 840.0, 900.0, 960.0, 1020.0, 1080.0, 1140.0, 1200.0, 1260.0, 1320.0, 1380.0, 1440.0, 1500.0, 1560.0, 1620.0, 1680.0, 1740.0, 1800.0, 1860.0, 1920.0, 1980.0, 2040.0, 2100.0, 2160.0, 2220.0, 2280.0, 2340.0, 2400.0, 2460.0, 2520.0, 2580.0, 2640.0, 2700.0, 2760.0, 2820.0, 2880.0, 2940.0, 3000.0]
/////////////////////////
PROCESSING:  TTM1700THBW
/////////////////////////
plotTreeName: Tprime2_BEST_Mass
Flavour: E #tag: isV_bWbW #algo: BEST
Weights: 1 * 1 * 1 * pileupWeight * 1 * lepIdSF * EGammaGsfSF * 1 * (MCWeight_singleLepCalc/abs(MCWeight_singleLepCalc)) * 3.46777141005e-05
Cuts: (leptonPt_singleLepCalc > 50) && (corr_met_singleLepCalc > 55) && (AK4HT > 480) && (minDR_lepJet > 0.4 || ptRel_lepJet > 40) && (NJetsAK8_JetSubCalc > 2) && (minDR_leadAK8otherAK8 < 3.0) && DataPastTrigger == 1 && isElectron==1
****************************************************************************************************
****************************************************************************************************
DISTRIBUTION: Tp2Mass
            -name in ljmet trees: Tprime2_ALGO_Mass
            -x-axis label is set to: ;M(T) [GeV])
            -using the binning as: [0.0, 60.0, 120.0, 180.0, 240.0, 300.0, 360.0, 420.0, 480.0, 540.0, 600.0, 660.0, 720.0, 780.0, 840.0, 900.0, 960.0, 1020.0, 1080.0, 1140.0, 1200.0, 1260.0, 1320.0, 1380.0, 1440.0, 1500.0, 1560.0, 1620.0, 1680.0, 1740.0, 1800.0, 1860.0, 1920.0, 1980.0, 2040.0, 2100.0, 2160.0, 2220.0, 2280.0, 2340.0, 2400.0, 2460.0, 2520.0, 2580.0, 2640.0, 2700.0, 2760.0, 2820.0, 2880.0, 2940.0, 3000.0]
/////////////////////////
PROCESSING:  TTM1700TZTH
/////////////////////////
plotTreeName: Tprime2_BEST_Mass
Flavour: E #tag: isV_bWbW #algo: BEST
Weights: 1 * 1 * 1 * pileupWeight * 1 * lepIdSF * EGammaGsfSF * 1 * (MCWeight_singleLepCalc/abs(MCWeight_singleLepCalc)) * 1.73388570503e-05
Cuts: (leptonPt_singleLepCalc > 50) && (corr_met_singleLepCalc > 55) && (AK4HT > 480) && (minDR_lepJet > 0.4 || ptRel_lepJet > 40) && (NJetsAK8_JetSubCalc > 2) && (minDR_leadAK8otherAK8 < 3.0) && DataPastTrigger == 1 && isElectron==1
****************************************************************************************************
****************************************************************************************************
DISTRIBUTION: Tp2Mass
            -name in ljmet trees: Tprime2_ALGO_Mass
            -x-axis label is set to: ;M(T) [GeV])
            -using the binning as: [0.0, 60.0, 120.0, 180.0, 240.0, 300.0, 360.0, 420.0, 480.0, 540.0, 600.0, 660.0, 720.0, 780.0, 840.0, 900.0, 960.0, 1020.0, 1080.0, 1140.0, 1200.0, 1260.0, 1320.0, 1380.0, 1440.0, 1500.0, 1560.0, 1620.0, 1680.0, 1740.0, 1800.0, 1860.0, 1920.0, 1980.0, 2040.0, 2100.0, 2160.0, 2220.0, 2280.0, 2340.0, 2400.0, 2460.0, 2520.0, 2580.0, 2640.0, 2700.0, 2760.0, 2820.0, 2880.0, 2940.0, 3000.0]
/////////////////////////
PROCESSING:  TTM1800BWBW
/////////////////////////
plotTreeName: Tprime2_BEST_Mass
Flavour: E #tag: isV_bWbW #algo: BEST
Weights: 1 * 1 * 1 * pileupWeight * 1 * lepIdSF * EGammaGsfSF * 1 * (MCWeight_singleLepCalc/abs(MCWeight_singleLepCalc)) * 3.89579688164e-05
Cuts: (leptonPt_singleLepCalc > 50) && (corr_met_singleLepCalc > 55) && (AK4HT > 480) && (minDR_lepJet > 0.4 || ptRel_lepJet > 40) && (NJetsAK8_JetSubCalc > 2) && (minDR_leadAK8otherAK8 < 3.0) && DataPastTrigger == 1 && isElectron==1
****************************************************************************************************
****************************************************************************************************
DISTRIBUTION: Tp2Mass
            -name in ljmet trees: Tprime2_ALGO_Mass
            -x-axis label is set to: ;M(T) [GeV])
            -using the binning as: [0.0, 60.0, 120.0, 180.0, 240.0, 300.0, 360.0, 420.0, 480.0, 540.0, 600.0, 660.0, 720.0, 780.0, 840.0, 900.0, 960.0, 1020.0, 1080.0, 1140.0, 1200.0, 1260.0, 1320.0, 1380.0, 1440.0, 1500.0, 1560.0, 1620.0, 1680.0, 1740.0, 1800.0, 1860.0, 1920.0, 1980.0, 2040.0, 2100.0, 2160.0, 2220.0, 2280.0, 2340.0, 2400.0, 2460.0, 2520.0, 2580.0, 2640.0, 2700.0, 2760.0, 2820.0, 2880.0, 2940.0, 3000.0]
/////////////////////////
PROCESSING:  TTM1800THTH
/////////////////////////
plotTreeName: Tprime2_BEST_Mass
Flavour: E #tag: isV_bWbW #algo: BEST
Weights: 1 * 1 * 1 * pileupWeight * 1 * lepIdSF * EGammaGsfSF * 1 * (MCWeight_singleLepCalc/abs(MCWeight_singleLepCalc)) * 9.7394922041e-06
Cuts: (leptonPt_singleLepCalc > 50) && (corr_met_singleLepCalc > 55) && (AK4HT > 480) && (minDR_lepJet > 0.4 || ptRel_lepJet > 40) && (NJetsAK8_JetSubCalc > 2) && (minDR_leadAK8otherAK8 < 3.0) && DataPastTrigger == 1 && isElectron==1
****************************************************************************************************
****************************************************************************************************
DISTRIBUTION: Tp2Mass
            -name in ljmet trees: Tprime2_ALGO_Mass
            -x-axis label is set to: ;M(T) [GeV])
            -using the binning as: [0.0, 60.0, 120.0, 180.0, 240.0, 300.0, 360.0, 420.0, 480.0, 540.0, 600.0, 660.0, 720.0, 780.0, 840.0, 900.0, 960.0, 1020.0, 1080.0, 1140.0, 1200.0, 1260.0, 1320.0, 1380.0, 1440.0, 1500.0, 1560.0, 1620.0, 1680.0, 1740.0, 1800.0, 1860.0, 1920.0, 1980.0, 2040.0, 2100.0, 2160.0, 2220.0, 2280.0, 2340.0, 2400.0, 2460.0, 2520.0, 2580.0, 2640.0, 2700.0, 2760.0, 2820.0, 2880.0, 2940.0, 3000.0]
/////////////////////////
PROCESSING:  TTM1800TZTZ
/////////////////////////
plotTreeName: Tprime2_BEST_Mass
Flavour: E #tag: isV_bWbW #algo: BEST
Weights: 1 * 1 * 1 * pileupWeight * 1 * lepIdSF * EGammaGsfSF * 1 * (MCWeight_singleLepCalc/abs(MCWeight_singleLepCalc)) * 9.7394922041e-06
Cuts: (leptonPt_singleLepCalc > 50) && (corr_met_singleLepCalc > 55) && (AK4HT > 480) && (minDR_lepJet > 0.4 || ptRel_lepJet > 40) && (NJetsAK8_JetSubCalc > 2) && (minDR_leadAK8otherAK8 < 3.0) && DataPastTrigger == 1 && isElectron==1
****************************************************************************************************
****************************************************************************************************
DISTRIBUTION: Tp2Mass
            -name in ljmet trees: Tprime2_ALGO_Mass
            -x-axis label is set to: ;M(T) [GeV])
            -using the binning as: [0.0, 60.0, 120.0, 180.0, 240.0, 300.0, 360.0, 420.0, 480.0, 540.0, 600.0, 660.0, 720.0, 780.0, 840.0, 900.0, 960.0, 1020.0, 1080.0, 1140.0, 1200.0, 1260.0, 1320.0, 1380.0, 1440.0, 1500.0, 1560.0, 1620.0, 1680.0, 1740.0, 1800.0, 1860.0, 1920.0, 1980.0, 2040.0, 2100.0, 2160.0, 2220.0, 2280.0, 2340.0, 2400.0, 2460.0, 2520.0, 2580.0, 2640.0, 2700.0, 2760.0, 2820.0, 2880.0, 2940.0, 3000.0]
/////////////////////////
PROCESSING:  TTM1800TZBW
/////////////////////////
plotTreeName: Tprime2_BEST_Mass
Flavour: E #tag: isV_bWbW #algo: BEST
Weights: 1 * 1 * 1 * pileupWeight * 1 * lepIdSF * EGammaGsfSF * 1 * (MCWeight_singleLepCalc/abs(MCWeight_singleLepCalc)) * 1.94789844082e-05
Cuts: (leptonPt_singleLepCalc > 50) && (corr_met_singleLepCalc > 55) && (AK4HT > 480) && (minDR_lepJet > 0.4 || ptRel_lepJet > 40) && (NJetsAK8_JetSubCalc > 2) && (minDR_leadAK8otherAK8 < 3.0) && DataPastTrigger == 1 && isElectron==1
****************************************************************************************************
****************************************************************************************************
DISTRIBUTION: Tp2Mass
            -name in ljmet trees: Tprime2_ALGO_Mass
            -x-axis label is set to: ;M(T) [GeV])
            -using the binning as: [0.0, 60.0, 120.0, 180.0, 240.0, 300.0, 360.0, 420.0, 480.0, 540.0, 600.0, 660.0, 720.0, 780.0, 840.0, 900.0, 960.0, 1020.0, 1080.0, 1140.0, 1200.0, 1260.0, 1320.0, 1380.0, 1440.0, 1500.0, 1560.0, 1620.0, 1680.0, 1740.0, 1800.0, 1860.0, 1920.0, 1980.0, 2040.0, 2100.0, 2160.0, 2220.0, 2280.0, 2340.0, 2400.0, 2460.0, 2520.0, 2580.0, 2640.0, 2700.0, 2760.0, 2820.0, 2880.0, 2940.0, 3000.0]
/////////////////////////
PROCESSING:  TTM1800THBW
/////////////////////////
plotTreeName: Tprime2_BEST_Mass
Flavour: E #tag: isV_bWbW #algo: BEST
Weights: 1 * 1 * 1 * pileupWeight * 1 * lepIdSF * EGammaGsfSF * 1 * (MCWeight_singleLepCalc/abs(MCWeight_singleLepCalc)) * 1.94789844082e-05
Cuts: (leptonPt_singleLepCalc > 50) && (corr_met_singleLepCalc > 55) && (AK4HT > 480) && (minDR_lepJet > 0.4 || ptRel_lepJet > 40) && (NJetsAK8_JetSubCalc > 2) && (minDR_leadAK8otherAK8 < 3.0) && DataPastTrigger == 1 && isElectron==1
****************************************************************************************************
****************************************************************************************************
DISTRIBUTION: Tp2Mass
            -name in ljmet trees: Tprime2_ALGO_Mass
            -x-axis label is set to: ;M(T) [GeV])
            -using the binning as: [0.0, 60.0, 120.0, 180.0, 240.0, 300.0, 360.0, 420.0, 480.0, 540.0, 600.0, 660.0, 720.0, 780.0, 840.0, 900.0, 960.0, 1020.0, 1080.0, 1140.0, 1200.0, 1260.0, 1320.0, 1380.0, 1440.0, 1500.0, 1560.0, 1620.0, 1680.0, 1740.0, 1800.0, 1860.0, 1920.0, 1980.0, 2040.0, 2100.0, 2160.0, 2220.0, 2280.0, 2340.0, 2400.0, 2460.0, 2520.0, 2580.0, 2640.0, 2700.0, 2760.0, 2820.0, 2880.0, 2940.0, 3000.0]
/////////////////////////
PROCESSING:  TTM1800TZTH
/////////////////////////
plotTreeName: Tprime2_BEST_Mass
Flavour: E #tag: isV_bWbW #algo: BEST
Weights: 1 * 1 * 1 * pileupWeight * 1 * lepIdSF * EGammaGsfSF * 1 * (MCWeight_singleLepCalc/abs(MCWeight_singleLepCalc)) * 9.7394922041e-06
Cuts: (leptonPt_singleLepCalc > 50) && (corr_met_singleLepCalc > 55) && (AK4HT > 480) && (minDR_lepJet > 0.4 || ptRel_lepJet > 40) && (NJetsAK8_JetSubCalc > 2) && (minDR_leadAK8otherAK8 < 3.0) && DataPastTrigger == 1 && isElectron==1
****************************************************************************************************
****************************************************************************************************
DISTRIBUTION: Tp2Mass
            -name in ljmet trees: Tprime2_ALGO_Mass
            -x-axis label is set to: ;M(T) [GeV])
            -using the binning as: [0.0, 60.0, 120.0, 180.0, 240.0, 300.0, 360.0, 420.0, 480.0, 540.0, 600.0, 660.0, 720.0, 780.0, 840.0, 900.0, 960.0, 1020.0, 1080.0, 1140.0, 1200.0, 1260.0, 1320.0, 1380.0, 1440.0, 1500.0, 1560.0, 1620.0, 1680.0, 1740.0, 1800.0, 1860.0, 1920.0, 1980.0, 2040.0, 2100.0, 2160.0, 2220.0, 2280.0, 2340.0, 2400.0, 2460.0, 2520.0, 2580.0, 2640.0, 2700.0, 2760.0, 2820.0, 2880.0, 2940.0, 3000.0]
/////////////////////////
PROCESSING:  WJetsMG400
/////////////////////////
plotTreeName: Tprime2_DeepAK8_Mass
Flavour: E #tag: isV_bWbW #algo: DeepAK8
Weights: 1 * HTSF_Pol * 1 * pileupWeight * 1 * lepIdSF * EGammaGsfSF * 1 * (MCWeight_singleLepCalc/abs(MCWeight_singleLepCalc)) * 0.280770227538
Cuts: (leptonPt_singleLepCalc > 50) && (corr_met_singleLepCalc > 55) && (AK4HT > 480) && (minDR_lepJet > 0.4 || ptRel_lepJet > 40) && (NJetsAK8_JetSubCalc > 2) && (minDR_leadAK8otherAK8 < 3.0) && DataPastTrigger == 1 && isElectron==1
****************************************************************************************************
****************************************************************************************************
DISTRIBUTION: Tp2Mass
            -name in ljmet trees: Tprime2_ALGO_Mass
            -x-axis label is set to: ;M(T) [GeV])
            -using the binning as: [0.0, 60.0, 120.0, 180.0, 240.0, 300.0, 360.0, 420.0, 480.0, 540.0, 600.0, 660.0, 720.0, 780.0, 840.0, 900.0, 960.0, 1020.0, 1080.0, 1140.0, 1200.0, 1260.0, 1320.0, 1380.0, 1440.0, 1500.0, 1560.0, 1620.0, 1680.0, 1740.0, 1800.0, 1860.0, 1920.0, 1980.0, 2040.0, 2100.0, 2160.0, 2220.0, 2280.0, 2340.0, 2400.0, 2460.0, 2520.0, 2580.0, 2640.0, 2700.0, 2760.0, 2820.0, 2880.0, 2940.0, 3000.0]
/////////////////////////
PROCESSING:  WJetsMG600
/////////////////////////
plotTreeName: Tprime2_DeepAK8_Mass
Flavour: E #tag: isV_bWbW #algo: DeepAK8
Weights: 1 * HTSF_Pol * 1 * pileupWeight * 1 * lepIdSF * EGammaGsfSF * 1 * (MCWeight_singleLepCalc/abs(MCWeight_singleLepCalc)) * 0.0287233231554
Cuts: (leptonPt_singleLepCalc > 50) && (corr_met_singleLepCalc > 55) && (AK4HT > 480) && (minDR_lepJet > 0.4 || ptRel_lepJet > 40) && (NJetsAK8_JetSubCalc > 2) && (minDR_leadAK8otherAK8 < 3.0) && DataPastTrigger == 1 && isElectron==1
****************************************************************************************************
****************************************************************************************************
DISTRIBUTION: Tp2Mass
            -name in ljmet trees: Tprime2_ALGO_Mass
            -x-axis label is set to: ;M(T) [GeV])
            -using the binning as: [0.0, 60.0, 120.0, 180.0, 240.0, 300.0, 360.0, 420.0, 480.0, 540.0, 600.0, 660.0, 720.0, 780.0, 840.0, 900.0, 960.0, 1020.0, 1080.0, 1140.0, 1200.0, 1260.0, 1320.0, 1380.0, 1440.0, 1500.0, 1560.0, 1620.0, 1680.0, 1740.0, 1800.0, 1860.0, 1920.0, 1980.0, 2040.0, 2100.0, 2160.0, 2220.0, 2280.0, 2340.0, 2400.0, 2460.0, 2520.0, 2580.0, 2640.0, 2700.0, 2760.0, 2820.0, 2880.0, 2940.0, 3000.0]
/////////////////////////
PROCESSING:  WJetsMG800
/////////////////////////
plotTreeName: Tprime2_DeepAK8_Mass
Flavour: E #tag: isV_bWbW #algo: DeepAK8
Weights: 1 * HTSF_Pol * 1 * pileupWeight * 1 * lepIdSF * EGammaGsfSF * 1 * (MCWeight_singleLepCalc/abs(MCWeight_singleLepCalc)) * 0.0316367902594
Cuts: (leptonPt_singleLepCalc > 50) && (corr_met_singleLepCalc > 55) && (AK4HT > 480) && (minDR_lepJet > 0.4 || ptRel_lepJet > 40) && (NJetsAK8_JetSubCalc > 2) && (minDR_leadAK8otherAK8 < 3.0) && DataPastTrigger == 1 && isElectron==1
****************************************************************************************************
****************************************************************************************************
DISTRIBUTION: Tp2Mass
            -name in ljmet trees: Tprime2_ALGO_Mass
            -x-axis label is set to: ;M(T) [GeV])
            -using the binning as: [0.0, 60.0, 120.0, 180.0, 240.0, 300.0, 360.0, 420.0, 480.0, 540.0, 600.0, 660.0, 720.0, 780.0, 840.0, 900.0, 960.0, 1020.0, 1080.0, 1140.0, 1200.0, 1260.0, 1320.0, 1380.0, 1440.0, 1500.0, 1560.0, 1620.0, 1680.0, 1740.0, 1800.0, 1860.0, 1920.0, 1980.0, 2040.0, 2100.0, 2160.0, 2220.0, 2280.0, 2340.0, 2400.0, 2460.0, 2520.0, 2580.0, 2640.0, 2700.0, 2760.0, 2820.0, 2880.0, 2940.0, 3000.0]
/////////////////////////
PROCESSING:  WJetsMG1200
/////////////////////////
plotTreeName: Tprime2_DeepAK8_Mass
Flavour: E #tag: isV_bWbW #algo: DeepAK8
Weights: 1 * HTSF_Pol * 1 * pileupWeight * 1 * lepIdSF * EGammaGsfSF * 1 * (MCWeight_singleLepCalc/abs(MCWeight_singleLepCalc)) * 0.00861414819858
Cuts: (leptonPt_singleLepCalc > 50) && (corr_met_singleLepCalc > 55) && (AK4HT > 480) && (minDR_lepJet > 0.4 || ptRel_lepJet > 40) && (NJetsAK8_JetSubCalc > 2) && (minDR_leadAK8otherAK8 < 3.0) && DataPastTrigger == 1 && isElectron==1
****************************************************************************************************
****************************************************************************************************
DISTRIBUTION: Tp2Mass
            -name in ljmet trees: Tprime2_ALGO_Mass
            -x-axis label is set to: ;M(T) [GeV])
            -using the binning as: [0.0, 60.0, 120.0, 180.0, 240.0, 300.0, 360.0, 420.0, 480.0, 540.0, 600.0, 660.0, 720.0, 780.0, 840.0, 900.0, 960.0, 1020.0, 1080.0, 1140.0, 1200.0, 1260.0, 1320.0, 1380.0, 1440.0, 1500.0, 1560.0, 1620.0, 1680.0, 1740.0, 1800.0, 1860.0, 1920.0, 1980.0, 2040.0, 2100.0, 2160.0, 2220.0, 2280.0, 2340.0, 2400.0, 2460.0, 2520.0, 2580.0, 2640.0, 2700.0, 2760.0, 2820.0, 2880.0, 2940.0, 3000.0]
/////////////////////////
PROCESSING:  WJetsMG2500
/////////////////////////
plotTreeName: Tprime2_DeepAK8_Mass
Flavour: E #tag: isV_bWbW #algo: DeepAK8
Weights: 1 * HTSF_Pol * 1 * pileupWeight * 1 * lepIdSF * EGammaGsfSF * 1 * (MCWeight_singleLepCalc/abs(MCWeight_singleLepCalc)) * 0.00054308661217
Cuts: (leptonPt_singleLepCalc > 50) && (corr_met_singleLepCalc > 55) && (AK4HT > 480) && (minDR_lepJet > 0.4 || ptRel_lepJet > 40) && (NJetsAK8_JetSubCalc > 2) && (minDR_leadAK8otherAK8 < 3.0) && DataPastTrigger == 1 && isElectron==1
****************************************************************************************************
****************************************************************************************************
DISTRIBUTION: Tp2Mass
            -name in ljmet trees: Tprime2_ALGO_Mass
            -x-axis label is set to: ;M(T) [GeV])
            -using the binning as: [0.0, 60.0, 120.0, 180.0, 240.0, 300.0, 360.0, 420.0, 480.0, 540.0, 600.0, 660.0, 720.0, 780.0, 840.0, 900.0, 960.0, 1020.0, 1080.0, 1140.0, 1200.0, 1260.0, 1320.0, 1380.0, 1440.0, 1500.0, 1560.0, 1620.0, 1680.0, 1740.0, 1800.0, 1860.0, 1920.0, 1980.0, 2040.0, 2100.0, 2160.0, 2220.0, 2280.0, 2340.0, 2400.0, 2460.0, 2520.0, 2580.0, 2640.0, 2700.0, 2760.0, 2820.0, 2880.0, 2940.0, 3000.0]
/////////////////////////
PROCESSING:  TTM1100BWBW
/////////////////////////
plotTreeName: Tprime2_DeepAK8_Mass
Flavour: E #tag: isV_bWbW #algo: DeepAK8
Weights: 1 * 1 * 1 * pileupWeight * 1 * lepIdSF * EGammaGsfSF * 1 * (MCWeight_singleLepCalc/abs(MCWeight_singleLepCalc)) * 0.00223239916536
Cuts: (leptonPt_singleLepCalc > 50) && (corr_met_singleLepCalc > 55) && (AK4HT > 480) && (minDR_lepJet > 0.4 || ptRel_lepJet > 40) && (NJetsAK8_JetSubCalc > 2) && (minDR_leadAK8otherAK8 < 3.0) && DataPastTrigger == 1 && isElectron==1
****************************************************************************************************
****************************************************************************************************
DISTRIBUTION: Tp2Mass
            -name in ljmet trees: Tprime2_ALGO_Mass
            -x-axis label is set to: ;M(T) [GeV])
            -using the binning as: [0.0, 60.0, 120.0, 180.0, 240.0, 300.0, 360.0, 420.0, 480.0, 540.0, 600.0, 660.0, 720.0, 780.0, 840.0, 900.0, 960.0, 1020.0, 1080.0, 1140.0, 1200.0, 1260.0, 1320.0, 1380.0, 1440.0, 1500.0, 1560.0, 1620.0, 1680.0, 1740.0, 1800.0, 1860.0, 1920.0, 1980.0, 2040.0, 2100.0, 2160.0, 2220.0, 2280.0, 2340.0, 2400.0, 2460.0, 2520.0, 2580.0, 2640.0, 2700.0, 2760.0, 2820.0, 2880.0, 2940.0, 3000.0]
/////////////////////////
PROCESSING:  TTM1100THTH
/////////////////////////
plotTreeName: Tprime2_DeepAK8_Mass
Flavour: E #tag: isV_bWbW #algo: DeepAK8
Weights: 1 * 1 * 1 * pileupWeight * 1 * lepIdSF * EGammaGsfSF * 1 * (MCWeight_singleLepCalc/abs(MCWeight_singleLepCalc)) * 0.000558099791339
Cuts: (leptonPt_singleLepCalc > 50) && (corr_met_singleLepCalc > 55) && (AK4HT > 480) && (minDR_lepJet > 0.4 || ptRel_lepJet > 40) && (NJetsAK8_JetSubCalc > 2) && (minDR_leadAK8otherAK8 < 3.0) && DataPastTrigger == 1 && isElectron==1
****************************************************************************************************
****************************************************************************************************
DISTRIBUTION: Tp2Mass
            -name in ljmet trees: Tprime2_ALGO_Mass
            -x-axis label is set to: ;M(T) [GeV])
            -using the binning as: [0.0, 60.0, 120.0, 180.0, 240.0, 300.0, 360.0, 420.0, 480.0, 540.0, 600.0, 660.0, 720.0, 780.0, 840.0, 900.0, 960.0, 1020.0, 1080.0, 1140.0, 1200.0, 1260.0, 1320.0, 1380.0, 1440.0, 1500.0, 1560.0, 1620.0, 1680.0, 1740.0, 1800.0, 1860.0, 1920.0, 1980.0, 2040.0, 2100.0, 2160.0, 2220.0, 2280.0, 2340.0, 2400.0, 2460.0, 2520.0, 2580.0, 2640.0, 2700.0, 2760.0, 2820.0, 2880.0, 2940.0, 3000.0]
/////////////////////////
PROCESSING:  TTM1100TZTZ
/////////////////////////
plotTreeName: Tprime2_DeepAK8_Mass
Flavour: E #tag: isV_bWbW #algo: DeepAK8
Weights: 1 * 1 * 1 * pileupWeight * 1 * lepIdSF * EGammaGsfSF * 1 * (MCWeight_singleLepCalc/abs(MCWeight_singleLepCalc)) * 0.000558099791339
Cuts: (leptonPt_singleLepCalc > 50) && (corr_met_singleLepCalc > 55) && (AK4HT > 480) && (minDR_lepJet > 0.4 || ptRel_lepJet > 40) && (NJetsAK8_JetSubCalc > 2) && (minDR_leadAK8otherAK8 < 3.0) && DataPastTrigger == 1 && isElectron==1
****************************************************************************************************
****************************************************************************************************
DISTRIBUTION: Tp2Mass
            -name in ljmet trees: Tprime2_ALGO_Mass
            -x-axis label is set to: ;M(T) [GeV])
            -using the binning as: [0.0, 60.0, 120.0, 180.0, 240.0, 300.0, 360.0, 420.0, 480.0, 540.0, 600.0, 660.0, 720.0, 780.0, 840.0, 900.0, 960.0, 1020.0, 1080.0, 1140.0, 1200.0, 1260.0, 1320.0, 1380.0, 1440.0, 1500.0, 1560.0, 1620.0, 1680.0, 1740.0, 1800.0, 1860.0, 1920.0, 1980.0, 2040.0, 2100.0, 2160.0, 2220.0, 2280.0, 2340.0, 2400.0, 2460.0, 2520.0, 2580.0, 2640.0, 2700.0, 2760.0, 2820.0, 2880.0, 2940.0, 3000.0]
/////////////////////////
PROCESSING:  TTM1100TZBW
/////////////////////////
plotTreeName: Tprime2_DeepAK8_Mass
Flavour: E #tag: isV_bWbW #algo: DeepAK8
Weights: 1 * 1 * 1 * pileupWeight * 1 * lepIdSF * EGammaGsfSF * 1 * (MCWeight_singleLepCalc/abs(MCWeight_singleLepCalc)) * 0.00111619958268
Cuts: (leptonPt_singleLepCalc > 50) && (corr_met_singleLepCalc > 55) && (AK4HT > 480) && (minDR_lepJet > 0.4 || ptRel_lepJet > 40) && (NJetsAK8_JetSubCalc > 2) && (minDR_leadAK8otherAK8 < 3.0) && DataPastTrigger == 1 && isElectron==1
****************************************************************************************************
****************************************************************************************************
DISTRIBUTION: Tp2Mass
            -name in ljmet trees: Tprime2_ALGO_Mass
            -x-axis label is set to: ;M(T) [GeV])
            -using the binning as: [0.0, 60.0, 120.0, 180.0, 240.0, 300.0, 360.0, 420.0, 480.0, 540.0, 600.0, 660.0, 720.0, 780.0, 840.0, 900.0, 960.0, 1020.0, 1080.0, 1140.0, 1200.0, 1260.0, 1320.0, 1380.0, 1440.0, 1500.0, 1560.0, 1620.0, 1680.0, 1740.0, 1800.0, 1860.0, 1920.0, 1980.0, 2040.0, 2100.0, 2160.0, 2220.0, 2280.0, 2340.0, 2400.0, 2460.0, 2520.0, 2580.0, 2640.0, 2700.0, 2760.0, 2820.0, 2880.0, 2940.0, 3000.0]
/////////////////////////
PROCESSING:  TTM1100THBW
/////////////////////////
plotTreeName: Tprime2_DeepAK8_Mass
Flavour: E #tag: isV_bWbW #algo: DeepAK8
Weights: 1 * 1 * 1 * pileupWeight * 1 * lepIdSF * EGammaGsfSF * 1 * (MCWeight_singleLepCalc/abs(MCWeight_singleLepCalc)) * 0.00111619958268
Cuts: (leptonPt_singleLepCalc > 50) && (corr_met_singleLepCalc > 55) && (AK4HT > 480) && (minDR_lepJet > 0.4 || ptRel_lepJet > 40) && (NJetsAK8_JetSubCalc > 2) && (minDR_leadAK8otherAK8 < 3.0) && DataPastTrigger == 1 && isElectron==1
****************************************************************************************************
****************************************************************************************************
DISTRIBUTION: Tp2Mass
            -name in ljmet trees: Tprime2_ALGO_Mass
            -x-axis label is set to: ;M(T) [GeV])
            -using the binning as: [0.0, 60.0, 120.0, 180.0, 240.0, 300.0, 360.0, 420.0, 480.0, 540.0, 600.0, 660.0, 720.0, 780.0, 840.0, 900.0, 960.0, 1020.0, 1080.0, 1140.0, 1200.0, 1260.0, 1320.0, 1380.0, 1440.0, 1500.0, 1560.0, 1620.0, 1680.0, 1740.0, 1800.0, 1860.0, 1920.0, 1980.0, 2040.0, 2100.0, 2160.0, 2220.0, 2280.0, 2340.0, 2400.0, 2460.0, 2520.0, 2580.0, 2640.0, 2700.0, 2760.0, 2820.0, 2880.0, 2940.0, 3000.0]
/////////////////////////
PROCESSING:  TTM1100TZTH
/////////////////////////
plotTreeName: Tprime2_DeepAK8_Mass
Flavour: E #tag: isV_bWbW #algo: DeepAK8
Weights: 1 * 1 * 1 * pileupWeight * 1 * lepIdSF * EGammaGsfSF * 1 * (MCWeight_singleLepCalc/abs(MCWeight_singleLepCalc)) * 0.000558099791339
Cuts: (leptonPt_singleLepCalc > 50) && (corr_met_singleLepCalc > 55) && (AK4HT > 480) && (minDR_lepJet > 0.4 || ptRel_lepJet > 40) && (NJetsAK8_JetSubCalc > 2) && (minDR_leadAK8otherAK8 < 3.0) && DataPastTrigger == 1 && isElectron==1
****************************************************************************************************
****************************************************************************************************
DISTRIBUTION: Tp2Mass
            -name in ljmet trees: Tprime2_ALGO_Mass
            -x-axis label is set to: ;M(T) [GeV])
            -using the binning as: [0.0, 60.0, 120.0, 180.0, 240.0, 300.0, 360.0, 420.0, 480.0, 540.0, 600.0, 660.0, 720.0, 780.0, 840.0, 900.0, 960.0, 1020.0, 1080.0, 1140.0, 1200.0, 1260.0, 1320.0, 1380.0, 1440.0, 1500.0, 1560.0, 1620.0, 1680.0, 1740.0, 1800.0, 1860.0, 1920.0, 1980.0, 2040.0, 2100.0, 2160.0, 2220.0, 2280.0, 2340.0, 2400.0, 2460.0, 2520.0, 2580.0, 2640.0, 2700.0, 2760.0, 2820.0, 2880.0, 2940.0, 3000.0]
/////////////////////////
PROCESSING:  TTM1200BWBW
/////////////////////////
plotTreeName: Tprime2_DeepAK8_Mass
Flavour: E #tag: isV_bWbW #algo: DeepAK8
Weights: 1 * 1 * 1 * pileupWeight * 1 * lepIdSF * EGammaGsfSF * 1 * (MCWeight_singleLepCalc/abs(MCWeight_singleLepCalc)) * 0.00117627847652
Cuts: (leptonPt_singleLepCalc > 50) && (corr_met_singleLepCalc > 55) && (AK4HT > 480) && (minDR_lepJet > 0.4 || ptRel_lepJet > 40) && (NJetsAK8_JetSubCalc > 2) && (minDR_leadAK8otherAK8 < 3.0) && DataPastTrigger == 1 && isElectron==1
****************************************************************************************************
****************************************************************************************************
DISTRIBUTION: Tp2Mass
            -name in ljmet trees: Tprime2_ALGO_Mass
            -x-axis label is set to: ;M(T) [GeV])
            -using the binning as: [0.0, 60.0, 120.0, 180.0, 240.0, 300.0, 360.0, 420.0, 480.0, 540.0, 600.0, 660.0, 720.0, 780.0, 840.0, 900.0, 960.0, 1020.0, 1080.0, 1140.0, 1200.0, 1260.0, 1320.0, 1380.0, 1440.0, 1500.0, 1560.0, 1620.0, 1680.0, 1740.0, 1800.0, 1860.0, 1920.0, 1980.0, 2040.0, 2100.0, 2160.0, 2220.0, 2280.0, 2340.0, 2400.0, 2460.0, 2520.0, 2580.0, 2640.0, 2700.0, 2760.0, 2820.0, 2880.0, 2940.0, 3000.0]
/////////////////////////
PROCESSING:  TTM1200THTH
/////////////////////////
plotTreeName: Tprime2_DeepAK8_Mass
Flavour: E #tag: isV_bWbW #algo: DeepAK8
Weights: 1 * 1 * 1 * pileupWeight * 1 * lepIdSF * EGammaGsfSF * 1 * (MCWeight_singleLepCalc/abs(MCWeight_singleLepCalc)) * 0.00029406961913
Cuts: (leptonPt_singleLepCalc > 50) && (corr_met_singleLepCalc > 55) && (AK4HT > 480) && (minDR_lepJet > 0.4 || ptRel_lepJet > 40) && (NJetsAK8_JetSubCalc > 2) && (minDR_leadAK8otherAK8 < 3.0) && DataPastTrigger == 1 && isElectron==1
****************************************************************************************************
****************************************************************************************************
DISTRIBUTION: Tp2Mass
            -name in ljmet trees: Tprime2_ALGO_Mass
            -x-axis label is set to: ;M(T) [GeV])
            -using the binning as: [0.0, 60.0, 120.0, 180.0, 240.0, 300.0, 360.0, 420.0, 480.0, 540.0, 600.0, 660.0, 720.0, 780.0, 840.0, 900.0, 960.0, 1020.0, 1080.0, 1140.0, 1200.0, 1260.0, 1320.0, 1380.0, 1440.0, 1500.0, 1560.0, 1620.0, 1680.0, 1740.0, 1800.0, 1860.0, 1920.0, 1980.0, 2040.0, 2100.0, 2160.0, 2220.0, 2280.0, 2340.0, 2400.0, 2460.0, 2520.0, 2580.0, 2640.0, 2700.0, 2760.0, 2820.0, 2880.0, 2940.0, 3000.0]
/////////////////////////
PROCESSING:  TTM1200TZTZ
/////////////////////////
plotTreeName: Tprime2_DeepAK8_Mass
Flavour: E #tag: isV_bWbW #algo: DeepAK8
Weights: 1 * 1 * 1 * pileupWeight * 1 * lepIdSF * EGammaGsfSF * 1 * (MCWeight_singleLepCalc/abs(MCWeight_singleLepCalc)) * 0.00029406961913
Cuts: (leptonPt_singleLepCalc > 50) && (corr_met_singleLepCalc > 55) && (AK4HT > 480) && (minDR_lepJet > 0.4 || ptRel_lepJet > 40) && (NJetsAK8_JetSubCalc > 2) && (minDR_leadAK8otherAK8 < 3.0) && DataPastTrigger == 1 && isElectron==1
****************************************************************************************************
****************************************************************************************************
DISTRIBUTION: Tp2Mass
            -name in ljmet trees: Tprime2_ALGO_Mass
            -x-axis label is set to: ;M(T) [GeV])
            -using the binning as: [0.0, 60.0, 120.0, 180.0, 240.0, 300.0, 360.0, 420.0, 480.0, 540.0, 600.0, 660.0, 720.0, 780.0, 840.0, 900.0, 960.0, 1020.0, 1080.0, 1140.0, 1200.0, 1260.0, 1320.0, 1380.0, 1440.0, 1500.0, 1560.0, 1620.0, 1680.0, 1740.0, 1800.0, 1860.0, 1920.0, 1980.0, 2040.0, 2100.0, 2160.0, 2220.0, 2280.0, 2340.0, 2400.0, 2460.0, 2520.0, 2580.0, 2640.0, 2700.0, 2760.0, 2820.0, 2880.0, 2940.0, 3000.0]
/////////////////////////
PROCESSING:  TTM1200TZBW
/////////////////////////
plotTreeName: Tprime2_DeepAK8_Mass
Flavour: E #tag: isV_bWbW #algo: DeepAK8
Weights: 1 * 1 * 1 * pileupWeight * 1 * lepIdSF * EGammaGsfSF * 1 * (MCWeight_singleLepCalc/abs(MCWeight_singleLepCalc)) * 0.000588139238259
Cuts: (leptonPt_singleLepCalc > 50) && (corr_met_singleLepCalc > 55) && (AK4HT > 480) && (minDR_lepJet > 0.4 || ptRel_lepJet > 40) && (NJetsAK8_JetSubCalc > 2) && (minDR_leadAK8otherAK8 < 3.0) && DataPastTrigger == 1 && isElectron==1
****************************************************************************************************
****************************************************************************************************
DISTRIBUTION: Tp2Mass
            -name in ljmet trees: Tprime2_ALGO_Mass
            -x-axis label is set to: ;M(T) [GeV])
            -using the binning as: [0.0, 60.0, 120.0, 180.0, 240.0, 300.0, 360.0, 420.0, 480.0, 540.0, 600.0, 660.0, 720.0, 780.0, 840.0, 900.0, 960.0, 1020.0, 1080.0, 1140.0, 1200.0, 1260.0, 1320.0, 1380.0, 1440.0, 1500.0, 1560.0, 1620.0, 1680.0, 1740.0, 1800.0, 1860.0, 1920.0, 1980.0, 2040.0, 2100.0, 2160.0, 2220.0, 2280.0, 2340.0, 2400.0, 2460.0, 2520.0, 2580.0, 2640.0, 2700.0, 2760.0, 2820.0, 2880.0, 2940.0, 3000.0]
/////////////////////////
PROCESSING:  TTM1200THBW
/////////////////////////
plotTreeName: Tprime2_DeepAK8_Mass
Flavour: E #tag: isV_bWbW #algo: DeepAK8
Weights: 1 * 1 * 1 * pileupWeight * 1 * lepIdSF * EGammaGsfSF * 1 * (MCWeight_singleLepCalc/abs(MCWeight_singleLepCalc)) * 0.000588139238259
Cuts: (leptonPt_singleLepCalc > 50) && (corr_met_singleLepCalc > 55) && (AK4HT > 480) && (minDR_lepJet > 0.4 || ptRel_lepJet > 40) && (NJetsAK8_JetSubCalc > 2) && (minDR_leadAK8otherAK8 < 3.0) && DataPastTrigger == 1 && isElectron==1
****************************************************************************************************
****************************************************************************************************
DISTRIBUTION: Tp2Mass
            -name in ljmet trees: Tprime2_ALGO_Mass
            -x-axis label is set to: ;M(T) [GeV])
            -using the binning as: [0.0, 60.0, 120.0, 180.0, 240.0, 300.0, 360.0, 420.0, 480.0, 540.0, 600.0, 660.0, 720.0, 780.0, 840.0, 900.0, 960.0, 1020.0, 1080.0, 1140.0, 1200.0, 1260.0, 1320.0, 1380.0, 1440.0, 1500.0, 1560.0, 1620.0, 1680.0, 1740.0, 1800.0, 1860.0, 1920.0, 1980.0, 2040.0, 2100.0, 2160.0, 2220.0, 2280.0, 2340.0, 2400.0, 2460.0, 2520.0, 2580.0, 2640.0, 2700.0, 2760.0, 2820.0, 2880.0, 2940.0, 3000.0]
/////////////////////////
PROCESSING:  TTM1200TZTH
/////////////////////////
plotTreeName: Tprime2_DeepAK8_Mass
Flavour: E #tag: isV_bWbW #algo: DeepAK8
Weights: 1 * 1 * 1 * pileupWeight * 1 * lepIdSF * EGammaGsfSF * 1 * (MCWeight_singleLepCalc/abs(MCWeight_singleLepCalc)) * 0.00029406961913
Cuts: (leptonPt_singleLepCalc > 50) && (corr_met_singleLepCalc > 55) && (AK4HT > 480) && (minDR_lepJet > 0.4 || ptRel_lepJet > 40) && (NJetsAK8_JetSubCalc > 2) && (minDR_leadAK8otherAK8 < 3.0) && DataPastTrigger == 1 && isElectron==1
****************************************************************************************************
****************************************************************************************************
DISTRIBUTION: Tp2Mass
            -name in ljmet trees: Tprime2_ALGO_Mass
            -x-axis label is set to: ;M(T) [GeV])
            -using the binning as: [0.0, 60.0, 120.0, 180.0, 240.0, 300.0, 360.0, 420.0, 480.0, 540.0, 600.0, 660.0, 720.0, 780.0, 840.0, 900.0, 960.0, 1020.0, 1080.0, 1140.0, 1200.0, 1260.0, 1320.0, 1380.0, 1440.0, 1500.0, 1560.0, 1620.0, 1680.0, 1740.0, 1800.0, 1860.0, 1920.0, 1980.0, 2040.0, 2100.0, 2160.0, 2220.0, 2280.0, 2340.0, 2400.0, 2460.0, 2520.0, 2580.0, 2640.0, 2700.0, 2760.0, 2820.0, 2880.0, 2940.0, 3000.0]
/////////////////////////
PROCESSING:  TTM1300BWBW
/////////////////////////
plotTreeName: Tprime2_DeepAK8_Mass
Flavour: E #tag: isV_bWbW #algo: DeepAK8
Weights: 1 * 1 * 1 * pileupWeight * 1 * lepIdSF * EGammaGsfSF * 1 * (MCWeight_singleLepCalc/abs(MCWeight_singleLepCalc)) * 0.00063821114509
Cuts: (leptonPt_singleLepCalc > 50) && (corr_met_singleLepCalc > 55) && (AK4HT > 480) && (minDR_lepJet > 0.4 || ptRel_lepJet > 40) && (NJetsAK8_JetSubCalc > 2) && (minDR_leadAK8otherAK8 < 3.0) && DataPastTrigger == 1 && isElectron==1
****************************************************************************************************
****************************************************************************************************
DISTRIBUTION: Tp2Mass
            -name in ljmet trees: Tprime2_ALGO_Mass
            -x-axis label is set to: ;M(T) [GeV])
            -using the binning as: [0.0, 60.0, 120.0, 180.0, 240.0, 300.0, 360.0, 420.0, 480.0, 540.0, 600.0, 660.0, 720.0, 780.0, 840.0, 900.0, 960.0, 1020.0, 1080.0, 1140.0, 1200.0, 1260.0, 1320.0, 1380.0, 1440.0, 1500.0, 1560.0, 1620.0, 1680.0, 1740.0, 1800.0, 1860.0, 1920.0, 1980.0, 2040.0, 2100.0, 2160.0, 2220.0, 2280.0, 2340.0, 2400.0, 2460.0, 2520.0, 2580.0, 2640.0, 2700.0, 2760.0, 2820.0, 2880.0, 2940.0, 3000.0]
/////////////////////////
PROCESSING:  TTM1300THTH
/////////////////////////
plotTreeName: Tprime2_DeepAK8_Mass
Flavour: E #tag: isV_bWbW #algo: DeepAK8
Weights: 1 * 1 * 1 * pileupWeight * 1 * lepIdSF * EGammaGsfSF * 1 * (MCWeight_singleLepCalc/abs(MCWeight_singleLepCalc)) * 0.000159552786272
Cuts: (leptonPt_singleLepCalc > 50) && (corr_met_singleLepCalc > 55) && (AK4HT > 480) && (minDR_lepJet > 0.4 || ptRel_lepJet > 40) && (NJetsAK8_JetSubCalc > 2) && (minDR_leadAK8otherAK8 < 3.0) && DataPastTrigger == 1 && isElectron==1
****************************************************************************************************
****************************************************************************************************
DISTRIBUTION: Tp2Mass
            -name in ljmet trees: Tprime2_ALGO_Mass
            -x-axis label is set to: ;M(T) [GeV])
            -using the binning as: [0.0, 60.0, 120.0, 180.0, 240.0, 300.0, 360.0, 420.0, 480.0, 540.0, 600.0, 660.0, 720.0, 780.0, 840.0, 900.0, 960.0, 1020.0, 1080.0, 1140.0, 1200.0, 1260.0, 1320.0, 1380.0, 1440.0, 1500.0, 1560.0, 1620.0, 1680.0, 1740.0, 1800.0, 1860.0, 1920.0, 1980.0, 2040.0, 2100.0, 2160.0, 2220.0, 2280.0, 2340.0, 2400.0, 2460.0, 2520.0, 2580.0, 2640.0, 2700.0, 2760.0, 2820.0, 2880.0, 2940.0, 3000.0]
/////////////////////////
PROCESSING:  TTM1300TZTZ
/////////////////////////
plotTreeName: Tprime2_DeepAK8_Mass
Flavour: E #tag: isV_bWbW #algo: DeepAK8
Weights: 1 * 1 * 1 * pileupWeight * 1 * lepIdSF * EGammaGsfSF * 1 * (MCWeight_singleLepCalc/abs(MCWeight_singleLepCalc)) * 0.000159552786272
Cuts: (leptonPt_singleLepCalc > 50) && (corr_met_singleLepCalc > 55) && (AK4HT > 480) && (minDR_lepJet > 0.4 || ptRel_lepJet > 40) && (NJetsAK8_JetSubCalc > 2) && (minDR_leadAK8otherAK8 < 3.0) && DataPastTrigger == 1 && isElectron==1
****************************************************************************************************
****************************************************************************************************
DISTRIBUTION: Tp2Mass
            -name in ljmet trees: Tprime2_ALGO_Mass
            -x-axis label is set to: ;M(T) [GeV])
            -using the binning as: [0.0, 60.0, 120.0, 180.0, 240.0, 300.0, 360.0, 420.0, 480.0, 540.0, 600.0, 660.0, 720.0, 780.0, 840.0, 900.0, 960.0, 1020.0, 1080.0, 1140.0, 1200.0, 1260.0, 1320.0, 1380.0, 1440.0, 1500.0, 1560.0, 1620.0, 1680.0, 1740.0, 1800.0, 1860.0, 1920.0, 1980.0, 2040.0, 2100.0, 2160.0, 2220.0, 2280.0, 2340.0, 2400.0, 2460.0, 2520.0, 2580.0, 2640.0, 2700.0, 2760.0, 2820.0, 2880.0, 2940.0, 3000.0]
/////////////////////////
PROCESSING:  TTM1300TZBW
/////////////////////////
plotTreeName: Tprime2_DeepAK8_Mass
Flavour: E #tag: isV_bWbW #algo: DeepAK8
Weights: 1 * 1 * 1 * pileupWeight * 1 * lepIdSF * EGammaGsfSF * 1 * (MCWeight_singleLepCalc/abs(MCWeight_singleLepCalc)) * 0.000319105572545
Cuts: (leptonPt_singleLepCalc > 50) && (corr_met_singleLepCalc > 55) && (AK4HT > 480) && (minDR_lepJet > 0.4 || ptRel_lepJet > 40) && (NJetsAK8_JetSubCalc > 2) && (minDR_leadAK8otherAK8 < 3.0) && DataPastTrigger == 1 && isElectron==1
****************************************************************************************************
****************************************************************************************************
DISTRIBUTION: Tp2Mass
            -name in ljmet trees: Tprime2_ALGO_Mass
            -x-axis label is set to: ;M(T) [GeV])
            -using the binning as: [0.0, 60.0, 120.0, 180.0, 240.0, 300.0, 360.0, 420.0, 480.0, 540.0, 600.0, 660.0, 720.0, 780.0, 840.0, 900.0, 960.0, 1020.0, 1080.0, 1140.0, 1200.0, 1260.0, 1320.0, 1380.0, 1440.0, 1500.0, 1560.0, 1620.0, 1680.0, 1740.0, 1800.0, 1860.0, 1920.0, 1980.0, 2040.0, 2100.0, 2160.0, 2220.0, 2280.0, 2340.0, 2400.0, 2460.0, 2520.0, 2580.0, 2640.0, 2700.0, 2760.0, 2820.0, 2880.0, 2940.0, 3000.0]
/////////////////////////
PROCESSING:  TTM1300THBW
/////////////////////////
plotTreeName: Tprime2_DeepAK8_Mass
Flavour: E #tag: isV_bWbW #algo: DeepAK8
Weights: 1 * 1 * 1 * pileupWeight * 1 * lepIdSF * EGammaGsfSF * 1 * (MCWeight_singleLepCalc/abs(MCWeight_singleLepCalc)) * 0.000319105572545
Cuts: (leptonPt_singleLepCalc > 50) && (corr_met_singleLepCalc > 55) && (AK4HT > 480) && (minDR_lepJet > 0.4 || ptRel_lepJet > 40) && (NJetsAK8_JetSubCalc > 2) && (minDR_leadAK8otherAK8 < 3.0) && DataPastTrigger == 1 && isElectron==1
****************************************************************************************************
****************************************************************************************************
DISTRIBUTION: Tp2Mass
            -name in ljmet trees: Tprime2_ALGO_Mass
            -x-axis label is set to: ;M(T) [GeV])
            -using the binning as: [0.0, 60.0, 120.0, 180.0, 240.0, 300.0, 360.0, 420.0, 480.0, 540.0, 600.0, 660.0, 720.0, 780.0, 840.0, 900.0, 960.0, 1020.0, 1080.0, 1140.0, 1200.0, 1260.0, 1320.0, 1380.0, 1440.0, 1500.0, 1560.0, 1620.0, 1680.0, 1740.0, 1800.0, 1860.0, 1920.0, 1980.0, 2040.0, 2100.0, 2160.0, 2220.0, 2280.0, 2340.0, 2400.0, 2460.0, 2520.0, 2580.0, 2640.0, 2700.0, 2760.0, 2820.0, 2880.0, 2940.0, 3000.0]
/////////////////////////
PROCESSING:  TTM1300TZTH
/////////////////////////
plotTreeName: Tprime2_DeepAK8_Mass
Flavour: E #tag: isV_bWbW #algo: DeepAK8
Weights: 1 * 1 * 1 * pileupWeight * 1 * lepIdSF * EGammaGsfSF * 1 * (MCWeight_singleLepCalc/abs(MCWeight_singleLepCalc)) * 0.000159552786272
Cuts: (leptonPt_singleLepCalc > 50) && (corr_met_singleLepCalc > 55) && (AK4HT > 480) && (minDR_lepJet > 0.4 || ptRel_lepJet > 40) && (NJetsAK8_JetSubCalc > 2) && (minDR_leadAK8otherAK8 < 3.0) && DataPastTrigger == 1 && isElectron==1
****************************************************************************************************
****************************************************************************************************
DISTRIBUTION: Tp2Mass
            -name in ljmet trees: Tprime2_ALGO_Mass
            -x-axis label is set to: ;M(T) [GeV])
            -using the binning as: [0.0, 60.0, 120.0, 180.0, 240.0, 300.0, 360.0, 420.0, 480.0, 540.0, 600.0, 660.0, 720.0, 780.0, 840.0, 900.0, 960.0, 1020.0, 1080.0, 1140.0, 1200.0, 1260.0, 1320.0, 1380.0, 1440.0, 1500.0, 1560.0, 1620.0, 1680.0, 1740.0, 1800.0, 1860.0, 1920.0, 1980.0, 2040.0, 2100.0, 2160.0, 2220.0, 2280.0, 2340.0, 2400.0, 2460.0, 2520.0, 2580.0, 2640.0, 2700.0, 2760.0, 2820.0, 2880.0, 2940.0, 3000.0]
/////////////////////////
PROCESSING:  TTM1400BWBW
/////////////////////////
plotTreeName: Tprime2_DeepAK8_Mass
Flavour: E #tag: isV_bWbW #algo: DeepAK8
Weights: 1 * 1 * 1 * pileupWeight * 1 * lepIdSF * EGammaGsfSF * 1 * (MCWeight_singleLepCalc/abs(MCWeight_singleLepCalc)) * 0.000352883542956
Cuts: (leptonPt_singleLepCalc > 50) && (corr_met_singleLepCalc > 55) && (AK4HT > 480) && (minDR_lepJet > 0.4 || ptRel_lepJet > 40) && (NJetsAK8_JetSubCalc > 2) && (minDR_leadAK8otherAK8 < 3.0) && DataPastTrigger == 1 && isElectron==1
****************************************************************************************************
****************************************************************************************************
DISTRIBUTION: Tp2Mass
            -name in ljmet trees: Tprime2_ALGO_Mass
            -x-axis label is set to: ;M(T) [GeV])
            -using the binning as: [0.0, 60.0, 120.0, 180.0, 240.0, 300.0, 360.0, 420.0, 480.0, 540.0, 600.0, 660.0, 720.0, 780.0, 840.0, 900.0, 960.0, 1020.0, 1080.0, 1140.0, 1200.0, 1260.0, 1320.0, 1380.0, 1440.0, 1500.0, 1560.0, 1620.0, 1680.0, 1740.0, 1800.0, 1860.0, 1920.0, 1980.0, 2040.0, 2100.0, 2160.0, 2220.0, 2280.0, 2340.0, 2400.0, 2460.0, 2520.0, 2580.0, 2640.0, 2700.0, 2760.0, 2820.0, 2880.0, 2940.0, 3000.0]
/////////////////////////
PROCESSING:  TTM1400THTH
/////////////////////////
plotTreeName: Tprime2_DeepAK8_Mass
Flavour: E #tag: isV_bWbW #algo: DeepAK8
Weights: 1 * 1 * 1 * pileupWeight * 1 * lepIdSF * EGammaGsfSF * 1 * (MCWeight_singleLepCalc/abs(MCWeight_singleLepCalc)) * 8.82208857389e-05
Cuts: (leptonPt_singleLepCalc > 50) && (corr_met_singleLepCalc > 55) && (AK4HT > 480) && (minDR_lepJet > 0.4 || ptRel_lepJet > 40) && (NJetsAK8_JetSubCalc > 2) && (minDR_leadAK8otherAK8 < 3.0) && DataPastTrigger == 1 && isElectron==1
****************************************************************************************************
****************************************************************************************************
DISTRIBUTION: Tp2Mass
            -name in ljmet trees: Tprime2_ALGO_Mass
            -x-axis label is set to: ;M(T) [GeV])
            -using the binning as: [0.0, 60.0, 120.0, 180.0, 240.0, 300.0, 360.0, 420.0, 480.0, 540.0, 600.0, 660.0, 720.0, 780.0, 840.0, 900.0, 960.0, 1020.0, 1080.0, 1140.0, 1200.0, 1260.0, 1320.0, 1380.0, 1440.0, 1500.0, 1560.0, 1620.0, 1680.0, 1740.0, 1800.0, 1860.0, 1920.0, 1980.0, 2040.0, 2100.0, 2160.0, 2220.0, 2280.0, 2340.0, 2400.0, 2460.0, 2520.0, 2580.0, 2640.0, 2700.0, 2760.0, 2820.0, 2880.0, 2940.0, 3000.0]
/////////////////////////
PROCESSING:  TTM1400TZTZ
/////////////////////////
plotTreeName: Tprime2_DeepAK8_Mass
Flavour: E #tag: isV_bWbW #algo: DeepAK8
Weights: 1 * 1 * 1 * pileupWeight * 1 * lepIdSF * EGammaGsfSF * 1 * (MCWeight_singleLepCalc/abs(MCWeight_singleLepCalc)) * 8.82208857389e-05
Cuts: (leptonPt_singleLepCalc > 50) && (corr_met_singleLepCalc > 55) && (AK4HT > 480) && (minDR_lepJet > 0.4 || ptRel_lepJet > 40) && (NJetsAK8_JetSubCalc > 2) && (minDR_leadAK8otherAK8 < 3.0) && DataPastTrigger == 1 && isElectron==1
****************************************************************************************************
****************************************************************************************************
DISTRIBUTION: Tp2Mass
            -name in ljmet trees: Tprime2_ALGO_Mass
            -x-axis label is set to: ;M(T) [GeV])
            -using the binning as: [0.0, 60.0, 120.0, 180.0, 240.0, 300.0, 360.0, 420.0, 480.0, 540.0, 600.0, 660.0, 720.0, 780.0, 840.0, 900.0, 960.0, 1020.0, 1080.0, 1140.0, 1200.0, 1260.0, 1320.0, 1380.0, 1440.0, 1500.0, 1560.0, 1620.0, 1680.0, 1740.0, 1800.0, 1860.0, 1920.0, 1980.0, 2040.0, 2100.0, 2160.0, 2220.0, 2280.0, 2340.0, 2400.0, 2460.0, 2520.0, 2580.0, 2640.0, 2700.0, 2760.0, 2820.0, 2880.0, 2940.0, 3000.0]
/////////////////////////
PROCESSING:  TTM1400TZBW
/////////////////////////
plotTreeName: Tprime2_DeepAK8_Mass
Flavour: E #tag: isV_bWbW #algo: DeepAK8
Weights: 1 * 1 * 1 * pileupWeight * 1 * lepIdSF * EGammaGsfSF * 1 * (MCWeight_singleLepCalc/abs(MCWeight_singleLepCalc)) * 0.000176441771478
Cuts: (leptonPt_singleLepCalc > 50) && (corr_met_singleLepCalc > 55) && (AK4HT > 480) && (minDR_lepJet > 0.4 || ptRel_lepJet > 40) && (NJetsAK8_JetSubCalc > 2) && (minDR_leadAK8otherAK8 < 3.0) && DataPastTrigger == 1 && isElectron==1
****************************************************************************************************
****************************************************************************************************
DISTRIBUTION: Tp2Mass
            -name in ljmet trees: Tprime2_ALGO_Mass
            -x-axis label is set to: ;M(T) [GeV])
            -using the binning as: [0.0, 60.0, 120.0, 180.0, 240.0, 300.0, 360.0, 420.0, 480.0, 540.0, 600.0, 660.0, 720.0, 780.0, 840.0, 900.0, 960.0, 1020.0, 1080.0, 1140.0, 1200.0, 1260.0, 1320.0, 1380.0, 1440.0, 1500.0, 1560.0, 1620.0, 1680.0, 1740.0, 1800.0, 1860.0, 1920.0, 1980.0, 2040.0, 2100.0, 2160.0, 2220.0, 2280.0, 2340.0, 2400.0, 2460.0, 2520.0, 2580.0, 2640.0, 2700.0, 2760.0, 2820.0, 2880.0, 2940.0, 3000.0]
/////////////////////////
PROCESSING:  TTM1400THBW
/////////////////////////
plotTreeName: Tprime2_DeepAK8_Mass
Flavour: E #tag: isV_bWbW #algo: DeepAK8
Weights: 1 * 1 * 1 * pileupWeight * 1 * lepIdSF * EGammaGsfSF * 1 * (MCWeight_singleLepCalc/abs(MCWeight_singleLepCalc)) * 0.000176441771478
Cuts: (leptonPt_singleLepCalc > 50) && (corr_met_singleLepCalc > 55) && (AK4HT > 480) && (minDR_lepJet > 0.4 || ptRel_lepJet > 40) && (NJetsAK8_JetSubCalc > 2) && (minDR_leadAK8otherAK8 < 3.0) && DataPastTrigger == 1 && isElectron==1
****************************************************************************************************
****************************************************************************************************
DISTRIBUTION: Tp2Mass
            -name in ljmet trees: Tprime2_ALGO_Mass
            -x-axis label is set to: ;M(T) [GeV])
            -using the binning as: [0.0, 60.0, 120.0, 180.0, 240.0, 300.0, 360.0, 420.0, 480.0, 540.0, 600.0, 660.0, 720.0, 780.0, 840.0, 900.0, 960.0, 1020.0, 1080.0, 1140.0, 1200.0, 1260.0, 1320.0, 1380.0, 1440.0, 1500.0, 1560.0, 1620.0, 1680.0, 1740.0, 1800.0, 1860.0, 1920.0, 1980.0, 2040.0, 2100.0, 2160.0, 2220.0, 2280.0, 2340.0, 2400.0, 2460.0, 2520.0, 2580.0, 2640.0, 2700.0, 2760.0, 2820.0, 2880.0, 2940.0, 3000.0]
/////////////////////////
PROCESSING:  TTM1400TZTH
/////////////////////////
plotTreeName: Tprime2_DeepAK8_Mass
Flavour: E #tag: isV_bWbW #algo: DeepAK8
Weights: 1 * 1 * 1 * pileupWeight * 1 * lepIdSF * EGammaGsfSF * 1 * (MCWeight_singleLepCalc/abs(MCWeight_singleLepCalc)) * 8.82208857389e-05
Cuts: (leptonPt_singleLepCalc > 50) && (corr_met_singleLepCalc > 55) && (AK4HT > 480) && (minDR_lepJet > 0.4 || ptRel_lepJet > 40) && (NJetsAK8_JetSubCalc > 2) && (minDR_leadAK8otherAK8 < 3.0) && DataPastTrigger == 1 && isElectron==1
****************************************************************************************************
****************************************************************************************************
DISTRIBUTION: Tp2Mass
            -name in ljmet trees: Tprime2_ALGO_Mass
            -x-axis label is set to: ;M(T) [GeV])
            -using the binning as: [0.0, 60.0, 120.0, 180.0, 240.0, 300.0, 360.0, 420.0, 480.0, 540.0, 600.0, 660.0, 720.0, 780.0, 840.0, 900.0, 960.0, 1020.0, 1080.0, 1140.0, 1200.0, 1260.0, 1320.0, 1380.0, 1440.0, 1500.0, 1560.0, 1620.0, 1680.0, 1740.0, 1800.0, 1860.0, 1920.0, 1980.0, 2040.0, 2100.0, 2160.0, 2220.0, 2280.0, 2340.0, 2400.0, 2460.0, 2520.0, 2580.0, 2640.0, 2700.0, 2760.0, 2820.0, 2880.0, 2940.0, 3000.0]
/////////////////////////
PROCESSING:  TTM1500BWBW
/////////////////////////
plotTreeName: Tprime2_DeepAK8_Mass
Flavour: E #tag: isV_bWbW #algo: DeepAK8
Weights: 1 * 1 * 1 * pileupWeight * 1 * lepIdSF * EGammaGsfSF * 1 * (MCWeight_singleLepCalc/abs(MCWeight_singleLepCalc)) * 0.00019932135405
Cuts: (leptonPt_singleLepCalc > 50) && (corr_met_singleLepCalc > 55) && (AK4HT > 480) && (minDR_lepJet > 0.4 || ptRel_lepJet > 40) && (NJetsAK8_JetSubCalc > 2) && (minDR_leadAK8otherAK8 < 3.0) && DataPastTrigger == 1 && isElectron==1
****************************************************************************************************
****************************************************************************************************
DISTRIBUTION: Tp2Mass
            -name in ljmet trees: Tprime2_ALGO_Mass
            -x-axis label is set to: ;M(T) [GeV])
            -using the binning as: [0.0, 60.0, 120.0, 180.0, 240.0, 300.0, 360.0, 420.0, 480.0, 540.0, 600.0, 660.0, 720.0, 780.0, 840.0, 900.0, 960.0, 1020.0, 1080.0, 1140.0, 1200.0, 1260.0, 1320.0, 1380.0, 1440.0, 1500.0, 1560.0, 1620.0, 1680.0, 1740.0, 1800.0, 1860.0, 1920.0, 1980.0, 2040.0, 2100.0, 2160.0, 2220.0, 2280.0, 2340.0, 2400.0, 2460.0, 2520.0, 2580.0, 2640.0, 2700.0, 2760.0, 2820.0, 2880.0, 2940.0, 3000.0]
/////////////////////////
PROCESSING:  TTM1500THTH
/////////////////////////
plotTreeName: Tprime2_DeepAK8_Mass
Flavour: E #tag: isV_bWbW #algo: DeepAK8
Weights: 1 * 1 * 1 * pileupWeight * 1 * lepIdSF * EGammaGsfSF * 1 * (MCWeight_singleLepCalc/abs(MCWeight_singleLepCalc)) * 4.98303385124e-05
Cuts: (leptonPt_singleLepCalc > 50) && (corr_met_singleLepCalc > 55) && (AK4HT > 480) && (minDR_lepJet > 0.4 || ptRel_lepJet > 40) && (NJetsAK8_JetSubCalc > 2) && (minDR_leadAK8otherAK8 < 3.0) && DataPastTrigger == 1 && isElectron==1
****************************************************************************************************
****************************************************************************************************
DISTRIBUTION: Tp2Mass
            -name in ljmet trees: Tprime2_ALGO_Mass
            -x-axis label is set to: ;M(T) [GeV])
            -using the binning as: [0.0, 60.0, 120.0, 180.0, 240.0, 300.0, 360.0, 420.0, 480.0, 540.0, 600.0, 660.0, 720.0, 780.0, 840.0, 900.0, 960.0, 1020.0, 1080.0, 1140.0, 1200.0, 1260.0, 1320.0, 1380.0, 1440.0, 1500.0, 1560.0, 1620.0, 1680.0, 1740.0, 1800.0, 1860.0, 1920.0, 1980.0, 2040.0, 2100.0, 2160.0, 2220.0, 2280.0, 2340.0, 2400.0, 2460.0, 2520.0, 2580.0, 2640.0, 2700.0, 2760.0, 2820.0, 2880.0, 2940.0, 3000.0]
/////////////////////////
PROCESSING:  TTM1500TZTZ
/////////////////////////
plotTreeName: Tprime2_DeepAK8_Mass
Flavour: E #tag: isV_bWbW #algo: DeepAK8
Weights: 1 * 1 * 1 * pileupWeight * 1 * lepIdSF * EGammaGsfSF * 1 * (MCWeight_singleLepCalc/abs(MCWeight_singleLepCalc)) * 4.98303385124e-05
Cuts: (leptonPt_singleLepCalc > 50) && (corr_met_singleLepCalc > 55) && (AK4HT > 480) && (minDR_lepJet > 0.4 || ptRel_lepJet > 40) && (NJetsAK8_JetSubCalc > 2) && (minDR_leadAK8otherAK8 < 3.0) && DataPastTrigger == 1 && isElectron==1
****************************************************************************************************
****************************************************************************************************
DISTRIBUTION: Tp2Mass
            -name in ljmet trees: Tprime2_ALGO_Mass
            -x-axis label is set to: ;M(T) [GeV])
            -using the binning as: [0.0, 60.0, 120.0, 180.0, 240.0, 300.0, 360.0, 420.0, 480.0, 540.0, 600.0, 660.0, 720.0, 780.0, 840.0, 900.0, 960.0, 1020.0, 1080.0, 1140.0, 1200.0, 1260.0, 1320.0, 1380.0, 1440.0, 1500.0, 1560.0, 1620.0, 1680.0, 1740.0, 1800.0, 1860.0, 1920.0, 1980.0, 2040.0, 2100.0, 2160.0, 2220.0, 2280.0, 2340.0, 2400.0, 2460.0, 2520.0, 2580.0, 2640.0, 2700.0, 2760.0, 2820.0, 2880.0, 2940.0, 3000.0]
/////////////////////////
PROCESSING:  TTM1500TZBW
/////////////////////////
plotTreeName: Tprime2_DeepAK8_Mass
Flavour: E #tag: isV_bWbW #algo: DeepAK8
Weights: 1 * 1 * 1 * pileupWeight * 1 * lepIdSF * EGammaGsfSF * 1 * (MCWeight_singleLepCalc/abs(MCWeight_singleLepCalc)) * 9.96606770248e-05
Cuts: (leptonPt_singleLepCalc > 50) && (corr_met_singleLepCalc > 55) && (AK4HT > 480) && (minDR_lepJet > 0.4 || ptRel_lepJet > 40) && (NJetsAK8_JetSubCalc > 2) && (minDR_leadAK8otherAK8 < 3.0) && DataPastTrigger == 1 && isElectron==1
****************************************************************************************************
****************************************************************************************************
DISTRIBUTION: Tp2Mass
            -name in ljmet trees: Tprime2_ALGO_Mass
            -x-axis label is set to: ;M(T) [GeV])
            -using the binning as: [0.0, 60.0, 120.0, 180.0, 240.0, 300.0, 360.0, 420.0, 480.0, 540.0, 600.0, 660.0, 720.0, 780.0, 840.0, 900.0, 960.0, 1020.0, 1080.0, 1140.0, 1200.0, 1260.0, 1320.0, 1380.0, 1440.0, 1500.0, 1560.0, 1620.0, 1680.0, 1740.0, 1800.0, 1860.0, 1920.0, 1980.0, 2040.0, 2100.0, 2160.0, 2220.0, 2280.0, 2340.0, 2400.0, 2460.0, 2520.0, 2580.0, 2640.0, 2700.0, 2760.0, 2820.0, 2880.0, 2940.0, 3000.0]
/////////////////////////
PROCESSING:  TTM1500THBW
/////////////////////////
plotTreeName: Tprime2_DeepAK8_Mass
Flavour: E #tag: isV_bWbW #algo: DeepAK8
Weights: 1 * 1 * 1 * pileupWeight * 1 * lepIdSF * EGammaGsfSF * 1 * (MCWeight_singleLepCalc/abs(MCWeight_singleLepCalc)) * 9.96606770248e-05
Cuts: (leptonPt_singleLepCalc > 50) && (corr_met_singleLepCalc > 55) && (AK4HT > 480) && (minDR_lepJet > 0.4 || ptRel_lepJet > 40) && (NJetsAK8_JetSubCalc > 2) && (minDR_leadAK8otherAK8 < 3.0) && DataPastTrigger == 1 && isElectron==1
****************************************************************************************************
****************************************************************************************************
DISTRIBUTION: Tp2Mass
            -name in ljmet trees: Tprime2_ALGO_Mass
            -x-axis label is set to: ;M(T) [GeV])
            -using the binning as: [0.0, 60.0, 120.0, 180.0, 240.0, 300.0, 360.0, 420.0, 480.0, 540.0, 600.0, 660.0, 720.0, 780.0, 840.0, 900.0, 960.0, 1020.0, 1080.0, 1140.0, 1200.0, 1260.0, 1320.0, 1380.0, 1440.0, 1500.0, 1560.0, 1620.0, 1680.0, 1740.0, 1800.0, 1860.0, 1920.0, 1980.0, 2040.0, 2100.0, 2160.0, 2220.0, 2280.0, 2340.0, 2400.0, 2460.0, 2520.0, 2580.0, 2640.0, 2700.0, 2760.0, 2820.0, 2880.0, 2940.0, 3000.0]
/////////////////////////
PROCESSING:  TTM1500TZTH
/////////////////////////
plotTreeName: Tprime2_DeepAK8_Mass
Flavour: E #tag: isV_bWbW #algo: DeepAK8
Weights: 1 * 1 * 1 * pileupWeight * 1 * lepIdSF * EGammaGsfSF * 1 * (MCWeight_singleLepCalc/abs(MCWeight_singleLepCalc)) * 4.98303385124e-05
Cuts: (leptonPt_singleLepCalc > 50) && (corr_met_singleLepCalc > 55) && (AK4HT > 480) && (minDR_lepJet > 0.4 || ptRel_lepJet > 40) && (NJetsAK8_JetSubCalc > 2) && (minDR_leadAK8otherAK8 < 3.0) && DataPastTrigger == 1 && isElectron==1
****************************************************************************************************
****************************************************************************************************
DISTRIBUTION: Tp2Mass
            -name in ljmet trees: Tprime2_ALGO_Mass
            -x-axis label is set to: ;M(T) [GeV])
            -using the binning as: [0.0, 60.0, 120.0, 180.0, 240.0, 300.0, 360.0, 420.0, 480.0, 540.0, 600.0, 660.0, 720.0, 780.0, 840.0, 900.0, 960.0, 1020.0, 1080.0, 1140.0, 1200.0, 1260.0, 1320.0, 1380.0, 1440.0, 1500.0, 1560.0, 1620.0, 1680.0, 1740.0, 1800.0, 1860.0, 1920.0, 1980.0, 2040.0, 2100.0, 2160.0, 2220.0, 2280.0, 2340.0, 2400.0, 2460.0, 2520.0, 2580.0, 2640.0, 2700.0, 2760.0, 2820.0, 2880.0, 2940.0, 3000.0]
/////////////////////////
PROCESSING:  TTM1600BWBW
/////////////////////////
plotTreeName: Tprime2_DeepAK8_Mass
Flavour: E #tag: isV_bWbW #algo: DeepAK8
Weights: 1 * 1 * 1 * pileupWeight * 1 * lepIdSF * EGammaGsfSF * 1 * (MCWeight_singleLepCalc/abs(MCWeight_singleLepCalc)) * 0.000114437939919
Cuts: (leptonPt_singleLepCalc > 50) && (corr_met_singleLepCalc > 55) && (AK4HT > 480) && (minDR_lepJet > 0.4 || ptRel_lepJet > 40) && (NJetsAK8_JetSubCalc > 2) && (minDR_leadAK8otherAK8 < 3.0) && DataPastTrigger == 1 && isElectron==1
****************************************************************************************************
****************************************************************************************************
DISTRIBUTION: Tp2Mass
            -name in ljmet trees: Tprime2_ALGO_Mass
            -x-axis label is set to: ;M(T) [GeV])
            -using the binning as: [0.0, 60.0, 120.0, 180.0, 240.0, 300.0, 360.0, 420.0, 480.0, 540.0, 600.0, 660.0, 720.0, 780.0, 840.0, 900.0, 960.0, 1020.0, 1080.0, 1140.0, 1200.0, 1260.0, 1320.0, 1380.0, 1440.0, 1500.0, 1560.0, 1620.0, 1680.0, 1740.0, 1800.0, 1860.0, 1920.0, 1980.0, 2040.0, 2100.0, 2160.0, 2220.0, 2280.0, 2340.0, 2400.0, 2460.0, 2520.0, 2580.0, 2640.0, 2700.0, 2760.0, 2820.0, 2880.0, 2940.0, 3000.0]
/////////////////////////
PROCESSING:  TTM1600THTH
/////////////////////////
plotTreeName: Tprime2_DeepAK8_Mass
Flavour: E #tag: isV_bWbW #algo: DeepAK8
Weights: 1 * 1 * 1 * pileupWeight * 1 * lepIdSF * EGammaGsfSF * 1 * (MCWeight_singleLepCalc/abs(MCWeight_singleLepCalc)) * 2.86094849797e-05
Cuts: (leptonPt_singleLepCalc > 50) && (corr_met_singleLepCalc > 55) && (AK4HT > 480) && (minDR_lepJet > 0.4 || ptRel_lepJet > 40) && (NJetsAK8_JetSubCalc > 2) && (minDR_leadAK8otherAK8 < 3.0) && DataPastTrigger == 1 && isElectron==1
****************************************************************************************************
****************************************************************************************************
DISTRIBUTION: Tp2Mass
            -name in ljmet trees: Tprime2_ALGO_Mass
            -x-axis label is set to: ;M(T) [GeV])
            -using the binning as: [0.0, 60.0, 120.0, 180.0, 240.0, 300.0, 360.0, 420.0, 480.0, 540.0, 600.0, 660.0, 720.0, 780.0, 840.0, 900.0, 960.0, 1020.0, 1080.0, 1140.0, 1200.0, 1260.0, 1320.0, 1380.0, 1440.0, 1500.0, 1560.0, 1620.0, 1680.0, 1740.0, 1800.0, 1860.0, 1920.0, 1980.0, 2040.0, 2100.0, 2160.0, 2220.0, 2280.0, 2340.0, 2400.0, 2460.0, 2520.0, 2580.0, 2640.0, 2700.0, 2760.0, 2820.0, 2880.0, 2940.0, 3000.0]
/////////////////////////
PROCESSING:  TTM1600TZTZ
/////////////////////////
plotTreeName: Tprime2_DeepAK8_Mass
Flavour: E #tag: isV_bWbW #algo: DeepAK8
Weights: 1 * 1 * 1 * pileupWeight * 1 * lepIdSF * EGammaGsfSF * 1 * (MCWeight_singleLepCalc/abs(MCWeight_singleLepCalc)) * 2.86094849797e-05
Cuts: (leptonPt_singleLepCalc > 50) && (corr_met_singleLepCalc > 55) && (AK4HT > 480) && (minDR_lepJet > 0.4 || ptRel_lepJet > 40) && (NJetsAK8_JetSubCalc > 2) && (minDR_leadAK8otherAK8 < 3.0) && DataPastTrigger == 1 && isElectron==1
****************************************************************************************************
****************************************************************************************************
DISTRIBUTION: Tp2Mass
            -name in ljmet trees: Tprime2_ALGO_Mass
            -x-axis label is set to: ;M(T) [GeV])
            -using the binning as: [0.0, 60.0, 120.0, 180.0, 240.0, 300.0, 360.0, 420.0, 480.0, 540.0, 600.0, 660.0, 720.0, 780.0, 840.0, 900.0, 960.0, 1020.0, 1080.0, 1140.0, 1200.0, 1260.0, 1320.0, 1380.0, 1440.0, 1500.0, 1560.0, 1620.0, 1680.0, 1740.0, 1800.0, 1860.0, 1920.0, 1980.0, 2040.0, 2100.0, 2160.0, 2220.0, 2280.0, 2340.0, 2400.0, 2460.0, 2520.0, 2580.0, 2640.0, 2700.0, 2760.0, 2820.0, 2880.0, 2940.0, 3000.0]
/////////////////////////
PROCESSING:  TTM1600TZBW
/////////////////////////
plotTreeName: Tprime2_DeepAK8_Mass
Flavour: E #tag: isV_bWbW #algo: DeepAK8
Weights: 1 * 1 * 1 * pileupWeight * 1 * lepIdSF * EGammaGsfSF * 1 * (MCWeight_singleLepCalc/abs(MCWeight_singleLepCalc)) * 5.72189699595e-05
Cuts: (leptonPt_singleLepCalc > 50) && (corr_met_singleLepCalc > 55) && (AK4HT > 480) && (minDR_lepJet > 0.4 || ptRel_lepJet > 40) && (NJetsAK8_JetSubCalc > 2) && (minDR_leadAK8otherAK8 < 3.0) && DataPastTrigger == 1 && isElectron==1
****************************************************************************************************
****************************************************************************************************
DISTRIBUTION: Tp2Mass
            -name in ljmet trees: Tprime2_ALGO_Mass
            -x-axis label is set to: ;M(T) [GeV])
            -using the binning as: [0.0, 60.0, 120.0, 180.0, 240.0, 300.0, 360.0, 420.0, 480.0, 540.0, 600.0, 660.0, 720.0, 780.0, 840.0, 900.0, 960.0, 1020.0, 1080.0, 1140.0, 1200.0, 1260.0, 1320.0, 1380.0, 1440.0, 1500.0, 1560.0, 1620.0, 1680.0, 1740.0, 1800.0, 1860.0, 1920.0, 1980.0, 2040.0, 2100.0, 2160.0, 2220.0, 2280.0, 2340.0, 2400.0, 2460.0, 2520.0, 2580.0, 2640.0, 2700.0, 2760.0, 2820.0, 2880.0, 2940.0, 3000.0]
/////////////////////////
PROCESSING:  TTM1600THBW
/////////////////////////
plotTreeName: Tprime2_DeepAK8_Mass
Flavour: E #tag: isV_bWbW #algo: DeepAK8
Weights: 1 * 1 * 1 * pileupWeight * 1 * lepIdSF * EGammaGsfSF * 1 * (MCWeight_singleLepCalc/abs(MCWeight_singleLepCalc)) * 5.72189699595e-05
Cuts: (leptonPt_singleLepCalc > 50) && (corr_met_singleLepCalc > 55) && (AK4HT > 480) && (minDR_lepJet > 0.4 || ptRel_lepJet > 40) && (NJetsAK8_JetSubCalc > 2) && (minDR_leadAK8otherAK8 < 3.0) && DataPastTrigger == 1 && isElectron==1
****************************************************************************************************
****************************************************************************************************
DISTRIBUTION: Tp2Mass
            -name in ljmet trees: Tprime2_ALGO_Mass
            -x-axis label is set to: ;M(T) [GeV])
            -using the binning as: [0.0, 60.0, 120.0, 180.0, 240.0, 300.0, 360.0, 420.0, 480.0, 540.0, 600.0, 660.0, 720.0, 780.0, 840.0, 900.0, 960.0, 1020.0, 1080.0, 1140.0, 1200.0, 1260.0, 1320.0, 1380.0, 1440.0, 1500.0, 1560.0, 1620.0, 1680.0, 1740.0, 1800.0, 1860.0, 1920.0, 1980.0, 2040.0, 2100.0, 2160.0, 2220.0, 2280.0, 2340.0, 2400.0, 2460.0, 2520.0, 2580.0, 2640.0, 2700.0, 2760.0, 2820.0, 2880.0, 2940.0, 3000.0]
/////////////////////////
PROCESSING:  TTM1600TZTH
/////////////////////////
plotTreeName: Tprime2_DeepAK8_Mass
Flavour: E #tag: isV_bWbW #algo: DeepAK8
Weights: 1 * 1 * 1 * pileupWeight * 1 * lepIdSF * EGammaGsfSF * 1 * (MCWeight_singleLepCalc/abs(MCWeight_singleLepCalc)) * 2.86094849797e-05
Cuts: (leptonPt_singleLepCalc > 50) && (corr_met_singleLepCalc > 55) && (AK4HT > 480) && (minDR_lepJet > 0.4 || ptRel_lepJet > 40) && (NJetsAK8_JetSubCalc > 2) && (minDR_leadAK8otherAK8 < 3.0) && DataPastTrigger == 1 && isElectron==1
****************************************************************************************************
****************************************************************************************************
DISTRIBUTION: Tp2Mass
            -name in ljmet trees: Tprime2_ALGO_Mass
            -x-axis label is set to: ;M(T) [GeV])
            -using the binning as: [0.0, 60.0, 120.0, 180.0, 240.0, 300.0, 360.0, 420.0, 480.0, 540.0, 600.0, 660.0, 720.0, 780.0, 840.0, 900.0, 960.0, 1020.0, 1080.0, 1140.0, 1200.0, 1260.0, 1320.0, 1380.0, 1440.0, 1500.0, 1560.0, 1620.0, 1680.0, 1740.0, 1800.0, 1860.0, 1920.0, 1980.0, 2040.0, 2100.0, 2160.0, 2220.0, 2280.0, 2340.0, 2400.0, 2460.0, 2520.0, 2580.0, 2640.0, 2700.0, 2760.0, 2820.0, 2880.0, 2940.0, 3000.0]
/////////////////////////
PROCESSING:  TTM1700BWBW
/////////////////////////
plotTreeName: Tprime2_DeepAK8_Mass
Flavour: E #tag: isV_bWbW #algo: DeepAK8
Weights: 1 * 1 * 1 * pileupWeight * 1 * lepIdSF * EGammaGsfSF * 1 * (MCWeight_singleLepCalc/abs(MCWeight_singleLepCalc)) * 6.93554282011e-05
Cuts: (leptonPt_singleLepCalc > 50) && (corr_met_singleLepCalc > 55) && (AK4HT > 480) && (minDR_lepJet > 0.4 || ptRel_lepJet > 40) && (NJetsAK8_JetSubCalc > 2) && (minDR_leadAK8otherAK8 < 3.0) && DataPastTrigger == 1 && isElectron==1
****************************************************************************************************
****************************************************************************************************
DISTRIBUTION: Tp2Mass
            -name in ljmet trees: Tprime2_ALGO_Mass
            -x-axis label is set to: ;M(T) [GeV])
            -using the binning as: [0.0, 60.0, 120.0, 180.0, 240.0, 300.0, 360.0, 420.0, 480.0, 540.0, 600.0, 660.0, 720.0, 780.0, 840.0, 900.0, 960.0, 1020.0, 1080.0, 1140.0, 1200.0, 1260.0, 1320.0, 1380.0, 1440.0, 1500.0, 1560.0, 1620.0, 1680.0, 1740.0, 1800.0, 1860.0, 1920.0, 1980.0, 2040.0, 2100.0, 2160.0, 2220.0, 2280.0, 2340.0, 2400.0, 2460.0, 2520.0, 2580.0, 2640.0, 2700.0, 2760.0, 2820.0, 2880.0, 2940.0, 3000.0]
/////////////////////////
PROCESSING:  TTM1700THTH
/////////////////////////
plotTreeName: Tprime2_DeepAK8_Mass
Flavour: E #tag: isV_bWbW #algo: DeepAK8
Weights: 1 * 1 * 1 * pileupWeight * 1 * lepIdSF * EGammaGsfSF * 1 * (MCWeight_singleLepCalc/abs(MCWeight_singleLepCalc)) * 1.73388570503e-05
Cuts: (leptonPt_singleLepCalc > 50) && (corr_met_singleLepCalc > 55) && (AK4HT > 480) && (minDR_lepJet > 0.4 || ptRel_lepJet > 40) && (NJetsAK8_JetSubCalc > 2) && (minDR_leadAK8otherAK8 < 3.0) && DataPastTrigger == 1 && isElectron==1
****************************************************************************************************
****************************************************************************************************
DISTRIBUTION: Tp2Mass
            -name in ljmet trees: Tprime2_ALGO_Mass
            -x-axis label is set to: ;M(T) [GeV])
            -using the binning as: [0.0, 60.0, 120.0, 180.0, 240.0, 300.0, 360.0, 420.0, 480.0, 540.0, 600.0, 660.0, 720.0, 780.0, 840.0, 900.0, 960.0, 1020.0, 1080.0, 1140.0, 1200.0, 1260.0, 1320.0, 1380.0, 1440.0, 1500.0, 1560.0, 1620.0, 1680.0, 1740.0, 1800.0, 1860.0, 1920.0, 1980.0, 2040.0, 2100.0, 2160.0, 2220.0, 2280.0, 2340.0, 2400.0, 2460.0, 2520.0, 2580.0, 2640.0, 2700.0, 2760.0, 2820.0, 2880.0, 2940.0, 3000.0]
/////////////////////////
PROCESSING:  TTM1700TZTZ
/////////////////////////
plotTreeName: Tprime2_DeepAK8_Mass
Flavour: E #tag: isV_bWbW #algo: DeepAK8
Weights: 1 * 1 * 1 * pileupWeight * 1 * lepIdSF * EGammaGsfSF * 1 * (MCWeight_singleLepCalc/abs(MCWeight_singleLepCalc)) * 1.73388570503e-05
Cuts: (leptonPt_singleLepCalc > 50) && (corr_met_singleLepCalc > 55) && (AK4HT > 480) && (minDR_lepJet > 0.4 || ptRel_lepJet > 40) && (NJetsAK8_JetSubCalc > 2) && (minDR_leadAK8otherAK8 < 3.0) && DataPastTrigger == 1 && isElectron==1
****************************************************************************************************
****************************************************************************************************
DISTRIBUTION: Tp2Mass
            -name in ljmet trees: Tprime2_ALGO_Mass
            -x-axis label is set to: ;M(T) [GeV])
            -using the binning as: [0.0, 60.0, 120.0, 180.0, 240.0, 300.0, 360.0, 420.0, 480.0, 540.0, 600.0, 660.0, 720.0, 780.0, 840.0, 900.0, 960.0, 1020.0, 1080.0, 1140.0, 1200.0, 1260.0, 1320.0, 1380.0, 1440.0, 1500.0, 1560.0, 1620.0, 1680.0, 1740.0, 1800.0, 1860.0, 1920.0, 1980.0, 2040.0, 2100.0, 2160.0, 2220.0, 2280.0, 2340.0, 2400.0, 2460.0, 2520.0, 2580.0, 2640.0, 2700.0, 2760.0, 2820.0, 2880.0, 2940.0, 3000.0]
/////////////////////////
PROCESSING:  TTM1700TZBW
/////////////////////////
plotTreeName: Tprime2_DeepAK8_Mass
Flavour: E #tag: isV_bWbW #algo: DeepAK8
Weights: 1 * 1 * 1 * pileupWeight * 1 * lepIdSF * EGammaGsfSF * 1 * (MCWeight_singleLepCalc/abs(MCWeight_singleLepCalc)) * 3.46777141005e-05
Cuts: (leptonPt_singleLepCalc > 50) && (corr_met_singleLepCalc > 55) && (AK4HT > 480) && (minDR_lepJet > 0.4 || ptRel_lepJet > 40) && (NJetsAK8_JetSubCalc > 2) && (minDR_leadAK8otherAK8 < 3.0) && DataPastTrigger == 1 && isElectron==1
****************************************************************************************************
****************************************************************************************************
DISTRIBUTION: Tp2Mass
            -name in ljmet trees: Tprime2_ALGO_Mass
            -x-axis label is set to: ;M(T) [GeV])
            -using the binning as: [0.0, 60.0, 120.0, 180.0, 240.0, 300.0, 360.0, 420.0, 480.0, 540.0, 600.0, 660.0, 720.0, 780.0, 840.0, 900.0, 960.0, 1020.0, 1080.0, 1140.0, 1200.0, 1260.0, 1320.0, 1380.0, 1440.0, 1500.0, 1560.0, 1620.0, 1680.0, 1740.0, 1800.0, 1860.0, 1920.0, 1980.0, 2040.0, 2100.0, 2160.0, 2220.0, 2280.0, 2340.0, 2400.0, 2460.0, 2520.0, 2580.0, 2640.0, 2700.0, 2760.0, 2820.0, 2880.0, 2940.0, 3000.0]
/////////////////////////
PROCESSING:  TTM1700THBW
/////////////////////////
plotTreeName: Tprime2_DeepAK8_Mass
Flavour: E #tag: isV_bWbW #algo: DeepAK8
Weights: 1 * 1 * 1 * pileupWeight * 1 * lepIdSF * EGammaGsfSF * 1 * (MCWeight_singleLepCalc/abs(MCWeight_singleLepCalc)) * 3.46777141005e-05
Cuts: (leptonPt_singleLepCalc > 50) && (corr_met_singleLepCalc > 55) && (AK4HT > 480) && (minDR_lepJet > 0.4 || ptRel_lepJet > 40) && (NJetsAK8_JetSubCalc > 2) && (minDR_leadAK8otherAK8 < 3.0) && DataPastTrigger == 1 && isElectron==1
****************************************************************************************************
****************************************************************************************************
DISTRIBUTION: Tp2Mass
            -name in ljmet trees: Tprime2_ALGO_Mass
            -x-axis label is set to: ;M(T) [GeV])
            -using the binning as: [0.0, 60.0, 120.0, 180.0, 240.0, 300.0, 360.0, 420.0, 480.0, 540.0, 600.0, 660.0, 720.0, 780.0, 840.0, 900.0, 960.0, 1020.0, 1080.0, 1140.0, 1200.0, 1260.0, 1320.0, 1380.0, 1440.0, 1500.0, 1560.0, 1620.0, 1680.0, 1740.0, 1800.0, 1860.0, 1920.0, 1980.0, 2040.0, 2100.0, 2160.0, 2220.0, 2280.0, 2340.0, 2400.0, 2460.0, 2520.0, 2580.0, 2640.0, 2700.0, 2760.0, 2820.0, 2880.0, 2940.0, 3000.0]
/////////////////////////
PROCESSING:  TTM1700TZTH
/////////////////////////
plotTreeName: Tprime2_DeepAK8_Mass
Flavour: E #tag: isV_bWbW #algo: DeepAK8
Weights: 1 * 1 * 1 * pileupWeight * 1 * lepIdSF * EGammaGsfSF * 1 * (MCWeight_singleLepCalc/abs(MCWeight_singleLepCalc)) * 1.73388570503e-05
Cuts: (leptonPt_singleLepCalc > 50) && (corr_met_singleLepCalc > 55) && (AK4HT > 480) && (minDR_lepJet > 0.4 || ptRel_lepJet > 40) && (NJetsAK8_JetSubCalc > 2) && (minDR_leadAK8otherAK8 < 3.0) && DataPastTrigger == 1 && isElectron==1
****************************************************************************************************
****************************************************************************************************
DISTRIBUTION: Tp2Mass
            -name in ljmet trees: Tprime2_ALGO_Mass
            -x-axis label is set to: ;M(T) [GeV])
            -using the binning as: [0.0, 60.0, 120.0, 180.0, 240.0, 300.0, 360.0, 420.0, 480.0, 540.0, 600.0, 660.0, 720.0, 780.0, 840.0, 900.0, 960.0, 1020.0, 1080.0, 1140.0, 1200.0, 1260.0, 1320.0, 1380.0, 1440.0, 1500.0, 1560.0, 1620.0, 1680.0, 1740.0, 1800.0, 1860.0, 1920.0, 1980.0, 2040.0, 2100.0, 2160.0, 2220.0, 2280.0, 2340.0, 2400.0, 2460.0, 2520.0, 2580.0, 2640.0, 2700.0, 2760.0, 2820.0, 2880.0, 2940.0, 3000.0]
/////////////////////////
PROCESSING:  TTM1800BWBW
/////////////////////////
plotTreeName: Tprime2_DeepAK8_Mass
Flavour: E #tag: isV_bWbW #algo: DeepAK8
Weights: 1 * 1 * 1 * pileupWeight * 1 * lepIdSF * EGammaGsfSF * 1 * (MCWeight_singleLepCalc/abs(MCWeight_singleLepCalc)) * 3.89579688164e-05
Cuts: (leptonPt_singleLepCalc > 50) && (corr_met_singleLepCalc > 55) && (AK4HT > 480) && (minDR_lepJet > 0.4 || ptRel_lepJet > 40) && (NJetsAK8_JetSubCalc > 2) && (minDR_leadAK8otherAK8 < 3.0) && DataPastTrigger == 1 && isElectron==1
****************************************************************************************************
****************************************************************************************************
DISTRIBUTION: Tp2Mass
            -name in ljmet trees: Tprime2_ALGO_Mass
            -x-axis label is set to: ;M(T) [GeV])
            -using the binning as: [0.0, 60.0, 120.0, 180.0, 240.0, 300.0, 360.0, 420.0, 480.0, 540.0, 600.0, 660.0, 720.0, 780.0, 840.0, 900.0, 960.0, 1020.0, 1080.0, 1140.0, 1200.0, 1260.0, 1320.0, 1380.0, 1440.0, 1500.0, 1560.0, 1620.0, 1680.0, 1740.0, 1800.0, 1860.0, 1920.0, 1980.0, 2040.0, 2100.0, 2160.0, 2220.0, 2280.0, 2340.0, 2400.0, 2460.0, 2520.0, 2580.0, 2640.0, 2700.0, 2760.0, 2820.0, 2880.0, 2940.0, 3000.0]
/////////////////////////
PROCESSING:  TTM1800THTH
/////////////////////////
plotTreeName: Tprime2_DeepAK8_Mass
Flavour: E #tag: isV_bWbW #algo: DeepAK8
Weights: 1 * 1 * 1 * pileupWeight * 1 * lepIdSF * EGammaGsfSF * 1 * (MCWeight_singleLepCalc/abs(MCWeight_singleLepCalc)) * 9.7394922041e-06
Cuts: (leptonPt_singleLepCalc > 50) && (corr_met_singleLepCalc > 55) && (AK4HT > 480) && (minDR_lepJet > 0.4 || ptRel_lepJet > 40) && (NJetsAK8_JetSubCalc > 2) && (minDR_leadAK8otherAK8 < 3.0) && DataPastTrigger == 1 && isElectron==1
****************************************************************************************************
****************************************************************************************************
DISTRIBUTION: Tp2Mass
            -name in ljmet trees: Tprime2_ALGO_Mass
            -x-axis label is set to: ;M(T) [GeV])
            -using the binning as: [0.0, 60.0, 120.0, 180.0, 240.0, 300.0, 360.0, 420.0, 480.0, 540.0, 600.0, 660.0, 720.0, 780.0, 840.0, 900.0, 960.0, 1020.0, 1080.0, 1140.0, 1200.0, 1260.0, 1320.0, 1380.0, 1440.0, 1500.0, 1560.0, 1620.0, 1680.0, 1740.0, 1800.0, 1860.0, 1920.0, 1980.0, 2040.0, 2100.0, 2160.0, 2220.0, 2280.0, 2340.0, 2400.0, 2460.0, 2520.0, 2580.0, 2640.0, 2700.0, 2760.0, 2820.0, 2880.0, 2940.0, 3000.0]
/////////////////////////
PROCESSING:  TTM1800TZTZ
/////////////////////////
plotTreeName: Tprime2_DeepAK8_Mass
Flavour: E #tag: isV_bWbW #algo: DeepAK8
Weights: 1 * 1 * 1 * pileupWeight * 1 * lepIdSF * EGammaGsfSF * 1 * (MCWeight_singleLepCalc/abs(MCWeight_singleLepCalc)) * 9.7394922041e-06
Cuts: (leptonPt_singleLepCalc > 50) && (corr_met_singleLepCalc > 55) && (AK4HT > 480) && (minDR_lepJet > 0.4 || ptRel_lepJet > 40) && (NJetsAK8_JetSubCalc > 2) && (minDR_leadAK8otherAK8 < 3.0) && DataPastTrigger == 1 && isElectron==1
****************************************************************************************************
****************************************************************************************************
DISTRIBUTION: Tp2Mass
            -name in ljmet trees: Tprime2_ALGO_Mass
            -x-axis label is set to: ;M(T) [GeV])
            -using the binning as: [0.0, 60.0, 120.0, 180.0, 240.0, 300.0, 360.0, 420.0, 480.0, 540.0, 600.0, 660.0, 720.0, 780.0, 840.0, 900.0, 960.0, 1020.0, 1080.0, 1140.0, 1200.0, 1260.0, 1320.0, 1380.0, 1440.0, 1500.0, 1560.0, 1620.0, 1680.0, 1740.0, 1800.0, 1860.0, 1920.0, 1980.0, 2040.0, 2100.0, 2160.0, 2220.0, 2280.0, 2340.0, 2400.0, 2460.0, 2520.0, 2580.0, 2640.0, 2700.0, 2760.0, 2820.0, 2880.0, 2940.0, 3000.0]
/////////////////////////
PROCESSING:  TTM1800TZBW
/////////////////////////
plotTreeName: Tprime2_DeepAK8_Mass
Flavour: E #tag: isV_bWbW #algo: DeepAK8
Weights: 1 * 1 * 1 * pileupWeight * 1 * lepIdSF * EGammaGsfSF * 1 * (MCWeight_singleLepCalc/abs(MCWeight_singleLepCalc)) * 1.94789844082e-05
Cuts: (leptonPt_singleLepCalc > 50) && (corr_met_singleLepCalc > 55) && (AK4HT > 480) && (minDR_lepJet > 0.4 || ptRel_lepJet > 40) && (NJetsAK8_JetSubCalc > 2) && (minDR_leadAK8otherAK8 < 3.0) && DataPastTrigger == 1 && isElectron==1
****************************************************************************************************
****************************************************************************************************
DISTRIBUTION: Tp2Mass
            -name in ljmet trees: Tprime2_ALGO_Mass
            -x-axis label is set to: ;M(T) [GeV])
            -using the binning as: [0.0, 60.0, 120.0, 180.0, 240.0, 300.0, 360.0, 420.0, 480.0, 540.0, 600.0, 660.0, 720.0, 780.0, 840.0, 900.0, 960.0, 1020.0, 1080.0, 1140.0, 1200.0, 1260.0, 1320.0, 1380.0, 1440.0, 1500.0, 1560.0, 1620.0, 1680.0, 1740.0, 1800.0, 1860.0, 1920.0, 1980.0, 2040.0, 2100.0, 2160.0, 2220.0, 2280.0, 2340.0, 2400.0, 2460.0, 2520.0, 2580.0, 2640.0, 2700.0, 2760.0, 2820.0, 2880.0, 2940.0, 3000.0]
/////////////////////////
PROCESSING:  TTM1800THBW
/////////////////////////
plotTreeName: Tprime2_DeepAK8_Mass
Flavour: E #tag: isV_bWbW #algo: DeepAK8
Weights: 1 * 1 * 1 * pileupWeight * 1 * lepIdSF * EGammaGsfSF * 1 * (MCWeight_singleLepCalc/abs(MCWeight_singleLepCalc)) * 1.94789844082e-05
Cuts: (leptonPt_singleLepCalc > 50) && (corr_met_singleLepCalc > 55) && (AK4HT > 480) && (minDR_lepJet > 0.4 || ptRel_lepJet > 40) && (NJetsAK8_JetSubCalc > 2) && (minDR_leadAK8otherAK8 < 3.0) && DataPastTrigger == 1 && isElectron==1
****************************************************************************************************
****************************************************************************************************
DISTRIBUTION: Tp2Mass
            -name in ljmet trees: Tprime2_ALGO_Mass
            -x-axis label is set to: ;M(T) [GeV])
            -using the binning as: [0.0, 60.0, 120.0, 180.0, 240.0, 300.0, 360.0, 420.0, 480.0, 540.0, 600.0, 660.0, 720.0, 780.0, 840.0, 900.0, 960.0, 1020.0, 1080.0, 1140.0, 1200.0, 1260.0, 1320.0, 1380.0, 1440.0, 1500.0, 1560.0, 1620.0, 1680.0, 1740.0, 1800.0, 1860.0, 1920.0, 1980.0, 2040.0, 2100.0, 2160.0, 2220.0, 2280.0, 2340.0, 2400.0, 2460.0, 2520.0, 2580.0, 2640.0, 2700.0, 2760.0, 2820.0, 2880.0, 2940.0, 3000.0]
/////////////////////////
PROCESSING:  TTM1800TZTH
/////////////////////////
plotTreeName: Tprime2_DeepAK8_Mass
Flavour: E #tag: isV_bWbW #algo: DeepAK8
Weights: 1 * 1 * 1 * pileupWeight * 1 * lepIdSF * EGammaGsfSF * 1 * (MCWeight_singleLepCalc/abs(MCWeight_singleLepCalc)) * 9.7394922041e-06
Cuts: (leptonPt_singleLepCalc > 50) && (corr_met_singleLepCalc > 55) && (AK4HT > 480) && (minDR_lepJet > 0.4 || ptRel_lepJet > 40) && (NJetsAK8_JetSubCalc > 2) && (minDR_leadAK8otherAK8 < 3.0) && DataPastTrigger == 1 && isElectron==1
****************************************************************************************************
****************************************************************************************************
DISTRIBUTION: Tp2Mass
            -name in ljmet trees: Tprime2_ALGO_Mass
            -x-axis label is set to: ;M(T) [GeV])
            -using the binning as: [0.0, 60.0, 120.0, 180.0, 240.0, 300.0, 360.0, 420.0, 480.0, 540.0, 600.0, 660.0, 720.0, 780.0, 840.0, 900.0, 960.0, 1020.0, 1080.0, 1140.0, 1200.0, 1260.0, 1320.0, 1380.0, 1440.0, 1500.0, 1560.0, 1620.0, 1680.0, 1740.0, 1800.0, 1860.0, 1920.0, 1980.0, 2040.0, 2100.0, 2160.0, 2220.0, 2280.0, 2340.0, 2400.0, 2460.0, 2520.0, 2580.0, 2640.0, 2700.0, 2760.0, 2820.0, 2880.0, 2940.0, 3000.0]
/////////////////////////
PROCESSING:  WJetsMG400
/////////////////////////
plotTreeName: Tprime2_DeepAK8_decorr_Mass
Flavour: E #tag: isV_bWbW #algo: DeepAK8_decorr
Weights: 1 * HTSF_Pol * 1 * pileupWeight * 1 * lepIdSF * EGammaGsfSF * 1 * (MCWeight_singleLepCalc/abs(MCWeight_singleLepCalc)) * 0.280770227538
Cuts: (leptonPt_singleLepCalc > 50) && (corr_met_singleLepCalc > 55) && (AK4HT > 480) && (minDR_lepJet > 0.4 || ptRel_lepJet > 40) && (NJetsAK8_JetSubCalc > 2) && (minDR_leadAK8otherAK8 < 3.0) && DataPastTrigger == 1 && isElectron==1
****************************************************************************************************
****************************************************************************************************
DISTRIBUTION: Tp2Mass
            -name in ljmet trees: Tprime2_ALGO_Mass
            -x-axis label is set to: ;M(T) [GeV])
            -using the binning as: [0.0, 60.0, 120.0, 180.0, 240.0, 300.0, 360.0, 420.0, 480.0, 540.0, 600.0, 660.0, 720.0, 780.0, 840.0, 900.0, 960.0, 1020.0, 1080.0, 1140.0, 1200.0, 1260.0, 1320.0, 1380.0, 1440.0, 1500.0, 1560.0, 1620.0, 1680.0, 1740.0, 1800.0, 1860.0, 1920.0, 1980.0, 2040.0, 2100.0, 2160.0, 2220.0, 2280.0, 2340.0, 2400.0, 2460.0, 2520.0, 2580.0, 2640.0, 2700.0, 2760.0, 2820.0, 2880.0, 2940.0, 3000.0]
/////////////////////////
PROCESSING:  WJetsMG600
/////////////////////////
plotTreeName: Tprime2_DeepAK8_decorr_Mass
Flavour: E #tag: isV_bWbW #algo: DeepAK8_decorr
Weights: 1 * HTSF_Pol * 1 * pileupWeight * 1 * lepIdSF * EGammaGsfSF * 1 * (MCWeight_singleLepCalc/abs(MCWeight_singleLepCalc)) * 0.0287233231554
Cuts: (leptonPt_singleLepCalc > 50) && (corr_met_singleLepCalc > 55) && (AK4HT > 480) && (minDR_lepJet > 0.4 || ptRel_lepJet > 40) && (NJetsAK8_JetSubCalc > 2) && (minDR_leadAK8otherAK8 < 3.0) && DataPastTrigger == 1 && isElectron==1
****************************************************************************************************
****************************************************************************************************
DISTRIBUTION: Tp2Mass
            -name in ljmet trees: Tprime2_ALGO_Mass
            -x-axis label is set to: ;M(T) [GeV])
            -using the binning as: [0.0, 60.0, 120.0, 180.0, 240.0, 300.0, 360.0, 420.0, 480.0, 540.0, 600.0, 660.0, 720.0, 780.0, 840.0, 900.0, 960.0, 1020.0, 1080.0, 1140.0, 1200.0, 1260.0, 1320.0, 1380.0, 1440.0, 1500.0, 1560.0, 1620.0, 1680.0, 1740.0, 1800.0, 1860.0, 1920.0, 1980.0, 2040.0, 2100.0, 2160.0, 2220.0, 2280.0, 2340.0, 2400.0, 2460.0, 2520.0, 2580.0, 2640.0, 2700.0, 2760.0, 2820.0, 2880.0, 2940.0, 3000.0]
/////////////////////////
PROCESSING:  WJetsMG800
/////////////////////////
plotTreeName: Tprime2_DeepAK8_decorr_Mass
Flavour: E #tag: isV_bWbW #algo: DeepAK8_decorr
Weights: 1 * HTSF_Pol * 1 * pileupWeight * 1 * lepIdSF * EGammaGsfSF * 1 * (MCWeight_singleLepCalc/abs(MCWeight_singleLepCalc)) * 0.0316367902594
Cuts: (leptonPt_singleLepCalc > 50) && (corr_met_singleLepCalc > 55) && (AK4HT > 480) && (minDR_lepJet > 0.4 || ptRel_lepJet > 40) && (NJetsAK8_JetSubCalc > 2) && (minDR_leadAK8otherAK8 < 3.0) && DataPastTrigger == 1 && isElectron==1
****************************************************************************************************
****************************************************************************************************
DISTRIBUTION: Tp2Mass
            -name in ljmet trees: Tprime2_ALGO_Mass
            -x-axis label is set to: ;M(T) [GeV])
            -using the binning as: [0.0, 60.0, 120.0, 180.0, 240.0, 300.0, 360.0, 420.0, 480.0, 540.0, 600.0, 660.0, 720.0, 780.0, 840.0, 900.0, 960.0, 1020.0, 1080.0, 1140.0, 1200.0, 1260.0, 1320.0, 1380.0, 1440.0, 1500.0, 1560.0, 1620.0, 1680.0, 1740.0, 1800.0, 1860.0, 1920.0, 1980.0, 2040.0, 2100.0, 2160.0, 2220.0, 2280.0, 2340.0, 2400.0, 2460.0, 2520.0, 2580.0, 2640.0, 2700.0, 2760.0, 2820.0, 2880.0, 2940.0, 3000.0]
/////////////////////////
PROCESSING:  WJetsMG1200
/////////////////////////
plotTreeName: Tprime2_DeepAK8_decorr_Mass
Flavour: E #tag: isV_bWbW #algo: DeepAK8_decorr
Weights: 1 * HTSF_Pol * 1 * pileupWeight * 1 * lepIdSF * EGammaGsfSF * 1 * (MCWeight_singleLepCalc/abs(MCWeight_singleLepCalc)) * 0.00861414819858
Cuts: (leptonPt_singleLepCalc > 50) && (corr_met_singleLepCalc > 55) && (AK4HT > 480) && (minDR_lepJet > 0.4 || ptRel_lepJet > 40) && (NJetsAK8_JetSubCalc > 2) && (minDR_leadAK8otherAK8 < 3.0) && DataPastTrigger == 1 && isElectron==1
****************************************************************************************************
****************************************************************************************************
DISTRIBUTION: Tp2Mass
            -name in ljmet trees: Tprime2_ALGO_Mass
            -x-axis label is set to: ;M(T) [GeV])
            -using the binning as: [0.0, 60.0, 120.0, 180.0, 240.0, 300.0, 360.0, 420.0, 480.0, 540.0, 600.0, 660.0, 720.0, 780.0, 840.0, 900.0, 960.0, 1020.0, 1080.0, 1140.0, 1200.0, 1260.0, 1320.0, 1380.0, 1440.0, 1500.0, 1560.0, 1620.0, 1680.0, 1740.0, 1800.0, 1860.0, 1920.0, 1980.0, 2040.0, 2100.0, 2160.0, 2220.0, 2280.0, 2340.0, 2400.0, 2460.0, 2520.0, 2580.0, 2640.0, 2700.0, 2760.0, 2820.0, 2880.0, 2940.0, 3000.0]
/////////////////////////
PROCESSING:  WJetsMG2500
/////////////////////////
plotTreeName: Tprime2_DeepAK8_decorr_Mass
Flavour: E #tag: isV_bWbW #algo: DeepAK8_decorr
Weights: 1 * HTSF_Pol * 1 * pileupWeight * 1 * lepIdSF * EGammaGsfSF * 1 * (MCWeight_singleLepCalc/abs(MCWeight_singleLepCalc)) * 0.00054308661217
Cuts: (leptonPt_singleLepCalc > 50) && (corr_met_singleLepCalc > 55) && (AK4HT > 480) && (minDR_lepJet > 0.4 || ptRel_lepJet > 40) && (NJetsAK8_JetSubCalc > 2) && (minDR_leadAK8otherAK8 < 3.0) && DataPastTrigger == 1 && isElectron==1
****************************************************************************************************
****************************************************************************************************
DISTRIBUTION: Tp2Mass
            -name in ljmet trees: Tprime2_ALGO_Mass
            -x-axis label is set to: ;M(T) [GeV])
            -using the binning as: [0.0, 60.0, 120.0, 180.0, 240.0, 300.0, 360.0, 420.0, 480.0, 540.0, 600.0, 660.0, 720.0, 780.0, 840.0, 900.0, 960.0, 1020.0, 1080.0, 1140.0, 1200.0, 1260.0, 1320.0, 1380.0, 1440.0, 1500.0, 1560.0, 1620.0, 1680.0, 1740.0, 1800.0, 1860.0, 1920.0, 1980.0, 2040.0, 2100.0, 2160.0, 2220.0, 2280.0, 2340.0, 2400.0, 2460.0, 2520.0, 2580.0, 2640.0, 2700.0, 2760.0, 2820.0, 2880.0, 2940.0, 3000.0]
/////////////////////////
PROCESSING:  TTM1100BWBW
/////////////////////////
plotTreeName: Tprime2_DeepAK8_decorr_Mass
Flavour: E #tag: isV_bWbW #algo: DeepAK8_decorr
Weights: 1 * 1 * 1 * pileupWeight * 1 * lepIdSF * EGammaGsfSF * 1 * (MCWeight_singleLepCalc/abs(MCWeight_singleLepCalc)) * 0.00223239916536
Cuts: (leptonPt_singleLepCalc > 50) && (corr_met_singleLepCalc > 55) && (AK4HT > 480) && (minDR_lepJet > 0.4 || ptRel_lepJet > 40) && (NJetsAK8_JetSubCalc > 2) && (minDR_leadAK8otherAK8 < 3.0) && DataPastTrigger == 1 && isElectron==1
****************************************************************************************************
****************************************************************************************************
DISTRIBUTION: Tp2Mass
            -name in ljmet trees: Tprime2_ALGO_Mass
            -x-axis label is set to: ;M(T) [GeV])
            -using the binning as: [0.0, 60.0, 120.0, 180.0, 240.0, 300.0, 360.0, 420.0, 480.0, 540.0, 600.0, 660.0, 720.0, 780.0, 840.0, 900.0, 960.0, 1020.0, 1080.0, 1140.0, 1200.0, 1260.0, 1320.0, 1380.0, 1440.0, 1500.0, 1560.0, 1620.0, 1680.0, 1740.0, 1800.0, 1860.0, 1920.0, 1980.0, 2040.0, 2100.0, 2160.0, 2220.0, 2280.0, 2340.0, 2400.0, 2460.0, 2520.0, 2580.0, 2640.0, 2700.0, 2760.0, 2820.0, 2880.0, 2940.0, 3000.0]
/////////////////////////
PROCESSING:  TTM1100THTH
/////////////////////////
plotTreeName: Tprime2_DeepAK8_decorr_Mass
Flavour: E #tag: isV_bWbW #algo: DeepAK8_decorr
Weights: 1 * 1 * 1 * pileupWeight * 1 * lepIdSF * EGammaGsfSF * 1 * (MCWeight_singleLepCalc/abs(MCWeight_singleLepCalc)) * 0.000558099791339
Cuts: (leptonPt_singleLepCalc > 50) && (corr_met_singleLepCalc > 55) && (AK4HT > 480) && (minDR_lepJet > 0.4 || ptRel_lepJet > 40) && (NJetsAK8_JetSubCalc > 2) && (minDR_leadAK8otherAK8 < 3.0) && DataPastTrigger == 1 && isElectron==1
****************************************************************************************************
****************************************************************************************************
DISTRIBUTION: Tp2Mass
            -name in ljmet trees: Tprime2_ALGO_Mass
            -x-axis label is set to: ;M(T) [GeV])
            -using the binning as: [0.0, 60.0, 120.0, 180.0, 240.0, 300.0, 360.0, 420.0, 480.0, 540.0, 600.0, 660.0, 720.0, 780.0, 840.0, 900.0, 960.0, 1020.0, 1080.0, 1140.0, 1200.0, 1260.0, 1320.0, 1380.0, 1440.0, 1500.0, 1560.0, 1620.0, 1680.0, 1740.0, 1800.0, 1860.0, 1920.0, 1980.0, 2040.0, 2100.0, 2160.0, 2220.0, 2280.0, 2340.0, 2400.0, 2460.0, 2520.0, 2580.0, 2640.0, 2700.0, 2760.0, 2820.0, 2880.0, 2940.0, 3000.0]
/////////////////////////
PROCESSING:  TTM1100TZTZ
/////////////////////////
plotTreeName: Tprime2_DeepAK8_decorr_Mass
Flavour: E #tag: isV_bWbW #algo: DeepAK8_decorr
Weights: 1 * 1 * 1 * pileupWeight * 1 * lepIdSF * EGammaGsfSF * 1 * (MCWeight_singleLepCalc/abs(MCWeight_singleLepCalc)) * 0.000558099791339
Cuts: (leptonPt_singleLepCalc > 50) && (corr_met_singleLepCalc > 55) && (AK4HT > 480) && (minDR_lepJet > 0.4 || ptRel_lepJet > 40) && (NJetsAK8_JetSubCalc > 2) && (minDR_leadAK8otherAK8 < 3.0) && DataPastTrigger == 1 && isElectron==1
****************************************************************************************************
****************************************************************************************************
DISTRIBUTION: Tp2Mass
            -name in ljmet trees: Tprime2_ALGO_Mass
            -x-axis label is set to: ;M(T) [GeV])
            -using the binning as: [0.0, 60.0, 120.0, 180.0, 240.0, 300.0, 360.0, 420.0, 480.0, 540.0, 600.0, 660.0, 720.0, 780.0, 840.0, 900.0, 960.0, 1020.0, 1080.0, 1140.0, 1200.0, 1260.0, 1320.0, 1380.0, 1440.0, 1500.0, 1560.0, 1620.0, 1680.0, 1740.0, 1800.0, 1860.0, 1920.0, 1980.0, 2040.0, 2100.0, 2160.0, 2220.0, 2280.0, 2340.0, 2400.0, 2460.0, 2520.0, 2580.0, 2640.0, 2700.0, 2760.0, 2820.0, 2880.0, 2940.0, 3000.0]
/////////////////////////
PROCESSING:  TTM1100TZBW
/////////////////////////
plotTreeName: Tprime2_DeepAK8_decorr_Mass
Flavour: E #tag: isV_bWbW #algo: DeepAK8_decorr
Weights: 1 * 1 * 1 * pileupWeight * 1 * lepIdSF * EGammaGsfSF * 1 * (MCWeight_singleLepCalc/abs(MCWeight_singleLepCalc)) * 0.00111619958268
Cuts: (leptonPt_singleLepCalc > 50) && (corr_met_singleLepCalc > 55) && (AK4HT > 480) && (minDR_lepJet > 0.4 || ptRel_lepJet > 40) && (NJetsAK8_JetSubCalc > 2) && (minDR_leadAK8otherAK8 < 3.0) && DataPastTrigger == 1 && isElectron==1
****************************************************************************************************
****************************************************************************************************
DISTRIBUTION: Tp2Mass
            -name in ljmet trees: Tprime2_ALGO_Mass
            -x-axis label is set to: ;M(T) [GeV])
            -using the binning as: [0.0, 60.0, 120.0, 180.0, 240.0, 300.0, 360.0, 420.0, 480.0, 540.0, 600.0, 660.0, 720.0, 780.0, 840.0, 900.0, 960.0, 1020.0, 1080.0, 1140.0, 1200.0, 1260.0, 1320.0, 1380.0, 1440.0, 1500.0, 1560.0, 1620.0, 1680.0, 1740.0, 1800.0, 1860.0, 1920.0, 1980.0, 2040.0, 2100.0, 2160.0, 2220.0, 2280.0, 2340.0, 2400.0, 2460.0, 2520.0, 2580.0, 2640.0, 2700.0, 2760.0, 2820.0, 2880.0, 2940.0, 3000.0]
/////////////////////////
PROCESSING:  TTM1100THBW
/////////////////////////
plotTreeName: Tprime2_DeepAK8_decorr_Mass
Flavour: E #tag: isV_bWbW #algo: DeepAK8_decorr
Weights: 1 * 1 * 1 * pileupWeight * 1 * lepIdSF * EGammaGsfSF * 1 * (MCWeight_singleLepCalc/abs(MCWeight_singleLepCalc)) * 0.00111619958268
Cuts: (leptonPt_singleLepCalc > 50) && (corr_met_singleLepCalc > 55) && (AK4HT > 480) && (minDR_lepJet > 0.4 || ptRel_lepJet > 40) && (NJetsAK8_JetSubCalc > 2) && (minDR_leadAK8otherAK8 < 3.0) && DataPastTrigger == 1 && isElectron==1
****************************************************************************************************
****************************************************************************************************
DISTRIBUTION: Tp2Mass
            -name in ljmet trees: Tprime2_ALGO_Mass
            -x-axis label is set to: ;M(T) [GeV])
            -using the binning as: [0.0, 60.0, 120.0, 180.0, 240.0, 300.0, 360.0, 420.0, 480.0, 540.0, 600.0, 660.0, 720.0, 780.0, 840.0, 900.0, 960.0, 1020.0, 1080.0, 1140.0, 1200.0, 1260.0, 1320.0, 1380.0, 1440.0, 1500.0, 1560.0, 1620.0, 1680.0, 1740.0, 1800.0, 1860.0, 1920.0, 1980.0, 2040.0, 2100.0, 2160.0, 2220.0, 2280.0, 2340.0, 2400.0, 2460.0, 2520.0, 2580.0, 2640.0, 2700.0, 2760.0, 2820.0, 2880.0, 2940.0, 3000.0]
/////////////////////////
PROCESSING:  TTM1100TZTH
/////////////////////////
plotTreeName: Tprime2_DeepAK8_decorr_Mass
Flavour: E #tag: isV_bWbW #algo: DeepAK8_decorr
Weights: 1 * 1 * 1 * pileupWeight * 1 * lepIdSF * EGammaGsfSF * 1 * (MCWeight_singleLepCalc/abs(MCWeight_singleLepCalc)) * 0.000558099791339
Cuts: (leptonPt_singleLepCalc > 50) && (corr_met_singleLepCalc > 55) && (AK4HT > 480) && (minDR_lepJet > 0.4 || ptRel_lepJet > 40) && (NJetsAK8_JetSubCalc > 2) && (minDR_leadAK8otherAK8 < 3.0) && DataPastTrigger == 1 && isElectron==1
****************************************************************************************************
****************************************************************************************************
DISTRIBUTION: Tp2Mass
            -name in ljmet trees: Tprime2_ALGO_Mass
            -x-axis label is set to: ;M(T) [GeV])
            -using the binning as: [0.0, 60.0, 120.0, 180.0, 240.0, 300.0, 360.0, 420.0, 480.0, 540.0, 600.0, 660.0, 720.0, 780.0, 840.0, 900.0, 960.0, 1020.0, 1080.0, 1140.0, 1200.0, 1260.0, 1320.0, 1380.0, 1440.0, 1500.0, 1560.0, 1620.0, 1680.0, 1740.0, 1800.0, 1860.0, 1920.0, 1980.0, 2040.0, 2100.0, 2160.0, 2220.0, 2280.0, 2340.0, 2400.0, 2460.0, 2520.0, 2580.0, 2640.0, 2700.0, 2760.0, 2820.0, 2880.0, 2940.0, 3000.0]
/////////////////////////
PROCESSING:  TTM1200BWBW
/////////////////////////
plotTreeName: Tprime2_DeepAK8_decorr_Mass
Flavour: E #tag: isV_bWbW #algo: DeepAK8_decorr
Weights: 1 * 1 * 1 * pileupWeight * 1 * lepIdSF * EGammaGsfSF * 1 * (MCWeight_singleLepCalc/abs(MCWeight_singleLepCalc)) * 0.00117627847652
Cuts: (leptonPt_singleLepCalc > 50) && (corr_met_singleLepCalc > 55) && (AK4HT > 480) && (minDR_lepJet > 0.4 || ptRel_lepJet > 40) && (NJetsAK8_JetSubCalc > 2) && (minDR_leadAK8otherAK8 < 3.0) && DataPastTrigger == 1 && isElectron==1
****************************************************************************************************
****************************************************************************************************
DISTRIBUTION: Tp2Mass
            -name in ljmet trees: Tprime2_ALGO_Mass
            -x-axis label is set to: ;M(T) [GeV])
            -using the binning as: [0.0, 60.0, 120.0, 180.0, 240.0, 300.0, 360.0, 420.0, 480.0, 540.0, 600.0, 660.0, 720.0, 780.0, 840.0, 900.0, 960.0, 1020.0, 1080.0, 1140.0, 1200.0, 1260.0, 1320.0, 1380.0, 1440.0, 1500.0, 1560.0, 1620.0, 1680.0, 1740.0, 1800.0, 1860.0, 1920.0, 1980.0, 2040.0, 2100.0, 2160.0, 2220.0, 2280.0, 2340.0, 2400.0, 2460.0, 2520.0, 2580.0, 2640.0, 2700.0, 2760.0, 2820.0, 2880.0, 2940.0, 3000.0]
/////////////////////////
PROCESSING:  TTM1200THTH
/////////////////////////
plotTreeName: Tprime2_DeepAK8_decorr_Mass
Flavour: E #tag: isV_bWbW #algo: DeepAK8_decorr
Weights: 1 * 1 * 1 * pileupWeight * 1 * lepIdSF * EGammaGsfSF * 1 * (MCWeight_singleLepCalc/abs(MCWeight_singleLepCalc)) * 0.00029406961913
Cuts: (leptonPt_singleLepCalc > 50) && (corr_met_singleLepCalc > 55) && (AK4HT > 480) && (minDR_lepJet > 0.4 || ptRel_lepJet > 40) && (NJetsAK8_JetSubCalc > 2) && (minDR_leadAK8otherAK8 < 3.0) && DataPastTrigger == 1 && isElectron==1
****************************************************************************************************
****************************************************************************************************
DISTRIBUTION: Tp2Mass
            -name in ljmet trees: Tprime2_ALGO_Mass
            -x-axis label is set to: ;M(T) [GeV])
            -using the binning as: [0.0, 60.0, 120.0, 180.0, 240.0, 300.0, 360.0, 420.0, 480.0, 540.0, 600.0, 660.0, 720.0, 780.0, 840.0, 900.0, 960.0, 1020.0, 1080.0, 1140.0, 1200.0, 1260.0, 1320.0, 1380.0, 1440.0, 1500.0, 1560.0, 1620.0, 1680.0, 1740.0, 1800.0, 1860.0, 1920.0, 1980.0, 2040.0, 2100.0, 2160.0, 2220.0, 2280.0, 2340.0, 2400.0, 2460.0, 2520.0, 2580.0, 2640.0, 2700.0, 2760.0, 2820.0, 2880.0, 2940.0, 3000.0]
/////////////////////////
PROCESSING:  TTM1200TZTZ
/////////////////////////
plotTreeName: Tprime2_DeepAK8_decorr_Mass
Flavour: E #tag: isV_bWbW #algo: DeepAK8_decorr
Weights: 1 * 1 * 1 * pileupWeight * 1 * lepIdSF * EGammaGsfSF * 1 * (MCWeight_singleLepCalc/abs(MCWeight_singleLepCalc)) * 0.00029406961913
Cuts: (leptonPt_singleLepCalc > 50) && (corr_met_singleLepCalc > 55) && (AK4HT > 480) && (minDR_lepJet > 0.4 || ptRel_lepJet > 40) && (NJetsAK8_JetSubCalc > 2) && (minDR_leadAK8otherAK8 < 3.0) && DataPastTrigger == 1 && isElectron==1
****************************************************************************************************
****************************************************************************************************
DISTRIBUTION: Tp2Mass
            -name in ljmet trees: Tprime2_ALGO_Mass
            -x-axis label is set to: ;M(T) [GeV])
            -using the binning as: [0.0, 60.0, 120.0, 180.0, 240.0, 300.0, 360.0, 420.0, 480.0, 540.0, 600.0, 660.0, 720.0, 780.0, 840.0, 900.0, 960.0, 1020.0, 1080.0, 1140.0, 1200.0, 1260.0, 1320.0, 1380.0, 1440.0, 1500.0, 1560.0, 1620.0, 1680.0, 1740.0, 1800.0, 1860.0, 1920.0, 1980.0, 2040.0, 2100.0, 2160.0, 2220.0, 2280.0, 2340.0, 2400.0, 2460.0, 2520.0, 2580.0, 2640.0, 2700.0, 2760.0, 2820.0, 2880.0, 2940.0, 3000.0]
/////////////////////////
PROCESSING:  TTM1200TZBW
/////////////////////////
plotTreeName: Tprime2_DeepAK8_decorr_Mass
Flavour: E #tag: isV_bWbW #algo: DeepAK8_decorr
Weights: 1 * 1 * 1 * pileupWeight * 1 * lepIdSF * EGammaGsfSF * 1 * (MCWeight_singleLepCalc/abs(MCWeight_singleLepCalc)) * 0.000588139238259
Cuts: (leptonPt_singleLepCalc > 50) && (corr_met_singleLepCalc > 55) && (AK4HT > 480) && (minDR_lepJet > 0.4 || ptRel_lepJet > 40) && (NJetsAK8_JetSubCalc > 2) && (minDR_leadAK8otherAK8 < 3.0) && DataPastTrigger == 1 && isElectron==1
****************************************************************************************************
****************************************************************************************************
DISTRIBUTION: Tp2Mass
            -name in ljmet trees: Tprime2_ALGO_Mass
            -x-axis label is set to: ;M(T) [GeV])
            -using the binning as: [0.0, 60.0, 120.0, 180.0, 240.0, 300.0, 360.0, 420.0, 480.0, 540.0, 600.0, 660.0, 720.0, 780.0, 840.0, 900.0, 960.0, 1020.0, 1080.0, 1140.0, 1200.0, 1260.0, 1320.0, 1380.0, 1440.0, 1500.0, 1560.0, 1620.0, 1680.0, 1740.0, 1800.0, 1860.0, 1920.0, 1980.0, 2040.0, 2100.0, 2160.0, 2220.0, 2280.0, 2340.0, 2400.0, 2460.0, 2520.0, 2580.0, 2640.0, 2700.0, 2760.0, 2820.0, 2880.0, 2940.0, 3000.0]
/////////////////////////
PROCESSING:  TTM1200THBW
/////////////////////////
plotTreeName: Tprime2_DeepAK8_decorr_Mass
Flavour: E #tag: isV_bWbW #algo: DeepAK8_decorr
Weights: 1 * 1 * 1 * pileupWeight * 1 * lepIdSF * EGammaGsfSF * 1 * (MCWeight_singleLepCalc/abs(MCWeight_singleLepCalc)) * 0.000588139238259
Cuts: (leptonPt_singleLepCalc > 50) && (corr_met_singleLepCalc > 55) && (AK4HT > 480) && (minDR_lepJet > 0.4 || ptRel_lepJet > 40) && (NJetsAK8_JetSubCalc > 2) && (minDR_leadAK8otherAK8 < 3.0) && DataPastTrigger == 1 && isElectron==1
****************************************************************************************************
****************************************************************************************************
DISTRIBUTION: Tp2Mass
            -name in ljmet trees: Tprime2_ALGO_Mass
            -x-axis label is set to: ;M(T) [GeV])
            -using the binning as: [0.0, 60.0, 120.0, 180.0, 240.0, 300.0, 360.0, 420.0, 480.0, 540.0, 600.0, 660.0, 720.0, 780.0, 840.0, 900.0, 960.0, 1020.0, 1080.0, 1140.0, 1200.0, 1260.0, 1320.0, 1380.0, 1440.0, 1500.0, 1560.0, 1620.0, 1680.0, 1740.0, 1800.0, 1860.0, 1920.0, 1980.0, 2040.0, 2100.0, 2160.0, 2220.0, 2280.0, 2340.0, 2400.0, 2460.0, 2520.0, 2580.0, 2640.0, 2700.0, 2760.0, 2820.0, 2880.0, 2940.0, 3000.0]
/////////////////////////
PROCESSING:  TTM1200TZTH
/////////////////////////
plotTreeName: Tprime2_DeepAK8_decorr_Mass
Flavour: E #tag: isV_bWbW #algo: DeepAK8_decorr
Weights: 1 * 1 * 1 * pileupWeight * 1 * lepIdSF * EGammaGsfSF * 1 * (MCWeight_singleLepCalc/abs(MCWeight_singleLepCalc)) * 0.00029406961913
Cuts: (leptonPt_singleLepCalc > 50) && (corr_met_singleLepCalc > 55) && (AK4HT > 480) && (minDR_lepJet > 0.4 || ptRel_lepJet > 40) && (NJetsAK8_JetSubCalc > 2) && (minDR_leadAK8otherAK8 < 3.0) && DataPastTrigger == 1 && isElectron==1
****************************************************************************************************
****************************************************************************************************
DISTRIBUTION: Tp2Mass
            -name in ljmet trees: Tprime2_ALGO_Mass
            -x-axis label is set to: ;M(T) [GeV])
            -using the binning as: [0.0, 60.0, 120.0, 180.0, 240.0, 300.0, 360.0, 420.0, 480.0, 540.0, 600.0, 660.0, 720.0, 780.0, 840.0, 900.0, 960.0, 1020.0, 1080.0, 1140.0, 1200.0, 1260.0, 1320.0, 1380.0, 1440.0, 1500.0, 1560.0, 1620.0, 1680.0, 1740.0, 1800.0, 1860.0, 1920.0, 1980.0, 2040.0, 2100.0, 2160.0, 2220.0, 2280.0, 2340.0, 2400.0, 2460.0, 2520.0, 2580.0, 2640.0, 2700.0, 2760.0, 2820.0, 2880.0, 2940.0, 3000.0]
/////////////////////////
PROCESSING:  TTM1300BWBW
/////////////////////////
plotTreeName: Tprime2_DeepAK8_decorr_Mass
Flavour: E #tag: isV_bWbW #algo: DeepAK8_decorr
Weights: 1 * 1 * 1 * pileupWeight * 1 * lepIdSF * EGammaGsfSF * 1 * (MCWeight_singleLepCalc/abs(MCWeight_singleLepCalc)) * 0.00063821114509
Cuts: (leptonPt_singleLepCalc > 50) && (corr_met_singleLepCalc > 55) && (AK4HT > 480) && (minDR_lepJet > 0.4 || ptRel_lepJet > 40) && (NJetsAK8_JetSubCalc > 2) && (minDR_leadAK8otherAK8 < 3.0) && DataPastTrigger == 1 && isElectron==1
****************************************************************************************************
****************************************************************************************************
DISTRIBUTION: Tp2Mass
            -name in ljmet trees: Tprime2_ALGO_Mass
            -x-axis label is set to: ;M(T) [GeV])
            -using the binning as: [0.0, 60.0, 120.0, 180.0, 240.0, 300.0, 360.0, 420.0, 480.0, 540.0, 600.0, 660.0, 720.0, 780.0, 840.0, 900.0, 960.0, 1020.0, 1080.0, 1140.0, 1200.0, 1260.0, 1320.0, 1380.0, 1440.0, 1500.0, 1560.0, 1620.0, 1680.0, 1740.0, 1800.0, 1860.0, 1920.0, 1980.0, 2040.0, 2100.0, 2160.0, 2220.0, 2280.0, 2340.0, 2400.0, 2460.0, 2520.0, 2580.0, 2640.0, 2700.0, 2760.0, 2820.0, 2880.0, 2940.0, 3000.0]
/////////////////////////
PROCESSING:  TTM1300THTH
/////////////////////////
plotTreeName: Tprime2_DeepAK8_decorr_Mass
Flavour: E #tag: isV_bWbW #algo: DeepAK8_decorr
Weights: 1 * 1 * 1 * pileupWeight * 1 * lepIdSF * EGammaGsfSF * 1 * (MCWeight_singleLepCalc/abs(MCWeight_singleLepCalc)) * 0.000159552786272
Cuts: (leptonPt_singleLepCalc > 50) && (corr_met_singleLepCalc > 55) && (AK4HT > 480) && (minDR_lepJet > 0.4 || ptRel_lepJet > 40) && (NJetsAK8_JetSubCalc > 2) && (minDR_leadAK8otherAK8 < 3.0) && DataPastTrigger == 1 && isElectron==1
****************************************************************************************************
****************************************************************************************************
DISTRIBUTION: Tp2Mass
            -name in ljmet trees: Tprime2_ALGO_Mass
            -x-axis label is set to: ;M(T) [GeV])
            -using the binning as: [0.0, 60.0, 120.0, 180.0, 240.0, 300.0, 360.0, 420.0, 480.0, 540.0, 600.0, 660.0, 720.0, 780.0, 840.0, 900.0, 960.0, 1020.0, 1080.0, 1140.0, 1200.0, 1260.0, 1320.0, 1380.0, 1440.0, 1500.0, 1560.0, 1620.0, 1680.0, 1740.0, 1800.0, 1860.0, 1920.0, 1980.0, 2040.0, 2100.0, 2160.0, 2220.0, 2280.0, 2340.0, 2400.0, 2460.0, 2520.0, 2580.0, 2640.0, 2700.0, 2760.0, 2820.0, 2880.0, 2940.0, 3000.0]
/////////////////////////
PROCESSING:  TTM1300TZTZ
/////////////////////////
plotTreeName: Tprime2_DeepAK8_decorr_Mass
Flavour: E #tag: isV_bWbW #algo: DeepAK8_decorr
Weights: 1 * 1 * 1 * pileupWeight * 1 * lepIdSF * EGammaGsfSF * 1 * (MCWeight_singleLepCalc/abs(MCWeight_singleLepCalc)) * 0.000159552786272
Cuts: (leptonPt_singleLepCalc > 50) && (corr_met_singleLepCalc > 55) && (AK4HT > 480) && (minDR_lepJet > 0.4 || ptRel_lepJet > 40) && (NJetsAK8_JetSubCalc > 2) && (minDR_leadAK8otherAK8 < 3.0) && DataPastTrigger == 1 && isElectron==1
****************************************************************************************************
****************************************************************************************************
DISTRIBUTION: Tp2Mass
            -name in ljmet trees: Tprime2_ALGO_Mass
            -x-axis label is set to: ;M(T) [GeV])
            -using the binning as: [0.0, 60.0, 120.0, 180.0, 240.0, 300.0, 360.0, 420.0, 480.0, 540.0, 600.0, 660.0, 720.0, 780.0, 840.0, 900.0, 960.0, 1020.0, 1080.0, 1140.0, 1200.0, 1260.0, 1320.0, 1380.0, 1440.0, 1500.0, 1560.0, 1620.0, 1680.0, 1740.0, 1800.0, 1860.0, 1920.0, 1980.0, 2040.0, 2100.0, 2160.0, 2220.0, 2280.0, 2340.0, 2400.0, 2460.0, 2520.0, 2580.0, 2640.0, 2700.0, 2760.0, 2820.0, 2880.0, 2940.0, 3000.0]
/////////////////////////
PROCESSING:  TTM1300TZBW
/////////////////////////
plotTreeName: Tprime2_DeepAK8_decorr_Mass
Flavour: E #tag: isV_bWbW #algo: DeepAK8_decorr
Weights: 1 * 1 * 1 * pileupWeight * 1 * lepIdSF * EGammaGsfSF * 1 * (MCWeight_singleLepCalc/abs(MCWeight_singleLepCalc)) * 0.000319105572545
Cuts: (leptonPt_singleLepCalc > 50) && (corr_met_singleLepCalc > 55) && (AK4HT > 480) && (minDR_lepJet > 0.4 || ptRel_lepJet > 40) && (NJetsAK8_JetSubCalc > 2) && (minDR_leadAK8otherAK8 < 3.0) && DataPastTrigger == 1 && isElectron==1
****************************************************************************************************
****************************************************************************************************
DISTRIBUTION: Tp2Mass
            -name in ljmet trees: Tprime2_ALGO_Mass
            -x-axis label is set to: ;M(T) [GeV])
            -using the binning as: [0.0, 60.0, 120.0, 180.0, 240.0, 300.0, 360.0, 420.0, 480.0, 540.0, 600.0, 660.0, 720.0, 780.0, 840.0, 900.0, 960.0, 1020.0, 1080.0, 1140.0, 1200.0, 1260.0, 1320.0, 1380.0, 1440.0, 1500.0, 1560.0, 1620.0, 1680.0, 1740.0, 1800.0, 1860.0, 1920.0, 1980.0, 2040.0, 2100.0, 2160.0, 2220.0, 2280.0, 2340.0, 2400.0, 2460.0, 2520.0, 2580.0, 2640.0, 2700.0, 2760.0, 2820.0, 2880.0, 2940.0, 3000.0]
/////////////////////////
PROCESSING:  TTM1300THBW
/////////////////////////
plotTreeName: Tprime2_DeepAK8_decorr_Mass
Flavour: E #tag: isV_bWbW #algo: DeepAK8_decorr
Weights: 1 * 1 * 1 * pileupWeight * 1 * lepIdSF * EGammaGsfSF * 1 * (MCWeight_singleLepCalc/abs(MCWeight_singleLepCalc)) * 0.000319105572545
Cuts: (leptonPt_singleLepCalc > 50) && (corr_met_singleLepCalc > 55) && (AK4HT > 480) && (minDR_lepJet > 0.4 || ptRel_lepJet > 40) && (NJetsAK8_JetSubCalc > 2) && (minDR_leadAK8otherAK8 < 3.0) && DataPastTrigger == 1 && isElectron==1
****************************************************************************************************
****************************************************************************************************
DISTRIBUTION: Tp2Mass
            -name in ljmet trees: Tprime2_ALGO_Mass
            -x-axis label is set to: ;M(T) [GeV])
            -using the binning as: [0.0, 60.0, 120.0, 180.0, 240.0, 300.0, 360.0, 420.0, 480.0, 540.0, 600.0, 660.0, 720.0, 780.0, 840.0, 900.0, 960.0, 1020.0, 1080.0, 1140.0, 1200.0, 1260.0, 1320.0, 1380.0, 1440.0, 1500.0, 1560.0, 1620.0, 1680.0, 1740.0, 1800.0, 1860.0, 1920.0, 1980.0, 2040.0, 2100.0, 2160.0, 2220.0, 2280.0, 2340.0, 2400.0, 2460.0, 2520.0, 2580.0, 2640.0, 2700.0, 2760.0, 2820.0, 2880.0, 2940.0, 3000.0]
/////////////////////////
PROCESSING:  TTM1300TZTH
/////////////////////////
plotTreeName: Tprime2_DeepAK8_decorr_Mass
Flavour: E #tag: isV_bWbW #algo: DeepAK8_decorr
Weights: 1 * 1 * 1 * pileupWeight * 1 * lepIdSF * EGammaGsfSF * 1 * (MCWeight_singleLepCalc/abs(MCWeight_singleLepCalc)) * 0.000159552786272
Cuts: (leptonPt_singleLepCalc > 50) && (corr_met_singleLepCalc > 55) && (AK4HT > 480) && (minDR_lepJet > 0.4 || ptRel_lepJet > 40) && (NJetsAK8_JetSubCalc > 2) && (minDR_leadAK8otherAK8 < 3.0) && DataPastTrigger == 1 && isElectron==1
****************************************************************************************************
****************************************************************************************************
DISTRIBUTION: Tp2Mass
            -name in ljmet trees: Tprime2_ALGO_Mass
            -x-axis label is set to: ;M(T) [GeV])
            -using the binning as: [0.0, 60.0, 120.0, 180.0, 240.0, 300.0, 360.0, 420.0, 480.0, 540.0, 600.0, 660.0, 720.0, 780.0, 840.0, 900.0, 960.0, 1020.0, 1080.0, 1140.0, 1200.0, 1260.0, 1320.0, 1380.0, 1440.0, 1500.0, 1560.0, 1620.0, 1680.0, 1740.0, 1800.0, 1860.0, 1920.0, 1980.0, 2040.0, 2100.0, 2160.0, 2220.0, 2280.0, 2340.0, 2400.0, 2460.0, 2520.0, 2580.0, 2640.0, 2700.0, 2760.0, 2820.0, 2880.0, 2940.0, 3000.0]
/////////////////////////
PROCESSING:  TTM1400BWBW
/////////////////////////
plotTreeName: Tprime2_DeepAK8_decorr_Mass
Flavour: E #tag: isV_bWbW #algo: DeepAK8_decorr
Weights: 1 * 1 * 1 * pileupWeight * 1 * lepIdSF * EGammaGsfSF * 1 * (MCWeight_singleLepCalc/abs(MCWeight_singleLepCalc)) * 0.000352883542956
Cuts: (leptonPt_singleLepCalc > 50) && (corr_met_singleLepCalc > 55) && (AK4HT > 480) && (minDR_lepJet > 0.4 || ptRel_lepJet > 40) && (NJetsAK8_JetSubCalc > 2) && (minDR_leadAK8otherAK8 < 3.0) && DataPastTrigger == 1 && isElectron==1
****************************************************************************************************
****************************************************************************************************
DISTRIBUTION: Tp2Mass
            -name in ljmet trees: Tprime2_ALGO_Mass
            -x-axis label is set to: ;M(T) [GeV])
            -using the binning as: [0.0, 60.0, 120.0, 180.0, 240.0, 300.0, 360.0, 420.0, 480.0, 540.0, 600.0, 660.0, 720.0, 780.0, 840.0, 900.0, 960.0, 1020.0, 1080.0, 1140.0, 1200.0, 1260.0, 1320.0, 1380.0, 1440.0, 1500.0, 1560.0, 1620.0, 1680.0, 1740.0, 1800.0, 1860.0, 1920.0, 1980.0, 2040.0, 2100.0, 2160.0, 2220.0, 2280.0, 2340.0, 2400.0, 2460.0, 2520.0, 2580.0, 2640.0, 2700.0, 2760.0, 2820.0, 2880.0, 2940.0, 3000.0]
/////////////////////////
PROCESSING:  TTM1400THTH
/////////////////////////
plotTreeName: Tprime2_DeepAK8_decorr_Mass
Flavour: E #tag: isV_bWbW #algo: DeepAK8_decorr
Weights: 1 * 1 * 1 * pileupWeight * 1 * lepIdSF * EGammaGsfSF * 1 * (MCWeight_singleLepCalc/abs(MCWeight_singleLepCalc)) * 8.82208857389e-05
Cuts: (leptonPt_singleLepCalc > 50) && (corr_met_singleLepCalc > 55) && (AK4HT > 480) && (minDR_lepJet > 0.4 || ptRel_lepJet > 40) && (NJetsAK8_JetSubCalc > 2) && (minDR_leadAK8otherAK8 < 3.0) && DataPastTrigger == 1 && isElectron==1
****************************************************************************************************
****************************************************************************************************
DISTRIBUTION: Tp2Mass
            -name in ljmet trees: Tprime2_ALGO_Mass
            -x-axis label is set to: ;M(T) [GeV])
            -using the binning as: [0.0, 60.0, 120.0, 180.0, 240.0, 300.0, 360.0, 420.0, 480.0, 540.0, 600.0, 660.0, 720.0, 780.0, 840.0, 900.0, 960.0, 1020.0, 1080.0, 1140.0, 1200.0, 1260.0, 1320.0, 1380.0, 1440.0, 1500.0, 1560.0, 1620.0, 1680.0, 1740.0, 1800.0, 1860.0, 1920.0, 1980.0, 2040.0, 2100.0, 2160.0, 2220.0, 2280.0, 2340.0, 2400.0, 2460.0, 2520.0, 2580.0, 2640.0, 2700.0, 2760.0, 2820.0, 2880.0, 2940.0, 3000.0]
/////////////////////////
PROCESSING:  TTM1400TZTZ
/////////////////////////
plotTreeName: Tprime2_DeepAK8_decorr_Mass
Flavour: E #tag: isV_bWbW #algo: DeepAK8_decorr
Weights: 1 * 1 * 1 * pileupWeight * 1 * lepIdSF * EGammaGsfSF * 1 * (MCWeight_singleLepCalc/abs(MCWeight_singleLepCalc)) * 8.82208857389e-05
Cuts: (leptonPt_singleLepCalc > 50) && (corr_met_singleLepCalc > 55) && (AK4HT > 480) && (minDR_lepJet > 0.4 || ptRel_lepJet > 40) && (NJetsAK8_JetSubCalc > 2) && (minDR_leadAK8otherAK8 < 3.0) && DataPastTrigger == 1 && isElectron==1
****************************************************************************************************
****************************************************************************************************
DISTRIBUTION: Tp2Mass
            -name in ljmet trees: Tprime2_ALGO_Mass
            -x-axis label is set to: ;M(T) [GeV])
            -using the binning as: [0.0, 60.0, 120.0, 180.0, 240.0, 300.0, 360.0, 420.0, 480.0, 540.0, 600.0, 660.0, 720.0, 780.0, 840.0, 900.0, 960.0, 1020.0, 1080.0, 1140.0, 1200.0, 1260.0, 1320.0, 1380.0, 1440.0, 1500.0, 1560.0, 1620.0, 1680.0, 1740.0, 1800.0, 1860.0, 1920.0, 1980.0, 2040.0, 2100.0, 2160.0, 2220.0, 2280.0, 2340.0, 2400.0, 2460.0, 2520.0, 2580.0, 2640.0, 2700.0, 2760.0, 2820.0, 2880.0, 2940.0, 3000.0]
/////////////////////////
PROCESSING:  TTM1400TZBW
/////////////////////////
plotTreeName: Tprime2_DeepAK8_decorr_Mass
Flavour: E #tag: isV_bWbW #algo: DeepAK8_decorr
Weights: 1 * 1 * 1 * pileupWeight * 1 * lepIdSF * EGammaGsfSF * 1 * (MCWeight_singleLepCalc/abs(MCWeight_singleLepCalc)) * 0.000176441771478
Cuts: (leptonPt_singleLepCalc > 50) && (corr_met_singleLepCalc > 55) && (AK4HT > 480) && (minDR_lepJet > 0.4 || ptRel_lepJet > 40) && (NJetsAK8_JetSubCalc > 2) && (minDR_leadAK8otherAK8 < 3.0) && DataPastTrigger == 1 && isElectron==1
****************************************************************************************************
****************************************************************************************************
DISTRIBUTION: Tp2Mass
            -name in ljmet trees: Tprime2_ALGO_Mass
            -x-axis label is set to: ;M(T) [GeV])
            -using the binning as: [0.0, 60.0, 120.0, 180.0, 240.0, 300.0, 360.0, 420.0, 480.0, 540.0, 600.0, 660.0, 720.0, 780.0, 840.0, 900.0, 960.0, 1020.0, 1080.0, 1140.0, 1200.0, 1260.0, 1320.0, 1380.0, 1440.0, 1500.0, 1560.0, 1620.0, 1680.0, 1740.0, 1800.0, 1860.0, 1920.0, 1980.0, 2040.0, 2100.0, 2160.0, 2220.0, 2280.0, 2340.0, 2400.0, 2460.0, 2520.0, 2580.0, 2640.0, 2700.0, 2760.0, 2820.0, 2880.0, 2940.0, 3000.0]
/////////////////////////
PROCESSING:  TTM1400THBW
/////////////////////////
plotTreeName: Tprime2_DeepAK8_decorr_Mass
Flavour: E #tag: isV_bWbW #algo: DeepAK8_decorr
Weights: 1 * 1 * 1 * pileupWeight * 1 * lepIdSF * EGammaGsfSF * 1 * (MCWeight_singleLepCalc/abs(MCWeight_singleLepCalc)) * 0.000176441771478
Cuts: (leptonPt_singleLepCalc > 50) && (corr_met_singleLepCalc > 55) && (AK4HT > 480) && (minDR_lepJet > 0.4 || ptRel_lepJet > 40) && (NJetsAK8_JetSubCalc > 2) && (minDR_leadAK8otherAK8 < 3.0) && DataPastTrigger == 1 && isElectron==1
****************************************************************************************************
****************************************************************************************************
DISTRIBUTION: Tp2Mass
            -name in ljmet trees: Tprime2_ALGO_Mass
            -x-axis label is set to: ;M(T) [GeV])
            -using the binning as: [0.0, 60.0, 120.0, 180.0, 240.0, 300.0, 360.0, 420.0, 480.0, 540.0, 600.0, 660.0, 720.0, 780.0, 840.0, 900.0, 960.0, 1020.0, 1080.0, 1140.0, 1200.0, 1260.0, 1320.0, 1380.0, 1440.0, 1500.0, 1560.0, 1620.0, 1680.0, 1740.0, 1800.0, 1860.0, 1920.0, 1980.0, 2040.0, 2100.0, 2160.0, 2220.0, 2280.0, 2340.0, 2400.0, 2460.0, 2520.0, 2580.0, 2640.0, 2700.0, 2760.0, 2820.0, 2880.0, 2940.0, 3000.0]
/////////////////////////
PROCESSING:  TTM1400TZTH
/////////////////////////
plotTreeName: Tprime2_DeepAK8_decorr_Mass
Flavour: E #tag: isV_bWbW #algo: DeepAK8_decorr
Weights: 1 * 1 * 1 * pileupWeight * 1 * lepIdSF * EGammaGsfSF * 1 * (MCWeight_singleLepCalc/abs(MCWeight_singleLepCalc)) * 8.82208857389e-05
Cuts: (leptonPt_singleLepCalc > 50) && (corr_met_singleLepCalc > 55) && (AK4HT > 480) && (minDR_lepJet > 0.4 || ptRel_lepJet > 40) && (NJetsAK8_JetSubCalc > 2) && (minDR_leadAK8otherAK8 < 3.0) && DataPastTrigger == 1 && isElectron==1
****************************************************************************************************
****************************************************************************************************
DISTRIBUTION: Tp2Mass
            -name in ljmet trees: Tprime2_ALGO_Mass
            -x-axis label is set to: ;M(T) [GeV])
            -using the binning as: [0.0, 60.0, 120.0, 180.0, 240.0, 300.0, 360.0, 420.0, 480.0, 540.0, 600.0, 660.0, 720.0, 780.0, 840.0, 900.0, 960.0, 1020.0, 1080.0, 1140.0, 1200.0, 1260.0, 1320.0, 1380.0, 1440.0, 1500.0, 1560.0, 1620.0, 1680.0, 1740.0, 1800.0, 1860.0, 1920.0, 1980.0, 2040.0, 2100.0, 2160.0, 2220.0, 2280.0, 2340.0, 2400.0, 2460.0, 2520.0, 2580.0, 2640.0, 2700.0, 2760.0, 2820.0, 2880.0, 2940.0, 3000.0]
/////////////////////////
PROCESSING:  TTM1500BWBW
/////////////////////////
plotTreeName: Tprime2_DeepAK8_decorr_Mass
Flavour: E #tag: isV_bWbW #algo: DeepAK8_decorr
Weights: 1 * 1 * 1 * pileupWeight * 1 * lepIdSF * EGammaGsfSF * 1 * (MCWeight_singleLepCalc/abs(MCWeight_singleLepCalc)) * 0.00019932135405
Cuts: (leptonPt_singleLepCalc > 50) && (corr_met_singleLepCalc > 55) && (AK4HT > 480) && (minDR_lepJet > 0.4 || ptRel_lepJet > 40) && (NJetsAK8_JetSubCalc > 2) && (minDR_leadAK8otherAK8 < 3.0) && DataPastTrigger == 1 && isElectron==1
****************************************************************************************************
****************************************************************************************************
DISTRIBUTION: Tp2Mass
            -name in ljmet trees: Tprime2_ALGO_Mass
            -x-axis label is set to: ;M(T) [GeV])
            -using the binning as: [0.0, 60.0, 120.0, 180.0, 240.0, 300.0, 360.0, 420.0, 480.0, 540.0, 600.0, 660.0, 720.0, 780.0, 840.0, 900.0, 960.0, 1020.0, 1080.0, 1140.0, 1200.0, 1260.0, 1320.0, 1380.0, 1440.0, 1500.0, 1560.0, 1620.0, 1680.0, 1740.0, 1800.0, 1860.0, 1920.0, 1980.0, 2040.0, 2100.0, 2160.0, 2220.0, 2280.0, 2340.0, 2400.0, 2460.0, 2520.0, 2580.0, 2640.0, 2700.0, 2760.0, 2820.0, 2880.0, 2940.0, 3000.0]
/////////////////////////
PROCESSING:  TTM1500THTH
/////////////////////////
plotTreeName: Tprime2_DeepAK8_decorr_Mass
Flavour: E #tag: isV_bWbW #algo: DeepAK8_decorr
Weights: 1 * 1 * 1 * pileupWeight * 1 * lepIdSF * EGammaGsfSF * 1 * (MCWeight_singleLepCalc/abs(MCWeight_singleLepCalc)) * 4.98303385124e-05
Cuts: (leptonPt_singleLepCalc > 50) && (corr_met_singleLepCalc > 55) && (AK4HT > 480) && (minDR_lepJet > 0.4 || ptRel_lepJet > 40) && (NJetsAK8_JetSubCalc > 2) && (minDR_leadAK8otherAK8 < 3.0) && DataPastTrigger == 1 && isElectron==1
****************************************************************************************************
****************************************************************************************************
DISTRIBUTION: Tp2Mass
            -name in ljmet trees: Tprime2_ALGO_Mass
            -x-axis label is set to: ;M(T) [GeV])
            -using the binning as: [0.0, 60.0, 120.0, 180.0, 240.0, 300.0, 360.0, 420.0, 480.0, 540.0, 600.0, 660.0, 720.0, 780.0, 840.0, 900.0, 960.0, 1020.0, 1080.0, 1140.0, 1200.0, 1260.0, 1320.0, 1380.0, 1440.0, 1500.0, 1560.0, 1620.0, 1680.0, 1740.0, 1800.0, 1860.0, 1920.0, 1980.0, 2040.0, 2100.0, 2160.0, 2220.0, 2280.0, 2340.0, 2400.0, 2460.0, 2520.0, 2580.0, 2640.0, 2700.0, 2760.0, 2820.0, 2880.0, 2940.0, 3000.0]
/////////////////////////
PROCESSING:  TTM1500TZTZ
/////////////////////////
plotTreeName: Tprime2_DeepAK8_decorr_Mass
Flavour: E #tag: isV_bWbW #algo: DeepAK8_decorr
Weights: 1 * 1 * 1 * pileupWeight * 1 * lepIdSF * EGammaGsfSF * 1 * (MCWeight_singleLepCalc/abs(MCWeight_singleLepCalc)) * 4.98303385124e-05
Cuts: (leptonPt_singleLepCalc > 50) && (corr_met_singleLepCalc > 55) && (AK4HT > 480) && (minDR_lepJet > 0.4 || ptRel_lepJet > 40) && (NJetsAK8_JetSubCalc > 2) && (minDR_leadAK8otherAK8 < 3.0) && DataPastTrigger == 1 && isElectron==1
****************************************************************************************************
****************************************************************************************************
DISTRIBUTION: Tp2Mass
            -name in ljmet trees: Tprime2_ALGO_Mass
            -x-axis label is set to: ;M(T) [GeV])
            -using the binning as: [0.0, 60.0, 120.0, 180.0, 240.0, 300.0, 360.0, 420.0, 480.0, 540.0, 600.0, 660.0, 720.0, 780.0, 840.0, 900.0, 960.0, 1020.0, 1080.0, 1140.0, 1200.0, 1260.0, 1320.0, 1380.0, 1440.0, 1500.0, 1560.0, 1620.0, 1680.0, 1740.0, 1800.0, 1860.0, 1920.0, 1980.0, 2040.0, 2100.0, 2160.0, 2220.0, 2280.0, 2340.0, 2400.0, 2460.0, 2520.0, 2580.0, 2640.0, 2700.0, 2760.0, 2820.0, 2880.0, 2940.0, 3000.0]
/////////////////////////
PROCESSING:  TTM1500TZBW
/////////////////////////
plotTreeName: Tprime2_DeepAK8_decorr_Mass
Flavour: E #tag: isV_bWbW #algo: DeepAK8_decorr
Weights: 1 * 1 * 1 * pileupWeight * 1 * lepIdSF * EGammaGsfSF * 1 * (MCWeight_singleLepCalc/abs(MCWeight_singleLepCalc)) * 9.96606770248e-05
Cuts: (leptonPt_singleLepCalc > 50) && (corr_met_singleLepCalc > 55) && (AK4HT > 480) && (minDR_lepJet > 0.4 || ptRel_lepJet > 40) && (NJetsAK8_JetSubCalc > 2) && (minDR_leadAK8otherAK8 < 3.0) && DataPastTrigger == 1 && isElectron==1
****************************************************************************************************
****************************************************************************************************
DISTRIBUTION: Tp2Mass
            -name in ljmet trees: Tprime2_ALGO_Mass
            -x-axis label is set to: ;M(T) [GeV])
            -using the binning as: [0.0, 60.0, 120.0, 180.0, 240.0, 300.0, 360.0, 420.0, 480.0, 540.0, 600.0, 660.0, 720.0, 780.0, 840.0, 900.0, 960.0, 1020.0, 1080.0, 1140.0, 1200.0, 1260.0, 1320.0, 1380.0, 1440.0, 1500.0, 1560.0, 1620.0, 1680.0, 1740.0, 1800.0, 1860.0, 1920.0, 1980.0, 2040.0, 2100.0, 2160.0, 2220.0, 2280.0, 2340.0, 2400.0, 2460.0, 2520.0, 2580.0, 2640.0, 2700.0, 2760.0, 2820.0, 2880.0, 2940.0, 3000.0]
/////////////////////////
PROCESSING:  TTM1500THBW
/////////////////////////
plotTreeName: Tprime2_DeepAK8_decorr_Mass
Flavour: E #tag: isV_bWbW #algo: DeepAK8_decorr
Weights: 1 * 1 * 1 * pileupWeight * 1 * lepIdSF * EGammaGsfSF * 1 * (MCWeight_singleLepCalc/abs(MCWeight_singleLepCalc)) * 9.96606770248e-05
Cuts: (leptonPt_singleLepCalc > 50) && (corr_met_singleLepCalc > 55) && (AK4HT > 480) && (minDR_lepJet > 0.4 || ptRel_lepJet > 40) && (NJetsAK8_JetSubCalc > 2) && (minDR_leadAK8otherAK8 < 3.0) && DataPastTrigger == 1 && isElectron==1
****************************************************************************************************
****************************************************************************************************
DISTRIBUTION: Tp2Mass
            -name in ljmet trees: Tprime2_ALGO_Mass
            -x-axis label is set to: ;M(T) [GeV])
            -using the binning as: [0.0, 60.0, 120.0, 180.0, 240.0, 300.0, 360.0, 420.0, 480.0, 540.0, 600.0, 660.0, 720.0, 780.0, 840.0, 900.0, 960.0, 1020.0, 1080.0, 1140.0, 1200.0, 1260.0, 1320.0, 1380.0, 1440.0, 1500.0, 1560.0, 1620.0, 1680.0, 1740.0, 1800.0, 1860.0, 1920.0, 1980.0, 2040.0, 2100.0, 2160.0, 2220.0, 2280.0, 2340.0, 2400.0, 2460.0, 2520.0, 2580.0, 2640.0, 2700.0, 2760.0, 2820.0, 2880.0, 2940.0, 3000.0]
/////////////////////////
PROCESSING:  TTM1500TZTH
/////////////////////////
plotTreeName: Tprime2_DeepAK8_decorr_Mass
Flavour: E #tag: isV_bWbW #algo: DeepAK8_decorr
Weights: 1 * 1 * 1 * pileupWeight * 1 * lepIdSF * EGammaGsfSF * 1 * (MCWeight_singleLepCalc/abs(MCWeight_singleLepCalc)) * 4.98303385124e-05
Cuts: (leptonPt_singleLepCalc > 50) && (corr_met_singleLepCalc > 55) && (AK4HT > 480) && (minDR_lepJet > 0.4 || ptRel_lepJet > 40) && (NJetsAK8_JetSubCalc > 2) && (minDR_leadAK8otherAK8 < 3.0) && DataPastTrigger == 1 && isElectron==1
****************************************************************************************************
****************************************************************************************************
DISTRIBUTION: Tp2Mass
            -name in ljmet trees: Tprime2_ALGO_Mass
            -x-axis label is set to: ;M(T) [GeV])
            -using the binning as: [0.0, 60.0, 120.0, 180.0, 240.0, 300.0, 360.0, 420.0, 480.0, 540.0, 600.0, 660.0, 720.0, 780.0, 840.0, 900.0, 960.0, 1020.0, 1080.0, 1140.0, 1200.0, 1260.0, 1320.0, 1380.0, 1440.0, 1500.0, 1560.0, 1620.0, 1680.0, 1740.0, 1800.0, 1860.0, 1920.0, 1980.0, 2040.0, 2100.0, 2160.0, 2220.0, 2280.0, 2340.0, 2400.0, 2460.0, 2520.0, 2580.0, 2640.0, 2700.0, 2760.0, 2820.0, 2880.0, 2940.0, 3000.0]
/////////////////////////
PROCESSING:  TTM1600BWBW
/////////////////////////
plotTreeName: Tprime2_DeepAK8_decorr_Mass
Flavour: E #tag: isV_bWbW #algo: DeepAK8_decorr
Weights: 1 * 1 * 1 * pileupWeight * 1 * lepIdSF * EGammaGsfSF * 1 * (MCWeight_singleLepCalc/abs(MCWeight_singleLepCalc)) * 0.000114437939919
Cuts: (leptonPt_singleLepCalc > 50) && (corr_met_singleLepCalc > 55) && (AK4HT > 480) && (minDR_lepJet > 0.4 || ptRel_lepJet > 40) && (NJetsAK8_JetSubCalc > 2) && (minDR_leadAK8otherAK8 < 3.0) && DataPastTrigger == 1 && isElectron==1
****************************************************************************************************
****************************************************************************************************
DISTRIBUTION: Tp2Mass
            -name in ljmet trees: Tprime2_ALGO_Mass
            -x-axis label is set to: ;M(T) [GeV])
            -using the binning as: [0.0, 60.0, 120.0, 180.0, 240.0, 300.0, 360.0, 420.0, 480.0, 540.0, 600.0, 660.0, 720.0, 780.0, 840.0, 900.0, 960.0, 1020.0, 1080.0, 1140.0, 1200.0, 1260.0, 1320.0, 1380.0, 1440.0, 1500.0, 1560.0, 1620.0, 1680.0, 1740.0, 1800.0, 1860.0, 1920.0, 1980.0, 2040.0, 2100.0, 2160.0, 2220.0, 2280.0, 2340.0, 2400.0, 2460.0, 2520.0, 2580.0, 2640.0, 2700.0, 2760.0, 2820.0, 2880.0, 2940.0, 3000.0]
/////////////////////////
PROCESSING:  TTM1600THTH
/////////////////////////
plotTreeName: Tprime2_DeepAK8_decorr_Mass
Flavour: E #tag: isV_bWbW #algo: DeepAK8_decorr
Weights: 1 * 1 * 1 * pileupWeight * 1 * lepIdSF * EGammaGsfSF * 1 * (MCWeight_singleLepCalc/abs(MCWeight_singleLepCalc)) * 2.86094849797e-05
Cuts: (leptonPt_singleLepCalc > 50) && (corr_met_singleLepCalc > 55) && (AK4HT > 480) && (minDR_lepJet > 0.4 || ptRel_lepJet > 40) && (NJetsAK8_JetSubCalc > 2) && (minDR_leadAK8otherAK8 < 3.0) && DataPastTrigger == 1 && isElectron==1
****************************************************************************************************
****************************************************************************************************
DISTRIBUTION: Tp2Mass
            -name in ljmet trees: Tprime2_ALGO_Mass
            -x-axis label is set to: ;M(T) [GeV])
            -using the binning as: [0.0, 60.0, 120.0, 180.0, 240.0, 300.0, 360.0, 420.0, 480.0, 540.0, 600.0, 660.0, 720.0, 780.0, 840.0, 900.0, 960.0, 1020.0, 1080.0, 1140.0, 1200.0, 1260.0, 1320.0, 1380.0, 1440.0, 1500.0, 1560.0, 1620.0, 1680.0, 1740.0, 1800.0, 1860.0, 1920.0, 1980.0, 2040.0, 2100.0, 2160.0, 2220.0, 2280.0, 2340.0, 2400.0, 2460.0, 2520.0, 2580.0, 2640.0, 2700.0, 2760.0, 2820.0, 2880.0, 2940.0, 3000.0]
/////////////////////////
PROCESSING:  TTM1600TZTZ
/////////////////////////
plotTreeName: Tprime2_DeepAK8_decorr_Mass
Flavour: E #tag: isV_bWbW #algo: DeepAK8_decorr
Weights: 1 * 1 * 1 * pileupWeight * 1 * lepIdSF * EGammaGsfSF * 1 * (MCWeight_singleLepCalc/abs(MCWeight_singleLepCalc)) * 2.86094849797e-05
Cuts: (leptonPt_singleLepCalc > 50) && (corr_met_singleLepCalc > 55) && (AK4HT > 480) && (minDR_lepJet > 0.4 || ptRel_lepJet > 40) && (NJetsAK8_JetSubCalc > 2) && (minDR_leadAK8otherAK8 < 3.0) && DataPastTrigger == 1 && isElectron==1
****************************************************************************************************
****************************************************************************************************
DISTRIBUTION: Tp2Mass
            -name in ljmet trees: Tprime2_ALGO_Mass
            -x-axis label is set to: ;M(T) [GeV])
            -using the binning as: [0.0, 60.0, 120.0, 180.0, 240.0, 300.0, 360.0, 420.0, 480.0, 540.0, 600.0, 660.0, 720.0, 780.0, 840.0, 900.0, 960.0, 1020.0, 1080.0, 1140.0, 1200.0, 1260.0, 1320.0, 1380.0, 1440.0, 1500.0, 1560.0, 1620.0, 1680.0, 1740.0, 1800.0, 1860.0, 1920.0, 1980.0, 2040.0, 2100.0, 2160.0, 2220.0, 2280.0, 2340.0, 2400.0, 2460.0, 2520.0, 2580.0, 2640.0, 2700.0, 2760.0, 2820.0, 2880.0, 2940.0, 3000.0]
/////////////////////////
PROCESSING:  TTM1600TZBW
/////////////////////////
plotTreeName: Tprime2_DeepAK8_decorr_Mass
Flavour: E #tag: isV_bWbW #algo: DeepAK8_decorr
Weights: 1 * 1 * 1 * pileupWeight * 1 * lepIdSF * EGammaGsfSF * 1 * (MCWeight_singleLepCalc/abs(MCWeight_singleLepCalc)) * 5.72189699595e-05
Cuts: (leptonPt_singleLepCalc > 50) && (corr_met_singleLepCalc > 55) && (AK4HT > 480) && (minDR_lepJet > 0.4 || ptRel_lepJet > 40) && (NJetsAK8_JetSubCalc > 2) && (minDR_leadAK8otherAK8 < 3.0) && DataPastTrigger == 1 && isElectron==1
****************************************************************************************************
****************************************************************************************************
DISTRIBUTION: Tp2Mass
            -name in ljmet trees: Tprime2_ALGO_Mass
            -x-axis label is set to: ;M(T) [GeV])
            -using the binning as: [0.0, 60.0, 120.0, 180.0, 240.0, 300.0, 360.0, 420.0, 480.0, 540.0, 600.0, 660.0, 720.0, 780.0, 840.0, 900.0, 960.0, 1020.0, 1080.0, 1140.0, 1200.0, 1260.0, 1320.0, 1380.0, 1440.0, 1500.0, 1560.0, 1620.0, 1680.0, 1740.0, 1800.0, 1860.0, 1920.0, 1980.0, 2040.0, 2100.0, 2160.0, 2220.0, 2280.0, 2340.0, 2400.0, 2460.0, 2520.0, 2580.0, 2640.0, 2700.0, 2760.0, 2820.0, 2880.0, 2940.0, 3000.0]
/////////////////////////
PROCESSING:  TTM1600THBW
/////////////////////////
plotTreeName: Tprime2_DeepAK8_decorr_Mass
Flavour: E #tag: isV_bWbW #algo: DeepAK8_decorr
Weights: 1 * 1 * 1 * pileupWeight * 1 * lepIdSF * EGammaGsfSF * 1 * (MCWeight_singleLepCalc/abs(MCWeight_singleLepCalc)) * 5.72189699595e-05
Cuts: (leptonPt_singleLepCalc > 50) && (corr_met_singleLepCalc > 55) && (AK4HT > 480) && (minDR_lepJet > 0.4 || ptRel_lepJet > 40) && (NJetsAK8_JetSubCalc > 2) && (minDR_leadAK8otherAK8 < 3.0) && DataPastTrigger == 1 && isElectron==1
****************************************************************************************************
****************************************************************************************************
DISTRIBUTION: Tp2Mass
            -name in ljmet trees: Tprime2_ALGO_Mass
            -x-axis label is set to: ;M(T) [GeV])
            -using the binning as: [0.0, 60.0, 120.0, 180.0, 240.0, 300.0, 360.0, 420.0, 480.0, 540.0, 600.0, 660.0, 720.0, 780.0, 840.0, 900.0, 960.0, 1020.0, 1080.0, 1140.0, 1200.0, 1260.0, 1320.0, 1380.0, 1440.0, 1500.0, 1560.0, 1620.0, 1680.0, 1740.0, 1800.0, 1860.0, 1920.0, 1980.0, 2040.0, 2100.0, 2160.0, 2220.0, 2280.0, 2340.0, 2400.0, 2460.0, 2520.0, 2580.0, 2640.0, 2700.0, 2760.0, 2820.0, 2880.0, 2940.0, 3000.0]
/////////////////////////
PROCESSING:  TTM1600TZTH
/////////////////////////
plotTreeName: Tprime2_DeepAK8_decorr_Mass
Flavour: E #tag: isV_bWbW #algo: DeepAK8_decorr
Weights: 1 * 1 * 1 * pileupWeight * 1 * lepIdSF * EGammaGsfSF * 1 * (MCWeight_singleLepCalc/abs(MCWeight_singleLepCalc)) * 2.86094849797e-05
Cuts: (leptonPt_singleLepCalc > 50) && (corr_met_singleLepCalc > 55) && (AK4HT > 480) && (minDR_lepJet > 0.4 || ptRel_lepJet > 40) && (NJetsAK8_JetSubCalc > 2) && (minDR_leadAK8otherAK8 < 3.0) && DataPastTrigger == 1 && isElectron==1
****************************************************************************************************
****************************************************************************************************
DISTRIBUTION: Tp2Mass
            -name in ljmet trees: Tprime2_ALGO_Mass
            -x-axis label is set to: ;M(T) [GeV])
            -using the binning as: [0.0, 60.0, 120.0, 180.0, 240.0, 300.0, 360.0, 420.0, 480.0, 540.0, 600.0, 660.0, 720.0, 780.0, 840.0, 900.0, 960.0, 1020.0, 1080.0, 1140.0, 1200.0, 1260.0, 1320.0, 1380.0, 1440.0, 1500.0, 1560.0, 1620.0, 1680.0, 1740.0, 1800.0, 1860.0, 1920.0, 1980.0, 2040.0, 2100.0, 2160.0, 2220.0, 2280.0, 2340.0, 2400.0, 2460.0, 2520.0, 2580.0, 2640.0, 2700.0, 2760.0, 2820.0, 2880.0, 2940.0, 3000.0]
/////////////////////////
PROCESSING:  TTM1700BWBW
/////////////////////////
plotTreeName: Tprime2_DeepAK8_decorr_Mass
Flavour: E #tag: isV_bWbW #algo: DeepAK8_decorr
Weights: 1 * 1 * 1 * pileupWeight * 1 * lepIdSF * EGammaGsfSF * 1 * (MCWeight_singleLepCalc/abs(MCWeight_singleLepCalc)) * 6.93554282011e-05
Cuts: (leptonPt_singleLepCalc > 50) && (corr_met_singleLepCalc > 55) && (AK4HT > 480) && (minDR_lepJet > 0.4 || ptRel_lepJet > 40) && (NJetsAK8_JetSubCalc > 2) && (minDR_leadAK8otherAK8 < 3.0) && DataPastTrigger == 1 && isElectron==1
****************************************************************************************************
****************************************************************************************************
DISTRIBUTION: Tp2Mass
            -name in ljmet trees: Tprime2_ALGO_Mass
            -x-axis label is set to: ;M(T) [GeV])
            -using the binning as: [0.0, 60.0, 120.0, 180.0, 240.0, 300.0, 360.0, 420.0, 480.0, 540.0, 600.0, 660.0, 720.0, 780.0, 840.0, 900.0, 960.0, 1020.0, 1080.0, 1140.0, 1200.0, 1260.0, 1320.0, 1380.0, 1440.0, 1500.0, 1560.0, 1620.0, 1680.0, 1740.0, 1800.0, 1860.0, 1920.0, 1980.0, 2040.0, 2100.0, 2160.0, 2220.0, 2280.0, 2340.0, 2400.0, 2460.0, 2520.0, 2580.0, 2640.0, 2700.0, 2760.0, 2820.0, 2880.0, 2940.0, 3000.0]
/////////////////////////
PROCESSING:  TTM1700THTH
/////////////////////////
plotTreeName: Tprime2_DeepAK8_decorr_Mass
Flavour: E #tag: isV_bWbW #algo: DeepAK8_decorr
Weights: 1 * 1 * 1 * pileupWeight * 1 * lepIdSF * EGammaGsfSF * 1 * (MCWeight_singleLepCalc/abs(MCWeight_singleLepCalc)) * 1.73388570503e-05
Cuts: (leptonPt_singleLepCalc > 50) && (corr_met_singleLepCalc > 55) && (AK4HT > 480) && (minDR_lepJet > 0.4 || ptRel_lepJet > 40) && (NJetsAK8_JetSubCalc > 2) && (minDR_leadAK8otherAK8 < 3.0) && DataPastTrigger == 1 && isElectron==1
****************************************************************************************************
****************************************************************************************************
DISTRIBUTION: Tp2Mass
            -name in ljmet trees: Tprime2_ALGO_Mass
            -x-axis label is set to: ;M(T) [GeV])
            -using the binning as: [0.0, 60.0, 120.0, 180.0, 240.0, 300.0, 360.0, 420.0, 480.0, 540.0, 600.0, 660.0, 720.0, 780.0, 840.0, 900.0, 960.0, 1020.0, 1080.0, 1140.0, 1200.0, 1260.0, 1320.0, 1380.0, 1440.0, 1500.0, 1560.0, 1620.0, 1680.0, 1740.0, 1800.0, 1860.0, 1920.0, 1980.0, 2040.0, 2100.0, 2160.0, 2220.0, 2280.0, 2340.0, 2400.0, 2460.0, 2520.0, 2580.0, 2640.0, 2700.0, 2760.0, 2820.0, 2880.0, 2940.0, 3000.0]
/////////////////////////
PROCESSING:  TTM1700TZTZ
/////////////////////////
plotTreeName: Tprime2_DeepAK8_decorr_Mass
Flavour: E #tag: isV_bWbW #algo: DeepAK8_decorr
Weights: 1 * 1 * 1 * pileupWeight * 1 * lepIdSF * EGammaGsfSF * 1 * (MCWeight_singleLepCalc/abs(MCWeight_singleLepCalc)) * 1.73388570503e-05
Cuts: (leptonPt_singleLepCalc > 50) && (corr_met_singleLepCalc > 55) && (AK4HT > 480) && (minDR_lepJet > 0.4 || ptRel_lepJet > 40) && (NJetsAK8_JetSubCalc > 2) && (minDR_leadAK8otherAK8 < 3.0) && DataPastTrigger == 1 && isElectron==1
****************************************************************************************************
****************************************************************************************************
DISTRIBUTION: Tp2Mass
            -name in ljmet trees: Tprime2_ALGO_Mass
            -x-axis label is set to: ;M(T) [GeV])
            -using the binning as: [0.0, 60.0, 120.0, 180.0, 240.0, 300.0, 360.0, 420.0, 480.0, 540.0, 600.0, 660.0, 720.0, 780.0, 840.0, 900.0, 960.0, 1020.0, 1080.0, 1140.0, 1200.0, 1260.0, 1320.0, 1380.0, 1440.0, 1500.0, 1560.0, 1620.0, 1680.0, 1740.0, 1800.0, 1860.0, 1920.0, 1980.0, 2040.0, 2100.0, 2160.0, 2220.0, 2280.0, 2340.0, 2400.0, 2460.0, 2520.0, 2580.0, 2640.0, 2700.0, 2760.0, 2820.0, 2880.0, 2940.0, 3000.0]
/////////////////////////
PROCESSING:  TTM1700TZBW
/////////////////////////
plotTreeName: Tprime2_DeepAK8_decorr_Mass
Flavour: E #tag: isV_bWbW #algo: DeepAK8_decorr
Weights: 1 * 1 * 1 * pileupWeight * 1 * lepIdSF * EGammaGsfSF * 1 * (MCWeight_singleLepCalc/abs(MCWeight_singleLepCalc)) * 3.46777141005e-05
Cuts: (leptonPt_singleLepCalc > 50) && (corr_met_singleLepCalc > 55) && (AK4HT > 480) && (minDR_lepJet > 0.4 || ptRel_lepJet > 40) && (NJetsAK8_JetSubCalc > 2) && (minDR_leadAK8otherAK8 < 3.0) && DataPastTrigger == 1 && isElectron==1
****************************************************************************************************
****************************************************************************************************
DISTRIBUTION: Tp2Mass
            -name in ljmet trees: Tprime2_ALGO_Mass
            -x-axis label is set to: ;M(T) [GeV])
            -using the binning as: [0.0, 60.0, 120.0, 180.0, 240.0, 300.0, 360.0, 420.0, 480.0, 540.0, 600.0, 660.0, 720.0, 780.0, 840.0, 900.0, 960.0, 1020.0, 1080.0, 1140.0, 1200.0, 1260.0, 1320.0, 1380.0, 1440.0, 1500.0, 1560.0, 1620.0, 1680.0, 1740.0, 1800.0, 1860.0, 1920.0, 1980.0, 2040.0, 2100.0, 2160.0, 2220.0, 2280.0, 2340.0, 2400.0, 2460.0, 2520.0, 2580.0, 2640.0, 2700.0, 2760.0, 2820.0, 2880.0, 2940.0, 3000.0]
/////////////////////////
PROCESSING:  TTM1700THBW
/////////////////////////
plotTreeName: Tprime2_DeepAK8_decorr_Mass
Flavour: E #tag: isV_bWbW #algo: DeepAK8_decorr
Weights: 1 * 1 * 1 * pileupWeight * 1 * lepIdSF * EGammaGsfSF * 1 * (MCWeight_singleLepCalc/abs(MCWeight_singleLepCalc)) * 3.46777141005e-05
Cuts: (leptonPt_singleLepCalc > 50) && (corr_met_singleLepCalc > 55) && (AK4HT > 480) && (minDR_lepJet > 0.4 || ptRel_lepJet > 40) && (NJetsAK8_JetSubCalc > 2) && (minDR_leadAK8otherAK8 < 3.0) && DataPastTrigger == 1 && isElectron==1
****************************************************************************************************
****************************************************************************************************
DISTRIBUTION: Tp2Mass
            -name in ljmet trees: Tprime2_ALGO_Mass
            -x-axis label is set to: ;M(T) [GeV])
            -using the binning as: [0.0, 60.0, 120.0, 180.0, 240.0, 300.0, 360.0, 420.0, 480.0, 540.0, 600.0, 660.0, 720.0, 780.0, 840.0, 900.0, 960.0, 1020.0, 1080.0, 1140.0, 1200.0, 1260.0, 1320.0, 1380.0, 1440.0, 1500.0, 1560.0, 1620.0, 1680.0, 1740.0, 1800.0, 1860.0, 1920.0, 1980.0, 2040.0, 2100.0, 2160.0, 2220.0, 2280.0, 2340.0, 2400.0, 2460.0, 2520.0, 2580.0, 2640.0, 2700.0, 2760.0, 2820.0, 2880.0, 2940.0, 3000.0]
/////////////////////////
PROCESSING:  TTM1700TZTH
/////////////////////////
plotTreeName: Tprime2_DeepAK8_decorr_Mass
Flavour: E #tag: isV_bWbW #algo: DeepAK8_decorr
Weights: 1 * 1 * 1 * pileupWeight * 1 * lepIdSF * EGammaGsfSF * 1 * (MCWeight_singleLepCalc/abs(MCWeight_singleLepCalc)) * 1.73388570503e-05
Cuts: (leptonPt_singleLepCalc > 50) && (corr_met_singleLepCalc > 55) && (AK4HT > 480) && (minDR_lepJet > 0.4 || ptRel_lepJet > 40) && (NJetsAK8_JetSubCalc > 2) && (minDR_leadAK8otherAK8 < 3.0) && DataPastTrigger == 1 && isElectron==1
****************************************************************************************************
****************************************************************************************************
DISTRIBUTION: Tp2Mass
            -name in ljmet trees: Tprime2_ALGO_Mass
            -x-axis label is set to: ;M(T) [GeV])
            -using the binning as: [0.0, 60.0, 120.0, 180.0, 240.0, 300.0, 360.0, 420.0, 480.0, 540.0, 600.0, 660.0, 720.0, 780.0, 840.0, 900.0, 960.0, 1020.0, 1080.0, 1140.0, 1200.0, 1260.0, 1320.0, 1380.0, 1440.0, 1500.0, 1560.0, 1620.0, 1680.0, 1740.0, 1800.0, 1860.0, 1920.0, 1980.0, 2040.0, 2100.0, 2160.0, 2220.0, 2280.0, 2340.0, 2400.0, 2460.0, 2520.0, 2580.0, 2640.0, 2700.0, 2760.0, 2820.0, 2880.0, 2940.0, 3000.0]
/////////////////////////
PROCESSING:  TTM1800BWBW
/////////////////////////
plotTreeName: Tprime2_DeepAK8_decorr_Mass
Flavour: E #tag: isV_bWbW #algo: DeepAK8_decorr
Weights: 1 * 1 * 1 * pileupWeight * 1 * lepIdSF * EGammaGsfSF * 1 * (MCWeight_singleLepCalc/abs(MCWeight_singleLepCalc)) * 3.89579688164e-05
Cuts: (leptonPt_singleLepCalc > 50) && (corr_met_singleLepCalc > 55) && (AK4HT > 480) && (minDR_lepJet > 0.4 || ptRel_lepJet > 40) && (NJetsAK8_JetSubCalc > 2) && (minDR_leadAK8otherAK8 < 3.0) && DataPastTrigger == 1 && isElectron==1
****************************************************************************************************
****************************************************************************************************
DISTRIBUTION: Tp2Mass
            -name in ljmet trees: Tprime2_ALGO_Mass
            -x-axis label is set to: ;M(T) [GeV])
            -using the binning as: [0.0, 60.0, 120.0, 180.0, 240.0, 300.0, 360.0, 420.0, 480.0, 540.0, 600.0, 660.0, 720.0, 780.0, 840.0, 900.0, 960.0, 1020.0, 1080.0, 1140.0, 1200.0, 1260.0, 1320.0, 1380.0, 1440.0, 1500.0, 1560.0, 1620.0, 1680.0, 1740.0, 1800.0, 1860.0, 1920.0, 1980.0, 2040.0, 2100.0, 2160.0, 2220.0, 2280.0, 2340.0, 2400.0, 2460.0, 2520.0, 2580.0, 2640.0, 2700.0, 2760.0, 2820.0, 2880.0, 2940.0, 3000.0]
/////////////////////////
PROCESSING:  TTM1800THTH
/////////////////////////
plotTreeName: Tprime2_DeepAK8_decorr_Mass
Flavour: E #tag: isV_bWbW #algo: DeepAK8_decorr
Weights: 1 * 1 * 1 * pileupWeight * 1 * lepIdSF * EGammaGsfSF * 1 * (MCWeight_singleLepCalc/abs(MCWeight_singleLepCalc)) * 9.7394922041e-06
Cuts: (leptonPt_singleLepCalc > 50) && (corr_met_singleLepCalc > 55) && (AK4HT > 480) && (minDR_lepJet > 0.4 || ptRel_lepJet > 40) && (NJetsAK8_JetSubCalc > 2) && (minDR_leadAK8otherAK8 < 3.0) && DataPastTrigger == 1 && isElectron==1
****************************************************************************************************
****************************************************************************************************
DISTRIBUTION: Tp2Mass
            -name in ljmet trees: Tprime2_ALGO_Mass
            -x-axis label is set to: ;M(T) [GeV])
            -using the binning as: [0.0, 60.0, 120.0, 180.0, 240.0, 300.0, 360.0, 420.0, 480.0, 540.0, 600.0, 660.0, 720.0, 780.0, 840.0, 900.0, 960.0, 1020.0, 1080.0, 1140.0, 1200.0, 1260.0, 1320.0, 1380.0, 1440.0, 1500.0, 1560.0, 1620.0, 1680.0, 1740.0, 1800.0, 1860.0, 1920.0, 1980.0, 2040.0, 2100.0, 2160.0, 2220.0, 2280.0, 2340.0, 2400.0, 2460.0, 2520.0, 2580.0, 2640.0, 2700.0, 2760.0, 2820.0, 2880.0, 2940.0, 3000.0]
/////////////////////////
PROCESSING:  TTM1800TZTZ
/////////////////////////
plotTreeName: Tprime2_DeepAK8_decorr_Mass
Flavour: E #tag: isV_bWbW #algo: DeepAK8_decorr
Weights: 1 * 1 * 1 * pileupWeight * 1 * lepIdSF * EGammaGsfSF * 1 * (MCWeight_singleLepCalc/abs(MCWeight_singleLepCalc)) * 9.7394922041e-06
Cuts: (leptonPt_singleLepCalc > 50) && (corr_met_singleLepCalc > 55) && (AK4HT > 480) && (minDR_lepJet > 0.4 || ptRel_lepJet > 40) && (NJetsAK8_JetSubCalc > 2) && (minDR_leadAK8otherAK8 < 3.0) && DataPastTrigger == 1 && isElectron==1
****************************************************************************************************
****************************************************************************************************
DISTRIBUTION: Tp2Mass
            -name in ljmet trees: Tprime2_ALGO_Mass
            -x-axis label is set to: ;M(T) [GeV])
            -using the binning as: [0.0, 60.0, 120.0, 180.0, 240.0, 300.0, 360.0, 420.0, 480.0, 540.0, 600.0, 660.0, 720.0, 780.0, 840.0, 900.0, 960.0, 1020.0, 1080.0, 1140.0, 1200.0, 1260.0, 1320.0, 1380.0, 1440.0, 1500.0, 1560.0, 1620.0, 1680.0, 1740.0, 1800.0, 1860.0, 1920.0, 1980.0, 2040.0, 2100.0, 2160.0, 2220.0, 2280.0, 2340.0, 2400.0, 2460.0, 2520.0, 2580.0, 2640.0, 2700.0, 2760.0, 2820.0, 2880.0, 2940.0, 3000.0]
/////////////////////////
PROCESSING:  TTM1800TZBW
/////////////////////////
plotTreeName: Tprime2_DeepAK8_decorr_Mass
Flavour: E #tag: isV_bWbW #algo: DeepAK8_decorr
Weights: 1 * 1 * 1 * pileupWeight * 1 * lepIdSF * EGammaGsfSF * 1 * (MCWeight_singleLepCalc/abs(MCWeight_singleLepCalc)) * 1.94789844082e-05
Cuts: (leptonPt_singleLepCalc > 50) && (corr_met_singleLepCalc > 55) && (AK4HT > 480) && (minDR_lepJet > 0.4 || ptRel_lepJet > 40) && (NJetsAK8_JetSubCalc > 2) && (minDR_leadAK8otherAK8 < 3.0) && DataPastTrigger == 1 && isElectron==1
****************************************************************************************************
****************************************************************************************************
DISTRIBUTION: Tp2Mass
            -name in ljmet trees: Tprime2_ALGO_Mass
            -x-axis label is set to: ;M(T) [GeV])
            -using the binning as: [0.0, 60.0, 120.0, 180.0, 240.0, 300.0, 360.0, 420.0, 480.0, 540.0, 600.0, 660.0, 720.0, 780.0, 840.0, 900.0, 960.0, 1020.0, 1080.0, 1140.0, 1200.0, 1260.0, 1320.0, 1380.0, 1440.0, 1500.0, 1560.0, 1620.0, 1680.0, 1740.0, 1800.0, 1860.0, 1920.0, 1980.0, 2040.0, 2100.0, 2160.0, 2220.0, 2280.0, 2340.0, 2400.0, 2460.0, 2520.0, 2580.0, 2640.0, 2700.0, 2760.0, 2820.0, 2880.0, 2940.0, 3000.0]
/////////////////////////
PROCESSING:  TTM1800THBW
/////////////////////////
plotTreeName: Tprime2_DeepAK8_decorr_Mass
Flavour: E #tag: isV_bWbW #algo: DeepAK8_decorr
Weights: 1 * 1 * 1 * pileupWeight * 1 * lepIdSF * EGammaGsfSF * 1 * (MCWeight_singleLepCalc/abs(MCWeight_singleLepCalc)) * 1.94789844082e-05
Cuts: (leptonPt_singleLepCalc > 50) && (corr_met_singleLepCalc > 55) && (AK4HT > 480) && (minDR_lepJet > 0.4 || ptRel_lepJet > 40) && (NJetsAK8_JetSubCalc > 2) && (minDR_leadAK8otherAK8 < 3.0) && DataPastTrigger == 1 && isElectron==1
****************************************************************************************************
****************************************************************************************************
DISTRIBUTION: Tp2Mass
            -name in ljmet trees: Tprime2_ALGO_Mass
            -x-axis label is set to: ;M(T) [GeV])
            -using the binning as: [0.0, 60.0, 120.0, 180.0, 240.0, 300.0, 360.0, 420.0, 480.0, 540.0, 600.0, 660.0, 720.0, 780.0, 840.0, 900.0, 960.0, 1020.0, 1080.0, 1140.0, 1200.0, 1260.0, 1320.0, 1380.0, 1440.0, 1500.0, 1560.0, 1620.0, 1680.0, 1740.0, 1800.0, 1860.0, 1920.0, 1980.0, 2040.0, 2100.0, 2160.0, 2220.0, 2280.0, 2340.0, 2400.0, 2460.0, 2520.0, 2580.0, 2640.0, 2700.0, 2760.0, 2820.0, 2880.0, 2940.0, 3000.0]
/////////////////////////
PROCESSING:  TTM1800TZTH
/////////////////////////
plotTreeName: Tprime2_DeepAK8_decorr_Mass
Flavour: E #tag: isV_bWbW #algo: DeepAK8_decorr
Weights: 1 * 1 * 1 * pileupWeight * 1 * lepIdSF * EGammaGsfSF * 1 * (MCWeight_singleLepCalc/abs(MCWeight_singleLepCalc)) * 9.7394922041e-06
Cuts: (leptonPt_singleLepCalc > 50) && (corr_met_singleLepCalc > 55) && (AK4HT > 480) && (minDR_lepJet > 0.4 || ptRel_lepJet > 40) && (NJetsAK8_JetSubCalc > 2) && (minDR_leadAK8otherAK8 < 3.0) && DataPastTrigger == 1 && isElectron==1
****************************************************************************************************
****************************************************************************************************
DISTRIBUTION: Tp2Mass
            -name in ljmet trees: Tprime2_ALGO_Mass
            -x-axis label is set to: ;M(T) [GeV])
            -using the binning as: [0.0, 60.0, 120.0, 180.0, 240.0, 300.0, 360.0, 420.0, 480.0, 540.0, 600.0, 660.0, 720.0, 780.0, 840.0, 900.0, 960.0, 1020.0, 1080.0, 1140.0, 1200.0, 1260.0, 1320.0, 1380.0, 1440.0, 1500.0, 1560.0, 1620.0, 1680.0, 1740.0, 1800.0, 1860.0, 1920.0, 1980.0, 2040.0, 2100.0, 2160.0, 2220.0, 2280.0, 2340.0, 2400.0, 2460.0, 2520.0, 2580.0, 2640.0, 2700.0, 2760.0, 2820.0, 2880.0, 2940.0, 3000.0]
/////////////////////////
PROCESSING:  WJetsMG400
/////////////////////////
plotTreeName: Tprime2_BEST_Mass
Flavour: E #tag: isV_tHbW #algo: BEST
Weights: 1 * HTSF_Pol * 1 * pileupWeight * 1 * lepIdSF * EGammaGsfSF * 1 * (MCWeight_singleLepCalc/abs(MCWeight_singleLepCalc)) * 0.280770227538
Cuts: (leptonPt_singleLepCalc > 50) && (corr_met_singleLepCalc > 55) && (AK4HT > 480) && (minDR_lepJet > 0.4 || ptRel_lepJet > 40) && (NJetsAK8_JetSubCalc > 2) && (minDR_leadAK8otherAK8 < 3.0) && DataPastTrigger == 1 && isElectron==1
****************************************************************************************************
****************************************************************************************************
DISTRIBUTION: Tp2Mass
            -name in ljmet trees: Tprime2_ALGO_Mass
            -x-axis label is set to: ;M(T) [GeV])
            -using the binning as: [0.0, 60.0, 120.0, 180.0, 240.0, 300.0, 360.0, 420.0, 480.0, 540.0, 600.0, 660.0, 720.0, 780.0, 840.0, 900.0, 960.0, 1020.0, 1080.0, 1140.0, 1200.0, 1260.0, 1320.0, 1380.0, 1440.0, 1500.0, 1560.0, 1620.0, 1680.0, 1740.0, 1800.0, 1860.0, 1920.0, 1980.0, 2040.0, 2100.0, 2160.0, 2220.0, 2280.0, 2340.0, 2400.0, 2460.0, 2520.0, 2580.0, 2640.0, 2700.0, 2760.0, 2820.0, 2880.0, 2940.0, 3000.0]
/////////////////////////
PROCESSING:  WJetsMG600
/////////////////////////
plotTreeName: Tprime2_BEST_Mass
Flavour: E #tag: isV_tHbW #algo: BEST
Weights: 1 * HTSF_Pol * 1 * pileupWeight * 1 * lepIdSF * EGammaGsfSF * 1 * (MCWeight_singleLepCalc/abs(MCWeight_singleLepCalc)) * 0.0287233231554
Cuts: (leptonPt_singleLepCalc > 50) && (corr_met_singleLepCalc > 55) && (AK4HT > 480) && (minDR_lepJet > 0.4 || ptRel_lepJet > 40) && (NJetsAK8_JetSubCalc > 2) && (minDR_leadAK8otherAK8 < 3.0) && DataPastTrigger == 1 && isElectron==1
****************************************************************************************************
****************************************************************************************************
DISTRIBUTION: Tp2Mass
            -name in ljmet trees: Tprime2_ALGO_Mass
            -x-axis label is set to: ;M(T) [GeV])
            -using the binning as: [0.0, 60.0, 120.0, 180.0, 240.0, 300.0, 360.0, 420.0, 480.0, 540.0, 600.0, 660.0, 720.0, 780.0, 840.0, 900.0, 960.0, 1020.0, 1080.0, 1140.0, 1200.0, 1260.0, 1320.0, 1380.0, 1440.0, 1500.0, 1560.0, 1620.0, 1680.0, 1740.0, 1800.0, 1860.0, 1920.0, 1980.0, 2040.0, 2100.0, 2160.0, 2220.0, 2280.0, 2340.0, 2400.0, 2460.0, 2520.0, 2580.0, 2640.0, 2700.0, 2760.0, 2820.0, 2880.0, 2940.0, 3000.0]
/////////////////////////
PROCESSING:  WJetsMG800
/////////////////////////
plotTreeName: Tprime2_BEST_Mass
Flavour: E #tag: isV_tHbW #algo: BEST
Weights: 1 * HTSF_Pol * 1 * pileupWeight * 1 * lepIdSF * EGammaGsfSF * 1 * (MCWeight_singleLepCalc/abs(MCWeight_singleLepCalc)) * 0.0316367902594
Cuts: (leptonPt_singleLepCalc > 50) && (corr_met_singleLepCalc > 55) && (AK4HT > 480) && (minDR_lepJet > 0.4 || ptRel_lepJet > 40) && (NJetsAK8_JetSubCalc > 2) && (minDR_leadAK8otherAK8 < 3.0) && DataPastTrigger == 1 && isElectron==1
****************************************************************************************************
****************************************************************************************************
DISTRIBUTION: Tp2Mass
            -name in ljmet trees: Tprime2_ALGO_Mass
            -x-axis label is set to: ;M(T) [GeV])
            -using the binning as: [0.0, 60.0, 120.0, 180.0, 240.0, 300.0, 360.0, 420.0, 480.0, 540.0, 600.0, 660.0, 720.0, 780.0, 840.0, 900.0, 960.0, 1020.0, 1080.0, 1140.0, 1200.0, 1260.0, 1320.0, 1380.0, 1440.0, 1500.0, 1560.0, 1620.0, 1680.0, 1740.0, 1800.0, 1860.0, 1920.0, 1980.0, 2040.0, 2100.0, 2160.0, 2220.0, 2280.0, 2340.0, 2400.0, 2460.0, 2520.0, 2580.0, 2640.0, 2700.0, 2760.0, 2820.0, 2880.0, 2940.0, 3000.0]
/////////////////////////
PROCESSING:  WJetsMG1200
/////////////////////////
plotTreeName: Tprime2_BEST_Mass
Flavour: E #tag: isV_tHbW #algo: BEST
Weights: 1 * HTSF_Pol * 1 * pileupWeight * 1 * lepIdSF * EGammaGsfSF * 1 * (MCWeight_singleLepCalc/abs(MCWeight_singleLepCalc)) * 0.00861414819858
Cuts: (leptonPt_singleLepCalc > 50) && (corr_met_singleLepCalc > 55) && (AK4HT > 480) && (minDR_lepJet > 0.4 || ptRel_lepJet > 40) && (NJetsAK8_JetSubCalc > 2) && (minDR_leadAK8otherAK8 < 3.0) && DataPastTrigger == 1 && isElectron==1
****************************************************************************************************
****************************************************************************************************
DISTRIBUTION: Tp2Mass
            -name in ljmet trees: Tprime2_ALGO_Mass
            -x-axis label is set to: ;M(T) [GeV])
            -using the binning as: [0.0, 60.0, 120.0, 180.0, 240.0, 300.0, 360.0, 420.0, 480.0, 540.0, 600.0, 660.0, 720.0, 780.0, 840.0, 900.0, 960.0, 1020.0, 1080.0, 1140.0, 1200.0, 1260.0, 1320.0, 1380.0, 1440.0, 1500.0, 1560.0, 1620.0, 1680.0, 1740.0, 1800.0, 1860.0, 1920.0, 1980.0, 2040.0, 2100.0, 2160.0, 2220.0, 2280.0, 2340.0, 2400.0, 2460.0, 2520.0, 2580.0, 2640.0, 2700.0, 2760.0, 2820.0, 2880.0, 2940.0, 3000.0]
/////////////////////////
PROCESSING:  WJetsMG2500
/////////////////////////
plotTreeName: Tprime2_BEST_Mass
Flavour: E #tag: isV_tHbW #algo: BEST
Weights: 1 * HTSF_Pol * 1 * pileupWeight * 1 * lepIdSF * EGammaGsfSF * 1 * (MCWeight_singleLepCalc/abs(MCWeight_singleLepCalc)) * 0.00054308661217
Cuts: (leptonPt_singleLepCalc > 50) && (corr_met_singleLepCalc > 55) && (AK4HT > 480) && (minDR_lepJet > 0.4 || ptRel_lepJet > 40) && (NJetsAK8_JetSubCalc > 2) && (minDR_leadAK8otherAK8 < 3.0) && DataPastTrigger == 1 && isElectron==1
****************************************************************************************************
****************************************************************************************************
DISTRIBUTION: Tp2Mass
            -name in ljmet trees: Tprime2_ALGO_Mass
            -x-axis label is set to: ;M(T) [GeV])
            -using the binning as: [0.0, 60.0, 120.0, 180.0, 240.0, 300.0, 360.0, 420.0, 480.0, 540.0, 600.0, 660.0, 720.0, 780.0, 840.0, 900.0, 960.0, 1020.0, 1080.0, 1140.0, 1200.0, 1260.0, 1320.0, 1380.0, 1440.0, 1500.0, 1560.0, 1620.0, 1680.0, 1740.0, 1800.0, 1860.0, 1920.0, 1980.0, 2040.0, 2100.0, 2160.0, 2220.0, 2280.0, 2340.0, 2400.0, 2460.0, 2520.0, 2580.0, 2640.0, 2700.0, 2760.0, 2820.0, 2880.0, 2940.0, 3000.0]
/////////////////////////
PROCESSING:  TTM1100BWBW
/////////////////////////
plotTreeName: Tprime2_BEST_Mass
Flavour: E #tag: isV_tHbW #algo: BEST
Weights: 1 * 1 * 1 * pileupWeight * 1 * lepIdSF * EGammaGsfSF * 1 * (MCWeight_singleLepCalc/abs(MCWeight_singleLepCalc)) * 0.00223239916536
Cuts: (leptonPt_singleLepCalc > 50) && (corr_met_singleLepCalc > 55) && (AK4HT > 480) && (minDR_lepJet > 0.4 || ptRel_lepJet > 40) && (NJetsAK8_JetSubCalc > 2) && (minDR_leadAK8otherAK8 < 3.0) && DataPastTrigger == 1 && isElectron==1
****************************************************************************************************
****************************************************************************************************
DISTRIBUTION: Tp2Mass
            -name in ljmet trees: Tprime2_ALGO_Mass
            -x-axis label is set to: ;M(T) [GeV])
            -using the binning as: [0.0, 60.0, 120.0, 180.0, 240.0, 300.0, 360.0, 420.0, 480.0, 540.0, 600.0, 660.0, 720.0, 780.0, 840.0, 900.0, 960.0, 1020.0, 1080.0, 1140.0, 1200.0, 1260.0, 1320.0, 1380.0, 1440.0, 1500.0, 1560.0, 1620.0, 1680.0, 1740.0, 1800.0, 1860.0, 1920.0, 1980.0, 2040.0, 2100.0, 2160.0, 2220.0, 2280.0, 2340.0, 2400.0, 2460.0, 2520.0, 2580.0, 2640.0, 2700.0, 2760.0, 2820.0, 2880.0, 2940.0, 3000.0]
/////////////////////////
PROCESSING:  TTM1100THTH
/////////////////////////
plotTreeName: Tprime2_BEST_Mass
Flavour: E #tag: isV_tHbW #algo: BEST
Weights: 1 * 1 * 1 * pileupWeight * 1 * lepIdSF * EGammaGsfSF * 1 * (MCWeight_singleLepCalc/abs(MCWeight_singleLepCalc)) * 0.000558099791339
Cuts: (leptonPt_singleLepCalc > 50) && (corr_met_singleLepCalc > 55) && (AK4HT > 480) && (minDR_lepJet > 0.4 || ptRel_lepJet > 40) && (NJetsAK8_JetSubCalc > 2) && (minDR_leadAK8otherAK8 < 3.0) && DataPastTrigger == 1 && isElectron==1
****************************************************************************************************
****************************************************************************************************
DISTRIBUTION: Tp2Mass
            -name in ljmet trees: Tprime2_ALGO_Mass
            -x-axis label is set to: ;M(T) [GeV])
            -using the binning as: [0.0, 60.0, 120.0, 180.0, 240.0, 300.0, 360.0, 420.0, 480.0, 540.0, 600.0, 660.0, 720.0, 780.0, 840.0, 900.0, 960.0, 1020.0, 1080.0, 1140.0, 1200.0, 1260.0, 1320.0, 1380.0, 1440.0, 1500.0, 1560.0, 1620.0, 1680.0, 1740.0, 1800.0, 1860.0, 1920.0, 1980.0, 2040.0, 2100.0, 2160.0, 2220.0, 2280.0, 2340.0, 2400.0, 2460.0, 2520.0, 2580.0, 2640.0, 2700.0, 2760.0, 2820.0, 2880.0, 2940.0, 3000.0]
/////////////////////////
PROCESSING:  TTM1100TZTZ
/////////////////////////
plotTreeName: Tprime2_BEST_Mass
Flavour: E #tag: isV_tHbW #algo: BEST
Weights: 1 * 1 * 1 * pileupWeight * 1 * lepIdSF * EGammaGsfSF * 1 * (MCWeight_singleLepCalc/abs(MCWeight_singleLepCalc)) * 0.000558099791339
Cuts: (leptonPt_singleLepCalc > 50) && (corr_met_singleLepCalc > 55) && (AK4HT > 480) && (minDR_lepJet > 0.4 || ptRel_lepJet > 40) && (NJetsAK8_JetSubCalc > 2) && (minDR_leadAK8otherAK8 < 3.0) && DataPastTrigger == 1 && isElectron==1
****************************************************************************************************
****************************************************************************************************
DISTRIBUTION: Tp2Mass
            -name in ljmet trees: Tprime2_ALGO_Mass
            -x-axis label is set to: ;M(T) [GeV])
            -using the binning as: [0.0, 60.0, 120.0, 180.0, 240.0, 300.0, 360.0, 420.0, 480.0, 540.0, 600.0, 660.0, 720.0, 780.0, 840.0, 900.0, 960.0, 1020.0, 1080.0, 1140.0, 1200.0, 1260.0, 1320.0, 1380.0, 1440.0, 1500.0, 1560.0, 1620.0, 1680.0, 1740.0, 1800.0, 1860.0, 1920.0, 1980.0, 2040.0, 2100.0, 2160.0, 2220.0, 2280.0, 2340.0, 2400.0, 2460.0, 2520.0, 2580.0, 2640.0, 2700.0, 2760.0, 2820.0, 2880.0, 2940.0, 3000.0]
/////////////////////////
PROCESSING:  TTM1100TZBW
/////////////////////////
plotTreeName: Tprime2_BEST_Mass
Flavour: E #tag: isV_tHbW #algo: BEST
Weights: 1 * 1 * 1 * pileupWeight * 1 * lepIdSF * EGammaGsfSF * 1 * (MCWeight_singleLepCalc/abs(MCWeight_singleLepCalc)) * 0.00111619958268
Cuts: (leptonPt_singleLepCalc > 50) && (corr_met_singleLepCalc > 55) && (AK4HT > 480) && (minDR_lepJet > 0.4 || ptRel_lepJet > 40) && (NJetsAK8_JetSubCalc > 2) && (minDR_leadAK8otherAK8 < 3.0) && DataPastTrigger == 1 && isElectron==1
****************************************************************************************************
****************************************************************************************************
DISTRIBUTION: Tp2Mass
            -name in ljmet trees: Tprime2_ALGO_Mass
            -x-axis label is set to: ;M(T) [GeV])
            -using the binning as: [0.0, 60.0, 120.0, 180.0, 240.0, 300.0, 360.0, 420.0, 480.0, 540.0, 600.0, 660.0, 720.0, 780.0, 840.0, 900.0, 960.0, 1020.0, 1080.0, 1140.0, 1200.0, 1260.0, 1320.0, 1380.0, 1440.0, 1500.0, 1560.0, 1620.0, 1680.0, 1740.0, 1800.0, 1860.0, 1920.0, 1980.0, 2040.0, 2100.0, 2160.0, 2220.0, 2280.0, 2340.0, 2400.0, 2460.0, 2520.0, 2580.0, 2640.0, 2700.0, 2760.0, 2820.0, 2880.0, 2940.0, 3000.0]
/////////////////////////
PROCESSING:  TTM1100THBW
/////////////////////////
plotTreeName: Tprime2_BEST_Mass
Flavour: E #tag: isV_tHbW #algo: BEST
Weights: 1 * 1 * 1 * pileupWeight * 1 * lepIdSF * EGammaGsfSF * 1 * (MCWeight_singleLepCalc/abs(MCWeight_singleLepCalc)) * 0.00111619958268
Cuts: (leptonPt_singleLepCalc > 50) && (corr_met_singleLepCalc > 55) && (AK4HT > 480) && (minDR_lepJet > 0.4 || ptRel_lepJet > 40) && (NJetsAK8_JetSubCalc > 2) && (minDR_leadAK8otherAK8 < 3.0) && DataPastTrigger == 1 && isElectron==1
****************************************************************************************************
****************************************************************************************************
DISTRIBUTION: Tp2Mass
            -name in ljmet trees: Tprime2_ALGO_Mass
            -x-axis label is set to: ;M(T) [GeV])
            -using the binning as: [0.0, 60.0, 120.0, 180.0, 240.0, 300.0, 360.0, 420.0, 480.0, 540.0, 600.0, 660.0, 720.0, 780.0, 840.0, 900.0, 960.0, 1020.0, 1080.0, 1140.0, 1200.0, 1260.0, 1320.0, 1380.0, 1440.0, 1500.0, 1560.0, 1620.0, 1680.0, 1740.0, 1800.0, 1860.0, 1920.0, 1980.0, 2040.0, 2100.0, 2160.0, 2220.0, 2280.0, 2340.0, 2400.0, 2460.0, 2520.0, 2580.0, 2640.0, 2700.0, 2760.0, 2820.0, 2880.0, 2940.0, 3000.0]
/////////////////////////
PROCESSING:  TTM1100TZTH
/////////////////////////
plotTreeName: Tprime2_BEST_Mass
Flavour: E #tag: isV_tHbW #algo: BEST
Weights: 1 * 1 * 1 * pileupWeight * 1 * lepIdSF * EGammaGsfSF * 1 * (MCWeight_singleLepCalc/abs(MCWeight_singleLepCalc)) * 0.000558099791339
Cuts: (leptonPt_singleLepCalc > 50) && (corr_met_singleLepCalc > 55) && (AK4HT > 480) && (minDR_lepJet > 0.4 || ptRel_lepJet > 40) && (NJetsAK8_JetSubCalc > 2) && (minDR_leadAK8otherAK8 < 3.0) && DataPastTrigger == 1 && isElectron==1
****************************************************************************************************
****************************************************************************************************
DISTRIBUTION: Tp2Mass
            -name in ljmet trees: Tprime2_ALGO_Mass
            -x-axis label is set to: ;M(T) [GeV])
            -using the binning as: [0.0, 60.0, 120.0, 180.0, 240.0, 300.0, 360.0, 420.0, 480.0, 540.0, 600.0, 660.0, 720.0, 780.0, 840.0, 900.0, 960.0, 1020.0, 1080.0, 1140.0, 1200.0, 1260.0, 1320.0, 1380.0, 1440.0, 1500.0, 1560.0, 1620.0, 1680.0, 1740.0, 1800.0, 1860.0, 1920.0, 1980.0, 2040.0, 2100.0, 2160.0, 2220.0, 2280.0, 2340.0, 2400.0, 2460.0, 2520.0, 2580.0, 2640.0, 2700.0, 2760.0, 2820.0, 2880.0, 2940.0, 3000.0]
/////////////////////////
PROCESSING:  TTM1200BWBW
/////////////////////////
plotTreeName: Tprime2_BEST_Mass
Flavour: E #tag: isV_tHbW #algo: BEST
Weights: 1 * 1 * 1 * pileupWeight * 1 * lepIdSF * EGammaGsfSF * 1 * (MCWeight_singleLepCalc/abs(MCWeight_singleLepCalc)) * 0.00117627847652
Cuts: (leptonPt_singleLepCalc > 50) && (corr_met_singleLepCalc > 55) && (AK4HT > 480) && (minDR_lepJet > 0.4 || ptRel_lepJet > 40) && (NJetsAK8_JetSubCalc > 2) && (minDR_leadAK8otherAK8 < 3.0) && DataPastTrigger == 1 && isElectron==1
****************************************************************************************************
****************************************************************************************************
DISTRIBUTION: Tp2Mass
            -name in ljmet trees: Tprime2_ALGO_Mass
            -x-axis label is set to: ;M(T) [GeV])
            -using the binning as: [0.0, 60.0, 120.0, 180.0, 240.0, 300.0, 360.0, 420.0, 480.0, 540.0, 600.0, 660.0, 720.0, 780.0, 840.0, 900.0, 960.0, 1020.0, 1080.0, 1140.0, 1200.0, 1260.0, 1320.0, 1380.0, 1440.0, 1500.0, 1560.0, 1620.0, 1680.0, 1740.0, 1800.0, 1860.0, 1920.0, 1980.0, 2040.0, 2100.0, 2160.0, 2220.0, 2280.0, 2340.0, 2400.0, 2460.0, 2520.0, 2580.0, 2640.0, 2700.0, 2760.0, 2820.0, 2880.0, 2940.0, 3000.0]
/////////////////////////
PROCESSING:  TTM1200THTH
/////////////////////////
plotTreeName: Tprime2_BEST_Mass
Flavour: E #tag: isV_tHbW #algo: BEST
Weights: 1 * 1 * 1 * pileupWeight * 1 * lepIdSF * EGammaGsfSF * 1 * (MCWeight_singleLepCalc/abs(MCWeight_singleLepCalc)) * 0.00029406961913
Cuts: (leptonPt_singleLepCalc > 50) && (corr_met_singleLepCalc > 55) && (AK4HT > 480) && (minDR_lepJet > 0.4 || ptRel_lepJet > 40) && (NJetsAK8_JetSubCalc > 2) && (minDR_leadAK8otherAK8 < 3.0) && DataPastTrigger == 1 && isElectron==1
****************************************************************************************************
****************************************************************************************************
DISTRIBUTION: Tp2Mass
            -name in ljmet trees: Tprime2_ALGO_Mass
            -x-axis label is set to: ;M(T) [GeV])
            -using the binning as: [0.0, 60.0, 120.0, 180.0, 240.0, 300.0, 360.0, 420.0, 480.0, 540.0, 600.0, 660.0, 720.0, 780.0, 840.0, 900.0, 960.0, 1020.0, 1080.0, 1140.0, 1200.0, 1260.0, 1320.0, 1380.0, 1440.0, 1500.0, 1560.0, 1620.0, 1680.0, 1740.0, 1800.0, 1860.0, 1920.0, 1980.0, 2040.0, 2100.0, 2160.0, 2220.0, 2280.0, 2340.0, 2400.0, 2460.0, 2520.0, 2580.0, 2640.0, 2700.0, 2760.0, 2820.0, 2880.0, 2940.0, 3000.0]
/////////////////////////
PROCESSING:  TTM1200TZTZ
/////////////////////////
plotTreeName: Tprime2_BEST_Mass
Flavour: E #tag: isV_tHbW #algo: BEST
Weights: 1 * 1 * 1 * pileupWeight * 1 * lepIdSF * EGammaGsfSF * 1 * (MCWeight_singleLepCalc/abs(MCWeight_singleLepCalc)) * 0.00029406961913
Cuts: (leptonPt_singleLepCalc > 50) && (corr_met_singleLepCalc > 55) && (AK4HT > 480) && (minDR_lepJet > 0.4 || ptRel_lepJet > 40) && (NJetsAK8_JetSubCalc > 2) && (minDR_leadAK8otherAK8 < 3.0) && DataPastTrigger == 1 && isElectron==1
****************************************************************************************************
****************************************************************************************************
DISTRIBUTION: Tp2Mass
            -name in ljmet trees: Tprime2_ALGO_Mass
            -x-axis label is set to: ;M(T) [GeV])
            -using the binning as: [0.0, 60.0, 120.0, 180.0, 240.0, 300.0, 360.0, 420.0, 480.0, 540.0, 600.0, 660.0, 720.0, 780.0, 840.0, 900.0, 960.0, 1020.0, 1080.0, 1140.0, 1200.0, 1260.0, 1320.0, 1380.0, 1440.0, 1500.0, 1560.0, 1620.0, 1680.0, 1740.0, 1800.0, 1860.0, 1920.0, 1980.0, 2040.0, 2100.0, 2160.0, 2220.0, 2280.0, 2340.0, 2400.0, 2460.0, 2520.0, 2580.0, 2640.0, 2700.0, 2760.0, 2820.0, 2880.0, 2940.0, 3000.0]
/////////////////////////
PROCESSING:  TTM1200TZBW
/////////////////////////
plotTreeName: Tprime2_BEST_Mass
Flavour: E #tag: isV_tHbW #algo: BEST
Weights: 1 * 1 * 1 * pileupWeight * 1 * lepIdSF * EGammaGsfSF * 1 * (MCWeight_singleLepCalc/abs(MCWeight_singleLepCalc)) * 0.000588139238259
Cuts: (leptonPt_singleLepCalc > 50) && (corr_met_singleLepCalc > 55) && (AK4HT > 480) && (minDR_lepJet > 0.4 || ptRel_lepJet > 40) && (NJetsAK8_JetSubCalc > 2) && (minDR_leadAK8otherAK8 < 3.0) && DataPastTrigger == 1 && isElectron==1
****************************************************************************************************
****************************************************************************************************
DISTRIBUTION: Tp2Mass
            -name in ljmet trees: Tprime2_ALGO_Mass
            -x-axis label is set to: ;M(T) [GeV])
            -using the binning as: [0.0, 60.0, 120.0, 180.0, 240.0, 300.0, 360.0, 420.0, 480.0, 540.0, 600.0, 660.0, 720.0, 780.0, 840.0, 900.0, 960.0, 1020.0, 1080.0, 1140.0, 1200.0, 1260.0, 1320.0, 1380.0, 1440.0, 1500.0, 1560.0, 1620.0, 1680.0, 1740.0, 1800.0, 1860.0, 1920.0, 1980.0, 2040.0, 2100.0, 2160.0, 2220.0, 2280.0, 2340.0, 2400.0, 2460.0, 2520.0, 2580.0, 2640.0, 2700.0, 2760.0, 2820.0, 2880.0, 2940.0, 3000.0]
/////////////////////////
PROCESSING:  TTM1200THBW
/////////////////////////
plotTreeName: Tprime2_BEST_Mass
Flavour: E #tag: isV_tHbW #algo: BEST
Weights: 1 * 1 * 1 * pileupWeight * 1 * lepIdSF * EGammaGsfSF * 1 * (MCWeight_singleLepCalc/abs(MCWeight_singleLepCalc)) * 0.000588139238259
Cuts: (leptonPt_singleLepCalc > 50) && (corr_met_singleLepCalc > 55) && (AK4HT > 480) && (minDR_lepJet > 0.4 || ptRel_lepJet > 40) && (NJetsAK8_JetSubCalc > 2) && (minDR_leadAK8otherAK8 < 3.0) && DataPastTrigger == 1 && isElectron==1
****************************************************************************************************
****************************************************************************************************
DISTRIBUTION: Tp2Mass
            -name in ljmet trees: Tprime2_ALGO_Mass
            -x-axis label is set to: ;M(T) [GeV])
            -using the binning as: [0.0, 60.0, 120.0, 180.0, 240.0, 300.0, 360.0, 420.0, 480.0, 540.0, 600.0, 660.0, 720.0, 780.0, 840.0, 900.0, 960.0, 1020.0, 1080.0, 1140.0, 1200.0, 1260.0, 1320.0, 1380.0, 1440.0, 1500.0, 1560.0, 1620.0, 1680.0, 1740.0, 1800.0, 1860.0, 1920.0, 1980.0, 2040.0, 2100.0, 2160.0, 2220.0, 2280.0, 2340.0, 2400.0, 2460.0, 2520.0, 2580.0, 2640.0, 2700.0, 2760.0, 2820.0, 2880.0, 2940.0, 3000.0]
/////////////////////////
PROCESSING:  TTM1200TZTH
/////////////////////////
plotTreeName: Tprime2_BEST_Mass
Flavour: E #tag: isV_tHbW #algo: BEST
Weights: 1 * 1 * 1 * pileupWeight * 1 * lepIdSF * EGammaGsfSF * 1 * (MCWeight_singleLepCalc/abs(MCWeight_singleLepCalc)) * 0.00029406961913
Cuts: (leptonPt_singleLepCalc > 50) && (corr_met_singleLepCalc > 55) && (AK4HT > 480) && (minDR_lepJet > 0.4 || ptRel_lepJet > 40) && (NJetsAK8_JetSubCalc > 2) && (minDR_leadAK8otherAK8 < 3.0) && DataPastTrigger == 1 && isElectron==1
****************************************************************************************************
****************************************************************************************************
DISTRIBUTION: Tp2Mass
            -name in ljmet trees: Tprime2_ALGO_Mass
            -x-axis label is set to: ;M(T) [GeV])
            -using the binning as: [0.0, 60.0, 120.0, 180.0, 240.0, 300.0, 360.0, 420.0, 480.0, 540.0, 600.0, 660.0, 720.0, 780.0, 840.0, 900.0, 960.0, 1020.0, 1080.0, 1140.0, 1200.0, 1260.0, 1320.0, 1380.0, 1440.0, 1500.0, 1560.0, 1620.0, 1680.0, 1740.0, 1800.0, 1860.0, 1920.0, 1980.0, 2040.0, 2100.0, 2160.0, 2220.0, 2280.0, 2340.0, 2400.0, 2460.0, 2520.0, 2580.0, 2640.0, 2700.0, 2760.0, 2820.0, 2880.0, 2940.0, 3000.0]
/////////////////////////
PROCESSING:  TTM1300BWBW
/////////////////////////
plotTreeName: Tprime2_BEST_Mass
Flavour: E #tag: isV_tHbW #algo: BEST
Weights: 1 * 1 * 1 * pileupWeight * 1 * lepIdSF * EGammaGsfSF * 1 * (MCWeight_singleLepCalc/abs(MCWeight_singleLepCalc)) * 0.00063821114509
Cuts: (leptonPt_singleLepCalc > 50) && (corr_met_singleLepCalc > 55) && (AK4HT > 480) && (minDR_lepJet > 0.4 || ptRel_lepJet > 40) && (NJetsAK8_JetSubCalc > 2) && (minDR_leadAK8otherAK8 < 3.0) && DataPastTrigger == 1 && isElectron==1
****************************************************************************************************
****************************************************************************************************
DISTRIBUTION: Tp2Mass
            -name in ljmet trees: Tprime2_ALGO_Mass
            -x-axis label is set to: ;M(T) [GeV])
            -using the binning as: [0.0, 60.0, 120.0, 180.0, 240.0, 300.0, 360.0, 420.0, 480.0, 540.0, 600.0, 660.0, 720.0, 780.0, 840.0, 900.0, 960.0, 1020.0, 1080.0, 1140.0, 1200.0, 1260.0, 1320.0, 1380.0, 1440.0, 1500.0, 1560.0, 1620.0, 1680.0, 1740.0, 1800.0, 1860.0, 1920.0, 1980.0, 2040.0, 2100.0, 2160.0, 2220.0, 2280.0, 2340.0, 2400.0, 2460.0, 2520.0, 2580.0, 2640.0, 2700.0, 2760.0, 2820.0, 2880.0, 2940.0, 3000.0]
/////////////////////////
PROCESSING:  TTM1300THTH
/////////////////////////
plotTreeName: Tprime2_BEST_Mass
Flavour: E #tag: isV_tHbW #algo: BEST
Weights: 1 * 1 * 1 * pileupWeight * 1 * lepIdSF * EGammaGsfSF * 1 * (MCWeight_singleLepCalc/abs(MCWeight_singleLepCalc)) * 0.000159552786272
Cuts: (leptonPt_singleLepCalc > 50) && (corr_met_singleLepCalc > 55) && (AK4HT > 480) && (minDR_lepJet > 0.4 || ptRel_lepJet > 40) && (NJetsAK8_JetSubCalc > 2) && (minDR_leadAK8otherAK8 < 3.0) && DataPastTrigger == 1 && isElectron==1
****************************************************************************************************
****************************************************************************************************
DISTRIBUTION: Tp2Mass
            -name in ljmet trees: Tprime2_ALGO_Mass
            -x-axis label is set to: ;M(T) [GeV])
            -using the binning as: [0.0, 60.0, 120.0, 180.0, 240.0, 300.0, 360.0, 420.0, 480.0, 540.0, 600.0, 660.0, 720.0, 780.0, 840.0, 900.0, 960.0, 1020.0, 1080.0, 1140.0, 1200.0, 1260.0, 1320.0, 1380.0, 1440.0, 1500.0, 1560.0, 1620.0, 1680.0, 1740.0, 1800.0, 1860.0, 1920.0, 1980.0, 2040.0, 2100.0, 2160.0, 2220.0, 2280.0, 2340.0, 2400.0, 2460.0, 2520.0, 2580.0, 2640.0, 2700.0, 2760.0, 2820.0, 2880.0, 2940.0, 3000.0]
/////////////////////////
PROCESSING:  TTM1300TZTZ
/////////////////////////
plotTreeName: Tprime2_BEST_Mass
Flavour: E #tag: isV_tHbW #algo: BEST
Weights: 1 * 1 * 1 * pileupWeight * 1 * lepIdSF * EGammaGsfSF * 1 * (MCWeight_singleLepCalc/abs(MCWeight_singleLepCalc)) * 0.000159552786272
Cuts: (leptonPt_singleLepCalc > 50) && (corr_met_singleLepCalc > 55) && (AK4HT > 480) && (minDR_lepJet > 0.4 || ptRel_lepJet > 40) && (NJetsAK8_JetSubCalc > 2) && (minDR_leadAK8otherAK8 < 3.0) && DataPastTrigger == 1 && isElectron==1
****************************************************************************************************
****************************************************************************************************
DISTRIBUTION: Tp2Mass
            -name in ljmet trees: Tprime2_ALGO_Mass
            -x-axis label is set to: ;M(T) [GeV])
            -using the binning as: [0.0, 60.0, 120.0, 180.0, 240.0, 300.0, 360.0, 420.0, 480.0, 540.0, 600.0, 660.0, 720.0, 780.0, 840.0, 900.0, 960.0, 1020.0, 1080.0, 1140.0, 1200.0, 1260.0, 1320.0, 1380.0, 1440.0, 1500.0, 1560.0, 1620.0, 1680.0, 1740.0, 1800.0, 1860.0, 1920.0, 1980.0, 2040.0, 2100.0, 2160.0, 2220.0, 2280.0, 2340.0, 2400.0, 2460.0, 2520.0, 2580.0, 2640.0, 2700.0, 2760.0, 2820.0, 2880.0, 2940.0, 3000.0]
/////////////////////////
PROCESSING:  TTM1300TZBW
/////////////////////////
plotTreeName: Tprime2_BEST_Mass
Flavour: E #tag: isV_tHbW #algo: BEST
Weights: 1 * 1 * 1 * pileupWeight * 1 * lepIdSF * EGammaGsfSF * 1 * (MCWeight_singleLepCalc/abs(MCWeight_singleLepCalc)) * 0.000319105572545
Cuts: (leptonPt_singleLepCalc > 50) && (corr_met_singleLepCalc > 55) && (AK4HT > 480) && (minDR_lepJet > 0.4 || ptRel_lepJet > 40) && (NJetsAK8_JetSubCalc > 2) && (minDR_leadAK8otherAK8 < 3.0) && DataPastTrigger == 1 && isElectron==1
****************************************************************************************************
****************************************************************************************************
DISTRIBUTION: Tp2Mass
            -name in ljmet trees: Tprime2_ALGO_Mass
            -x-axis label is set to: ;M(T) [GeV])
            -using the binning as: [0.0, 60.0, 120.0, 180.0, 240.0, 300.0, 360.0, 420.0, 480.0, 540.0, 600.0, 660.0, 720.0, 780.0, 840.0, 900.0, 960.0, 1020.0, 1080.0, 1140.0, 1200.0, 1260.0, 1320.0, 1380.0, 1440.0, 1500.0, 1560.0, 1620.0, 1680.0, 1740.0, 1800.0, 1860.0, 1920.0, 1980.0, 2040.0, 2100.0, 2160.0, 2220.0, 2280.0, 2340.0, 2400.0, 2460.0, 2520.0, 2580.0, 2640.0, 2700.0, 2760.0, 2820.0, 2880.0, 2940.0, 3000.0]
/////////////////////////
PROCESSING:  TTM1300THBW
/////////////////////////
plotTreeName: Tprime2_BEST_Mass
Flavour: E #tag: isV_tHbW #algo: BEST
Weights: 1 * 1 * 1 * pileupWeight * 1 * lepIdSF * EGammaGsfSF * 1 * (MCWeight_singleLepCalc/abs(MCWeight_singleLepCalc)) * 0.000319105572545
Cuts: (leptonPt_singleLepCalc > 50) && (corr_met_singleLepCalc > 55) && (AK4HT > 480) && (minDR_lepJet > 0.4 || ptRel_lepJet > 40) && (NJetsAK8_JetSubCalc > 2) && (minDR_leadAK8otherAK8 < 3.0) && DataPastTrigger == 1 && isElectron==1
****************************************************************************************************
****************************************************************************************************
DISTRIBUTION: Tp2Mass
            -name in ljmet trees: Tprime2_ALGO_Mass
            -x-axis label is set to: ;M(T) [GeV])
            -using the binning as: [0.0, 60.0, 120.0, 180.0, 240.0, 300.0, 360.0, 420.0, 480.0, 540.0, 600.0, 660.0, 720.0, 780.0, 840.0, 900.0, 960.0, 1020.0, 1080.0, 1140.0, 1200.0, 1260.0, 1320.0, 1380.0, 1440.0, 1500.0, 1560.0, 1620.0, 1680.0, 1740.0, 1800.0, 1860.0, 1920.0, 1980.0, 2040.0, 2100.0, 2160.0, 2220.0, 2280.0, 2340.0, 2400.0, 2460.0, 2520.0, 2580.0, 2640.0, 2700.0, 2760.0, 2820.0, 2880.0, 2940.0, 3000.0]
/////////////////////////
PROCESSING:  TTM1300TZTH
/////////////////////////
plotTreeName: Tprime2_BEST_Mass
Flavour: E #tag: isV_tHbW #algo: BEST
Weights: 1 * 1 * 1 * pileupWeight * 1 * lepIdSF * EGammaGsfSF * 1 * (MCWeight_singleLepCalc/abs(MCWeight_singleLepCalc)) * 0.000159552786272
Cuts: (leptonPt_singleLepCalc > 50) && (corr_met_singleLepCalc > 55) && (AK4HT > 480) && (minDR_lepJet > 0.4 || ptRel_lepJet > 40) && (NJetsAK8_JetSubCalc > 2) && (minDR_leadAK8otherAK8 < 3.0) && DataPastTrigger == 1 && isElectron==1
****************************************************************************************************
****************************************************************************************************
DISTRIBUTION: Tp2Mass
            -name in ljmet trees: Tprime2_ALGO_Mass
            -x-axis label is set to: ;M(T) [GeV])
            -using the binning as: [0.0, 60.0, 120.0, 180.0, 240.0, 300.0, 360.0, 420.0, 480.0, 540.0, 600.0, 660.0, 720.0, 780.0, 840.0, 900.0, 960.0, 1020.0, 1080.0, 1140.0, 1200.0, 1260.0, 1320.0, 1380.0, 1440.0, 1500.0, 1560.0, 1620.0, 1680.0, 1740.0, 1800.0, 1860.0, 1920.0, 1980.0, 2040.0, 2100.0, 2160.0, 2220.0, 2280.0, 2340.0, 2400.0, 2460.0, 2520.0, 2580.0, 2640.0, 2700.0, 2760.0, 2820.0, 2880.0, 2940.0, 3000.0]
/////////////////////////
PROCESSING:  TTM1400BWBW
/////////////////////////
plotTreeName: Tprime2_BEST_Mass
Flavour: E #tag: isV_tHbW #algo: BEST
Weights: 1 * 1 * 1 * pileupWeight * 1 * lepIdSF * EGammaGsfSF * 1 * (MCWeight_singleLepCalc/abs(MCWeight_singleLepCalc)) * 0.000352883542956
Cuts: (leptonPt_singleLepCalc > 50) && (corr_met_singleLepCalc > 55) && (AK4HT > 480) && (minDR_lepJet > 0.4 || ptRel_lepJet > 40) && (NJetsAK8_JetSubCalc > 2) && (minDR_leadAK8otherAK8 < 3.0) && DataPastTrigger == 1 && isElectron==1
****************************************************************************************************
****************************************************************************************************
DISTRIBUTION: Tp2Mass
            -name in ljmet trees: Tprime2_ALGO_Mass
            -x-axis label is set to: ;M(T) [GeV])
            -using the binning as: [0.0, 60.0, 120.0, 180.0, 240.0, 300.0, 360.0, 420.0, 480.0, 540.0, 600.0, 660.0, 720.0, 780.0, 840.0, 900.0, 960.0, 1020.0, 1080.0, 1140.0, 1200.0, 1260.0, 1320.0, 1380.0, 1440.0, 1500.0, 1560.0, 1620.0, 1680.0, 1740.0, 1800.0, 1860.0, 1920.0, 1980.0, 2040.0, 2100.0, 2160.0, 2220.0, 2280.0, 2340.0, 2400.0, 2460.0, 2520.0, 2580.0, 2640.0, 2700.0, 2760.0, 2820.0, 2880.0, 2940.0, 3000.0]
/////////////////////////
PROCESSING:  TTM1400THTH
/////////////////////////
plotTreeName: Tprime2_BEST_Mass
Flavour: E #tag: isV_tHbW #algo: BEST
Weights: 1 * 1 * 1 * pileupWeight * 1 * lepIdSF * EGammaGsfSF * 1 * (MCWeight_singleLepCalc/abs(MCWeight_singleLepCalc)) * 8.82208857389e-05
Cuts: (leptonPt_singleLepCalc > 50) && (corr_met_singleLepCalc > 55) && (AK4HT > 480) && (minDR_lepJet > 0.4 || ptRel_lepJet > 40) && (NJetsAK8_JetSubCalc > 2) && (minDR_leadAK8otherAK8 < 3.0) && DataPastTrigger == 1 && isElectron==1
****************************************************************************************************
****************************************************************************************************
DISTRIBUTION: Tp2Mass
            -name in ljmet trees: Tprime2_ALGO_Mass
            -x-axis label is set to: ;M(T) [GeV])
            -using the binning as: [0.0, 60.0, 120.0, 180.0, 240.0, 300.0, 360.0, 420.0, 480.0, 540.0, 600.0, 660.0, 720.0, 780.0, 840.0, 900.0, 960.0, 1020.0, 1080.0, 1140.0, 1200.0, 1260.0, 1320.0, 1380.0, 1440.0, 1500.0, 1560.0, 1620.0, 1680.0, 1740.0, 1800.0, 1860.0, 1920.0, 1980.0, 2040.0, 2100.0, 2160.0, 2220.0, 2280.0, 2340.0, 2400.0, 2460.0, 2520.0, 2580.0, 2640.0, 2700.0, 2760.0, 2820.0, 2880.0, 2940.0, 3000.0]
/////////////////////////
PROCESSING:  TTM1400TZTZ
/////////////////////////
plotTreeName: Tprime2_BEST_Mass
Flavour: E #tag: isV_tHbW #algo: BEST
Weights: 1 * 1 * 1 * pileupWeight * 1 * lepIdSF * EGammaGsfSF * 1 * (MCWeight_singleLepCalc/abs(MCWeight_singleLepCalc)) * 8.82208857389e-05
Cuts: (leptonPt_singleLepCalc > 50) && (corr_met_singleLepCalc > 55) && (AK4HT > 480) && (minDR_lepJet > 0.4 || ptRel_lepJet > 40) && (NJetsAK8_JetSubCalc > 2) && (minDR_leadAK8otherAK8 < 3.0) && DataPastTrigger == 1 && isElectron==1
****************************************************************************************************
****************************************************************************************************
DISTRIBUTION: Tp2Mass
            -name in ljmet trees: Tprime2_ALGO_Mass
            -x-axis label is set to: ;M(T) [GeV])
            -using the binning as: [0.0, 60.0, 120.0, 180.0, 240.0, 300.0, 360.0, 420.0, 480.0, 540.0, 600.0, 660.0, 720.0, 780.0, 840.0, 900.0, 960.0, 1020.0, 1080.0, 1140.0, 1200.0, 1260.0, 1320.0, 1380.0, 1440.0, 1500.0, 1560.0, 1620.0, 1680.0, 1740.0, 1800.0, 1860.0, 1920.0, 1980.0, 2040.0, 2100.0, 2160.0, 2220.0, 2280.0, 2340.0, 2400.0, 2460.0, 2520.0, 2580.0, 2640.0, 2700.0, 2760.0, 2820.0, 2880.0, 2940.0, 3000.0]
/////////////////////////
PROCESSING:  TTM1400TZBW
/////////////////////////
plotTreeName: Tprime2_BEST_Mass
Flavour: E #tag: isV_tHbW #algo: BEST
Weights: 1 * 1 * 1 * pileupWeight * 1 * lepIdSF * EGammaGsfSF * 1 * (MCWeight_singleLepCalc/abs(MCWeight_singleLepCalc)) * 0.000176441771478
Cuts: (leptonPt_singleLepCalc > 50) && (corr_met_singleLepCalc > 55) && (AK4HT > 480) && (minDR_lepJet > 0.4 || ptRel_lepJet > 40) && (NJetsAK8_JetSubCalc > 2) && (minDR_leadAK8otherAK8 < 3.0) && DataPastTrigger == 1 && isElectron==1
****************************************************************************************************
****************************************************************************************************
DISTRIBUTION: Tp2Mass
            -name in ljmet trees: Tprime2_ALGO_Mass
            -x-axis label is set to: ;M(T) [GeV])
            -using the binning as: [0.0, 60.0, 120.0, 180.0, 240.0, 300.0, 360.0, 420.0, 480.0, 540.0, 600.0, 660.0, 720.0, 780.0, 840.0, 900.0, 960.0, 1020.0, 1080.0, 1140.0, 1200.0, 1260.0, 1320.0, 1380.0, 1440.0, 1500.0, 1560.0, 1620.0, 1680.0, 1740.0, 1800.0, 1860.0, 1920.0, 1980.0, 2040.0, 2100.0, 2160.0, 2220.0, 2280.0, 2340.0, 2400.0, 2460.0, 2520.0, 2580.0, 2640.0, 2700.0, 2760.0, 2820.0, 2880.0, 2940.0, 3000.0]
/////////////////////////
PROCESSING:  TTM1400THBW
/////////////////////////
plotTreeName: Tprime2_BEST_Mass
Flavour: E #tag: isV_tHbW #algo: BEST
Weights: 1 * 1 * 1 * pileupWeight * 1 * lepIdSF * EGammaGsfSF * 1 * (MCWeight_singleLepCalc/abs(MCWeight_singleLepCalc)) * 0.000176441771478
Cuts: (leptonPt_singleLepCalc > 50) && (corr_met_singleLepCalc > 55) && (AK4HT > 480) && (minDR_lepJet > 0.4 || ptRel_lepJet > 40) && (NJetsAK8_JetSubCalc > 2) && (minDR_leadAK8otherAK8 < 3.0) && DataPastTrigger == 1 && isElectron==1
****************************************************************************************************
****************************************************************************************************
DISTRIBUTION: Tp2Mass
            -name in ljmet trees: Tprime2_ALGO_Mass
            -x-axis label is set to: ;M(T) [GeV])
            -using the binning as: [0.0, 60.0, 120.0, 180.0, 240.0, 300.0, 360.0, 420.0, 480.0, 540.0, 600.0, 660.0, 720.0, 780.0, 840.0, 900.0, 960.0, 1020.0, 1080.0, 1140.0, 1200.0, 1260.0, 1320.0, 1380.0, 1440.0, 1500.0, 1560.0, 1620.0, 1680.0, 1740.0, 1800.0, 1860.0, 1920.0, 1980.0, 2040.0, 2100.0, 2160.0, 2220.0, 2280.0, 2340.0, 2400.0, 2460.0, 2520.0, 2580.0, 2640.0, 2700.0, 2760.0, 2820.0, 2880.0, 2940.0, 3000.0]
/////////////////////////
PROCESSING:  TTM1400TZTH
/////////////////////////
plotTreeName: Tprime2_BEST_Mass
Flavour: E #tag: isV_tHbW #algo: BEST
Weights: 1 * 1 * 1 * pileupWeight * 1 * lepIdSF * EGammaGsfSF * 1 * (MCWeight_singleLepCalc/abs(MCWeight_singleLepCalc)) * 8.82208857389e-05
Cuts: (leptonPt_singleLepCalc > 50) && (corr_met_singleLepCalc > 55) && (AK4HT > 480) && (minDR_lepJet > 0.4 || ptRel_lepJet > 40) && (NJetsAK8_JetSubCalc > 2) && (minDR_leadAK8otherAK8 < 3.0) && DataPastTrigger == 1 && isElectron==1
****************************************************************************************************
****************************************************************************************************
DISTRIBUTION: Tp2Mass
            -name in ljmet trees: Tprime2_ALGO_Mass
            -x-axis label is set to: ;M(T) [GeV])
            -using the binning as: [0.0, 60.0, 120.0, 180.0, 240.0, 300.0, 360.0, 420.0, 480.0, 540.0, 600.0, 660.0, 720.0, 780.0, 840.0, 900.0, 960.0, 1020.0, 1080.0, 1140.0, 1200.0, 1260.0, 1320.0, 1380.0, 1440.0, 1500.0, 1560.0, 1620.0, 1680.0, 1740.0, 1800.0, 1860.0, 1920.0, 1980.0, 2040.0, 2100.0, 2160.0, 2220.0, 2280.0, 2340.0, 2400.0, 2460.0, 2520.0, 2580.0, 2640.0, 2700.0, 2760.0, 2820.0, 2880.0, 2940.0, 3000.0]
/////////////////////////
PROCESSING:  TTM1500BWBW
/////////////////////////
plotTreeName: Tprime2_BEST_Mass
Flavour: E #tag: isV_tHbW #algo: BEST
Weights: 1 * 1 * 1 * pileupWeight * 1 * lepIdSF * EGammaGsfSF * 1 * (MCWeight_singleLepCalc/abs(MCWeight_singleLepCalc)) * 0.00019932135405
Cuts: (leptonPt_singleLepCalc > 50) && (corr_met_singleLepCalc > 55) && (AK4HT > 480) && (minDR_lepJet > 0.4 || ptRel_lepJet > 40) && (NJetsAK8_JetSubCalc > 2) && (minDR_leadAK8otherAK8 < 3.0) && DataPastTrigger == 1 && isElectron==1
****************************************************************************************************
****************************************************************************************************
DISTRIBUTION: Tp2Mass
            -name in ljmet trees: Tprime2_ALGO_Mass
            -x-axis label is set to: ;M(T) [GeV])
            -using the binning as: [0.0, 60.0, 120.0, 180.0, 240.0, 300.0, 360.0, 420.0, 480.0, 540.0, 600.0, 660.0, 720.0, 780.0, 840.0, 900.0, 960.0, 1020.0, 1080.0, 1140.0, 1200.0, 1260.0, 1320.0, 1380.0, 1440.0, 1500.0, 1560.0, 1620.0, 1680.0, 1740.0, 1800.0, 1860.0, 1920.0, 1980.0, 2040.0, 2100.0, 2160.0, 2220.0, 2280.0, 2340.0, 2400.0, 2460.0, 2520.0, 2580.0, 2640.0, 2700.0, 2760.0, 2820.0, 2880.0, 2940.0, 3000.0]
/////////////////////////
PROCESSING:  TTM1500THTH
/////////////////////////
plotTreeName: Tprime2_BEST_Mass
Flavour: E #tag: isV_tHbW #algo: BEST
Weights: 1 * 1 * 1 * pileupWeight * 1 * lepIdSF * EGammaGsfSF * 1 * (MCWeight_singleLepCalc/abs(MCWeight_singleLepCalc)) * 4.98303385124e-05
Cuts: (leptonPt_singleLepCalc > 50) && (corr_met_singleLepCalc > 55) && (AK4HT > 480) && (minDR_lepJet > 0.4 || ptRel_lepJet > 40) && (NJetsAK8_JetSubCalc > 2) && (minDR_leadAK8otherAK8 < 3.0) && DataPastTrigger == 1 && isElectron==1
****************************************************************************************************
****************************************************************************************************
DISTRIBUTION: Tp2Mass
            -name in ljmet trees: Tprime2_ALGO_Mass
            -x-axis label is set to: ;M(T) [GeV])
            -using the binning as: [0.0, 60.0, 120.0, 180.0, 240.0, 300.0, 360.0, 420.0, 480.0, 540.0, 600.0, 660.0, 720.0, 780.0, 840.0, 900.0, 960.0, 1020.0, 1080.0, 1140.0, 1200.0, 1260.0, 1320.0, 1380.0, 1440.0, 1500.0, 1560.0, 1620.0, 1680.0, 1740.0, 1800.0, 1860.0, 1920.0, 1980.0, 2040.0, 2100.0, 2160.0, 2220.0, 2280.0, 2340.0, 2400.0, 2460.0, 2520.0, 2580.0, 2640.0, 2700.0, 2760.0, 2820.0, 2880.0, 2940.0, 3000.0]
/////////////////////////
PROCESSING:  TTM1500TZTZ
/////////////////////////
plotTreeName: Tprime2_BEST_Mass
Flavour: E #tag: isV_tHbW #algo: BEST
Weights: 1 * 1 * 1 * pileupWeight * 1 * lepIdSF * EGammaGsfSF * 1 * (MCWeight_singleLepCalc/abs(MCWeight_singleLepCalc)) * 4.98303385124e-05
Cuts: (leptonPt_singleLepCalc > 50) && (corr_met_singleLepCalc > 55) && (AK4HT > 480) && (minDR_lepJet > 0.4 || ptRel_lepJet > 40) && (NJetsAK8_JetSubCalc > 2) && (minDR_leadAK8otherAK8 < 3.0) && DataPastTrigger == 1 && isElectron==1
****************************************************************************************************
****************************************************************************************************
DISTRIBUTION: Tp2Mass
            -name in ljmet trees: Tprime2_ALGO_Mass
            -x-axis label is set to: ;M(T) [GeV])
            -using the binning as: [0.0, 60.0, 120.0, 180.0, 240.0, 300.0, 360.0, 420.0, 480.0, 540.0, 600.0, 660.0, 720.0, 780.0, 840.0, 900.0, 960.0, 1020.0, 1080.0, 1140.0, 1200.0, 1260.0, 1320.0, 1380.0, 1440.0, 1500.0, 1560.0, 1620.0, 1680.0, 1740.0, 1800.0, 1860.0, 1920.0, 1980.0, 2040.0, 2100.0, 2160.0, 2220.0, 2280.0, 2340.0, 2400.0, 2460.0, 2520.0, 2580.0, 2640.0, 2700.0, 2760.0, 2820.0, 2880.0, 2940.0, 3000.0]
/////////////////////////
PROCESSING:  TTM1500TZBW
/////////////////////////
plotTreeName: Tprime2_BEST_Mass
Flavour: E #tag: isV_tHbW #algo: BEST
Weights: 1 * 1 * 1 * pileupWeight * 1 * lepIdSF * EGammaGsfSF * 1 * (MCWeight_singleLepCalc/abs(MCWeight_singleLepCalc)) * 9.96606770248e-05
Cuts: (leptonPt_singleLepCalc > 50) && (corr_met_singleLepCalc > 55) && (AK4HT > 480) && (minDR_lepJet > 0.4 || ptRel_lepJet > 40) && (NJetsAK8_JetSubCalc > 2) && (minDR_leadAK8otherAK8 < 3.0) && DataPastTrigger == 1 && isElectron==1
****************************************************************************************************
****************************************************************************************************
DISTRIBUTION: Tp2Mass
            -name in ljmet trees: Tprime2_ALGO_Mass
            -x-axis label is set to: ;M(T) [GeV])
            -using the binning as: [0.0, 60.0, 120.0, 180.0, 240.0, 300.0, 360.0, 420.0, 480.0, 540.0, 600.0, 660.0, 720.0, 780.0, 840.0, 900.0, 960.0, 1020.0, 1080.0, 1140.0, 1200.0, 1260.0, 1320.0, 1380.0, 1440.0, 1500.0, 1560.0, 1620.0, 1680.0, 1740.0, 1800.0, 1860.0, 1920.0, 1980.0, 2040.0, 2100.0, 2160.0, 2220.0, 2280.0, 2340.0, 2400.0, 2460.0, 2520.0, 2580.0, 2640.0, 2700.0, 2760.0, 2820.0, 2880.0, 2940.0, 3000.0]
/////////////////////////
PROCESSING:  TTM1500THBW
/////////////////////////
plotTreeName: Tprime2_BEST_Mass
Flavour: E #tag: isV_tHbW #algo: BEST
Weights: 1 * 1 * 1 * pileupWeight * 1 * lepIdSF * EGammaGsfSF * 1 * (MCWeight_singleLepCalc/abs(MCWeight_singleLepCalc)) * 9.96606770248e-05
Cuts: (leptonPt_singleLepCalc > 50) && (corr_met_singleLepCalc > 55) && (AK4HT > 480) && (minDR_lepJet > 0.4 || ptRel_lepJet > 40) && (NJetsAK8_JetSubCalc > 2) && (minDR_leadAK8otherAK8 < 3.0) && DataPastTrigger == 1 && isElectron==1
****************************************************************************************************
****************************************************************************************************
DISTRIBUTION: Tp2Mass
            -name in ljmet trees: Tprime2_ALGO_Mass
            -x-axis label is set to: ;M(T) [GeV])
            -using the binning as: [0.0, 60.0, 120.0, 180.0, 240.0, 300.0, 360.0, 420.0, 480.0, 540.0, 600.0, 660.0, 720.0, 780.0, 840.0, 900.0, 960.0, 1020.0, 1080.0, 1140.0, 1200.0, 1260.0, 1320.0, 1380.0, 1440.0, 1500.0, 1560.0, 1620.0, 1680.0, 1740.0, 1800.0, 1860.0, 1920.0, 1980.0, 2040.0, 2100.0, 2160.0, 2220.0, 2280.0, 2340.0, 2400.0, 2460.0, 2520.0, 2580.0, 2640.0, 2700.0, 2760.0, 2820.0, 2880.0, 2940.0, 3000.0]
/////////////////////////
PROCESSING:  TTM1500TZTH
/////////////////////////
plotTreeName: Tprime2_BEST_Mass
Flavour: E #tag: isV_tHbW #algo: BEST
Weights: 1 * 1 * 1 * pileupWeight * 1 * lepIdSF * EGammaGsfSF * 1 * (MCWeight_singleLepCalc/abs(MCWeight_singleLepCalc)) * 4.98303385124e-05
Cuts: (leptonPt_singleLepCalc > 50) && (corr_met_singleLepCalc > 55) && (AK4HT > 480) && (minDR_lepJet > 0.4 || ptRel_lepJet > 40) && (NJetsAK8_JetSubCalc > 2) && (minDR_leadAK8otherAK8 < 3.0) && DataPastTrigger == 1 && isElectron==1
****************************************************************************************************
****************************************************************************************************
DISTRIBUTION: Tp2Mass
            -name in ljmet trees: Tprime2_ALGO_Mass
            -x-axis label is set to: ;M(T) [GeV])
            -using the binning as: [0.0, 60.0, 120.0, 180.0, 240.0, 300.0, 360.0, 420.0, 480.0, 540.0, 600.0, 660.0, 720.0, 780.0, 840.0, 900.0, 960.0, 1020.0, 1080.0, 1140.0, 1200.0, 1260.0, 1320.0, 1380.0, 1440.0, 1500.0, 1560.0, 1620.0, 1680.0, 1740.0, 1800.0, 1860.0, 1920.0, 1980.0, 2040.0, 2100.0, 2160.0, 2220.0, 2280.0, 2340.0, 2400.0, 2460.0, 2520.0, 2580.0, 2640.0, 2700.0, 2760.0, 2820.0, 2880.0, 2940.0, 3000.0]
/////////////////////////
PROCESSING:  TTM1600BWBW
/////////////////////////
plotTreeName: Tprime2_BEST_Mass
Flavour: E #tag: isV_tHbW #algo: BEST
Weights: 1 * 1 * 1 * pileupWeight * 1 * lepIdSF * EGammaGsfSF * 1 * (MCWeight_singleLepCalc/abs(MCWeight_singleLepCalc)) * 0.000114437939919
Cuts: (leptonPt_singleLepCalc > 50) && (corr_met_singleLepCalc > 55) && (AK4HT > 480) && (minDR_lepJet > 0.4 || ptRel_lepJet > 40) && (NJetsAK8_JetSubCalc > 2) && (minDR_leadAK8otherAK8 < 3.0) && DataPastTrigger == 1 && isElectron==1
****************************************************************************************************
****************************************************************************************************
DISTRIBUTION: Tp2Mass
            -name in ljmet trees: Tprime2_ALGO_Mass
            -x-axis label is set to: ;M(T) [GeV])
            -using the binning as: [0.0, 60.0, 120.0, 180.0, 240.0, 300.0, 360.0, 420.0, 480.0, 540.0, 600.0, 660.0, 720.0, 780.0, 840.0, 900.0, 960.0, 1020.0, 1080.0, 1140.0, 1200.0, 1260.0, 1320.0, 1380.0, 1440.0, 1500.0, 1560.0, 1620.0, 1680.0, 1740.0, 1800.0, 1860.0, 1920.0, 1980.0, 2040.0, 2100.0, 2160.0, 2220.0, 2280.0, 2340.0, 2400.0, 2460.0, 2520.0, 2580.0, 2640.0, 2700.0, 2760.0, 2820.0, 2880.0, 2940.0, 3000.0]
/////////////////////////
PROCESSING:  TTM1600THTH
/////////////////////////
plotTreeName: Tprime2_BEST_Mass
Flavour: E #tag: isV_tHbW #algo: BEST
Weights: 1 * 1 * 1 * pileupWeight * 1 * lepIdSF * EGammaGsfSF * 1 * (MCWeight_singleLepCalc/abs(MCWeight_singleLepCalc)) * 2.86094849797e-05
Cuts: (leptonPt_singleLepCalc > 50) && (corr_met_singleLepCalc > 55) && (AK4HT > 480) && (minDR_lepJet > 0.4 || ptRel_lepJet > 40) && (NJetsAK8_JetSubCalc > 2) && (minDR_leadAK8otherAK8 < 3.0) && DataPastTrigger == 1 && isElectron==1
****************************************************************************************************
****************************************************************************************************
DISTRIBUTION: Tp2Mass
            -name in ljmet trees: Tprime2_ALGO_Mass
            -x-axis label is set to: ;M(T) [GeV])
            -using the binning as: [0.0, 60.0, 120.0, 180.0, 240.0, 300.0, 360.0, 420.0, 480.0, 540.0, 600.0, 660.0, 720.0, 780.0, 840.0, 900.0, 960.0, 1020.0, 1080.0, 1140.0, 1200.0, 1260.0, 1320.0, 1380.0, 1440.0, 1500.0, 1560.0, 1620.0, 1680.0, 1740.0, 1800.0, 1860.0, 1920.0, 1980.0, 2040.0, 2100.0, 2160.0, 2220.0, 2280.0, 2340.0, 2400.0, 2460.0, 2520.0, 2580.0, 2640.0, 2700.0, 2760.0, 2820.0, 2880.0, 2940.0, 3000.0]
/////////////////////////
PROCESSING:  TTM1600TZTZ
/////////////////////////
plotTreeName: Tprime2_BEST_Mass
Flavour: E #tag: isV_tHbW #algo: BEST
Weights: 1 * 1 * 1 * pileupWeight * 1 * lepIdSF * EGammaGsfSF * 1 * (MCWeight_singleLepCalc/abs(MCWeight_singleLepCalc)) * 2.86094849797e-05
Cuts: (leptonPt_singleLepCalc > 50) && (corr_met_singleLepCalc > 55) && (AK4HT > 480) && (minDR_lepJet > 0.4 || ptRel_lepJet > 40) && (NJetsAK8_JetSubCalc > 2) && (minDR_leadAK8otherAK8 < 3.0) && DataPastTrigger == 1 && isElectron==1
****************************************************************************************************
****************************************************************************************************
DISTRIBUTION: Tp2Mass
            -name in ljmet trees: Tprime2_ALGO_Mass
            -x-axis label is set to: ;M(T) [GeV])
            -using the binning as: [0.0, 60.0, 120.0, 180.0, 240.0, 300.0, 360.0, 420.0, 480.0, 540.0, 600.0, 660.0, 720.0, 780.0, 840.0, 900.0, 960.0, 1020.0, 1080.0, 1140.0, 1200.0, 1260.0, 1320.0, 1380.0, 1440.0, 1500.0, 1560.0, 1620.0, 1680.0, 1740.0, 1800.0, 1860.0, 1920.0, 1980.0, 2040.0, 2100.0, 2160.0, 2220.0, 2280.0, 2340.0, 2400.0, 2460.0, 2520.0, 2580.0, 2640.0, 2700.0, 2760.0, 2820.0, 2880.0, 2940.0, 3000.0]
/////////////////////////
PROCESSING:  TTM1600TZBW
/////////////////////////
plotTreeName: Tprime2_BEST_Mass
Flavour: E #tag: isV_tHbW #algo: BEST
Weights: 1 * 1 * 1 * pileupWeight * 1 * lepIdSF * EGammaGsfSF * 1 * (MCWeight_singleLepCalc/abs(MCWeight_singleLepCalc)) * 5.72189699595e-05
Cuts: (leptonPt_singleLepCalc > 50) && (corr_met_singleLepCalc > 55) && (AK4HT > 480) && (minDR_lepJet > 0.4 || ptRel_lepJet > 40) && (NJetsAK8_JetSubCalc > 2) && (minDR_leadAK8otherAK8 < 3.0) && DataPastTrigger == 1 && isElectron==1
****************************************************************************************************
****************************************************************************************************
DISTRIBUTION: Tp2Mass
            -name in ljmet trees: Tprime2_ALGO_Mass
            -x-axis label is set to: ;M(T) [GeV])
            -using the binning as: [0.0, 60.0, 120.0, 180.0, 240.0, 300.0, 360.0, 420.0, 480.0, 540.0, 600.0, 660.0, 720.0, 780.0, 840.0, 900.0, 960.0, 1020.0, 1080.0, 1140.0, 1200.0, 1260.0, 1320.0, 1380.0, 1440.0, 1500.0, 1560.0, 1620.0, 1680.0, 1740.0, 1800.0, 1860.0, 1920.0, 1980.0, 2040.0, 2100.0, 2160.0, 2220.0, 2280.0, 2340.0, 2400.0, 2460.0, 2520.0, 2580.0, 2640.0, 2700.0, 2760.0, 2820.0, 2880.0, 2940.0, 3000.0]
/////////////////////////
PROCESSING:  TTM1600THBW
/////////////////////////
plotTreeName: Tprime2_BEST_Mass
Flavour: E #tag: isV_tHbW #algo: BEST
Weights: 1 * 1 * 1 * pileupWeight * 1 * lepIdSF * EGammaGsfSF * 1 * (MCWeight_singleLepCalc/abs(MCWeight_singleLepCalc)) * 5.72189699595e-05
Cuts: (leptonPt_singleLepCalc > 50) && (corr_met_singleLepCalc > 55) && (AK4HT > 480) && (minDR_lepJet > 0.4 || ptRel_lepJet > 40) && (NJetsAK8_JetSubCalc > 2) && (minDR_leadAK8otherAK8 < 3.0) && DataPastTrigger == 1 && isElectron==1
****************************************************************************************************
****************************************************************************************************
DISTRIBUTION: Tp2Mass
            -name in ljmet trees: Tprime2_ALGO_Mass
            -x-axis label is set to: ;M(T) [GeV])
            -using the binning as: [0.0, 60.0, 120.0, 180.0, 240.0, 300.0, 360.0, 420.0, 480.0, 540.0, 600.0, 660.0, 720.0, 780.0, 840.0, 900.0, 960.0, 1020.0, 1080.0, 1140.0, 1200.0, 1260.0, 1320.0, 1380.0, 1440.0, 1500.0, 1560.0, 1620.0, 1680.0, 1740.0, 1800.0, 1860.0, 1920.0, 1980.0, 2040.0, 2100.0, 2160.0, 2220.0, 2280.0, 2340.0, 2400.0, 2460.0, 2520.0, 2580.0, 2640.0, 2700.0, 2760.0, 2820.0, 2880.0, 2940.0, 3000.0]
/////////////////////////
PROCESSING:  TTM1600TZTH
/////////////////////////
plotTreeName: Tprime2_BEST_Mass
Flavour: E #tag: isV_tHbW #algo: BEST
Weights: 1 * 1 * 1 * pileupWeight * 1 * lepIdSF * EGammaGsfSF * 1 * (MCWeight_singleLepCalc/abs(MCWeight_singleLepCalc)) * 2.86094849797e-05
Cuts: (leptonPt_singleLepCalc > 50) && (corr_met_singleLepCalc > 55) && (AK4HT > 480) && (minDR_lepJet > 0.4 || ptRel_lepJet > 40) && (NJetsAK8_JetSubCalc > 2) && (minDR_leadAK8otherAK8 < 3.0) && DataPastTrigger == 1 && isElectron==1
****************************************************************************************************
****************************************************************************************************
DISTRIBUTION: Tp2Mass
            -name in ljmet trees: Tprime2_ALGO_Mass
            -x-axis label is set to: ;M(T) [GeV])
            -using the binning as: [0.0, 60.0, 120.0, 180.0, 240.0, 300.0, 360.0, 420.0, 480.0, 540.0, 600.0, 660.0, 720.0, 780.0, 840.0, 900.0, 960.0, 1020.0, 1080.0, 1140.0, 1200.0, 1260.0, 1320.0, 1380.0, 1440.0, 1500.0, 1560.0, 1620.0, 1680.0, 1740.0, 1800.0, 1860.0, 1920.0, 1980.0, 2040.0, 2100.0, 2160.0, 2220.0, 2280.0, 2340.0, 2400.0, 2460.0, 2520.0, 2580.0, 2640.0, 2700.0, 2760.0, 2820.0, 2880.0, 2940.0, 3000.0]
/////////////////////////
PROCESSING:  TTM1700BWBW
/////////////////////////
plotTreeName: Tprime2_BEST_Mass
Flavour: E #tag: isV_tHbW #algo: BEST
Weights: 1 * 1 * 1 * pileupWeight * 1 * lepIdSF * EGammaGsfSF * 1 * (MCWeight_singleLepCalc/abs(MCWeight_singleLepCalc)) * 6.93554282011e-05
Cuts: (leptonPt_singleLepCalc > 50) && (corr_met_singleLepCalc > 55) && (AK4HT > 480) && (minDR_lepJet > 0.4 || ptRel_lepJet > 40) && (NJetsAK8_JetSubCalc > 2) && (minDR_leadAK8otherAK8 < 3.0) && DataPastTrigger == 1 && isElectron==1
****************************************************************************************************
****************************************************************************************************
DISTRIBUTION: Tp2Mass
            -name in ljmet trees: Tprime2_ALGO_Mass
            -x-axis label is set to: ;M(T) [GeV])
            -using the binning as: [0.0, 60.0, 120.0, 180.0, 240.0, 300.0, 360.0, 420.0, 480.0, 540.0, 600.0, 660.0, 720.0, 780.0, 840.0, 900.0, 960.0, 1020.0, 1080.0, 1140.0, 1200.0, 1260.0, 1320.0, 1380.0, 1440.0, 1500.0, 1560.0, 1620.0, 1680.0, 1740.0, 1800.0, 1860.0, 1920.0, 1980.0, 2040.0, 2100.0, 2160.0, 2220.0, 2280.0, 2340.0, 2400.0, 2460.0, 2520.0, 2580.0, 2640.0, 2700.0, 2760.0, 2820.0, 2880.0, 2940.0, 3000.0]
/////////////////////////
PROCESSING:  TTM1700THTH
/////////////////////////
plotTreeName: Tprime2_BEST_Mass
Flavour: E #tag: isV_tHbW #algo: BEST
Weights: 1 * 1 * 1 * pileupWeight * 1 * lepIdSF * EGammaGsfSF * 1 * (MCWeight_singleLepCalc/abs(MCWeight_singleLepCalc)) * 1.73388570503e-05
Cuts: (leptonPt_singleLepCalc > 50) && (corr_met_singleLepCalc > 55) && (AK4HT > 480) && (minDR_lepJet > 0.4 || ptRel_lepJet > 40) && (NJetsAK8_JetSubCalc > 2) && (minDR_leadAK8otherAK8 < 3.0) && DataPastTrigger == 1 && isElectron==1
****************************************************************************************************
****************************************************************************************************
DISTRIBUTION: Tp2Mass
            -name in ljmet trees: Tprime2_ALGO_Mass
            -x-axis label is set to: ;M(T) [GeV])
            -using the binning as: [0.0, 60.0, 120.0, 180.0, 240.0, 300.0, 360.0, 420.0, 480.0, 540.0, 600.0, 660.0, 720.0, 780.0, 840.0, 900.0, 960.0, 1020.0, 1080.0, 1140.0, 1200.0, 1260.0, 1320.0, 1380.0, 1440.0, 1500.0, 1560.0, 1620.0, 1680.0, 1740.0, 1800.0, 1860.0, 1920.0, 1980.0, 2040.0, 2100.0, 2160.0, 2220.0, 2280.0, 2340.0, 2400.0, 2460.0, 2520.0, 2580.0, 2640.0, 2700.0, 2760.0, 2820.0, 2880.0, 2940.0, 3000.0]
/////////////////////////
PROCESSING:  TTM1700TZTZ
/////////////////////////
plotTreeName: Tprime2_BEST_Mass
Flavour: E #tag: isV_tHbW #algo: BEST
Weights: 1 * 1 * 1 * pileupWeight * 1 * lepIdSF * EGammaGsfSF * 1 * (MCWeight_singleLepCalc/abs(MCWeight_singleLepCalc)) * 1.73388570503e-05
Cuts: (leptonPt_singleLepCalc > 50) && (corr_met_singleLepCalc > 55) && (AK4HT > 480) && (minDR_lepJet > 0.4 || ptRel_lepJet > 40) && (NJetsAK8_JetSubCalc > 2) && (minDR_leadAK8otherAK8 < 3.0) && DataPastTrigger == 1 && isElectron==1
****************************************************************************************************
****************************************************************************************************
DISTRIBUTION: Tp2Mass
            -name in ljmet trees: Tprime2_ALGO_Mass
            -x-axis label is set to: ;M(T) [GeV])
            -using the binning as: [0.0, 60.0, 120.0, 180.0, 240.0, 300.0, 360.0, 420.0, 480.0, 540.0, 600.0, 660.0, 720.0, 780.0, 840.0, 900.0, 960.0, 1020.0, 1080.0, 1140.0, 1200.0, 1260.0, 1320.0, 1380.0, 1440.0, 1500.0, 1560.0, 1620.0, 1680.0, 1740.0, 1800.0, 1860.0, 1920.0, 1980.0, 2040.0, 2100.0, 2160.0, 2220.0, 2280.0, 2340.0, 2400.0, 2460.0, 2520.0, 2580.0, 2640.0, 2700.0, 2760.0, 2820.0, 2880.0, 2940.0, 3000.0]
/////////////////////////
PROCESSING:  TTM1700TZBW
/////////////////////////
plotTreeName: Tprime2_BEST_Mass
Flavour: E #tag: isV_tHbW #algo: BEST
Weights: 1 * 1 * 1 * pileupWeight * 1 * lepIdSF * EGammaGsfSF * 1 * (MCWeight_singleLepCalc/abs(MCWeight_singleLepCalc)) * 3.46777141005e-05
Cuts: (leptonPt_singleLepCalc > 50) && (corr_met_singleLepCalc > 55) && (AK4HT > 480) && (minDR_lepJet > 0.4 || ptRel_lepJet > 40) && (NJetsAK8_JetSubCalc > 2) && (minDR_leadAK8otherAK8 < 3.0) && DataPastTrigger == 1 && isElectron==1
****************************************************************************************************
****************************************************************************************************
DISTRIBUTION: Tp2Mass
            -name in ljmet trees: Tprime2_ALGO_Mass
            -x-axis label is set to: ;M(T) [GeV])
            -using the binning as: [0.0, 60.0, 120.0, 180.0, 240.0, 300.0, 360.0, 420.0, 480.0, 540.0, 600.0, 660.0, 720.0, 780.0, 840.0, 900.0, 960.0, 1020.0, 1080.0, 1140.0, 1200.0, 1260.0, 1320.0, 1380.0, 1440.0, 1500.0, 1560.0, 1620.0, 1680.0, 1740.0, 1800.0, 1860.0, 1920.0, 1980.0, 2040.0, 2100.0, 2160.0, 2220.0, 2280.0, 2340.0, 2400.0, 2460.0, 2520.0, 2580.0, 2640.0, 2700.0, 2760.0, 2820.0, 2880.0, 2940.0, 3000.0]
/////////////////////////
PROCESSING:  TTM1700THBW
/////////////////////////
plotTreeName: Tprime2_BEST_Mass
Flavour: E #tag: isV_tHbW #algo: BEST
Weights: 1 * 1 * 1 * pileupWeight * 1 * lepIdSF * EGammaGsfSF * 1 * (MCWeight_singleLepCalc/abs(MCWeight_singleLepCalc)) * 3.46777141005e-05
Cuts: (leptonPt_singleLepCalc > 50) && (corr_met_singleLepCalc > 55) && (AK4HT > 480) && (minDR_lepJet > 0.4 || ptRel_lepJet > 40) && (NJetsAK8_JetSubCalc > 2) && (minDR_leadAK8otherAK8 < 3.0) && DataPastTrigger == 1 && isElectron==1
****************************************************************************************************
****************************************************************************************************
DISTRIBUTION: Tp2Mass
            -name in ljmet trees: Tprime2_ALGO_Mass
            -x-axis label is set to: ;M(T) [GeV])
            -using the binning as: [0.0, 60.0, 120.0, 180.0, 240.0, 300.0, 360.0, 420.0, 480.0, 540.0, 600.0, 660.0, 720.0, 780.0, 840.0, 900.0, 960.0, 1020.0, 1080.0, 1140.0, 1200.0, 1260.0, 1320.0, 1380.0, 1440.0, 1500.0, 1560.0, 1620.0, 1680.0, 1740.0, 1800.0, 1860.0, 1920.0, 1980.0, 2040.0, 2100.0, 2160.0, 2220.0, 2280.0, 2340.0, 2400.0, 2460.0, 2520.0, 2580.0, 2640.0, 2700.0, 2760.0, 2820.0, 2880.0, 2940.0, 3000.0]
/////////////////////////
PROCESSING:  TTM1700TZTH
/////////////////////////
plotTreeName: Tprime2_BEST_Mass
Flavour: E #tag: isV_tHbW #algo: BEST
Weights: 1 * 1 * 1 * pileupWeight * 1 * lepIdSF * EGammaGsfSF * 1 * (MCWeight_singleLepCalc/abs(MCWeight_singleLepCalc)) * 1.73388570503e-05
Cuts: (leptonPt_singleLepCalc > 50) && (corr_met_singleLepCalc > 55) && (AK4HT > 480) && (minDR_lepJet > 0.4 || ptRel_lepJet > 40) && (NJetsAK8_JetSubCalc > 2) && (minDR_leadAK8otherAK8 < 3.0) && DataPastTrigger == 1 && isElectron==1
****************************************************************************************************
****************************************************************************************************
DISTRIBUTION: Tp2Mass
            -name in ljmet trees: Tprime2_ALGO_Mass
            -x-axis label is set to: ;M(T) [GeV])
            -using the binning as: [0.0, 60.0, 120.0, 180.0, 240.0, 300.0, 360.0, 420.0, 480.0, 540.0, 600.0, 660.0, 720.0, 780.0, 840.0, 900.0, 960.0, 1020.0, 1080.0, 1140.0, 1200.0, 1260.0, 1320.0, 1380.0, 1440.0, 1500.0, 1560.0, 1620.0, 1680.0, 1740.0, 1800.0, 1860.0, 1920.0, 1980.0, 2040.0, 2100.0, 2160.0, 2220.0, 2280.0, 2340.0, 2400.0, 2460.0, 2520.0, 2580.0, 2640.0, 2700.0, 2760.0, 2820.0, 2880.0, 2940.0, 3000.0]
/////////////////////////
PROCESSING:  TTM1800BWBW
/////////////////////////
plotTreeName: Tprime2_BEST_Mass
Flavour: E #tag: isV_tHbW #algo: BEST
Weights: 1 * 1 * 1 * pileupWeight * 1 * lepIdSF * EGammaGsfSF * 1 * (MCWeight_singleLepCalc/abs(MCWeight_singleLepCalc)) * 3.89579688164e-05
Cuts: (leptonPt_singleLepCalc > 50) && (corr_met_singleLepCalc > 55) && (AK4HT > 480) && (minDR_lepJet > 0.4 || ptRel_lepJet > 40) && (NJetsAK8_JetSubCalc > 2) && (minDR_leadAK8otherAK8 < 3.0) && DataPastTrigger == 1 && isElectron==1
****************************************************************************************************
****************************************************************************************************
DISTRIBUTION: Tp2Mass
            -name in ljmet trees: Tprime2_ALGO_Mass
            -x-axis label is set to: ;M(T) [GeV])
            -using the binning as: [0.0, 60.0, 120.0, 180.0, 240.0, 300.0, 360.0, 420.0, 480.0, 540.0, 600.0, 660.0, 720.0, 780.0, 840.0, 900.0, 960.0, 1020.0, 1080.0, 1140.0, 1200.0, 1260.0, 1320.0, 1380.0, 1440.0, 1500.0, 1560.0, 1620.0, 1680.0, 1740.0, 1800.0, 1860.0, 1920.0, 1980.0, 2040.0, 2100.0, 2160.0, 2220.0, 2280.0, 2340.0, 2400.0, 2460.0, 2520.0, 2580.0, 2640.0, 2700.0, 2760.0, 2820.0, 2880.0, 2940.0, 3000.0]
/////////////////////////
PROCESSING:  TTM1800THTH
/////////////////////////
plotTreeName: Tprime2_BEST_Mass
Flavour: E #tag: isV_tHbW #algo: BEST
Weights: 1 * 1 * 1 * pileupWeight * 1 * lepIdSF * EGammaGsfSF * 1 * (MCWeight_singleLepCalc/abs(MCWeight_singleLepCalc)) * 9.7394922041e-06
Cuts: (leptonPt_singleLepCalc > 50) && (corr_met_singleLepCalc > 55) && (AK4HT > 480) && (minDR_lepJet > 0.4 || ptRel_lepJet > 40) && (NJetsAK8_JetSubCalc > 2) && (minDR_leadAK8otherAK8 < 3.0) && DataPastTrigger == 1 && isElectron==1
****************************************************************************************************
****************************************************************************************************
DISTRIBUTION: Tp2Mass
            -name in ljmet trees: Tprime2_ALGO_Mass
            -x-axis label is set to: ;M(T) [GeV])
            -using the binning as: [0.0, 60.0, 120.0, 180.0, 240.0, 300.0, 360.0, 420.0, 480.0, 540.0, 600.0, 660.0, 720.0, 780.0, 840.0, 900.0, 960.0, 1020.0, 1080.0, 1140.0, 1200.0, 1260.0, 1320.0, 1380.0, 1440.0, 1500.0, 1560.0, 1620.0, 1680.0, 1740.0, 1800.0, 1860.0, 1920.0, 1980.0, 2040.0, 2100.0, 2160.0, 2220.0, 2280.0, 2340.0, 2400.0, 2460.0, 2520.0, 2580.0, 2640.0, 2700.0, 2760.0, 2820.0, 2880.0, 2940.0, 3000.0]
/////////////////////////
PROCESSING:  TTM1800TZTZ
/////////////////////////
plotTreeName: Tprime2_BEST_Mass
Flavour: E #tag: isV_tHbW #algo: BEST
Weights: 1 * 1 * 1 * pileupWeight * 1 * lepIdSF * EGammaGsfSF * 1 * (MCWeight_singleLepCalc/abs(MCWeight_singleLepCalc)) * 9.7394922041e-06
Cuts: (leptonPt_singleLepCalc > 50) && (corr_met_singleLepCalc > 55) && (AK4HT > 480) && (minDR_lepJet > 0.4 || ptRel_lepJet > 40) && (NJetsAK8_JetSubCalc > 2) && (minDR_leadAK8otherAK8 < 3.0) && DataPastTrigger == 1 && isElectron==1
****************************************************************************************************
****************************************************************************************************
DISTRIBUTION: Tp2Mass
            -name in ljmet trees: Tprime2_ALGO_Mass
            -x-axis label is set to: ;M(T) [GeV])
            -using the binning as: [0.0, 60.0, 120.0, 180.0, 240.0, 300.0, 360.0, 420.0, 480.0, 540.0, 600.0, 660.0, 720.0, 780.0, 840.0, 900.0, 960.0, 1020.0, 1080.0, 1140.0, 1200.0, 1260.0, 1320.0, 1380.0, 1440.0, 1500.0, 1560.0, 1620.0, 1680.0, 1740.0, 1800.0, 1860.0, 1920.0, 1980.0, 2040.0, 2100.0, 2160.0, 2220.0, 2280.0, 2340.0, 2400.0, 2460.0, 2520.0, 2580.0, 2640.0, 2700.0, 2760.0, 2820.0, 2880.0, 2940.0, 3000.0]
/////////////////////////
PROCESSING:  TTM1800TZBW
/////////////////////////
plotTreeName: Tprime2_BEST_Mass
Flavour: E #tag: isV_tHbW #algo: BEST
Weights: 1 * 1 * 1 * pileupWeight * 1 * lepIdSF * EGammaGsfSF * 1 * (MCWeight_singleLepCalc/abs(MCWeight_singleLepCalc)) * 1.94789844082e-05
Cuts: (leptonPt_singleLepCalc > 50) && (corr_met_singleLepCalc > 55) && (AK4HT > 480) && (minDR_lepJet > 0.4 || ptRel_lepJet > 40) && (NJetsAK8_JetSubCalc > 2) && (minDR_leadAK8otherAK8 < 3.0) && DataPastTrigger == 1 && isElectron==1
****************************************************************************************************
****************************************************************************************************
DISTRIBUTION: Tp2Mass
            -name in ljmet trees: Tprime2_ALGO_Mass
            -x-axis label is set to: ;M(T) [GeV])
            -using the binning as: [0.0, 60.0, 120.0, 180.0, 240.0, 300.0, 360.0, 420.0, 480.0, 540.0, 600.0, 660.0, 720.0, 780.0, 840.0, 900.0, 960.0, 1020.0, 1080.0, 1140.0, 1200.0, 1260.0, 1320.0, 1380.0, 1440.0, 1500.0, 1560.0, 1620.0, 1680.0, 1740.0, 1800.0, 1860.0, 1920.0, 1980.0, 2040.0, 2100.0, 2160.0, 2220.0, 2280.0, 2340.0, 2400.0, 2460.0, 2520.0, 2580.0, 2640.0, 2700.0, 2760.0, 2820.0, 2880.0, 2940.0, 3000.0]
/////////////////////////
PROCESSING:  TTM1800THBW
/////////////////////////
plotTreeName: Tprime2_BEST_Mass
Flavour: E #tag: isV_tHbW #algo: BEST
Weights: 1 * 1 * 1 * pileupWeight * 1 * lepIdSF * EGammaGsfSF * 1 * (MCWeight_singleLepCalc/abs(MCWeight_singleLepCalc)) * 1.94789844082e-05
Cuts: (leptonPt_singleLepCalc > 50) && (corr_met_singleLepCalc > 55) && (AK4HT > 480) && (minDR_lepJet > 0.4 || ptRel_lepJet > 40) && (NJetsAK8_JetSubCalc > 2) && (minDR_leadAK8otherAK8 < 3.0) && DataPastTrigger == 1 && isElectron==1
****************************************************************************************************
****************************************************************************************************
DISTRIBUTION: Tp2Mass
            -name in ljmet trees: Tprime2_ALGO_Mass
            -x-axis label is set to: ;M(T) [GeV])
            -using the binning as: [0.0, 60.0, 120.0, 180.0, 240.0, 300.0, 360.0, 420.0, 480.0, 540.0, 600.0, 660.0, 720.0, 780.0, 840.0, 900.0, 960.0, 1020.0, 1080.0, 1140.0, 1200.0, 1260.0, 1320.0, 1380.0, 1440.0, 1500.0, 1560.0, 1620.0, 1680.0, 1740.0, 1800.0, 1860.0, 1920.0, 1980.0, 2040.0, 2100.0, 2160.0, 2220.0, 2280.0, 2340.0, 2400.0, 2460.0, 2520.0, 2580.0, 2640.0, 2700.0, 2760.0, 2820.0, 2880.0, 2940.0, 3000.0]
/////////////////////////
PROCESSING:  TTM1800TZTH
/////////////////////////
plotTreeName: Tprime2_BEST_Mass
Flavour: E #tag: isV_tHbW #algo: BEST
Weights: 1 * 1 * 1 * pileupWeight * 1 * lepIdSF * EGammaGsfSF * 1 * (MCWeight_singleLepCalc/abs(MCWeight_singleLepCalc)) * 9.7394922041e-06
Cuts: (leptonPt_singleLepCalc > 50) && (corr_met_singleLepCalc > 55) && (AK4HT > 480) && (minDR_lepJet > 0.4 || ptRel_lepJet > 40) && (NJetsAK8_JetSubCalc > 2) && (minDR_leadAK8otherAK8 < 3.0) && DataPastTrigger == 1 && isElectron==1
****************************************************************************************************
****************************************************************************************************
DISTRIBUTION: Tp2Mass
            -name in ljmet trees: Tprime2_ALGO_Mass
            -x-axis label is set to: ;M(T) [GeV])
            -using the binning as: [0.0, 60.0, 120.0, 180.0, 240.0, 300.0, 360.0, 420.0, 480.0, 540.0, 600.0, 660.0, 720.0, 780.0, 840.0, 900.0, 960.0, 1020.0, 1080.0, 1140.0, 1200.0, 1260.0, 1320.0, 1380.0, 1440.0, 1500.0, 1560.0, 1620.0, 1680.0, 1740.0, 1800.0, 1860.0, 1920.0, 1980.0, 2040.0, 2100.0, 2160.0, 2220.0, 2280.0, 2340.0, 2400.0, 2460.0, 2520.0, 2580.0, 2640.0, 2700.0, 2760.0, 2820.0, 2880.0, 2940.0, 3000.0]
/////////////////////////
PROCESSING:  WJetsMG400
/////////////////////////
plotTreeName: Tprime2_DeepAK8_Mass
Flavour: E #tag: isV_tHbW #algo: DeepAK8
Weights: 1 * HTSF_Pol * 1 * pileupWeight * 1 * lepIdSF * EGammaGsfSF * 1 * (MCWeight_singleLepCalc/abs(MCWeight_singleLepCalc)) * 0.280770227538
Cuts: (leptonPt_singleLepCalc > 50) && (corr_met_singleLepCalc > 55) && (AK4HT > 480) && (minDR_lepJet > 0.4 || ptRel_lepJet > 40) && (NJetsAK8_JetSubCalc > 2) && (minDR_leadAK8otherAK8 < 3.0) && DataPastTrigger == 1 && isElectron==1
****************************************************************************************************
****************************************************************************************************
DISTRIBUTION: Tp2Mass
            -name in ljmet trees: Tprime2_ALGO_Mass
            -x-axis label is set to: ;M(T) [GeV])
            -using the binning as: [0.0, 60.0, 120.0, 180.0, 240.0, 300.0, 360.0, 420.0, 480.0, 540.0, 600.0, 660.0, 720.0, 780.0, 840.0, 900.0, 960.0, 1020.0, 1080.0, 1140.0, 1200.0, 1260.0, 1320.0, 1380.0, 1440.0, 1500.0, 1560.0, 1620.0, 1680.0, 1740.0, 1800.0, 1860.0, 1920.0, 1980.0, 2040.0, 2100.0, 2160.0, 2220.0, 2280.0, 2340.0, 2400.0, 2460.0, 2520.0, 2580.0, 2640.0, 2700.0, 2760.0, 2820.0, 2880.0, 2940.0, 3000.0]
/////////////////////////
PROCESSING:  WJetsMG600
/////////////////////////
plotTreeName: Tprime2_DeepAK8_Mass
Flavour: E #tag: isV_tHbW #algo: DeepAK8
Weights: 1 * HTSF_Pol * 1 * pileupWeight * 1 * lepIdSF * EGammaGsfSF * 1 * (MCWeight_singleLepCalc/abs(MCWeight_singleLepCalc)) * 0.0287233231554
Cuts: (leptonPt_singleLepCalc > 50) && (corr_met_singleLepCalc > 55) && (AK4HT > 480) && (minDR_lepJet > 0.4 || ptRel_lepJet > 40) && (NJetsAK8_JetSubCalc > 2) && (minDR_leadAK8otherAK8 < 3.0) && DataPastTrigger == 1 && isElectron==1
****************************************************************************************************
****************************************************************************************************
DISTRIBUTION: Tp2Mass
            -name in ljmet trees: Tprime2_ALGO_Mass
            -x-axis label is set to: ;M(T) [GeV])
            -using the binning as: [0.0, 60.0, 120.0, 180.0, 240.0, 300.0, 360.0, 420.0, 480.0, 540.0, 600.0, 660.0, 720.0, 780.0, 840.0, 900.0, 960.0, 1020.0, 1080.0, 1140.0, 1200.0, 1260.0, 1320.0, 1380.0, 1440.0, 1500.0, 1560.0, 1620.0, 1680.0, 1740.0, 1800.0, 1860.0, 1920.0, 1980.0, 2040.0, 2100.0, 2160.0, 2220.0, 2280.0, 2340.0, 2400.0, 2460.0, 2520.0, 2580.0, 2640.0, 2700.0, 2760.0, 2820.0, 2880.0, 2940.0, 3000.0]
/////////////////////////
PROCESSING:  WJetsMG800
/////////////////////////
plotTreeName: Tprime2_DeepAK8_Mass
Flavour: E #tag: isV_tHbW #algo: DeepAK8
Weights: 1 * HTSF_Pol * 1 * pileupWeight * 1 * lepIdSF * EGammaGsfSF * 1 * (MCWeight_singleLepCalc/abs(MCWeight_singleLepCalc)) * 0.0316367902594
Cuts: (leptonPt_singleLepCalc > 50) && (corr_met_singleLepCalc > 55) && (AK4HT > 480) && (minDR_lepJet > 0.4 || ptRel_lepJet > 40) && (NJetsAK8_JetSubCalc > 2) && (minDR_leadAK8otherAK8 < 3.0) && DataPastTrigger == 1 && isElectron==1
****************************************************************************************************
****************************************************************************************************
DISTRIBUTION: Tp2Mass
            -name in ljmet trees: Tprime2_ALGO_Mass
            -x-axis label is set to: ;M(T) [GeV])
            -using the binning as: [0.0, 60.0, 120.0, 180.0, 240.0, 300.0, 360.0, 420.0, 480.0, 540.0, 600.0, 660.0, 720.0, 780.0, 840.0, 900.0, 960.0, 1020.0, 1080.0, 1140.0, 1200.0, 1260.0, 1320.0, 1380.0, 1440.0, 1500.0, 1560.0, 1620.0, 1680.0, 1740.0, 1800.0, 1860.0, 1920.0, 1980.0, 2040.0, 2100.0, 2160.0, 2220.0, 2280.0, 2340.0, 2400.0, 2460.0, 2520.0, 2580.0, 2640.0, 2700.0, 2760.0, 2820.0, 2880.0, 2940.0, 3000.0]
/////////////////////////
PROCESSING:  WJetsMG1200
/////////////////////////
plotTreeName: Tprime2_DeepAK8_Mass
Flavour: E #tag: isV_tHbW #algo: DeepAK8
Weights: 1 * HTSF_Pol * 1 * pileupWeight * 1 * lepIdSF * EGammaGsfSF * 1 * (MCWeight_singleLepCalc/abs(MCWeight_singleLepCalc)) * 0.00861414819858
Cuts: (leptonPt_singleLepCalc > 50) && (corr_met_singleLepCalc > 55) && (AK4HT > 480) && (minDR_lepJet > 0.4 || ptRel_lepJet > 40) && (NJetsAK8_JetSubCalc > 2) && (minDR_leadAK8otherAK8 < 3.0) && DataPastTrigger == 1 && isElectron==1
****************************************************************************************************
****************************************************************************************************
DISTRIBUTION: Tp2Mass
            -name in ljmet trees: Tprime2_ALGO_Mass
            -x-axis label is set to: ;M(T) [GeV])
            -using the binning as: [0.0, 60.0, 120.0, 180.0, 240.0, 300.0, 360.0, 420.0, 480.0, 540.0, 600.0, 660.0, 720.0, 780.0, 840.0, 900.0, 960.0, 1020.0, 1080.0, 1140.0, 1200.0, 1260.0, 1320.0, 1380.0, 1440.0, 1500.0, 1560.0, 1620.0, 1680.0, 1740.0, 1800.0, 1860.0, 1920.0, 1980.0, 2040.0, 2100.0, 2160.0, 2220.0, 2280.0, 2340.0, 2400.0, 2460.0, 2520.0, 2580.0, 2640.0, 2700.0, 2760.0, 2820.0, 2880.0, 2940.0, 3000.0]
/////////////////////////
PROCESSING:  WJetsMG2500
/////////////////////////
plotTreeName: Tprime2_DeepAK8_Mass
Flavour: E #tag: isV_tHbW #algo: DeepAK8
Weights: 1 * HTSF_Pol * 1 * pileupWeight * 1 * lepIdSF * EGammaGsfSF * 1 * (MCWeight_singleLepCalc/abs(MCWeight_singleLepCalc)) * 0.00054308661217
Cuts: (leptonPt_singleLepCalc > 50) && (corr_met_singleLepCalc > 55) && (AK4HT > 480) && (minDR_lepJet > 0.4 || ptRel_lepJet > 40) && (NJetsAK8_JetSubCalc > 2) && (minDR_leadAK8otherAK8 < 3.0) && DataPastTrigger == 1 && isElectron==1
****************************************************************************************************
****************************************************************************************************
DISTRIBUTION: Tp2Mass
            -name in ljmet trees: Tprime2_ALGO_Mass
            -x-axis label is set to: ;M(T) [GeV])
            -using the binning as: [0.0, 60.0, 120.0, 180.0, 240.0, 300.0, 360.0, 420.0, 480.0, 540.0, 600.0, 660.0, 720.0, 780.0, 840.0, 900.0, 960.0, 1020.0, 1080.0, 1140.0, 1200.0, 1260.0, 1320.0, 1380.0, 1440.0, 1500.0, 1560.0, 1620.0, 1680.0, 1740.0, 1800.0, 1860.0, 1920.0, 1980.0, 2040.0, 2100.0, 2160.0, 2220.0, 2280.0, 2340.0, 2400.0, 2460.0, 2520.0, 2580.0, 2640.0, 2700.0, 2760.0, 2820.0, 2880.0, 2940.0, 3000.0]
/////////////////////////
PROCESSING:  TTM1100BWBW
/////////////////////////
plotTreeName: Tprime2_DeepAK8_Mass
Flavour: E #tag: isV_tHbW #algo: DeepAK8
Weights: 1 * 1 * 1 * pileupWeight * 1 * lepIdSF * EGammaGsfSF * 1 * (MCWeight_singleLepCalc/abs(MCWeight_singleLepCalc)) * 0.00223239916536
Cuts: (leptonPt_singleLepCalc > 50) && (corr_met_singleLepCalc > 55) && (AK4HT > 480) && (minDR_lepJet > 0.4 || ptRel_lepJet > 40) && (NJetsAK8_JetSubCalc > 2) && (minDR_leadAK8otherAK8 < 3.0) && DataPastTrigger == 1 && isElectron==1
****************************************************************************************************
****************************************************************************************************
DISTRIBUTION: Tp2Mass
            -name in ljmet trees: Tprime2_ALGO_Mass
            -x-axis label is set to: ;M(T) [GeV])
            -using the binning as: [0.0, 60.0, 120.0, 180.0, 240.0, 300.0, 360.0, 420.0, 480.0, 540.0, 600.0, 660.0, 720.0, 780.0, 840.0, 900.0, 960.0, 1020.0, 1080.0, 1140.0, 1200.0, 1260.0, 1320.0, 1380.0, 1440.0, 1500.0, 1560.0, 1620.0, 1680.0, 1740.0, 1800.0, 1860.0, 1920.0, 1980.0, 2040.0, 2100.0, 2160.0, 2220.0, 2280.0, 2340.0, 2400.0, 2460.0, 2520.0, 2580.0, 2640.0, 2700.0, 2760.0, 2820.0, 2880.0, 2940.0, 3000.0]
/////////////////////////
PROCESSING:  TTM1100THTH
/////////////////////////
plotTreeName: Tprime2_DeepAK8_Mass
Flavour: E #tag: isV_tHbW #algo: DeepAK8
Weights: 1 * 1 * 1 * pileupWeight * 1 * lepIdSF * EGammaGsfSF * 1 * (MCWeight_singleLepCalc/abs(MCWeight_singleLepCalc)) * 0.000558099791339
Cuts: (leptonPt_singleLepCalc > 50) && (corr_met_singleLepCalc > 55) && (AK4HT > 480) && (minDR_lepJet > 0.4 || ptRel_lepJet > 40) && (NJetsAK8_JetSubCalc > 2) && (minDR_leadAK8otherAK8 < 3.0) && DataPastTrigger == 1 && isElectron==1
****************************************************************************************************
****************************************************************************************************
DISTRIBUTION: Tp2Mass
            -name in ljmet trees: Tprime2_ALGO_Mass
            -x-axis label is set to: ;M(T) [GeV])
            -using the binning as: [0.0, 60.0, 120.0, 180.0, 240.0, 300.0, 360.0, 420.0, 480.0, 540.0, 600.0, 660.0, 720.0, 780.0, 840.0, 900.0, 960.0, 1020.0, 1080.0, 1140.0, 1200.0, 1260.0, 1320.0, 1380.0, 1440.0, 1500.0, 1560.0, 1620.0, 1680.0, 1740.0, 1800.0, 1860.0, 1920.0, 1980.0, 2040.0, 2100.0, 2160.0, 2220.0, 2280.0, 2340.0, 2400.0, 2460.0, 2520.0, 2580.0, 2640.0, 2700.0, 2760.0, 2820.0, 2880.0, 2940.0, 3000.0]
/////////////////////////
PROCESSING:  TTM1100TZTZ
/////////////////////////
plotTreeName: Tprime2_DeepAK8_Mass
Flavour: E #tag: isV_tHbW #algo: DeepAK8
Weights: 1 * 1 * 1 * pileupWeight * 1 * lepIdSF * EGammaGsfSF * 1 * (MCWeight_singleLepCalc/abs(MCWeight_singleLepCalc)) * 0.000558099791339
Cuts: (leptonPt_singleLepCalc > 50) && (corr_met_singleLepCalc > 55) && (AK4HT > 480) && (minDR_lepJet > 0.4 || ptRel_lepJet > 40) && (NJetsAK8_JetSubCalc > 2) && (minDR_leadAK8otherAK8 < 3.0) && DataPastTrigger == 1 && isElectron==1
****************************************************************************************************
****************************************************************************************************
DISTRIBUTION: Tp2Mass
            -name in ljmet trees: Tprime2_ALGO_Mass
            -x-axis label is set to: ;M(T) [GeV])
            -using the binning as: [0.0, 60.0, 120.0, 180.0, 240.0, 300.0, 360.0, 420.0, 480.0, 540.0, 600.0, 660.0, 720.0, 780.0, 840.0, 900.0, 960.0, 1020.0, 1080.0, 1140.0, 1200.0, 1260.0, 1320.0, 1380.0, 1440.0, 1500.0, 1560.0, 1620.0, 1680.0, 1740.0, 1800.0, 1860.0, 1920.0, 1980.0, 2040.0, 2100.0, 2160.0, 2220.0, 2280.0, 2340.0, 2400.0, 2460.0, 2520.0, 2580.0, 2640.0, 2700.0, 2760.0, 2820.0, 2880.0, 2940.0, 3000.0]
/////////////////////////
PROCESSING:  TTM1100TZBW
/////////////////////////
plotTreeName: Tprime2_DeepAK8_Mass
Flavour: E #tag: isV_tHbW #algo: DeepAK8
Weights: 1 * 1 * 1 * pileupWeight * 1 * lepIdSF * EGammaGsfSF * 1 * (MCWeight_singleLepCalc/abs(MCWeight_singleLepCalc)) * 0.00111619958268
Cuts: (leptonPt_singleLepCalc > 50) && (corr_met_singleLepCalc > 55) && (AK4HT > 480) && (minDR_lepJet > 0.4 || ptRel_lepJet > 40) && (NJetsAK8_JetSubCalc > 2) && (minDR_leadAK8otherAK8 < 3.0) && DataPastTrigger == 1 && isElectron==1
****************************************************************************************************
****************************************************************************************************
DISTRIBUTION: Tp2Mass
            -name in ljmet trees: Tprime2_ALGO_Mass
            -x-axis label is set to: ;M(T) [GeV])
            -using the binning as: [0.0, 60.0, 120.0, 180.0, 240.0, 300.0, 360.0, 420.0, 480.0, 540.0, 600.0, 660.0, 720.0, 780.0, 840.0, 900.0, 960.0, 1020.0, 1080.0, 1140.0, 1200.0, 1260.0, 1320.0, 1380.0, 1440.0, 1500.0, 1560.0, 1620.0, 1680.0, 1740.0, 1800.0, 1860.0, 1920.0, 1980.0, 2040.0, 2100.0, 2160.0, 2220.0, 2280.0, 2340.0, 2400.0, 2460.0, 2520.0, 2580.0, 2640.0, 2700.0, 2760.0, 2820.0, 2880.0, 2940.0, 3000.0]
/////////////////////////
PROCESSING:  TTM1100THBW
/////////////////////////
plotTreeName: Tprime2_DeepAK8_Mass
Flavour: E #tag: isV_tHbW #algo: DeepAK8
Weights: 1 * 1 * 1 * pileupWeight * 1 * lepIdSF * EGammaGsfSF * 1 * (MCWeight_singleLepCalc/abs(MCWeight_singleLepCalc)) * 0.00111619958268
Cuts: (leptonPt_singleLepCalc > 50) && (corr_met_singleLepCalc > 55) && (AK4HT > 480) && (minDR_lepJet > 0.4 || ptRel_lepJet > 40) && (NJetsAK8_JetSubCalc > 2) && (minDR_leadAK8otherAK8 < 3.0) && DataPastTrigger == 1 && isElectron==1
****************************************************************************************************
****************************************************************************************************
DISTRIBUTION: Tp2Mass
            -name in ljmet trees: Tprime2_ALGO_Mass
            -x-axis label is set to: ;M(T) [GeV])
            -using the binning as: [0.0, 60.0, 120.0, 180.0, 240.0, 300.0, 360.0, 420.0, 480.0, 540.0, 600.0, 660.0, 720.0, 780.0, 840.0, 900.0, 960.0, 1020.0, 1080.0, 1140.0, 1200.0, 1260.0, 1320.0, 1380.0, 1440.0, 1500.0, 1560.0, 1620.0, 1680.0, 1740.0, 1800.0, 1860.0, 1920.0, 1980.0, 2040.0, 2100.0, 2160.0, 2220.0, 2280.0, 2340.0, 2400.0, 2460.0, 2520.0, 2580.0, 2640.0, 2700.0, 2760.0, 2820.0, 2880.0, 2940.0, 3000.0]
/////////////////////////
PROCESSING:  TTM1100TZTH
/////////////////////////
plotTreeName: Tprime2_DeepAK8_Mass
Flavour: E #tag: isV_tHbW #algo: DeepAK8
Weights: 1 * 1 * 1 * pileupWeight * 1 * lepIdSF * EGammaGsfSF * 1 * (MCWeight_singleLepCalc/abs(MCWeight_singleLepCalc)) * 0.000558099791339
Cuts: (leptonPt_singleLepCalc > 50) && (corr_met_singleLepCalc > 55) && (AK4HT > 480) && (minDR_lepJet > 0.4 || ptRel_lepJet > 40) && (NJetsAK8_JetSubCalc > 2) && (minDR_leadAK8otherAK8 < 3.0) && DataPastTrigger == 1 && isElectron==1
****************************************************************************************************
****************************************************************************************************
DISTRIBUTION: Tp2Mass
            -name in ljmet trees: Tprime2_ALGO_Mass
            -x-axis label is set to: ;M(T) [GeV])
            -using the binning as: [0.0, 60.0, 120.0, 180.0, 240.0, 300.0, 360.0, 420.0, 480.0, 540.0, 600.0, 660.0, 720.0, 780.0, 840.0, 900.0, 960.0, 1020.0, 1080.0, 1140.0, 1200.0, 1260.0, 1320.0, 1380.0, 1440.0, 1500.0, 1560.0, 1620.0, 1680.0, 1740.0, 1800.0, 1860.0, 1920.0, 1980.0, 2040.0, 2100.0, 2160.0, 2220.0, 2280.0, 2340.0, 2400.0, 2460.0, 2520.0, 2580.0, 2640.0, 2700.0, 2760.0, 2820.0, 2880.0, 2940.0, 3000.0]
/////////////////////////
PROCESSING:  TTM1200BWBW
/////////////////////////
plotTreeName: Tprime2_DeepAK8_Mass
Flavour: E #tag: isV_tHbW #algo: DeepAK8
Weights: 1 * 1 * 1 * pileupWeight * 1 * lepIdSF * EGammaGsfSF * 1 * (MCWeight_singleLepCalc/abs(MCWeight_singleLepCalc)) * 0.00117627847652
Cuts: (leptonPt_singleLepCalc > 50) && (corr_met_singleLepCalc > 55) && (AK4HT > 480) && (minDR_lepJet > 0.4 || ptRel_lepJet > 40) && (NJetsAK8_JetSubCalc > 2) && (minDR_leadAK8otherAK8 < 3.0) && DataPastTrigger == 1 && isElectron==1
****************************************************************************************************
****************************************************************************************************
DISTRIBUTION: Tp2Mass
            -name in ljmet trees: Tprime2_ALGO_Mass
            -x-axis label is set to: ;M(T) [GeV])
            -using the binning as: [0.0, 60.0, 120.0, 180.0, 240.0, 300.0, 360.0, 420.0, 480.0, 540.0, 600.0, 660.0, 720.0, 780.0, 840.0, 900.0, 960.0, 1020.0, 1080.0, 1140.0, 1200.0, 1260.0, 1320.0, 1380.0, 1440.0, 1500.0, 1560.0, 1620.0, 1680.0, 1740.0, 1800.0, 1860.0, 1920.0, 1980.0, 2040.0, 2100.0, 2160.0, 2220.0, 2280.0, 2340.0, 2400.0, 2460.0, 2520.0, 2580.0, 2640.0, 2700.0, 2760.0, 2820.0, 2880.0, 2940.0, 3000.0]
/////////////////////////
PROCESSING:  TTM1200THTH
/////////////////////////
plotTreeName: Tprime2_DeepAK8_Mass
Flavour: E #tag: isV_tHbW #algo: DeepAK8
Weights: 1 * 1 * 1 * pileupWeight * 1 * lepIdSF * EGammaGsfSF * 1 * (MCWeight_singleLepCalc/abs(MCWeight_singleLepCalc)) * 0.00029406961913
Cuts: (leptonPt_singleLepCalc > 50) && (corr_met_singleLepCalc > 55) && (AK4HT > 480) && (minDR_lepJet > 0.4 || ptRel_lepJet > 40) && (NJetsAK8_JetSubCalc > 2) && (minDR_leadAK8otherAK8 < 3.0) && DataPastTrigger == 1 && isElectron==1
****************************************************************************************************
****************************************************************************************************
DISTRIBUTION: Tp2Mass
            -name in ljmet trees: Tprime2_ALGO_Mass
            -x-axis label is set to: ;M(T) [GeV])
            -using the binning as: [0.0, 60.0, 120.0, 180.0, 240.0, 300.0, 360.0, 420.0, 480.0, 540.0, 600.0, 660.0, 720.0, 780.0, 840.0, 900.0, 960.0, 1020.0, 1080.0, 1140.0, 1200.0, 1260.0, 1320.0, 1380.0, 1440.0, 1500.0, 1560.0, 1620.0, 1680.0, 1740.0, 1800.0, 1860.0, 1920.0, 1980.0, 2040.0, 2100.0, 2160.0, 2220.0, 2280.0, 2340.0, 2400.0, 2460.0, 2520.0, 2580.0, 2640.0, 2700.0, 2760.0, 2820.0, 2880.0, 2940.0, 3000.0]
/////////////////////////
PROCESSING:  TTM1200TZTZ
/////////////////////////
plotTreeName: Tprime2_DeepAK8_Mass
Flavour: E #tag: isV_tHbW #algo: DeepAK8
Weights: 1 * 1 * 1 * pileupWeight * 1 * lepIdSF * EGammaGsfSF * 1 * (MCWeight_singleLepCalc/abs(MCWeight_singleLepCalc)) * 0.00029406961913
Cuts: (leptonPt_singleLepCalc > 50) && (corr_met_singleLepCalc > 55) && (AK4HT > 480) && (minDR_lepJet > 0.4 || ptRel_lepJet > 40) && (NJetsAK8_JetSubCalc > 2) && (minDR_leadAK8otherAK8 < 3.0) && DataPastTrigger == 1 && isElectron==1
****************************************************************************************************
****************************************************************************************************
DISTRIBUTION: Tp2Mass
            -name in ljmet trees: Tprime2_ALGO_Mass
            -x-axis label is set to: ;M(T) [GeV])
            -using the binning as: [0.0, 60.0, 120.0, 180.0, 240.0, 300.0, 360.0, 420.0, 480.0, 540.0, 600.0, 660.0, 720.0, 780.0, 840.0, 900.0, 960.0, 1020.0, 1080.0, 1140.0, 1200.0, 1260.0, 1320.0, 1380.0, 1440.0, 1500.0, 1560.0, 1620.0, 1680.0, 1740.0, 1800.0, 1860.0, 1920.0, 1980.0, 2040.0, 2100.0, 2160.0, 2220.0, 2280.0, 2340.0, 2400.0, 2460.0, 2520.0, 2580.0, 2640.0, 2700.0, 2760.0, 2820.0, 2880.0, 2940.0, 3000.0]
/////////////////////////
PROCESSING:  TTM1200TZBW
/////////////////////////
plotTreeName: Tprime2_DeepAK8_Mass
Flavour: E #tag: isV_tHbW #algo: DeepAK8
Weights: 1 * 1 * 1 * pileupWeight * 1 * lepIdSF * EGammaGsfSF * 1 * (MCWeight_singleLepCalc/abs(MCWeight_singleLepCalc)) * 0.000588139238259
Cuts: (leptonPt_singleLepCalc > 50) && (corr_met_singleLepCalc > 55) && (AK4HT > 480) && (minDR_lepJet > 0.4 || ptRel_lepJet > 40) && (NJetsAK8_JetSubCalc > 2) && (minDR_leadAK8otherAK8 < 3.0) && DataPastTrigger == 1 && isElectron==1
****************************************************************************************************
****************************************************************************************************
DISTRIBUTION: Tp2Mass
            -name in ljmet trees: Tprime2_ALGO_Mass
            -x-axis label is set to: ;M(T) [GeV])
            -using the binning as: [0.0, 60.0, 120.0, 180.0, 240.0, 300.0, 360.0, 420.0, 480.0, 540.0, 600.0, 660.0, 720.0, 780.0, 840.0, 900.0, 960.0, 1020.0, 1080.0, 1140.0, 1200.0, 1260.0, 1320.0, 1380.0, 1440.0, 1500.0, 1560.0, 1620.0, 1680.0, 1740.0, 1800.0, 1860.0, 1920.0, 1980.0, 2040.0, 2100.0, 2160.0, 2220.0, 2280.0, 2340.0, 2400.0, 2460.0, 2520.0, 2580.0, 2640.0, 2700.0, 2760.0, 2820.0, 2880.0, 2940.0, 3000.0]
/////////////////////////
PROCESSING:  TTM1200THBW
/////////////////////////
plotTreeName: Tprime2_DeepAK8_Mass
Flavour: E #tag: isV_tHbW #algo: DeepAK8
Weights: 1 * 1 * 1 * pileupWeight * 1 * lepIdSF * EGammaGsfSF * 1 * (MCWeight_singleLepCalc/abs(MCWeight_singleLepCalc)) * 0.000588139238259
Cuts: (leptonPt_singleLepCalc > 50) && (corr_met_singleLepCalc > 55) && (AK4HT > 480) && (minDR_lepJet > 0.4 || ptRel_lepJet > 40) && (NJetsAK8_JetSubCalc > 2) && (minDR_leadAK8otherAK8 < 3.0) && DataPastTrigger == 1 && isElectron==1
****************************************************************************************************
****************************************************************************************************
DISTRIBUTION: Tp2Mass
            -name in ljmet trees: Tprime2_ALGO_Mass
            -x-axis label is set to: ;M(T) [GeV])
            -using the binning as: [0.0, 60.0, 120.0, 180.0, 240.0, 300.0, 360.0, 420.0, 480.0, 540.0, 600.0, 660.0, 720.0, 780.0, 840.0, 900.0, 960.0, 1020.0, 1080.0, 1140.0, 1200.0, 1260.0, 1320.0, 1380.0, 1440.0, 1500.0, 1560.0, 1620.0, 1680.0, 1740.0, 1800.0, 1860.0, 1920.0, 1980.0, 2040.0, 2100.0, 2160.0, 2220.0, 2280.0, 2340.0, 2400.0, 2460.0, 2520.0, 2580.0, 2640.0, 2700.0, 2760.0, 2820.0, 2880.0, 2940.0, 3000.0]
/////////////////////////
PROCESSING:  TTM1200TZTH
/////////////////////////
plotTreeName: Tprime2_DeepAK8_Mass
Flavour: E #tag: isV_tHbW #algo: DeepAK8
Weights: 1 * 1 * 1 * pileupWeight * 1 * lepIdSF * EGammaGsfSF * 1 * (MCWeight_singleLepCalc/abs(MCWeight_singleLepCalc)) * 0.00029406961913
Cuts: (leptonPt_singleLepCalc > 50) && (corr_met_singleLepCalc > 55) && (AK4HT > 480) && (minDR_lepJet > 0.4 || ptRel_lepJet > 40) && (NJetsAK8_JetSubCalc > 2) && (minDR_leadAK8otherAK8 < 3.0) && DataPastTrigger == 1 && isElectron==1
****************************************************************************************************
****************************************************************************************************
DISTRIBUTION: Tp2Mass
            -name in ljmet trees: Tprime2_ALGO_Mass
            -x-axis label is set to: ;M(T) [GeV])
            -using the binning as: [0.0, 60.0, 120.0, 180.0, 240.0, 300.0, 360.0, 420.0, 480.0, 540.0, 600.0, 660.0, 720.0, 780.0, 840.0, 900.0, 960.0, 1020.0, 1080.0, 1140.0, 1200.0, 1260.0, 1320.0, 1380.0, 1440.0, 1500.0, 1560.0, 1620.0, 1680.0, 1740.0, 1800.0, 1860.0, 1920.0, 1980.0, 2040.0, 2100.0, 2160.0, 2220.0, 2280.0, 2340.0, 2400.0, 2460.0, 2520.0, 2580.0, 2640.0, 2700.0, 2760.0, 2820.0, 2880.0, 2940.0, 3000.0]
/////////////////////////
PROCESSING:  TTM1300BWBW
/////////////////////////
plotTreeName: Tprime2_DeepAK8_Mass
Flavour: E #tag: isV_tHbW #algo: DeepAK8
Weights: 1 * 1 * 1 * pileupWeight * 1 * lepIdSF * EGammaGsfSF * 1 * (MCWeight_singleLepCalc/abs(MCWeight_singleLepCalc)) * 0.00063821114509
Cuts: (leptonPt_singleLepCalc > 50) && (corr_met_singleLepCalc > 55) && (AK4HT > 480) && (minDR_lepJet > 0.4 || ptRel_lepJet > 40) && (NJetsAK8_JetSubCalc > 2) && (minDR_leadAK8otherAK8 < 3.0) && DataPastTrigger == 1 && isElectron==1
****************************************************************************************************
****************************************************************************************************
DISTRIBUTION: Tp2Mass
            -name in ljmet trees: Tprime2_ALGO_Mass
            -x-axis label is set to: ;M(T) [GeV])
            -using the binning as: [0.0, 60.0, 120.0, 180.0, 240.0, 300.0, 360.0, 420.0, 480.0, 540.0, 600.0, 660.0, 720.0, 780.0, 840.0, 900.0, 960.0, 1020.0, 1080.0, 1140.0, 1200.0, 1260.0, 1320.0, 1380.0, 1440.0, 1500.0, 1560.0, 1620.0, 1680.0, 1740.0, 1800.0, 1860.0, 1920.0, 1980.0, 2040.0, 2100.0, 2160.0, 2220.0, 2280.0, 2340.0, 2400.0, 2460.0, 2520.0, 2580.0, 2640.0, 2700.0, 2760.0, 2820.0, 2880.0, 2940.0, 3000.0]
/////////////////////////
PROCESSING:  TTM1300THTH
/////////////////////////
plotTreeName: Tprime2_DeepAK8_Mass
Flavour: E #tag: isV_tHbW #algo: DeepAK8
Weights: 1 * 1 * 1 * pileupWeight * 1 * lepIdSF * EGammaGsfSF * 1 * (MCWeight_singleLepCalc/abs(MCWeight_singleLepCalc)) * 0.000159552786272
Cuts: (leptonPt_singleLepCalc > 50) && (corr_met_singleLepCalc > 55) && (AK4HT > 480) && (minDR_lepJet > 0.4 || ptRel_lepJet > 40) && (NJetsAK8_JetSubCalc > 2) && (minDR_leadAK8otherAK8 < 3.0) && DataPastTrigger == 1 && isElectron==1
****************************************************************************************************
****************************************************************************************************
DISTRIBUTION: Tp2Mass
            -name in ljmet trees: Tprime2_ALGO_Mass
            -x-axis label is set to: ;M(T) [GeV])
            -using the binning as: [0.0, 60.0, 120.0, 180.0, 240.0, 300.0, 360.0, 420.0, 480.0, 540.0, 600.0, 660.0, 720.0, 780.0, 840.0, 900.0, 960.0, 1020.0, 1080.0, 1140.0, 1200.0, 1260.0, 1320.0, 1380.0, 1440.0, 1500.0, 1560.0, 1620.0, 1680.0, 1740.0, 1800.0, 1860.0, 1920.0, 1980.0, 2040.0, 2100.0, 2160.0, 2220.0, 2280.0, 2340.0, 2400.0, 2460.0, 2520.0, 2580.0, 2640.0, 2700.0, 2760.0, 2820.0, 2880.0, 2940.0, 3000.0]
/////////////////////////
PROCESSING:  TTM1300TZTZ
/////////////////////////
plotTreeName: Tprime2_DeepAK8_Mass
Flavour: E #tag: isV_tHbW #algo: DeepAK8
Weights: 1 * 1 * 1 * pileupWeight * 1 * lepIdSF * EGammaGsfSF * 1 * (MCWeight_singleLepCalc/abs(MCWeight_singleLepCalc)) * 0.000159552786272
Cuts: (leptonPt_singleLepCalc > 50) && (corr_met_singleLepCalc > 55) && (AK4HT > 480) && (minDR_lepJet > 0.4 || ptRel_lepJet > 40) && (NJetsAK8_JetSubCalc > 2) && (minDR_leadAK8otherAK8 < 3.0) && DataPastTrigger == 1 && isElectron==1
****************************************************************************************************
****************************************************************************************************
DISTRIBUTION: Tp2Mass
            -name in ljmet trees: Tprime2_ALGO_Mass
            -x-axis label is set to: ;M(T) [GeV])
            -using the binning as: [0.0, 60.0, 120.0, 180.0, 240.0, 300.0, 360.0, 420.0, 480.0, 540.0, 600.0, 660.0, 720.0, 780.0, 840.0, 900.0, 960.0, 1020.0, 1080.0, 1140.0, 1200.0, 1260.0, 1320.0, 1380.0, 1440.0, 1500.0, 1560.0, 1620.0, 1680.0, 1740.0, 1800.0, 1860.0, 1920.0, 1980.0, 2040.0, 2100.0, 2160.0, 2220.0, 2280.0, 2340.0, 2400.0, 2460.0, 2520.0, 2580.0, 2640.0, 2700.0, 2760.0, 2820.0, 2880.0, 2940.0, 3000.0]
/////////////////////////
PROCESSING:  TTM1300TZBW
/////////////////////////
plotTreeName: Tprime2_DeepAK8_Mass
Flavour: E #tag: isV_tHbW #algo: DeepAK8
Weights: 1 * 1 * 1 * pileupWeight * 1 * lepIdSF * EGammaGsfSF * 1 * (MCWeight_singleLepCalc/abs(MCWeight_singleLepCalc)) * 0.000319105572545
Cuts: (leptonPt_singleLepCalc > 50) && (corr_met_singleLepCalc > 55) && (AK4HT > 480) && (minDR_lepJet > 0.4 || ptRel_lepJet > 40) && (NJetsAK8_JetSubCalc > 2) && (minDR_leadAK8otherAK8 < 3.0) && DataPastTrigger == 1 && isElectron==1
****************************************************************************************************
****************************************************************************************************
DISTRIBUTION: Tp2Mass
            -name in ljmet trees: Tprime2_ALGO_Mass
            -x-axis label is set to: ;M(T) [GeV])
            -using the binning as: [0.0, 60.0, 120.0, 180.0, 240.0, 300.0, 360.0, 420.0, 480.0, 540.0, 600.0, 660.0, 720.0, 780.0, 840.0, 900.0, 960.0, 1020.0, 1080.0, 1140.0, 1200.0, 1260.0, 1320.0, 1380.0, 1440.0, 1500.0, 1560.0, 1620.0, 1680.0, 1740.0, 1800.0, 1860.0, 1920.0, 1980.0, 2040.0, 2100.0, 2160.0, 2220.0, 2280.0, 2340.0, 2400.0, 2460.0, 2520.0, 2580.0, 2640.0, 2700.0, 2760.0, 2820.0, 2880.0, 2940.0, 3000.0]
/////////////////////////
PROCESSING:  TTM1300THBW
/////////////////////////
plotTreeName: Tprime2_DeepAK8_Mass
Flavour: E #tag: isV_tHbW #algo: DeepAK8
Weights: 1 * 1 * 1 * pileupWeight * 1 * lepIdSF * EGammaGsfSF * 1 * (MCWeight_singleLepCalc/abs(MCWeight_singleLepCalc)) * 0.000319105572545
Cuts: (leptonPt_singleLepCalc > 50) && (corr_met_singleLepCalc > 55) && (AK4HT > 480) && (minDR_lepJet > 0.4 || ptRel_lepJet > 40) && (NJetsAK8_JetSubCalc > 2) && (minDR_leadAK8otherAK8 < 3.0) && DataPastTrigger == 1 && isElectron==1
****************************************************************************************************
****************************************************************************************************
DISTRIBUTION: Tp2Mass
            -name in ljmet trees: Tprime2_ALGO_Mass
            -x-axis label is set to: ;M(T) [GeV])
            -using the binning as: [0.0, 60.0, 120.0, 180.0, 240.0, 300.0, 360.0, 420.0, 480.0, 540.0, 600.0, 660.0, 720.0, 780.0, 840.0, 900.0, 960.0, 1020.0, 1080.0, 1140.0, 1200.0, 1260.0, 1320.0, 1380.0, 1440.0, 1500.0, 1560.0, 1620.0, 1680.0, 1740.0, 1800.0, 1860.0, 1920.0, 1980.0, 2040.0, 2100.0, 2160.0, 2220.0, 2280.0, 2340.0, 2400.0, 2460.0, 2520.0, 2580.0, 2640.0, 2700.0, 2760.0, 2820.0, 2880.0, 2940.0, 3000.0]
/////////////////////////
PROCESSING:  TTM1300TZTH
/////////////////////////
plotTreeName: Tprime2_DeepAK8_Mass
Flavour: E #tag: isV_tHbW #algo: DeepAK8
Weights: 1 * 1 * 1 * pileupWeight * 1 * lepIdSF * EGammaGsfSF * 1 * (MCWeight_singleLepCalc/abs(MCWeight_singleLepCalc)) * 0.000159552786272
Cuts: (leptonPt_singleLepCalc > 50) && (corr_met_singleLepCalc > 55) && (AK4HT > 480) && (minDR_lepJet > 0.4 || ptRel_lepJet > 40) && (NJetsAK8_JetSubCalc > 2) && (minDR_leadAK8otherAK8 < 3.0) && DataPastTrigger == 1 && isElectron==1
****************************************************************************************************
****************************************************************************************************
DISTRIBUTION: Tp2Mass
            -name in ljmet trees: Tprime2_ALGO_Mass
            -x-axis label is set to: ;M(T) [GeV])
            -using the binning as: [0.0, 60.0, 120.0, 180.0, 240.0, 300.0, 360.0, 420.0, 480.0, 540.0, 600.0, 660.0, 720.0, 780.0, 840.0, 900.0, 960.0, 1020.0, 1080.0, 1140.0, 1200.0, 1260.0, 1320.0, 1380.0, 1440.0, 1500.0, 1560.0, 1620.0, 1680.0, 1740.0, 1800.0, 1860.0, 1920.0, 1980.0, 2040.0, 2100.0, 2160.0, 2220.0, 2280.0, 2340.0, 2400.0, 2460.0, 2520.0, 2580.0, 2640.0, 2700.0, 2760.0, 2820.0, 2880.0, 2940.0, 3000.0]
/////////////////////////
PROCESSING:  TTM1400BWBW
/////////////////////////
plotTreeName: Tprime2_DeepAK8_Mass
Flavour: E #tag: isV_tHbW #algo: DeepAK8
Weights: 1 * 1 * 1 * pileupWeight * 1 * lepIdSF * EGammaGsfSF * 1 * (MCWeight_singleLepCalc/abs(MCWeight_singleLepCalc)) * 0.000352883542956
Cuts: (leptonPt_singleLepCalc > 50) && (corr_met_singleLepCalc > 55) && (AK4HT > 480) && (minDR_lepJet > 0.4 || ptRel_lepJet > 40) && (NJetsAK8_JetSubCalc > 2) && (minDR_leadAK8otherAK8 < 3.0) && DataPastTrigger == 1 && isElectron==1
****************************************************************************************************
****************************************************************************************************
DISTRIBUTION: Tp2Mass
            -name in ljmet trees: Tprime2_ALGO_Mass
            -x-axis label is set to: ;M(T) [GeV])
            -using the binning as: [0.0, 60.0, 120.0, 180.0, 240.0, 300.0, 360.0, 420.0, 480.0, 540.0, 600.0, 660.0, 720.0, 780.0, 840.0, 900.0, 960.0, 1020.0, 1080.0, 1140.0, 1200.0, 1260.0, 1320.0, 1380.0, 1440.0, 1500.0, 1560.0, 1620.0, 1680.0, 1740.0, 1800.0, 1860.0, 1920.0, 1980.0, 2040.0, 2100.0, 2160.0, 2220.0, 2280.0, 2340.0, 2400.0, 2460.0, 2520.0, 2580.0, 2640.0, 2700.0, 2760.0, 2820.0, 2880.0, 2940.0, 3000.0]
/////////////////////////
PROCESSING:  TTM1400THTH
/////////////////////////
plotTreeName: Tprime2_DeepAK8_Mass
Flavour: E #tag: isV_tHbW #algo: DeepAK8
Weights: 1 * 1 * 1 * pileupWeight * 1 * lepIdSF * EGammaGsfSF * 1 * (MCWeight_singleLepCalc/abs(MCWeight_singleLepCalc)) * 8.82208857389e-05
Cuts: (leptonPt_singleLepCalc > 50) && (corr_met_singleLepCalc > 55) && (AK4HT > 480) && (minDR_lepJet > 0.4 || ptRel_lepJet > 40) && (NJetsAK8_JetSubCalc > 2) && (minDR_leadAK8otherAK8 < 3.0) && DataPastTrigger == 1 && isElectron==1
****************************************************************************************************
****************************************************************************************************
DISTRIBUTION: Tp2Mass
            -name in ljmet trees: Tprime2_ALGO_Mass
            -x-axis label is set to: ;M(T) [GeV])
            -using the binning as: [0.0, 60.0, 120.0, 180.0, 240.0, 300.0, 360.0, 420.0, 480.0, 540.0, 600.0, 660.0, 720.0, 780.0, 840.0, 900.0, 960.0, 1020.0, 1080.0, 1140.0, 1200.0, 1260.0, 1320.0, 1380.0, 1440.0, 1500.0, 1560.0, 1620.0, 1680.0, 1740.0, 1800.0, 1860.0, 1920.0, 1980.0, 2040.0, 2100.0, 2160.0, 2220.0, 2280.0, 2340.0, 2400.0, 2460.0, 2520.0, 2580.0, 2640.0, 2700.0, 2760.0, 2820.0, 2880.0, 2940.0, 3000.0]
/////////////////////////
PROCESSING:  TTM1400TZTZ
/////////////////////////
plotTreeName: Tprime2_DeepAK8_Mass
Flavour: E #tag: isV_tHbW #algo: DeepAK8
Weights: 1 * 1 * 1 * pileupWeight * 1 * lepIdSF * EGammaGsfSF * 1 * (MCWeight_singleLepCalc/abs(MCWeight_singleLepCalc)) * 8.82208857389e-05
Cuts: (leptonPt_singleLepCalc > 50) && (corr_met_singleLepCalc > 55) && (AK4HT > 480) && (minDR_lepJet > 0.4 || ptRel_lepJet > 40) && (NJetsAK8_JetSubCalc > 2) && (minDR_leadAK8otherAK8 < 3.0) && DataPastTrigger == 1 && isElectron==1
****************************************************************************************************
****************************************************************************************************
DISTRIBUTION: Tp2Mass
            -name in ljmet trees: Tprime2_ALGO_Mass
            -x-axis label is set to: ;M(T) [GeV])
            -using the binning as: [0.0, 60.0, 120.0, 180.0, 240.0, 300.0, 360.0, 420.0, 480.0, 540.0, 600.0, 660.0, 720.0, 780.0, 840.0, 900.0, 960.0, 1020.0, 1080.0, 1140.0, 1200.0, 1260.0, 1320.0, 1380.0, 1440.0, 1500.0, 1560.0, 1620.0, 1680.0, 1740.0, 1800.0, 1860.0, 1920.0, 1980.0, 2040.0, 2100.0, 2160.0, 2220.0, 2280.0, 2340.0, 2400.0, 2460.0, 2520.0, 2580.0, 2640.0, 2700.0, 2760.0, 2820.0, 2880.0, 2940.0, 3000.0]
/////////////////////////
PROCESSING:  TTM1400TZBW
/////////////////////////
plotTreeName: Tprime2_DeepAK8_Mass
Flavour: E #tag: isV_tHbW #algo: DeepAK8
Weights: 1 * 1 * 1 * pileupWeight * 1 * lepIdSF * EGammaGsfSF * 1 * (MCWeight_singleLepCalc/abs(MCWeight_singleLepCalc)) * 0.000176441771478
Cuts: (leptonPt_singleLepCalc > 50) && (corr_met_singleLepCalc > 55) && (AK4HT > 480) && (minDR_lepJet > 0.4 || ptRel_lepJet > 40) && (NJetsAK8_JetSubCalc > 2) && (minDR_leadAK8otherAK8 < 3.0) && DataPastTrigger == 1 && isElectron==1
****************************************************************************************************
****************************************************************************************************
DISTRIBUTION: Tp2Mass
            -name in ljmet trees: Tprime2_ALGO_Mass
            -x-axis label is set to: ;M(T) [GeV])
            -using the binning as: [0.0, 60.0, 120.0, 180.0, 240.0, 300.0, 360.0, 420.0, 480.0, 540.0, 600.0, 660.0, 720.0, 780.0, 840.0, 900.0, 960.0, 1020.0, 1080.0, 1140.0, 1200.0, 1260.0, 1320.0, 1380.0, 1440.0, 1500.0, 1560.0, 1620.0, 1680.0, 1740.0, 1800.0, 1860.0, 1920.0, 1980.0, 2040.0, 2100.0, 2160.0, 2220.0, 2280.0, 2340.0, 2400.0, 2460.0, 2520.0, 2580.0, 2640.0, 2700.0, 2760.0, 2820.0, 2880.0, 2940.0, 3000.0]
/////////////////////////
PROCESSING:  TTM1400THBW
/////////////////////////
plotTreeName: Tprime2_DeepAK8_Mass
Flavour: E #tag: isV_tHbW #algo: DeepAK8
Weights: 1 * 1 * 1 * pileupWeight * 1 * lepIdSF * EGammaGsfSF * 1 * (MCWeight_singleLepCalc/abs(MCWeight_singleLepCalc)) * 0.000176441771478
Cuts: (leptonPt_singleLepCalc > 50) && (corr_met_singleLepCalc > 55) && (AK4HT > 480) && (minDR_lepJet > 0.4 || ptRel_lepJet > 40) && (NJetsAK8_JetSubCalc > 2) && (minDR_leadAK8otherAK8 < 3.0) && DataPastTrigger == 1 && isElectron==1
****************************************************************************************************
****************************************************************************************************
DISTRIBUTION: Tp2Mass
            -name in ljmet trees: Tprime2_ALGO_Mass
            -x-axis label is set to: ;M(T) [GeV])
            -using the binning as: [0.0, 60.0, 120.0, 180.0, 240.0, 300.0, 360.0, 420.0, 480.0, 540.0, 600.0, 660.0, 720.0, 780.0, 840.0, 900.0, 960.0, 1020.0, 1080.0, 1140.0, 1200.0, 1260.0, 1320.0, 1380.0, 1440.0, 1500.0, 1560.0, 1620.0, 1680.0, 1740.0, 1800.0, 1860.0, 1920.0, 1980.0, 2040.0, 2100.0, 2160.0, 2220.0, 2280.0, 2340.0, 2400.0, 2460.0, 2520.0, 2580.0, 2640.0, 2700.0, 2760.0, 2820.0, 2880.0, 2940.0, 3000.0]
/////////////////////////
PROCESSING:  TTM1400TZTH
/////////////////////////
plotTreeName: Tprime2_DeepAK8_Mass
Flavour: E #tag: isV_tHbW #algo: DeepAK8
Weights: 1 * 1 * 1 * pileupWeight * 1 * lepIdSF * EGammaGsfSF * 1 * (MCWeight_singleLepCalc/abs(MCWeight_singleLepCalc)) * 8.82208857389e-05
Cuts: (leptonPt_singleLepCalc > 50) && (corr_met_singleLepCalc > 55) && (AK4HT > 480) && (minDR_lepJet > 0.4 || ptRel_lepJet > 40) && (NJetsAK8_JetSubCalc > 2) && (minDR_leadAK8otherAK8 < 3.0) && DataPastTrigger == 1 && isElectron==1
****************************************************************************************************
****************************************************************************************************
DISTRIBUTION: Tp2Mass
            -name in ljmet trees: Tprime2_ALGO_Mass
            -x-axis label is set to: ;M(T) [GeV])
            -using the binning as: [0.0, 60.0, 120.0, 180.0, 240.0, 300.0, 360.0, 420.0, 480.0, 540.0, 600.0, 660.0, 720.0, 780.0, 840.0, 900.0, 960.0, 1020.0, 1080.0, 1140.0, 1200.0, 1260.0, 1320.0, 1380.0, 1440.0, 1500.0, 1560.0, 1620.0, 1680.0, 1740.0, 1800.0, 1860.0, 1920.0, 1980.0, 2040.0, 2100.0, 2160.0, 2220.0, 2280.0, 2340.0, 2400.0, 2460.0, 2520.0, 2580.0, 2640.0, 2700.0, 2760.0, 2820.0, 2880.0, 2940.0, 3000.0]
/////////////////////////
PROCESSING:  TTM1500BWBW
/////////////////////////
plotTreeName: Tprime2_DeepAK8_Mass
Flavour: E #tag: isV_tHbW #algo: DeepAK8
Weights: 1 * 1 * 1 * pileupWeight * 1 * lepIdSF * EGammaGsfSF * 1 * (MCWeight_singleLepCalc/abs(MCWeight_singleLepCalc)) * 0.00019932135405
Cuts: (leptonPt_singleLepCalc > 50) && (corr_met_singleLepCalc > 55) && (AK4HT > 480) && (minDR_lepJet > 0.4 || ptRel_lepJet > 40) && (NJetsAK8_JetSubCalc > 2) && (minDR_leadAK8otherAK8 < 3.0) && DataPastTrigger == 1 && isElectron==1
****************************************************************************************************
****************************************************************************************************
DISTRIBUTION: Tp2Mass
            -name in ljmet trees: Tprime2_ALGO_Mass
            -x-axis label is set to: ;M(T) [GeV])
            -using the binning as: [0.0, 60.0, 120.0, 180.0, 240.0, 300.0, 360.0, 420.0, 480.0, 540.0, 600.0, 660.0, 720.0, 780.0, 840.0, 900.0, 960.0, 1020.0, 1080.0, 1140.0, 1200.0, 1260.0, 1320.0, 1380.0, 1440.0, 1500.0, 1560.0, 1620.0, 1680.0, 1740.0, 1800.0, 1860.0, 1920.0, 1980.0, 2040.0, 2100.0, 2160.0, 2220.0, 2280.0, 2340.0, 2400.0, 2460.0, 2520.0, 2580.0, 2640.0, 2700.0, 2760.0, 2820.0, 2880.0, 2940.0, 3000.0]
/////////////////////////
PROCESSING:  TTM1500THTH
/////////////////////////
plotTreeName: Tprime2_DeepAK8_Mass
Flavour: E #tag: isV_tHbW #algo: DeepAK8
Weights: 1 * 1 * 1 * pileupWeight * 1 * lepIdSF * EGammaGsfSF * 1 * (MCWeight_singleLepCalc/abs(MCWeight_singleLepCalc)) * 4.98303385124e-05
Cuts: (leptonPt_singleLepCalc > 50) && (corr_met_singleLepCalc > 55) && (AK4HT > 480) && (minDR_lepJet > 0.4 || ptRel_lepJet > 40) && (NJetsAK8_JetSubCalc > 2) && (minDR_leadAK8otherAK8 < 3.0) && DataPastTrigger == 1 && isElectron==1
****************************************************************************************************
****************************************************************************************************
DISTRIBUTION: Tp2Mass
            -name in ljmet trees: Tprime2_ALGO_Mass
            -x-axis label is set to: ;M(T) [GeV])
            -using the binning as: [0.0, 60.0, 120.0, 180.0, 240.0, 300.0, 360.0, 420.0, 480.0, 540.0, 600.0, 660.0, 720.0, 780.0, 840.0, 900.0, 960.0, 1020.0, 1080.0, 1140.0, 1200.0, 1260.0, 1320.0, 1380.0, 1440.0, 1500.0, 1560.0, 1620.0, 1680.0, 1740.0, 1800.0, 1860.0, 1920.0, 1980.0, 2040.0, 2100.0, 2160.0, 2220.0, 2280.0, 2340.0, 2400.0, 2460.0, 2520.0, 2580.0, 2640.0, 2700.0, 2760.0, 2820.0, 2880.0, 2940.0, 3000.0]
/////////////////////////
PROCESSING:  TTM1500TZTZ
/////////////////////////
plotTreeName: Tprime2_DeepAK8_Mass
Flavour: E #tag: isV_tHbW #algo: DeepAK8
Weights: 1 * 1 * 1 * pileupWeight * 1 * lepIdSF * EGammaGsfSF * 1 * (MCWeight_singleLepCalc/abs(MCWeight_singleLepCalc)) * 4.98303385124e-05
Cuts: (leptonPt_singleLepCalc > 50) && (corr_met_singleLepCalc > 55) && (AK4HT > 480) && (minDR_lepJet > 0.4 || ptRel_lepJet > 40) && (NJetsAK8_JetSubCalc > 2) && (minDR_leadAK8otherAK8 < 3.0) && DataPastTrigger == 1 && isElectron==1
****************************************************************************************************
****************************************************************************************************
DISTRIBUTION: Tp2Mass
            -name in ljmet trees: Tprime2_ALGO_Mass
            -x-axis label is set to: ;M(T) [GeV])
            -using the binning as: [0.0, 60.0, 120.0, 180.0, 240.0, 300.0, 360.0, 420.0, 480.0, 540.0, 600.0, 660.0, 720.0, 780.0, 840.0, 900.0, 960.0, 1020.0, 1080.0, 1140.0, 1200.0, 1260.0, 1320.0, 1380.0, 1440.0, 1500.0, 1560.0, 1620.0, 1680.0, 1740.0, 1800.0, 1860.0, 1920.0, 1980.0, 2040.0, 2100.0, 2160.0, 2220.0, 2280.0, 2340.0, 2400.0, 2460.0, 2520.0, 2580.0, 2640.0, 2700.0, 2760.0, 2820.0, 2880.0, 2940.0, 3000.0]
/////////////////////////
PROCESSING:  TTM1500TZBW
/////////////////////////
plotTreeName: Tprime2_DeepAK8_Mass
Flavour: E #tag: isV_tHbW #algo: DeepAK8
Weights: 1 * 1 * 1 * pileupWeight * 1 * lepIdSF * EGammaGsfSF * 1 * (MCWeight_singleLepCalc/abs(MCWeight_singleLepCalc)) * 9.96606770248e-05
Cuts: (leptonPt_singleLepCalc > 50) && (corr_met_singleLepCalc > 55) && (AK4HT > 480) && (minDR_lepJet > 0.4 || ptRel_lepJet > 40) && (NJetsAK8_JetSubCalc > 2) && (minDR_leadAK8otherAK8 < 3.0) && DataPastTrigger == 1 && isElectron==1
****************************************************************************************************
****************************************************************************************************
DISTRIBUTION: Tp2Mass
            -name in ljmet trees: Tprime2_ALGO_Mass
            -x-axis label is set to: ;M(T) [GeV])
            -using the binning as: [0.0, 60.0, 120.0, 180.0, 240.0, 300.0, 360.0, 420.0, 480.0, 540.0, 600.0, 660.0, 720.0, 780.0, 840.0, 900.0, 960.0, 1020.0, 1080.0, 1140.0, 1200.0, 1260.0, 1320.0, 1380.0, 1440.0, 1500.0, 1560.0, 1620.0, 1680.0, 1740.0, 1800.0, 1860.0, 1920.0, 1980.0, 2040.0, 2100.0, 2160.0, 2220.0, 2280.0, 2340.0, 2400.0, 2460.0, 2520.0, 2580.0, 2640.0, 2700.0, 2760.0, 2820.0, 2880.0, 2940.0, 3000.0]
/////////////////////////
PROCESSING:  TTM1500THBW
/////////////////////////
plotTreeName: Tprime2_DeepAK8_Mass
Flavour: E #tag: isV_tHbW #algo: DeepAK8
Weights: 1 * 1 * 1 * pileupWeight * 1 * lepIdSF * EGammaGsfSF * 1 * (MCWeight_singleLepCalc/abs(MCWeight_singleLepCalc)) * 9.96606770248e-05
Cuts: (leptonPt_singleLepCalc > 50) && (corr_met_singleLepCalc > 55) && (AK4HT > 480) && (minDR_lepJet > 0.4 || ptRel_lepJet > 40) && (NJetsAK8_JetSubCalc > 2) && (minDR_leadAK8otherAK8 < 3.0) && DataPastTrigger == 1 && isElectron==1
****************************************************************************************************
****************************************************************************************************
DISTRIBUTION: Tp2Mass
            -name in ljmet trees: Tprime2_ALGO_Mass
            -x-axis label is set to: ;M(T) [GeV])
            -using the binning as: [0.0, 60.0, 120.0, 180.0, 240.0, 300.0, 360.0, 420.0, 480.0, 540.0, 600.0, 660.0, 720.0, 780.0, 840.0, 900.0, 960.0, 1020.0, 1080.0, 1140.0, 1200.0, 1260.0, 1320.0, 1380.0, 1440.0, 1500.0, 1560.0, 1620.0, 1680.0, 1740.0, 1800.0, 1860.0, 1920.0, 1980.0, 2040.0, 2100.0, 2160.0, 2220.0, 2280.0, 2340.0, 2400.0, 2460.0, 2520.0, 2580.0, 2640.0, 2700.0, 2760.0, 2820.0, 2880.0, 2940.0, 3000.0]
/////////////////////////
PROCESSING:  TTM1500TZTH
/////////////////////////
plotTreeName: Tprime2_DeepAK8_Mass
Flavour: E #tag: isV_tHbW #algo: DeepAK8
Weights: 1 * 1 * 1 * pileupWeight * 1 * lepIdSF * EGammaGsfSF * 1 * (MCWeight_singleLepCalc/abs(MCWeight_singleLepCalc)) * 4.98303385124e-05
Cuts: (leptonPt_singleLepCalc > 50) && (corr_met_singleLepCalc > 55) && (AK4HT > 480) && (minDR_lepJet > 0.4 || ptRel_lepJet > 40) && (NJetsAK8_JetSubCalc > 2) && (minDR_leadAK8otherAK8 < 3.0) && DataPastTrigger == 1 && isElectron==1
****************************************************************************************************
****************************************************************************************************
DISTRIBUTION: Tp2Mass
            -name in ljmet trees: Tprime2_ALGO_Mass
            -x-axis label is set to: ;M(T) [GeV])
            -using the binning as: [0.0, 60.0, 120.0, 180.0, 240.0, 300.0, 360.0, 420.0, 480.0, 540.0, 600.0, 660.0, 720.0, 780.0, 840.0, 900.0, 960.0, 1020.0, 1080.0, 1140.0, 1200.0, 1260.0, 1320.0, 1380.0, 1440.0, 1500.0, 1560.0, 1620.0, 1680.0, 1740.0, 1800.0, 1860.0, 1920.0, 1980.0, 2040.0, 2100.0, 2160.0, 2220.0, 2280.0, 2340.0, 2400.0, 2460.0, 2520.0, 2580.0, 2640.0, 2700.0, 2760.0, 2820.0, 2880.0, 2940.0, 3000.0]
/////////////////////////
PROCESSING:  TTM1600BWBW
/////////////////////////
plotTreeName: Tprime2_DeepAK8_Mass
Flavour: E #tag: isV_tHbW #algo: DeepAK8
Weights: 1 * 1 * 1 * pileupWeight * 1 * lepIdSF * EGammaGsfSF * 1 * (MCWeight_singleLepCalc/abs(MCWeight_singleLepCalc)) * 0.000114437939919
Cuts: (leptonPt_singleLepCalc > 50) && (corr_met_singleLepCalc > 55) && (AK4HT > 480) && (minDR_lepJet > 0.4 || ptRel_lepJet > 40) && (NJetsAK8_JetSubCalc > 2) && (minDR_leadAK8otherAK8 < 3.0) && DataPastTrigger == 1 && isElectron==1
****************************************************************************************************
****************************************************************************************************
DISTRIBUTION: Tp2Mass
            -name in ljmet trees: Tprime2_ALGO_Mass
            -x-axis label is set to: ;M(T) [GeV])
            -using the binning as: [0.0, 60.0, 120.0, 180.0, 240.0, 300.0, 360.0, 420.0, 480.0, 540.0, 600.0, 660.0, 720.0, 780.0, 840.0, 900.0, 960.0, 1020.0, 1080.0, 1140.0, 1200.0, 1260.0, 1320.0, 1380.0, 1440.0, 1500.0, 1560.0, 1620.0, 1680.0, 1740.0, 1800.0, 1860.0, 1920.0, 1980.0, 2040.0, 2100.0, 2160.0, 2220.0, 2280.0, 2340.0, 2400.0, 2460.0, 2520.0, 2580.0, 2640.0, 2700.0, 2760.0, 2820.0, 2880.0, 2940.0, 3000.0]
/////////////////////////
PROCESSING:  TTM1600THTH
/////////////////////////
plotTreeName: Tprime2_DeepAK8_Mass
Flavour: E #tag: isV_tHbW #algo: DeepAK8
Weights: 1 * 1 * 1 * pileupWeight * 1 * lepIdSF * EGammaGsfSF * 1 * (MCWeight_singleLepCalc/abs(MCWeight_singleLepCalc)) * 2.86094849797e-05
Cuts: (leptonPt_singleLepCalc > 50) && (corr_met_singleLepCalc > 55) && (AK4HT > 480) && (minDR_lepJet > 0.4 || ptRel_lepJet > 40) && (NJetsAK8_JetSubCalc > 2) && (minDR_leadAK8otherAK8 < 3.0) && DataPastTrigger == 1 && isElectron==1
****************************************************************************************************
****************************************************************************************************
DISTRIBUTION: Tp2Mass
            -name in ljmet trees: Tprime2_ALGO_Mass
            -x-axis label is set to: ;M(T) [GeV])
            -using the binning as: [0.0, 60.0, 120.0, 180.0, 240.0, 300.0, 360.0, 420.0, 480.0, 540.0, 600.0, 660.0, 720.0, 780.0, 840.0, 900.0, 960.0, 1020.0, 1080.0, 1140.0, 1200.0, 1260.0, 1320.0, 1380.0, 1440.0, 1500.0, 1560.0, 1620.0, 1680.0, 1740.0, 1800.0, 1860.0, 1920.0, 1980.0, 2040.0, 2100.0, 2160.0, 2220.0, 2280.0, 2340.0, 2400.0, 2460.0, 2520.0, 2580.0, 2640.0, 2700.0, 2760.0, 2820.0, 2880.0, 2940.0, 3000.0]
/////////////////////////
PROCESSING:  TTM1600TZTZ
/////////////////////////
plotTreeName: Tprime2_DeepAK8_Mass
Flavour: E #tag: isV_tHbW #algo: DeepAK8
Weights: 1 * 1 * 1 * pileupWeight * 1 * lepIdSF * EGammaGsfSF * 1 * (MCWeight_singleLepCalc/abs(MCWeight_singleLepCalc)) * 2.86094849797e-05
Cuts: (leptonPt_singleLepCalc > 50) && (corr_met_singleLepCalc > 55) && (AK4HT > 480) && (minDR_lepJet > 0.4 || ptRel_lepJet > 40) && (NJetsAK8_JetSubCalc > 2) && (minDR_leadAK8otherAK8 < 3.0) && DataPastTrigger == 1 && isElectron==1
****************************************************************************************************
****************************************************************************************************
DISTRIBUTION: Tp2Mass
            -name in ljmet trees: Tprime2_ALGO_Mass
            -x-axis label is set to: ;M(T) [GeV])
            -using the binning as: [0.0, 60.0, 120.0, 180.0, 240.0, 300.0, 360.0, 420.0, 480.0, 540.0, 600.0, 660.0, 720.0, 780.0, 840.0, 900.0, 960.0, 1020.0, 1080.0, 1140.0, 1200.0, 1260.0, 1320.0, 1380.0, 1440.0, 1500.0, 1560.0, 1620.0, 1680.0, 1740.0, 1800.0, 1860.0, 1920.0, 1980.0, 2040.0, 2100.0, 2160.0, 2220.0, 2280.0, 2340.0, 2400.0, 2460.0, 2520.0, 2580.0, 2640.0, 2700.0, 2760.0, 2820.0, 2880.0, 2940.0, 3000.0]
/////////////////////////
PROCESSING:  TTM1600TZBW
/////////////////////////
plotTreeName: Tprime2_DeepAK8_Mass
Flavour: E #tag: isV_tHbW #algo: DeepAK8
Weights: 1 * 1 * 1 * pileupWeight * 1 * lepIdSF * EGammaGsfSF * 1 * (MCWeight_singleLepCalc/abs(MCWeight_singleLepCalc)) * 5.72189699595e-05
Cuts: (leptonPt_singleLepCalc > 50) && (corr_met_singleLepCalc > 55) && (AK4HT > 480) && (minDR_lepJet > 0.4 || ptRel_lepJet > 40) && (NJetsAK8_JetSubCalc > 2) && (minDR_leadAK8otherAK8 < 3.0) && DataPastTrigger == 1 && isElectron==1
****************************************************************************************************
****************************************************************************************************
DISTRIBUTION: Tp2Mass
            -name in ljmet trees: Tprime2_ALGO_Mass
            -x-axis label is set to: ;M(T) [GeV])
            -using the binning as: [0.0, 60.0, 120.0, 180.0, 240.0, 300.0, 360.0, 420.0, 480.0, 540.0, 600.0, 660.0, 720.0, 780.0, 840.0, 900.0, 960.0, 1020.0, 1080.0, 1140.0, 1200.0, 1260.0, 1320.0, 1380.0, 1440.0, 1500.0, 1560.0, 1620.0, 1680.0, 1740.0, 1800.0, 1860.0, 1920.0, 1980.0, 2040.0, 2100.0, 2160.0, 2220.0, 2280.0, 2340.0, 2400.0, 2460.0, 2520.0, 2580.0, 2640.0, 2700.0, 2760.0, 2820.0, 2880.0, 2940.0, 3000.0]
/////////////////////////
PROCESSING:  TTM1600THBW
/////////////////////////
plotTreeName: Tprime2_DeepAK8_Mass
Flavour: E #tag: isV_tHbW #algo: DeepAK8
Weights: 1 * 1 * 1 * pileupWeight * 1 * lepIdSF * EGammaGsfSF * 1 * (MCWeight_singleLepCalc/abs(MCWeight_singleLepCalc)) * 5.72189699595e-05
Cuts: (leptonPt_singleLepCalc > 50) && (corr_met_singleLepCalc > 55) && (AK4HT > 480) && (minDR_lepJet > 0.4 || ptRel_lepJet > 40) && (NJetsAK8_JetSubCalc > 2) && (minDR_leadAK8otherAK8 < 3.0) && DataPastTrigger == 1 && isElectron==1
****************************************************************************************************
****************************************************************************************************
DISTRIBUTION: Tp2Mass
            -name in ljmet trees: Tprime2_ALGO_Mass
            -x-axis label is set to: ;M(T) [GeV])
            -using the binning as: [0.0, 60.0, 120.0, 180.0, 240.0, 300.0, 360.0, 420.0, 480.0, 540.0, 600.0, 660.0, 720.0, 780.0, 840.0, 900.0, 960.0, 1020.0, 1080.0, 1140.0, 1200.0, 1260.0, 1320.0, 1380.0, 1440.0, 1500.0, 1560.0, 1620.0, 1680.0, 1740.0, 1800.0, 1860.0, 1920.0, 1980.0, 2040.0, 2100.0, 2160.0, 2220.0, 2280.0, 2340.0, 2400.0, 2460.0, 2520.0, 2580.0, 2640.0, 2700.0, 2760.0, 2820.0, 2880.0, 2940.0, 3000.0]
/////////////////////////
PROCESSING:  TTM1600TZTH
/////////////////////////
plotTreeName: Tprime2_DeepAK8_Mass
Flavour: E #tag: isV_tHbW #algo: DeepAK8
Weights: 1 * 1 * 1 * pileupWeight * 1 * lepIdSF * EGammaGsfSF * 1 * (MCWeight_singleLepCalc/abs(MCWeight_singleLepCalc)) * 2.86094849797e-05
Cuts: (leptonPt_singleLepCalc > 50) && (corr_met_singleLepCalc > 55) && (AK4HT > 480) && (minDR_lepJet > 0.4 || ptRel_lepJet > 40) && (NJetsAK8_JetSubCalc > 2) && (minDR_leadAK8otherAK8 < 3.0) && DataPastTrigger == 1 && isElectron==1
****************************************************************************************************
****************************************************************************************************
DISTRIBUTION: Tp2Mass
            -name in ljmet trees: Tprime2_ALGO_Mass
            -x-axis label is set to: ;M(T) [GeV])
            -using the binning as: [0.0, 60.0, 120.0, 180.0, 240.0, 300.0, 360.0, 420.0, 480.0, 540.0, 600.0, 660.0, 720.0, 780.0, 840.0, 900.0, 960.0, 1020.0, 1080.0, 1140.0, 1200.0, 1260.0, 1320.0, 1380.0, 1440.0, 1500.0, 1560.0, 1620.0, 1680.0, 1740.0, 1800.0, 1860.0, 1920.0, 1980.0, 2040.0, 2100.0, 2160.0, 2220.0, 2280.0, 2340.0, 2400.0, 2460.0, 2520.0, 2580.0, 2640.0, 2700.0, 2760.0, 2820.0, 2880.0, 2940.0, 3000.0]
/////////////////////////
PROCESSING:  TTM1700BWBW
/////////////////////////
plotTreeName: Tprime2_DeepAK8_Mass
Flavour: E #tag: isV_tHbW #algo: DeepAK8
Weights: 1 * 1 * 1 * pileupWeight * 1 * lepIdSF * EGammaGsfSF * 1 * (MCWeight_singleLepCalc/abs(MCWeight_singleLepCalc)) * 6.93554282011e-05
Cuts: (leptonPt_singleLepCalc > 50) && (corr_met_singleLepCalc > 55) && (AK4HT > 480) && (minDR_lepJet > 0.4 || ptRel_lepJet > 40) && (NJetsAK8_JetSubCalc > 2) && (minDR_leadAK8otherAK8 < 3.0) && DataPastTrigger == 1 && isElectron==1
****************************************************************************************************
****************************************************************************************************
DISTRIBUTION: Tp2Mass
            -name in ljmet trees: Tprime2_ALGO_Mass
            -x-axis label is set to: ;M(T) [GeV])
            -using the binning as: [0.0, 60.0, 120.0, 180.0, 240.0, 300.0, 360.0, 420.0, 480.0, 540.0, 600.0, 660.0, 720.0, 780.0, 840.0, 900.0, 960.0, 1020.0, 1080.0, 1140.0, 1200.0, 1260.0, 1320.0, 1380.0, 1440.0, 1500.0, 1560.0, 1620.0, 1680.0, 1740.0, 1800.0, 1860.0, 1920.0, 1980.0, 2040.0, 2100.0, 2160.0, 2220.0, 2280.0, 2340.0, 2400.0, 2460.0, 2520.0, 2580.0, 2640.0, 2700.0, 2760.0, 2820.0, 2880.0, 2940.0, 3000.0]
/////////////////////////
PROCESSING:  TTM1700THTH
/////////////////////////
plotTreeName: Tprime2_DeepAK8_Mass
Flavour: E #tag: isV_tHbW #algo: DeepAK8
Weights: 1 * 1 * 1 * pileupWeight * 1 * lepIdSF * EGammaGsfSF * 1 * (MCWeight_singleLepCalc/abs(MCWeight_singleLepCalc)) * 1.73388570503e-05
Cuts: (leptonPt_singleLepCalc > 50) && (corr_met_singleLepCalc > 55) && (AK4HT > 480) && (minDR_lepJet > 0.4 || ptRel_lepJet > 40) && (NJetsAK8_JetSubCalc > 2) && (minDR_leadAK8otherAK8 < 3.0) && DataPastTrigger == 1 && isElectron==1
****************************************************************************************************
****************************************************************************************************
DISTRIBUTION: Tp2Mass
            -name in ljmet trees: Tprime2_ALGO_Mass
            -x-axis label is set to: ;M(T) [GeV])
            -using the binning as: [0.0, 60.0, 120.0, 180.0, 240.0, 300.0, 360.0, 420.0, 480.0, 540.0, 600.0, 660.0, 720.0, 780.0, 840.0, 900.0, 960.0, 1020.0, 1080.0, 1140.0, 1200.0, 1260.0, 1320.0, 1380.0, 1440.0, 1500.0, 1560.0, 1620.0, 1680.0, 1740.0, 1800.0, 1860.0, 1920.0, 1980.0, 2040.0, 2100.0, 2160.0, 2220.0, 2280.0, 2340.0, 2400.0, 2460.0, 2520.0, 2580.0, 2640.0, 2700.0, 2760.0, 2820.0, 2880.0, 2940.0, 3000.0]
/////////////////////////
PROCESSING:  TTM1700TZTZ
/////////////////////////
plotTreeName: Tprime2_DeepAK8_Mass
Flavour: E #tag: isV_tHbW #algo: DeepAK8
Weights: 1 * 1 * 1 * pileupWeight * 1 * lepIdSF * EGammaGsfSF * 1 * (MCWeight_singleLepCalc/abs(MCWeight_singleLepCalc)) * 1.73388570503e-05
Cuts: (leptonPt_singleLepCalc > 50) && (corr_met_singleLepCalc > 55) && (AK4HT > 480) && (minDR_lepJet > 0.4 || ptRel_lepJet > 40) && (NJetsAK8_JetSubCalc > 2) && (minDR_leadAK8otherAK8 < 3.0) && DataPastTrigger == 1 && isElectron==1
****************************************************************************************************
****************************************************************************************************
DISTRIBUTION: Tp2Mass
            -name in ljmet trees: Tprime2_ALGO_Mass
            -x-axis label is set to: ;M(T) [GeV])
            -using the binning as: [0.0, 60.0, 120.0, 180.0, 240.0, 300.0, 360.0, 420.0, 480.0, 540.0, 600.0, 660.0, 720.0, 780.0, 840.0, 900.0, 960.0, 1020.0, 1080.0, 1140.0, 1200.0, 1260.0, 1320.0, 1380.0, 1440.0, 1500.0, 1560.0, 1620.0, 1680.0, 1740.0, 1800.0, 1860.0, 1920.0, 1980.0, 2040.0, 2100.0, 2160.0, 2220.0, 2280.0, 2340.0, 2400.0, 2460.0, 2520.0, 2580.0, 2640.0, 2700.0, 2760.0, 2820.0, 2880.0, 2940.0, 3000.0]
/////////////////////////
PROCESSING:  TTM1700TZBW
/////////////////////////
plotTreeName: Tprime2_DeepAK8_Mass
Flavour: E #tag: isV_tHbW #algo: DeepAK8
Weights: 1 * 1 * 1 * pileupWeight * 1 * lepIdSF * EGammaGsfSF * 1 * (MCWeight_singleLepCalc/abs(MCWeight_singleLepCalc)) * 3.46777141005e-05
Cuts: (leptonPt_singleLepCalc > 50) && (corr_met_singleLepCalc > 55) && (AK4HT > 480) && (minDR_lepJet > 0.4 || ptRel_lepJet > 40) && (NJetsAK8_JetSubCalc > 2) && (minDR_leadAK8otherAK8 < 3.0) && DataPastTrigger == 1 && isElectron==1
****************************************************************************************************
****************************************************************************************************
DISTRIBUTION: Tp2Mass
            -name in ljmet trees: Tprime2_ALGO_Mass
            -x-axis label is set to: ;M(T) [GeV])
            -using the binning as: [0.0, 60.0, 120.0, 180.0, 240.0, 300.0, 360.0, 420.0, 480.0, 540.0, 600.0, 660.0, 720.0, 780.0, 840.0, 900.0, 960.0, 1020.0, 1080.0, 1140.0, 1200.0, 1260.0, 1320.0, 1380.0, 1440.0, 1500.0, 1560.0, 1620.0, 1680.0, 1740.0, 1800.0, 1860.0, 1920.0, 1980.0, 2040.0, 2100.0, 2160.0, 2220.0, 2280.0, 2340.0, 2400.0, 2460.0, 2520.0, 2580.0, 2640.0, 2700.0, 2760.0, 2820.0, 2880.0, 2940.0, 3000.0]
/////////////////////////
PROCESSING:  TTM1700THBW
/////////////////////////
plotTreeName: Tprime2_DeepAK8_Mass
Flavour: E #tag: isV_tHbW #algo: DeepAK8
Weights: 1 * 1 * 1 * pileupWeight * 1 * lepIdSF * EGammaGsfSF * 1 * (MCWeight_singleLepCalc/abs(MCWeight_singleLepCalc)) * 3.46777141005e-05
Cuts: (leptonPt_singleLepCalc > 50) && (corr_met_singleLepCalc > 55) && (AK4HT > 480) && (minDR_lepJet > 0.4 || ptRel_lepJet > 40) && (NJetsAK8_JetSubCalc > 2) && (minDR_leadAK8otherAK8 < 3.0) && DataPastTrigger == 1 && isElectron==1
****************************************************************************************************
****************************************************************************************************
DISTRIBUTION: Tp2Mass
            -name in ljmet trees: Tprime2_ALGO_Mass
            -x-axis label is set to: ;M(T) [GeV])
            -using the binning as: [0.0, 60.0, 120.0, 180.0, 240.0, 300.0, 360.0, 420.0, 480.0, 540.0, 600.0, 660.0, 720.0, 780.0, 840.0, 900.0, 960.0, 1020.0, 1080.0, 1140.0, 1200.0, 1260.0, 1320.0, 1380.0, 1440.0, 1500.0, 1560.0, 1620.0, 1680.0, 1740.0, 1800.0, 1860.0, 1920.0, 1980.0, 2040.0, 2100.0, 2160.0, 2220.0, 2280.0, 2340.0, 2400.0, 2460.0, 2520.0, 2580.0, 2640.0, 2700.0, 2760.0, 2820.0, 2880.0, 2940.0, 3000.0]
/////////////////////////
PROCESSING:  TTM1700TZTH
/////////////////////////
plotTreeName: Tprime2_DeepAK8_Mass
Flavour: E #tag: isV_tHbW #algo: DeepAK8
Weights: 1 * 1 * 1 * pileupWeight * 1 * lepIdSF * EGammaGsfSF * 1 * (MCWeight_singleLepCalc/abs(MCWeight_singleLepCalc)) * 1.73388570503e-05
Cuts: (leptonPt_singleLepCalc > 50) && (corr_met_singleLepCalc > 55) && (AK4HT > 480) && (minDR_lepJet > 0.4 || ptRel_lepJet > 40) && (NJetsAK8_JetSubCalc > 2) && (minDR_leadAK8otherAK8 < 3.0) && DataPastTrigger == 1 && isElectron==1
****************************************************************************************************
****************************************************************************************************
DISTRIBUTION: Tp2Mass
            -name in ljmet trees: Tprime2_ALGO_Mass
            -x-axis label is set to: ;M(T) [GeV])
            -using the binning as: [0.0, 60.0, 120.0, 180.0, 240.0, 300.0, 360.0, 420.0, 480.0, 540.0, 600.0, 660.0, 720.0, 780.0, 840.0, 900.0, 960.0, 1020.0, 1080.0, 1140.0, 1200.0, 1260.0, 1320.0, 1380.0, 1440.0, 1500.0, 1560.0, 1620.0, 1680.0, 1740.0, 1800.0, 1860.0, 1920.0, 1980.0, 2040.0, 2100.0, 2160.0, 2220.0, 2280.0, 2340.0, 2400.0, 2460.0, 2520.0, 2580.0, 2640.0, 2700.0, 2760.0, 2820.0, 2880.0, 2940.0, 3000.0]
/////////////////////////
PROCESSING:  TTM1800BWBW
/////////////////////////
plotTreeName: Tprime2_DeepAK8_Mass
Flavour: E #tag: isV_tHbW #algo: DeepAK8
Weights: 1 * 1 * 1 * pileupWeight * 1 * lepIdSF * EGammaGsfSF * 1 * (MCWeight_singleLepCalc/abs(MCWeight_singleLepCalc)) * 3.89579688164e-05
Cuts: (leptonPt_singleLepCalc > 50) && (corr_met_singleLepCalc > 55) && (AK4HT > 480) && (minDR_lepJet > 0.4 || ptRel_lepJet > 40) && (NJetsAK8_JetSubCalc > 2) && (minDR_leadAK8otherAK8 < 3.0) && DataPastTrigger == 1 && isElectron==1
****************************************************************************************************
****************************************************************************************************
DISTRIBUTION: Tp2Mass
            -name in ljmet trees: Tprime2_ALGO_Mass
            -x-axis label is set to: ;M(T) [GeV])
            -using the binning as: [0.0, 60.0, 120.0, 180.0, 240.0, 300.0, 360.0, 420.0, 480.0, 540.0, 600.0, 660.0, 720.0, 780.0, 840.0, 900.0, 960.0, 1020.0, 1080.0, 1140.0, 1200.0, 1260.0, 1320.0, 1380.0, 1440.0, 1500.0, 1560.0, 1620.0, 1680.0, 1740.0, 1800.0, 1860.0, 1920.0, 1980.0, 2040.0, 2100.0, 2160.0, 2220.0, 2280.0, 2340.0, 2400.0, 2460.0, 2520.0, 2580.0, 2640.0, 2700.0, 2760.0, 2820.0, 2880.0, 2940.0, 3000.0]
/////////////////////////
PROCESSING:  TTM1800THTH
/////////////////////////
plotTreeName: Tprime2_DeepAK8_Mass
Flavour: E #tag: isV_tHbW #algo: DeepAK8
Weights: 1 * 1 * 1 * pileupWeight * 1 * lepIdSF * EGammaGsfSF * 1 * (MCWeight_singleLepCalc/abs(MCWeight_singleLepCalc)) * 9.7394922041e-06
Cuts: (leptonPt_singleLepCalc > 50) && (corr_met_singleLepCalc > 55) && (AK4HT > 480) && (minDR_lepJet > 0.4 || ptRel_lepJet > 40) && (NJetsAK8_JetSubCalc > 2) && (minDR_leadAK8otherAK8 < 3.0) && DataPastTrigger == 1 && isElectron==1
****************************************************************************************************
****************************************************************************************************
DISTRIBUTION: Tp2Mass
            -name in ljmet trees: Tprime2_ALGO_Mass
            -x-axis label is set to: ;M(T) [GeV])
            -using the binning as: [0.0, 60.0, 120.0, 180.0, 240.0, 300.0, 360.0, 420.0, 480.0, 540.0, 600.0, 660.0, 720.0, 780.0, 840.0, 900.0, 960.0, 1020.0, 1080.0, 1140.0, 1200.0, 1260.0, 1320.0, 1380.0, 1440.0, 1500.0, 1560.0, 1620.0, 1680.0, 1740.0, 1800.0, 1860.0, 1920.0, 1980.0, 2040.0, 2100.0, 2160.0, 2220.0, 2280.0, 2340.0, 2400.0, 2460.0, 2520.0, 2580.0, 2640.0, 2700.0, 2760.0, 2820.0, 2880.0, 2940.0, 3000.0]
/////////////////////////
PROCESSING:  TTM1800TZTZ
/////////////////////////
plotTreeName: Tprime2_DeepAK8_Mass
Flavour: E #tag: isV_tHbW #algo: DeepAK8
Weights: 1 * 1 * 1 * pileupWeight * 1 * lepIdSF * EGammaGsfSF * 1 * (MCWeight_singleLepCalc/abs(MCWeight_singleLepCalc)) * 9.7394922041e-06
Cuts: (leptonPt_singleLepCalc > 50) && (corr_met_singleLepCalc > 55) && (AK4HT > 480) && (minDR_lepJet > 0.4 || ptRel_lepJet > 40) && (NJetsAK8_JetSubCalc > 2) && (minDR_leadAK8otherAK8 < 3.0) && DataPastTrigger == 1 && isElectron==1
****************************************************************************************************
****************************************************************************************************
DISTRIBUTION: Tp2Mass
            -name in ljmet trees: Tprime2_ALGO_Mass
            -x-axis label is set to: ;M(T) [GeV])
            -using the binning as: [0.0, 60.0, 120.0, 180.0, 240.0, 300.0, 360.0, 420.0, 480.0, 540.0, 600.0, 660.0, 720.0, 780.0, 840.0, 900.0, 960.0, 1020.0, 1080.0, 1140.0, 1200.0, 1260.0, 1320.0, 1380.0, 1440.0, 1500.0, 1560.0, 1620.0, 1680.0, 1740.0, 1800.0, 1860.0, 1920.0, 1980.0, 2040.0, 2100.0, 2160.0, 2220.0, 2280.0, 2340.0, 2400.0, 2460.0, 2520.0, 2580.0, 2640.0, 2700.0, 2760.0, 2820.0, 2880.0, 2940.0, 3000.0]
/////////////////////////
PROCESSING:  TTM1800TZBW
/////////////////////////
plotTreeName: Tprime2_DeepAK8_Mass
Flavour: E #tag: isV_tHbW #algo: DeepAK8
Weights: 1 * 1 * 1 * pileupWeight * 1 * lepIdSF * EGammaGsfSF * 1 * (MCWeight_singleLepCalc/abs(MCWeight_singleLepCalc)) * 1.94789844082e-05
Cuts: (leptonPt_singleLepCalc > 50) && (corr_met_singleLepCalc > 55) && (AK4HT > 480) && (minDR_lepJet > 0.4 || ptRel_lepJet > 40) && (NJetsAK8_JetSubCalc > 2) && (minDR_leadAK8otherAK8 < 3.0) && DataPastTrigger == 1 && isElectron==1
****************************************************************************************************
****************************************************************************************************
DISTRIBUTION: Tp2Mass
            -name in ljmet trees: Tprime2_ALGO_Mass
            -x-axis label is set to: ;M(T) [GeV])
            -using the binning as: [0.0, 60.0, 120.0, 180.0, 240.0, 300.0, 360.0, 420.0, 480.0, 540.0, 600.0, 660.0, 720.0, 780.0, 840.0, 900.0, 960.0, 1020.0, 1080.0, 1140.0, 1200.0, 1260.0, 1320.0, 1380.0, 1440.0, 1500.0, 1560.0, 1620.0, 1680.0, 1740.0, 1800.0, 1860.0, 1920.0, 1980.0, 2040.0, 2100.0, 2160.0, 2220.0, 2280.0, 2340.0, 2400.0, 2460.0, 2520.0, 2580.0, 2640.0, 2700.0, 2760.0, 2820.0, 2880.0, 2940.0, 3000.0]
/////////////////////////
PROCESSING:  TTM1800THBW
/////////////////////////
plotTreeName: Tprime2_DeepAK8_Mass
Flavour: E #tag: isV_tHbW #algo: DeepAK8
Weights: 1 * 1 * 1 * pileupWeight * 1 * lepIdSF * EGammaGsfSF * 1 * (MCWeight_singleLepCalc/abs(MCWeight_singleLepCalc)) * 1.94789844082e-05
Cuts: (leptonPt_singleLepCalc > 50) && (corr_met_singleLepCalc > 55) && (AK4HT > 480) && (minDR_lepJet > 0.4 || ptRel_lepJet > 40) && (NJetsAK8_JetSubCalc > 2) && (minDR_leadAK8otherAK8 < 3.0) && DataPastTrigger == 1 && isElectron==1
****************************************************************************************************
****************************************************************************************************
DISTRIBUTION: Tp2Mass
            -name in ljmet trees: Tprime2_ALGO_Mass
            -x-axis label is set to: ;M(T) [GeV])
            -using the binning as: [0.0, 60.0, 120.0, 180.0, 240.0, 300.0, 360.0, 420.0, 480.0, 540.0, 600.0, 660.0, 720.0, 780.0, 840.0, 900.0, 960.0, 1020.0, 1080.0, 1140.0, 1200.0, 1260.0, 1320.0, 1380.0, 1440.0, 1500.0, 1560.0, 1620.0, 1680.0, 1740.0, 1800.0, 1860.0, 1920.0, 1980.0, 2040.0, 2100.0, 2160.0, 2220.0, 2280.0, 2340.0, 2400.0, 2460.0, 2520.0, 2580.0, 2640.0, 2700.0, 2760.0, 2820.0, 2880.0, 2940.0, 3000.0]
/////////////////////////
PROCESSING:  TTM1800TZTH
/////////////////////////
plotTreeName: Tprime2_DeepAK8_Mass
Flavour: E #tag: isV_tHbW #algo: DeepAK8
Weights: 1 * 1 * 1 * pileupWeight * 1 * lepIdSF * EGammaGsfSF * 1 * (MCWeight_singleLepCalc/abs(MCWeight_singleLepCalc)) * 9.7394922041e-06
Cuts: (leptonPt_singleLepCalc > 50) && (corr_met_singleLepCalc > 55) && (AK4HT > 480) && (minDR_lepJet > 0.4 || ptRel_lepJet > 40) && (NJetsAK8_JetSubCalc > 2) && (minDR_leadAK8otherAK8 < 3.0) && DataPastTrigger == 1 && isElectron==1
****************************************************************************************************
****************************************************************************************************
DISTRIBUTION: Tp2Mass
            -name in ljmet trees: Tprime2_ALGO_Mass
            -x-axis label is set to: ;M(T) [GeV])
            -using the binning as: [0.0, 60.0, 120.0, 180.0, 240.0, 300.0, 360.0, 420.0, 480.0, 540.0, 600.0, 660.0, 720.0, 780.0, 840.0, 900.0, 960.0, 1020.0, 1080.0, 1140.0, 1200.0, 1260.0, 1320.0, 1380.0, 1440.0, 1500.0, 1560.0, 1620.0, 1680.0, 1740.0, 1800.0, 1860.0, 1920.0, 1980.0, 2040.0, 2100.0, 2160.0, 2220.0, 2280.0, 2340.0, 2400.0, 2460.0, 2520.0, 2580.0, 2640.0, 2700.0, 2760.0, 2820.0, 2880.0, 2940.0, 3000.0]
/////////////////////////
PROCESSING:  WJetsMG400
/////////////////////////
plotTreeName: Tprime2_DeepAK8_decorr_Mass
Flavour: E #tag: isV_tHbW #algo: DeepAK8_decorr
Weights: 1 * HTSF_Pol * 1 * pileupWeight * 1 * lepIdSF * EGammaGsfSF * 1 * (MCWeight_singleLepCalc/abs(MCWeight_singleLepCalc)) * 0.280770227538
Cuts: (leptonPt_singleLepCalc > 50) && (corr_met_singleLepCalc > 55) && (AK4HT > 480) && (minDR_lepJet > 0.4 || ptRel_lepJet > 40) && (NJetsAK8_JetSubCalc > 2) && (minDR_leadAK8otherAK8 < 3.0) && DataPastTrigger == 1 && isElectron==1
****************************************************************************************************
****************************************************************************************************
DISTRIBUTION: Tp2Mass
            -name in ljmet trees: Tprime2_ALGO_Mass
            -x-axis label is set to: ;M(T) [GeV])
            -using the binning as: [0.0, 60.0, 120.0, 180.0, 240.0, 300.0, 360.0, 420.0, 480.0, 540.0, 600.0, 660.0, 720.0, 780.0, 840.0, 900.0, 960.0, 1020.0, 1080.0, 1140.0, 1200.0, 1260.0, 1320.0, 1380.0, 1440.0, 1500.0, 1560.0, 1620.0, 1680.0, 1740.0, 1800.0, 1860.0, 1920.0, 1980.0, 2040.0, 2100.0, 2160.0, 2220.0, 2280.0, 2340.0, 2400.0, 2460.0, 2520.0, 2580.0, 2640.0, 2700.0, 2760.0, 2820.0, 2880.0, 2940.0, 3000.0]
/////////////////////////
PROCESSING:  WJetsMG600
/////////////////////////
plotTreeName: Tprime2_DeepAK8_decorr_Mass
Flavour: E #tag: isV_tHbW #algo: DeepAK8_decorr
Weights: 1 * HTSF_Pol * 1 * pileupWeight * 1 * lepIdSF * EGammaGsfSF * 1 * (MCWeight_singleLepCalc/abs(MCWeight_singleLepCalc)) * 0.0287233231554
Cuts: (leptonPt_singleLepCalc > 50) && (corr_met_singleLepCalc > 55) && (AK4HT > 480) && (minDR_lepJet > 0.4 || ptRel_lepJet > 40) && (NJetsAK8_JetSubCalc > 2) && (minDR_leadAK8otherAK8 < 3.0) && DataPastTrigger == 1 && isElectron==1
****************************************************************************************************
****************************************************************************************************
DISTRIBUTION: Tp2Mass
            -name in ljmet trees: Tprime2_ALGO_Mass
            -x-axis label is set to: ;M(T) [GeV])
            -using the binning as: [0.0, 60.0, 120.0, 180.0, 240.0, 300.0, 360.0, 420.0, 480.0, 540.0, 600.0, 660.0, 720.0, 780.0, 840.0, 900.0, 960.0, 1020.0, 1080.0, 1140.0, 1200.0, 1260.0, 1320.0, 1380.0, 1440.0, 1500.0, 1560.0, 1620.0, 1680.0, 1740.0, 1800.0, 1860.0, 1920.0, 1980.0, 2040.0, 2100.0, 2160.0, 2220.0, 2280.0, 2340.0, 2400.0, 2460.0, 2520.0, 2580.0, 2640.0, 2700.0, 2760.0, 2820.0, 2880.0, 2940.0, 3000.0]
/////////////////////////
PROCESSING:  WJetsMG800
/////////////////////////
plotTreeName: Tprime2_DeepAK8_decorr_Mass
Flavour: E #tag: isV_tHbW #algo: DeepAK8_decorr
Weights: 1 * HTSF_Pol * 1 * pileupWeight * 1 * lepIdSF * EGammaGsfSF * 1 * (MCWeight_singleLepCalc/abs(MCWeight_singleLepCalc)) * 0.0316367902594
Cuts: (leptonPt_singleLepCalc > 50) && (corr_met_singleLepCalc > 55) && (AK4HT > 480) && (minDR_lepJet > 0.4 || ptRel_lepJet > 40) && (NJetsAK8_JetSubCalc > 2) && (minDR_leadAK8otherAK8 < 3.0) && DataPastTrigger == 1 && isElectron==1
****************************************************************************************************
****************************************************************************************************
DISTRIBUTION: Tp2Mass
            -name in ljmet trees: Tprime2_ALGO_Mass
            -x-axis label is set to: ;M(T) [GeV])
            -using the binning as: [0.0, 60.0, 120.0, 180.0, 240.0, 300.0, 360.0, 420.0, 480.0, 540.0, 600.0, 660.0, 720.0, 780.0, 840.0, 900.0, 960.0, 1020.0, 1080.0, 1140.0, 1200.0, 1260.0, 1320.0, 1380.0, 1440.0, 1500.0, 1560.0, 1620.0, 1680.0, 1740.0, 1800.0, 1860.0, 1920.0, 1980.0, 2040.0, 2100.0, 2160.0, 2220.0, 2280.0, 2340.0, 2400.0, 2460.0, 2520.0, 2580.0, 2640.0, 2700.0, 2760.0, 2820.0, 2880.0, 2940.0, 3000.0]
/////////////////////////
PROCESSING:  WJetsMG1200
/////////////////////////
plotTreeName: Tprime2_DeepAK8_decorr_Mass
Flavour: E #tag: isV_tHbW #algo: DeepAK8_decorr
Weights: 1 * HTSF_Pol * 1 * pileupWeight * 1 * lepIdSF * EGammaGsfSF * 1 * (MCWeight_singleLepCalc/abs(MCWeight_singleLepCalc)) * 0.00861414819858
Cuts: (leptonPt_singleLepCalc > 50) && (corr_met_singleLepCalc > 55) && (AK4HT > 480) && (minDR_lepJet > 0.4 || ptRel_lepJet > 40) && (NJetsAK8_JetSubCalc > 2) && (minDR_leadAK8otherAK8 < 3.0) && DataPastTrigger == 1 && isElectron==1
****************************************************************************************************
****************************************************************************************************
DISTRIBUTION: Tp2Mass
            -name in ljmet trees: Tprime2_ALGO_Mass
            -x-axis label is set to: ;M(T) [GeV])
            -using the binning as: [0.0, 60.0, 120.0, 180.0, 240.0, 300.0, 360.0, 420.0, 480.0, 540.0, 600.0, 660.0, 720.0, 780.0, 840.0, 900.0, 960.0, 1020.0, 1080.0, 1140.0, 1200.0, 1260.0, 1320.0, 1380.0, 1440.0, 1500.0, 1560.0, 1620.0, 1680.0, 1740.0, 1800.0, 1860.0, 1920.0, 1980.0, 2040.0, 2100.0, 2160.0, 2220.0, 2280.0, 2340.0, 2400.0, 2460.0, 2520.0, 2580.0, 2640.0, 2700.0, 2760.0, 2820.0, 2880.0, 2940.0, 3000.0]
/////////////////////////
PROCESSING:  WJetsMG2500
/////////////////////////
plotTreeName: Tprime2_DeepAK8_decorr_Mass
Flavour: E #tag: isV_tHbW #algo: DeepAK8_decorr
Weights: 1 * HTSF_Pol * 1 * pileupWeight * 1 * lepIdSF * EGammaGsfSF * 1 * (MCWeight_singleLepCalc/abs(MCWeight_singleLepCalc)) * 0.00054308661217
Cuts: (leptonPt_singleLepCalc > 50) && (corr_met_singleLepCalc > 55) && (AK4HT > 480) && (minDR_lepJet > 0.4 || ptRel_lepJet > 40) && (NJetsAK8_JetSubCalc > 2) && (minDR_leadAK8otherAK8 < 3.0) && DataPastTrigger == 1 && isElectron==1
****************************************************************************************************
****************************************************************************************************
DISTRIBUTION: Tp2Mass
            -name in ljmet trees: Tprime2_ALGO_Mass
            -x-axis label is set to: ;M(T) [GeV])
            -using the binning as: [0.0, 60.0, 120.0, 180.0, 240.0, 300.0, 360.0, 420.0, 480.0, 540.0, 600.0, 660.0, 720.0, 780.0, 840.0, 900.0, 960.0, 1020.0, 1080.0, 1140.0, 1200.0, 1260.0, 1320.0, 1380.0, 1440.0, 1500.0, 1560.0, 1620.0, 1680.0, 1740.0, 1800.0, 1860.0, 1920.0, 1980.0, 2040.0, 2100.0, 2160.0, 2220.0, 2280.0, 2340.0, 2400.0, 2460.0, 2520.0, 2580.0, 2640.0, 2700.0, 2760.0, 2820.0, 2880.0, 2940.0, 3000.0]
/////////////////////////
PROCESSING:  TTM1100BWBW
/////////////////////////
plotTreeName: Tprime2_DeepAK8_decorr_Mass
Flavour: E #tag: isV_tHbW #algo: DeepAK8_decorr
Weights: 1 * 1 * 1 * pileupWeight * 1 * lepIdSF * EGammaGsfSF * 1 * (MCWeight_singleLepCalc/abs(MCWeight_singleLepCalc)) * 0.00223239916536
Cuts: (leptonPt_singleLepCalc > 50) && (corr_met_singleLepCalc > 55) && (AK4HT > 480) && (minDR_lepJet > 0.4 || ptRel_lepJet > 40) && (NJetsAK8_JetSubCalc > 2) && (minDR_leadAK8otherAK8 < 3.0) && DataPastTrigger == 1 && isElectron==1
****************************************************************************************************
****************************************************************************************************
DISTRIBUTION: Tp2Mass
            -name in ljmet trees: Tprime2_ALGO_Mass
            -x-axis label is set to: ;M(T) [GeV])
            -using the binning as: [0.0, 60.0, 120.0, 180.0, 240.0, 300.0, 360.0, 420.0, 480.0, 540.0, 600.0, 660.0, 720.0, 780.0, 840.0, 900.0, 960.0, 1020.0, 1080.0, 1140.0, 1200.0, 1260.0, 1320.0, 1380.0, 1440.0, 1500.0, 1560.0, 1620.0, 1680.0, 1740.0, 1800.0, 1860.0, 1920.0, 1980.0, 2040.0, 2100.0, 2160.0, 2220.0, 2280.0, 2340.0, 2400.0, 2460.0, 2520.0, 2580.0, 2640.0, 2700.0, 2760.0, 2820.0, 2880.0, 2940.0, 3000.0]
/////////////////////////
PROCESSING:  TTM1100THTH
/////////////////////////
plotTreeName: Tprime2_DeepAK8_decorr_Mass
Flavour: E #tag: isV_tHbW #algo: DeepAK8_decorr
Weights: 1 * 1 * 1 * pileupWeight * 1 * lepIdSF * EGammaGsfSF * 1 * (MCWeight_singleLepCalc/abs(MCWeight_singleLepCalc)) * 0.000558099791339
Cuts: (leptonPt_singleLepCalc > 50) && (corr_met_singleLepCalc > 55) && (AK4HT > 480) && (minDR_lepJet > 0.4 || ptRel_lepJet > 40) && (NJetsAK8_JetSubCalc > 2) && (minDR_leadAK8otherAK8 < 3.0) && DataPastTrigger == 1 && isElectron==1
****************************************************************************************************
****************************************************************************************************
DISTRIBUTION: Tp2Mass
            -name in ljmet trees: Tprime2_ALGO_Mass
            -x-axis label is set to: ;M(T) [GeV])
            -using the binning as: [0.0, 60.0, 120.0, 180.0, 240.0, 300.0, 360.0, 420.0, 480.0, 540.0, 600.0, 660.0, 720.0, 780.0, 840.0, 900.0, 960.0, 1020.0, 1080.0, 1140.0, 1200.0, 1260.0, 1320.0, 1380.0, 1440.0, 1500.0, 1560.0, 1620.0, 1680.0, 1740.0, 1800.0, 1860.0, 1920.0, 1980.0, 2040.0, 2100.0, 2160.0, 2220.0, 2280.0, 2340.0, 2400.0, 2460.0, 2520.0, 2580.0, 2640.0, 2700.0, 2760.0, 2820.0, 2880.0, 2940.0, 3000.0]
/////////////////////////
PROCESSING:  TTM1100TZTZ
/////////////////////////
plotTreeName: Tprime2_DeepAK8_decorr_Mass
Flavour: E #tag: isV_tHbW #algo: DeepAK8_decorr
Weights: 1 * 1 * 1 * pileupWeight * 1 * lepIdSF * EGammaGsfSF * 1 * (MCWeight_singleLepCalc/abs(MCWeight_singleLepCalc)) * 0.000558099791339
Cuts: (leptonPt_singleLepCalc > 50) && (corr_met_singleLepCalc > 55) && (AK4HT > 480) && (minDR_lepJet > 0.4 || ptRel_lepJet > 40) && (NJetsAK8_JetSubCalc > 2) && (minDR_leadAK8otherAK8 < 3.0) && DataPastTrigger == 1 && isElectron==1
****************************************************************************************************
****************************************************************************************************
DISTRIBUTION: Tp2Mass
            -name in ljmet trees: Tprime2_ALGO_Mass
            -x-axis label is set to: ;M(T) [GeV])
            -using the binning as: [0.0, 60.0, 120.0, 180.0, 240.0, 300.0, 360.0, 420.0, 480.0, 540.0, 600.0, 660.0, 720.0, 780.0, 840.0, 900.0, 960.0, 1020.0, 1080.0, 1140.0, 1200.0, 1260.0, 1320.0, 1380.0, 1440.0, 1500.0, 1560.0, 1620.0, 1680.0, 1740.0, 1800.0, 1860.0, 1920.0, 1980.0, 2040.0, 2100.0, 2160.0, 2220.0, 2280.0, 2340.0, 2400.0, 2460.0, 2520.0, 2580.0, 2640.0, 2700.0, 2760.0, 2820.0, 2880.0, 2940.0, 3000.0]
/////////////////////////
PROCESSING:  TTM1100TZBW
/////////////////////////
plotTreeName: Tprime2_DeepAK8_decorr_Mass
Flavour: E #tag: isV_tHbW #algo: DeepAK8_decorr
Weights: 1 * 1 * 1 * pileupWeight * 1 * lepIdSF * EGammaGsfSF * 1 * (MCWeight_singleLepCalc/abs(MCWeight_singleLepCalc)) * 0.00111619958268
Cuts: (leptonPt_singleLepCalc > 50) && (corr_met_singleLepCalc > 55) && (AK4HT > 480) && (minDR_lepJet > 0.4 || ptRel_lepJet > 40) && (NJetsAK8_JetSubCalc > 2) && (minDR_leadAK8otherAK8 < 3.0) && DataPastTrigger == 1 && isElectron==1
****************************************************************************************************
****************************************************************************************************
DISTRIBUTION: Tp2Mass
            -name in ljmet trees: Tprime2_ALGO_Mass
            -x-axis label is set to: ;M(T) [GeV])
            -using the binning as: [0.0, 60.0, 120.0, 180.0, 240.0, 300.0, 360.0, 420.0, 480.0, 540.0, 600.0, 660.0, 720.0, 780.0, 840.0, 900.0, 960.0, 1020.0, 1080.0, 1140.0, 1200.0, 1260.0, 1320.0, 1380.0, 1440.0, 1500.0, 1560.0, 1620.0, 1680.0, 1740.0, 1800.0, 1860.0, 1920.0, 1980.0, 2040.0, 2100.0, 2160.0, 2220.0, 2280.0, 2340.0, 2400.0, 2460.0, 2520.0, 2580.0, 2640.0, 2700.0, 2760.0, 2820.0, 2880.0, 2940.0, 3000.0]
/////////////////////////
PROCESSING:  TTM1100THBW
/////////////////////////
plotTreeName: Tprime2_DeepAK8_decorr_Mass
Flavour: E #tag: isV_tHbW #algo: DeepAK8_decorr
Weights: 1 * 1 * 1 * pileupWeight * 1 * lepIdSF * EGammaGsfSF * 1 * (MCWeight_singleLepCalc/abs(MCWeight_singleLepCalc)) * 0.00111619958268
Cuts: (leptonPt_singleLepCalc > 50) && (corr_met_singleLepCalc > 55) && (AK4HT > 480) && (minDR_lepJet > 0.4 || ptRel_lepJet > 40) && (NJetsAK8_JetSubCalc > 2) && (minDR_leadAK8otherAK8 < 3.0) && DataPastTrigger == 1 && isElectron==1
****************************************************************************************************
****************************************************************************************************
DISTRIBUTION: Tp2Mass
            -name in ljmet trees: Tprime2_ALGO_Mass
            -x-axis label is set to: ;M(T) [GeV])
            -using the binning as: [0.0, 60.0, 120.0, 180.0, 240.0, 300.0, 360.0, 420.0, 480.0, 540.0, 600.0, 660.0, 720.0, 780.0, 840.0, 900.0, 960.0, 1020.0, 1080.0, 1140.0, 1200.0, 1260.0, 1320.0, 1380.0, 1440.0, 1500.0, 1560.0, 1620.0, 1680.0, 1740.0, 1800.0, 1860.0, 1920.0, 1980.0, 2040.0, 2100.0, 2160.0, 2220.0, 2280.0, 2340.0, 2400.0, 2460.0, 2520.0, 2580.0, 2640.0, 2700.0, 2760.0, 2820.0, 2880.0, 2940.0, 3000.0]
/////////////////////////
PROCESSING:  TTM1100TZTH
/////////////////////////
plotTreeName: Tprime2_DeepAK8_decorr_Mass
Flavour: E #tag: isV_tHbW #algo: DeepAK8_decorr
Weights: 1 * 1 * 1 * pileupWeight * 1 * lepIdSF * EGammaGsfSF * 1 * (MCWeight_singleLepCalc/abs(MCWeight_singleLepCalc)) * 0.000558099791339
Cuts: (leptonPt_singleLepCalc > 50) && (corr_met_singleLepCalc > 55) && (AK4HT > 480) && (minDR_lepJet > 0.4 || ptRel_lepJet > 40) && (NJetsAK8_JetSubCalc > 2) && (minDR_leadAK8otherAK8 < 3.0) && DataPastTrigger == 1 && isElectron==1
****************************************************************************************************
****************************************************************************************************
DISTRIBUTION: Tp2Mass
            -name in ljmet trees: Tprime2_ALGO_Mass
            -x-axis label is set to: ;M(T) [GeV])
            -using the binning as: [0.0, 60.0, 120.0, 180.0, 240.0, 300.0, 360.0, 420.0, 480.0, 540.0, 600.0, 660.0, 720.0, 780.0, 840.0, 900.0, 960.0, 1020.0, 1080.0, 1140.0, 1200.0, 1260.0, 1320.0, 1380.0, 1440.0, 1500.0, 1560.0, 1620.0, 1680.0, 1740.0, 1800.0, 1860.0, 1920.0, 1980.0, 2040.0, 2100.0, 2160.0, 2220.0, 2280.0, 2340.0, 2400.0, 2460.0, 2520.0, 2580.0, 2640.0, 2700.0, 2760.0, 2820.0, 2880.0, 2940.0, 3000.0]
/////////////////////////
PROCESSING:  TTM1200BWBW
/////////////////////////
plotTreeName: Tprime2_DeepAK8_decorr_Mass
Flavour: E #tag: isV_tHbW #algo: DeepAK8_decorr
Weights: 1 * 1 * 1 * pileupWeight * 1 * lepIdSF * EGammaGsfSF * 1 * (MCWeight_singleLepCalc/abs(MCWeight_singleLepCalc)) * 0.00117627847652
Cuts: (leptonPt_singleLepCalc > 50) && (corr_met_singleLepCalc > 55) && (AK4HT > 480) && (minDR_lepJet > 0.4 || ptRel_lepJet > 40) && (NJetsAK8_JetSubCalc > 2) && (minDR_leadAK8otherAK8 < 3.0) && DataPastTrigger == 1 && isElectron==1
****************************************************************************************************
****************************************************************************************************
DISTRIBUTION: Tp2Mass
            -name in ljmet trees: Tprime2_ALGO_Mass
            -x-axis label is set to: ;M(T) [GeV])
            -using the binning as: [0.0, 60.0, 120.0, 180.0, 240.0, 300.0, 360.0, 420.0, 480.0, 540.0, 600.0, 660.0, 720.0, 780.0, 840.0, 900.0, 960.0, 1020.0, 1080.0, 1140.0, 1200.0, 1260.0, 1320.0, 1380.0, 1440.0, 1500.0, 1560.0, 1620.0, 1680.0, 1740.0, 1800.0, 1860.0, 1920.0, 1980.0, 2040.0, 2100.0, 2160.0, 2220.0, 2280.0, 2340.0, 2400.0, 2460.0, 2520.0, 2580.0, 2640.0, 2700.0, 2760.0, 2820.0, 2880.0, 2940.0, 3000.0]
/////////////////////////
PROCESSING:  TTM1200THTH
/////////////////////////
plotTreeName: Tprime2_DeepAK8_decorr_Mass
Flavour: E #tag: isV_tHbW #algo: DeepAK8_decorr
Weights: 1 * 1 * 1 * pileupWeight * 1 * lepIdSF * EGammaGsfSF * 1 * (MCWeight_singleLepCalc/abs(MCWeight_singleLepCalc)) * 0.00029406961913
Cuts: (leptonPt_singleLepCalc > 50) && (corr_met_singleLepCalc > 55) && (AK4HT > 480) && (minDR_lepJet > 0.4 || ptRel_lepJet > 40) && (NJetsAK8_JetSubCalc > 2) && (minDR_leadAK8otherAK8 < 3.0) && DataPastTrigger == 1 && isElectron==1
****************************************************************************************************
****************************************************************************************************
DISTRIBUTION: Tp2Mass
            -name in ljmet trees: Tprime2_ALGO_Mass
            -x-axis label is set to: ;M(T) [GeV])
            -using the binning as: [0.0, 60.0, 120.0, 180.0, 240.0, 300.0, 360.0, 420.0, 480.0, 540.0, 600.0, 660.0, 720.0, 780.0, 840.0, 900.0, 960.0, 1020.0, 1080.0, 1140.0, 1200.0, 1260.0, 1320.0, 1380.0, 1440.0, 1500.0, 1560.0, 1620.0, 1680.0, 1740.0, 1800.0, 1860.0, 1920.0, 1980.0, 2040.0, 2100.0, 2160.0, 2220.0, 2280.0, 2340.0, 2400.0, 2460.0, 2520.0, 2580.0, 2640.0, 2700.0, 2760.0, 2820.0, 2880.0, 2940.0, 3000.0]
/////////////////////////
PROCESSING:  TTM1200TZTZ
/////////////////////////
plotTreeName: Tprime2_DeepAK8_decorr_Mass
Flavour: E #tag: isV_tHbW #algo: DeepAK8_decorr
Weights: 1 * 1 * 1 * pileupWeight * 1 * lepIdSF * EGammaGsfSF * 1 * (MCWeight_singleLepCalc/abs(MCWeight_singleLepCalc)) * 0.00029406961913
Cuts: (leptonPt_singleLepCalc > 50) && (corr_met_singleLepCalc > 55) && (AK4HT > 480) && (minDR_lepJet > 0.4 || ptRel_lepJet > 40) && (NJetsAK8_JetSubCalc > 2) && (minDR_leadAK8otherAK8 < 3.0) && DataPastTrigger == 1 && isElectron==1
****************************************************************************************************
****************************************************************************************************
DISTRIBUTION: Tp2Mass
            -name in ljmet trees: Tprime2_ALGO_Mass
            -x-axis label is set to: ;M(T) [GeV])
            -using the binning as: [0.0, 60.0, 120.0, 180.0, 240.0, 300.0, 360.0, 420.0, 480.0, 540.0, 600.0, 660.0, 720.0, 780.0, 840.0, 900.0, 960.0, 1020.0, 1080.0, 1140.0, 1200.0, 1260.0, 1320.0, 1380.0, 1440.0, 1500.0, 1560.0, 1620.0, 1680.0, 1740.0, 1800.0, 1860.0, 1920.0, 1980.0, 2040.0, 2100.0, 2160.0, 2220.0, 2280.0, 2340.0, 2400.0, 2460.0, 2520.0, 2580.0, 2640.0, 2700.0, 2760.0, 2820.0, 2880.0, 2940.0, 3000.0]
/////////////////////////
PROCESSING:  TTM1200TZBW
/////////////////////////
plotTreeName: Tprime2_DeepAK8_decorr_Mass
Flavour: E #tag: isV_tHbW #algo: DeepAK8_decorr
Weights: 1 * 1 * 1 * pileupWeight * 1 * lepIdSF * EGammaGsfSF * 1 * (MCWeight_singleLepCalc/abs(MCWeight_singleLepCalc)) * 0.000588139238259
Cuts: (leptonPt_singleLepCalc > 50) && (corr_met_singleLepCalc > 55) && (AK4HT > 480) && (minDR_lepJet > 0.4 || ptRel_lepJet > 40) && (NJetsAK8_JetSubCalc > 2) && (minDR_leadAK8otherAK8 < 3.0) && DataPastTrigger == 1 && isElectron==1
****************************************************************************************************
****************************************************************************************************
DISTRIBUTION: Tp2Mass
            -name in ljmet trees: Tprime2_ALGO_Mass
            -x-axis label is set to: ;M(T) [GeV])
            -using the binning as: [0.0, 60.0, 120.0, 180.0, 240.0, 300.0, 360.0, 420.0, 480.0, 540.0, 600.0, 660.0, 720.0, 780.0, 840.0, 900.0, 960.0, 1020.0, 1080.0, 1140.0, 1200.0, 1260.0, 1320.0, 1380.0, 1440.0, 1500.0, 1560.0, 1620.0, 1680.0, 1740.0, 1800.0, 1860.0, 1920.0, 1980.0, 2040.0, 2100.0, 2160.0, 2220.0, 2280.0, 2340.0, 2400.0, 2460.0, 2520.0, 2580.0, 2640.0, 2700.0, 2760.0, 2820.0, 2880.0, 2940.0, 3000.0]
/////////////////////////
PROCESSING:  TTM1200THBW
/////////////////////////
plotTreeName: Tprime2_DeepAK8_decorr_Mass
Flavour: E #tag: isV_tHbW #algo: DeepAK8_decorr
Weights: 1 * 1 * 1 * pileupWeight * 1 * lepIdSF * EGammaGsfSF * 1 * (MCWeight_singleLepCalc/abs(MCWeight_singleLepCalc)) * 0.000588139238259
Cuts: (leptonPt_singleLepCalc > 50) && (corr_met_singleLepCalc > 55) && (AK4HT > 480) && (minDR_lepJet > 0.4 || ptRel_lepJet > 40) && (NJetsAK8_JetSubCalc > 2) && (minDR_leadAK8otherAK8 < 3.0) && DataPastTrigger == 1 && isElectron==1
****************************************************************************************************
****************************************************************************************************
DISTRIBUTION: Tp2Mass
            -name in ljmet trees: Tprime2_ALGO_Mass
            -x-axis label is set to: ;M(T) [GeV])
            -using the binning as: [0.0, 60.0, 120.0, 180.0, 240.0, 300.0, 360.0, 420.0, 480.0, 540.0, 600.0, 660.0, 720.0, 780.0, 840.0, 900.0, 960.0, 1020.0, 1080.0, 1140.0, 1200.0, 1260.0, 1320.0, 1380.0, 1440.0, 1500.0, 1560.0, 1620.0, 1680.0, 1740.0, 1800.0, 1860.0, 1920.0, 1980.0, 2040.0, 2100.0, 2160.0, 2220.0, 2280.0, 2340.0, 2400.0, 2460.0, 2520.0, 2580.0, 2640.0, 2700.0, 2760.0, 2820.0, 2880.0, 2940.0, 3000.0]
/////////////////////////
PROCESSING:  TTM1200TZTH
/////////////////////////
plotTreeName: Tprime2_DeepAK8_decorr_Mass
Flavour: E #tag: isV_tHbW #algo: DeepAK8_decorr
Weights: 1 * 1 * 1 * pileupWeight * 1 * lepIdSF * EGammaGsfSF * 1 * (MCWeight_singleLepCalc/abs(MCWeight_singleLepCalc)) * 0.00029406961913
Cuts: (leptonPt_singleLepCalc > 50) && (corr_met_singleLepCalc > 55) && (AK4HT > 480) && (minDR_lepJet > 0.4 || ptRel_lepJet > 40) && (NJetsAK8_JetSubCalc > 2) && (minDR_leadAK8otherAK8 < 3.0) && DataPastTrigger == 1 && isElectron==1
****************************************************************************************************
****************************************************************************************************
DISTRIBUTION: Tp2Mass
            -name in ljmet trees: Tprime2_ALGO_Mass
            -x-axis label is set to: ;M(T) [GeV])
            -using the binning as: [0.0, 60.0, 120.0, 180.0, 240.0, 300.0, 360.0, 420.0, 480.0, 540.0, 600.0, 660.0, 720.0, 780.0, 840.0, 900.0, 960.0, 1020.0, 1080.0, 1140.0, 1200.0, 1260.0, 1320.0, 1380.0, 1440.0, 1500.0, 1560.0, 1620.0, 1680.0, 1740.0, 1800.0, 1860.0, 1920.0, 1980.0, 2040.0, 2100.0, 2160.0, 2220.0, 2280.0, 2340.0, 2400.0, 2460.0, 2520.0, 2580.0, 2640.0, 2700.0, 2760.0, 2820.0, 2880.0, 2940.0, 3000.0]
/////////////////////////
PROCESSING:  TTM1300BWBW
/////////////////////////
plotTreeName: Tprime2_DeepAK8_decorr_Mass
Flavour: E #tag: isV_tHbW #algo: DeepAK8_decorr
Weights: 1 * 1 * 1 * pileupWeight * 1 * lepIdSF * EGammaGsfSF * 1 * (MCWeight_singleLepCalc/abs(MCWeight_singleLepCalc)) * 0.00063821114509
Cuts: (leptonPt_singleLepCalc > 50) && (corr_met_singleLepCalc > 55) && (AK4HT > 480) && (minDR_lepJet > 0.4 || ptRel_lepJet > 40) && (NJetsAK8_JetSubCalc > 2) && (minDR_leadAK8otherAK8 < 3.0) && DataPastTrigger == 1 && isElectron==1
****************************************************************************************************
****************************************************************************************************
DISTRIBUTION: Tp2Mass
            -name in ljmet trees: Tprime2_ALGO_Mass
            -x-axis label is set to: ;M(T) [GeV])
            -using the binning as: [0.0, 60.0, 120.0, 180.0, 240.0, 300.0, 360.0, 420.0, 480.0, 540.0, 600.0, 660.0, 720.0, 780.0, 840.0, 900.0, 960.0, 1020.0, 1080.0, 1140.0, 1200.0, 1260.0, 1320.0, 1380.0, 1440.0, 1500.0, 1560.0, 1620.0, 1680.0, 1740.0, 1800.0, 1860.0, 1920.0, 1980.0, 2040.0, 2100.0, 2160.0, 2220.0, 2280.0, 2340.0, 2400.0, 2460.0, 2520.0, 2580.0, 2640.0, 2700.0, 2760.0, 2820.0, 2880.0, 2940.0, 3000.0]
/////////////////////////
PROCESSING:  TTM1300THTH
/////////////////////////
plotTreeName: Tprime2_DeepAK8_decorr_Mass
Flavour: E #tag: isV_tHbW #algo: DeepAK8_decorr
Weights: 1 * 1 * 1 * pileupWeight * 1 * lepIdSF * EGammaGsfSF * 1 * (MCWeight_singleLepCalc/abs(MCWeight_singleLepCalc)) * 0.000159552786272
Cuts: (leptonPt_singleLepCalc > 50) && (corr_met_singleLepCalc > 55) && (AK4HT > 480) && (minDR_lepJet > 0.4 || ptRel_lepJet > 40) && (NJetsAK8_JetSubCalc > 2) && (minDR_leadAK8otherAK8 < 3.0) && DataPastTrigger == 1 && isElectron==1
****************************************************************************************************
****************************************************************************************************
DISTRIBUTION: Tp2Mass
            -name in ljmet trees: Tprime2_ALGO_Mass
            -x-axis label is set to: ;M(T) [GeV])
            -using the binning as: [0.0, 60.0, 120.0, 180.0, 240.0, 300.0, 360.0, 420.0, 480.0, 540.0, 600.0, 660.0, 720.0, 780.0, 840.0, 900.0, 960.0, 1020.0, 1080.0, 1140.0, 1200.0, 1260.0, 1320.0, 1380.0, 1440.0, 1500.0, 1560.0, 1620.0, 1680.0, 1740.0, 1800.0, 1860.0, 1920.0, 1980.0, 2040.0, 2100.0, 2160.0, 2220.0, 2280.0, 2340.0, 2400.0, 2460.0, 2520.0, 2580.0, 2640.0, 2700.0, 2760.0, 2820.0, 2880.0, 2940.0, 3000.0]
/////////////////////////
PROCESSING:  TTM1300TZTZ
/////////////////////////
plotTreeName: Tprime2_DeepAK8_decorr_Mass
Flavour: E #tag: isV_tHbW #algo: DeepAK8_decorr
Weights: 1 * 1 * 1 * pileupWeight * 1 * lepIdSF * EGammaGsfSF * 1 * (MCWeight_singleLepCalc/abs(MCWeight_singleLepCalc)) * 0.000159552786272
Cuts: (leptonPt_singleLepCalc > 50) && (corr_met_singleLepCalc > 55) && (AK4HT > 480) && (minDR_lepJet > 0.4 || ptRel_lepJet > 40) && (NJetsAK8_JetSubCalc > 2) && (minDR_leadAK8otherAK8 < 3.0) && DataPastTrigger == 1 && isElectron==1
****************************************************************************************************
****************************************************************************************************
DISTRIBUTION: Tp2Mass
            -name in ljmet trees: Tprime2_ALGO_Mass
            -x-axis label is set to: ;M(T) [GeV])
            -using the binning as: [0.0, 60.0, 120.0, 180.0, 240.0, 300.0, 360.0, 420.0, 480.0, 540.0, 600.0, 660.0, 720.0, 780.0, 840.0, 900.0, 960.0, 1020.0, 1080.0, 1140.0, 1200.0, 1260.0, 1320.0, 1380.0, 1440.0, 1500.0, 1560.0, 1620.0, 1680.0, 1740.0, 1800.0, 1860.0, 1920.0, 1980.0, 2040.0, 2100.0, 2160.0, 2220.0, 2280.0, 2340.0, 2400.0, 2460.0, 2520.0, 2580.0, 2640.0, 2700.0, 2760.0, 2820.0, 2880.0, 2940.0, 3000.0]
/////////////////////////
PROCESSING:  TTM1300TZBW
/////////////////////////
plotTreeName: Tprime2_DeepAK8_decorr_Mass
Flavour: E #tag: isV_tHbW #algo: DeepAK8_decorr
Weights: 1 * 1 * 1 * pileupWeight * 1 * lepIdSF * EGammaGsfSF * 1 * (MCWeight_singleLepCalc/abs(MCWeight_singleLepCalc)) * 0.000319105572545
Cuts: (leptonPt_singleLepCalc > 50) && (corr_met_singleLepCalc > 55) && (AK4HT > 480) && (minDR_lepJet > 0.4 || ptRel_lepJet > 40) && (NJetsAK8_JetSubCalc > 2) && (minDR_leadAK8otherAK8 < 3.0) && DataPastTrigger == 1 && isElectron==1
****************************************************************************************************
****************************************************************************************************
DISTRIBUTION: Tp2Mass
            -name in ljmet trees: Tprime2_ALGO_Mass
            -x-axis label is set to: ;M(T) [GeV])
            -using the binning as: [0.0, 60.0, 120.0, 180.0, 240.0, 300.0, 360.0, 420.0, 480.0, 540.0, 600.0, 660.0, 720.0, 780.0, 840.0, 900.0, 960.0, 1020.0, 1080.0, 1140.0, 1200.0, 1260.0, 1320.0, 1380.0, 1440.0, 1500.0, 1560.0, 1620.0, 1680.0, 1740.0, 1800.0, 1860.0, 1920.0, 1980.0, 2040.0, 2100.0, 2160.0, 2220.0, 2280.0, 2340.0, 2400.0, 2460.0, 2520.0, 2580.0, 2640.0, 2700.0, 2760.0, 2820.0, 2880.0, 2940.0, 3000.0]
/////////////////////////
PROCESSING:  TTM1300THBW
/////////////////////////
plotTreeName: Tprime2_DeepAK8_decorr_Mass
Flavour: E #tag: isV_tHbW #algo: DeepAK8_decorr
Weights: 1 * 1 * 1 * pileupWeight * 1 * lepIdSF * EGammaGsfSF * 1 * (MCWeight_singleLepCalc/abs(MCWeight_singleLepCalc)) * 0.000319105572545
Cuts: (leptonPt_singleLepCalc > 50) && (corr_met_singleLepCalc > 55) && (AK4HT > 480) && (minDR_lepJet > 0.4 || ptRel_lepJet > 40) && (NJetsAK8_JetSubCalc > 2) && (minDR_leadAK8otherAK8 < 3.0) && DataPastTrigger == 1 && isElectron==1
****************************************************************************************************
****************************************************************************************************
DISTRIBUTION: Tp2Mass
            -name in ljmet trees: Tprime2_ALGO_Mass
            -x-axis label is set to: ;M(T) [GeV])
            -using the binning as: [0.0, 60.0, 120.0, 180.0, 240.0, 300.0, 360.0, 420.0, 480.0, 540.0, 600.0, 660.0, 720.0, 780.0, 840.0, 900.0, 960.0, 1020.0, 1080.0, 1140.0, 1200.0, 1260.0, 1320.0, 1380.0, 1440.0, 1500.0, 1560.0, 1620.0, 1680.0, 1740.0, 1800.0, 1860.0, 1920.0, 1980.0, 2040.0, 2100.0, 2160.0, 2220.0, 2280.0, 2340.0, 2400.0, 2460.0, 2520.0, 2580.0, 2640.0, 2700.0, 2760.0, 2820.0, 2880.0, 2940.0, 3000.0]
/////////////////////////
PROCESSING:  TTM1300TZTH
/////////////////////////
plotTreeName: Tprime2_DeepAK8_decorr_Mass
Flavour: E #tag: isV_tHbW #algo: DeepAK8_decorr
Weights: 1 * 1 * 1 * pileupWeight * 1 * lepIdSF * EGammaGsfSF * 1 * (MCWeight_singleLepCalc/abs(MCWeight_singleLepCalc)) * 0.000159552786272
Cuts: (leptonPt_singleLepCalc > 50) && (corr_met_singleLepCalc > 55) && (AK4HT > 480) && (minDR_lepJet > 0.4 || ptRel_lepJet > 40) && (NJetsAK8_JetSubCalc > 2) && (minDR_leadAK8otherAK8 < 3.0) && DataPastTrigger == 1 && isElectron==1
****************************************************************************************************
****************************************************************************************************
DISTRIBUTION: Tp2Mass
            -name in ljmet trees: Tprime2_ALGO_Mass
            -x-axis label is set to: ;M(T) [GeV])
            -using the binning as: [0.0, 60.0, 120.0, 180.0, 240.0, 300.0, 360.0, 420.0, 480.0, 540.0, 600.0, 660.0, 720.0, 780.0, 840.0, 900.0, 960.0, 1020.0, 1080.0, 1140.0, 1200.0, 1260.0, 1320.0, 1380.0, 1440.0, 1500.0, 1560.0, 1620.0, 1680.0, 1740.0, 1800.0, 1860.0, 1920.0, 1980.0, 2040.0, 2100.0, 2160.0, 2220.0, 2280.0, 2340.0, 2400.0, 2460.0, 2520.0, 2580.0, 2640.0, 2700.0, 2760.0, 2820.0, 2880.0, 2940.0, 3000.0]
/////////////////////////
PROCESSING:  TTM1400BWBW
/////////////////////////
plotTreeName: Tprime2_DeepAK8_decorr_Mass
Flavour: E #tag: isV_tHbW #algo: DeepAK8_decorr
Weights: 1 * 1 * 1 * pileupWeight * 1 * lepIdSF * EGammaGsfSF * 1 * (MCWeight_singleLepCalc/abs(MCWeight_singleLepCalc)) * 0.000352883542956
Cuts: (leptonPt_singleLepCalc > 50) && (corr_met_singleLepCalc > 55) && (AK4HT > 480) && (minDR_lepJet > 0.4 || ptRel_lepJet > 40) && (NJetsAK8_JetSubCalc > 2) && (minDR_leadAK8otherAK8 < 3.0) && DataPastTrigger == 1 && isElectron==1
****************************************************************************************************
****************************************************************************************************
DISTRIBUTION: Tp2Mass
            -name in ljmet trees: Tprime2_ALGO_Mass
            -x-axis label is set to: ;M(T) [GeV])
            -using the binning as: [0.0, 60.0, 120.0, 180.0, 240.0, 300.0, 360.0, 420.0, 480.0, 540.0, 600.0, 660.0, 720.0, 780.0, 840.0, 900.0, 960.0, 1020.0, 1080.0, 1140.0, 1200.0, 1260.0, 1320.0, 1380.0, 1440.0, 1500.0, 1560.0, 1620.0, 1680.0, 1740.0, 1800.0, 1860.0, 1920.0, 1980.0, 2040.0, 2100.0, 2160.0, 2220.0, 2280.0, 2340.0, 2400.0, 2460.0, 2520.0, 2580.0, 2640.0, 2700.0, 2760.0, 2820.0, 2880.0, 2940.0, 3000.0]
/////////////////////////
PROCESSING:  TTM1400THTH
/////////////////////////
plotTreeName: Tprime2_DeepAK8_decorr_Mass
Flavour: E #tag: isV_tHbW #algo: DeepAK8_decorr
Weights: 1 * 1 * 1 * pileupWeight * 1 * lepIdSF * EGammaGsfSF * 1 * (MCWeight_singleLepCalc/abs(MCWeight_singleLepCalc)) * 8.82208857389e-05
Cuts: (leptonPt_singleLepCalc > 50) && (corr_met_singleLepCalc > 55) && (AK4HT > 480) && (minDR_lepJet > 0.4 || ptRel_lepJet > 40) && (NJetsAK8_JetSubCalc > 2) && (minDR_leadAK8otherAK8 < 3.0) && DataPastTrigger == 1 && isElectron==1
****************************************************************************************************
****************************************************************************************************
DISTRIBUTION: Tp2Mass
            -name in ljmet trees: Tprime2_ALGO_Mass
            -x-axis label is set to: ;M(T) [GeV])
            -using the binning as: [0.0, 60.0, 120.0, 180.0, 240.0, 300.0, 360.0, 420.0, 480.0, 540.0, 600.0, 660.0, 720.0, 780.0, 840.0, 900.0, 960.0, 1020.0, 1080.0, 1140.0, 1200.0, 1260.0, 1320.0, 1380.0, 1440.0, 1500.0, 1560.0, 1620.0, 1680.0, 1740.0, 1800.0, 1860.0, 1920.0, 1980.0, 2040.0, 2100.0, 2160.0, 2220.0, 2280.0, 2340.0, 2400.0, 2460.0, 2520.0, 2580.0, 2640.0, 2700.0, 2760.0, 2820.0, 2880.0, 2940.0, 3000.0]
/////////////////////////
PROCESSING:  TTM1400TZTZ
/////////////////////////
plotTreeName: Tprime2_DeepAK8_decorr_Mass
Flavour: E #tag: isV_tHbW #algo: DeepAK8_decorr
Weights: 1 * 1 * 1 * pileupWeight * 1 * lepIdSF * EGammaGsfSF * 1 * (MCWeight_singleLepCalc/abs(MCWeight_singleLepCalc)) * 8.82208857389e-05
Cuts: (leptonPt_singleLepCalc > 50) && (corr_met_singleLepCalc > 55) && (AK4HT > 480) && (minDR_lepJet > 0.4 || ptRel_lepJet > 40) && (NJetsAK8_JetSubCalc > 2) && (minDR_leadAK8otherAK8 < 3.0) && DataPastTrigger == 1 && isElectron==1
****************************************************************************************************
****************************************************************************************************
DISTRIBUTION: Tp2Mass
            -name in ljmet trees: Tprime2_ALGO_Mass
            -x-axis label is set to: ;M(T) [GeV])
            -using the binning as: [0.0, 60.0, 120.0, 180.0, 240.0, 300.0, 360.0, 420.0, 480.0, 540.0, 600.0, 660.0, 720.0, 780.0, 840.0, 900.0, 960.0, 1020.0, 1080.0, 1140.0, 1200.0, 1260.0, 1320.0, 1380.0, 1440.0, 1500.0, 1560.0, 1620.0, 1680.0, 1740.0, 1800.0, 1860.0, 1920.0, 1980.0, 2040.0, 2100.0, 2160.0, 2220.0, 2280.0, 2340.0, 2400.0, 2460.0, 2520.0, 2580.0, 2640.0, 2700.0, 2760.0, 2820.0, 2880.0, 2940.0, 3000.0]
/////////////////////////
PROCESSING:  TTM1400TZBW
/////////////////////////
plotTreeName: Tprime2_DeepAK8_decorr_Mass
Flavour: E #tag: isV_tHbW #algo: DeepAK8_decorr
Weights: 1 * 1 * 1 * pileupWeight * 1 * lepIdSF * EGammaGsfSF * 1 * (MCWeight_singleLepCalc/abs(MCWeight_singleLepCalc)) * 0.000176441771478
Cuts: (leptonPt_singleLepCalc > 50) && (corr_met_singleLepCalc > 55) && (AK4HT > 480) && (minDR_lepJet > 0.4 || ptRel_lepJet > 40) && (NJetsAK8_JetSubCalc > 2) && (minDR_leadAK8otherAK8 < 3.0) && DataPastTrigger == 1 && isElectron==1
****************************************************************************************************
****************************************************************************************************
DISTRIBUTION: Tp2Mass
            -name in ljmet trees: Tprime2_ALGO_Mass
            -x-axis label is set to: ;M(T) [GeV])
            -using the binning as: [0.0, 60.0, 120.0, 180.0, 240.0, 300.0, 360.0, 420.0, 480.0, 540.0, 600.0, 660.0, 720.0, 780.0, 840.0, 900.0, 960.0, 1020.0, 1080.0, 1140.0, 1200.0, 1260.0, 1320.0, 1380.0, 1440.0, 1500.0, 1560.0, 1620.0, 1680.0, 1740.0, 1800.0, 1860.0, 1920.0, 1980.0, 2040.0, 2100.0, 2160.0, 2220.0, 2280.0, 2340.0, 2400.0, 2460.0, 2520.0, 2580.0, 2640.0, 2700.0, 2760.0, 2820.0, 2880.0, 2940.0, 3000.0]
/////////////////////////
PROCESSING:  TTM1400THBW
/////////////////////////
plotTreeName: Tprime2_DeepAK8_decorr_Mass
Flavour: E #tag: isV_tHbW #algo: DeepAK8_decorr
Weights: 1 * 1 * 1 * pileupWeight * 1 * lepIdSF * EGammaGsfSF * 1 * (MCWeight_singleLepCalc/abs(MCWeight_singleLepCalc)) * 0.000176441771478
Cuts: (leptonPt_singleLepCalc > 50) && (corr_met_singleLepCalc > 55) && (AK4HT > 480) && (minDR_lepJet > 0.4 || ptRel_lepJet > 40) && (NJetsAK8_JetSubCalc > 2) && (minDR_leadAK8otherAK8 < 3.0) && DataPastTrigger == 1 && isElectron==1
****************************************************************************************************
****************************************************************************************************
DISTRIBUTION: Tp2Mass
            -name in ljmet trees: Tprime2_ALGO_Mass
            -x-axis label is set to: ;M(T) [GeV])
            -using the binning as: [0.0, 60.0, 120.0, 180.0, 240.0, 300.0, 360.0, 420.0, 480.0, 540.0, 600.0, 660.0, 720.0, 780.0, 840.0, 900.0, 960.0, 1020.0, 1080.0, 1140.0, 1200.0, 1260.0, 1320.0, 1380.0, 1440.0, 1500.0, 1560.0, 1620.0, 1680.0, 1740.0, 1800.0, 1860.0, 1920.0, 1980.0, 2040.0, 2100.0, 2160.0, 2220.0, 2280.0, 2340.0, 2400.0, 2460.0, 2520.0, 2580.0, 2640.0, 2700.0, 2760.0, 2820.0, 2880.0, 2940.0, 3000.0]
/////////////////////////
PROCESSING:  TTM1400TZTH
/////////////////////////
plotTreeName: Tprime2_DeepAK8_decorr_Mass
Flavour: E #tag: isV_tHbW #algo: DeepAK8_decorr
Weights: 1 * 1 * 1 * pileupWeight * 1 * lepIdSF * EGammaGsfSF * 1 * (MCWeight_singleLepCalc/abs(MCWeight_singleLepCalc)) * 8.82208857389e-05
Cuts: (leptonPt_singleLepCalc > 50) && (corr_met_singleLepCalc > 55) && (AK4HT > 480) && (minDR_lepJet > 0.4 || ptRel_lepJet > 40) && (NJetsAK8_JetSubCalc > 2) && (minDR_leadAK8otherAK8 < 3.0) && DataPastTrigger == 1 && isElectron==1
****************************************************************************************************
****************************************************************************************************
DISTRIBUTION: Tp2Mass
            -name in ljmet trees: Tprime2_ALGO_Mass
            -x-axis label is set to: ;M(T) [GeV])
            -using the binning as: [0.0, 60.0, 120.0, 180.0, 240.0, 300.0, 360.0, 420.0, 480.0, 540.0, 600.0, 660.0, 720.0, 780.0, 840.0, 900.0, 960.0, 1020.0, 1080.0, 1140.0, 1200.0, 1260.0, 1320.0, 1380.0, 1440.0, 1500.0, 1560.0, 1620.0, 1680.0, 1740.0, 1800.0, 1860.0, 1920.0, 1980.0, 2040.0, 2100.0, 2160.0, 2220.0, 2280.0, 2340.0, 2400.0, 2460.0, 2520.0, 2580.0, 2640.0, 2700.0, 2760.0, 2820.0, 2880.0, 2940.0, 3000.0]
/////////////////////////
PROCESSING:  TTM1500BWBW
/////////////////////////
plotTreeName: Tprime2_DeepAK8_decorr_Mass
Flavour: E #tag: isV_tHbW #algo: DeepAK8_decorr
Weights: 1 * 1 * 1 * pileupWeight * 1 * lepIdSF * EGammaGsfSF * 1 * (MCWeight_singleLepCalc/abs(MCWeight_singleLepCalc)) * 0.00019932135405
Cuts: (leptonPt_singleLepCalc > 50) && (corr_met_singleLepCalc > 55) && (AK4HT > 480) && (minDR_lepJet > 0.4 || ptRel_lepJet > 40) && (NJetsAK8_JetSubCalc > 2) && (minDR_leadAK8otherAK8 < 3.0) && DataPastTrigger == 1 && isElectron==1
****************************************************************************************************
****************************************************************************************************
DISTRIBUTION: Tp2Mass
            -name in ljmet trees: Tprime2_ALGO_Mass
            -x-axis label is set to: ;M(T) [GeV])
            -using the binning as: [0.0, 60.0, 120.0, 180.0, 240.0, 300.0, 360.0, 420.0, 480.0, 540.0, 600.0, 660.0, 720.0, 780.0, 840.0, 900.0, 960.0, 1020.0, 1080.0, 1140.0, 1200.0, 1260.0, 1320.0, 1380.0, 1440.0, 1500.0, 1560.0, 1620.0, 1680.0, 1740.0, 1800.0, 1860.0, 1920.0, 1980.0, 2040.0, 2100.0, 2160.0, 2220.0, 2280.0, 2340.0, 2400.0, 2460.0, 2520.0, 2580.0, 2640.0, 2700.0, 2760.0, 2820.0, 2880.0, 2940.0, 3000.0]
/////////////////////////
PROCESSING:  TTM1500THTH
/////////////////////////
plotTreeName: Tprime2_DeepAK8_decorr_Mass
Flavour: E #tag: isV_tHbW #algo: DeepAK8_decorr
Weights: 1 * 1 * 1 * pileupWeight * 1 * lepIdSF * EGammaGsfSF * 1 * (MCWeight_singleLepCalc/abs(MCWeight_singleLepCalc)) * 4.98303385124e-05
Cuts: (leptonPt_singleLepCalc > 50) && (corr_met_singleLepCalc > 55) && (AK4HT > 480) && (minDR_lepJet > 0.4 || ptRel_lepJet > 40) && (NJetsAK8_JetSubCalc > 2) && (minDR_leadAK8otherAK8 < 3.0) && DataPastTrigger == 1 && isElectron==1
****************************************************************************************************
****************************************************************************************************
DISTRIBUTION: Tp2Mass
            -name in ljmet trees: Tprime2_ALGO_Mass
            -x-axis label is set to: ;M(T) [GeV])
            -using the binning as: [0.0, 60.0, 120.0, 180.0, 240.0, 300.0, 360.0, 420.0, 480.0, 540.0, 600.0, 660.0, 720.0, 780.0, 840.0, 900.0, 960.0, 1020.0, 1080.0, 1140.0, 1200.0, 1260.0, 1320.0, 1380.0, 1440.0, 1500.0, 1560.0, 1620.0, 1680.0, 1740.0, 1800.0, 1860.0, 1920.0, 1980.0, 2040.0, 2100.0, 2160.0, 2220.0, 2280.0, 2340.0, 2400.0, 2460.0, 2520.0, 2580.0, 2640.0, 2700.0, 2760.0, 2820.0, 2880.0, 2940.0, 3000.0]
/////////////////////////
PROCESSING:  TTM1500TZTZ
/////////////////////////
plotTreeName: Tprime2_DeepAK8_decorr_Mass
Flavour: E #tag: isV_tHbW #algo: DeepAK8_decorr
Weights: 1 * 1 * 1 * pileupWeight * 1 * lepIdSF * EGammaGsfSF * 1 * (MCWeight_singleLepCalc/abs(MCWeight_singleLepCalc)) * 4.98303385124e-05
Cuts: (leptonPt_singleLepCalc > 50) && (corr_met_singleLepCalc > 55) && (AK4HT > 480) && (minDR_lepJet > 0.4 || ptRel_lepJet > 40) && (NJetsAK8_JetSubCalc > 2) && (minDR_leadAK8otherAK8 < 3.0) && DataPastTrigger == 1 && isElectron==1
****************************************************************************************************
****************************************************************************************************
DISTRIBUTION: Tp2Mass
            -name in ljmet trees: Tprime2_ALGO_Mass
            -x-axis label is set to: ;M(T) [GeV])
            -using the binning as: [0.0, 60.0, 120.0, 180.0, 240.0, 300.0, 360.0, 420.0, 480.0, 540.0, 600.0, 660.0, 720.0, 780.0, 840.0, 900.0, 960.0, 1020.0, 1080.0, 1140.0, 1200.0, 1260.0, 1320.0, 1380.0, 1440.0, 1500.0, 1560.0, 1620.0, 1680.0, 1740.0, 1800.0, 1860.0, 1920.0, 1980.0, 2040.0, 2100.0, 2160.0, 2220.0, 2280.0, 2340.0, 2400.0, 2460.0, 2520.0, 2580.0, 2640.0, 2700.0, 2760.0, 2820.0, 2880.0, 2940.0, 3000.0]
/////////////////////////
PROCESSING:  TTM1500TZBW
/////////////////////////
plotTreeName: Tprime2_DeepAK8_decorr_Mass
Flavour: E #tag: isV_tHbW #algo: DeepAK8_decorr
Weights: 1 * 1 * 1 * pileupWeight * 1 * lepIdSF * EGammaGsfSF * 1 * (MCWeight_singleLepCalc/abs(MCWeight_singleLepCalc)) * 9.96606770248e-05
Cuts: (leptonPt_singleLepCalc > 50) && (corr_met_singleLepCalc > 55) && (AK4HT > 480) && (minDR_lepJet > 0.4 || ptRel_lepJet > 40) && (NJetsAK8_JetSubCalc > 2) && (minDR_leadAK8otherAK8 < 3.0) && DataPastTrigger == 1 && isElectron==1
****************************************************************************************************
****************************************************************************************************
DISTRIBUTION: Tp2Mass
            -name in ljmet trees: Tprime2_ALGO_Mass
            -x-axis label is set to: ;M(T) [GeV])
            -using the binning as: [0.0, 60.0, 120.0, 180.0, 240.0, 300.0, 360.0, 420.0, 480.0, 540.0, 600.0, 660.0, 720.0, 780.0, 840.0, 900.0, 960.0, 1020.0, 1080.0, 1140.0, 1200.0, 1260.0, 1320.0, 1380.0, 1440.0, 1500.0, 1560.0, 1620.0, 1680.0, 1740.0, 1800.0, 1860.0, 1920.0, 1980.0, 2040.0, 2100.0, 2160.0, 2220.0, 2280.0, 2340.0, 2400.0, 2460.0, 2520.0, 2580.0, 2640.0, 2700.0, 2760.0, 2820.0, 2880.0, 2940.0, 3000.0]
/////////////////////////
PROCESSING:  TTM1500THBW
/////////////////////////
plotTreeName: Tprime2_DeepAK8_decorr_Mass
Flavour: E #tag: isV_tHbW #algo: DeepAK8_decorr
Weights: 1 * 1 * 1 * pileupWeight * 1 * lepIdSF * EGammaGsfSF * 1 * (MCWeight_singleLepCalc/abs(MCWeight_singleLepCalc)) * 9.96606770248e-05
Cuts: (leptonPt_singleLepCalc > 50) && (corr_met_singleLepCalc > 55) && (AK4HT > 480) && (minDR_lepJet > 0.4 || ptRel_lepJet > 40) && (NJetsAK8_JetSubCalc > 2) && (minDR_leadAK8otherAK8 < 3.0) && DataPastTrigger == 1 && isElectron==1
****************************************************************************************************
****************************************************************************************************
DISTRIBUTION: Tp2Mass
            -name in ljmet trees: Tprime2_ALGO_Mass
            -x-axis label is set to: ;M(T) [GeV])
            -using the binning as: [0.0, 60.0, 120.0, 180.0, 240.0, 300.0, 360.0, 420.0, 480.0, 540.0, 600.0, 660.0, 720.0, 780.0, 840.0, 900.0, 960.0, 1020.0, 1080.0, 1140.0, 1200.0, 1260.0, 1320.0, 1380.0, 1440.0, 1500.0, 1560.0, 1620.0, 1680.0, 1740.0, 1800.0, 1860.0, 1920.0, 1980.0, 2040.0, 2100.0, 2160.0, 2220.0, 2280.0, 2340.0, 2400.0, 2460.0, 2520.0, 2580.0, 2640.0, 2700.0, 2760.0, 2820.0, 2880.0, 2940.0, 3000.0]
/////////////////////////
PROCESSING:  TTM1500TZTH
/////////////////////////
plotTreeName: Tprime2_DeepAK8_decorr_Mass
Flavour: E #tag: isV_tHbW #algo: DeepAK8_decorr
Weights: 1 * 1 * 1 * pileupWeight * 1 * lepIdSF * EGammaGsfSF * 1 * (MCWeight_singleLepCalc/abs(MCWeight_singleLepCalc)) * 4.98303385124e-05
Cuts: (leptonPt_singleLepCalc > 50) && (corr_met_singleLepCalc > 55) && (AK4HT > 480) && (minDR_lepJet > 0.4 || ptRel_lepJet > 40) && (NJetsAK8_JetSubCalc > 2) && (minDR_leadAK8otherAK8 < 3.0) && DataPastTrigger == 1 && isElectron==1
****************************************************************************************************
****************************************************************************************************
DISTRIBUTION: Tp2Mass
            -name in ljmet trees: Tprime2_ALGO_Mass
            -x-axis label is set to: ;M(T) [GeV])
            -using the binning as: [0.0, 60.0, 120.0, 180.0, 240.0, 300.0, 360.0, 420.0, 480.0, 540.0, 600.0, 660.0, 720.0, 780.0, 840.0, 900.0, 960.0, 1020.0, 1080.0, 1140.0, 1200.0, 1260.0, 1320.0, 1380.0, 1440.0, 1500.0, 1560.0, 1620.0, 1680.0, 1740.0, 1800.0, 1860.0, 1920.0, 1980.0, 2040.0, 2100.0, 2160.0, 2220.0, 2280.0, 2340.0, 2400.0, 2460.0, 2520.0, 2580.0, 2640.0, 2700.0, 2760.0, 2820.0, 2880.0, 2940.0, 3000.0]
/////////////////////////
PROCESSING:  TTM1600BWBW
/////////////////////////
plotTreeName: Tprime2_DeepAK8_decorr_Mass
Flavour: E #tag: isV_tHbW #algo: DeepAK8_decorr
Weights: 1 * 1 * 1 * pileupWeight * 1 * lepIdSF * EGammaGsfSF * 1 * (MCWeight_singleLepCalc/abs(MCWeight_singleLepCalc)) * 0.000114437939919
Cuts: (leptonPt_singleLepCalc > 50) && (corr_met_singleLepCalc > 55) && (AK4HT > 480) && (minDR_lepJet > 0.4 || ptRel_lepJet > 40) && (NJetsAK8_JetSubCalc > 2) && (minDR_leadAK8otherAK8 < 3.0) && DataPastTrigger == 1 && isElectron==1
****************************************************************************************************
****************************************************************************************************
DISTRIBUTION: Tp2Mass
            -name in ljmet trees: Tprime2_ALGO_Mass
            -x-axis label is set to: ;M(T) [GeV])
            -using the binning as: [0.0, 60.0, 120.0, 180.0, 240.0, 300.0, 360.0, 420.0, 480.0, 540.0, 600.0, 660.0, 720.0, 780.0, 840.0, 900.0, 960.0, 1020.0, 1080.0, 1140.0, 1200.0, 1260.0, 1320.0, 1380.0, 1440.0, 1500.0, 1560.0, 1620.0, 1680.0, 1740.0, 1800.0, 1860.0, 1920.0, 1980.0, 2040.0, 2100.0, 2160.0, 2220.0, 2280.0, 2340.0, 2400.0, 2460.0, 2520.0, 2580.0, 2640.0, 2700.0, 2760.0, 2820.0, 2880.0, 2940.0, 3000.0]
/////////////////////////
PROCESSING:  TTM1600THTH
/////////////////////////
plotTreeName: Tprime2_DeepAK8_decorr_Mass
Flavour: E #tag: isV_tHbW #algo: DeepAK8_decorr
Weights: 1 * 1 * 1 * pileupWeight * 1 * lepIdSF * EGammaGsfSF * 1 * (MCWeight_singleLepCalc/abs(MCWeight_singleLepCalc)) * 2.86094849797e-05
Cuts: (leptonPt_singleLepCalc > 50) && (corr_met_singleLepCalc > 55) && (AK4HT > 480) && (minDR_lepJet > 0.4 || ptRel_lepJet > 40) && (NJetsAK8_JetSubCalc > 2) && (minDR_leadAK8otherAK8 < 3.0) && DataPastTrigger == 1 && isElectron==1
****************************************************************************************************
****************************************************************************************************
DISTRIBUTION: Tp2Mass
            -name in ljmet trees: Tprime2_ALGO_Mass
            -x-axis label is set to: ;M(T) [GeV])
            -using the binning as: [0.0, 60.0, 120.0, 180.0, 240.0, 300.0, 360.0, 420.0, 480.0, 540.0, 600.0, 660.0, 720.0, 780.0, 840.0, 900.0, 960.0, 1020.0, 1080.0, 1140.0, 1200.0, 1260.0, 1320.0, 1380.0, 1440.0, 1500.0, 1560.0, 1620.0, 1680.0, 1740.0, 1800.0, 1860.0, 1920.0, 1980.0, 2040.0, 2100.0, 2160.0, 2220.0, 2280.0, 2340.0, 2400.0, 2460.0, 2520.0, 2580.0, 2640.0, 2700.0, 2760.0, 2820.0, 2880.0, 2940.0, 3000.0]
/////////////////////////
PROCESSING:  TTM1600TZTZ
/////////////////////////
plotTreeName: Tprime2_DeepAK8_decorr_Mass
Flavour: E #tag: isV_tHbW #algo: DeepAK8_decorr
Weights: 1 * 1 * 1 * pileupWeight * 1 * lepIdSF * EGammaGsfSF * 1 * (MCWeight_singleLepCalc/abs(MCWeight_singleLepCalc)) * 2.86094849797e-05
Cuts: (leptonPt_singleLepCalc > 50) && (corr_met_singleLepCalc > 55) && (AK4HT > 480) && (minDR_lepJet > 0.4 || ptRel_lepJet > 40) && (NJetsAK8_JetSubCalc > 2) && (minDR_leadAK8otherAK8 < 3.0) && DataPastTrigger == 1 && isElectron==1
****************************************************************************************************
****************************************************************************************************
DISTRIBUTION: Tp2Mass
            -name in ljmet trees: Tprime2_ALGO_Mass
            -x-axis label is set to: ;M(T) [GeV])
            -using the binning as: [0.0, 60.0, 120.0, 180.0, 240.0, 300.0, 360.0, 420.0, 480.0, 540.0, 600.0, 660.0, 720.0, 780.0, 840.0, 900.0, 960.0, 1020.0, 1080.0, 1140.0, 1200.0, 1260.0, 1320.0, 1380.0, 1440.0, 1500.0, 1560.0, 1620.0, 1680.0, 1740.0, 1800.0, 1860.0, 1920.0, 1980.0, 2040.0, 2100.0, 2160.0, 2220.0, 2280.0, 2340.0, 2400.0, 2460.0, 2520.0, 2580.0, 2640.0, 2700.0, 2760.0, 2820.0, 2880.0, 2940.0, 3000.0]
/////////////////////////
PROCESSING:  TTM1600TZBW
/////////////////////////
plotTreeName: Tprime2_DeepAK8_decorr_Mass
Flavour: E #tag: isV_tHbW #algo: DeepAK8_decorr
Weights: 1 * 1 * 1 * pileupWeight * 1 * lepIdSF * EGammaGsfSF * 1 * (MCWeight_singleLepCalc/abs(MCWeight_singleLepCalc)) * 5.72189699595e-05
Cuts: (leptonPt_singleLepCalc > 50) && (corr_met_singleLepCalc > 55) && (AK4HT > 480) && (minDR_lepJet > 0.4 || ptRel_lepJet > 40) && (NJetsAK8_JetSubCalc > 2) && (minDR_leadAK8otherAK8 < 3.0) && DataPastTrigger == 1 && isElectron==1
****************************************************************************************************
****************************************************************************************************
DISTRIBUTION: Tp2Mass
            -name in ljmet trees: Tprime2_ALGO_Mass
            -x-axis label is set to: ;M(T) [GeV])
            -using the binning as: [0.0, 60.0, 120.0, 180.0, 240.0, 300.0, 360.0, 420.0, 480.0, 540.0, 600.0, 660.0, 720.0, 780.0, 840.0, 900.0, 960.0, 1020.0, 1080.0, 1140.0, 1200.0, 1260.0, 1320.0, 1380.0, 1440.0, 1500.0, 1560.0, 1620.0, 1680.0, 1740.0, 1800.0, 1860.0, 1920.0, 1980.0, 2040.0, 2100.0, 2160.0, 2220.0, 2280.0, 2340.0, 2400.0, 2460.0, 2520.0, 2580.0, 2640.0, 2700.0, 2760.0, 2820.0, 2880.0, 2940.0, 3000.0]
/////////////////////////
PROCESSING:  TTM1600THBW
/////////////////////////
plotTreeName: Tprime2_DeepAK8_decorr_Mass
Flavour: E #tag: isV_tHbW #algo: DeepAK8_decorr
Weights: 1 * 1 * 1 * pileupWeight * 1 * lepIdSF * EGammaGsfSF * 1 * (MCWeight_singleLepCalc/abs(MCWeight_singleLepCalc)) * 5.72189699595e-05
Cuts: (leptonPt_singleLepCalc > 50) && (corr_met_singleLepCalc > 55) && (AK4HT > 480) && (minDR_lepJet > 0.4 || ptRel_lepJet > 40) && (NJetsAK8_JetSubCalc > 2) && (minDR_leadAK8otherAK8 < 3.0) && DataPastTrigger == 1 && isElectron==1
****************************************************************************************************
****************************************************************************************************
DISTRIBUTION: Tp2Mass
            -name in ljmet trees: Tprime2_ALGO_Mass
            -x-axis label is set to: ;M(T) [GeV])
            -using the binning as: [0.0, 60.0, 120.0, 180.0, 240.0, 300.0, 360.0, 420.0, 480.0, 540.0, 600.0, 660.0, 720.0, 780.0, 840.0, 900.0, 960.0, 1020.0, 1080.0, 1140.0, 1200.0, 1260.0, 1320.0, 1380.0, 1440.0, 1500.0, 1560.0, 1620.0, 1680.0, 1740.0, 1800.0, 1860.0, 1920.0, 1980.0, 2040.0, 2100.0, 2160.0, 2220.0, 2280.0, 2340.0, 2400.0, 2460.0, 2520.0, 2580.0, 2640.0, 2700.0, 2760.0, 2820.0, 2880.0, 2940.0, 3000.0]
/////////////////////////
PROCESSING:  TTM1600TZTH
/////////////////////////
plotTreeName: Tprime2_DeepAK8_decorr_Mass
Flavour: E #tag: isV_tHbW #algo: DeepAK8_decorr
Weights: 1 * 1 * 1 * pileupWeight * 1 * lepIdSF * EGammaGsfSF * 1 * (MCWeight_singleLepCalc/abs(MCWeight_singleLepCalc)) * 2.86094849797e-05
Cuts: (leptonPt_singleLepCalc > 50) && (corr_met_singleLepCalc > 55) && (AK4HT > 480) && (minDR_lepJet > 0.4 || ptRel_lepJet > 40) && (NJetsAK8_JetSubCalc > 2) && (minDR_leadAK8otherAK8 < 3.0) && DataPastTrigger == 1 && isElectron==1
****************************************************************************************************
****************************************************************************************************
DISTRIBUTION: Tp2Mass
            -name in ljmet trees: Tprime2_ALGO_Mass
            -x-axis label is set to: ;M(T) [GeV])
            -using the binning as: [0.0, 60.0, 120.0, 180.0, 240.0, 300.0, 360.0, 420.0, 480.0, 540.0, 600.0, 660.0, 720.0, 780.0, 840.0, 900.0, 960.0, 1020.0, 1080.0, 1140.0, 1200.0, 1260.0, 1320.0, 1380.0, 1440.0, 1500.0, 1560.0, 1620.0, 1680.0, 1740.0, 1800.0, 1860.0, 1920.0, 1980.0, 2040.0, 2100.0, 2160.0, 2220.0, 2280.0, 2340.0, 2400.0, 2460.0, 2520.0, 2580.0, 2640.0, 2700.0, 2760.0, 2820.0, 2880.0, 2940.0, 3000.0]
/////////////////////////
PROCESSING:  TTM1700BWBW
/////////////////////////
plotTreeName: Tprime2_DeepAK8_decorr_Mass
Flavour: E #tag: isV_tHbW #algo: DeepAK8_decorr
Weights: 1 * 1 * 1 * pileupWeight * 1 * lepIdSF * EGammaGsfSF * 1 * (MCWeight_singleLepCalc/abs(MCWeight_singleLepCalc)) * 6.93554282011e-05
Cuts: (leptonPt_singleLepCalc > 50) && (corr_met_singleLepCalc > 55) && (AK4HT > 480) && (minDR_lepJet > 0.4 || ptRel_lepJet > 40) && (NJetsAK8_JetSubCalc > 2) && (minDR_leadAK8otherAK8 < 3.0) && DataPastTrigger == 1 && isElectron==1
****************************************************************************************************
****************************************************************************************************
DISTRIBUTION: Tp2Mass
            -name in ljmet trees: Tprime2_ALGO_Mass
            -x-axis label is set to: ;M(T) [GeV])
            -using the binning as: [0.0, 60.0, 120.0, 180.0, 240.0, 300.0, 360.0, 420.0, 480.0, 540.0, 600.0, 660.0, 720.0, 780.0, 840.0, 900.0, 960.0, 1020.0, 1080.0, 1140.0, 1200.0, 1260.0, 1320.0, 1380.0, 1440.0, 1500.0, 1560.0, 1620.0, 1680.0, 1740.0, 1800.0, 1860.0, 1920.0, 1980.0, 2040.0, 2100.0, 2160.0, 2220.0, 2280.0, 2340.0, 2400.0, 2460.0, 2520.0, 2580.0, 2640.0, 2700.0, 2760.0, 2820.0, 2880.0, 2940.0, 3000.0]
/////////////////////////
PROCESSING:  TTM1700THTH
/////////////////////////
plotTreeName: Tprime2_DeepAK8_decorr_Mass
Flavour: E #tag: isV_tHbW #algo: DeepAK8_decorr
Weights: 1 * 1 * 1 * pileupWeight * 1 * lepIdSF * EGammaGsfSF * 1 * (MCWeight_singleLepCalc/abs(MCWeight_singleLepCalc)) * 1.73388570503e-05
Cuts: (leptonPt_singleLepCalc > 50) && (corr_met_singleLepCalc > 55) && (AK4HT > 480) && (minDR_lepJet > 0.4 || ptRel_lepJet > 40) && (NJetsAK8_JetSubCalc > 2) && (minDR_leadAK8otherAK8 < 3.0) && DataPastTrigger == 1 && isElectron==1
****************************************************************************************************
****************************************************************************************************
DISTRIBUTION: Tp2Mass
            -name in ljmet trees: Tprime2_ALGO_Mass
            -x-axis label is set to: ;M(T) [GeV])
            -using the binning as: [0.0, 60.0, 120.0, 180.0, 240.0, 300.0, 360.0, 420.0, 480.0, 540.0, 600.0, 660.0, 720.0, 780.0, 840.0, 900.0, 960.0, 1020.0, 1080.0, 1140.0, 1200.0, 1260.0, 1320.0, 1380.0, 1440.0, 1500.0, 1560.0, 1620.0, 1680.0, 1740.0, 1800.0, 1860.0, 1920.0, 1980.0, 2040.0, 2100.0, 2160.0, 2220.0, 2280.0, 2340.0, 2400.0, 2460.0, 2520.0, 2580.0, 2640.0, 2700.0, 2760.0, 2820.0, 2880.0, 2940.0, 3000.0]
/////////////////////////
PROCESSING:  TTM1700TZTZ
/////////////////////////
plotTreeName: Tprime2_DeepAK8_decorr_Mass
Flavour: E #tag: isV_tHbW #algo: DeepAK8_decorr
Weights: 1 * 1 * 1 * pileupWeight * 1 * lepIdSF * EGammaGsfSF * 1 * (MCWeight_singleLepCalc/abs(MCWeight_singleLepCalc)) * 1.73388570503e-05
Cuts: (leptonPt_singleLepCalc > 50) && (corr_met_singleLepCalc > 55) && (AK4HT > 480) && (minDR_lepJet > 0.4 || ptRel_lepJet > 40) && (NJetsAK8_JetSubCalc > 2) && (minDR_leadAK8otherAK8 < 3.0) && DataPastTrigger == 1 && isElectron==1
****************************************************************************************************
****************************************************************************************************
DISTRIBUTION: Tp2Mass
            -name in ljmet trees: Tprime2_ALGO_Mass
            -x-axis label is set to: ;M(T) [GeV])
            -using the binning as: [0.0, 60.0, 120.0, 180.0, 240.0, 300.0, 360.0, 420.0, 480.0, 540.0, 600.0, 660.0, 720.0, 780.0, 840.0, 900.0, 960.0, 1020.0, 1080.0, 1140.0, 1200.0, 1260.0, 1320.0, 1380.0, 1440.0, 1500.0, 1560.0, 1620.0, 1680.0, 1740.0, 1800.0, 1860.0, 1920.0, 1980.0, 2040.0, 2100.0, 2160.0, 2220.0, 2280.0, 2340.0, 2400.0, 2460.0, 2520.0, 2580.0, 2640.0, 2700.0, 2760.0, 2820.0, 2880.0, 2940.0, 3000.0]
/////////////////////////
PROCESSING:  TTM1700TZBW
/////////////////////////
plotTreeName: Tprime2_DeepAK8_decorr_Mass
Flavour: E #tag: isV_tHbW #algo: DeepAK8_decorr
Weights: 1 * 1 * 1 * pileupWeight * 1 * lepIdSF * EGammaGsfSF * 1 * (MCWeight_singleLepCalc/abs(MCWeight_singleLepCalc)) * 3.46777141005e-05
Cuts: (leptonPt_singleLepCalc > 50) && (corr_met_singleLepCalc > 55) && (AK4HT > 480) && (minDR_lepJet > 0.4 || ptRel_lepJet > 40) && (NJetsAK8_JetSubCalc > 2) && (minDR_leadAK8otherAK8 < 3.0) && DataPastTrigger == 1 && isElectron==1
****************************************************************************************************
****************************************************************************************************
DISTRIBUTION: Tp2Mass
            -name in ljmet trees: Tprime2_ALGO_Mass
            -x-axis label is set to: ;M(T) [GeV])
            -using the binning as: [0.0, 60.0, 120.0, 180.0, 240.0, 300.0, 360.0, 420.0, 480.0, 540.0, 600.0, 660.0, 720.0, 780.0, 840.0, 900.0, 960.0, 1020.0, 1080.0, 1140.0, 1200.0, 1260.0, 1320.0, 1380.0, 1440.0, 1500.0, 1560.0, 1620.0, 1680.0, 1740.0, 1800.0, 1860.0, 1920.0, 1980.0, 2040.0, 2100.0, 2160.0, 2220.0, 2280.0, 2340.0, 2400.0, 2460.0, 2520.0, 2580.0, 2640.0, 2700.0, 2760.0, 2820.0, 2880.0, 2940.0, 3000.0]
/////////////////////////
PROCESSING:  TTM1700THBW
/////////////////////////
plotTreeName: Tprime2_DeepAK8_decorr_Mass
Flavour: E #tag: isV_tHbW #algo: DeepAK8_decorr
Weights: 1 * 1 * 1 * pileupWeight * 1 * lepIdSF * EGammaGsfSF * 1 * (MCWeight_singleLepCalc/abs(MCWeight_singleLepCalc)) * 3.46777141005e-05
Cuts: (leptonPt_singleLepCalc > 50) && (corr_met_singleLepCalc > 55) && (AK4HT > 480) && (minDR_lepJet > 0.4 || ptRel_lepJet > 40) && (NJetsAK8_JetSubCalc > 2) && (minDR_leadAK8otherAK8 < 3.0) && DataPastTrigger == 1 && isElectron==1
****************************************************************************************************
****************************************************************************************************
DISTRIBUTION: Tp2Mass
            -name in ljmet trees: Tprime2_ALGO_Mass
            -x-axis label is set to: ;M(T) [GeV])
            -using the binning as: [0.0, 60.0, 120.0, 180.0, 240.0, 300.0, 360.0, 420.0, 480.0, 540.0, 600.0, 660.0, 720.0, 780.0, 840.0, 900.0, 960.0, 1020.0, 1080.0, 1140.0, 1200.0, 1260.0, 1320.0, 1380.0, 1440.0, 1500.0, 1560.0, 1620.0, 1680.0, 1740.0, 1800.0, 1860.0, 1920.0, 1980.0, 2040.0, 2100.0, 2160.0, 2220.0, 2280.0, 2340.0, 2400.0, 2460.0, 2520.0, 2580.0, 2640.0, 2700.0, 2760.0, 2820.0, 2880.0, 2940.0, 3000.0]
/////////////////////////
PROCESSING:  TTM1700TZTH
/////////////////////////
plotTreeName: Tprime2_DeepAK8_decorr_Mass
Flavour: E #tag: isV_tHbW #algo: DeepAK8_decorr
Weights: 1 * 1 * 1 * pileupWeight * 1 * lepIdSF * EGammaGsfSF * 1 * (MCWeight_singleLepCalc/abs(MCWeight_singleLepCalc)) * 1.73388570503e-05
Cuts: (leptonPt_singleLepCalc > 50) && (corr_met_singleLepCalc > 55) && (AK4HT > 480) && (minDR_lepJet > 0.4 || ptRel_lepJet > 40) && (NJetsAK8_JetSubCalc > 2) && (minDR_leadAK8otherAK8 < 3.0) && DataPastTrigger == 1 && isElectron==1
****************************************************************************************************
****************************************************************************************************
DISTRIBUTION: Tp2Mass
            -name in ljmet trees: Tprime2_ALGO_Mass
            -x-axis label is set to: ;M(T) [GeV])
            -using the binning as: [0.0, 60.0, 120.0, 180.0, 240.0, 300.0, 360.0, 420.0, 480.0, 540.0, 600.0, 660.0, 720.0, 780.0, 840.0, 900.0, 960.0, 1020.0, 1080.0, 1140.0, 1200.0, 1260.0, 1320.0, 1380.0, 1440.0, 1500.0, 1560.0, 1620.0, 1680.0, 1740.0, 1800.0, 1860.0, 1920.0, 1980.0, 2040.0, 2100.0, 2160.0, 2220.0, 2280.0, 2340.0, 2400.0, 2460.0, 2520.0, 2580.0, 2640.0, 2700.0, 2760.0, 2820.0, 2880.0, 2940.0, 3000.0]
/////////////////////////
PROCESSING:  TTM1800BWBW
/////////////////////////
plotTreeName: Tprime2_DeepAK8_decorr_Mass
Flavour: E #tag: isV_tHbW #algo: DeepAK8_decorr
Weights: 1 * 1 * 1 * pileupWeight * 1 * lepIdSF * EGammaGsfSF * 1 * (MCWeight_singleLepCalc/abs(MCWeight_singleLepCalc)) * 3.89579688164e-05
Cuts: (leptonPt_singleLepCalc > 50) && (corr_met_singleLepCalc > 55) && (AK4HT > 480) && (minDR_lepJet > 0.4 || ptRel_lepJet > 40) && (NJetsAK8_JetSubCalc > 2) && (minDR_leadAK8otherAK8 < 3.0) && DataPastTrigger == 1 && isElectron==1
****************************************************************************************************
****************************************************************************************************
DISTRIBUTION: Tp2Mass
            -name in ljmet trees: Tprime2_ALGO_Mass
            -x-axis label is set to: ;M(T) [GeV])
            -using the binning as: [0.0, 60.0, 120.0, 180.0, 240.0, 300.0, 360.0, 420.0, 480.0, 540.0, 600.0, 660.0, 720.0, 780.0, 840.0, 900.0, 960.0, 1020.0, 1080.0, 1140.0, 1200.0, 1260.0, 1320.0, 1380.0, 1440.0, 1500.0, 1560.0, 1620.0, 1680.0, 1740.0, 1800.0, 1860.0, 1920.0, 1980.0, 2040.0, 2100.0, 2160.0, 2220.0, 2280.0, 2340.0, 2400.0, 2460.0, 2520.0, 2580.0, 2640.0, 2700.0, 2760.0, 2820.0, 2880.0, 2940.0, 3000.0]
/////////////////////////
PROCESSING:  TTM1800THTH
/////////////////////////
plotTreeName: Tprime2_DeepAK8_decorr_Mass
Flavour: E #tag: isV_tHbW #algo: DeepAK8_decorr
Weights: 1 * 1 * 1 * pileupWeight * 1 * lepIdSF * EGammaGsfSF * 1 * (MCWeight_singleLepCalc/abs(MCWeight_singleLepCalc)) * 9.7394922041e-06
Cuts: (leptonPt_singleLepCalc > 50) && (corr_met_singleLepCalc > 55) && (AK4HT > 480) && (minDR_lepJet > 0.4 || ptRel_lepJet > 40) && (NJetsAK8_JetSubCalc > 2) && (minDR_leadAK8otherAK8 < 3.0) && DataPastTrigger == 1 && isElectron==1
****************************************************************************************************
****************************************************************************************************
DISTRIBUTION: Tp2Mass
            -name in ljmet trees: Tprime2_ALGO_Mass
            -x-axis label is set to: ;M(T) [GeV])
            -using the binning as: [0.0, 60.0, 120.0, 180.0, 240.0, 300.0, 360.0, 420.0, 480.0, 540.0, 600.0, 660.0, 720.0, 780.0, 840.0, 900.0, 960.0, 1020.0, 1080.0, 1140.0, 1200.0, 1260.0, 1320.0, 1380.0, 1440.0, 1500.0, 1560.0, 1620.0, 1680.0, 1740.0, 1800.0, 1860.0, 1920.0, 1980.0, 2040.0, 2100.0, 2160.0, 2220.0, 2280.0, 2340.0, 2400.0, 2460.0, 2520.0, 2580.0, 2640.0, 2700.0, 2760.0, 2820.0, 2880.0, 2940.0, 3000.0]
/////////////////////////
PROCESSING:  TTM1800TZTZ
/////////////////////////
plotTreeName: Tprime2_DeepAK8_decorr_Mass
Flavour: E #tag: isV_tHbW #algo: DeepAK8_decorr
Weights: 1 * 1 * 1 * pileupWeight * 1 * lepIdSF * EGammaGsfSF * 1 * (MCWeight_singleLepCalc/abs(MCWeight_singleLepCalc)) * 9.7394922041e-06
Cuts: (leptonPt_singleLepCalc > 50) && (corr_met_singleLepCalc > 55) && (AK4HT > 480) && (minDR_lepJet > 0.4 || ptRel_lepJet > 40) && (NJetsAK8_JetSubCalc > 2) && (minDR_leadAK8otherAK8 < 3.0) && DataPastTrigger == 1 && isElectron==1
****************************************************************************************************
****************************************************************************************************
DISTRIBUTION: Tp2Mass
            -name in ljmet trees: Tprime2_ALGO_Mass
            -x-axis label is set to: ;M(T) [GeV])
            -using the binning as: [0.0, 60.0, 120.0, 180.0, 240.0, 300.0, 360.0, 420.0, 480.0, 540.0, 600.0, 660.0, 720.0, 780.0, 840.0, 900.0, 960.0, 1020.0, 1080.0, 1140.0, 1200.0, 1260.0, 1320.0, 1380.0, 1440.0, 1500.0, 1560.0, 1620.0, 1680.0, 1740.0, 1800.0, 1860.0, 1920.0, 1980.0, 2040.0, 2100.0, 2160.0, 2220.0, 2280.0, 2340.0, 2400.0, 2460.0, 2520.0, 2580.0, 2640.0, 2700.0, 2760.0, 2820.0, 2880.0, 2940.0, 3000.0]
/////////////////////////
PROCESSING:  TTM1800TZBW
/////////////////////////
plotTreeName: Tprime2_DeepAK8_decorr_Mass
Flavour: E #tag: isV_tHbW #algo: DeepAK8_decorr
Weights: 1 * 1 * 1 * pileupWeight * 1 * lepIdSF * EGammaGsfSF * 1 * (MCWeight_singleLepCalc/abs(MCWeight_singleLepCalc)) * 1.94789844082e-05
Cuts: (leptonPt_singleLepCalc > 50) && (corr_met_singleLepCalc > 55) && (AK4HT > 480) && (minDR_lepJet > 0.4 || ptRel_lepJet > 40) && (NJetsAK8_JetSubCalc > 2) && (minDR_leadAK8otherAK8 < 3.0) && DataPastTrigger == 1 && isElectron==1
****************************************************************************************************
****************************************************************************************************
DISTRIBUTION: Tp2Mass
            -name in ljmet trees: Tprime2_ALGO_Mass
            -x-axis label is set to: ;M(T) [GeV])
            -using the binning as: [0.0, 60.0, 120.0, 180.0, 240.0, 300.0, 360.0, 420.0, 480.0, 540.0, 600.0, 660.0, 720.0, 780.0, 840.0, 900.0, 960.0, 1020.0, 1080.0, 1140.0, 1200.0, 1260.0, 1320.0, 1380.0, 1440.0, 1500.0, 1560.0, 1620.0, 1680.0, 1740.0, 1800.0, 1860.0, 1920.0, 1980.0, 2040.0, 2100.0, 2160.0, 2220.0, 2280.0, 2340.0, 2400.0, 2460.0, 2520.0, 2580.0, 2640.0, 2700.0, 2760.0, 2820.0, 2880.0, 2940.0, 3000.0]
/////////////////////////
PROCESSING:  TTM1800THBW
/////////////////////////
plotTreeName: Tprime2_DeepAK8_decorr_Mass
Flavour: E #tag: isV_tHbW #algo: DeepAK8_decorr
Weights: 1 * 1 * 1 * pileupWeight * 1 * lepIdSF * EGammaGsfSF * 1 * (MCWeight_singleLepCalc/abs(MCWeight_singleLepCalc)) * 1.94789844082e-05
Cuts: (leptonPt_singleLepCalc > 50) && (corr_met_singleLepCalc > 55) && (AK4HT > 480) && (minDR_lepJet > 0.4 || ptRel_lepJet > 40) && (NJetsAK8_JetSubCalc > 2) && (minDR_leadAK8otherAK8 < 3.0) && DataPastTrigger == 1 && isElectron==1
****************************************************************************************************
****************************************************************************************************
DISTRIBUTION: Tp2Mass
            -name in ljmet trees: Tprime2_ALGO_Mass
            -x-axis label is set to: ;M(T) [GeV])
            -using the binning as: [0.0, 60.0, 120.0, 180.0, 240.0, 300.0, 360.0, 420.0, 480.0, 540.0, 600.0, 660.0, 720.0, 780.0, 840.0, 900.0, 960.0, 1020.0, 1080.0, 1140.0, 1200.0, 1260.0, 1320.0, 1380.0, 1440.0, 1500.0, 1560.0, 1620.0, 1680.0, 1740.0, 1800.0, 1860.0, 1920.0, 1980.0, 2040.0, 2100.0, 2160.0, 2220.0, 2280.0, 2340.0, 2400.0, 2460.0, 2520.0, 2580.0, 2640.0, 2700.0, 2760.0, 2820.0, 2880.0, 2940.0, 3000.0]
/////////////////////////
PROCESSING:  TTM1800TZTH
/////////////////////////
plotTreeName: Tprime2_DeepAK8_decorr_Mass
Flavour: E #tag: isV_tHbW #algo: DeepAK8_decorr
Weights: 1 * 1 * 1 * pileupWeight * 1 * lepIdSF * EGammaGsfSF * 1 * (MCWeight_singleLepCalc/abs(MCWeight_singleLepCalc)) * 9.7394922041e-06
Cuts: (leptonPt_singleLepCalc > 50) && (corr_met_singleLepCalc > 55) && (AK4HT > 480) && (minDR_lepJet > 0.4 || ptRel_lepJet > 40) && (NJetsAK8_JetSubCalc > 2) && (minDR_leadAK8otherAK8 < 3.0) && DataPastTrigger == 1 && isElectron==1
****************************************************************************************************
****************************************************************************************************
DISTRIBUTION: Tp2Mass
            -name in ljmet trees: Tprime2_ALGO_Mass
            -x-axis label is set to: ;M(T) [GeV])
            -using the binning as: [0.0, 60.0, 120.0, 180.0, 240.0, 300.0, 360.0, 420.0, 480.0, 540.0, 600.0, 660.0, 720.0, 780.0, 840.0, 900.0, 960.0, 1020.0, 1080.0, 1140.0, 1200.0, 1260.0, 1320.0, 1380.0, 1440.0, 1500.0, 1560.0, 1620.0, 1680.0, 1740.0, 1800.0, 1860.0, 1920.0, 1980.0, 2040.0, 2100.0, 2160.0, 2220.0, 2280.0, 2340.0, 2400.0, 2460.0, 2520.0, 2580.0, 2640.0, 2700.0, 2760.0, 2820.0, 2880.0, 2940.0, 3000.0]
/////////////////////////
PROCESSING:  WJetsMG400
/////////////////////////
plotTreeName: Tprime2_BEST_Mass
Flavour: E #tag: isV_tHtH #algo: BEST
Weights: 1 * HTSF_Pol * 1 * pileupWeight * 1 * lepIdSF * EGammaGsfSF * 1 * (MCWeight_singleLepCalc/abs(MCWeight_singleLepCalc)) * 0.280770227538
Cuts: (leptonPt_singleLepCalc > 50) && (corr_met_singleLepCalc > 55) && (AK4HT > 480) && (minDR_lepJet > 0.4 || ptRel_lepJet > 40) && (NJetsAK8_JetSubCalc > 2) && (minDR_leadAK8otherAK8 < 3.0) && DataPastTrigger == 1 && isElectron==1
****************************************************************************************************
****************************************************************************************************
DISTRIBUTION: Tp2Mass
            -name in ljmet trees: Tprime2_ALGO_Mass
            -x-axis label is set to: ;M(T) [GeV])
            -using the binning as: [0.0, 60.0, 120.0, 180.0, 240.0, 300.0, 360.0, 420.0, 480.0, 540.0, 600.0, 660.0, 720.0, 780.0, 840.0, 900.0, 960.0, 1020.0, 1080.0, 1140.0, 1200.0, 1260.0, 1320.0, 1380.0, 1440.0, 1500.0, 1560.0, 1620.0, 1680.0, 1740.0, 1800.0, 1860.0, 1920.0, 1980.0, 2040.0, 2100.0, 2160.0, 2220.0, 2280.0, 2340.0, 2400.0, 2460.0, 2520.0, 2580.0, 2640.0, 2700.0, 2760.0, 2820.0, 2880.0, 2940.0, 3000.0]
/////////////////////////
PROCESSING:  WJetsMG600
/////////////////////////
plotTreeName: Tprime2_BEST_Mass
Flavour: E #tag: isV_tHtH #algo: BEST
Weights: 1 * HTSF_Pol * 1 * pileupWeight * 1 * lepIdSF * EGammaGsfSF * 1 * (MCWeight_singleLepCalc/abs(MCWeight_singleLepCalc)) * 0.0287233231554
Cuts: (leptonPt_singleLepCalc > 50) && (corr_met_singleLepCalc > 55) && (AK4HT > 480) && (minDR_lepJet > 0.4 || ptRel_lepJet > 40) && (NJetsAK8_JetSubCalc > 2) && (minDR_leadAK8otherAK8 < 3.0) && DataPastTrigger == 1 && isElectron==1
****************************************************************************************************
****************************************************************************************************
DISTRIBUTION: Tp2Mass
            -name in ljmet trees: Tprime2_ALGO_Mass
            -x-axis label is set to: ;M(T) [GeV])
            -using the binning as: [0.0, 60.0, 120.0, 180.0, 240.0, 300.0, 360.0, 420.0, 480.0, 540.0, 600.0, 660.0, 720.0, 780.0, 840.0, 900.0, 960.0, 1020.0, 1080.0, 1140.0, 1200.0, 1260.0, 1320.0, 1380.0, 1440.0, 1500.0, 1560.0, 1620.0, 1680.0, 1740.0, 1800.0, 1860.0, 1920.0, 1980.0, 2040.0, 2100.0, 2160.0, 2220.0, 2280.0, 2340.0, 2400.0, 2460.0, 2520.0, 2580.0, 2640.0, 2700.0, 2760.0, 2820.0, 2880.0, 2940.0, 3000.0]
/////////////////////////
PROCESSING:  WJetsMG800
/////////////////////////
plotTreeName: Tprime2_BEST_Mass
Flavour: E #tag: isV_tHtH #algo: BEST
Weights: 1 * HTSF_Pol * 1 * pileupWeight * 1 * lepIdSF * EGammaGsfSF * 1 * (MCWeight_singleLepCalc/abs(MCWeight_singleLepCalc)) * 0.0316367902594
Cuts: (leptonPt_singleLepCalc > 50) && (corr_met_singleLepCalc > 55) && (AK4HT > 480) && (minDR_lepJet > 0.4 || ptRel_lepJet > 40) && (NJetsAK8_JetSubCalc > 2) && (minDR_leadAK8otherAK8 < 3.0) && DataPastTrigger == 1 && isElectron==1
****************************************************************************************************
****************************************************************************************************
DISTRIBUTION: Tp2Mass
            -name in ljmet trees: Tprime2_ALGO_Mass
            -x-axis label is set to: ;M(T) [GeV])
            -using the binning as: [0.0, 60.0, 120.0, 180.0, 240.0, 300.0, 360.0, 420.0, 480.0, 540.0, 600.0, 660.0, 720.0, 780.0, 840.0, 900.0, 960.0, 1020.0, 1080.0, 1140.0, 1200.0, 1260.0, 1320.0, 1380.0, 1440.0, 1500.0, 1560.0, 1620.0, 1680.0, 1740.0, 1800.0, 1860.0, 1920.0, 1980.0, 2040.0, 2100.0, 2160.0, 2220.0, 2280.0, 2340.0, 2400.0, 2460.0, 2520.0, 2580.0, 2640.0, 2700.0, 2760.0, 2820.0, 2880.0, 2940.0, 3000.0]
/////////////////////////
PROCESSING:  WJetsMG1200
/////////////////////////
plotTreeName: Tprime2_BEST_Mass
Flavour: E #tag: isV_tHtH #algo: BEST
Weights: 1 * HTSF_Pol * 1 * pileupWeight * 1 * lepIdSF * EGammaGsfSF * 1 * (MCWeight_singleLepCalc/abs(MCWeight_singleLepCalc)) * 0.00861414819858
Cuts: (leptonPt_singleLepCalc > 50) && (corr_met_singleLepCalc > 55) && (AK4HT > 480) && (minDR_lepJet > 0.4 || ptRel_lepJet > 40) && (NJetsAK8_JetSubCalc > 2) && (minDR_leadAK8otherAK8 < 3.0) && DataPastTrigger == 1 && isElectron==1
****************************************************************************************************
****************************************************************************************************
DISTRIBUTION: Tp2Mass
            -name in ljmet trees: Tprime2_ALGO_Mass
            -x-axis label is set to: ;M(T) [GeV])
            -using the binning as: [0.0, 60.0, 120.0, 180.0, 240.0, 300.0, 360.0, 420.0, 480.0, 540.0, 600.0, 660.0, 720.0, 780.0, 840.0, 900.0, 960.0, 1020.0, 1080.0, 1140.0, 1200.0, 1260.0, 1320.0, 1380.0, 1440.0, 1500.0, 1560.0, 1620.0, 1680.0, 1740.0, 1800.0, 1860.0, 1920.0, 1980.0, 2040.0, 2100.0, 2160.0, 2220.0, 2280.0, 2340.0, 2400.0, 2460.0, 2520.0, 2580.0, 2640.0, 2700.0, 2760.0, 2820.0, 2880.0, 2940.0, 3000.0]
/////////////////////////
PROCESSING:  WJetsMG2500
/////////////////////////
plotTreeName: Tprime2_BEST_Mass
Flavour: E #tag: isV_tHtH #algo: BEST
Weights: 1 * HTSF_Pol * 1 * pileupWeight * 1 * lepIdSF * EGammaGsfSF * 1 * (MCWeight_singleLepCalc/abs(MCWeight_singleLepCalc)) * 0.00054308661217
Cuts: (leptonPt_singleLepCalc > 50) && (corr_met_singleLepCalc > 55) && (AK4HT > 480) && (minDR_lepJet > 0.4 || ptRel_lepJet > 40) && (NJetsAK8_JetSubCalc > 2) && (minDR_leadAK8otherAK8 < 3.0) && DataPastTrigger == 1 && isElectron==1
****************************************************************************************************
****************************************************************************************************
DISTRIBUTION: Tp2Mass
            -name in ljmet trees: Tprime2_ALGO_Mass
            -x-axis label is set to: ;M(T) [GeV])
            -using the binning as: [0.0, 60.0, 120.0, 180.0, 240.0, 300.0, 360.0, 420.0, 480.0, 540.0, 600.0, 660.0, 720.0, 780.0, 840.0, 900.0, 960.0, 1020.0, 1080.0, 1140.0, 1200.0, 1260.0, 1320.0, 1380.0, 1440.0, 1500.0, 1560.0, 1620.0, 1680.0, 1740.0, 1800.0, 1860.0, 1920.0, 1980.0, 2040.0, 2100.0, 2160.0, 2220.0, 2280.0, 2340.0, 2400.0, 2460.0, 2520.0, 2580.0, 2640.0, 2700.0, 2760.0, 2820.0, 2880.0, 2940.0, 3000.0]
/////////////////////////
PROCESSING:  TTM1100BWBW
/////////////////////////
plotTreeName: Tprime2_BEST_Mass
Flavour: E #tag: isV_tHtH #algo: BEST
Weights: 1 * 1 * 1 * pileupWeight * 1 * lepIdSF * EGammaGsfSF * 1 * (MCWeight_singleLepCalc/abs(MCWeight_singleLepCalc)) * 0.00223239916536
Cuts: (leptonPt_singleLepCalc > 50) && (corr_met_singleLepCalc > 55) && (AK4HT > 480) && (minDR_lepJet > 0.4 || ptRel_lepJet > 40) && (NJetsAK8_JetSubCalc > 2) && (minDR_leadAK8otherAK8 < 3.0) && DataPastTrigger == 1 && isElectron==1
****************************************************************************************************
****************************************************************************************************
DISTRIBUTION: Tp2Mass
            -name in ljmet trees: Tprime2_ALGO_Mass
            -x-axis label is set to: ;M(T) [GeV])
            -using the binning as: [0.0, 60.0, 120.0, 180.0, 240.0, 300.0, 360.0, 420.0, 480.0, 540.0, 600.0, 660.0, 720.0, 780.0, 840.0, 900.0, 960.0, 1020.0, 1080.0, 1140.0, 1200.0, 1260.0, 1320.0, 1380.0, 1440.0, 1500.0, 1560.0, 1620.0, 1680.0, 1740.0, 1800.0, 1860.0, 1920.0, 1980.0, 2040.0, 2100.0, 2160.0, 2220.0, 2280.0, 2340.0, 2400.0, 2460.0, 2520.0, 2580.0, 2640.0, 2700.0, 2760.0, 2820.0, 2880.0, 2940.0, 3000.0]
/////////////////////////
PROCESSING:  TTM1100THTH
/////////////////////////
plotTreeName: Tprime2_BEST_Mass
Flavour: E #tag: isV_tHtH #algo: BEST
Weights: 1 * 1 * 1 * pileupWeight * 1 * lepIdSF * EGammaGsfSF * 1 * (MCWeight_singleLepCalc/abs(MCWeight_singleLepCalc)) * 0.000558099791339
Cuts: (leptonPt_singleLepCalc > 50) && (corr_met_singleLepCalc > 55) && (AK4HT > 480) && (minDR_lepJet > 0.4 || ptRel_lepJet > 40) && (NJetsAK8_JetSubCalc > 2) && (minDR_leadAK8otherAK8 < 3.0) && DataPastTrigger == 1 && isElectron==1
****************************************************************************************************
****************************************************************************************************
DISTRIBUTION: Tp2Mass
            -name in ljmet trees: Tprime2_ALGO_Mass
            -x-axis label is set to: ;M(T) [GeV])
            -using the binning as: [0.0, 60.0, 120.0, 180.0, 240.0, 300.0, 360.0, 420.0, 480.0, 540.0, 600.0, 660.0, 720.0, 780.0, 840.0, 900.0, 960.0, 1020.0, 1080.0, 1140.0, 1200.0, 1260.0, 1320.0, 1380.0, 1440.0, 1500.0, 1560.0, 1620.0, 1680.0, 1740.0, 1800.0, 1860.0, 1920.0, 1980.0, 2040.0, 2100.0, 2160.0, 2220.0, 2280.0, 2340.0, 2400.0, 2460.0, 2520.0, 2580.0, 2640.0, 2700.0, 2760.0, 2820.0, 2880.0, 2940.0, 3000.0]
/////////////////////////
PROCESSING:  TTM1100TZTZ
/////////////////////////
plotTreeName: Tprime2_BEST_Mass
Flavour: E #tag: isV_tHtH #algo: BEST
Weights: 1 * 1 * 1 * pileupWeight * 1 * lepIdSF * EGammaGsfSF * 1 * (MCWeight_singleLepCalc/abs(MCWeight_singleLepCalc)) * 0.000558099791339
Cuts: (leptonPt_singleLepCalc > 50) && (corr_met_singleLepCalc > 55) && (AK4HT > 480) && (minDR_lepJet > 0.4 || ptRel_lepJet > 40) && (NJetsAK8_JetSubCalc > 2) && (minDR_leadAK8otherAK8 < 3.0) && DataPastTrigger == 1 && isElectron==1
****************************************************************************************************
****************************************************************************************************
DISTRIBUTION: Tp2Mass
            -name in ljmet trees: Tprime2_ALGO_Mass
            -x-axis label is set to: ;M(T) [GeV])
            -using the binning as: [0.0, 60.0, 120.0, 180.0, 240.0, 300.0, 360.0, 420.0, 480.0, 540.0, 600.0, 660.0, 720.0, 780.0, 840.0, 900.0, 960.0, 1020.0, 1080.0, 1140.0, 1200.0, 1260.0, 1320.0, 1380.0, 1440.0, 1500.0, 1560.0, 1620.0, 1680.0, 1740.0, 1800.0, 1860.0, 1920.0, 1980.0, 2040.0, 2100.0, 2160.0, 2220.0, 2280.0, 2340.0, 2400.0, 2460.0, 2520.0, 2580.0, 2640.0, 2700.0, 2760.0, 2820.0, 2880.0, 2940.0, 3000.0]
/////////////////////////
PROCESSING:  TTM1100TZBW
/////////////////////////
plotTreeName: Tprime2_BEST_Mass
Flavour: E #tag: isV_tHtH #algo: BEST
Weights: 1 * 1 * 1 * pileupWeight * 1 * lepIdSF * EGammaGsfSF * 1 * (MCWeight_singleLepCalc/abs(MCWeight_singleLepCalc)) * 0.00111619958268
Cuts: (leptonPt_singleLepCalc > 50) && (corr_met_singleLepCalc > 55) && (AK4HT > 480) && (minDR_lepJet > 0.4 || ptRel_lepJet > 40) && (NJetsAK8_JetSubCalc > 2) && (minDR_leadAK8otherAK8 < 3.0) && DataPastTrigger == 1 && isElectron==1
****************************************************************************************************
****************************************************************************************************
DISTRIBUTION: Tp2Mass
            -name in ljmet trees: Tprime2_ALGO_Mass
            -x-axis label is set to: ;M(T) [GeV])
            -using the binning as: [0.0, 60.0, 120.0, 180.0, 240.0, 300.0, 360.0, 420.0, 480.0, 540.0, 600.0, 660.0, 720.0, 780.0, 840.0, 900.0, 960.0, 1020.0, 1080.0, 1140.0, 1200.0, 1260.0, 1320.0, 1380.0, 1440.0, 1500.0, 1560.0, 1620.0, 1680.0, 1740.0, 1800.0, 1860.0, 1920.0, 1980.0, 2040.0, 2100.0, 2160.0, 2220.0, 2280.0, 2340.0, 2400.0, 2460.0, 2520.0, 2580.0, 2640.0, 2700.0, 2760.0, 2820.0, 2880.0, 2940.0, 3000.0]
/////////////////////////
PROCESSING:  TTM1100THBW
/////////////////////////
plotTreeName: Tprime2_BEST_Mass
Flavour: E #tag: isV_tHtH #algo: BEST
Weights: 1 * 1 * 1 * pileupWeight * 1 * lepIdSF * EGammaGsfSF * 1 * (MCWeight_singleLepCalc/abs(MCWeight_singleLepCalc)) * 0.00111619958268
Cuts: (leptonPt_singleLepCalc > 50) && (corr_met_singleLepCalc > 55) && (AK4HT > 480) && (minDR_lepJet > 0.4 || ptRel_lepJet > 40) && (NJetsAK8_JetSubCalc > 2) && (minDR_leadAK8otherAK8 < 3.0) && DataPastTrigger == 1 && isElectron==1
****************************************************************************************************
****************************************************************************************************
DISTRIBUTION: Tp2Mass
            -name in ljmet trees: Tprime2_ALGO_Mass
            -x-axis label is set to: ;M(T) [GeV])
            -using the binning as: [0.0, 60.0, 120.0, 180.0, 240.0, 300.0, 360.0, 420.0, 480.0, 540.0, 600.0, 660.0, 720.0, 780.0, 840.0, 900.0, 960.0, 1020.0, 1080.0, 1140.0, 1200.0, 1260.0, 1320.0, 1380.0, 1440.0, 1500.0, 1560.0, 1620.0, 1680.0, 1740.0, 1800.0, 1860.0, 1920.0, 1980.0, 2040.0, 2100.0, 2160.0, 2220.0, 2280.0, 2340.0, 2400.0, 2460.0, 2520.0, 2580.0, 2640.0, 2700.0, 2760.0, 2820.0, 2880.0, 2940.0, 3000.0]
/////////////////////////
PROCESSING:  TTM1100TZTH
/////////////////////////
plotTreeName: Tprime2_BEST_Mass
Flavour: E #tag: isV_tHtH #algo: BEST
Weights: 1 * 1 * 1 * pileupWeight * 1 * lepIdSF * EGammaGsfSF * 1 * (MCWeight_singleLepCalc/abs(MCWeight_singleLepCalc)) * 0.000558099791339
Cuts: (leptonPt_singleLepCalc > 50) && (corr_met_singleLepCalc > 55) && (AK4HT > 480) && (minDR_lepJet > 0.4 || ptRel_lepJet > 40) && (NJetsAK8_JetSubCalc > 2) && (minDR_leadAK8otherAK8 < 3.0) && DataPastTrigger == 1 && isElectron==1
****************************************************************************************************
****************************************************************************************************
DISTRIBUTION: Tp2Mass
            -name in ljmet trees: Tprime2_ALGO_Mass
            -x-axis label is set to: ;M(T) [GeV])
            -using the binning as: [0.0, 60.0, 120.0, 180.0, 240.0, 300.0, 360.0, 420.0, 480.0, 540.0, 600.0, 660.0, 720.0, 780.0, 840.0, 900.0, 960.0, 1020.0, 1080.0, 1140.0, 1200.0, 1260.0, 1320.0, 1380.0, 1440.0, 1500.0, 1560.0, 1620.0, 1680.0, 1740.0, 1800.0, 1860.0, 1920.0, 1980.0, 2040.0, 2100.0, 2160.0, 2220.0, 2280.0, 2340.0, 2400.0, 2460.0, 2520.0, 2580.0, 2640.0, 2700.0, 2760.0, 2820.0, 2880.0, 2940.0, 3000.0]
/////////////////////////
PROCESSING:  TTM1200BWBW
/////////////////////////
plotTreeName: Tprime2_BEST_Mass
Flavour: E #tag: isV_tHtH #algo: BEST
Weights: 1 * 1 * 1 * pileupWeight * 1 * lepIdSF * EGammaGsfSF * 1 * (MCWeight_singleLepCalc/abs(MCWeight_singleLepCalc)) * 0.00117627847652
Cuts: (leptonPt_singleLepCalc > 50) && (corr_met_singleLepCalc > 55) && (AK4HT > 480) && (minDR_lepJet > 0.4 || ptRel_lepJet > 40) && (NJetsAK8_JetSubCalc > 2) && (minDR_leadAK8otherAK8 < 3.0) && DataPastTrigger == 1 && isElectron==1
****************************************************************************************************
****************************************************************************************************
DISTRIBUTION: Tp2Mass
            -name in ljmet trees: Tprime2_ALGO_Mass
            -x-axis label is set to: ;M(T) [GeV])
            -using the binning as: [0.0, 60.0, 120.0, 180.0, 240.0, 300.0, 360.0, 420.0, 480.0, 540.0, 600.0, 660.0, 720.0, 780.0, 840.0, 900.0, 960.0, 1020.0, 1080.0, 1140.0, 1200.0, 1260.0, 1320.0, 1380.0, 1440.0, 1500.0, 1560.0, 1620.0, 1680.0, 1740.0, 1800.0, 1860.0, 1920.0, 1980.0, 2040.0, 2100.0, 2160.0, 2220.0, 2280.0, 2340.0, 2400.0, 2460.0, 2520.0, 2580.0, 2640.0, 2700.0, 2760.0, 2820.0, 2880.0, 2940.0, 3000.0]
/////////////////////////
PROCESSING:  TTM1200THTH
/////////////////////////
plotTreeName: Tprime2_BEST_Mass
Flavour: E #tag: isV_tHtH #algo: BEST
Weights: 1 * 1 * 1 * pileupWeight * 1 * lepIdSF * EGammaGsfSF * 1 * (MCWeight_singleLepCalc/abs(MCWeight_singleLepCalc)) * 0.00029406961913
Cuts: (leptonPt_singleLepCalc > 50) && (corr_met_singleLepCalc > 55) && (AK4HT > 480) && (minDR_lepJet > 0.4 || ptRel_lepJet > 40) && (NJetsAK8_JetSubCalc > 2) && (minDR_leadAK8otherAK8 < 3.0) && DataPastTrigger == 1 && isElectron==1
****************************************************************************************************
****************************************************************************************************
DISTRIBUTION: Tp2Mass
            -name in ljmet trees: Tprime2_ALGO_Mass
            -x-axis label is set to: ;M(T) [GeV])
            -using the binning as: [0.0, 60.0, 120.0, 180.0, 240.0, 300.0, 360.0, 420.0, 480.0, 540.0, 600.0, 660.0, 720.0, 780.0, 840.0, 900.0, 960.0, 1020.0, 1080.0, 1140.0, 1200.0, 1260.0, 1320.0, 1380.0, 1440.0, 1500.0, 1560.0, 1620.0, 1680.0, 1740.0, 1800.0, 1860.0, 1920.0, 1980.0, 2040.0, 2100.0, 2160.0, 2220.0, 2280.0, 2340.0, 2400.0, 2460.0, 2520.0, 2580.0, 2640.0, 2700.0, 2760.0, 2820.0, 2880.0, 2940.0, 3000.0]
/////////////////////////
PROCESSING:  TTM1200TZTZ
/////////////////////////
plotTreeName: Tprime2_BEST_Mass
Flavour: E #tag: isV_tHtH #algo: BEST
Weights: 1 * 1 * 1 * pileupWeight * 1 * lepIdSF * EGammaGsfSF * 1 * (MCWeight_singleLepCalc/abs(MCWeight_singleLepCalc)) * 0.00029406961913
Cuts: (leptonPt_singleLepCalc > 50) && (corr_met_singleLepCalc > 55) && (AK4HT > 480) && (minDR_lepJet > 0.4 || ptRel_lepJet > 40) && (NJetsAK8_JetSubCalc > 2) && (minDR_leadAK8otherAK8 < 3.0) && DataPastTrigger == 1 && isElectron==1
****************************************************************************************************
****************************************************************************************************
DISTRIBUTION: Tp2Mass
            -name in ljmet trees: Tprime2_ALGO_Mass
            -x-axis label is set to: ;M(T) [GeV])
            -using the binning as: [0.0, 60.0, 120.0, 180.0, 240.0, 300.0, 360.0, 420.0, 480.0, 540.0, 600.0, 660.0, 720.0, 780.0, 840.0, 900.0, 960.0, 1020.0, 1080.0, 1140.0, 1200.0, 1260.0, 1320.0, 1380.0, 1440.0, 1500.0, 1560.0, 1620.0, 1680.0, 1740.0, 1800.0, 1860.0, 1920.0, 1980.0, 2040.0, 2100.0, 2160.0, 2220.0, 2280.0, 2340.0, 2400.0, 2460.0, 2520.0, 2580.0, 2640.0, 2700.0, 2760.0, 2820.0, 2880.0, 2940.0, 3000.0]
/////////////////////////
PROCESSING:  TTM1200TZBW
/////////////////////////
plotTreeName: Tprime2_BEST_Mass
Flavour: E #tag: isV_tHtH #algo: BEST
Weights: 1 * 1 * 1 * pileupWeight * 1 * lepIdSF * EGammaGsfSF * 1 * (MCWeight_singleLepCalc/abs(MCWeight_singleLepCalc)) * 0.000588139238259
Cuts: (leptonPt_singleLepCalc > 50) && (corr_met_singleLepCalc > 55) && (AK4HT > 480) && (minDR_lepJet > 0.4 || ptRel_lepJet > 40) && (NJetsAK8_JetSubCalc > 2) && (minDR_leadAK8otherAK8 < 3.0) && DataPastTrigger == 1 && isElectron==1
****************************************************************************************************
****************************************************************************************************
DISTRIBUTION: Tp2Mass
            -name in ljmet trees: Tprime2_ALGO_Mass
            -x-axis label is set to: ;M(T) [GeV])
            -using the binning as: [0.0, 60.0, 120.0, 180.0, 240.0, 300.0, 360.0, 420.0, 480.0, 540.0, 600.0, 660.0, 720.0, 780.0, 840.0, 900.0, 960.0, 1020.0, 1080.0, 1140.0, 1200.0, 1260.0, 1320.0, 1380.0, 1440.0, 1500.0, 1560.0, 1620.0, 1680.0, 1740.0, 1800.0, 1860.0, 1920.0, 1980.0, 2040.0, 2100.0, 2160.0, 2220.0, 2280.0, 2340.0, 2400.0, 2460.0, 2520.0, 2580.0, 2640.0, 2700.0, 2760.0, 2820.0, 2880.0, 2940.0, 3000.0]
/////////////////////////
PROCESSING:  TTM1200THBW
/////////////////////////
plotTreeName: Tprime2_BEST_Mass
Flavour: E #tag: isV_tHtH #algo: BEST
Weights: 1 * 1 * 1 * pileupWeight * 1 * lepIdSF * EGammaGsfSF * 1 * (MCWeight_singleLepCalc/abs(MCWeight_singleLepCalc)) * 0.000588139238259
Cuts: (leptonPt_singleLepCalc > 50) && (corr_met_singleLepCalc > 55) && (AK4HT > 480) && (minDR_lepJet > 0.4 || ptRel_lepJet > 40) && (NJetsAK8_JetSubCalc > 2) && (minDR_leadAK8otherAK8 < 3.0) && DataPastTrigger == 1 && isElectron==1
****************************************************************************************************
****************************************************************************************************
DISTRIBUTION: Tp2Mass
            -name in ljmet trees: Tprime2_ALGO_Mass
            -x-axis label is set to: ;M(T) [GeV])
            -using the binning as: [0.0, 60.0, 120.0, 180.0, 240.0, 300.0, 360.0, 420.0, 480.0, 540.0, 600.0, 660.0, 720.0, 780.0, 840.0, 900.0, 960.0, 1020.0, 1080.0, 1140.0, 1200.0, 1260.0, 1320.0, 1380.0, 1440.0, 1500.0, 1560.0, 1620.0, 1680.0, 1740.0, 1800.0, 1860.0, 1920.0, 1980.0, 2040.0, 2100.0, 2160.0, 2220.0, 2280.0, 2340.0, 2400.0, 2460.0, 2520.0, 2580.0, 2640.0, 2700.0, 2760.0, 2820.0, 2880.0, 2940.0, 3000.0]
/////////////////////////
PROCESSING:  TTM1200TZTH
/////////////////////////
plotTreeName: Tprime2_BEST_Mass
Flavour: E #tag: isV_tHtH #algo: BEST
Weights: 1 * 1 * 1 * pileupWeight * 1 * lepIdSF * EGammaGsfSF * 1 * (MCWeight_singleLepCalc/abs(MCWeight_singleLepCalc)) * 0.00029406961913
Cuts: (leptonPt_singleLepCalc > 50) && (corr_met_singleLepCalc > 55) && (AK4HT > 480) && (minDR_lepJet > 0.4 || ptRel_lepJet > 40) && (NJetsAK8_JetSubCalc > 2) && (minDR_leadAK8otherAK8 < 3.0) && DataPastTrigger == 1 && isElectron==1
****************************************************************************************************
****************************************************************************************************
DISTRIBUTION: Tp2Mass
            -name in ljmet trees: Tprime2_ALGO_Mass
            -x-axis label is set to: ;M(T) [GeV])
            -using the binning as: [0.0, 60.0, 120.0, 180.0, 240.0, 300.0, 360.0, 420.0, 480.0, 540.0, 600.0, 660.0, 720.0, 780.0, 840.0, 900.0, 960.0, 1020.0, 1080.0, 1140.0, 1200.0, 1260.0, 1320.0, 1380.0, 1440.0, 1500.0, 1560.0, 1620.0, 1680.0, 1740.0, 1800.0, 1860.0, 1920.0, 1980.0, 2040.0, 2100.0, 2160.0, 2220.0, 2280.0, 2340.0, 2400.0, 2460.0, 2520.0, 2580.0, 2640.0, 2700.0, 2760.0, 2820.0, 2880.0, 2940.0, 3000.0]
/////////////////////////
PROCESSING:  TTM1300BWBW
/////////////////////////
plotTreeName: Tprime2_BEST_Mass
Flavour: E #tag: isV_tHtH #algo: BEST
Weights: 1 * 1 * 1 * pileupWeight * 1 * lepIdSF * EGammaGsfSF * 1 * (MCWeight_singleLepCalc/abs(MCWeight_singleLepCalc)) * 0.00063821114509
Cuts: (leptonPt_singleLepCalc > 50) && (corr_met_singleLepCalc > 55) && (AK4HT > 480) && (minDR_lepJet > 0.4 || ptRel_lepJet > 40) && (NJetsAK8_JetSubCalc > 2) && (minDR_leadAK8otherAK8 < 3.0) && DataPastTrigger == 1 && isElectron==1
****************************************************************************************************
****************************************************************************************************
DISTRIBUTION: Tp2Mass
            -name in ljmet trees: Tprime2_ALGO_Mass
            -x-axis label is set to: ;M(T) [GeV])
            -using the binning as: [0.0, 60.0, 120.0, 180.0, 240.0, 300.0, 360.0, 420.0, 480.0, 540.0, 600.0, 660.0, 720.0, 780.0, 840.0, 900.0, 960.0, 1020.0, 1080.0, 1140.0, 1200.0, 1260.0, 1320.0, 1380.0, 1440.0, 1500.0, 1560.0, 1620.0, 1680.0, 1740.0, 1800.0, 1860.0, 1920.0, 1980.0, 2040.0, 2100.0, 2160.0, 2220.0, 2280.0, 2340.0, 2400.0, 2460.0, 2520.0, 2580.0, 2640.0, 2700.0, 2760.0, 2820.0, 2880.0, 2940.0, 3000.0]
/////////////////////////
PROCESSING:  TTM1300THTH
/////////////////////////
plotTreeName: Tprime2_BEST_Mass
Flavour: E #tag: isV_tHtH #algo: BEST
Weights: 1 * 1 * 1 * pileupWeight * 1 * lepIdSF * EGammaGsfSF * 1 * (MCWeight_singleLepCalc/abs(MCWeight_singleLepCalc)) * 0.000159552786272
Cuts: (leptonPt_singleLepCalc > 50) && (corr_met_singleLepCalc > 55) && (AK4HT > 480) && (minDR_lepJet > 0.4 || ptRel_lepJet > 40) && (NJetsAK8_JetSubCalc > 2) && (minDR_leadAK8otherAK8 < 3.0) && DataPastTrigger == 1 && isElectron==1
****************************************************************************************************
****************************************************************************************************
DISTRIBUTION: Tp2Mass
            -name in ljmet trees: Tprime2_ALGO_Mass
            -x-axis label is set to: ;M(T) [GeV])
            -using the binning as: [0.0, 60.0, 120.0, 180.0, 240.0, 300.0, 360.0, 420.0, 480.0, 540.0, 600.0, 660.0, 720.0, 780.0, 840.0, 900.0, 960.0, 1020.0, 1080.0, 1140.0, 1200.0, 1260.0, 1320.0, 1380.0, 1440.0, 1500.0, 1560.0, 1620.0, 1680.0, 1740.0, 1800.0, 1860.0, 1920.0, 1980.0, 2040.0, 2100.0, 2160.0, 2220.0, 2280.0, 2340.0, 2400.0, 2460.0, 2520.0, 2580.0, 2640.0, 2700.0, 2760.0, 2820.0, 2880.0, 2940.0, 3000.0]
/////////////////////////
PROCESSING:  TTM1300TZTZ
/////////////////////////
plotTreeName: Tprime2_BEST_Mass
Flavour: E #tag: isV_tHtH #algo: BEST
Weights: 1 * 1 * 1 * pileupWeight * 1 * lepIdSF * EGammaGsfSF * 1 * (MCWeight_singleLepCalc/abs(MCWeight_singleLepCalc)) * 0.000159552786272
Cuts: (leptonPt_singleLepCalc > 50) && (corr_met_singleLepCalc > 55) && (AK4HT > 480) && (minDR_lepJet > 0.4 || ptRel_lepJet > 40) && (NJetsAK8_JetSubCalc > 2) && (minDR_leadAK8otherAK8 < 3.0) && DataPastTrigger == 1 && isElectron==1
****************************************************************************************************
****************************************************************************************************
DISTRIBUTION: Tp2Mass
            -name in ljmet trees: Tprime2_ALGO_Mass
            -x-axis label is set to: ;M(T) [GeV])
            -using the binning as: [0.0, 60.0, 120.0, 180.0, 240.0, 300.0, 360.0, 420.0, 480.0, 540.0, 600.0, 660.0, 720.0, 780.0, 840.0, 900.0, 960.0, 1020.0, 1080.0, 1140.0, 1200.0, 1260.0, 1320.0, 1380.0, 1440.0, 1500.0, 1560.0, 1620.0, 1680.0, 1740.0, 1800.0, 1860.0, 1920.0, 1980.0, 2040.0, 2100.0, 2160.0, 2220.0, 2280.0, 2340.0, 2400.0, 2460.0, 2520.0, 2580.0, 2640.0, 2700.0, 2760.0, 2820.0, 2880.0, 2940.0, 3000.0]
/////////////////////////
PROCESSING:  TTM1300TZBW
/////////////////////////
plotTreeName: Tprime2_BEST_Mass
Flavour: E #tag: isV_tHtH #algo: BEST
Weights: 1 * 1 * 1 * pileupWeight * 1 * lepIdSF * EGammaGsfSF * 1 * (MCWeight_singleLepCalc/abs(MCWeight_singleLepCalc)) * 0.000319105572545
Cuts: (leptonPt_singleLepCalc > 50) && (corr_met_singleLepCalc > 55) && (AK4HT > 480) && (minDR_lepJet > 0.4 || ptRel_lepJet > 40) && (NJetsAK8_JetSubCalc > 2) && (minDR_leadAK8otherAK8 < 3.0) && DataPastTrigger == 1 && isElectron==1
****************************************************************************************************
****************************************************************************************************
DISTRIBUTION: Tp2Mass
            -name in ljmet trees: Tprime2_ALGO_Mass
            -x-axis label is set to: ;M(T) [GeV])
            -using the binning as: [0.0, 60.0, 120.0, 180.0, 240.0, 300.0, 360.0, 420.0, 480.0, 540.0, 600.0, 660.0, 720.0, 780.0, 840.0, 900.0, 960.0, 1020.0, 1080.0, 1140.0, 1200.0, 1260.0, 1320.0, 1380.0, 1440.0, 1500.0, 1560.0, 1620.0, 1680.0, 1740.0, 1800.0, 1860.0, 1920.0, 1980.0, 2040.0, 2100.0, 2160.0, 2220.0, 2280.0, 2340.0, 2400.0, 2460.0, 2520.0, 2580.0, 2640.0, 2700.0, 2760.0, 2820.0, 2880.0, 2940.0, 3000.0]
/////////////////////////
PROCESSING:  TTM1300THBW
/////////////////////////
plotTreeName: Tprime2_BEST_Mass
Flavour: E #tag: isV_tHtH #algo: BEST
Weights: 1 * 1 * 1 * pileupWeight * 1 * lepIdSF * EGammaGsfSF * 1 * (MCWeight_singleLepCalc/abs(MCWeight_singleLepCalc)) * 0.000319105572545
Cuts: (leptonPt_singleLepCalc > 50) && (corr_met_singleLepCalc > 55) && (AK4HT > 480) && (minDR_lepJet > 0.4 || ptRel_lepJet > 40) && (NJetsAK8_JetSubCalc > 2) && (minDR_leadAK8otherAK8 < 3.0) && DataPastTrigger == 1 && isElectron==1
****************************************************************************************************
****************************************************************************************************
DISTRIBUTION: Tp2Mass
            -name in ljmet trees: Tprime2_ALGO_Mass
            -x-axis label is set to: ;M(T) [GeV])
            -using the binning as: [0.0, 60.0, 120.0, 180.0, 240.0, 300.0, 360.0, 420.0, 480.0, 540.0, 600.0, 660.0, 720.0, 780.0, 840.0, 900.0, 960.0, 1020.0, 1080.0, 1140.0, 1200.0, 1260.0, 1320.0, 1380.0, 1440.0, 1500.0, 1560.0, 1620.0, 1680.0, 1740.0, 1800.0, 1860.0, 1920.0, 1980.0, 2040.0, 2100.0, 2160.0, 2220.0, 2280.0, 2340.0, 2400.0, 2460.0, 2520.0, 2580.0, 2640.0, 2700.0, 2760.0, 2820.0, 2880.0, 2940.0, 3000.0]
/////////////////////////
PROCESSING:  TTM1300TZTH
/////////////////////////
plotTreeName: Tprime2_BEST_Mass
Flavour: E #tag: isV_tHtH #algo: BEST
Weights: 1 * 1 * 1 * pileupWeight * 1 * lepIdSF * EGammaGsfSF * 1 * (MCWeight_singleLepCalc/abs(MCWeight_singleLepCalc)) * 0.000159552786272
Cuts: (leptonPt_singleLepCalc > 50) && (corr_met_singleLepCalc > 55) && (AK4HT > 480) && (minDR_lepJet > 0.4 || ptRel_lepJet > 40) && (NJetsAK8_JetSubCalc > 2) && (minDR_leadAK8otherAK8 < 3.0) && DataPastTrigger == 1 && isElectron==1
****************************************************************************************************
****************************************************************************************************
DISTRIBUTION: Tp2Mass
            -name in ljmet trees: Tprime2_ALGO_Mass
            -x-axis label is set to: ;M(T) [GeV])
            -using the binning as: [0.0, 60.0, 120.0, 180.0, 240.0, 300.0, 360.0, 420.0, 480.0, 540.0, 600.0, 660.0, 720.0, 780.0, 840.0, 900.0, 960.0, 1020.0, 1080.0, 1140.0, 1200.0, 1260.0, 1320.0, 1380.0, 1440.0, 1500.0, 1560.0, 1620.0, 1680.0, 1740.0, 1800.0, 1860.0, 1920.0, 1980.0, 2040.0, 2100.0, 2160.0, 2220.0, 2280.0, 2340.0, 2400.0, 2460.0, 2520.0, 2580.0, 2640.0, 2700.0, 2760.0, 2820.0, 2880.0, 2940.0, 3000.0]
/////////////////////////
PROCESSING:  TTM1400BWBW
/////////////////////////
plotTreeName: Tprime2_BEST_Mass
Flavour: E #tag: isV_tHtH #algo: BEST
Weights: 1 * 1 * 1 * pileupWeight * 1 * lepIdSF * EGammaGsfSF * 1 * (MCWeight_singleLepCalc/abs(MCWeight_singleLepCalc)) * 0.000352883542956
Cuts: (leptonPt_singleLepCalc > 50) && (corr_met_singleLepCalc > 55) && (AK4HT > 480) && (minDR_lepJet > 0.4 || ptRel_lepJet > 40) && (NJetsAK8_JetSubCalc > 2) && (minDR_leadAK8otherAK8 < 3.0) && DataPastTrigger == 1 && isElectron==1
****************************************************************************************************
****************************************************************************************************
DISTRIBUTION: Tp2Mass
            -name in ljmet trees: Tprime2_ALGO_Mass
            -x-axis label is set to: ;M(T) [GeV])
            -using the binning as: [0.0, 60.0, 120.0, 180.0, 240.0, 300.0, 360.0, 420.0, 480.0, 540.0, 600.0, 660.0, 720.0, 780.0, 840.0, 900.0, 960.0, 1020.0, 1080.0, 1140.0, 1200.0, 1260.0, 1320.0, 1380.0, 1440.0, 1500.0, 1560.0, 1620.0, 1680.0, 1740.0, 1800.0, 1860.0, 1920.0, 1980.0, 2040.0, 2100.0, 2160.0, 2220.0, 2280.0, 2340.0, 2400.0, 2460.0, 2520.0, 2580.0, 2640.0, 2700.0, 2760.0, 2820.0, 2880.0, 2940.0, 3000.0]
/////////////////////////
PROCESSING:  TTM1400THTH
/////////////////////////
plotTreeName: Tprime2_BEST_Mass
Flavour: E #tag: isV_tHtH #algo: BEST
Weights: 1 * 1 * 1 * pileupWeight * 1 * lepIdSF * EGammaGsfSF * 1 * (MCWeight_singleLepCalc/abs(MCWeight_singleLepCalc)) * 8.82208857389e-05
Cuts: (leptonPt_singleLepCalc > 50) && (corr_met_singleLepCalc > 55) && (AK4HT > 480) && (minDR_lepJet > 0.4 || ptRel_lepJet > 40) && (NJetsAK8_JetSubCalc > 2) && (minDR_leadAK8otherAK8 < 3.0) && DataPastTrigger == 1 && isElectron==1
****************************************************************************************************
****************************************************************************************************
DISTRIBUTION: Tp2Mass
            -name in ljmet trees: Tprime2_ALGO_Mass
            -x-axis label is set to: ;M(T) [GeV])
            -using the binning as: [0.0, 60.0, 120.0, 180.0, 240.0, 300.0, 360.0, 420.0, 480.0, 540.0, 600.0, 660.0, 720.0, 780.0, 840.0, 900.0, 960.0, 1020.0, 1080.0, 1140.0, 1200.0, 1260.0, 1320.0, 1380.0, 1440.0, 1500.0, 1560.0, 1620.0, 1680.0, 1740.0, 1800.0, 1860.0, 1920.0, 1980.0, 2040.0, 2100.0, 2160.0, 2220.0, 2280.0, 2340.0, 2400.0, 2460.0, 2520.0, 2580.0, 2640.0, 2700.0, 2760.0, 2820.0, 2880.0, 2940.0, 3000.0]
/////////////////////////
PROCESSING:  TTM1400TZTZ
/////////////////////////
plotTreeName: Tprime2_BEST_Mass
Flavour: E #tag: isV_tHtH #algo: BEST
Weights: 1 * 1 * 1 * pileupWeight * 1 * lepIdSF * EGammaGsfSF * 1 * (MCWeight_singleLepCalc/abs(MCWeight_singleLepCalc)) * 8.82208857389e-05
Cuts: (leptonPt_singleLepCalc > 50) && (corr_met_singleLepCalc > 55) && (AK4HT > 480) && (minDR_lepJet > 0.4 || ptRel_lepJet > 40) && (NJetsAK8_JetSubCalc > 2) && (minDR_leadAK8otherAK8 < 3.0) && DataPastTrigger == 1 && isElectron==1
****************************************************************************************************
****************************************************************************************************
DISTRIBUTION: Tp2Mass
            -name in ljmet trees: Tprime2_ALGO_Mass
            -x-axis label is set to: ;M(T) [GeV])
            -using the binning as: [0.0, 60.0, 120.0, 180.0, 240.0, 300.0, 360.0, 420.0, 480.0, 540.0, 600.0, 660.0, 720.0, 780.0, 840.0, 900.0, 960.0, 1020.0, 1080.0, 1140.0, 1200.0, 1260.0, 1320.0, 1380.0, 1440.0, 1500.0, 1560.0, 1620.0, 1680.0, 1740.0, 1800.0, 1860.0, 1920.0, 1980.0, 2040.0, 2100.0, 2160.0, 2220.0, 2280.0, 2340.0, 2400.0, 2460.0, 2520.0, 2580.0, 2640.0, 2700.0, 2760.0, 2820.0, 2880.0, 2940.0, 3000.0]
/////////////////////////
PROCESSING:  TTM1400TZBW
/////////////////////////
plotTreeName: Tprime2_BEST_Mass
Flavour: E #tag: isV_tHtH #algo: BEST
Weights: 1 * 1 * 1 * pileupWeight * 1 * lepIdSF * EGammaGsfSF * 1 * (MCWeight_singleLepCalc/abs(MCWeight_singleLepCalc)) * 0.000176441771478
Cuts: (leptonPt_singleLepCalc > 50) && (corr_met_singleLepCalc > 55) && (AK4HT > 480) && (minDR_lepJet > 0.4 || ptRel_lepJet > 40) && (NJetsAK8_JetSubCalc > 2) && (minDR_leadAK8otherAK8 < 3.0) && DataPastTrigger == 1 && isElectron==1
****************************************************************************************************
****************************************************************************************************
DISTRIBUTION: Tp2Mass
            -name in ljmet trees: Tprime2_ALGO_Mass
            -x-axis label is set to: ;M(T) [GeV])
            -using the binning as: [0.0, 60.0, 120.0, 180.0, 240.0, 300.0, 360.0, 420.0, 480.0, 540.0, 600.0, 660.0, 720.0, 780.0, 840.0, 900.0, 960.0, 1020.0, 1080.0, 1140.0, 1200.0, 1260.0, 1320.0, 1380.0, 1440.0, 1500.0, 1560.0, 1620.0, 1680.0, 1740.0, 1800.0, 1860.0, 1920.0, 1980.0, 2040.0, 2100.0, 2160.0, 2220.0, 2280.0, 2340.0, 2400.0, 2460.0, 2520.0, 2580.0, 2640.0, 2700.0, 2760.0, 2820.0, 2880.0, 2940.0, 3000.0]
/////////////////////////
PROCESSING:  TTM1400THBW
/////////////////////////
plotTreeName: Tprime2_BEST_Mass
Flavour: E #tag: isV_tHtH #algo: BEST
Weights: 1 * 1 * 1 * pileupWeight * 1 * lepIdSF * EGammaGsfSF * 1 * (MCWeight_singleLepCalc/abs(MCWeight_singleLepCalc)) * 0.000176441771478
Cuts: (leptonPt_singleLepCalc > 50) && (corr_met_singleLepCalc > 55) && (AK4HT > 480) && (minDR_lepJet > 0.4 || ptRel_lepJet > 40) && (NJetsAK8_JetSubCalc > 2) && (minDR_leadAK8otherAK8 < 3.0) && DataPastTrigger == 1 && isElectron==1
****************************************************************************************************
****************************************************************************************************
DISTRIBUTION: Tp2Mass
            -name in ljmet trees: Tprime2_ALGO_Mass
            -x-axis label is set to: ;M(T) [GeV])
            -using the binning as: [0.0, 60.0, 120.0, 180.0, 240.0, 300.0, 360.0, 420.0, 480.0, 540.0, 600.0, 660.0, 720.0, 780.0, 840.0, 900.0, 960.0, 1020.0, 1080.0, 1140.0, 1200.0, 1260.0, 1320.0, 1380.0, 1440.0, 1500.0, 1560.0, 1620.0, 1680.0, 1740.0, 1800.0, 1860.0, 1920.0, 1980.0, 2040.0, 2100.0, 2160.0, 2220.0, 2280.0, 2340.0, 2400.0, 2460.0, 2520.0, 2580.0, 2640.0, 2700.0, 2760.0, 2820.0, 2880.0, 2940.0, 3000.0]
/////////////////////////
PROCESSING:  TTM1400TZTH
/////////////////////////
plotTreeName: Tprime2_BEST_Mass
Flavour: E #tag: isV_tHtH #algo: BEST
Weights: 1 * 1 * 1 * pileupWeight * 1 * lepIdSF * EGammaGsfSF * 1 * (MCWeight_singleLepCalc/abs(MCWeight_singleLepCalc)) * 8.82208857389e-05
Cuts: (leptonPt_singleLepCalc > 50) && (corr_met_singleLepCalc > 55) && (AK4HT > 480) && (minDR_lepJet > 0.4 || ptRel_lepJet > 40) && (NJetsAK8_JetSubCalc > 2) && (minDR_leadAK8otherAK8 < 3.0) && DataPastTrigger == 1 && isElectron==1
****************************************************************************************************
****************************************************************************************************
DISTRIBUTION: Tp2Mass
            -name in ljmet trees: Tprime2_ALGO_Mass
            -x-axis label is set to: ;M(T) [GeV])
            -using the binning as: [0.0, 60.0, 120.0, 180.0, 240.0, 300.0, 360.0, 420.0, 480.0, 540.0, 600.0, 660.0, 720.0, 780.0, 840.0, 900.0, 960.0, 1020.0, 1080.0, 1140.0, 1200.0, 1260.0, 1320.0, 1380.0, 1440.0, 1500.0, 1560.0, 1620.0, 1680.0, 1740.0, 1800.0, 1860.0, 1920.0, 1980.0, 2040.0, 2100.0, 2160.0, 2220.0, 2280.0, 2340.0, 2400.0, 2460.0, 2520.0, 2580.0, 2640.0, 2700.0, 2760.0, 2820.0, 2880.0, 2940.0, 3000.0]
/////////////////////////
PROCESSING:  TTM1500BWBW
/////////////////////////
plotTreeName: Tprime2_BEST_Mass
Flavour: E #tag: isV_tHtH #algo: BEST
Weights: 1 * 1 * 1 * pileupWeight * 1 * lepIdSF * EGammaGsfSF * 1 * (MCWeight_singleLepCalc/abs(MCWeight_singleLepCalc)) * 0.00019932135405
Cuts: (leptonPt_singleLepCalc > 50) && (corr_met_singleLepCalc > 55) && (AK4HT > 480) && (minDR_lepJet > 0.4 || ptRel_lepJet > 40) && (NJetsAK8_JetSubCalc > 2) && (minDR_leadAK8otherAK8 < 3.0) && DataPastTrigger == 1 && isElectron==1
****************************************************************************************************
****************************************************************************************************
DISTRIBUTION: Tp2Mass
            -name in ljmet trees: Tprime2_ALGO_Mass
            -x-axis label is set to: ;M(T) [GeV])
            -using the binning as: [0.0, 60.0, 120.0, 180.0, 240.0, 300.0, 360.0, 420.0, 480.0, 540.0, 600.0, 660.0, 720.0, 780.0, 840.0, 900.0, 960.0, 1020.0, 1080.0, 1140.0, 1200.0, 1260.0, 1320.0, 1380.0, 1440.0, 1500.0, 1560.0, 1620.0, 1680.0, 1740.0, 1800.0, 1860.0, 1920.0, 1980.0, 2040.0, 2100.0, 2160.0, 2220.0, 2280.0, 2340.0, 2400.0, 2460.0, 2520.0, 2580.0, 2640.0, 2700.0, 2760.0, 2820.0, 2880.0, 2940.0, 3000.0]
/////////////////////////
PROCESSING:  TTM1500THTH
/////////////////////////
plotTreeName: Tprime2_BEST_Mass
Flavour: E #tag: isV_tHtH #algo: BEST
Weights: 1 * 1 * 1 * pileupWeight * 1 * lepIdSF * EGammaGsfSF * 1 * (MCWeight_singleLepCalc/abs(MCWeight_singleLepCalc)) * 4.98303385124e-05
Cuts: (leptonPt_singleLepCalc > 50) && (corr_met_singleLepCalc > 55) && (AK4HT > 480) && (minDR_lepJet > 0.4 || ptRel_lepJet > 40) && (NJetsAK8_JetSubCalc > 2) && (minDR_leadAK8otherAK8 < 3.0) && DataPastTrigger == 1 && isElectron==1
****************************************************************************************************
****************************************************************************************************
DISTRIBUTION: Tp2Mass
            -name in ljmet trees: Tprime2_ALGO_Mass
            -x-axis label is set to: ;M(T) [GeV])
            -using the binning as: [0.0, 60.0, 120.0, 180.0, 240.0, 300.0, 360.0, 420.0, 480.0, 540.0, 600.0, 660.0, 720.0, 780.0, 840.0, 900.0, 960.0, 1020.0, 1080.0, 1140.0, 1200.0, 1260.0, 1320.0, 1380.0, 1440.0, 1500.0, 1560.0, 1620.0, 1680.0, 1740.0, 1800.0, 1860.0, 1920.0, 1980.0, 2040.0, 2100.0, 2160.0, 2220.0, 2280.0, 2340.0, 2400.0, 2460.0, 2520.0, 2580.0, 2640.0, 2700.0, 2760.0, 2820.0, 2880.0, 2940.0, 3000.0]
/////////////////////////
PROCESSING:  TTM1500TZTZ
/////////////////////////
plotTreeName: Tprime2_BEST_Mass
Flavour: E #tag: isV_tHtH #algo: BEST
Weights: 1 * 1 * 1 * pileupWeight * 1 * lepIdSF * EGammaGsfSF * 1 * (MCWeight_singleLepCalc/abs(MCWeight_singleLepCalc)) * 4.98303385124e-05
Cuts: (leptonPt_singleLepCalc > 50) && (corr_met_singleLepCalc > 55) && (AK4HT > 480) && (minDR_lepJet > 0.4 || ptRel_lepJet > 40) && (NJetsAK8_JetSubCalc > 2) && (minDR_leadAK8otherAK8 < 3.0) && DataPastTrigger == 1 && isElectron==1
****************************************************************************************************
****************************************************************************************************
DISTRIBUTION: Tp2Mass
            -name in ljmet trees: Tprime2_ALGO_Mass
            -x-axis label is set to: ;M(T) [GeV])
            -using the binning as: [0.0, 60.0, 120.0, 180.0, 240.0, 300.0, 360.0, 420.0, 480.0, 540.0, 600.0, 660.0, 720.0, 780.0, 840.0, 900.0, 960.0, 1020.0, 1080.0, 1140.0, 1200.0, 1260.0, 1320.0, 1380.0, 1440.0, 1500.0, 1560.0, 1620.0, 1680.0, 1740.0, 1800.0, 1860.0, 1920.0, 1980.0, 2040.0, 2100.0, 2160.0, 2220.0, 2280.0, 2340.0, 2400.0, 2460.0, 2520.0, 2580.0, 2640.0, 2700.0, 2760.0, 2820.0, 2880.0, 2940.0, 3000.0]
/////////////////////////
PROCESSING:  TTM1500TZBW
/////////////////////////
plotTreeName: Tprime2_BEST_Mass
Flavour: E #tag: isV_tHtH #algo: BEST
Weights: 1 * 1 * 1 * pileupWeight * 1 * lepIdSF * EGammaGsfSF * 1 * (MCWeight_singleLepCalc/abs(MCWeight_singleLepCalc)) * 9.96606770248e-05
Cuts: (leptonPt_singleLepCalc > 50) && (corr_met_singleLepCalc > 55) && (AK4HT > 480) && (minDR_lepJet > 0.4 || ptRel_lepJet > 40) && (NJetsAK8_JetSubCalc > 2) && (minDR_leadAK8otherAK8 < 3.0) && DataPastTrigger == 1 && isElectron==1
****************************************************************************************************
****************************************************************************************************
DISTRIBUTION: Tp2Mass
            -name in ljmet trees: Tprime2_ALGO_Mass
            -x-axis label is set to: ;M(T) [GeV])
            -using the binning as: [0.0, 60.0, 120.0, 180.0, 240.0, 300.0, 360.0, 420.0, 480.0, 540.0, 600.0, 660.0, 720.0, 780.0, 840.0, 900.0, 960.0, 1020.0, 1080.0, 1140.0, 1200.0, 1260.0, 1320.0, 1380.0, 1440.0, 1500.0, 1560.0, 1620.0, 1680.0, 1740.0, 1800.0, 1860.0, 1920.0, 1980.0, 2040.0, 2100.0, 2160.0, 2220.0, 2280.0, 2340.0, 2400.0, 2460.0, 2520.0, 2580.0, 2640.0, 2700.0, 2760.0, 2820.0, 2880.0, 2940.0, 3000.0]
/////////////////////////
PROCESSING:  TTM1500THBW
/////////////////////////
plotTreeName: Tprime2_BEST_Mass
Flavour: E #tag: isV_tHtH #algo: BEST
Weights: 1 * 1 * 1 * pileupWeight * 1 * lepIdSF * EGammaGsfSF * 1 * (MCWeight_singleLepCalc/abs(MCWeight_singleLepCalc)) * 9.96606770248e-05
Cuts: (leptonPt_singleLepCalc > 50) && (corr_met_singleLepCalc > 55) && (AK4HT > 480) && (minDR_lepJet > 0.4 || ptRel_lepJet > 40) && (NJetsAK8_JetSubCalc > 2) && (minDR_leadAK8otherAK8 < 3.0) && DataPastTrigger == 1 && isElectron==1
****************************************************************************************************
****************************************************************************************************
DISTRIBUTION: Tp2Mass
            -name in ljmet trees: Tprime2_ALGO_Mass
            -x-axis label is set to: ;M(T) [GeV])
            -using the binning as: [0.0, 60.0, 120.0, 180.0, 240.0, 300.0, 360.0, 420.0, 480.0, 540.0, 600.0, 660.0, 720.0, 780.0, 840.0, 900.0, 960.0, 1020.0, 1080.0, 1140.0, 1200.0, 1260.0, 1320.0, 1380.0, 1440.0, 1500.0, 1560.0, 1620.0, 1680.0, 1740.0, 1800.0, 1860.0, 1920.0, 1980.0, 2040.0, 2100.0, 2160.0, 2220.0, 2280.0, 2340.0, 2400.0, 2460.0, 2520.0, 2580.0, 2640.0, 2700.0, 2760.0, 2820.0, 2880.0, 2940.0, 3000.0]
/////////////////////////
PROCESSING:  TTM1500TZTH
/////////////////////////
plotTreeName: Tprime2_BEST_Mass
Flavour: E #tag: isV_tHtH #algo: BEST
Weights: 1 * 1 * 1 * pileupWeight * 1 * lepIdSF * EGammaGsfSF * 1 * (MCWeight_singleLepCalc/abs(MCWeight_singleLepCalc)) * 4.98303385124e-05
Cuts: (leptonPt_singleLepCalc > 50) && (corr_met_singleLepCalc > 55) && (AK4HT > 480) && (minDR_lepJet > 0.4 || ptRel_lepJet > 40) && (NJetsAK8_JetSubCalc > 2) && (minDR_leadAK8otherAK8 < 3.0) && DataPastTrigger == 1 && isElectron==1
****************************************************************************************************
****************************************************************************************************
DISTRIBUTION: Tp2Mass
            -name in ljmet trees: Tprime2_ALGO_Mass
            -x-axis label is set to: ;M(T) [GeV])
            -using the binning as: [0.0, 60.0, 120.0, 180.0, 240.0, 300.0, 360.0, 420.0, 480.0, 540.0, 600.0, 660.0, 720.0, 780.0, 840.0, 900.0, 960.0, 1020.0, 1080.0, 1140.0, 1200.0, 1260.0, 1320.0, 1380.0, 1440.0, 1500.0, 1560.0, 1620.0, 1680.0, 1740.0, 1800.0, 1860.0, 1920.0, 1980.0, 2040.0, 2100.0, 2160.0, 2220.0, 2280.0, 2340.0, 2400.0, 2460.0, 2520.0, 2580.0, 2640.0, 2700.0, 2760.0, 2820.0, 2880.0, 2940.0, 3000.0]
/////////////////////////
PROCESSING:  TTM1600BWBW
/////////////////////////
plotTreeName: Tprime2_BEST_Mass
Flavour: E #tag: isV_tHtH #algo: BEST
Weights: 1 * 1 * 1 * pileupWeight * 1 * lepIdSF * EGammaGsfSF * 1 * (MCWeight_singleLepCalc/abs(MCWeight_singleLepCalc)) * 0.000114437939919
Cuts: (leptonPt_singleLepCalc > 50) && (corr_met_singleLepCalc > 55) && (AK4HT > 480) && (minDR_lepJet > 0.4 || ptRel_lepJet > 40) && (NJetsAK8_JetSubCalc > 2) && (minDR_leadAK8otherAK8 < 3.0) && DataPastTrigger == 1 && isElectron==1
****************************************************************************************************
****************************************************************************************************
DISTRIBUTION: Tp2Mass
            -name in ljmet trees: Tprime2_ALGO_Mass
            -x-axis label is set to: ;M(T) [GeV])
            -using the binning as: [0.0, 60.0, 120.0, 180.0, 240.0, 300.0, 360.0, 420.0, 480.0, 540.0, 600.0, 660.0, 720.0, 780.0, 840.0, 900.0, 960.0, 1020.0, 1080.0, 1140.0, 1200.0, 1260.0, 1320.0, 1380.0, 1440.0, 1500.0, 1560.0, 1620.0, 1680.0, 1740.0, 1800.0, 1860.0, 1920.0, 1980.0, 2040.0, 2100.0, 2160.0, 2220.0, 2280.0, 2340.0, 2400.0, 2460.0, 2520.0, 2580.0, 2640.0, 2700.0, 2760.0, 2820.0, 2880.0, 2940.0, 3000.0]
/////////////////////////
PROCESSING:  TTM1600THTH
/////////////////////////
plotTreeName: Tprime2_BEST_Mass
Flavour: E #tag: isV_tHtH #algo: BEST
Weights: 1 * 1 * 1 * pileupWeight * 1 * lepIdSF * EGammaGsfSF * 1 * (MCWeight_singleLepCalc/abs(MCWeight_singleLepCalc)) * 2.86094849797e-05
Cuts: (leptonPt_singleLepCalc > 50) && (corr_met_singleLepCalc > 55) && (AK4HT > 480) && (minDR_lepJet > 0.4 || ptRel_lepJet > 40) && (NJetsAK8_JetSubCalc > 2) && (minDR_leadAK8otherAK8 < 3.0) && DataPastTrigger == 1 && isElectron==1
****************************************************************************************************
****************************************************************************************************
DISTRIBUTION: Tp2Mass
            -name in ljmet trees: Tprime2_ALGO_Mass
            -x-axis label is set to: ;M(T) [GeV])
            -using the binning as: [0.0, 60.0, 120.0, 180.0, 240.0, 300.0, 360.0, 420.0, 480.0, 540.0, 600.0, 660.0, 720.0, 780.0, 840.0, 900.0, 960.0, 1020.0, 1080.0, 1140.0, 1200.0, 1260.0, 1320.0, 1380.0, 1440.0, 1500.0, 1560.0, 1620.0, 1680.0, 1740.0, 1800.0, 1860.0, 1920.0, 1980.0, 2040.0, 2100.0, 2160.0, 2220.0, 2280.0, 2340.0, 2400.0, 2460.0, 2520.0, 2580.0, 2640.0, 2700.0, 2760.0, 2820.0, 2880.0, 2940.0, 3000.0]
/////////////////////////
PROCESSING:  TTM1600TZTZ
/////////////////////////
plotTreeName: Tprime2_BEST_Mass
Flavour: E #tag: isV_tHtH #algo: BEST
Weights: 1 * 1 * 1 * pileupWeight * 1 * lepIdSF * EGammaGsfSF * 1 * (MCWeight_singleLepCalc/abs(MCWeight_singleLepCalc)) * 2.86094849797e-05
Cuts: (leptonPt_singleLepCalc > 50) && (corr_met_singleLepCalc > 55) && (AK4HT > 480) && (minDR_lepJet > 0.4 || ptRel_lepJet > 40) && (NJetsAK8_JetSubCalc > 2) && (minDR_leadAK8otherAK8 < 3.0) && DataPastTrigger == 1 && isElectron==1
****************************************************************************************************
****************************************************************************************************
DISTRIBUTION: Tp2Mass
            -name in ljmet trees: Tprime2_ALGO_Mass
            -x-axis label is set to: ;M(T) [GeV])
            -using the binning as: [0.0, 60.0, 120.0, 180.0, 240.0, 300.0, 360.0, 420.0, 480.0, 540.0, 600.0, 660.0, 720.0, 780.0, 840.0, 900.0, 960.0, 1020.0, 1080.0, 1140.0, 1200.0, 1260.0, 1320.0, 1380.0, 1440.0, 1500.0, 1560.0, 1620.0, 1680.0, 1740.0, 1800.0, 1860.0, 1920.0, 1980.0, 2040.0, 2100.0, 2160.0, 2220.0, 2280.0, 2340.0, 2400.0, 2460.0, 2520.0, 2580.0, 2640.0, 2700.0, 2760.0, 2820.0, 2880.0, 2940.0, 3000.0]
/////////////////////////
PROCESSING:  TTM1600TZBW
/////////////////////////
plotTreeName: Tprime2_BEST_Mass
Flavour: E #tag: isV_tHtH #algo: BEST
Weights: 1 * 1 * 1 * pileupWeight * 1 * lepIdSF * EGammaGsfSF * 1 * (MCWeight_singleLepCalc/abs(MCWeight_singleLepCalc)) * 5.72189699595e-05
Cuts: (leptonPt_singleLepCalc > 50) && (corr_met_singleLepCalc > 55) && (AK4HT > 480) && (minDR_lepJet > 0.4 || ptRel_lepJet > 40) && (NJetsAK8_JetSubCalc > 2) && (minDR_leadAK8otherAK8 < 3.0) && DataPastTrigger == 1 && isElectron==1
****************************************************************************************************
****************************************************************************************************
DISTRIBUTION: Tp2Mass
            -name in ljmet trees: Tprime2_ALGO_Mass
            -x-axis label is set to: ;M(T) [GeV])
            -using the binning as: [0.0, 60.0, 120.0, 180.0, 240.0, 300.0, 360.0, 420.0, 480.0, 540.0, 600.0, 660.0, 720.0, 780.0, 840.0, 900.0, 960.0, 1020.0, 1080.0, 1140.0, 1200.0, 1260.0, 1320.0, 1380.0, 1440.0, 1500.0, 1560.0, 1620.0, 1680.0, 1740.0, 1800.0, 1860.0, 1920.0, 1980.0, 2040.0, 2100.0, 2160.0, 2220.0, 2280.0, 2340.0, 2400.0, 2460.0, 2520.0, 2580.0, 2640.0, 2700.0, 2760.0, 2820.0, 2880.0, 2940.0, 3000.0]
/////////////////////////
PROCESSING:  TTM1600THBW
/////////////////////////
plotTreeName: Tprime2_BEST_Mass
Flavour: E #tag: isV_tHtH #algo: BEST
Weights: 1 * 1 * 1 * pileupWeight * 1 * lepIdSF * EGammaGsfSF * 1 * (MCWeight_singleLepCalc/abs(MCWeight_singleLepCalc)) * 5.72189699595e-05
Cuts: (leptonPt_singleLepCalc > 50) && (corr_met_singleLepCalc > 55) && (AK4HT > 480) && (minDR_lepJet > 0.4 || ptRel_lepJet > 40) && (NJetsAK8_JetSubCalc > 2) && (minDR_leadAK8otherAK8 < 3.0) && DataPastTrigger == 1 && isElectron==1
****************************************************************************************************
****************************************************************************************************
DISTRIBUTION: Tp2Mass
            -name in ljmet trees: Tprime2_ALGO_Mass
            -x-axis label is set to: ;M(T) [GeV])
            -using the binning as: [0.0, 60.0, 120.0, 180.0, 240.0, 300.0, 360.0, 420.0, 480.0, 540.0, 600.0, 660.0, 720.0, 780.0, 840.0, 900.0, 960.0, 1020.0, 1080.0, 1140.0, 1200.0, 1260.0, 1320.0, 1380.0, 1440.0, 1500.0, 1560.0, 1620.0, 1680.0, 1740.0, 1800.0, 1860.0, 1920.0, 1980.0, 2040.0, 2100.0, 2160.0, 2220.0, 2280.0, 2340.0, 2400.0, 2460.0, 2520.0, 2580.0, 2640.0, 2700.0, 2760.0, 2820.0, 2880.0, 2940.0, 3000.0]
/////////////////////////
PROCESSING:  TTM1600TZTH
/////////////////////////
plotTreeName: Tprime2_BEST_Mass
Flavour: E #tag: isV_tHtH #algo: BEST
Weights: 1 * 1 * 1 * pileupWeight * 1 * lepIdSF * EGammaGsfSF * 1 * (MCWeight_singleLepCalc/abs(MCWeight_singleLepCalc)) * 2.86094849797e-05
Cuts: (leptonPt_singleLepCalc > 50) && (corr_met_singleLepCalc > 55) && (AK4HT > 480) && (minDR_lepJet > 0.4 || ptRel_lepJet > 40) && (NJetsAK8_JetSubCalc > 2) && (minDR_leadAK8otherAK8 < 3.0) && DataPastTrigger == 1 && isElectron==1
****************************************************************************************************
****************************************************************************************************
DISTRIBUTION: Tp2Mass
            -name in ljmet trees: Tprime2_ALGO_Mass
            -x-axis label is set to: ;M(T) [GeV])
            -using the binning as: [0.0, 60.0, 120.0, 180.0, 240.0, 300.0, 360.0, 420.0, 480.0, 540.0, 600.0, 660.0, 720.0, 780.0, 840.0, 900.0, 960.0, 1020.0, 1080.0, 1140.0, 1200.0, 1260.0, 1320.0, 1380.0, 1440.0, 1500.0, 1560.0, 1620.0, 1680.0, 1740.0, 1800.0, 1860.0, 1920.0, 1980.0, 2040.0, 2100.0, 2160.0, 2220.0, 2280.0, 2340.0, 2400.0, 2460.0, 2520.0, 2580.0, 2640.0, 2700.0, 2760.0, 2820.0, 2880.0, 2940.0, 3000.0]
/////////////////////////
PROCESSING:  TTM1700BWBW
/////////////////////////
plotTreeName: Tprime2_BEST_Mass
Flavour: E #tag: isV_tHtH #algo: BEST
Weights: 1 * 1 * 1 * pileupWeight * 1 * lepIdSF * EGammaGsfSF * 1 * (MCWeight_singleLepCalc/abs(MCWeight_singleLepCalc)) * 6.93554282011e-05
Cuts: (leptonPt_singleLepCalc > 50) && (corr_met_singleLepCalc > 55) && (AK4HT > 480) && (minDR_lepJet > 0.4 || ptRel_lepJet > 40) && (NJetsAK8_JetSubCalc > 2) && (minDR_leadAK8otherAK8 < 3.0) && DataPastTrigger == 1 && isElectron==1
****************************************************************************************************
****************************************************************************************************
DISTRIBUTION: Tp2Mass
            -name in ljmet trees: Tprime2_ALGO_Mass
            -x-axis label is set to: ;M(T) [GeV])
            -using the binning as: [0.0, 60.0, 120.0, 180.0, 240.0, 300.0, 360.0, 420.0, 480.0, 540.0, 600.0, 660.0, 720.0, 780.0, 840.0, 900.0, 960.0, 1020.0, 1080.0, 1140.0, 1200.0, 1260.0, 1320.0, 1380.0, 1440.0, 1500.0, 1560.0, 1620.0, 1680.0, 1740.0, 1800.0, 1860.0, 1920.0, 1980.0, 2040.0, 2100.0, 2160.0, 2220.0, 2280.0, 2340.0, 2400.0, 2460.0, 2520.0, 2580.0, 2640.0, 2700.0, 2760.0, 2820.0, 2880.0, 2940.0, 3000.0]
/////////////////////////
PROCESSING:  TTM1700THTH
/////////////////////////
plotTreeName: Tprime2_BEST_Mass
Flavour: E #tag: isV_tHtH #algo: BEST
Weights: 1 * 1 * 1 * pileupWeight * 1 * lepIdSF * EGammaGsfSF * 1 * (MCWeight_singleLepCalc/abs(MCWeight_singleLepCalc)) * 1.73388570503e-05
Cuts: (leptonPt_singleLepCalc > 50) && (corr_met_singleLepCalc > 55) && (AK4HT > 480) && (minDR_lepJet > 0.4 || ptRel_lepJet > 40) && (NJetsAK8_JetSubCalc > 2) && (minDR_leadAK8otherAK8 < 3.0) && DataPastTrigger == 1 && isElectron==1
****************************************************************************************************
****************************************************************************************************
DISTRIBUTION: Tp2Mass
            -name in ljmet trees: Tprime2_ALGO_Mass
            -x-axis label is set to: ;M(T) [GeV])
            -using the binning as: [0.0, 60.0, 120.0, 180.0, 240.0, 300.0, 360.0, 420.0, 480.0, 540.0, 600.0, 660.0, 720.0, 780.0, 840.0, 900.0, 960.0, 1020.0, 1080.0, 1140.0, 1200.0, 1260.0, 1320.0, 1380.0, 1440.0, 1500.0, 1560.0, 1620.0, 1680.0, 1740.0, 1800.0, 1860.0, 1920.0, 1980.0, 2040.0, 2100.0, 2160.0, 2220.0, 2280.0, 2340.0, 2400.0, 2460.0, 2520.0, 2580.0, 2640.0, 2700.0, 2760.0, 2820.0, 2880.0, 2940.0, 3000.0]
/////////////////////////
PROCESSING:  TTM1700TZTZ
/////////////////////////
plotTreeName: Tprime2_BEST_Mass
Flavour: E #tag: isV_tHtH #algo: BEST
Weights: 1 * 1 * 1 * pileupWeight * 1 * lepIdSF * EGammaGsfSF * 1 * (MCWeight_singleLepCalc/abs(MCWeight_singleLepCalc)) * 1.73388570503e-05
Cuts: (leptonPt_singleLepCalc > 50) && (corr_met_singleLepCalc > 55) && (AK4HT > 480) && (minDR_lepJet > 0.4 || ptRel_lepJet > 40) && (NJetsAK8_JetSubCalc > 2) && (minDR_leadAK8otherAK8 < 3.0) && DataPastTrigger == 1 && isElectron==1
****************************************************************************************************
****************************************************************************************************
DISTRIBUTION: Tp2Mass
            -name in ljmet trees: Tprime2_ALGO_Mass
            -x-axis label is set to: ;M(T) [GeV])
            -using the binning as: [0.0, 60.0, 120.0, 180.0, 240.0, 300.0, 360.0, 420.0, 480.0, 540.0, 600.0, 660.0, 720.0, 780.0, 840.0, 900.0, 960.0, 1020.0, 1080.0, 1140.0, 1200.0, 1260.0, 1320.0, 1380.0, 1440.0, 1500.0, 1560.0, 1620.0, 1680.0, 1740.0, 1800.0, 1860.0, 1920.0, 1980.0, 2040.0, 2100.0, 2160.0, 2220.0, 2280.0, 2340.0, 2400.0, 2460.0, 2520.0, 2580.0, 2640.0, 2700.0, 2760.0, 2820.0, 2880.0, 2940.0, 3000.0]
/////////////////////////
PROCESSING:  TTM1700TZBW
/////////////////////////
plotTreeName: Tprime2_BEST_Mass
Flavour: E #tag: isV_tHtH #algo: BEST
Weights: 1 * 1 * 1 * pileupWeight * 1 * lepIdSF * EGammaGsfSF * 1 * (MCWeight_singleLepCalc/abs(MCWeight_singleLepCalc)) * 3.46777141005e-05
Cuts: (leptonPt_singleLepCalc > 50) && (corr_met_singleLepCalc > 55) && (AK4HT > 480) && (minDR_lepJet > 0.4 || ptRel_lepJet > 40) && (NJetsAK8_JetSubCalc > 2) && (minDR_leadAK8otherAK8 < 3.0) && DataPastTrigger == 1 && isElectron==1
****************************************************************************************************
****************************************************************************************************
DISTRIBUTION: Tp2Mass
            -name in ljmet trees: Tprime2_ALGO_Mass
            -x-axis label is set to: ;M(T) [GeV])
            -using the binning as: [0.0, 60.0, 120.0, 180.0, 240.0, 300.0, 360.0, 420.0, 480.0, 540.0, 600.0, 660.0, 720.0, 780.0, 840.0, 900.0, 960.0, 1020.0, 1080.0, 1140.0, 1200.0, 1260.0, 1320.0, 1380.0, 1440.0, 1500.0, 1560.0, 1620.0, 1680.0, 1740.0, 1800.0, 1860.0, 1920.0, 1980.0, 2040.0, 2100.0, 2160.0, 2220.0, 2280.0, 2340.0, 2400.0, 2460.0, 2520.0, 2580.0, 2640.0, 2700.0, 2760.0, 2820.0, 2880.0, 2940.0, 3000.0]
/////////////////////////
PROCESSING:  TTM1700THBW
/////////////////////////
plotTreeName: Tprime2_BEST_Mass
Flavour: E #tag: isV_tHtH #algo: BEST
Weights: 1 * 1 * 1 * pileupWeight * 1 * lepIdSF * EGammaGsfSF * 1 * (MCWeight_singleLepCalc/abs(MCWeight_singleLepCalc)) * 3.46777141005e-05
Cuts: (leptonPt_singleLepCalc > 50) && (corr_met_singleLepCalc > 55) && (AK4HT > 480) && (minDR_lepJet > 0.4 || ptRel_lepJet > 40) && (NJetsAK8_JetSubCalc > 2) && (minDR_leadAK8otherAK8 < 3.0) && DataPastTrigger == 1 && isElectron==1
****************************************************************************************************
****************************************************************************************************
DISTRIBUTION: Tp2Mass
            -name in ljmet trees: Tprime2_ALGO_Mass
            -x-axis label is set to: ;M(T) [GeV])
            -using the binning as: [0.0, 60.0, 120.0, 180.0, 240.0, 300.0, 360.0, 420.0, 480.0, 540.0, 600.0, 660.0, 720.0, 780.0, 840.0, 900.0, 960.0, 1020.0, 1080.0, 1140.0, 1200.0, 1260.0, 1320.0, 1380.0, 1440.0, 1500.0, 1560.0, 1620.0, 1680.0, 1740.0, 1800.0, 1860.0, 1920.0, 1980.0, 2040.0, 2100.0, 2160.0, 2220.0, 2280.0, 2340.0, 2400.0, 2460.0, 2520.0, 2580.0, 2640.0, 2700.0, 2760.0, 2820.0, 2880.0, 2940.0, 3000.0]
/////////////////////////
PROCESSING:  TTM1700TZTH
/////////////////////////
plotTreeName: Tprime2_BEST_Mass
Flavour: E #tag: isV_tHtH #algo: BEST
Weights: 1 * 1 * 1 * pileupWeight * 1 * lepIdSF * EGammaGsfSF * 1 * (MCWeight_singleLepCalc/abs(MCWeight_singleLepCalc)) * 1.73388570503e-05
Cuts: (leptonPt_singleLepCalc > 50) && (corr_met_singleLepCalc > 55) && (AK4HT > 480) && (minDR_lepJet > 0.4 || ptRel_lepJet > 40) && (NJetsAK8_JetSubCalc > 2) && (minDR_leadAK8otherAK8 < 3.0) && DataPastTrigger == 1 && isElectron==1
****************************************************************************************************
****************************************************************************************************
DISTRIBUTION: Tp2Mass
            -name in ljmet trees: Tprime2_ALGO_Mass
            -x-axis label is set to: ;M(T) [GeV])
            -using the binning as: [0.0, 60.0, 120.0, 180.0, 240.0, 300.0, 360.0, 420.0, 480.0, 540.0, 600.0, 660.0, 720.0, 780.0, 840.0, 900.0, 960.0, 1020.0, 1080.0, 1140.0, 1200.0, 1260.0, 1320.0, 1380.0, 1440.0, 1500.0, 1560.0, 1620.0, 1680.0, 1740.0, 1800.0, 1860.0, 1920.0, 1980.0, 2040.0, 2100.0, 2160.0, 2220.0, 2280.0, 2340.0, 2400.0, 2460.0, 2520.0, 2580.0, 2640.0, 2700.0, 2760.0, 2820.0, 2880.0, 2940.0, 3000.0]
/////////////////////////
PROCESSING:  TTM1800BWBW
/////////////////////////
plotTreeName: Tprime2_BEST_Mass
Flavour: E #tag: isV_tHtH #algo: BEST
Weights: 1 * 1 * 1 * pileupWeight * 1 * lepIdSF * EGammaGsfSF * 1 * (MCWeight_singleLepCalc/abs(MCWeight_singleLepCalc)) * 3.89579688164e-05
Cuts: (leptonPt_singleLepCalc > 50) && (corr_met_singleLepCalc > 55) && (AK4HT > 480) && (minDR_lepJet > 0.4 || ptRel_lepJet > 40) && (NJetsAK8_JetSubCalc > 2) && (minDR_leadAK8otherAK8 < 3.0) && DataPastTrigger == 1 && isElectron==1
****************************************************************************************************
****************************************************************************************************
DISTRIBUTION: Tp2Mass
            -name in ljmet trees: Tprime2_ALGO_Mass
            -x-axis label is set to: ;M(T) [GeV])
            -using the binning as: [0.0, 60.0, 120.0, 180.0, 240.0, 300.0, 360.0, 420.0, 480.0, 540.0, 600.0, 660.0, 720.0, 780.0, 840.0, 900.0, 960.0, 1020.0, 1080.0, 1140.0, 1200.0, 1260.0, 1320.0, 1380.0, 1440.0, 1500.0, 1560.0, 1620.0, 1680.0, 1740.0, 1800.0, 1860.0, 1920.0, 1980.0, 2040.0, 2100.0, 2160.0, 2220.0, 2280.0, 2340.0, 2400.0, 2460.0, 2520.0, 2580.0, 2640.0, 2700.0, 2760.0, 2820.0, 2880.0, 2940.0, 3000.0]
/////////////////////////
PROCESSING:  TTM1800THTH
/////////////////////////
plotTreeName: Tprime2_BEST_Mass
Flavour: E #tag: isV_tHtH #algo: BEST
Weights: 1 * 1 * 1 * pileupWeight * 1 * lepIdSF * EGammaGsfSF * 1 * (MCWeight_singleLepCalc/abs(MCWeight_singleLepCalc)) * 9.7394922041e-06
Cuts: (leptonPt_singleLepCalc > 50) && (corr_met_singleLepCalc > 55) && (AK4HT > 480) && (minDR_lepJet > 0.4 || ptRel_lepJet > 40) && (NJetsAK8_JetSubCalc > 2) && (minDR_leadAK8otherAK8 < 3.0) && DataPastTrigger == 1 && isElectron==1
****************************************************************************************************
****************************************************************************************************
DISTRIBUTION: Tp2Mass
            -name in ljmet trees: Tprime2_ALGO_Mass
            -x-axis label is set to: ;M(T) [GeV])
            -using the binning as: [0.0, 60.0, 120.0, 180.0, 240.0, 300.0, 360.0, 420.0, 480.0, 540.0, 600.0, 660.0, 720.0, 780.0, 840.0, 900.0, 960.0, 1020.0, 1080.0, 1140.0, 1200.0, 1260.0, 1320.0, 1380.0, 1440.0, 1500.0, 1560.0, 1620.0, 1680.0, 1740.0, 1800.0, 1860.0, 1920.0, 1980.0, 2040.0, 2100.0, 2160.0, 2220.0, 2280.0, 2340.0, 2400.0, 2460.0, 2520.0, 2580.0, 2640.0, 2700.0, 2760.0, 2820.0, 2880.0, 2940.0, 3000.0]
/////////////////////////
PROCESSING:  TTM1800TZTZ
/////////////////////////
plotTreeName: Tprime2_BEST_Mass
Flavour: E #tag: isV_tHtH #algo: BEST
Weights: 1 * 1 * 1 * pileupWeight * 1 * lepIdSF * EGammaGsfSF * 1 * (MCWeight_singleLepCalc/abs(MCWeight_singleLepCalc)) * 9.7394922041e-06
Cuts: (leptonPt_singleLepCalc > 50) && (corr_met_singleLepCalc > 55) && (AK4HT > 480) && (minDR_lepJet > 0.4 || ptRel_lepJet > 40) && (NJetsAK8_JetSubCalc > 2) && (minDR_leadAK8otherAK8 < 3.0) && DataPastTrigger == 1 && isElectron==1
****************************************************************************************************
****************************************************************************************************
DISTRIBUTION: Tp2Mass
            -name in ljmet trees: Tprime2_ALGO_Mass
            -x-axis label is set to: ;M(T) [GeV])
            -using the binning as: [0.0, 60.0, 120.0, 180.0, 240.0, 300.0, 360.0, 420.0, 480.0, 540.0, 600.0, 660.0, 720.0, 780.0, 840.0, 900.0, 960.0, 1020.0, 1080.0, 1140.0, 1200.0, 1260.0, 1320.0, 1380.0, 1440.0, 1500.0, 1560.0, 1620.0, 1680.0, 1740.0, 1800.0, 1860.0, 1920.0, 1980.0, 2040.0, 2100.0, 2160.0, 2220.0, 2280.0, 2340.0, 2400.0, 2460.0, 2520.0, 2580.0, 2640.0, 2700.0, 2760.0, 2820.0, 2880.0, 2940.0, 3000.0]
/////////////////////////
PROCESSING:  TTM1800TZBW
/////////////////////////
plotTreeName: Tprime2_BEST_Mass
Flavour: E #tag: isV_tHtH #algo: BEST
Weights: 1 * 1 * 1 * pileupWeight * 1 * lepIdSF * EGammaGsfSF * 1 * (MCWeight_singleLepCalc/abs(MCWeight_singleLepCalc)) * 1.94789844082e-05
Cuts: (leptonPt_singleLepCalc > 50) && (corr_met_singleLepCalc > 55) && (AK4HT > 480) && (minDR_lepJet > 0.4 || ptRel_lepJet > 40) && (NJetsAK8_JetSubCalc > 2) && (minDR_leadAK8otherAK8 < 3.0) && DataPastTrigger == 1 && isElectron==1
****************************************************************************************************
****************************************************************************************************
DISTRIBUTION: Tp2Mass
            -name in ljmet trees: Tprime2_ALGO_Mass
            -x-axis label is set to: ;M(T) [GeV])
            -using the binning as: [0.0, 60.0, 120.0, 180.0, 240.0, 300.0, 360.0, 420.0, 480.0, 540.0, 600.0, 660.0, 720.0, 780.0, 840.0, 900.0, 960.0, 1020.0, 1080.0, 1140.0, 1200.0, 1260.0, 1320.0, 1380.0, 1440.0, 1500.0, 1560.0, 1620.0, 1680.0, 1740.0, 1800.0, 1860.0, 1920.0, 1980.0, 2040.0, 2100.0, 2160.0, 2220.0, 2280.0, 2340.0, 2400.0, 2460.0, 2520.0, 2580.0, 2640.0, 2700.0, 2760.0, 2820.0, 2880.0, 2940.0, 3000.0]
/////////////////////////
PROCESSING:  TTM1800THBW
/////////////////////////
plotTreeName: Tprime2_BEST_Mass
Flavour: E #tag: isV_tHtH #algo: BEST
Weights: 1 * 1 * 1 * pileupWeight * 1 * lepIdSF * EGammaGsfSF * 1 * (MCWeight_singleLepCalc/abs(MCWeight_singleLepCalc)) * 1.94789844082e-05
Cuts: (leptonPt_singleLepCalc > 50) && (corr_met_singleLepCalc > 55) && (AK4HT > 480) && (minDR_lepJet > 0.4 || ptRel_lepJet > 40) && (NJetsAK8_JetSubCalc > 2) && (minDR_leadAK8otherAK8 < 3.0) && DataPastTrigger == 1 && isElectron==1
****************************************************************************************************
****************************************************************************************************
DISTRIBUTION: Tp2Mass
            -name in ljmet trees: Tprime2_ALGO_Mass
            -x-axis label is set to: ;M(T) [GeV])
            -using the binning as: [0.0, 60.0, 120.0, 180.0, 240.0, 300.0, 360.0, 420.0, 480.0, 540.0, 600.0, 660.0, 720.0, 780.0, 840.0, 900.0, 960.0, 1020.0, 1080.0, 1140.0, 1200.0, 1260.0, 1320.0, 1380.0, 1440.0, 1500.0, 1560.0, 1620.0, 1680.0, 1740.0, 1800.0, 1860.0, 1920.0, 1980.0, 2040.0, 2100.0, 2160.0, 2220.0, 2280.0, 2340.0, 2400.0, 2460.0, 2520.0, 2580.0, 2640.0, 2700.0, 2760.0, 2820.0, 2880.0, 2940.0, 3000.0]
/////////////////////////
PROCESSING:  TTM1800TZTH
/////////////////////////
plotTreeName: Tprime2_BEST_Mass
Flavour: E #tag: isV_tHtH #algo: BEST
Weights: 1 * 1 * 1 * pileupWeight * 1 * lepIdSF * EGammaGsfSF * 1 * (MCWeight_singleLepCalc/abs(MCWeight_singleLepCalc)) * 9.7394922041e-06
Cuts: (leptonPt_singleLepCalc > 50) && (corr_met_singleLepCalc > 55) && (AK4HT > 480) && (minDR_lepJet > 0.4 || ptRel_lepJet > 40) && (NJetsAK8_JetSubCalc > 2) && (minDR_leadAK8otherAK8 < 3.0) && DataPastTrigger == 1 && isElectron==1
****************************************************************************************************
****************************************************************************************************
DISTRIBUTION: Tp2Mass
            -name in ljmet trees: Tprime2_ALGO_Mass
            -x-axis label is set to: ;M(T) [GeV])
            -using the binning as: [0.0, 60.0, 120.0, 180.0, 240.0, 300.0, 360.0, 420.0, 480.0, 540.0, 600.0, 660.0, 720.0, 780.0, 840.0, 900.0, 960.0, 1020.0, 1080.0, 1140.0, 1200.0, 1260.0, 1320.0, 1380.0, 1440.0, 1500.0, 1560.0, 1620.0, 1680.0, 1740.0, 1800.0, 1860.0, 1920.0, 1980.0, 2040.0, 2100.0, 2160.0, 2220.0, 2280.0, 2340.0, 2400.0, 2460.0, 2520.0, 2580.0, 2640.0, 2700.0, 2760.0, 2820.0, 2880.0, 2940.0, 3000.0]
/////////////////////////
PROCESSING:  WJetsMG400
/////////////////////////
plotTreeName: Tprime2_DeepAK8_Mass
Flavour: E #tag: isV_tHtH #algo: DeepAK8
Weights: 1 * HTSF_Pol * 1 * pileupWeight * 1 * lepIdSF * EGammaGsfSF * 1 * (MCWeight_singleLepCalc/abs(MCWeight_singleLepCalc)) * 0.280770227538
Cuts: (leptonPt_singleLepCalc > 50) && (corr_met_singleLepCalc > 55) && (AK4HT > 480) && (minDR_lepJet > 0.4 || ptRel_lepJet > 40) && (NJetsAK8_JetSubCalc > 2) && (minDR_leadAK8otherAK8 < 3.0) && DataPastTrigger == 1 && isElectron==1
****************************************************************************************************
****************************************************************************************************
DISTRIBUTION: Tp2Mass
            -name in ljmet trees: Tprime2_ALGO_Mass
            -x-axis label is set to: ;M(T) [GeV])
            -using the binning as: [0.0, 60.0, 120.0, 180.0, 240.0, 300.0, 360.0, 420.0, 480.0, 540.0, 600.0, 660.0, 720.0, 780.0, 840.0, 900.0, 960.0, 1020.0, 1080.0, 1140.0, 1200.0, 1260.0, 1320.0, 1380.0, 1440.0, 1500.0, 1560.0, 1620.0, 1680.0, 1740.0, 1800.0, 1860.0, 1920.0, 1980.0, 2040.0, 2100.0, 2160.0, 2220.0, 2280.0, 2340.0, 2400.0, 2460.0, 2520.0, 2580.0, 2640.0, 2700.0, 2760.0, 2820.0, 2880.0, 2940.0, 3000.0]
/////////////////////////
PROCESSING:  WJetsMG600
/////////////////////////
plotTreeName: Tprime2_DeepAK8_Mass
Flavour: E #tag: isV_tHtH #algo: DeepAK8
Weights: 1 * HTSF_Pol * 1 * pileupWeight * 1 * lepIdSF * EGammaGsfSF * 1 * (MCWeight_singleLepCalc/abs(MCWeight_singleLepCalc)) * 0.0287233231554
Cuts: (leptonPt_singleLepCalc > 50) && (corr_met_singleLepCalc > 55) && (AK4HT > 480) && (minDR_lepJet > 0.4 || ptRel_lepJet > 40) && (NJetsAK8_JetSubCalc > 2) && (minDR_leadAK8otherAK8 < 3.0) && DataPastTrigger == 1 && isElectron==1
****************************************************************************************************
****************************************************************************************************
DISTRIBUTION: Tp2Mass
            -name in ljmet trees: Tprime2_ALGO_Mass
            -x-axis label is set to: ;M(T) [GeV])
            -using the binning as: [0.0, 60.0, 120.0, 180.0, 240.0, 300.0, 360.0, 420.0, 480.0, 540.0, 600.0, 660.0, 720.0, 780.0, 840.0, 900.0, 960.0, 1020.0, 1080.0, 1140.0, 1200.0, 1260.0, 1320.0, 1380.0, 1440.0, 1500.0, 1560.0, 1620.0, 1680.0, 1740.0, 1800.0, 1860.0, 1920.0, 1980.0, 2040.0, 2100.0, 2160.0, 2220.0, 2280.0, 2340.0, 2400.0, 2460.0, 2520.0, 2580.0, 2640.0, 2700.0, 2760.0, 2820.0, 2880.0, 2940.0, 3000.0]
/////////////////////////
PROCESSING:  WJetsMG800
/////////////////////////
plotTreeName: Tprime2_DeepAK8_Mass
Flavour: E #tag: isV_tHtH #algo: DeepAK8
Weights: 1 * HTSF_Pol * 1 * pileupWeight * 1 * lepIdSF * EGammaGsfSF * 1 * (MCWeight_singleLepCalc/abs(MCWeight_singleLepCalc)) * 0.0316367902594
Cuts: (leptonPt_singleLepCalc > 50) && (corr_met_singleLepCalc > 55) && (AK4HT > 480) && (minDR_lepJet > 0.4 || ptRel_lepJet > 40) && (NJetsAK8_JetSubCalc > 2) && (minDR_leadAK8otherAK8 < 3.0) && DataPastTrigger == 1 && isElectron==1
****************************************************************************************************
****************************************************************************************************
DISTRIBUTION: Tp2Mass
            -name in ljmet trees: Tprime2_ALGO_Mass
            -x-axis label is set to: ;M(T) [GeV])
            -using the binning as: [0.0, 60.0, 120.0, 180.0, 240.0, 300.0, 360.0, 420.0, 480.0, 540.0, 600.0, 660.0, 720.0, 780.0, 840.0, 900.0, 960.0, 1020.0, 1080.0, 1140.0, 1200.0, 1260.0, 1320.0, 1380.0, 1440.0, 1500.0, 1560.0, 1620.0, 1680.0, 1740.0, 1800.0, 1860.0, 1920.0, 1980.0, 2040.0, 2100.0, 2160.0, 2220.0, 2280.0, 2340.0, 2400.0, 2460.0, 2520.0, 2580.0, 2640.0, 2700.0, 2760.0, 2820.0, 2880.0, 2940.0, 3000.0]
/////////////////////////
PROCESSING:  WJetsMG1200
/////////////////////////
plotTreeName: Tprime2_DeepAK8_Mass
Flavour: E #tag: isV_tHtH #algo: DeepAK8
Weights: 1 * HTSF_Pol * 1 * pileupWeight * 1 * lepIdSF * EGammaGsfSF * 1 * (MCWeight_singleLepCalc/abs(MCWeight_singleLepCalc)) * 0.00861414819858
Cuts: (leptonPt_singleLepCalc > 50) && (corr_met_singleLepCalc > 55) && (AK4HT > 480) && (minDR_lepJet > 0.4 || ptRel_lepJet > 40) && (NJetsAK8_JetSubCalc > 2) && (minDR_leadAK8otherAK8 < 3.0) && DataPastTrigger == 1 && isElectron==1
****************************************************************************************************
****************************************************************************************************
DISTRIBUTION: Tp2Mass
            -name in ljmet trees: Tprime2_ALGO_Mass
            -x-axis label is set to: ;M(T) [GeV])
            -using the binning as: [0.0, 60.0, 120.0, 180.0, 240.0, 300.0, 360.0, 420.0, 480.0, 540.0, 600.0, 660.0, 720.0, 780.0, 840.0, 900.0, 960.0, 1020.0, 1080.0, 1140.0, 1200.0, 1260.0, 1320.0, 1380.0, 1440.0, 1500.0, 1560.0, 1620.0, 1680.0, 1740.0, 1800.0, 1860.0, 1920.0, 1980.0, 2040.0, 2100.0, 2160.0, 2220.0, 2280.0, 2340.0, 2400.0, 2460.0, 2520.0, 2580.0, 2640.0, 2700.0, 2760.0, 2820.0, 2880.0, 2940.0, 3000.0]
/////////////////////////
PROCESSING:  WJetsMG2500
/////////////////////////
plotTreeName: Tprime2_DeepAK8_Mass
Flavour: E #tag: isV_tHtH #algo: DeepAK8
Weights: 1 * HTSF_Pol * 1 * pileupWeight * 1 * lepIdSF * EGammaGsfSF * 1 * (MCWeight_singleLepCalc/abs(MCWeight_singleLepCalc)) * 0.00054308661217
Cuts: (leptonPt_singleLepCalc > 50) && (corr_met_singleLepCalc > 55) && (AK4HT > 480) && (minDR_lepJet > 0.4 || ptRel_lepJet > 40) && (NJetsAK8_JetSubCalc > 2) && (minDR_leadAK8otherAK8 < 3.0) && DataPastTrigger == 1 && isElectron==1
****************************************************************************************************
****************************************************************************************************
DISTRIBUTION: Tp2Mass
            -name in ljmet trees: Tprime2_ALGO_Mass
            -x-axis label is set to: ;M(T) [GeV])
            -using the binning as: [0.0, 60.0, 120.0, 180.0, 240.0, 300.0, 360.0, 420.0, 480.0, 540.0, 600.0, 660.0, 720.0, 780.0, 840.0, 900.0, 960.0, 1020.0, 1080.0, 1140.0, 1200.0, 1260.0, 1320.0, 1380.0, 1440.0, 1500.0, 1560.0, 1620.0, 1680.0, 1740.0, 1800.0, 1860.0, 1920.0, 1980.0, 2040.0, 2100.0, 2160.0, 2220.0, 2280.0, 2340.0, 2400.0, 2460.0, 2520.0, 2580.0, 2640.0, 2700.0, 2760.0, 2820.0, 2880.0, 2940.0, 3000.0]
/////////////////////////
PROCESSING:  TTM1100BWBW
/////////////////////////
plotTreeName: Tprime2_DeepAK8_Mass
Flavour: E #tag: isV_tHtH #algo: DeepAK8
Weights: 1 * 1 * 1 * pileupWeight * 1 * lepIdSF * EGammaGsfSF * 1 * (MCWeight_singleLepCalc/abs(MCWeight_singleLepCalc)) * 0.00223239916536
Cuts: (leptonPt_singleLepCalc > 50) && (corr_met_singleLepCalc > 55) && (AK4HT > 480) && (minDR_lepJet > 0.4 || ptRel_lepJet > 40) && (NJetsAK8_JetSubCalc > 2) && (minDR_leadAK8otherAK8 < 3.0) && DataPastTrigger == 1 && isElectron==1
****************************************************************************************************
****************************************************************************************************
DISTRIBUTION: Tp2Mass
            -name in ljmet trees: Tprime2_ALGO_Mass
            -x-axis label is set to: ;M(T) [GeV])
            -using the binning as: [0.0, 60.0, 120.0, 180.0, 240.0, 300.0, 360.0, 420.0, 480.0, 540.0, 600.0, 660.0, 720.0, 780.0, 840.0, 900.0, 960.0, 1020.0, 1080.0, 1140.0, 1200.0, 1260.0, 1320.0, 1380.0, 1440.0, 1500.0, 1560.0, 1620.0, 1680.0, 1740.0, 1800.0, 1860.0, 1920.0, 1980.0, 2040.0, 2100.0, 2160.0, 2220.0, 2280.0, 2340.0, 2400.0, 2460.0, 2520.0, 2580.0, 2640.0, 2700.0, 2760.0, 2820.0, 2880.0, 2940.0, 3000.0]
/////////////////////////
PROCESSING:  TTM1100THTH
/////////////////////////
plotTreeName: Tprime2_DeepAK8_Mass
Flavour: E #tag: isV_tHtH #algo: DeepAK8
Weights: 1 * 1 * 1 * pileupWeight * 1 * lepIdSF * EGammaGsfSF * 1 * (MCWeight_singleLepCalc/abs(MCWeight_singleLepCalc)) * 0.000558099791339
Cuts: (leptonPt_singleLepCalc > 50) && (corr_met_singleLepCalc > 55) && (AK4HT > 480) && (minDR_lepJet > 0.4 || ptRel_lepJet > 40) && (NJetsAK8_JetSubCalc > 2) && (minDR_leadAK8otherAK8 < 3.0) && DataPastTrigger == 1 && isElectron==1
****************************************************************************************************
****************************************************************************************************
DISTRIBUTION: Tp2Mass
            -name in ljmet trees: Tprime2_ALGO_Mass
            -x-axis label is set to: ;M(T) [GeV])
            -using the binning as: [0.0, 60.0, 120.0, 180.0, 240.0, 300.0, 360.0, 420.0, 480.0, 540.0, 600.0, 660.0, 720.0, 780.0, 840.0, 900.0, 960.0, 1020.0, 1080.0, 1140.0, 1200.0, 1260.0, 1320.0, 1380.0, 1440.0, 1500.0, 1560.0, 1620.0, 1680.0, 1740.0, 1800.0, 1860.0, 1920.0, 1980.0, 2040.0, 2100.0, 2160.0, 2220.0, 2280.0, 2340.0, 2400.0, 2460.0, 2520.0, 2580.0, 2640.0, 2700.0, 2760.0, 2820.0, 2880.0, 2940.0, 3000.0]
/////////////////////////
PROCESSING:  TTM1100TZTZ
/////////////////////////
plotTreeName: Tprime2_DeepAK8_Mass
Flavour: E #tag: isV_tHtH #algo: DeepAK8
Weights: 1 * 1 * 1 * pileupWeight * 1 * lepIdSF * EGammaGsfSF * 1 * (MCWeight_singleLepCalc/abs(MCWeight_singleLepCalc)) * 0.000558099791339
Cuts: (leptonPt_singleLepCalc > 50) && (corr_met_singleLepCalc > 55) && (AK4HT > 480) && (minDR_lepJet > 0.4 || ptRel_lepJet > 40) && (NJetsAK8_JetSubCalc > 2) && (minDR_leadAK8otherAK8 < 3.0) && DataPastTrigger == 1 && isElectron==1
****************************************************************************************************
****************************************************************************************************
DISTRIBUTION: Tp2Mass
            -name in ljmet trees: Tprime2_ALGO_Mass
            -x-axis label is set to: ;M(T) [GeV])
            -using the binning as: [0.0, 60.0, 120.0, 180.0, 240.0, 300.0, 360.0, 420.0, 480.0, 540.0, 600.0, 660.0, 720.0, 780.0, 840.0, 900.0, 960.0, 1020.0, 1080.0, 1140.0, 1200.0, 1260.0, 1320.0, 1380.0, 1440.0, 1500.0, 1560.0, 1620.0, 1680.0, 1740.0, 1800.0, 1860.0, 1920.0, 1980.0, 2040.0, 2100.0, 2160.0, 2220.0, 2280.0, 2340.0, 2400.0, 2460.0, 2520.0, 2580.0, 2640.0, 2700.0, 2760.0, 2820.0, 2880.0, 2940.0, 3000.0]
/////////////////////////
PROCESSING:  TTM1100TZBW
/////////////////////////
plotTreeName: Tprime2_DeepAK8_Mass
Flavour: E #tag: isV_tHtH #algo: DeepAK8
Weights: 1 * 1 * 1 * pileupWeight * 1 * lepIdSF * EGammaGsfSF * 1 * (MCWeight_singleLepCalc/abs(MCWeight_singleLepCalc)) * 0.00111619958268
Cuts: (leptonPt_singleLepCalc > 50) && (corr_met_singleLepCalc > 55) && (AK4HT > 480) && (minDR_lepJet > 0.4 || ptRel_lepJet > 40) && (NJetsAK8_JetSubCalc > 2) && (minDR_leadAK8otherAK8 < 3.0) && DataPastTrigger == 1 && isElectron==1
****************************************************************************************************
****************************************************************************************************
DISTRIBUTION: Tp2Mass
            -name in ljmet trees: Tprime2_ALGO_Mass
            -x-axis label is set to: ;M(T) [GeV])
            -using the binning as: [0.0, 60.0, 120.0, 180.0, 240.0, 300.0, 360.0, 420.0, 480.0, 540.0, 600.0, 660.0, 720.0, 780.0, 840.0, 900.0, 960.0, 1020.0, 1080.0, 1140.0, 1200.0, 1260.0, 1320.0, 1380.0, 1440.0, 1500.0, 1560.0, 1620.0, 1680.0, 1740.0, 1800.0, 1860.0, 1920.0, 1980.0, 2040.0, 2100.0, 2160.0, 2220.0, 2280.0, 2340.0, 2400.0, 2460.0, 2520.0, 2580.0, 2640.0, 2700.0, 2760.0, 2820.0, 2880.0, 2940.0, 3000.0]
/////////////////////////
PROCESSING:  TTM1100THBW
/////////////////////////
plotTreeName: Tprime2_DeepAK8_Mass
Flavour: E #tag: isV_tHtH #algo: DeepAK8
Weights: 1 * 1 * 1 * pileupWeight * 1 * lepIdSF * EGammaGsfSF * 1 * (MCWeight_singleLepCalc/abs(MCWeight_singleLepCalc)) * 0.00111619958268
Cuts: (leptonPt_singleLepCalc > 50) && (corr_met_singleLepCalc > 55) && (AK4HT > 480) && (minDR_lepJet > 0.4 || ptRel_lepJet > 40) && (NJetsAK8_JetSubCalc > 2) && (minDR_leadAK8otherAK8 < 3.0) && DataPastTrigger == 1 && isElectron==1
****************************************************************************************************
****************************************************************************************************
DISTRIBUTION: Tp2Mass
            -name in ljmet trees: Tprime2_ALGO_Mass
            -x-axis label is set to: ;M(T) [GeV])
            -using the binning as: [0.0, 60.0, 120.0, 180.0, 240.0, 300.0, 360.0, 420.0, 480.0, 540.0, 600.0, 660.0, 720.0, 780.0, 840.0, 900.0, 960.0, 1020.0, 1080.0, 1140.0, 1200.0, 1260.0, 1320.0, 1380.0, 1440.0, 1500.0, 1560.0, 1620.0, 1680.0, 1740.0, 1800.0, 1860.0, 1920.0, 1980.0, 2040.0, 2100.0, 2160.0, 2220.0, 2280.0, 2340.0, 2400.0, 2460.0, 2520.0, 2580.0, 2640.0, 2700.0, 2760.0, 2820.0, 2880.0, 2940.0, 3000.0]
/////////////////////////
PROCESSING:  TTM1100TZTH
/////////////////////////
plotTreeName: Tprime2_DeepAK8_Mass
Flavour: E #tag: isV_tHtH #algo: DeepAK8
Weights: 1 * 1 * 1 * pileupWeight * 1 * lepIdSF * EGammaGsfSF * 1 * (MCWeight_singleLepCalc/abs(MCWeight_singleLepCalc)) * 0.000558099791339
Cuts: (leptonPt_singleLepCalc > 50) && (corr_met_singleLepCalc > 55) && (AK4HT > 480) && (minDR_lepJet > 0.4 || ptRel_lepJet > 40) && (NJetsAK8_JetSubCalc > 2) && (minDR_leadAK8otherAK8 < 3.0) && DataPastTrigger == 1 && isElectron==1
****************************************************************************************************
****************************************************************************************************
DISTRIBUTION: Tp2Mass
            -name in ljmet trees: Tprime2_ALGO_Mass
            -x-axis label is set to: ;M(T) [GeV])
            -using the binning as: [0.0, 60.0, 120.0, 180.0, 240.0, 300.0, 360.0, 420.0, 480.0, 540.0, 600.0, 660.0, 720.0, 780.0, 840.0, 900.0, 960.0, 1020.0, 1080.0, 1140.0, 1200.0, 1260.0, 1320.0, 1380.0, 1440.0, 1500.0, 1560.0, 1620.0, 1680.0, 1740.0, 1800.0, 1860.0, 1920.0, 1980.0, 2040.0, 2100.0, 2160.0, 2220.0, 2280.0, 2340.0, 2400.0, 2460.0, 2520.0, 2580.0, 2640.0, 2700.0, 2760.0, 2820.0, 2880.0, 2940.0, 3000.0]
/////////////////////////
PROCESSING:  TTM1200BWBW
/////////////////////////
plotTreeName: Tprime2_DeepAK8_Mass
Flavour: E #tag: isV_tHtH #algo: DeepAK8
Weights: 1 * 1 * 1 * pileupWeight * 1 * lepIdSF * EGammaGsfSF * 1 * (MCWeight_singleLepCalc/abs(MCWeight_singleLepCalc)) * 0.00117627847652
Cuts: (leptonPt_singleLepCalc > 50) && (corr_met_singleLepCalc > 55) && (AK4HT > 480) && (minDR_lepJet > 0.4 || ptRel_lepJet > 40) && (NJetsAK8_JetSubCalc > 2) && (minDR_leadAK8otherAK8 < 3.0) && DataPastTrigger == 1 && isElectron==1
****************************************************************************************************
****************************************************************************************************
DISTRIBUTION: Tp2Mass
            -name in ljmet trees: Tprime2_ALGO_Mass
            -x-axis label is set to: ;M(T) [GeV])
            -using the binning as: [0.0, 60.0, 120.0, 180.0, 240.0, 300.0, 360.0, 420.0, 480.0, 540.0, 600.0, 660.0, 720.0, 780.0, 840.0, 900.0, 960.0, 1020.0, 1080.0, 1140.0, 1200.0, 1260.0, 1320.0, 1380.0, 1440.0, 1500.0, 1560.0, 1620.0, 1680.0, 1740.0, 1800.0, 1860.0, 1920.0, 1980.0, 2040.0, 2100.0, 2160.0, 2220.0, 2280.0, 2340.0, 2400.0, 2460.0, 2520.0, 2580.0, 2640.0, 2700.0, 2760.0, 2820.0, 2880.0, 2940.0, 3000.0]
/////////////////////////
PROCESSING:  TTM1200THTH
/////////////////////////
plotTreeName: Tprime2_DeepAK8_Mass
Flavour: E #tag: isV_tHtH #algo: DeepAK8
Weights: 1 * 1 * 1 * pileupWeight * 1 * lepIdSF * EGammaGsfSF * 1 * (MCWeight_singleLepCalc/abs(MCWeight_singleLepCalc)) * 0.00029406961913
Cuts: (leptonPt_singleLepCalc > 50) && (corr_met_singleLepCalc > 55) && (AK4HT > 480) && (minDR_lepJet > 0.4 || ptRel_lepJet > 40) && (NJetsAK8_JetSubCalc > 2) && (minDR_leadAK8otherAK8 < 3.0) && DataPastTrigger == 1 && isElectron==1
****************************************************************************************************
****************************************************************************************************
DISTRIBUTION: Tp2Mass
            -name in ljmet trees: Tprime2_ALGO_Mass
            -x-axis label is set to: ;M(T) [GeV])
            -using the binning as: [0.0, 60.0, 120.0, 180.0, 240.0, 300.0, 360.0, 420.0, 480.0, 540.0, 600.0, 660.0, 720.0, 780.0, 840.0, 900.0, 960.0, 1020.0, 1080.0, 1140.0, 1200.0, 1260.0, 1320.0, 1380.0, 1440.0, 1500.0, 1560.0, 1620.0, 1680.0, 1740.0, 1800.0, 1860.0, 1920.0, 1980.0, 2040.0, 2100.0, 2160.0, 2220.0, 2280.0, 2340.0, 2400.0, 2460.0, 2520.0, 2580.0, 2640.0, 2700.0, 2760.0, 2820.0, 2880.0, 2940.0, 3000.0]
/////////////////////////
PROCESSING:  TTM1200TZTZ
/////////////////////////
plotTreeName: Tprime2_DeepAK8_Mass
Flavour: E #tag: isV_tHtH #algo: DeepAK8
Weights: 1 * 1 * 1 * pileupWeight * 1 * lepIdSF * EGammaGsfSF * 1 * (MCWeight_singleLepCalc/abs(MCWeight_singleLepCalc)) * 0.00029406961913
Cuts: (leptonPt_singleLepCalc > 50) && (corr_met_singleLepCalc > 55) && (AK4HT > 480) && (minDR_lepJet > 0.4 || ptRel_lepJet > 40) && (NJetsAK8_JetSubCalc > 2) && (minDR_leadAK8otherAK8 < 3.0) && DataPastTrigger == 1 && isElectron==1
****************************************************************************************************
****************************************************************************************************
DISTRIBUTION: Tp2Mass
            -name in ljmet trees: Tprime2_ALGO_Mass
            -x-axis label is set to: ;M(T) [GeV])
            -using the binning as: [0.0, 60.0, 120.0, 180.0, 240.0, 300.0, 360.0, 420.0, 480.0, 540.0, 600.0, 660.0, 720.0, 780.0, 840.0, 900.0, 960.0, 1020.0, 1080.0, 1140.0, 1200.0, 1260.0, 1320.0, 1380.0, 1440.0, 1500.0, 1560.0, 1620.0, 1680.0, 1740.0, 1800.0, 1860.0, 1920.0, 1980.0, 2040.0, 2100.0, 2160.0, 2220.0, 2280.0, 2340.0, 2400.0, 2460.0, 2520.0, 2580.0, 2640.0, 2700.0, 2760.0, 2820.0, 2880.0, 2940.0, 3000.0]
/////////////////////////
PROCESSING:  TTM1200TZBW
/////////////////////////
plotTreeName: Tprime2_DeepAK8_Mass
Flavour: E #tag: isV_tHtH #algo: DeepAK8
Weights: 1 * 1 * 1 * pileupWeight * 1 * lepIdSF * EGammaGsfSF * 1 * (MCWeight_singleLepCalc/abs(MCWeight_singleLepCalc)) * 0.000588139238259
Cuts: (leptonPt_singleLepCalc > 50) && (corr_met_singleLepCalc > 55) && (AK4HT > 480) && (minDR_lepJet > 0.4 || ptRel_lepJet > 40) && (NJetsAK8_JetSubCalc > 2) && (minDR_leadAK8otherAK8 < 3.0) && DataPastTrigger == 1 && isElectron==1
****************************************************************************************************
****************************************************************************************************
DISTRIBUTION: Tp2Mass
            -name in ljmet trees: Tprime2_ALGO_Mass
            -x-axis label is set to: ;M(T) [GeV])
            -using the binning as: [0.0, 60.0, 120.0, 180.0, 240.0, 300.0, 360.0, 420.0, 480.0, 540.0, 600.0, 660.0, 720.0, 780.0, 840.0, 900.0, 960.0, 1020.0, 1080.0, 1140.0, 1200.0, 1260.0, 1320.0, 1380.0, 1440.0, 1500.0, 1560.0, 1620.0, 1680.0, 1740.0, 1800.0, 1860.0, 1920.0, 1980.0, 2040.0, 2100.0, 2160.0, 2220.0, 2280.0, 2340.0, 2400.0, 2460.0, 2520.0, 2580.0, 2640.0, 2700.0, 2760.0, 2820.0, 2880.0, 2940.0, 3000.0]
/////////////////////////
PROCESSING:  TTM1200THBW
/////////////////////////
plotTreeName: Tprime2_DeepAK8_Mass
Flavour: E #tag: isV_tHtH #algo: DeepAK8
Weights: 1 * 1 * 1 * pileupWeight * 1 * lepIdSF * EGammaGsfSF * 1 * (MCWeight_singleLepCalc/abs(MCWeight_singleLepCalc)) * 0.000588139238259
Cuts: (leptonPt_singleLepCalc > 50) && (corr_met_singleLepCalc > 55) && (AK4HT > 480) && (minDR_lepJet > 0.4 || ptRel_lepJet > 40) && (NJetsAK8_JetSubCalc > 2) && (minDR_leadAK8otherAK8 < 3.0) && DataPastTrigger == 1 && isElectron==1
****************************************************************************************************
****************************************************************************************************
DISTRIBUTION: Tp2Mass
            -name in ljmet trees: Tprime2_ALGO_Mass
            -x-axis label is set to: ;M(T) [GeV])
            -using the binning as: [0.0, 60.0, 120.0, 180.0, 240.0, 300.0, 360.0, 420.0, 480.0, 540.0, 600.0, 660.0, 720.0, 780.0, 840.0, 900.0, 960.0, 1020.0, 1080.0, 1140.0, 1200.0, 1260.0, 1320.0, 1380.0, 1440.0, 1500.0, 1560.0, 1620.0, 1680.0, 1740.0, 1800.0, 1860.0, 1920.0, 1980.0, 2040.0, 2100.0, 2160.0, 2220.0, 2280.0, 2340.0, 2400.0, 2460.0, 2520.0, 2580.0, 2640.0, 2700.0, 2760.0, 2820.0, 2880.0, 2940.0, 3000.0]
/////////////////////////
PROCESSING:  TTM1200TZTH
/////////////////////////
plotTreeName: Tprime2_DeepAK8_Mass
Flavour: E #tag: isV_tHtH #algo: DeepAK8
Weights: 1 * 1 * 1 * pileupWeight * 1 * lepIdSF * EGammaGsfSF * 1 * (MCWeight_singleLepCalc/abs(MCWeight_singleLepCalc)) * 0.00029406961913
Cuts: (leptonPt_singleLepCalc > 50) && (corr_met_singleLepCalc > 55) && (AK4HT > 480) && (minDR_lepJet > 0.4 || ptRel_lepJet > 40) && (NJetsAK8_JetSubCalc > 2) && (minDR_leadAK8otherAK8 < 3.0) && DataPastTrigger == 1 && isElectron==1
****************************************************************************************************
****************************************************************************************************
DISTRIBUTION: Tp2Mass
            -name in ljmet trees: Tprime2_ALGO_Mass
            -x-axis label is set to: ;M(T) [GeV])
            -using the binning as: [0.0, 60.0, 120.0, 180.0, 240.0, 300.0, 360.0, 420.0, 480.0, 540.0, 600.0, 660.0, 720.0, 780.0, 840.0, 900.0, 960.0, 1020.0, 1080.0, 1140.0, 1200.0, 1260.0, 1320.0, 1380.0, 1440.0, 1500.0, 1560.0, 1620.0, 1680.0, 1740.0, 1800.0, 1860.0, 1920.0, 1980.0, 2040.0, 2100.0, 2160.0, 2220.0, 2280.0, 2340.0, 2400.0, 2460.0, 2520.0, 2580.0, 2640.0, 2700.0, 2760.0, 2820.0, 2880.0, 2940.0, 3000.0]
/////////////////////////
PROCESSING:  TTM1300BWBW
/////////////////////////
plotTreeName: Tprime2_DeepAK8_Mass
Flavour: E #tag: isV_tHtH #algo: DeepAK8
Weights: 1 * 1 * 1 * pileupWeight * 1 * lepIdSF * EGammaGsfSF * 1 * (MCWeight_singleLepCalc/abs(MCWeight_singleLepCalc)) * 0.00063821114509
Cuts: (leptonPt_singleLepCalc > 50) && (corr_met_singleLepCalc > 55) && (AK4HT > 480) && (minDR_lepJet > 0.4 || ptRel_lepJet > 40) && (NJetsAK8_JetSubCalc > 2) && (minDR_leadAK8otherAK8 < 3.0) && DataPastTrigger == 1 && isElectron==1
****************************************************************************************************
****************************************************************************************************
DISTRIBUTION: Tp2Mass
            -name in ljmet trees: Tprime2_ALGO_Mass
            -x-axis label is set to: ;M(T) [GeV])
            -using the binning as: [0.0, 60.0, 120.0, 180.0, 240.0, 300.0, 360.0, 420.0, 480.0, 540.0, 600.0, 660.0, 720.0, 780.0, 840.0, 900.0, 960.0, 1020.0, 1080.0, 1140.0, 1200.0, 1260.0, 1320.0, 1380.0, 1440.0, 1500.0, 1560.0, 1620.0, 1680.0, 1740.0, 1800.0, 1860.0, 1920.0, 1980.0, 2040.0, 2100.0, 2160.0, 2220.0, 2280.0, 2340.0, 2400.0, 2460.0, 2520.0, 2580.0, 2640.0, 2700.0, 2760.0, 2820.0, 2880.0, 2940.0, 3000.0]
/////////////////////////
PROCESSING:  TTM1300THTH
/////////////////////////
plotTreeName: Tprime2_DeepAK8_Mass
Flavour: E #tag: isV_tHtH #algo: DeepAK8
Weights: 1 * 1 * 1 * pileupWeight * 1 * lepIdSF * EGammaGsfSF * 1 * (MCWeight_singleLepCalc/abs(MCWeight_singleLepCalc)) * 0.000159552786272
Cuts: (leptonPt_singleLepCalc > 50) && (corr_met_singleLepCalc > 55) && (AK4HT > 480) && (minDR_lepJet > 0.4 || ptRel_lepJet > 40) && (NJetsAK8_JetSubCalc > 2) && (minDR_leadAK8otherAK8 < 3.0) && DataPastTrigger == 1 && isElectron==1
****************************************************************************************************
****************************************************************************************************
DISTRIBUTION: Tp2Mass
            -name in ljmet trees: Tprime2_ALGO_Mass
            -x-axis label is set to: ;M(T) [GeV])
            -using the binning as: [0.0, 60.0, 120.0, 180.0, 240.0, 300.0, 360.0, 420.0, 480.0, 540.0, 600.0, 660.0, 720.0, 780.0, 840.0, 900.0, 960.0, 1020.0, 1080.0, 1140.0, 1200.0, 1260.0, 1320.0, 1380.0, 1440.0, 1500.0, 1560.0, 1620.0, 1680.0, 1740.0, 1800.0, 1860.0, 1920.0, 1980.0, 2040.0, 2100.0, 2160.0, 2220.0, 2280.0, 2340.0, 2400.0, 2460.0, 2520.0, 2580.0, 2640.0, 2700.0, 2760.0, 2820.0, 2880.0, 2940.0, 3000.0]
/////////////////////////
PROCESSING:  TTM1300TZTZ
/////////////////////////
plotTreeName: Tprime2_DeepAK8_Mass
Flavour: E #tag: isV_tHtH #algo: DeepAK8
Weights: 1 * 1 * 1 * pileupWeight * 1 * lepIdSF * EGammaGsfSF * 1 * (MCWeight_singleLepCalc/abs(MCWeight_singleLepCalc)) * 0.000159552786272
Cuts: (leptonPt_singleLepCalc > 50) && (corr_met_singleLepCalc > 55) && (AK4HT > 480) && (minDR_lepJet > 0.4 || ptRel_lepJet > 40) && (NJetsAK8_JetSubCalc > 2) && (minDR_leadAK8otherAK8 < 3.0) && DataPastTrigger == 1 && isElectron==1
****************************************************************************************************
****************************************************************************************************
DISTRIBUTION: Tp2Mass
            -name in ljmet trees: Tprime2_ALGO_Mass
            -x-axis label is set to: ;M(T) [GeV])
            -using the binning as: [0.0, 60.0, 120.0, 180.0, 240.0, 300.0, 360.0, 420.0, 480.0, 540.0, 600.0, 660.0, 720.0, 780.0, 840.0, 900.0, 960.0, 1020.0, 1080.0, 1140.0, 1200.0, 1260.0, 1320.0, 1380.0, 1440.0, 1500.0, 1560.0, 1620.0, 1680.0, 1740.0, 1800.0, 1860.0, 1920.0, 1980.0, 2040.0, 2100.0, 2160.0, 2220.0, 2280.0, 2340.0, 2400.0, 2460.0, 2520.0, 2580.0, 2640.0, 2700.0, 2760.0, 2820.0, 2880.0, 2940.0, 3000.0]
/////////////////////////
PROCESSING:  TTM1300TZBW
/////////////////////////
plotTreeName: Tprime2_DeepAK8_Mass
Flavour: E #tag: isV_tHtH #algo: DeepAK8
Weights: 1 * 1 * 1 * pileupWeight * 1 * lepIdSF * EGammaGsfSF * 1 * (MCWeight_singleLepCalc/abs(MCWeight_singleLepCalc)) * 0.000319105572545
Cuts: (leptonPt_singleLepCalc > 50) && (corr_met_singleLepCalc > 55) && (AK4HT > 480) && (minDR_lepJet > 0.4 || ptRel_lepJet > 40) && (NJetsAK8_JetSubCalc > 2) && (minDR_leadAK8otherAK8 < 3.0) && DataPastTrigger == 1 && isElectron==1
****************************************************************************************************
****************************************************************************************************
DISTRIBUTION: Tp2Mass
            -name in ljmet trees: Tprime2_ALGO_Mass
            -x-axis label is set to: ;M(T) [GeV])
            -using the binning as: [0.0, 60.0, 120.0, 180.0, 240.0, 300.0, 360.0, 420.0, 480.0, 540.0, 600.0, 660.0, 720.0, 780.0, 840.0, 900.0, 960.0, 1020.0, 1080.0, 1140.0, 1200.0, 1260.0, 1320.0, 1380.0, 1440.0, 1500.0, 1560.0, 1620.0, 1680.0, 1740.0, 1800.0, 1860.0, 1920.0, 1980.0, 2040.0, 2100.0, 2160.0, 2220.0, 2280.0, 2340.0, 2400.0, 2460.0, 2520.0, 2580.0, 2640.0, 2700.0, 2760.0, 2820.0, 2880.0, 2940.0, 3000.0]
/////////////////////////
PROCESSING:  TTM1300THBW
/////////////////////////
plotTreeName: Tprime2_DeepAK8_Mass
Flavour: E #tag: isV_tHtH #algo: DeepAK8
Weights: 1 * 1 * 1 * pileupWeight * 1 * lepIdSF * EGammaGsfSF * 1 * (MCWeight_singleLepCalc/abs(MCWeight_singleLepCalc)) * 0.000319105572545
Cuts: (leptonPt_singleLepCalc > 50) && (corr_met_singleLepCalc > 55) && (AK4HT > 480) && (minDR_lepJet > 0.4 || ptRel_lepJet > 40) && (NJetsAK8_JetSubCalc > 2) && (minDR_leadAK8otherAK8 < 3.0) && DataPastTrigger == 1 && isElectron==1
****************************************************************************************************
****************************************************************************************************
DISTRIBUTION: Tp2Mass
            -name in ljmet trees: Tprime2_ALGO_Mass
            -x-axis label is set to: ;M(T) [GeV])
            -using the binning as: [0.0, 60.0, 120.0, 180.0, 240.0, 300.0, 360.0, 420.0, 480.0, 540.0, 600.0, 660.0, 720.0, 780.0, 840.0, 900.0, 960.0, 1020.0, 1080.0, 1140.0, 1200.0, 1260.0, 1320.0, 1380.0, 1440.0, 1500.0, 1560.0, 1620.0, 1680.0, 1740.0, 1800.0, 1860.0, 1920.0, 1980.0, 2040.0, 2100.0, 2160.0, 2220.0, 2280.0, 2340.0, 2400.0, 2460.0, 2520.0, 2580.0, 2640.0, 2700.0, 2760.0, 2820.0, 2880.0, 2940.0, 3000.0]
/////////////////////////
PROCESSING:  TTM1300TZTH
/////////////////////////
plotTreeName: Tprime2_DeepAK8_Mass
Flavour: E #tag: isV_tHtH #algo: DeepAK8
Weights: 1 * 1 * 1 * pileupWeight * 1 * lepIdSF * EGammaGsfSF * 1 * (MCWeight_singleLepCalc/abs(MCWeight_singleLepCalc)) * 0.000159552786272
Cuts: (leptonPt_singleLepCalc > 50) && (corr_met_singleLepCalc > 55) && (AK4HT > 480) && (minDR_lepJet > 0.4 || ptRel_lepJet > 40) && (NJetsAK8_JetSubCalc > 2) && (minDR_leadAK8otherAK8 < 3.0) && DataPastTrigger == 1 && isElectron==1
****************************************************************************************************
****************************************************************************************************
DISTRIBUTION: Tp2Mass
            -name in ljmet trees: Tprime2_ALGO_Mass
            -x-axis label is set to: ;M(T) [GeV])
            -using the binning as: [0.0, 60.0, 120.0, 180.0, 240.0, 300.0, 360.0, 420.0, 480.0, 540.0, 600.0, 660.0, 720.0, 780.0, 840.0, 900.0, 960.0, 1020.0, 1080.0, 1140.0, 1200.0, 1260.0, 1320.0, 1380.0, 1440.0, 1500.0, 1560.0, 1620.0, 1680.0, 1740.0, 1800.0, 1860.0, 1920.0, 1980.0, 2040.0, 2100.0, 2160.0, 2220.0, 2280.0, 2340.0, 2400.0, 2460.0, 2520.0, 2580.0, 2640.0, 2700.0, 2760.0, 2820.0, 2880.0, 2940.0, 3000.0]
/////////////////////////
PROCESSING:  TTM1400BWBW
/////////////////////////
plotTreeName: Tprime2_DeepAK8_Mass
Flavour: E #tag: isV_tHtH #algo: DeepAK8
Weights: 1 * 1 * 1 * pileupWeight * 1 * lepIdSF * EGammaGsfSF * 1 * (MCWeight_singleLepCalc/abs(MCWeight_singleLepCalc)) * 0.000352883542956
Cuts: (leptonPt_singleLepCalc > 50) && (corr_met_singleLepCalc > 55) && (AK4HT > 480) && (minDR_lepJet > 0.4 || ptRel_lepJet > 40) && (NJetsAK8_JetSubCalc > 2) && (minDR_leadAK8otherAK8 < 3.0) && DataPastTrigger == 1 && isElectron==1
****************************************************************************************************
****************************************************************************************************
DISTRIBUTION: Tp2Mass
            -name in ljmet trees: Tprime2_ALGO_Mass
            -x-axis label is set to: ;M(T) [GeV])
            -using the binning as: [0.0, 60.0, 120.0, 180.0, 240.0, 300.0, 360.0, 420.0, 480.0, 540.0, 600.0, 660.0, 720.0, 780.0, 840.0, 900.0, 960.0, 1020.0, 1080.0, 1140.0, 1200.0, 1260.0, 1320.0, 1380.0, 1440.0, 1500.0, 1560.0, 1620.0, 1680.0, 1740.0, 1800.0, 1860.0, 1920.0, 1980.0, 2040.0, 2100.0, 2160.0, 2220.0, 2280.0, 2340.0, 2400.0, 2460.0, 2520.0, 2580.0, 2640.0, 2700.0, 2760.0, 2820.0, 2880.0, 2940.0, 3000.0]
/////////////////////////
PROCESSING:  TTM1400THTH
/////////////////////////
plotTreeName: Tprime2_DeepAK8_Mass
Flavour: E #tag: isV_tHtH #algo: DeepAK8
Weights: 1 * 1 * 1 * pileupWeight * 1 * lepIdSF * EGammaGsfSF * 1 * (MCWeight_singleLepCalc/abs(MCWeight_singleLepCalc)) * 8.82208857389e-05
Cuts: (leptonPt_singleLepCalc > 50) && (corr_met_singleLepCalc > 55) && (AK4HT > 480) && (minDR_lepJet > 0.4 || ptRel_lepJet > 40) && (NJetsAK8_JetSubCalc > 2) && (minDR_leadAK8otherAK8 < 3.0) && DataPastTrigger == 1 && isElectron==1
****************************************************************************************************
****************************************************************************************************
DISTRIBUTION: Tp2Mass
            -name in ljmet trees: Tprime2_ALGO_Mass
            -x-axis label is set to: ;M(T) [GeV])
            -using the binning as: [0.0, 60.0, 120.0, 180.0, 240.0, 300.0, 360.0, 420.0, 480.0, 540.0, 600.0, 660.0, 720.0, 780.0, 840.0, 900.0, 960.0, 1020.0, 1080.0, 1140.0, 1200.0, 1260.0, 1320.0, 1380.0, 1440.0, 1500.0, 1560.0, 1620.0, 1680.0, 1740.0, 1800.0, 1860.0, 1920.0, 1980.0, 2040.0, 2100.0, 2160.0, 2220.0, 2280.0, 2340.0, 2400.0, 2460.0, 2520.0, 2580.0, 2640.0, 2700.0, 2760.0, 2820.0, 2880.0, 2940.0, 3000.0]
/////////////////////////
PROCESSING:  TTM1400TZTZ
/////////////////////////
plotTreeName: Tprime2_DeepAK8_Mass
Flavour: E #tag: isV_tHtH #algo: DeepAK8
Weights: 1 * 1 * 1 * pileupWeight * 1 * lepIdSF * EGammaGsfSF * 1 * (MCWeight_singleLepCalc/abs(MCWeight_singleLepCalc)) * 8.82208857389e-05
Cuts: (leptonPt_singleLepCalc > 50) && (corr_met_singleLepCalc > 55) && (AK4HT > 480) && (minDR_lepJet > 0.4 || ptRel_lepJet > 40) && (NJetsAK8_JetSubCalc > 2) && (minDR_leadAK8otherAK8 < 3.0) && DataPastTrigger == 1 && isElectron==1
****************************************************************************************************
****************************************************************************************************
DISTRIBUTION: Tp2Mass
            -name in ljmet trees: Tprime2_ALGO_Mass
            -x-axis label is set to: ;M(T) [GeV])
            -using the binning as: [0.0, 60.0, 120.0, 180.0, 240.0, 300.0, 360.0, 420.0, 480.0, 540.0, 600.0, 660.0, 720.0, 780.0, 840.0, 900.0, 960.0, 1020.0, 1080.0, 1140.0, 1200.0, 1260.0, 1320.0, 1380.0, 1440.0, 1500.0, 1560.0, 1620.0, 1680.0, 1740.0, 1800.0, 1860.0, 1920.0, 1980.0, 2040.0, 2100.0, 2160.0, 2220.0, 2280.0, 2340.0, 2400.0, 2460.0, 2520.0, 2580.0, 2640.0, 2700.0, 2760.0, 2820.0, 2880.0, 2940.0, 3000.0]
/////////////////////////
PROCESSING:  TTM1400TZBW
/////////////////////////
plotTreeName: Tprime2_DeepAK8_Mass
Flavour: E #tag: isV_tHtH #algo: DeepAK8
Weights: 1 * 1 * 1 * pileupWeight * 1 * lepIdSF * EGammaGsfSF * 1 * (MCWeight_singleLepCalc/abs(MCWeight_singleLepCalc)) * 0.000176441771478
Cuts: (leptonPt_singleLepCalc > 50) && (corr_met_singleLepCalc > 55) && (AK4HT > 480) && (minDR_lepJet > 0.4 || ptRel_lepJet > 40) && (NJetsAK8_JetSubCalc > 2) && (minDR_leadAK8otherAK8 < 3.0) && DataPastTrigger == 1 && isElectron==1
****************************************************************************************************
****************************************************************************************************
DISTRIBUTION: Tp2Mass
            -name in ljmet trees: Tprime2_ALGO_Mass
            -x-axis label is set to: ;M(T) [GeV])
            -using the binning as: [0.0, 60.0, 120.0, 180.0, 240.0, 300.0, 360.0, 420.0, 480.0, 540.0, 600.0, 660.0, 720.0, 780.0, 840.0, 900.0, 960.0, 1020.0, 1080.0, 1140.0, 1200.0, 1260.0, 1320.0, 1380.0, 1440.0, 1500.0, 1560.0, 1620.0, 1680.0, 1740.0, 1800.0, 1860.0, 1920.0, 1980.0, 2040.0, 2100.0, 2160.0, 2220.0, 2280.0, 2340.0, 2400.0, 2460.0, 2520.0, 2580.0, 2640.0, 2700.0, 2760.0, 2820.0, 2880.0, 2940.0, 3000.0]
/////////////////////////
PROCESSING:  TTM1400THBW
/////////////////////////
plotTreeName: Tprime2_DeepAK8_Mass
Flavour: E #tag: isV_tHtH #algo: DeepAK8
Weights: 1 * 1 * 1 * pileupWeight * 1 * lepIdSF * EGammaGsfSF * 1 * (MCWeight_singleLepCalc/abs(MCWeight_singleLepCalc)) * 0.000176441771478
Cuts: (leptonPt_singleLepCalc > 50) && (corr_met_singleLepCalc > 55) && (AK4HT > 480) && (minDR_lepJet > 0.4 || ptRel_lepJet > 40) && (NJetsAK8_JetSubCalc > 2) && (minDR_leadAK8otherAK8 < 3.0) && DataPastTrigger == 1 && isElectron==1
****************************************************************************************************
****************************************************************************************************
DISTRIBUTION: Tp2Mass
            -name in ljmet trees: Tprime2_ALGO_Mass
            -x-axis label is set to: ;M(T) [GeV])
            -using the binning as: [0.0, 60.0, 120.0, 180.0, 240.0, 300.0, 360.0, 420.0, 480.0, 540.0, 600.0, 660.0, 720.0, 780.0, 840.0, 900.0, 960.0, 1020.0, 1080.0, 1140.0, 1200.0, 1260.0, 1320.0, 1380.0, 1440.0, 1500.0, 1560.0, 1620.0, 1680.0, 1740.0, 1800.0, 1860.0, 1920.0, 1980.0, 2040.0, 2100.0, 2160.0, 2220.0, 2280.0, 2340.0, 2400.0, 2460.0, 2520.0, 2580.0, 2640.0, 2700.0, 2760.0, 2820.0, 2880.0, 2940.0, 3000.0]
/////////////////////////
PROCESSING:  TTM1400TZTH
/////////////////////////
plotTreeName: Tprime2_DeepAK8_Mass
Flavour: E #tag: isV_tHtH #algo: DeepAK8
Weights: 1 * 1 * 1 * pileupWeight * 1 * lepIdSF * EGammaGsfSF * 1 * (MCWeight_singleLepCalc/abs(MCWeight_singleLepCalc)) * 8.82208857389e-05
Cuts: (leptonPt_singleLepCalc > 50) && (corr_met_singleLepCalc > 55) && (AK4HT > 480) && (minDR_lepJet > 0.4 || ptRel_lepJet > 40) && (NJetsAK8_JetSubCalc > 2) && (minDR_leadAK8otherAK8 < 3.0) && DataPastTrigger == 1 && isElectron==1
****************************************************************************************************
****************************************************************************************************
DISTRIBUTION: Tp2Mass
            -name in ljmet trees: Tprime2_ALGO_Mass
            -x-axis label is set to: ;M(T) [GeV])
            -using the binning as: [0.0, 60.0, 120.0, 180.0, 240.0, 300.0, 360.0, 420.0, 480.0, 540.0, 600.0, 660.0, 720.0, 780.0, 840.0, 900.0, 960.0, 1020.0, 1080.0, 1140.0, 1200.0, 1260.0, 1320.0, 1380.0, 1440.0, 1500.0, 1560.0, 1620.0, 1680.0, 1740.0, 1800.0, 1860.0, 1920.0, 1980.0, 2040.0, 2100.0, 2160.0, 2220.0, 2280.0, 2340.0, 2400.0, 2460.0, 2520.0, 2580.0, 2640.0, 2700.0, 2760.0, 2820.0, 2880.0, 2940.0, 3000.0]
/////////////////////////
PROCESSING:  TTM1500BWBW
/////////////////////////
plotTreeName: Tprime2_DeepAK8_Mass
Flavour: E #tag: isV_tHtH #algo: DeepAK8
Weights: 1 * 1 * 1 * pileupWeight * 1 * lepIdSF * EGammaGsfSF * 1 * (MCWeight_singleLepCalc/abs(MCWeight_singleLepCalc)) * 0.00019932135405
Cuts: (leptonPt_singleLepCalc > 50) && (corr_met_singleLepCalc > 55) && (AK4HT > 480) && (minDR_lepJet > 0.4 || ptRel_lepJet > 40) && (NJetsAK8_JetSubCalc > 2) && (minDR_leadAK8otherAK8 < 3.0) && DataPastTrigger == 1 && isElectron==1
****************************************************************************************************
****************************************************************************************************
DISTRIBUTION: Tp2Mass
            -name in ljmet trees: Tprime2_ALGO_Mass
            -x-axis label is set to: ;M(T) [GeV])
            -using the binning as: [0.0, 60.0, 120.0, 180.0, 240.0, 300.0, 360.0, 420.0, 480.0, 540.0, 600.0, 660.0, 720.0, 780.0, 840.0, 900.0, 960.0, 1020.0, 1080.0, 1140.0, 1200.0, 1260.0, 1320.0, 1380.0, 1440.0, 1500.0, 1560.0, 1620.0, 1680.0, 1740.0, 1800.0, 1860.0, 1920.0, 1980.0, 2040.0, 2100.0, 2160.0, 2220.0, 2280.0, 2340.0, 2400.0, 2460.0, 2520.0, 2580.0, 2640.0, 2700.0, 2760.0, 2820.0, 2880.0, 2940.0, 3000.0]
/////////////////////////
PROCESSING:  TTM1500THTH
/////////////////////////
plotTreeName: Tprime2_DeepAK8_Mass
Flavour: E #tag: isV_tHtH #algo: DeepAK8
Weights: 1 * 1 * 1 * pileupWeight * 1 * lepIdSF * EGammaGsfSF * 1 * (MCWeight_singleLepCalc/abs(MCWeight_singleLepCalc)) * 4.98303385124e-05
Cuts: (leptonPt_singleLepCalc > 50) && (corr_met_singleLepCalc > 55) && (AK4HT > 480) && (minDR_lepJet > 0.4 || ptRel_lepJet > 40) && (NJetsAK8_JetSubCalc > 2) && (minDR_leadAK8otherAK8 < 3.0) && DataPastTrigger == 1 && isElectron==1
****************************************************************************************************
****************************************************************************************************
DISTRIBUTION: Tp2Mass
            -name in ljmet trees: Tprime2_ALGO_Mass
            -x-axis label is set to: ;M(T) [GeV])
            -using the binning as: [0.0, 60.0, 120.0, 180.0, 240.0, 300.0, 360.0, 420.0, 480.0, 540.0, 600.0, 660.0, 720.0, 780.0, 840.0, 900.0, 960.0, 1020.0, 1080.0, 1140.0, 1200.0, 1260.0, 1320.0, 1380.0, 1440.0, 1500.0, 1560.0, 1620.0, 1680.0, 1740.0, 1800.0, 1860.0, 1920.0, 1980.0, 2040.0, 2100.0, 2160.0, 2220.0, 2280.0, 2340.0, 2400.0, 2460.0, 2520.0, 2580.0, 2640.0, 2700.0, 2760.0, 2820.0, 2880.0, 2940.0, 3000.0]
/////////////////////////
PROCESSING:  TTM1500TZTZ
/////////////////////////
plotTreeName: Tprime2_DeepAK8_Mass
Flavour: E #tag: isV_tHtH #algo: DeepAK8
Weights: 1 * 1 * 1 * pileupWeight * 1 * lepIdSF * EGammaGsfSF * 1 * (MCWeight_singleLepCalc/abs(MCWeight_singleLepCalc)) * 4.98303385124e-05
Cuts: (leptonPt_singleLepCalc > 50) && (corr_met_singleLepCalc > 55) && (AK4HT > 480) && (minDR_lepJet > 0.4 || ptRel_lepJet > 40) && (NJetsAK8_JetSubCalc > 2) && (minDR_leadAK8otherAK8 < 3.0) && DataPastTrigger == 1 && isElectron==1
****************************************************************************************************
****************************************************************************************************
DISTRIBUTION: Tp2Mass
            -name in ljmet trees: Tprime2_ALGO_Mass
            -x-axis label is set to: ;M(T) [GeV])
            -using the binning as: [0.0, 60.0, 120.0, 180.0, 240.0, 300.0, 360.0, 420.0, 480.0, 540.0, 600.0, 660.0, 720.0, 780.0, 840.0, 900.0, 960.0, 1020.0, 1080.0, 1140.0, 1200.0, 1260.0, 1320.0, 1380.0, 1440.0, 1500.0, 1560.0, 1620.0, 1680.0, 1740.0, 1800.0, 1860.0, 1920.0, 1980.0, 2040.0, 2100.0, 2160.0, 2220.0, 2280.0, 2340.0, 2400.0, 2460.0, 2520.0, 2580.0, 2640.0, 2700.0, 2760.0, 2820.0, 2880.0, 2940.0, 3000.0]
/////////////////////////
PROCESSING:  TTM1500TZBW
/////////////////////////
plotTreeName: Tprime2_DeepAK8_Mass
Flavour: E #tag: isV_tHtH #algo: DeepAK8
Weights: 1 * 1 * 1 * pileupWeight * 1 * lepIdSF * EGammaGsfSF * 1 * (MCWeight_singleLepCalc/abs(MCWeight_singleLepCalc)) * 9.96606770248e-05
Cuts: (leptonPt_singleLepCalc > 50) && (corr_met_singleLepCalc > 55) && (AK4HT > 480) && (minDR_lepJet > 0.4 || ptRel_lepJet > 40) && (NJetsAK8_JetSubCalc > 2) && (minDR_leadAK8otherAK8 < 3.0) && DataPastTrigger == 1 && isElectron==1
****************************************************************************************************
****************************************************************************************************
DISTRIBUTION: Tp2Mass
            -name in ljmet trees: Tprime2_ALGO_Mass
            -x-axis label is set to: ;M(T) [GeV])
            -using the binning as: [0.0, 60.0, 120.0, 180.0, 240.0, 300.0, 360.0, 420.0, 480.0, 540.0, 600.0, 660.0, 720.0, 780.0, 840.0, 900.0, 960.0, 1020.0, 1080.0, 1140.0, 1200.0, 1260.0, 1320.0, 1380.0, 1440.0, 1500.0, 1560.0, 1620.0, 1680.0, 1740.0, 1800.0, 1860.0, 1920.0, 1980.0, 2040.0, 2100.0, 2160.0, 2220.0, 2280.0, 2340.0, 2400.0, 2460.0, 2520.0, 2580.0, 2640.0, 2700.0, 2760.0, 2820.0, 2880.0, 2940.0, 3000.0]
/////////////////////////
PROCESSING:  TTM1500THBW
/////////////////////////
plotTreeName: Tprime2_DeepAK8_Mass
Flavour: E #tag: isV_tHtH #algo: DeepAK8
Weights: 1 * 1 * 1 * pileupWeight * 1 * lepIdSF * EGammaGsfSF * 1 * (MCWeight_singleLepCalc/abs(MCWeight_singleLepCalc)) * 9.96606770248e-05
Cuts: (leptonPt_singleLepCalc > 50) && (corr_met_singleLepCalc > 55) && (AK4HT > 480) && (minDR_lepJet > 0.4 || ptRel_lepJet > 40) && (NJetsAK8_JetSubCalc > 2) && (minDR_leadAK8otherAK8 < 3.0) && DataPastTrigger == 1 && isElectron==1
****************************************************************************************************
****************************************************************************************************
DISTRIBUTION: Tp2Mass
            -name in ljmet trees: Tprime2_ALGO_Mass
            -x-axis label is set to: ;M(T) [GeV])
            -using the binning as: [0.0, 60.0, 120.0, 180.0, 240.0, 300.0, 360.0, 420.0, 480.0, 540.0, 600.0, 660.0, 720.0, 780.0, 840.0, 900.0, 960.0, 1020.0, 1080.0, 1140.0, 1200.0, 1260.0, 1320.0, 1380.0, 1440.0, 1500.0, 1560.0, 1620.0, 1680.0, 1740.0, 1800.0, 1860.0, 1920.0, 1980.0, 2040.0, 2100.0, 2160.0, 2220.0, 2280.0, 2340.0, 2400.0, 2460.0, 2520.0, 2580.0, 2640.0, 2700.0, 2760.0, 2820.0, 2880.0, 2940.0, 3000.0]
/////////////////////////
PROCESSING:  TTM1500TZTH
/////////////////////////
plotTreeName: Tprime2_DeepAK8_Mass
Flavour: E #tag: isV_tHtH #algo: DeepAK8
Weights: 1 * 1 * 1 * pileupWeight * 1 * lepIdSF * EGammaGsfSF * 1 * (MCWeight_singleLepCalc/abs(MCWeight_singleLepCalc)) * 4.98303385124e-05
Cuts: (leptonPt_singleLepCalc > 50) && (corr_met_singleLepCalc > 55) && (AK4HT > 480) && (minDR_lepJet > 0.4 || ptRel_lepJet > 40) && (NJetsAK8_JetSubCalc > 2) && (minDR_leadAK8otherAK8 < 3.0) && DataPastTrigger == 1 && isElectron==1
****************************************************************************************************
****************************************************************************************************
DISTRIBUTION: Tp2Mass
            -name in ljmet trees: Tprime2_ALGO_Mass
            -x-axis label is set to: ;M(T) [GeV])
            -using the binning as: [0.0, 60.0, 120.0, 180.0, 240.0, 300.0, 360.0, 420.0, 480.0, 540.0, 600.0, 660.0, 720.0, 780.0, 840.0, 900.0, 960.0, 1020.0, 1080.0, 1140.0, 1200.0, 1260.0, 1320.0, 1380.0, 1440.0, 1500.0, 1560.0, 1620.0, 1680.0, 1740.0, 1800.0, 1860.0, 1920.0, 1980.0, 2040.0, 2100.0, 2160.0, 2220.0, 2280.0, 2340.0, 2400.0, 2460.0, 2520.0, 2580.0, 2640.0, 2700.0, 2760.0, 2820.0, 2880.0, 2940.0, 3000.0]
/////////////////////////
PROCESSING:  TTM1600BWBW
/////////////////////////
plotTreeName: Tprime2_DeepAK8_Mass
Flavour: E #tag: isV_tHtH #algo: DeepAK8
Weights: 1 * 1 * 1 * pileupWeight * 1 * lepIdSF * EGammaGsfSF * 1 * (MCWeight_singleLepCalc/abs(MCWeight_singleLepCalc)) * 0.000114437939919
Cuts: (leptonPt_singleLepCalc > 50) && (corr_met_singleLepCalc > 55) && (AK4HT > 480) && (minDR_lepJet > 0.4 || ptRel_lepJet > 40) && (NJetsAK8_JetSubCalc > 2) && (minDR_leadAK8otherAK8 < 3.0) && DataPastTrigger == 1 && isElectron==1
****************************************************************************************************
****************************************************************************************************
DISTRIBUTION: Tp2Mass
            -name in ljmet trees: Tprime2_ALGO_Mass
            -x-axis label is set to: ;M(T) [GeV])
            -using the binning as: [0.0, 60.0, 120.0, 180.0, 240.0, 300.0, 360.0, 420.0, 480.0, 540.0, 600.0, 660.0, 720.0, 780.0, 840.0, 900.0, 960.0, 1020.0, 1080.0, 1140.0, 1200.0, 1260.0, 1320.0, 1380.0, 1440.0, 1500.0, 1560.0, 1620.0, 1680.0, 1740.0, 1800.0, 1860.0, 1920.0, 1980.0, 2040.0, 2100.0, 2160.0, 2220.0, 2280.0, 2340.0, 2400.0, 2460.0, 2520.0, 2580.0, 2640.0, 2700.0, 2760.0, 2820.0, 2880.0, 2940.0, 3000.0]
/////////////////////////
PROCESSING:  TTM1600THTH
/////////////////////////
plotTreeName: Tprime2_DeepAK8_Mass
Flavour: E #tag: isV_tHtH #algo: DeepAK8
Weights: 1 * 1 * 1 * pileupWeight * 1 * lepIdSF * EGammaGsfSF * 1 * (MCWeight_singleLepCalc/abs(MCWeight_singleLepCalc)) * 2.86094849797e-05
Cuts: (leptonPt_singleLepCalc > 50) && (corr_met_singleLepCalc > 55) && (AK4HT > 480) && (minDR_lepJet > 0.4 || ptRel_lepJet > 40) && (NJetsAK8_JetSubCalc > 2) && (minDR_leadAK8otherAK8 < 3.0) && DataPastTrigger == 1 && isElectron==1
****************************************************************************************************
****************************************************************************************************
DISTRIBUTION: Tp2Mass
            -name in ljmet trees: Tprime2_ALGO_Mass
            -x-axis label is set to: ;M(T) [GeV])
            -using the binning as: [0.0, 60.0, 120.0, 180.0, 240.0, 300.0, 360.0, 420.0, 480.0, 540.0, 600.0, 660.0, 720.0, 780.0, 840.0, 900.0, 960.0, 1020.0, 1080.0, 1140.0, 1200.0, 1260.0, 1320.0, 1380.0, 1440.0, 1500.0, 1560.0, 1620.0, 1680.0, 1740.0, 1800.0, 1860.0, 1920.0, 1980.0, 2040.0, 2100.0, 2160.0, 2220.0, 2280.0, 2340.0, 2400.0, 2460.0, 2520.0, 2580.0, 2640.0, 2700.0, 2760.0, 2820.0, 2880.0, 2940.0, 3000.0]
/////////////////////////
PROCESSING:  TTM1600TZTZ
/////////////////////////
plotTreeName: Tprime2_DeepAK8_Mass
Flavour: E #tag: isV_tHtH #algo: DeepAK8
Weights: 1 * 1 * 1 * pileupWeight * 1 * lepIdSF * EGammaGsfSF * 1 * (MCWeight_singleLepCalc/abs(MCWeight_singleLepCalc)) * 2.86094849797e-05
Cuts: (leptonPt_singleLepCalc > 50) && (corr_met_singleLepCalc > 55) && (AK4HT > 480) && (minDR_lepJet > 0.4 || ptRel_lepJet > 40) && (NJetsAK8_JetSubCalc > 2) && (minDR_leadAK8otherAK8 < 3.0) && DataPastTrigger == 1 && isElectron==1
****************************************************************************************************
****************************************************************************************************
DISTRIBUTION: Tp2Mass
            -name in ljmet trees: Tprime2_ALGO_Mass
            -x-axis label is set to: ;M(T) [GeV])
            -using the binning as: [0.0, 60.0, 120.0, 180.0, 240.0, 300.0, 360.0, 420.0, 480.0, 540.0, 600.0, 660.0, 720.0, 780.0, 840.0, 900.0, 960.0, 1020.0, 1080.0, 1140.0, 1200.0, 1260.0, 1320.0, 1380.0, 1440.0, 1500.0, 1560.0, 1620.0, 1680.0, 1740.0, 1800.0, 1860.0, 1920.0, 1980.0, 2040.0, 2100.0, 2160.0, 2220.0, 2280.0, 2340.0, 2400.0, 2460.0, 2520.0, 2580.0, 2640.0, 2700.0, 2760.0, 2820.0, 2880.0, 2940.0, 3000.0]
/////////////////////////
PROCESSING:  TTM1600TZBW
/////////////////////////
plotTreeName: Tprime2_DeepAK8_Mass
Flavour: E #tag: isV_tHtH #algo: DeepAK8
Weights: 1 * 1 * 1 * pileupWeight * 1 * lepIdSF * EGammaGsfSF * 1 * (MCWeight_singleLepCalc/abs(MCWeight_singleLepCalc)) * 5.72189699595e-05
Cuts: (leptonPt_singleLepCalc > 50) && (corr_met_singleLepCalc > 55) && (AK4HT > 480) && (minDR_lepJet > 0.4 || ptRel_lepJet > 40) && (NJetsAK8_JetSubCalc > 2) && (minDR_leadAK8otherAK8 < 3.0) && DataPastTrigger == 1 && isElectron==1
****************************************************************************************************
****************************************************************************************************
DISTRIBUTION: Tp2Mass
            -name in ljmet trees: Tprime2_ALGO_Mass
            -x-axis label is set to: ;M(T) [GeV])
            -using the binning as: [0.0, 60.0, 120.0, 180.0, 240.0, 300.0, 360.0, 420.0, 480.0, 540.0, 600.0, 660.0, 720.0, 780.0, 840.0, 900.0, 960.0, 1020.0, 1080.0, 1140.0, 1200.0, 1260.0, 1320.0, 1380.0, 1440.0, 1500.0, 1560.0, 1620.0, 1680.0, 1740.0, 1800.0, 1860.0, 1920.0, 1980.0, 2040.0, 2100.0, 2160.0, 2220.0, 2280.0, 2340.0, 2400.0, 2460.0, 2520.0, 2580.0, 2640.0, 2700.0, 2760.0, 2820.0, 2880.0, 2940.0, 3000.0]
/////////////////////////
PROCESSING:  TTM1600THBW
/////////////////////////
plotTreeName: Tprime2_DeepAK8_Mass
Flavour: E #tag: isV_tHtH #algo: DeepAK8
Weights: 1 * 1 * 1 * pileupWeight * 1 * lepIdSF * EGammaGsfSF * 1 * (MCWeight_singleLepCalc/abs(MCWeight_singleLepCalc)) * 5.72189699595e-05
Cuts: (leptonPt_singleLepCalc > 50) && (corr_met_singleLepCalc > 55) && (AK4HT > 480) && (minDR_lepJet > 0.4 || ptRel_lepJet > 40) && (NJetsAK8_JetSubCalc > 2) && (minDR_leadAK8otherAK8 < 3.0) && DataPastTrigger == 1 && isElectron==1
****************************************************************************************************
****************************************************************************************************
DISTRIBUTION: Tp2Mass
            -name in ljmet trees: Tprime2_ALGO_Mass
            -x-axis label is set to: ;M(T) [GeV])
            -using the binning as: [0.0, 60.0, 120.0, 180.0, 240.0, 300.0, 360.0, 420.0, 480.0, 540.0, 600.0, 660.0, 720.0, 780.0, 840.0, 900.0, 960.0, 1020.0, 1080.0, 1140.0, 1200.0, 1260.0, 1320.0, 1380.0, 1440.0, 1500.0, 1560.0, 1620.0, 1680.0, 1740.0, 1800.0, 1860.0, 1920.0, 1980.0, 2040.0, 2100.0, 2160.0, 2220.0, 2280.0, 2340.0, 2400.0, 2460.0, 2520.0, 2580.0, 2640.0, 2700.0, 2760.0, 2820.0, 2880.0, 2940.0, 3000.0]
/////////////////////////
PROCESSING:  TTM1600TZTH
/////////////////////////
plotTreeName: Tprime2_DeepAK8_Mass
Flavour: E #tag: isV_tHtH #algo: DeepAK8
Weights: 1 * 1 * 1 * pileupWeight * 1 * lepIdSF * EGammaGsfSF * 1 * (MCWeight_singleLepCalc/abs(MCWeight_singleLepCalc)) * 2.86094849797e-05
Cuts: (leptonPt_singleLepCalc > 50) && (corr_met_singleLepCalc > 55) && (AK4HT > 480) && (minDR_lepJet > 0.4 || ptRel_lepJet > 40) && (NJetsAK8_JetSubCalc > 2) && (minDR_leadAK8otherAK8 < 3.0) && DataPastTrigger == 1 && isElectron==1
****************************************************************************************************
****************************************************************************************************
DISTRIBUTION: Tp2Mass
            -name in ljmet trees: Tprime2_ALGO_Mass
            -x-axis label is set to: ;M(T) [GeV])
            -using the binning as: [0.0, 60.0, 120.0, 180.0, 240.0, 300.0, 360.0, 420.0, 480.0, 540.0, 600.0, 660.0, 720.0, 780.0, 840.0, 900.0, 960.0, 1020.0, 1080.0, 1140.0, 1200.0, 1260.0, 1320.0, 1380.0, 1440.0, 1500.0, 1560.0, 1620.0, 1680.0, 1740.0, 1800.0, 1860.0, 1920.0, 1980.0, 2040.0, 2100.0, 2160.0, 2220.0, 2280.0, 2340.0, 2400.0, 2460.0, 2520.0, 2580.0, 2640.0, 2700.0, 2760.0, 2820.0, 2880.0, 2940.0, 3000.0]
/////////////////////////
PROCESSING:  TTM1700BWBW
/////////////////////////
plotTreeName: Tprime2_DeepAK8_Mass
Flavour: E #tag: isV_tHtH #algo: DeepAK8
Weights: 1 * 1 * 1 * pileupWeight * 1 * lepIdSF * EGammaGsfSF * 1 * (MCWeight_singleLepCalc/abs(MCWeight_singleLepCalc)) * 6.93554282011e-05
Cuts: (leptonPt_singleLepCalc > 50) && (corr_met_singleLepCalc > 55) && (AK4HT > 480) && (minDR_lepJet > 0.4 || ptRel_lepJet > 40) && (NJetsAK8_JetSubCalc > 2) && (minDR_leadAK8otherAK8 < 3.0) && DataPastTrigger == 1 && isElectron==1
****************************************************************************************************
****************************************************************************************************
DISTRIBUTION: Tp2Mass
            -name in ljmet trees: Tprime2_ALGO_Mass
            -x-axis label is set to: ;M(T) [GeV])
            -using the binning as: [0.0, 60.0, 120.0, 180.0, 240.0, 300.0, 360.0, 420.0, 480.0, 540.0, 600.0, 660.0, 720.0, 780.0, 840.0, 900.0, 960.0, 1020.0, 1080.0, 1140.0, 1200.0, 1260.0, 1320.0, 1380.0, 1440.0, 1500.0, 1560.0, 1620.0, 1680.0, 1740.0, 1800.0, 1860.0, 1920.0, 1980.0, 2040.0, 2100.0, 2160.0, 2220.0, 2280.0, 2340.0, 2400.0, 2460.0, 2520.0, 2580.0, 2640.0, 2700.0, 2760.0, 2820.0, 2880.0, 2940.0, 3000.0]
/////////////////////////
PROCESSING:  TTM1700THTH
/////////////////////////
plotTreeName: Tprime2_DeepAK8_Mass
Flavour: E #tag: isV_tHtH #algo: DeepAK8
Weights: 1 * 1 * 1 * pileupWeight * 1 * lepIdSF * EGammaGsfSF * 1 * (MCWeight_singleLepCalc/abs(MCWeight_singleLepCalc)) * 1.73388570503e-05
Cuts: (leptonPt_singleLepCalc > 50) && (corr_met_singleLepCalc > 55) && (AK4HT > 480) && (minDR_lepJet > 0.4 || ptRel_lepJet > 40) && (NJetsAK8_JetSubCalc > 2) && (minDR_leadAK8otherAK8 < 3.0) && DataPastTrigger == 1 && isElectron==1
****************************************************************************************************
****************************************************************************************************
DISTRIBUTION: Tp2Mass
            -name in ljmet trees: Tprime2_ALGO_Mass
            -x-axis label is set to: ;M(T) [GeV])
            -using the binning as: [0.0, 60.0, 120.0, 180.0, 240.0, 300.0, 360.0, 420.0, 480.0, 540.0, 600.0, 660.0, 720.0, 780.0, 840.0, 900.0, 960.0, 1020.0, 1080.0, 1140.0, 1200.0, 1260.0, 1320.0, 1380.0, 1440.0, 1500.0, 1560.0, 1620.0, 1680.0, 1740.0, 1800.0, 1860.0, 1920.0, 1980.0, 2040.0, 2100.0, 2160.0, 2220.0, 2280.0, 2340.0, 2400.0, 2460.0, 2520.0, 2580.0, 2640.0, 2700.0, 2760.0, 2820.0, 2880.0, 2940.0, 3000.0]
/////////////////////////
PROCESSING:  TTM1700TZTZ
/////////////////////////
plotTreeName: Tprime2_DeepAK8_Mass
Flavour: E #tag: isV_tHtH #algo: DeepAK8
Weights: 1 * 1 * 1 * pileupWeight * 1 * lepIdSF * EGammaGsfSF * 1 * (MCWeight_singleLepCalc/abs(MCWeight_singleLepCalc)) * 1.73388570503e-05
Cuts: (leptonPt_singleLepCalc > 50) && (corr_met_singleLepCalc > 55) && (AK4HT > 480) && (minDR_lepJet > 0.4 || ptRel_lepJet > 40) && (NJetsAK8_JetSubCalc > 2) && (minDR_leadAK8otherAK8 < 3.0) && DataPastTrigger == 1 && isElectron==1
****************************************************************************************************
****************************************************************************************************
DISTRIBUTION: Tp2Mass
            -name in ljmet trees: Tprime2_ALGO_Mass
            -x-axis label is set to: ;M(T) [GeV])
            -using the binning as: [0.0, 60.0, 120.0, 180.0, 240.0, 300.0, 360.0, 420.0, 480.0, 540.0, 600.0, 660.0, 720.0, 780.0, 840.0, 900.0, 960.0, 1020.0, 1080.0, 1140.0, 1200.0, 1260.0, 1320.0, 1380.0, 1440.0, 1500.0, 1560.0, 1620.0, 1680.0, 1740.0, 1800.0, 1860.0, 1920.0, 1980.0, 2040.0, 2100.0, 2160.0, 2220.0, 2280.0, 2340.0, 2400.0, 2460.0, 2520.0, 2580.0, 2640.0, 2700.0, 2760.0, 2820.0, 2880.0, 2940.0, 3000.0]
/////////////////////////
PROCESSING:  TTM1700TZBW
/////////////////////////
plotTreeName: Tprime2_DeepAK8_Mass
Flavour: E #tag: isV_tHtH #algo: DeepAK8
Weights: 1 * 1 * 1 * pileupWeight * 1 * lepIdSF * EGammaGsfSF * 1 * (MCWeight_singleLepCalc/abs(MCWeight_singleLepCalc)) * 3.46777141005e-05
Cuts: (leptonPt_singleLepCalc > 50) && (corr_met_singleLepCalc > 55) && (AK4HT > 480) && (minDR_lepJet > 0.4 || ptRel_lepJet > 40) && (NJetsAK8_JetSubCalc > 2) && (minDR_leadAK8otherAK8 < 3.0) && DataPastTrigger == 1 && isElectron==1
****************************************************************************************************
****************************************************************************************************
DISTRIBUTION: Tp2Mass
            -name in ljmet trees: Tprime2_ALGO_Mass
            -x-axis label is set to: ;M(T) [GeV])
            -using the binning as: [0.0, 60.0, 120.0, 180.0, 240.0, 300.0, 360.0, 420.0, 480.0, 540.0, 600.0, 660.0, 720.0, 780.0, 840.0, 900.0, 960.0, 1020.0, 1080.0, 1140.0, 1200.0, 1260.0, 1320.0, 1380.0, 1440.0, 1500.0, 1560.0, 1620.0, 1680.0, 1740.0, 1800.0, 1860.0, 1920.0, 1980.0, 2040.0, 2100.0, 2160.0, 2220.0, 2280.0, 2340.0, 2400.0, 2460.0, 2520.0, 2580.0, 2640.0, 2700.0, 2760.0, 2820.0, 2880.0, 2940.0, 3000.0]
/////////////////////////
PROCESSING:  TTM1700THBW
/////////////////////////
plotTreeName: Tprime2_DeepAK8_Mass
Flavour: E #tag: isV_tHtH #algo: DeepAK8
Weights: 1 * 1 * 1 * pileupWeight * 1 * lepIdSF * EGammaGsfSF * 1 * (MCWeight_singleLepCalc/abs(MCWeight_singleLepCalc)) * 3.46777141005e-05
Cuts: (leptonPt_singleLepCalc > 50) && (corr_met_singleLepCalc > 55) && (AK4HT > 480) && (minDR_lepJet > 0.4 || ptRel_lepJet > 40) && (NJetsAK8_JetSubCalc > 2) && (minDR_leadAK8otherAK8 < 3.0) && DataPastTrigger == 1 && isElectron==1
****************************************************************************************************
****************************************************************************************************
DISTRIBUTION: Tp2Mass
            -name in ljmet trees: Tprime2_ALGO_Mass
            -x-axis label is set to: ;M(T) [GeV])
            -using the binning as: [0.0, 60.0, 120.0, 180.0, 240.0, 300.0, 360.0, 420.0, 480.0, 540.0, 600.0, 660.0, 720.0, 780.0, 840.0, 900.0, 960.0, 1020.0, 1080.0, 1140.0, 1200.0, 1260.0, 1320.0, 1380.0, 1440.0, 1500.0, 1560.0, 1620.0, 1680.0, 1740.0, 1800.0, 1860.0, 1920.0, 1980.0, 2040.0, 2100.0, 2160.0, 2220.0, 2280.0, 2340.0, 2400.0, 2460.0, 2520.0, 2580.0, 2640.0, 2700.0, 2760.0, 2820.0, 2880.0, 2940.0, 3000.0]
/////////////////////////
PROCESSING:  TTM1700TZTH
/////////////////////////
plotTreeName: Tprime2_DeepAK8_Mass
Flavour: E #tag: isV_tHtH #algo: DeepAK8
Weights: 1 * 1 * 1 * pileupWeight * 1 * lepIdSF * EGammaGsfSF * 1 * (MCWeight_singleLepCalc/abs(MCWeight_singleLepCalc)) * 1.73388570503e-05
Cuts: (leptonPt_singleLepCalc > 50) && (corr_met_singleLepCalc > 55) && (AK4HT > 480) && (minDR_lepJet > 0.4 || ptRel_lepJet > 40) && (NJetsAK8_JetSubCalc > 2) && (minDR_leadAK8otherAK8 < 3.0) && DataPastTrigger == 1 && isElectron==1
****************************************************************************************************
****************************************************************************************************
DISTRIBUTION: Tp2Mass
            -name in ljmet trees: Tprime2_ALGO_Mass
            -x-axis label is set to: ;M(T) [GeV])
            -using the binning as: [0.0, 60.0, 120.0, 180.0, 240.0, 300.0, 360.0, 420.0, 480.0, 540.0, 600.0, 660.0, 720.0, 780.0, 840.0, 900.0, 960.0, 1020.0, 1080.0, 1140.0, 1200.0, 1260.0, 1320.0, 1380.0, 1440.0, 1500.0, 1560.0, 1620.0, 1680.0, 1740.0, 1800.0, 1860.0, 1920.0, 1980.0, 2040.0, 2100.0, 2160.0, 2220.0, 2280.0, 2340.0, 2400.0, 2460.0, 2520.0, 2580.0, 2640.0, 2700.0, 2760.0, 2820.0, 2880.0, 2940.0, 3000.0]
/////////////////////////
PROCESSING:  TTM1800BWBW
/////////////////////////
plotTreeName: Tprime2_DeepAK8_Mass
Flavour: E #tag: isV_tHtH #algo: DeepAK8
Weights: 1 * 1 * 1 * pileupWeight * 1 * lepIdSF * EGammaGsfSF * 1 * (MCWeight_singleLepCalc/abs(MCWeight_singleLepCalc)) * 3.89579688164e-05
Cuts: (leptonPt_singleLepCalc > 50) && (corr_met_singleLepCalc > 55) && (AK4HT > 480) && (minDR_lepJet > 0.4 || ptRel_lepJet > 40) && (NJetsAK8_JetSubCalc > 2) && (minDR_leadAK8otherAK8 < 3.0) && DataPastTrigger == 1 && isElectron==1
****************************************************************************************************
****************************************************************************************************
DISTRIBUTION: Tp2Mass
            -name in ljmet trees: Tprime2_ALGO_Mass
            -x-axis label is set to: ;M(T) [GeV])
            -using the binning as: [0.0, 60.0, 120.0, 180.0, 240.0, 300.0, 360.0, 420.0, 480.0, 540.0, 600.0, 660.0, 720.0, 780.0, 840.0, 900.0, 960.0, 1020.0, 1080.0, 1140.0, 1200.0, 1260.0, 1320.0, 1380.0, 1440.0, 1500.0, 1560.0, 1620.0, 1680.0, 1740.0, 1800.0, 1860.0, 1920.0, 1980.0, 2040.0, 2100.0, 2160.0, 2220.0, 2280.0, 2340.0, 2400.0, 2460.0, 2520.0, 2580.0, 2640.0, 2700.0, 2760.0, 2820.0, 2880.0, 2940.0, 3000.0]
/////////////////////////
PROCESSING:  TTM1800THTH
/////////////////////////
plotTreeName: Tprime2_DeepAK8_Mass
Flavour: E #tag: isV_tHtH #algo: DeepAK8
Weights: 1 * 1 * 1 * pileupWeight * 1 * lepIdSF * EGammaGsfSF * 1 * (MCWeight_singleLepCalc/abs(MCWeight_singleLepCalc)) * 9.7394922041e-06
Cuts: (leptonPt_singleLepCalc > 50) && (corr_met_singleLepCalc > 55) && (AK4HT > 480) && (minDR_lepJet > 0.4 || ptRel_lepJet > 40) && (NJetsAK8_JetSubCalc > 2) && (minDR_leadAK8otherAK8 < 3.0) && DataPastTrigger == 1 && isElectron==1
****************************************************************************************************
****************************************************************************************************
DISTRIBUTION: Tp2Mass
            -name in ljmet trees: Tprime2_ALGO_Mass
            -x-axis label is set to: ;M(T) [GeV])
            -using the binning as: [0.0, 60.0, 120.0, 180.0, 240.0, 300.0, 360.0, 420.0, 480.0, 540.0, 600.0, 660.0, 720.0, 780.0, 840.0, 900.0, 960.0, 1020.0, 1080.0, 1140.0, 1200.0, 1260.0, 1320.0, 1380.0, 1440.0, 1500.0, 1560.0, 1620.0, 1680.0, 1740.0, 1800.0, 1860.0, 1920.0, 1980.0, 2040.0, 2100.0, 2160.0, 2220.0, 2280.0, 2340.0, 2400.0, 2460.0, 2520.0, 2580.0, 2640.0, 2700.0, 2760.0, 2820.0, 2880.0, 2940.0, 3000.0]
/////////////////////////
PROCESSING:  TTM1800TZTZ
/////////////////////////
plotTreeName: Tprime2_DeepAK8_Mass
Flavour: E #tag: isV_tHtH #algo: DeepAK8
Weights: 1 * 1 * 1 * pileupWeight * 1 * lepIdSF * EGammaGsfSF * 1 * (MCWeight_singleLepCalc/abs(MCWeight_singleLepCalc)) * 9.7394922041e-06
Cuts: (leptonPt_singleLepCalc > 50) && (corr_met_singleLepCalc > 55) && (AK4HT > 480) && (minDR_lepJet > 0.4 || ptRel_lepJet > 40) && (NJetsAK8_JetSubCalc > 2) && (minDR_leadAK8otherAK8 < 3.0) && DataPastTrigger == 1 && isElectron==1
****************************************************************************************************
****************************************************************************************************
DISTRIBUTION: Tp2Mass
            -name in ljmet trees: Tprime2_ALGO_Mass
            -x-axis label is set to: ;M(T) [GeV])
            -using the binning as: [0.0, 60.0, 120.0, 180.0, 240.0, 300.0, 360.0, 420.0, 480.0, 540.0, 600.0, 660.0, 720.0, 780.0, 840.0, 900.0, 960.0, 1020.0, 1080.0, 1140.0, 1200.0, 1260.0, 1320.0, 1380.0, 1440.0, 1500.0, 1560.0, 1620.0, 1680.0, 1740.0, 1800.0, 1860.0, 1920.0, 1980.0, 2040.0, 2100.0, 2160.0, 2220.0, 2280.0, 2340.0, 2400.0, 2460.0, 2520.0, 2580.0, 2640.0, 2700.0, 2760.0, 2820.0, 2880.0, 2940.0, 3000.0]
/////////////////////////
PROCESSING:  TTM1800TZBW
/////////////////////////
plotTreeName: Tprime2_DeepAK8_Mass
Flavour: E #tag: isV_tHtH #algo: DeepAK8
Weights: 1 * 1 * 1 * pileupWeight * 1 * lepIdSF * EGammaGsfSF * 1 * (MCWeight_singleLepCalc/abs(MCWeight_singleLepCalc)) * 1.94789844082e-05
Cuts: (leptonPt_singleLepCalc > 50) && (corr_met_singleLepCalc > 55) && (AK4HT > 480) && (minDR_lepJet > 0.4 || ptRel_lepJet > 40) && (NJetsAK8_JetSubCalc > 2) && (minDR_leadAK8otherAK8 < 3.0) && DataPastTrigger == 1 && isElectron==1
****************************************************************************************************
****************************************************************************************************
DISTRIBUTION: Tp2Mass
            -name in ljmet trees: Tprime2_ALGO_Mass
            -x-axis label is set to: ;M(T) [GeV])
            -using the binning as: [0.0, 60.0, 120.0, 180.0, 240.0, 300.0, 360.0, 420.0, 480.0, 540.0, 600.0, 660.0, 720.0, 780.0, 840.0, 900.0, 960.0, 1020.0, 1080.0, 1140.0, 1200.0, 1260.0, 1320.0, 1380.0, 1440.0, 1500.0, 1560.0, 1620.0, 1680.0, 1740.0, 1800.0, 1860.0, 1920.0, 1980.0, 2040.0, 2100.0, 2160.0, 2220.0, 2280.0, 2340.0, 2400.0, 2460.0, 2520.0, 2580.0, 2640.0, 2700.0, 2760.0, 2820.0, 2880.0, 2940.0, 3000.0]
/////////////////////////
PROCESSING:  TTM1800THBW
/////////////////////////
plotTreeName: Tprime2_DeepAK8_Mass
Flavour: E #tag: isV_tHtH #algo: DeepAK8
Weights: 1 * 1 * 1 * pileupWeight * 1 * lepIdSF * EGammaGsfSF * 1 * (MCWeight_singleLepCalc/abs(MCWeight_singleLepCalc)) * 1.94789844082e-05
Cuts: (leptonPt_singleLepCalc > 50) && (corr_met_singleLepCalc > 55) && (AK4HT > 480) && (minDR_lepJet > 0.4 || ptRel_lepJet > 40) && (NJetsAK8_JetSubCalc > 2) && (minDR_leadAK8otherAK8 < 3.0) && DataPastTrigger == 1 && isElectron==1
****************************************************************************************************
****************************************************************************************************
DISTRIBUTION: Tp2Mass
            -name in ljmet trees: Tprime2_ALGO_Mass
            -x-axis label is set to: ;M(T) [GeV])
            -using the binning as: [0.0, 60.0, 120.0, 180.0, 240.0, 300.0, 360.0, 420.0, 480.0, 540.0, 600.0, 660.0, 720.0, 780.0, 840.0, 900.0, 960.0, 1020.0, 1080.0, 1140.0, 1200.0, 1260.0, 1320.0, 1380.0, 1440.0, 1500.0, 1560.0, 1620.0, 1680.0, 1740.0, 1800.0, 1860.0, 1920.0, 1980.0, 2040.0, 2100.0, 2160.0, 2220.0, 2280.0, 2340.0, 2400.0, 2460.0, 2520.0, 2580.0, 2640.0, 2700.0, 2760.0, 2820.0, 2880.0, 2940.0, 3000.0]
/////////////////////////
PROCESSING:  TTM1800TZTH
/////////////////////////
plotTreeName: Tprime2_DeepAK8_Mass
Flavour: E #tag: isV_tHtH #algo: DeepAK8
Weights: 1 * 1 * 1 * pileupWeight * 1 * lepIdSF * EGammaGsfSF * 1 * (MCWeight_singleLepCalc/abs(MCWeight_singleLepCalc)) * 9.7394922041e-06
Cuts: (leptonPt_singleLepCalc > 50) && (corr_met_singleLepCalc > 55) && (AK4HT > 480) && (minDR_lepJet > 0.4 || ptRel_lepJet > 40) && (NJetsAK8_JetSubCalc > 2) && (minDR_leadAK8otherAK8 < 3.0) && DataPastTrigger == 1 && isElectron==1
****************************************************************************************************
****************************************************************************************************
DISTRIBUTION: Tp2Mass
            -name in ljmet trees: Tprime2_ALGO_Mass
            -x-axis label is set to: ;M(T) [GeV])
            -using the binning as: [0.0, 60.0, 120.0, 180.0, 240.0, 300.0, 360.0, 420.0, 480.0, 540.0, 600.0, 660.0, 720.0, 780.0, 840.0, 900.0, 960.0, 1020.0, 1080.0, 1140.0, 1200.0, 1260.0, 1320.0, 1380.0, 1440.0, 1500.0, 1560.0, 1620.0, 1680.0, 1740.0, 1800.0, 1860.0, 1920.0, 1980.0, 2040.0, 2100.0, 2160.0, 2220.0, 2280.0, 2340.0, 2400.0, 2460.0, 2520.0, 2580.0, 2640.0, 2700.0, 2760.0, 2820.0, 2880.0, 2940.0, 3000.0]
/////////////////////////
PROCESSING:  WJetsMG400
/////////////////////////
plotTreeName: Tprime2_DeepAK8_decorr_Mass
Flavour: E #tag: isV_tHtH #algo: DeepAK8_decorr
Weights: 1 * HTSF_Pol * 1 * pileupWeight * 1 * lepIdSF * EGammaGsfSF * 1 * (MCWeight_singleLepCalc/abs(MCWeight_singleLepCalc)) * 0.280770227538
Cuts: (leptonPt_singleLepCalc > 50) && (corr_met_singleLepCalc > 55) && (AK4HT > 480) && (minDR_lepJet > 0.4 || ptRel_lepJet > 40) && (NJetsAK8_JetSubCalc > 2) && (minDR_leadAK8otherAK8 < 3.0) && DataPastTrigger == 1 && isElectron==1
****************************************************************************************************
****************************************************************************************************
DISTRIBUTION: Tp2Mass
            -name in ljmet trees: Tprime2_ALGO_Mass
            -x-axis label is set to: ;M(T) [GeV])
            -using the binning as: [0.0, 60.0, 120.0, 180.0, 240.0, 300.0, 360.0, 420.0, 480.0, 540.0, 600.0, 660.0, 720.0, 780.0, 840.0, 900.0, 960.0, 1020.0, 1080.0, 1140.0, 1200.0, 1260.0, 1320.0, 1380.0, 1440.0, 1500.0, 1560.0, 1620.0, 1680.0, 1740.0, 1800.0, 1860.0, 1920.0, 1980.0, 2040.0, 2100.0, 2160.0, 2220.0, 2280.0, 2340.0, 2400.0, 2460.0, 2520.0, 2580.0, 2640.0, 2700.0, 2760.0, 2820.0, 2880.0, 2940.0, 3000.0]
/////////////////////////
PROCESSING:  WJetsMG600
/////////////////////////
plotTreeName: Tprime2_DeepAK8_decorr_Mass
Flavour: E #tag: isV_tHtH #algo: DeepAK8_decorr
Weights: 1 * HTSF_Pol * 1 * pileupWeight * 1 * lepIdSF * EGammaGsfSF * 1 * (MCWeight_singleLepCalc/abs(MCWeight_singleLepCalc)) * 0.0287233231554
Cuts: (leptonPt_singleLepCalc > 50) && (corr_met_singleLepCalc > 55) && (AK4HT > 480) && (minDR_lepJet > 0.4 || ptRel_lepJet > 40) && (NJetsAK8_JetSubCalc > 2) && (minDR_leadAK8otherAK8 < 3.0) && DataPastTrigger == 1 && isElectron==1
****************************************************************************************************
****************************************************************************************************
DISTRIBUTION: Tp2Mass
            -name in ljmet trees: Tprime2_ALGO_Mass
            -x-axis label is set to: ;M(T) [GeV])
            -using the binning as: [0.0, 60.0, 120.0, 180.0, 240.0, 300.0, 360.0, 420.0, 480.0, 540.0, 600.0, 660.0, 720.0, 780.0, 840.0, 900.0, 960.0, 1020.0, 1080.0, 1140.0, 1200.0, 1260.0, 1320.0, 1380.0, 1440.0, 1500.0, 1560.0, 1620.0, 1680.0, 1740.0, 1800.0, 1860.0, 1920.0, 1980.0, 2040.0, 2100.0, 2160.0, 2220.0, 2280.0, 2340.0, 2400.0, 2460.0, 2520.0, 2580.0, 2640.0, 2700.0, 2760.0, 2820.0, 2880.0, 2940.0, 3000.0]
/////////////////////////
PROCESSING:  WJetsMG800
/////////////////////////
plotTreeName: Tprime2_DeepAK8_decorr_Mass
Flavour: E #tag: isV_tHtH #algo: DeepAK8_decorr
Weights: 1 * HTSF_Pol * 1 * pileupWeight * 1 * lepIdSF * EGammaGsfSF * 1 * (MCWeight_singleLepCalc/abs(MCWeight_singleLepCalc)) * 0.0316367902594
Cuts: (leptonPt_singleLepCalc > 50) && (corr_met_singleLepCalc > 55) && (AK4HT > 480) && (minDR_lepJet > 0.4 || ptRel_lepJet > 40) && (NJetsAK8_JetSubCalc > 2) && (minDR_leadAK8otherAK8 < 3.0) && DataPastTrigger == 1 && isElectron==1
****************************************************************************************************
****************************************************************************************************
DISTRIBUTION: Tp2Mass
            -name in ljmet trees: Tprime2_ALGO_Mass
            -x-axis label is set to: ;M(T) [GeV])
            -using the binning as: [0.0, 60.0, 120.0, 180.0, 240.0, 300.0, 360.0, 420.0, 480.0, 540.0, 600.0, 660.0, 720.0, 780.0, 840.0, 900.0, 960.0, 1020.0, 1080.0, 1140.0, 1200.0, 1260.0, 1320.0, 1380.0, 1440.0, 1500.0, 1560.0, 1620.0, 1680.0, 1740.0, 1800.0, 1860.0, 1920.0, 1980.0, 2040.0, 2100.0, 2160.0, 2220.0, 2280.0, 2340.0, 2400.0, 2460.0, 2520.0, 2580.0, 2640.0, 2700.0, 2760.0, 2820.0, 2880.0, 2940.0, 3000.0]
/////////////////////////
PROCESSING:  WJetsMG1200
/////////////////////////
plotTreeName: Tprime2_DeepAK8_decorr_Mass
Flavour: E #tag: isV_tHtH #algo: DeepAK8_decorr
Weights: 1 * HTSF_Pol * 1 * pileupWeight * 1 * lepIdSF * EGammaGsfSF * 1 * (MCWeight_singleLepCalc/abs(MCWeight_singleLepCalc)) * 0.00861414819858
Cuts: (leptonPt_singleLepCalc > 50) && (corr_met_singleLepCalc > 55) && (AK4HT > 480) && (minDR_lepJet > 0.4 || ptRel_lepJet > 40) && (NJetsAK8_JetSubCalc > 2) && (minDR_leadAK8otherAK8 < 3.0) && DataPastTrigger == 1 && isElectron==1
****************************************************************************************************
****************************************************************************************************
DISTRIBUTION: Tp2Mass
            -name in ljmet trees: Tprime2_ALGO_Mass
            -x-axis label is set to: ;M(T) [GeV])
            -using the binning as: [0.0, 60.0, 120.0, 180.0, 240.0, 300.0, 360.0, 420.0, 480.0, 540.0, 600.0, 660.0, 720.0, 780.0, 840.0, 900.0, 960.0, 1020.0, 1080.0, 1140.0, 1200.0, 1260.0, 1320.0, 1380.0, 1440.0, 1500.0, 1560.0, 1620.0, 1680.0, 1740.0, 1800.0, 1860.0, 1920.0, 1980.0, 2040.0, 2100.0, 2160.0, 2220.0, 2280.0, 2340.0, 2400.0, 2460.0, 2520.0, 2580.0, 2640.0, 2700.0, 2760.0, 2820.0, 2880.0, 2940.0, 3000.0]
/////////////////////////
PROCESSING:  WJetsMG2500
/////////////////////////
plotTreeName: Tprime2_DeepAK8_decorr_Mass
Flavour: E #tag: isV_tHtH #algo: DeepAK8_decorr
Weights: 1 * HTSF_Pol * 1 * pileupWeight * 1 * lepIdSF * EGammaGsfSF * 1 * (MCWeight_singleLepCalc/abs(MCWeight_singleLepCalc)) * 0.00054308661217
Cuts: (leptonPt_singleLepCalc > 50) && (corr_met_singleLepCalc > 55) && (AK4HT > 480) && (minDR_lepJet > 0.4 || ptRel_lepJet > 40) && (NJetsAK8_JetSubCalc > 2) && (minDR_leadAK8otherAK8 < 3.0) && DataPastTrigger == 1 && isElectron==1
****************************************************************************************************
****************************************************************************************************
DISTRIBUTION: Tp2Mass
            -name in ljmet trees: Tprime2_ALGO_Mass
            -x-axis label is set to: ;M(T) [GeV])
            -using the binning as: [0.0, 60.0, 120.0, 180.0, 240.0, 300.0, 360.0, 420.0, 480.0, 540.0, 600.0, 660.0, 720.0, 780.0, 840.0, 900.0, 960.0, 1020.0, 1080.0, 1140.0, 1200.0, 1260.0, 1320.0, 1380.0, 1440.0, 1500.0, 1560.0, 1620.0, 1680.0, 1740.0, 1800.0, 1860.0, 1920.0, 1980.0, 2040.0, 2100.0, 2160.0, 2220.0, 2280.0, 2340.0, 2400.0, 2460.0, 2520.0, 2580.0, 2640.0, 2700.0, 2760.0, 2820.0, 2880.0, 2940.0, 3000.0]
/////////////////////////
PROCESSING:  TTM1100BWBW
/////////////////////////
plotTreeName: Tprime2_DeepAK8_decorr_Mass
Flavour: E #tag: isV_tHtH #algo: DeepAK8_decorr
Weights: 1 * 1 * 1 * pileupWeight * 1 * lepIdSF * EGammaGsfSF * 1 * (MCWeight_singleLepCalc/abs(MCWeight_singleLepCalc)) * 0.00223239916536
Cuts: (leptonPt_singleLepCalc > 50) && (corr_met_singleLepCalc > 55) && (AK4HT > 480) && (minDR_lepJet > 0.4 || ptRel_lepJet > 40) && (NJetsAK8_JetSubCalc > 2) && (minDR_leadAK8otherAK8 < 3.0) && DataPastTrigger == 1 && isElectron==1
****************************************************************************************************
****************************************************************************************************
DISTRIBUTION: Tp2Mass
            -name in ljmet trees: Tprime2_ALGO_Mass
            -x-axis label is set to: ;M(T) [GeV])
            -using the binning as: [0.0, 60.0, 120.0, 180.0, 240.0, 300.0, 360.0, 420.0, 480.0, 540.0, 600.0, 660.0, 720.0, 780.0, 840.0, 900.0, 960.0, 1020.0, 1080.0, 1140.0, 1200.0, 1260.0, 1320.0, 1380.0, 1440.0, 1500.0, 1560.0, 1620.0, 1680.0, 1740.0, 1800.0, 1860.0, 1920.0, 1980.0, 2040.0, 2100.0, 2160.0, 2220.0, 2280.0, 2340.0, 2400.0, 2460.0, 2520.0, 2580.0, 2640.0, 2700.0, 2760.0, 2820.0, 2880.0, 2940.0, 3000.0]
/////////////////////////
PROCESSING:  TTM1100THTH
/////////////////////////
plotTreeName: Tprime2_DeepAK8_decorr_Mass
Flavour: E #tag: isV_tHtH #algo: DeepAK8_decorr
Weights: 1 * 1 * 1 * pileupWeight * 1 * lepIdSF * EGammaGsfSF * 1 * (MCWeight_singleLepCalc/abs(MCWeight_singleLepCalc)) * 0.000558099791339
Cuts: (leptonPt_singleLepCalc > 50) && (corr_met_singleLepCalc > 55) && (AK4HT > 480) && (minDR_lepJet > 0.4 || ptRel_lepJet > 40) && (NJetsAK8_JetSubCalc > 2) && (minDR_leadAK8otherAK8 < 3.0) && DataPastTrigger == 1 && isElectron==1
****************************************************************************************************
****************************************************************************************************
DISTRIBUTION: Tp2Mass
            -name in ljmet trees: Tprime2_ALGO_Mass
            -x-axis label is set to: ;M(T) [GeV])
            -using the binning as: [0.0, 60.0, 120.0, 180.0, 240.0, 300.0, 360.0, 420.0, 480.0, 540.0, 600.0, 660.0, 720.0, 780.0, 840.0, 900.0, 960.0, 1020.0, 1080.0, 1140.0, 1200.0, 1260.0, 1320.0, 1380.0, 1440.0, 1500.0, 1560.0, 1620.0, 1680.0, 1740.0, 1800.0, 1860.0, 1920.0, 1980.0, 2040.0, 2100.0, 2160.0, 2220.0, 2280.0, 2340.0, 2400.0, 2460.0, 2520.0, 2580.0, 2640.0, 2700.0, 2760.0, 2820.0, 2880.0, 2940.0, 3000.0]
/////////////////////////
PROCESSING:  TTM1100TZTZ
/////////////////////////
plotTreeName: Tprime2_DeepAK8_decorr_Mass
Flavour: E #tag: isV_tHtH #algo: DeepAK8_decorr
Weights: 1 * 1 * 1 * pileupWeight * 1 * lepIdSF * EGammaGsfSF * 1 * (MCWeight_singleLepCalc/abs(MCWeight_singleLepCalc)) * 0.000558099791339
Cuts: (leptonPt_singleLepCalc > 50) && (corr_met_singleLepCalc > 55) && (AK4HT > 480) && (minDR_lepJet > 0.4 || ptRel_lepJet > 40) && (NJetsAK8_JetSubCalc > 2) && (minDR_leadAK8otherAK8 < 3.0) && DataPastTrigger == 1 && isElectron==1
****************************************************************************************************
****************************************************************************************************
DISTRIBUTION: Tp2Mass
            -name in ljmet trees: Tprime2_ALGO_Mass
            -x-axis label is set to: ;M(T) [GeV])
            -using the binning as: [0.0, 60.0, 120.0, 180.0, 240.0, 300.0, 360.0, 420.0, 480.0, 540.0, 600.0, 660.0, 720.0, 780.0, 840.0, 900.0, 960.0, 1020.0, 1080.0, 1140.0, 1200.0, 1260.0, 1320.0, 1380.0, 1440.0, 1500.0, 1560.0, 1620.0, 1680.0, 1740.0, 1800.0, 1860.0, 1920.0, 1980.0, 2040.0, 2100.0, 2160.0, 2220.0, 2280.0, 2340.0, 2400.0, 2460.0, 2520.0, 2580.0, 2640.0, 2700.0, 2760.0, 2820.0, 2880.0, 2940.0, 3000.0]
/////////////////////////
PROCESSING:  TTM1100TZBW
/////////////////////////
plotTreeName: Tprime2_DeepAK8_decorr_Mass
Flavour: E #tag: isV_tHtH #algo: DeepAK8_decorr
Weights: 1 * 1 * 1 * pileupWeight * 1 * lepIdSF * EGammaGsfSF * 1 * (MCWeight_singleLepCalc/abs(MCWeight_singleLepCalc)) * 0.00111619958268
Cuts: (leptonPt_singleLepCalc > 50) && (corr_met_singleLepCalc > 55) && (AK4HT > 480) && (minDR_lepJet > 0.4 || ptRel_lepJet > 40) && (NJetsAK8_JetSubCalc > 2) && (minDR_leadAK8otherAK8 < 3.0) && DataPastTrigger == 1 && isElectron==1
****************************************************************************************************
****************************************************************************************************
DISTRIBUTION: Tp2Mass
            -name in ljmet trees: Tprime2_ALGO_Mass
            -x-axis label is set to: ;M(T) [GeV])
            -using the binning as: [0.0, 60.0, 120.0, 180.0, 240.0, 300.0, 360.0, 420.0, 480.0, 540.0, 600.0, 660.0, 720.0, 780.0, 840.0, 900.0, 960.0, 1020.0, 1080.0, 1140.0, 1200.0, 1260.0, 1320.0, 1380.0, 1440.0, 1500.0, 1560.0, 1620.0, 1680.0, 1740.0, 1800.0, 1860.0, 1920.0, 1980.0, 2040.0, 2100.0, 2160.0, 2220.0, 2280.0, 2340.0, 2400.0, 2460.0, 2520.0, 2580.0, 2640.0, 2700.0, 2760.0, 2820.0, 2880.0, 2940.0, 3000.0]
/////////////////////////
PROCESSING:  TTM1100THBW
/////////////////////////
plotTreeName: Tprime2_DeepAK8_decorr_Mass
Flavour: E #tag: isV_tHtH #algo: DeepAK8_decorr
Weights: 1 * 1 * 1 * pileupWeight * 1 * lepIdSF * EGammaGsfSF * 1 * (MCWeight_singleLepCalc/abs(MCWeight_singleLepCalc)) * 0.00111619958268
Cuts: (leptonPt_singleLepCalc > 50) && (corr_met_singleLepCalc > 55) && (AK4HT > 480) && (minDR_lepJet > 0.4 || ptRel_lepJet > 40) && (NJetsAK8_JetSubCalc > 2) && (minDR_leadAK8otherAK8 < 3.0) && DataPastTrigger == 1 && isElectron==1
****************************************************************************************************
****************************************************************************************************
DISTRIBUTION: Tp2Mass
            -name in ljmet trees: Tprime2_ALGO_Mass
            -x-axis label is set to: ;M(T) [GeV])
            -using the binning as: [0.0, 60.0, 120.0, 180.0, 240.0, 300.0, 360.0, 420.0, 480.0, 540.0, 600.0, 660.0, 720.0, 780.0, 840.0, 900.0, 960.0, 1020.0, 1080.0, 1140.0, 1200.0, 1260.0, 1320.0, 1380.0, 1440.0, 1500.0, 1560.0, 1620.0, 1680.0, 1740.0, 1800.0, 1860.0, 1920.0, 1980.0, 2040.0, 2100.0, 2160.0, 2220.0, 2280.0, 2340.0, 2400.0, 2460.0, 2520.0, 2580.0, 2640.0, 2700.0, 2760.0, 2820.0, 2880.0, 2940.0, 3000.0]
/////////////////////////
PROCESSING:  TTM1100TZTH
/////////////////////////
plotTreeName: Tprime2_DeepAK8_decorr_Mass
Flavour: E #tag: isV_tHtH #algo: DeepAK8_decorr
Weights: 1 * 1 * 1 * pileupWeight * 1 * lepIdSF * EGammaGsfSF * 1 * (MCWeight_singleLepCalc/abs(MCWeight_singleLepCalc)) * 0.000558099791339
Cuts: (leptonPt_singleLepCalc > 50) && (corr_met_singleLepCalc > 55) && (AK4HT > 480) && (minDR_lepJet > 0.4 || ptRel_lepJet > 40) && (NJetsAK8_JetSubCalc > 2) && (minDR_leadAK8otherAK8 < 3.0) && DataPastTrigger == 1 && isElectron==1
****************************************************************************************************
****************************************************************************************************
DISTRIBUTION: Tp2Mass
            -name in ljmet trees: Tprime2_ALGO_Mass
            -x-axis label is set to: ;M(T) [GeV])
            -using the binning as: [0.0, 60.0, 120.0, 180.0, 240.0, 300.0, 360.0, 420.0, 480.0, 540.0, 600.0, 660.0, 720.0, 780.0, 840.0, 900.0, 960.0, 1020.0, 1080.0, 1140.0, 1200.0, 1260.0, 1320.0, 1380.0, 1440.0, 1500.0, 1560.0, 1620.0, 1680.0, 1740.0, 1800.0, 1860.0, 1920.0, 1980.0, 2040.0, 2100.0, 2160.0, 2220.0, 2280.0, 2340.0, 2400.0, 2460.0, 2520.0, 2580.0, 2640.0, 2700.0, 2760.0, 2820.0, 2880.0, 2940.0, 3000.0]
/////////////////////////
PROCESSING:  TTM1200BWBW
/////////////////////////
plotTreeName: Tprime2_DeepAK8_decorr_Mass
Flavour: E #tag: isV_tHtH #algo: DeepAK8_decorr
Weights: 1 * 1 * 1 * pileupWeight * 1 * lepIdSF * EGammaGsfSF * 1 * (MCWeight_singleLepCalc/abs(MCWeight_singleLepCalc)) * 0.00117627847652
Cuts: (leptonPt_singleLepCalc > 50) && (corr_met_singleLepCalc > 55) && (AK4HT > 480) && (minDR_lepJet > 0.4 || ptRel_lepJet > 40) && (NJetsAK8_JetSubCalc > 2) && (minDR_leadAK8otherAK8 < 3.0) && DataPastTrigger == 1 && isElectron==1
****************************************************************************************************
****************************************************************************************************
DISTRIBUTION: Tp2Mass
            -name in ljmet trees: Tprime2_ALGO_Mass
            -x-axis label is set to: ;M(T) [GeV])
            -using the binning as: [0.0, 60.0, 120.0, 180.0, 240.0, 300.0, 360.0, 420.0, 480.0, 540.0, 600.0, 660.0, 720.0, 780.0, 840.0, 900.0, 960.0, 1020.0, 1080.0, 1140.0, 1200.0, 1260.0, 1320.0, 1380.0, 1440.0, 1500.0, 1560.0, 1620.0, 1680.0, 1740.0, 1800.0, 1860.0, 1920.0, 1980.0, 2040.0, 2100.0, 2160.0, 2220.0, 2280.0, 2340.0, 2400.0, 2460.0, 2520.0, 2580.0, 2640.0, 2700.0, 2760.0, 2820.0, 2880.0, 2940.0, 3000.0]
/////////////////////////
PROCESSING:  TTM1200THTH
/////////////////////////
plotTreeName: Tprime2_DeepAK8_decorr_Mass
Flavour: E #tag: isV_tHtH #algo: DeepAK8_decorr
Weights: 1 * 1 * 1 * pileupWeight * 1 * lepIdSF * EGammaGsfSF * 1 * (MCWeight_singleLepCalc/abs(MCWeight_singleLepCalc)) * 0.00029406961913
Cuts: (leptonPt_singleLepCalc > 50) && (corr_met_singleLepCalc > 55) && (AK4HT > 480) && (minDR_lepJet > 0.4 || ptRel_lepJet > 40) && (NJetsAK8_JetSubCalc > 2) && (minDR_leadAK8otherAK8 < 3.0) && DataPastTrigger == 1 && isElectron==1
****************************************************************************************************
****************************************************************************************************
DISTRIBUTION: Tp2Mass
            -name in ljmet trees: Tprime2_ALGO_Mass
            -x-axis label is set to: ;M(T) [GeV])
            -using the binning as: [0.0, 60.0, 120.0, 180.0, 240.0, 300.0, 360.0, 420.0, 480.0, 540.0, 600.0, 660.0, 720.0, 780.0, 840.0, 900.0, 960.0, 1020.0, 1080.0, 1140.0, 1200.0, 1260.0, 1320.0, 1380.0, 1440.0, 1500.0, 1560.0, 1620.0, 1680.0, 1740.0, 1800.0, 1860.0, 1920.0, 1980.0, 2040.0, 2100.0, 2160.0, 2220.0, 2280.0, 2340.0, 2400.0, 2460.0, 2520.0, 2580.0, 2640.0, 2700.0, 2760.0, 2820.0, 2880.0, 2940.0, 3000.0]
/////////////////////////
PROCESSING:  TTM1200TZTZ
/////////////////////////
plotTreeName: Tprime2_DeepAK8_decorr_Mass
Flavour: E #tag: isV_tHtH #algo: DeepAK8_decorr
Weights: 1 * 1 * 1 * pileupWeight * 1 * lepIdSF * EGammaGsfSF * 1 * (MCWeight_singleLepCalc/abs(MCWeight_singleLepCalc)) * 0.00029406961913
Cuts: (leptonPt_singleLepCalc > 50) && (corr_met_singleLepCalc > 55) && (AK4HT > 480) && (minDR_lepJet > 0.4 || ptRel_lepJet > 40) && (NJetsAK8_JetSubCalc > 2) && (minDR_leadAK8otherAK8 < 3.0) && DataPastTrigger == 1 && isElectron==1
****************************************************************************************************
****************************************************************************************************
DISTRIBUTION: Tp2Mass
            -name in ljmet trees: Tprime2_ALGO_Mass
            -x-axis label is set to: ;M(T) [GeV])
            -using the binning as: [0.0, 60.0, 120.0, 180.0, 240.0, 300.0, 360.0, 420.0, 480.0, 540.0, 600.0, 660.0, 720.0, 780.0, 840.0, 900.0, 960.0, 1020.0, 1080.0, 1140.0, 1200.0, 1260.0, 1320.0, 1380.0, 1440.0, 1500.0, 1560.0, 1620.0, 1680.0, 1740.0, 1800.0, 1860.0, 1920.0, 1980.0, 2040.0, 2100.0, 2160.0, 2220.0, 2280.0, 2340.0, 2400.0, 2460.0, 2520.0, 2580.0, 2640.0, 2700.0, 2760.0, 2820.0, 2880.0, 2940.0, 3000.0]
/////////////////////////
PROCESSING:  TTM1200TZBW
/////////////////////////
plotTreeName: Tprime2_DeepAK8_decorr_Mass
Flavour: E #tag: isV_tHtH #algo: DeepAK8_decorr
Weights: 1 * 1 * 1 * pileupWeight * 1 * lepIdSF * EGammaGsfSF * 1 * (MCWeight_singleLepCalc/abs(MCWeight_singleLepCalc)) * 0.000588139238259
Cuts: (leptonPt_singleLepCalc > 50) && (corr_met_singleLepCalc > 55) && (AK4HT > 480) && (minDR_lepJet > 0.4 || ptRel_lepJet > 40) && (NJetsAK8_JetSubCalc > 2) && (minDR_leadAK8otherAK8 < 3.0) && DataPastTrigger == 1 && isElectron==1
****************************************************************************************************
****************************************************************************************************
DISTRIBUTION: Tp2Mass
            -name in ljmet trees: Tprime2_ALGO_Mass
            -x-axis label is set to: ;M(T) [GeV])
            -using the binning as: [0.0, 60.0, 120.0, 180.0, 240.0, 300.0, 360.0, 420.0, 480.0, 540.0, 600.0, 660.0, 720.0, 780.0, 840.0, 900.0, 960.0, 1020.0, 1080.0, 1140.0, 1200.0, 1260.0, 1320.0, 1380.0, 1440.0, 1500.0, 1560.0, 1620.0, 1680.0, 1740.0, 1800.0, 1860.0, 1920.0, 1980.0, 2040.0, 2100.0, 2160.0, 2220.0, 2280.0, 2340.0, 2400.0, 2460.0, 2520.0, 2580.0, 2640.0, 2700.0, 2760.0, 2820.0, 2880.0, 2940.0, 3000.0]
/////////////////////////
PROCESSING:  TTM1200THBW
/////////////////////////
plotTreeName: Tprime2_DeepAK8_decorr_Mass
Flavour: E #tag: isV_tHtH #algo: DeepAK8_decorr
Weights: 1 * 1 * 1 * pileupWeight * 1 * lepIdSF * EGammaGsfSF * 1 * (MCWeight_singleLepCalc/abs(MCWeight_singleLepCalc)) * 0.000588139238259
Cuts: (leptonPt_singleLepCalc > 50) && (corr_met_singleLepCalc > 55) && (AK4HT > 480) && (minDR_lepJet > 0.4 || ptRel_lepJet > 40) && (NJetsAK8_JetSubCalc > 2) && (minDR_leadAK8otherAK8 < 3.0) && DataPastTrigger == 1 && isElectron==1
****************************************************************************************************
****************************************************************************************************
DISTRIBUTION: Tp2Mass
            -name in ljmet trees: Tprime2_ALGO_Mass
            -x-axis label is set to: ;M(T) [GeV])
            -using the binning as: [0.0, 60.0, 120.0, 180.0, 240.0, 300.0, 360.0, 420.0, 480.0, 540.0, 600.0, 660.0, 720.0, 780.0, 840.0, 900.0, 960.0, 1020.0, 1080.0, 1140.0, 1200.0, 1260.0, 1320.0, 1380.0, 1440.0, 1500.0, 1560.0, 1620.0, 1680.0, 1740.0, 1800.0, 1860.0, 1920.0, 1980.0, 2040.0, 2100.0, 2160.0, 2220.0, 2280.0, 2340.0, 2400.0, 2460.0, 2520.0, 2580.0, 2640.0, 2700.0, 2760.0, 2820.0, 2880.0, 2940.0, 3000.0]
/////////////////////////
PROCESSING:  TTM1200TZTH
/////////////////////////
plotTreeName: Tprime2_DeepAK8_decorr_Mass
Flavour: E #tag: isV_tHtH #algo: DeepAK8_decorr
Weights: 1 * 1 * 1 * pileupWeight * 1 * lepIdSF * EGammaGsfSF * 1 * (MCWeight_singleLepCalc/abs(MCWeight_singleLepCalc)) * 0.00029406961913
Cuts: (leptonPt_singleLepCalc > 50) && (corr_met_singleLepCalc > 55) && (AK4HT > 480) && (minDR_lepJet > 0.4 || ptRel_lepJet > 40) && (NJetsAK8_JetSubCalc > 2) && (minDR_leadAK8otherAK8 < 3.0) && DataPastTrigger == 1 && isElectron==1
****************************************************************************************************
****************************************************************************************************
DISTRIBUTION: Tp2Mass
            -name in ljmet trees: Tprime2_ALGO_Mass
            -x-axis label is set to: ;M(T) [GeV])
            -using the binning as: [0.0, 60.0, 120.0, 180.0, 240.0, 300.0, 360.0, 420.0, 480.0, 540.0, 600.0, 660.0, 720.0, 780.0, 840.0, 900.0, 960.0, 1020.0, 1080.0, 1140.0, 1200.0, 1260.0, 1320.0, 1380.0, 1440.0, 1500.0, 1560.0, 1620.0, 1680.0, 1740.0, 1800.0, 1860.0, 1920.0, 1980.0, 2040.0, 2100.0, 2160.0, 2220.0, 2280.0, 2340.0, 2400.0, 2460.0, 2520.0, 2580.0, 2640.0, 2700.0, 2760.0, 2820.0, 2880.0, 2940.0, 3000.0]
/////////////////////////
PROCESSING:  TTM1300BWBW
/////////////////////////
plotTreeName: Tprime2_DeepAK8_decorr_Mass
Flavour: E #tag: isV_tHtH #algo: DeepAK8_decorr
Weights: 1 * 1 * 1 * pileupWeight * 1 * lepIdSF * EGammaGsfSF * 1 * (MCWeight_singleLepCalc/abs(MCWeight_singleLepCalc)) * 0.00063821114509
Cuts: (leptonPt_singleLepCalc > 50) && (corr_met_singleLepCalc > 55) && (AK4HT > 480) && (minDR_lepJet > 0.4 || ptRel_lepJet > 40) && (NJetsAK8_JetSubCalc > 2) && (minDR_leadAK8otherAK8 < 3.0) && DataPastTrigger == 1 && isElectron==1
****************************************************************************************************
****************************************************************************************************
DISTRIBUTION: Tp2Mass
            -name in ljmet trees: Tprime2_ALGO_Mass
            -x-axis label is set to: ;M(T) [GeV])
            -using the binning as: [0.0, 60.0, 120.0, 180.0, 240.0, 300.0, 360.0, 420.0, 480.0, 540.0, 600.0, 660.0, 720.0, 780.0, 840.0, 900.0, 960.0, 1020.0, 1080.0, 1140.0, 1200.0, 1260.0, 1320.0, 1380.0, 1440.0, 1500.0, 1560.0, 1620.0, 1680.0, 1740.0, 1800.0, 1860.0, 1920.0, 1980.0, 2040.0, 2100.0, 2160.0, 2220.0, 2280.0, 2340.0, 2400.0, 2460.0, 2520.0, 2580.0, 2640.0, 2700.0, 2760.0, 2820.0, 2880.0, 2940.0, 3000.0]
/////////////////////////
PROCESSING:  TTM1300THTH
/////////////////////////
plotTreeName: Tprime2_DeepAK8_decorr_Mass
Flavour: E #tag: isV_tHtH #algo: DeepAK8_decorr
Weights: 1 * 1 * 1 * pileupWeight * 1 * lepIdSF * EGammaGsfSF * 1 * (MCWeight_singleLepCalc/abs(MCWeight_singleLepCalc)) * 0.000159552786272
Cuts: (leptonPt_singleLepCalc > 50) && (corr_met_singleLepCalc > 55) && (AK4HT > 480) && (minDR_lepJet > 0.4 || ptRel_lepJet > 40) && (NJetsAK8_JetSubCalc > 2) && (minDR_leadAK8otherAK8 < 3.0) && DataPastTrigger == 1 && isElectron==1
****************************************************************************************************
****************************************************************************************************
DISTRIBUTION: Tp2Mass
            -name in ljmet trees: Tprime2_ALGO_Mass
            -x-axis label is set to: ;M(T) [GeV])
            -using the binning as: [0.0, 60.0, 120.0, 180.0, 240.0, 300.0, 360.0, 420.0, 480.0, 540.0, 600.0, 660.0, 720.0, 780.0, 840.0, 900.0, 960.0, 1020.0, 1080.0, 1140.0, 1200.0, 1260.0, 1320.0, 1380.0, 1440.0, 1500.0, 1560.0, 1620.0, 1680.0, 1740.0, 1800.0, 1860.0, 1920.0, 1980.0, 2040.0, 2100.0, 2160.0, 2220.0, 2280.0, 2340.0, 2400.0, 2460.0, 2520.0, 2580.0, 2640.0, 2700.0, 2760.0, 2820.0, 2880.0, 2940.0, 3000.0]
/////////////////////////
PROCESSING:  TTM1300TZTZ
/////////////////////////
plotTreeName: Tprime2_DeepAK8_decorr_Mass
Flavour: E #tag: isV_tHtH #algo: DeepAK8_decorr
Weights: 1 * 1 * 1 * pileupWeight * 1 * lepIdSF * EGammaGsfSF * 1 * (MCWeight_singleLepCalc/abs(MCWeight_singleLepCalc)) * 0.000159552786272
Cuts: (leptonPt_singleLepCalc > 50) && (corr_met_singleLepCalc > 55) && (AK4HT > 480) && (minDR_lepJet > 0.4 || ptRel_lepJet > 40) && (NJetsAK8_JetSubCalc > 2) && (minDR_leadAK8otherAK8 < 3.0) && DataPastTrigger == 1 && isElectron==1
****************************************************************************************************
****************************************************************************************************
DISTRIBUTION: Tp2Mass
            -name in ljmet trees: Tprime2_ALGO_Mass
            -x-axis label is set to: ;M(T) [GeV])
            -using the binning as: [0.0, 60.0, 120.0, 180.0, 240.0, 300.0, 360.0, 420.0, 480.0, 540.0, 600.0, 660.0, 720.0, 780.0, 840.0, 900.0, 960.0, 1020.0, 1080.0, 1140.0, 1200.0, 1260.0, 1320.0, 1380.0, 1440.0, 1500.0, 1560.0, 1620.0, 1680.0, 1740.0, 1800.0, 1860.0, 1920.0, 1980.0, 2040.0, 2100.0, 2160.0, 2220.0, 2280.0, 2340.0, 2400.0, 2460.0, 2520.0, 2580.0, 2640.0, 2700.0, 2760.0, 2820.0, 2880.0, 2940.0, 3000.0]
/////////////////////////
PROCESSING:  TTM1300TZBW
/////////////////////////
plotTreeName: Tprime2_DeepAK8_decorr_Mass
Flavour: E #tag: isV_tHtH #algo: DeepAK8_decorr
Weights: 1 * 1 * 1 * pileupWeight * 1 * lepIdSF * EGammaGsfSF * 1 * (MCWeight_singleLepCalc/abs(MCWeight_singleLepCalc)) * 0.000319105572545
Cuts: (leptonPt_singleLepCalc > 50) && (corr_met_singleLepCalc > 55) && (AK4HT > 480) && (minDR_lepJet > 0.4 || ptRel_lepJet > 40) && (NJetsAK8_JetSubCalc > 2) && (minDR_leadAK8otherAK8 < 3.0) && DataPastTrigger == 1 && isElectron==1
****************************************************************************************************
****************************************************************************************************
DISTRIBUTION: Tp2Mass
            -name in ljmet trees: Tprime2_ALGO_Mass
            -x-axis label is set to: ;M(T) [GeV])
            -using the binning as: [0.0, 60.0, 120.0, 180.0, 240.0, 300.0, 360.0, 420.0, 480.0, 540.0, 600.0, 660.0, 720.0, 780.0, 840.0, 900.0, 960.0, 1020.0, 1080.0, 1140.0, 1200.0, 1260.0, 1320.0, 1380.0, 1440.0, 1500.0, 1560.0, 1620.0, 1680.0, 1740.0, 1800.0, 1860.0, 1920.0, 1980.0, 2040.0, 2100.0, 2160.0, 2220.0, 2280.0, 2340.0, 2400.0, 2460.0, 2520.0, 2580.0, 2640.0, 2700.0, 2760.0, 2820.0, 2880.0, 2940.0, 3000.0]
/////////////////////////
PROCESSING:  TTM1300THBW
/////////////////////////
plotTreeName: Tprime2_DeepAK8_decorr_Mass
Flavour: E #tag: isV_tHtH #algo: DeepAK8_decorr
Weights: 1 * 1 * 1 * pileupWeight * 1 * lepIdSF * EGammaGsfSF * 1 * (MCWeight_singleLepCalc/abs(MCWeight_singleLepCalc)) * 0.000319105572545
Cuts: (leptonPt_singleLepCalc > 50) && (corr_met_singleLepCalc > 55) && (AK4HT > 480) && (minDR_lepJet > 0.4 || ptRel_lepJet > 40) && (NJetsAK8_JetSubCalc > 2) && (minDR_leadAK8otherAK8 < 3.0) && DataPastTrigger == 1 && isElectron==1
****************************************************************************************************
****************************************************************************************************
DISTRIBUTION: Tp2Mass
            -name in ljmet trees: Tprime2_ALGO_Mass
            -x-axis label is set to: ;M(T) [GeV])
            -using the binning as: [0.0, 60.0, 120.0, 180.0, 240.0, 300.0, 360.0, 420.0, 480.0, 540.0, 600.0, 660.0, 720.0, 780.0, 840.0, 900.0, 960.0, 1020.0, 1080.0, 1140.0, 1200.0, 1260.0, 1320.0, 1380.0, 1440.0, 1500.0, 1560.0, 1620.0, 1680.0, 1740.0, 1800.0, 1860.0, 1920.0, 1980.0, 2040.0, 2100.0, 2160.0, 2220.0, 2280.0, 2340.0, 2400.0, 2460.0, 2520.0, 2580.0, 2640.0, 2700.0, 2760.0, 2820.0, 2880.0, 2940.0, 3000.0]
/////////////////////////
PROCESSING:  TTM1300TZTH
/////////////////////////
plotTreeName: Tprime2_DeepAK8_decorr_Mass
Flavour: E #tag: isV_tHtH #algo: DeepAK8_decorr
Weights: 1 * 1 * 1 * pileupWeight * 1 * lepIdSF * EGammaGsfSF * 1 * (MCWeight_singleLepCalc/abs(MCWeight_singleLepCalc)) * 0.000159552786272
Cuts: (leptonPt_singleLepCalc > 50) && (corr_met_singleLepCalc > 55) && (AK4HT > 480) && (minDR_lepJet > 0.4 || ptRel_lepJet > 40) && (NJetsAK8_JetSubCalc > 2) && (minDR_leadAK8otherAK8 < 3.0) && DataPastTrigger == 1 && isElectron==1
****************************************************************************************************
****************************************************************************************************
DISTRIBUTION: Tp2Mass
            -name in ljmet trees: Tprime2_ALGO_Mass
            -x-axis label is set to: ;M(T) [GeV])
            -using the binning as: [0.0, 60.0, 120.0, 180.0, 240.0, 300.0, 360.0, 420.0, 480.0, 540.0, 600.0, 660.0, 720.0, 780.0, 840.0, 900.0, 960.0, 1020.0, 1080.0, 1140.0, 1200.0, 1260.0, 1320.0, 1380.0, 1440.0, 1500.0, 1560.0, 1620.0, 1680.0, 1740.0, 1800.0, 1860.0, 1920.0, 1980.0, 2040.0, 2100.0, 2160.0, 2220.0, 2280.0, 2340.0, 2400.0, 2460.0, 2520.0, 2580.0, 2640.0, 2700.0, 2760.0, 2820.0, 2880.0, 2940.0, 3000.0]
/////////////////////////
PROCESSING:  TTM1400BWBW
/////////////////////////
plotTreeName: Tprime2_DeepAK8_decorr_Mass
Flavour: E #tag: isV_tHtH #algo: DeepAK8_decorr
Weights: 1 * 1 * 1 * pileupWeight * 1 * lepIdSF * EGammaGsfSF * 1 * (MCWeight_singleLepCalc/abs(MCWeight_singleLepCalc)) * 0.000352883542956
Cuts: (leptonPt_singleLepCalc > 50) && (corr_met_singleLepCalc > 55) && (AK4HT > 480) && (minDR_lepJet > 0.4 || ptRel_lepJet > 40) && (NJetsAK8_JetSubCalc > 2) && (minDR_leadAK8otherAK8 < 3.0) && DataPastTrigger == 1 && isElectron==1
****************************************************************************************************
****************************************************************************************************
DISTRIBUTION: Tp2Mass
            -name in ljmet trees: Tprime2_ALGO_Mass
            -x-axis label is set to: ;M(T) [GeV])
            -using the binning as: [0.0, 60.0, 120.0, 180.0, 240.0, 300.0, 360.0, 420.0, 480.0, 540.0, 600.0, 660.0, 720.0, 780.0, 840.0, 900.0, 960.0, 1020.0, 1080.0, 1140.0, 1200.0, 1260.0, 1320.0, 1380.0, 1440.0, 1500.0, 1560.0, 1620.0, 1680.0, 1740.0, 1800.0, 1860.0, 1920.0, 1980.0, 2040.0, 2100.0, 2160.0, 2220.0, 2280.0, 2340.0, 2400.0, 2460.0, 2520.0, 2580.0, 2640.0, 2700.0, 2760.0, 2820.0, 2880.0, 2940.0, 3000.0]
/////////////////////////
PROCESSING:  TTM1400THTH
/////////////////////////
plotTreeName: Tprime2_DeepAK8_decorr_Mass
Flavour: E #tag: isV_tHtH #algo: DeepAK8_decorr
Weights: 1 * 1 * 1 * pileupWeight * 1 * lepIdSF * EGammaGsfSF * 1 * (MCWeight_singleLepCalc/abs(MCWeight_singleLepCalc)) * 8.82208857389e-05
Cuts: (leptonPt_singleLepCalc > 50) && (corr_met_singleLepCalc > 55) && (AK4HT > 480) && (minDR_lepJet > 0.4 || ptRel_lepJet > 40) && (NJetsAK8_JetSubCalc > 2) && (minDR_leadAK8otherAK8 < 3.0) && DataPastTrigger == 1 && isElectron==1
****************************************************************************************************
****************************************************************************************************
DISTRIBUTION: Tp2Mass
            -name in ljmet trees: Tprime2_ALGO_Mass
            -x-axis label is set to: ;M(T) [GeV])
            -using the binning as: [0.0, 60.0, 120.0, 180.0, 240.0, 300.0, 360.0, 420.0, 480.0, 540.0, 600.0, 660.0, 720.0, 780.0, 840.0, 900.0, 960.0, 1020.0, 1080.0, 1140.0, 1200.0, 1260.0, 1320.0, 1380.0, 1440.0, 1500.0, 1560.0, 1620.0, 1680.0, 1740.0, 1800.0, 1860.0, 1920.0, 1980.0, 2040.0, 2100.0, 2160.0, 2220.0, 2280.0, 2340.0, 2400.0, 2460.0, 2520.0, 2580.0, 2640.0, 2700.0, 2760.0, 2820.0, 2880.0, 2940.0, 3000.0]
/////////////////////////
PROCESSING:  TTM1400TZTZ
/////////////////////////
plotTreeName: Tprime2_DeepAK8_decorr_Mass
Flavour: E #tag: isV_tHtH #algo: DeepAK8_decorr
Weights: 1 * 1 * 1 * pileupWeight * 1 * lepIdSF * EGammaGsfSF * 1 * (MCWeight_singleLepCalc/abs(MCWeight_singleLepCalc)) * 8.82208857389e-05
Cuts: (leptonPt_singleLepCalc > 50) && (corr_met_singleLepCalc > 55) && (AK4HT > 480) && (minDR_lepJet > 0.4 || ptRel_lepJet > 40) && (NJetsAK8_JetSubCalc > 2) && (minDR_leadAK8otherAK8 < 3.0) && DataPastTrigger == 1 && isElectron==1
****************************************************************************************************
****************************************************************************************************
DISTRIBUTION: Tp2Mass
            -name in ljmet trees: Tprime2_ALGO_Mass
            -x-axis label is set to: ;M(T) [GeV])
            -using the binning as: [0.0, 60.0, 120.0, 180.0, 240.0, 300.0, 360.0, 420.0, 480.0, 540.0, 600.0, 660.0, 720.0, 780.0, 840.0, 900.0, 960.0, 1020.0, 1080.0, 1140.0, 1200.0, 1260.0, 1320.0, 1380.0, 1440.0, 1500.0, 1560.0, 1620.0, 1680.0, 1740.0, 1800.0, 1860.0, 1920.0, 1980.0, 2040.0, 2100.0, 2160.0, 2220.0, 2280.0, 2340.0, 2400.0, 2460.0, 2520.0, 2580.0, 2640.0, 2700.0, 2760.0, 2820.0, 2880.0, 2940.0, 3000.0]
/////////////////////////
PROCESSING:  TTM1400TZBW
/////////////////////////
plotTreeName: Tprime2_DeepAK8_decorr_Mass
Flavour: E #tag: isV_tHtH #algo: DeepAK8_decorr
Weights: 1 * 1 * 1 * pileupWeight * 1 * lepIdSF * EGammaGsfSF * 1 * (MCWeight_singleLepCalc/abs(MCWeight_singleLepCalc)) * 0.000176441771478
Cuts: (leptonPt_singleLepCalc > 50) && (corr_met_singleLepCalc > 55) && (AK4HT > 480) && (minDR_lepJet > 0.4 || ptRel_lepJet > 40) && (NJetsAK8_JetSubCalc > 2) && (minDR_leadAK8otherAK8 < 3.0) && DataPastTrigger == 1 && isElectron==1
****************************************************************************************************
****************************************************************************************************
DISTRIBUTION: Tp2Mass
            -name in ljmet trees: Tprime2_ALGO_Mass
            -x-axis label is set to: ;M(T) [GeV])
            -using the binning as: [0.0, 60.0, 120.0, 180.0, 240.0, 300.0, 360.0, 420.0, 480.0, 540.0, 600.0, 660.0, 720.0, 780.0, 840.0, 900.0, 960.0, 1020.0, 1080.0, 1140.0, 1200.0, 1260.0, 1320.0, 1380.0, 1440.0, 1500.0, 1560.0, 1620.0, 1680.0, 1740.0, 1800.0, 1860.0, 1920.0, 1980.0, 2040.0, 2100.0, 2160.0, 2220.0, 2280.0, 2340.0, 2400.0, 2460.0, 2520.0, 2580.0, 2640.0, 2700.0, 2760.0, 2820.0, 2880.0, 2940.0, 3000.0]
/////////////////////////
PROCESSING:  TTM1400THBW
/////////////////////////
plotTreeName: Tprime2_DeepAK8_decorr_Mass
Flavour: E #tag: isV_tHtH #algo: DeepAK8_decorr
Weights: 1 * 1 * 1 * pileupWeight * 1 * lepIdSF * EGammaGsfSF * 1 * (MCWeight_singleLepCalc/abs(MCWeight_singleLepCalc)) * 0.000176441771478
Cuts: (leptonPt_singleLepCalc > 50) && (corr_met_singleLepCalc > 55) && (AK4HT > 480) && (minDR_lepJet > 0.4 || ptRel_lepJet > 40) && (NJetsAK8_JetSubCalc > 2) && (minDR_leadAK8otherAK8 < 3.0) && DataPastTrigger == 1 && isElectron==1
****************************************************************************************************
****************************************************************************************************
DISTRIBUTION: Tp2Mass
            -name in ljmet trees: Tprime2_ALGO_Mass
            -x-axis label is set to: ;M(T) [GeV])
            -using the binning as: [0.0, 60.0, 120.0, 180.0, 240.0, 300.0, 360.0, 420.0, 480.0, 540.0, 600.0, 660.0, 720.0, 780.0, 840.0, 900.0, 960.0, 1020.0, 1080.0, 1140.0, 1200.0, 1260.0, 1320.0, 1380.0, 1440.0, 1500.0, 1560.0, 1620.0, 1680.0, 1740.0, 1800.0, 1860.0, 1920.0, 1980.0, 2040.0, 2100.0, 2160.0, 2220.0, 2280.0, 2340.0, 2400.0, 2460.0, 2520.0, 2580.0, 2640.0, 2700.0, 2760.0, 2820.0, 2880.0, 2940.0, 3000.0]
/////////////////////////
PROCESSING:  TTM1400TZTH
/////////////////////////
plotTreeName: Tprime2_DeepAK8_decorr_Mass
Flavour: E #tag: isV_tHtH #algo: DeepAK8_decorr
Weights: 1 * 1 * 1 * pileupWeight * 1 * lepIdSF * EGammaGsfSF * 1 * (MCWeight_singleLepCalc/abs(MCWeight_singleLepCalc)) * 8.82208857389e-05
Cuts: (leptonPt_singleLepCalc > 50) && (corr_met_singleLepCalc > 55) && (AK4HT > 480) && (minDR_lepJet > 0.4 || ptRel_lepJet > 40) && (NJetsAK8_JetSubCalc > 2) && (minDR_leadAK8otherAK8 < 3.0) && DataPastTrigger == 1 && isElectron==1
****************************************************************************************************
****************************************************************************************************
DISTRIBUTION: Tp2Mass
            -name in ljmet trees: Tprime2_ALGO_Mass
            -x-axis label is set to: ;M(T) [GeV])
            -using the binning as: [0.0, 60.0, 120.0, 180.0, 240.0, 300.0, 360.0, 420.0, 480.0, 540.0, 600.0, 660.0, 720.0, 780.0, 840.0, 900.0, 960.0, 1020.0, 1080.0, 1140.0, 1200.0, 1260.0, 1320.0, 1380.0, 1440.0, 1500.0, 1560.0, 1620.0, 1680.0, 1740.0, 1800.0, 1860.0, 1920.0, 1980.0, 2040.0, 2100.0, 2160.0, 2220.0, 2280.0, 2340.0, 2400.0, 2460.0, 2520.0, 2580.0, 2640.0, 2700.0, 2760.0, 2820.0, 2880.0, 2940.0, 3000.0]
/////////////////////////
PROCESSING:  TTM1500BWBW
/////////////////////////
plotTreeName: Tprime2_DeepAK8_decorr_Mass
Flavour: E #tag: isV_tHtH #algo: DeepAK8_decorr
Weights: 1 * 1 * 1 * pileupWeight * 1 * lepIdSF * EGammaGsfSF * 1 * (MCWeight_singleLepCalc/abs(MCWeight_singleLepCalc)) * 0.00019932135405
Cuts: (leptonPt_singleLepCalc > 50) && (corr_met_singleLepCalc > 55) && (AK4HT > 480) && (minDR_lepJet > 0.4 || ptRel_lepJet > 40) && (NJetsAK8_JetSubCalc > 2) && (minDR_leadAK8otherAK8 < 3.0) && DataPastTrigger == 1 && isElectron==1
****************************************************************************************************
****************************************************************************************************
DISTRIBUTION: Tp2Mass
            -name in ljmet trees: Tprime2_ALGO_Mass
            -x-axis label is set to: ;M(T) [GeV])
            -using the binning as: [0.0, 60.0, 120.0, 180.0, 240.0, 300.0, 360.0, 420.0, 480.0, 540.0, 600.0, 660.0, 720.0, 780.0, 840.0, 900.0, 960.0, 1020.0, 1080.0, 1140.0, 1200.0, 1260.0, 1320.0, 1380.0, 1440.0, 1500.0, 1560.0, 1620.0, 1680.0, 1740.0, 1800.0, 1860.0, 1920.0, 1980.0, 2040.0, 2100.0, 2160.0, 2220.0, 2280.0, 2340.0, 2400.0, 2460.0, 2520.0, 2580.0, 2640.0, 2700.0, 2760.0, 2820.0, 2880.0, 2940.0, 3000.0]
/////////////////////////
PROCESSING:  TTM1500THTH
/////////////////////////
plotTreeName: Tprime2_DeepAK8_decorr_Mass
Flavour: E #tag: isV_tHtH #algo: DeepAK8_decorr
Weights: 1 * 1 * 1 * pileupWeight * 1 * lepIdSF * EGammaGsfSF * 1 * (MCWeight_singleLepCalc/abs(MCWeight_singleLepCalc)) * 4.98303385124e-05
Cuts: (leptonPt_singleLepCalc > 50) && (corr_met_singleLepCalc > 55) && (AK4HT > 480) && (minDR_lepJet > 0.4 || ptRel_lepJet > 40) && (NJetsAK8_JetSubCalc > 2) && (minDR_leadAK8otherAK8 < 3.0) && DataPastTrigger == 1 && isElectron==1
****************************************************************************************************
****************************************************************************************************
DISTRIBUTION: Tp2Mass
            -name in ljmet trees: Tprime2_ALGO_Mass
            -x-axis label is set to: ;M(T) [GeV])
            -using the binning as: [0.0, 60.0, 120.0, 180.0, 240.0, 300.0, 360.0, 420.0, 480.0, 540.0, 600.0, 660.0, 720.0, 780.0, 840.0, 900.0, 960.0, 1020.0, 1080.0, 1140.0, 1200.0, 1260.0, 1320.0, 1380.0, 1440.0, 1500.0, 1560.0, 1620.0, 1680.0, 1740.0, 1800.0, 1860.0, 1920.0, 1980.0, 2040.0, 2100.0, 2160.0, 2220.0, 2280.0, 2340.0, 2400.0, 2460.0, 2520.0, 2580.0, 2640.0, 2700.0, 2760.0, 2820.0, 2880.0, 2940.0, 3000.0]
/////////////////////////
PROCESSING:  TTM1500TZTZ
/////////////////////////
plotTreeName: Tprime2_DeepAK8_decorr_Mass
Flavour: E #tag: isV_tHtH #algo: DeepAK8_decorr
Weights: 1 * 1 * 1 * pileupWeight * 1 * lepIdSF * EGammaGsfSF * 1 * (MCWeight_singleLepCalc/abs(MCWeight_singleLepCalc)) * 4.98303385124e-05
Cuts: (leptonPt_singleLepCalc > 50) && (corr_met_singleLepCalc > 55) && (AK4HT > 480) && (minDR_lepJet > 0.4 || ptRel_lepJet > 40) && (NJetsAK8_JetSubCalc > 2) && (minDR_leadAK8otherAK8 < 3.0) && DataPastTrigger == 1 && isElectron==1
****************************************************************************************************
****************************************************************************************************
DISTRIBUTION: Tp2Mass
            -name in ljmet trees: Tprime2_ALGO_Mass
            -x-axis label is set to: ;M(T) [GeV])
            -using the binning as: [0.0, 60.0, 120.0, 180.0, 240.0, 300.0, 360.0, 420.0, 480.0, 540.0, 600.0, 660.0, 720.0, 780.0, 840.0, 900.0, 960.0, 1020.0, 1080.0, 1140.0, 1200.0, 1260.0, 1320.0, 1380.0, 1440.0, 1500.0, 1560.0, 1620.0, 1680.0, 1740.0, 1800.0, 1860.0, 1920.0, 1980.0, 2040.0, 2100.0, 2160.0, 2220.0, 2280.0, 2340.0, 2400.0, 2460.0, 2520.0, 2580.0, 2640.0, 2700.0, 2760.0, 2820.0, 2880.0, 2940.0, 3000.0]
/////////////////////////
PROCESSING:  TTM1500TZBW
/////////////////////////
plotTreeName: Tprime2_DeepAK8_decorr_Mass
Flavour: E #tag: isV_tHtH #algo: DeepAK8_decorr
Weights: 1 * 1 * 1 * pileupWeight * 1 * lepIdSF * EGammaGsfSF * 1 * (MCWeight_singleLepCalc/abs(MCWeight_singleLepCalc)) * 9.96606770248e-05
Cuts: (leptonPt_singleLepCalc > 50) && (corr_met_singleLepCalc > 55) && (AK4HT > 480) && (minDR_lepJet > 0.4 || ptRel_lepJet > 40) && (NJetsAK8_JetSubCalc > 2) && (minDR_leadAK8otherAK8 < 3.0) && DataPastTrigger == 1 && isElectron==1
****************************************************************************************************
****************************************************************************************************
DISTRIBUTION: Tp2Mass
            -name in ljmet trees: Tprime2_ALGO_Mass
            -x-axis label is set to: ;M(T) [GeV])
            -using the binning as: [0.0, 60.0, 120.0, 180.0, 240.0, 300.0, 360.0, 420.0, 480.0, 540.0, 600.0, 660.0, 720.0, 780.0, 840.0, 900.0, 960.0, 1020.0, 1080.0, 1140.0, 1200.0, 1260.0, 1320.0, 1380.0, 1440.0, 1500.0, 1560.0, 1620.0, 1680.0, 1740.0, 1800.0, 1860.0, 1920.0, 1980.0, 2040.0, 2100.0, 2160.0, 2220.0, 2280.0, 2340.0, 2400.0, 2460.0, 2520.0, 2580.0, 2640.0, 2700.0, 2760.0, 2820.0, 2880.0, 2940.0, 3000.0]
/////////////////////////
PROCESSING:  TTM1500THBW
/////////////////////////
plotTreeName: Tprime2_DeepAK8_decorr_Mass
Flavour: E #tag: isV_tHtH #algo: DeepAK8_decorr
Weights: 1 * 1 * 1 * pileupWeight * 1 * lepIdSF * EGammaGsfSF * 1 * (MCWeight_singleLepCalc/abs(MCWeight_singleLepCalc)) * 9.96606770248e-05
Cuts: (leptonPt_singleLepCalc > 50) && (corr_met_singleLepCalc > 55) && (AK4HT > 480) && (minDR_lepJet > 0.4 || ptRel_lepJet > 40) && (NJetsAK8_JetSubCalc > 2) && (minDR_leadAK8otherAK8 < 3.0) && DataPastTrigger == 1 && isElectron==1
****************************************************************************************************
****************************************************************************************************
DISTRIBUTION: Tp2Mass
            -name in ljmet trees: Tprime2_ALGO_Mass
            -x-axis label is set to: ;M(T) [GeV])
            -using the binning as: [0.0, 60.0, 120.0, 180.0, 240.0, 300.0, 360.0, 420.0, 480.0, 540.0, 600.0, 660.0, 720.0, 780.0, 840.0, 900.0, 960.0, 1020.0, 1080.0, 1140.0, 1200.0, 1260.0, 1320.0, 1380.0, 1440.0, 1500.0, 1560.0, 1620.0, 1680.0, 1740.0, 1800.0, 1860.0, 1920.0, 1980.0, 2040.0, 2100.0, 2160.0, 2220.0, 2280.0, 2340.0, 2400.0, 2460.0, 2520.0, 2580.0, 2640.0, 2700.0, 2760.0, 2820.0, 2880.0, 2940.0, 3000.0]
/////////////////////////
PROCESSING:  TTM1500TZTH
/////////////////////////
plotTreeName: Tprime2_DeepAK8_decorr_Mass
Flavour: E #tag: isV_tHtH #algo: DeepAK8_decorr
Weights: 1 * 1 * 1 * pileupWeight * 1 * lepIdSF * EGammaGsfSF * 1 * (MCWeight_singleLepCalc/abs(MCWeight_singleLepCalc)) * 4.98303385124e-05
Cuts: (leptonPt_singleLepCalc > 50) && (corr_met_singleLepCalc > 55) && (AK4HT > 480) && (minDR_lepJet > 0.4 || ptRel_lepJet > 40) && (NJetsAK8_JetSubCalc > 2) && (minDR_leadAK8otherAK8 < 3.0) && DataPastTrigger == 1 && isElectron==1
****************************************************************************************************
****************************************************************************************************
DISTRIBUTION: Tp2Mass
            -name in ljmet trees: Tprime2_ALGO_Mass
            -x-axis label is set to: ;M(T) [GeV])
            -using the binning as: [0.0, 60.0, 120.0, 180.0, 240.0, 300.0, 360.0, 420.0, 480.0, 540.0, 600.0, 660.0, 720.0, 780.0, 840.0, 900.0, 960.0, 1020.0, 1080.0, 1140.0, 1200.0, 1260.0, 1320.0, 1380.0, 1440.0, 1500.0, 1560.0, 1620.0, 1680.0, 1740.0, 1800.0, 1860.0, 1920.0, 1980.0, 2040.0, 2100.0, 2160.0, 2220.0, 2280.0, 2340.0, 2400.0, 2460.0, 2520.0, 2580.0, 2640.0, 2700.0, 2760.0, 2820.0, 2880.0, 2940.0, 3000.0]
/////////////////////////
PROCESSING:  TTM1600BWBW
/////////////////////////
plotTreeName: Tprime2_DeepAK8_decorr_Mass
Flavour: E #tag: isV_tHtH #algo: DeepAK8_decorr
Weights: 1 * 1 * 1 * pileupWeight * 1 * lepIdSF * EGammaGsfSF * 1 * (MCWeight_singleLepCalc/abs(MCWeight_singleLepCalc)) * 0.000114437939919
Cuts: (leptonPt_singleLepCalc > 50) && (corr_met_singleLepCalc > 55) && (AK4HT > 480) && (minDR_lepJet > 0.4 || ptRel_lepJet > 40) && (NJetsAK8_JetSubCalc > 2) && (minDR_leadAK8otherAK8 < 3.0) && DataPastTrigger == 1 && isElectron==1
****************************************************************************************************
****************************************************************************************************
DISTRIBUTION: Tp2Mass
            -name in ljmet trees: Tprime2_ALGO_Mass
            -x-axis label is set to: ;M(T) [GeV])
            -using the binning as: [0.0, 60.0, 120.0, 180.0, 240.0, 300.0, 360.0, 420.0, 480.0, 540.0, 600.0, 660.0, 720.0, 780.0, 840.0, 900.0, 960.0, 1020.0, 1080.0, 1140.0, 1200.0, 1260.0, 1320.0, 1380.0, 1440.0, 1500.0, 1560.0, 1620.0, 1680.0, 1740.0, 1800.0, 1860.0, 1920.0, 1980.0, 2040.0, 2100.0, 2160.0, 2220.0, 2280.0, 2340.0, 2400.0, 2460.0, 2520.0, 2580.0, 2640.0, 2700.0, 2760.0, 2820.0, 2880.0, 2940.0, 3000.0]
/////////////////////////
PROCESSING:  TTM1600THTH
/////////////////////////
plotTreeName: Tprime2_DeepAK8_decorr_Mass
Flavour: E #tag: isV_tHtH #algo: DeepAK8_decorr
Weights: 1 * 1 * 1 * pileupWeight * 1 * lepIdSF * EGammaGsfSF * 1 * (MCWeight_singleLepCalc/abs(MCWeight_singleLepCalc)) * 2.86094849797e-05
Cuts: (leptonPt_singleLepCalc > 50) && (corr_met_singleLepCalc > 55) && (AK4HT > 480) && (minDR_lepJet > 0.4 || ptRel_lepJet > 40) && (NJetsAK8_JetSubCalc > 2) && (minDR_leadAK8otherAK8 < 3.0) && DataPastTrigger == 1 && isElectron==1
****************************************************************************************************
****************************************************************************************************
DISTRIBUTION: Tp2Mass
            -name in ljmet trees: Tprime2_ALGO_Mass
            -x-axis label is set to: ;M(T) [GeV])
            -using the binning as: [0.0, 60.0, 120.0, 180.0, 240.0, 300.0, 360.0, 420.0, 480.0, 540.0, 600.0, 660.0, 720.0, 780.0, 840.0, 900.0, 960.0, 1020.0, 1080.0, 1140.0, 1200.0, 1260.0, 1320.0, 1380.0, 1440.0, 1500.0, 1560.0, 1620.0, 1680.0, 1740.0, 1800.0, 1860.0, 1920.0, 1980.0, 2040.0, 2100.0, 2160.0, 2220.0, 2280.0, 2340.0, 2400.0, 2460.0, 2520.0, 2580.0, 2640.0, 2700.0, 2760.0, 2820.0, 2880.0, 2940.0, 3000.0]
/////////////////////////
PROCESSING:  TTM1600TZTZ
/////////////////////////
plotTreeName: Tprime2_DeepAK8_decorr_Mass
Flavour: E #tag: isV_tHtH #algo: DeepAK8_decorr
Weights: 1 * 1 * 1 * pileupWeight * 1 * lepIdSF * EGammaGsfSF * 1 * (MCWeight_singleLepCalc/abs(MCWeight_singleLepCalc)) * 2.86094849797e-05
Cuts: (leptonPt_singleLepCalc > 50) && (corr_met_singleLepCalc > 55) && (AK4HT > 480) && (minDR_lepJet > 0.4 || ptRel_lepJet > 40) && (NJetsAK8_JetSubCalc > 2) && (minDR_leadAK8otherAK8 < 3.0) && DataPastTrigger == 1 && isElectron==1
****************************************************************************************************
****************************************************************************************************
DISTRIBUTION: Tp2Mass
            -name in ljmet trees: Tprime2_ALGO_Mass
            -x-axis label is set to: ;M(T) [GeV])
            -using the binning as: [0.0, 60.0, 120.0, 180.0, 240.0, 300.0, 360.0, 420.0, 480.0, 540.0, 600.0, 660.0, 720.0, 780.0, 840.0, 900.0, 960.0, 1020.0, 1080.0, 1140.0, 1200.0, 1260.0, 1320.0, 1380.0, 1440.0, 1500.0, 1560.0, 1620.0, 1680.0, 1740.0, 1800.0, 1860.0, 1920.0, 1980.0, 2040.0, 2100.0, 2160.0, 2220.0, 2280.0, 2340.0, 2400.0, 2460.0, 2520.0, 2580.0, 2640.0, 2700.0, 2760.0, 2820.0, 2880.0, 2940.0, 3000.0]
/////////////////////////
PROCESSING:  TTM1600TZBW
/////////////////////////
plotTreeName: Tprime2_DeepAK8_decorr_Mass
Flavour: E #tag: isV_tHtH #algo: DeepAK8_decorr
Weights: 1 * 1 * 1 * pileupWeight * 1 * lepIdSF * EGammaGsfSF * 1 * (MCWeight_singleLepCalc/abs(MCWeight_singleLepCalc)) * 5.72189699595e-05
Cuts: (leptonPt_singleLepCalc > 50) && (corr_met_singleLepCalc > 55) && (AK4HT > 480) && (minDR_lepJet > 0.4 || ptRel_lepJet > 40) && (NJetsAK8_JetSubCalc > 2) && (minDR_leadAK8otherAK8 < 3.0) && DataPastTrigger == 1 && isElectron==1
****************************************************************************************************
****************************************************************************************************
DISTRIBUTION: Tp2Mass
            -name in ljmet trees: Tprime2_ALGO_Mass
            -x-axis label is set to: ;M(T) [GeV])
            -using the binning as: [0.0, 60.0, 120.0, 180.0, 240.0, 300.0, 360.0, 420.0, 480.0, 540.0, 600.0, 660.0, 720.0, 780.0, 840.0, 900.0, 960.0, 1020.0, 1080.0, 1140.0, 1200.0, 1260.0, 1320.0, 1380.0, 1440.0, 1500.0, 1560.0, 1620.0, 1680.0, 1740.0, 1800.0, 1860.0, 1920.0, 1980.0, 2040.0, 2100.0, 2160.0, 2220.0, 2280.0, 2340.0, 2400.0, 2460.0, 2520.0, 2580.0, 2640.0, 2700.0, 2760.0, 2820.0, 2880.0, 2940.0, 3000.0]
/////////////////////////
PROCESSING:  TTM1600THBW
/////////////////////////
plotTreeName: Tprime2_DeepAK8_decorr_Mass
Flavour: E #tag: isV_tHtH #algo: DeepAK8_decorr
Weights: 1 * 1 * 1 * pileupWeight * 1 * lepIdSF * EGammaGsfSF * 1 * (MCWeight_singleLepCalc/abs(MCWeight_singleLepCalc)) * 5.72189699595e-05
Cuts: (leptonPt_singleLepCalc > 50) && (corr_met_singleLepCalc > 55) && (AK4HT > 480) && (minDR_lepJet > 0.4 || ptRel_lepJet > 40) && (NJetsAK8_JetSubCalc > 2) && (minDR_leadAK8otherAK8 < 3.0) && DataPastTrigger == 1 && isElectron==1
****************************************************************************************************
****************************************************************************************************
DISTRIBUTION: Tp2Mass
            -name in ljmet trees: Tprime2_ALGO_Mass
            -x-axis label is set to: ;M(T) [GeV])
            -using the binning as: [0.0, 60.0, 120.0, 180.0, 240.0, 300.0, 360.0, 420.0, 480.0, 540.0, 600.0, 660.0, 720.0, 780.0, 840.0, 900.0, 960.0, 1020.0, 1080.0, 1140.0, 1200.0, 1260.0, 1320.0, 1380.0, 1440.0, 1500.0, 1560.0, 1620.0, 1680.0, 1740.0, 1800.0, 1860.0, 1920.0, 1980.0, 2040.0, 2100.0, 2160.0, 2220.0, 2280.0, 2340.0, 2400.0, 2460.0, 2520.0, 2580.0, 2640.0, 2700.0, 2760.0, 2820.0, 2880.0, 2940.0, 3000.0]
/////////////////////////
PROCESSING:  TTM1600TZTH
/////////////////////////
plotTreeName: Tprime2_DeepAK8_decorr_Mass
Flavour: E #tag: isV_tHtH #algo: DeepAK8_decorr
Weights: 1 * 1 * 1 * pileupWeight * 1 * lepIdSF * EGammaGsfSF * 1 * (MCWeight_singleLepCalc/abs(MCWeight_singleLepCalc)) * 2.86094849797e-05
Cuts: (leptonPt_singleLepCalc > 50) && (corr_met_singleLepCalc > 55) && (AK4HT > 480) && (minDR_lepJet > 0.4 || ptRel_lepJet > 40) && (NJetsAK8_JetSubCalc > 2) && (minDR_leadAK8otherAK8 < 3.0) && DataPastTrigger == 1 && isElectron==1
****************************************************************************************************
****************************************************************************************************
DISTRIBUTION: Tp2Mass
            -name in ljmet trees: Tprime2_ALGO_Mass
            -x-axis label is set to: ;M(T) [GeV])
            -using the binning as: [0.0, 60.0, 120.0, 180.0, 240.0, 300.0, 360.0, 420.0, 480.0, 540.0, 600.0, 660.0, 720.0, 780.0, 840.0, 900.0, 960.0, 1020.0, 1080.0, 1140.0, 1200.0, 1260.0, 1320.0, 1380.0, 1440.0, 1500.0, 1560.0, 1620.0, 1680.0, 1740.0, 1800.0, 1860.0, 1920.0, 1980.0, 2040.0, 2100.0, 2160.0, 2220.0, 2280.0, 2340.0, 2400.0, 2460.0, 2520.0, 2580.0, 2640.0, 2700.0, 2760.0, 2820.0, 2880.0, 2940.0, 3000.0]
/////////////////////////
PROCESSING:  TTM1700BWBW
/////////////////////////
plotTreeName: Tprime2_DeepAK8_decorr_Mass
Flavour: E #tag: isV_tHtH #algo: DeepAK8_decorr
Weights: 1 * 1 * 1 * pileupWeight * 1 * lepIdSF * EGammaGsfSF * 1 * (MCWeight_singleLepCalc/abs(MCWeight_singleLepCalc)) * 6.93554282011e-05
Cuts: (leptonPt_singleLepCalc > 50) && (corr_met_singleLepCalc > 55) && (AK4HT > 480) && (minDR_lepJet > 0.4 || ptRel_lepJet > 40) && (NJetsAK8_JetSubCalc > 2) && (minDR_leadAK8otherAK8 < 3.0) && DataPastTrigger == 1 && isElectron==1
****************************************************************************************************
****************************************************************************************************
DISTRIBUTION: Tp2Mass
            -name in ljmet trees: Tprime2_ALGO_Mass
            -x-axis label is set to: ;M(T) [GeV])
            -using the binning as: [0.0, 60.0, 120.0, 180.0, 240.0, 300.0, 360.0, 420.0, 480.0, 540.0, 600.0, 660.0, 720.0, 780.0, 840.0, 900.0, 960.0, 1020.0, 1080.0, 1140.0, 1200.0, 1260.0, 1320.0, 1380.0, 1440.0, 1500.0, 1560.0, 1620.0, 1680.0, 1740.0, 1800.0, 1860.0, 1920.0, 1980.0, 2040.0, 2100.0, 2160.0, 2220.0, 2280.0, 2340.0, 2400.0, 2460.0, 2520.0, 2580.0, 2640.0, 2700.0, 2760.0, 2820.0, 2880.0, 2940.0, 3000.0]
/////////////////////////
PROCESSING:  TTM1700THTH
/////////////////////////
plotTreeName: Tprime2_DeepAK8_decorr_Mass
Flavour: E #tag: isV_tHtH #algo: DeepAK8_decorr
Weights: 1 * 1 * 1 * pileupWeight * 1 * lepIdSF * EGammaGsfSF * 1 * (MCWeight_singleLepCalc/abs(MCWeight_singleLepCalc)) * 1.73388570503e-05
Cuts: (leptonPt_singleLepCalc > 50) && (corr_met_singleLepCalc > 55) && (AK4HT > 480) && (minDR_lepJet > 0.4 || ptRel_lepJet > 40) && (NJetsAK8_JetSubCalc > 2) && (minDR_leadAK8otherAK8 < 3.0) && DataPastTrigger == 1 && isElectron==1
****************************************************************************************************
****************************************************************************************************
DISTRIBUTION: Tp2Mass
            -name in ljmet trees: Tprime2_ALGO_Mass
            -x-axis label is set to: ;M(T) [GeV])
            -using the binning as: [0.0, 60.0, 120.0, 180.0, 240.0, 300.0, 360.0, 420.0, 480.0, 540.0, 600.0, 660.0, 720.0, 780.0, 840.0, 900.0, 960.0, 1020.0, 1080.0, 1140.0, 1200.0, 1260.0, 1320.0, 1380.0, 1440.0, 1500.0, 1560.0, 1620.0, 1680.0, 1740.0, 1800.0, 1860.0, 1920.0, 1980.0, 2040.0, 2100.0, 2160.0, 2220.0, 2280.0, 2340.0, 2400.0, 2460.0, 2520.0, 2580.0, 2640.0, 2700.0, 2760.0, 2820.0, 2880.0, 2940.0, 3000.0]
/////////////////////////
PROCESSING:  TTM1700TZTZ
/////////////////////////
plotTreeName: Tprime2_DeepAK8_decorr_Mass
Flavour: E #tag: isV_tHtH #algo: DeepAK8_decorr
Weights: 1 * 1 * 1 * pileupWeight * 1 * lepIdSF * EGammaGsfSF * 1 * (MCWeight_singleLepCalc/abs(MCWeight_singleLepCalc)) * 1.73388570503e-05
Cuts: (leptonPt_singleLepCalc > 50) && (corr_met_singleLepCalc > 55) && (AK4HT > 480) && (minDR_lepJet > 0.4 || ptRel_lepJet > 40) && (NJetsAK8_JetSubCalc > 2) && (minDR_leadAK8otherAK8 < 3.0) && DataPastTrigger == 1 && isElectron==1
****************************************************************************************************
****************************************************************************************************
DISTRIBUTION: Tp2Mass
            -name in ljmet trees: Tprime2_ALGO_Mass
            -x-axis label is set to: ;M(T) [GeV])
            -using the binning as: [0.0, 60.0, 120.0, 180.0, 240.0, 300.0, 360.0, 420.0, 480.0, 540.0, 600.0, 660.0, 720.0, 780.0, 840.0, 900.0, 960.0, 1020.0, 1080.0, 1140.0, 1200.0, 1260.0, 1320.0, 1380.0, 1440.0, 1500.0, 1560.0, 1620.0, 1680.0, 1740.0, 1800.0, 1860.0, 1920.0, 1980.0, 2040.0, 2100.0, 2160.0, 2220.0, 2280.0, 2340.0, 2400.0, 2460.0, 2520.0, 2580.0, 2640.0, 2700.0, 2760.0, 2820.0, 2880.0, 2940.0, 3000.0]
/////////////////////////
PROCESSING:  TTM1700TZBW
/////////////////////////
plotTreeName: Tprime2_DeepAK8_decorr_Mass
Flavour: E #tag: isV_tHtH #algo: DeepAK8_decorr
Weights: 1 * 1 * 1 * pileupWeight * 1 * lepIdSF * EGammaGsfSF * 1 * (MCWeight_singleLepCalc/abs(MCWeight_singleLepCalc)) * 3.46777141005e-05
Cuts: (leptonPt_singleLepCalc > 50) && (corr_met_singleLepCalc > 55) && (AK4HT > 480) && (minDR_lepJet > 0.4 || ptRel_lepJet > 40) && (NJetsAK8_JetSubCalc > 2) && (minDR_leadAK8otherAK8 < 3.0) && DataPastTrigger == 1 && isElectron==1
****************************************************************************************************
****************************************************************************************************
DISTRIBUTION: Tp2Mass
            -name in ljmet trees: Tprime2_ALGO_Mass
            -x-axis label is set to: ;M(T) [GeV])
            -using the binning as: [0.0, 60.0, 120.0, 180.0, 240.0, 300.0, 360.0, 420.0, 480.0, 540.0, 600.0, 660.0, 720.0, 780.0, 840.0, 900.0, 960.0, 1020.0, 1080.0, 1140.0, 1200.0, 1260.0, 1320.0, 1380.0, 1440.0, 1500.0, 1560.0, 1620.0, 1680.0, 1740.0, 1800.0, 1860.0, 1920.0, 1980.0, 2040.0, 2100.0, 2160.0, 2220.0, 2280.0, 2340.0, 2400.0, 2460.0, 2520.0, 2580.0, 2640.0, 2700.0, 2760.0, 2820.0, 2880.0, 2940.0, 3000.0]
/////////////////////////
PROCESSING:  TTM1700THBW
/////////////////////////
plotTreeName: Tprime2_DeepAK8_decorr_Mass
Flavour: E #tag: isV_tHtH #algo: DeepAK8_decorr
Weights: 1 * 1 * 1 * pileupWeight * 1 * lepIdSF * EGammaGsfSF * 1 * (MCWeight_singleLepCalc/abs(MCWeight_singleLepCalc)) * 3.46777141005e-05
Cuts: (leptonPt_singleLepCalc > 50) && (corr_met_singleLepCalc > 55) && (AK4HT > 480) && (minDR_lepJet > 0.4 || ptRel_lepJet > 40) && (NJetsAK8_JetSubCalc > 2) && (minDR_leadAK8otherAK8 < 3.0) && DataPastTrigger == 1 && isElectron==1
****************************************************************************************************
****************************************************************************************************
DISTRIBUTION: Tp2Mass
            -name in ljmet trees: Tprime2_ALGO_Mass
            -x-axis label is set to: ;M(T) [GeV])
            -using the binning as: [0.0, 60.0, 120.0, 180.0, 240.0, 300.0, 360.0, 420.0, 480.0, 540.0, 600.0, 660.0, 720.0, 780.0, 840.0, 900.0, 960.0, 1020.0, 1080.0, 1140.0, 1200.0, 1260.0, 1320.0, 1380.0, 1440.0, 1500.0, 1560.0, 1620.0, 1680.0, 1740.0, 1800.0, 1860.0, 1920.0, 1980.0, 2040.0, 2100.0, 2160.0, 2220.0, 2280.0, 2340.0, 2400.0, 2460.0, 2520.0, 2580.0, 2640.0, 2700.0, 2760.0, 2820.0, 2880.0, 2940.0, 3000.0]
/////////////////////////
PROCESSING:  TTM1700TZTH
/////////////////////////
plotTreeName: Tprime2_DeepAK8_decorr_Mass
Flavour: E #tag: isV_tHtH #algo: DeepAK8_decorr
Weights: 1 * 1 * 1 * pileupWeight * 1 * lepIdSF * EGammaGsfSF * 1 * (MCWeight_singleLepCalc/abs(MCWeight_singleLepCalc)) * 1.73388570503e-05
Cuts: (leptonPt_singleLepCalc > 50) && (corr_met_singleLepCalc > 55) && (AK4HT > 480) && (minDR_lepJet > 0.4 || ptRel_lepJet > 40) && (NJetsAK8_JetSubCalc > 2) && (minDR_leadAK8otherAK8 < 3.0) && DataPastTrigger == 1 && isElectron==1
****************************************************************************************************
****************************************************************************************************
DISTRIBUTION: Tp2Mass
            -name in ljmet trees: Tprime2_ALGO_Mass
            -x-axis label is set to: ;M(T) [GeV])
            -using the binning as: [0.0, 60.0, 120.0, 180.0, 240.0, 300.0, 360.0, 420.0, 480.0, 540.0, 600.0, 660.0, 720.0, 780.0, 840.0, 900.0, 960.0, 1020.0, 1080.0, 1140.0, 1200.0, 1260.0, 1320.0, 1380.0, 1440.0, 1500.0, 1560.0, 1620.0, 1680.0, 1740.0, 1800.0, 1860.0, 1920.0, 1980.0, 2040.0, 2100.0, 2160.0, 2220.0, 2280.0, 2340.0, 2400.0, 2460.0, 2520.0, 2580.0, 2640.0, 2700.0, 2760.0, 2820.0, 2880.0, 2940.0, 3000.0]
/////////////////////////
PROCESSING:  TTM1800BWBW
/////////////////////////
plotTreeName: Tprime2_DeepAK8_decorr_Mass
Flavour: E #tag: isV_tHtH #algo: DeepAK8_decorr
Weights: 1 * 1 * 1 * pileupWeight * 1 * lepIdSF * EGammaGsfSF * 1 * (MCWeight_singleLepCalc/abs(MCWeight_singleLepCalc)) * 3.89579688164e-05
Cuts: (leptonPt_singleLepCalc > 50) && (corr_met_singleLepCalc > 55) && (AK4HT > 480) && (minDR_lepJet > 0.4 || ptRel_lepJet > 40) && (NJetsAK8_JetSubCalc > 2) && (minDR_leadAK8otherAK8 < 3.0) && DataPastTrigger == 1 && isElectron==1
****************************************************************************************************
****************************************************************************************************
DISTRIBUTION: Tp2Mass
            -name in ljmet trees: Tprime2_ALGO_Mass
            -x-axis label is set to: ;M(T) [GeV])
            -using the binning as: [0.0, 60.0, 120.0, 180.0, 240.0, 300.0, 360.0, 420.0, 480.0, 540.0, 600.0, 660.0, 720.0, 780.0, 840.0, 900.0, 960.0, 1020.0, 1080.0, 1140.0, 1200.0, 1260.0, 1320.0, 1380.0, 1440.0, 1500.0, 1560.0, 1620.0, 1680.0, 1740.0, 1800.0, 1860.0, 1920.0, 1980.0, 2040.0, 2100.0, 2160.0, 2220.0, 2280.0, 2340.0, 2400.0, 2460.0, 2520.0, 2580.0, 2640.0, 2700.0, 2760.0, 2820.0, 2880.0, 2940.0, 3000.0]
/////////////////////////
PROCESSING:  TTM1800THTH
/////////////////////////
plotTreeName: Tprime2_DeepAK8_decorr_Mass
Flavour: E #tag: isV_tHtH #algo: DeepAK8_decorr
Weights: 1 * 1 * 1 * pileupWeight * 1 * lepIdSF * EGammaGsfSF * 1 * (MCWeight_singleLepCalc/abs(MCWeight_singleLepCalc)) * 9.7394922041e-06
Cuts: (leptonPt_singleLepCalc > 50) && (corr_met_singleLepCalc > 55) && (AK4HT > 480) && (minDR_lepJet > 0.4 || ptRel_lepJet > 40) && (NJetsAK8_JetSubCalc > 2) && (minDR_leadAK8otherAK8 < 3.0) && DataPastTrigger == 1 && isElectron==1
****************************************************************************************************
****************************************************************************************************
DISTRIBUTION: Tp2Mass
            -name in ljmet trees: Tprime2_ALGO_Mass
            -x-axis label is set to: ;M(T) [GeV])
            -using the binning as: [0.0, 60.0, 120.0, 180.0, 240.0, 300.0, 360.0, 420.0, 480.0, 540.0, 600.0, 660.0, 720.0, 780.0, 840.0, 900.0, 960.0, 1020.0, 1080.0, 1140.0, 1200.0, 1260.0, 1320.0, 1380.0, 1440.0, 1500.0, 1560.0, 1620.0, 1680.0, 1740.0, 1800.0, 1860.0, 1920.0, 1980.0, 2040.0, 2100.0, 2160.0, 2220.0, 2280.0, 2340.0, 2400.0, 2460.0, 2520.0, 2580.0, 2640.0, 2700.0, 2760.0, 2820.0, 2880.0, 2940.0, 3000.0]
/////////////////////////
PROCESSING:  TTM1800TZTZ
/////////////////////////
plotTreeName: Tprime2_DeepAK8_decorr_Mass
Flavour: E #tag: isV_tHtH #algo: DeepAK8_decorr
Weights: 1 * 1 * 1 * pileupWeight * 1 * lepIdSF * EGammaGsfSF * 1 * (MCWeight_singleLepCalc/abs(MCWeight_singleLepCalc)) * 9.7394922041e-06
Cuts: (leptonPt_singleLepCalc > 50) && (corr_met_singleLepCalc > 55) && (AK4HT > 480) && (minDR_lepJet > 0.4 || ptRel_lepJet > 40) && (NJetsAK8_JetSubCalc > 2) && (minDR_leadAK8otherAK8 < 3.0) && DataPastTrigger == 1 && isElectron==1
****************************************************************************************************
****************************************************************************************************
DISTRIBUTION: Tp2Mass
            -name in ljmet trees: Tprime2_ALGO_Mass
            -x-axis label is set to: ;M(T) [GeV])
            -using the binning as: [0.0, 60.0, 120.0, 180.0, 240.0, 300.0, 360.0, 420.0, 480.0, 540.0, 600.0, 660.0, 720.0, 780.0, 840.0, 900.0, 960.0, 1020.0, 1080.0, 1140.0, 1200.0, 1260.0, 1320.0, 1380.0, 1440.0, 1500.0, 1560.0, 1620.0, 1680.0, 1740.0, 1800.0, 1860.0, 1920.0, 1980.0, 2040.0, 2100.0, 2160.0, 2220.0, 2280.0, 2340.0, 2400.0, 2460.0, 2520.0, 2580.0, 2640.0, 2700.0, 2760.0, 2820.0, 2880.0, 2940.0, 3000.0]
/////////////////////////
PROCESSING:  TTM1800TZBW
/////////////////////////
plotTreeName: Tprime2_DeepAK8_decorr_Mass
Flavour: E #tag: isV_tHtH #algo: DeepAK8_decorr
Weights: 1 * 1 * 1 * pileupWeight * 1 * lepIdSF * EGammaGsfSF * 1 * (MCWeight_singleLepCalc/abs(MCWeight_singleLepCalc)) * 1.94789844082e-05
Cuts: (leptonPt_singleLepCalc > 50) && (corr_met_singleLepCalc > 55) && (AK4HT > 480) && (minDR_lepJet > 0.4 || ptRel_lepJet > 40) && (NJetsAK8_JetSubCalc > 2) && (minDR_leadAK8otherAK8 < 3.0) && DataPastTrigger == 1 && isElectron==1
****************************************************************************************************
****************************************************************************************************
DISTRIBUTION: Tp2Mass
            -name in ljmet trees: Tprime2_ALGO_Mass
            -x-axis label is set to: ;M(T) [GeV])
            -using the binning as: [0.0, 60.0, 120.0, 180.0, 240.0, 300.0, 360.0, 420.0, 480.0, 540.0, 600.0, 660.0, 720.0, 780.0, 840.0, 900.0, 960.0, 1020.0, 1080.0, 1140.0, 1200.0, 1260.0, 1320.0, 1380.0, 1440.0, 1500.0, 1560.0, 1620.0, 1680.0, 1740.0, 1800.0, 1860.0, 1920.0, 1980.0, 2040.0, 2100.0, 2160.0, 2220.0, 2280.0, 2340.0, 2400.0, 2460.0, 2520.0, 2580.0, 2640.0, 2700.0, 2760.0, 2820.0, 2880.0, 2940.0, 3000.0]
/////////////////////////
PROCESSING:  TTM1800THBW
/////////////////////////
plotTreeName: Tprime2_DeepAK8_decorr_Mass
Flavour: E #tag: isV_tHtH #algo: DeepAK8_decorr
Weights: 1 * 1 * 1 * pileupWeight * 1 * lepIdSF * EGammaGsfSF * 1 * (MCWeight_singleLepCalc/abs(MCWeight_singleLepCalc)) * 1.94789844082e-05
Cuts: (leptonPt_singleLepCalc > 50) && (corr_met_singleLepCalc > 55) && (AK4HT > 480) && (minDR_lepJet > 0.4 || ptRel_lepJet > 40) && (NJetsAK8_JetSubCalc > 2) && (minDR_leadAK8otherAK8 < 3.0) && DataPastTrigger == 1 && isElectron==1
****************************************************************************************************
****************************************************************************************************
DISTRIBUTION: Tp2Mass
            -name in ljmet trees: Tprime2_ALGO_Mass
            -x-axis label is set to: ;M(T) [GeV])
            -using the binning as: [0.0, 60.0, 120.0, 180.0, 240.0, 300.0, 360.0, 420.0, 480.0, 540.0, 600.0, 660.0, 720.0, 780.0, 840.0, 900.0, 960.0, 1020.0, 1080.0, 1140.0, 1200.0, 1260.0, 1320.0, 1380.0, 1440.0, 1500.0, 1560.0, 1620.0, 1680.0, 1740.0, 1800.0, 1860.0, 1920.0, 1980.0, 2040.0, 2100.0, 2160.0, 2220.0, 2280.0, 2340.0, 2400.0, 2460.0, 2520.0, 2580.0, 2640.0, 2700.0, 2760.0, 2820.0, 2880.0, 2940.0, 3000.0]
/////////////////////////
PROCESSING:  TTM1800TZTH
/////////////////////////
plotTreeName: Tprime2_DeepAK8_decorr_Mass
Flavour: E #tag: isV_tHtH #algo: DeepAK8_decorr
Weights: 1 * 1 * 1 * pileupWeight * 1 * lepIdSF * EGammaGsfSF * 1 * (MCWeight_singleLepCalc/abs(MCWeight_singleLepCalc)) * 9.7394922041e-06
Cuts: (leptonPt_singleLepCalc > 50) && (corr_met_singleLepCalc > 55) && (AK4HT > 480) && (minDR_lepJet > 0.4 || ptRel_lepJet > 40) && (NJetsAK8_JetSubCalc > 2) && (minDR_leadAK8otherAK8 < 3.0) && DataPastTrigger == 1 && isElectron==1
****************************************************************************************************
****************************************************************************************************
DISTRIBUTION: Tp2Mass
            -name in ljmet trees: Tprime2_ALGO_Mass
            -x-axis label is set to: ;M(T) [GeV])
            -using the binning as: [0.0, 60.0, 120.0, 180.0, 240.0, 300.0, 360.0, 420.0, 480.0, 540.0, 600.0, 660.0, 720.0, 780.0, 840.0, 900.0, 960.0, 1020.0, 1080.0, 1140.0, 1200.0, 1260.0, 1320.0, 1380.0, 1440.0, 1500.0, 1560.0, 1620.0, 1680.0, 1740.0, 1800.0, 1860.0, 1920.0, 1980.0, 2040.0, 2100.0, 2160.0, 2220.0, 2280.0, 2340.0, 2400.0, 2460.0, 2520.0, 2580.0, 2640.0, 2700.0, 2760.0, 2820.0, 2880.0, 2940.0, 3000.0]
/////////////////////////
PROCESSING:  WJetsMG400
/////////////////////////
plotTreeName: Tprime2_BEST_Mass
Flavour: E #tag: isV_tZbW #algo: BEST
Weights: 1 * HTSF_Pol * 1 * pileupWeight * 1 * lepIdSF * EGammaGsfSF * 1 * (MCWeight_singleLepCalc/abs(MCWeight_singleLepCalc)) * 0.280770227538
Cuts: (leptonPt_singleLepCalc > 50) && (corr_met_singleLepCalc > 55) && (AK4HT > 480) && (minDR_lepJet > 0.4 || ptRel_lepJet > 40) && (NJetsAK8_JetSubCalc > 2) && (minDR_leadAK8otherAK8 < 3.0) && DataPastTrigger == 1 && isElectron==1
****************************************************************************************************
****************************************************************************************************
DISTRIBUTION: Tp2Mass
            -name in ljmet trees: Tprime2_ALGO_Mass
            -x-axis label is set to: ;M(T) [GeV])
            -using the binning as: [0.0, 60.0, 120.0, 180.0, 240.0, 300.0, 360.0, 420.0, 480.0, 540.0, 600.0, 660.0, 720.0, 780.0, 840.0, 900.0, 960.0, 1020.0, 1080.0, 1140.0, 1200.0, 1260.0, 1320.0, 1380.0, 1440.0, 1500.0, 1560.0, 1620.0, 1680.0, 1740.0, 1800.0, 1860.0, 1920.0, 1980.0, 2040.0, 2100.0, 2160.0, 2220.0, 2280.0, 2340.0, 2400.0, 2460.0, 2520.0, 2580.0, 2640.0, 2700.0, 2760.0, 2820.0, 2880.0, 2940.0, 3000.0]
/////////////////////////
PROCESSING:  WJetsMG600
/////////////////////////
plotTreeName: Tprime2_BEST_Mass
Flavour: E #tag: isV_tZbW #algo: BEST
Weights: 1 * HTSF_Pol * 1 * pileupWeight * 1 * lepIdSF * EGammaGsfSF * 1 * (MCWeight_singleLepCalc/abs(MCWeight_singleLepCalc)) * 0.0287233231554
Cuts: (leptonPt_singleLepCalc > 50) && (corr_met_singleLepCalc > 55) && (AK4HT > 480) && (minDR_lepJet > 0.4 || ptRel_lepJet > 40) && (NJetsAK8_JetSubCalc > 2) && (minDR_leadAK8otherAK8 < 3.0) && DataPastTrigger == 1 && isElectron==1
****************************************************************************************************
****************************************************************************************************
DISTRIBUTION: Tp2Mass
            -name in ljmet trees: Tprime2_ALGO_Mass
            -x-axis label is set to: ;M(T) [GeV])
            -using the binning as: [0.0, 60.0, 120.0, 180.0, 240.0, 300.0, 360.0, 420.0, 480.0, 540.0, 600.0, 660.0, 720.0, 780.0, 840.0, 900.0, 960.0, 1020.0, 1080.0, 1140.0, 1200.0, 1260.0, 1320.0, 1380.0, 1440.0, 1500.0, 1560.0, 1620.0, 1680.0, 1740.0, 1800.0, 1860.0, 1920.0, 1980.0, 2040.0, 2100.0, 2160.0, 2220.0, 2280.0, 2340.0, 2400.0, 2460.0, 2520.0, 2580.0, 2640.0, 2700.0, 2760.0, 2820.0, 2880.0, 2940.0, 3000.0]
/////////////////////////
PROCESSING:  WJetsMG800
/////////////////////////
plotTreeName: Tprime2_BEST_Mass
Flavour: E #tag: isV_tZbW #algo: BEST
Weights: 1 * HTSF_Pol * 1 * pileupWeight * 1 * lepIdSF * EGammaGsfSF * 1 * (MCWeight_singleLepCalc/abs(MCWeight_singleLepCalc)) * 0.0316367902594
Cuts: (leptonPt_singleLepCalc > 50) && (corr_met_singleLepCalc > 55) && (AK4HT > 480) && (minDR_lepJet > 0.4 || ptRel_lepJet > 40) && (NJetsAK8_JetSubCalc > 2) && (minDR_leadAK8otherAK8 < 3.0) && DataPastTrigger == 1 && isElectron==1
****************************************************************************************************
****************************************************************************************************
DISTRIBUTION: Tp2Mass
            -name in ljmet trees: Tprime2_ALGO_Mass
            -x-axis label is set to: ;M(T) [GeV])
            -using the binning as: [0.0, 60.0, 120.0, 180.0, 240.0, 300.0, 360.0, 420.0, 480.0, 540.0, 600.0, 660.0, 720.0, 780.0, 840.0, 900.0, 960.0, 1020.0, 1080.0, 1140.0, 1200.0, 1260.0, 1320.0, 1380.0, 1440.0, 1500.0, 1560.0, 1620.0, 1680.0, 1740.0, 1800.0, 1860.0, 1920.0, 1980.0, 2040.0, 2100.0, 2160.0, 2220.0, 2280.0, 2340.0, 2400.0, 2460.0, 2520.0, 2580.0, 2640.0, 2700.0, 2760.0, 2820.0, 2880.0, 2940.0, 3000.0]
/////////////////////////
PROCESSING:  WJetsMG1200
/////////////////////////
plotTreeName: Tprime2_BEST_Mass
Flavour: E #tag: isV_tZbW #algo: BEST
Weights: 1 * HTSF_Pol * 1 * pileupWeight * 1 * lepIdSF * EGammaGsfSF * 1 * (MCWeight_singleLepCalc/abs(MCWeight_singleLepCalc)) * 0.00861414819858
Cuts: (leptonPt_singleLepCalc > 50) && (corr_met_singleLepCalc > 55) && (AK4HT > 480) && (minDR_lepJet > 0.4 || ptRel_lepJet > 40) && (NJetsAK8_JetSubCalc > 2) && (minDR_leadAK8otherAK8 < 3.0) && DataPastTrigger == 1 && isElectron==1
****************************************************************************************************
****************************************************************************************************
DISTRIBUTION: Tp2Mass
            -name in ljmet trees: Tprime2_ALGO_Mass
            -x-axis label is set to: ;M(T) [GeV])
            -using the binning as: [0.0, 60.0, 120.0, 180.0, 240.0, 300.0, 360.0, 420.0, 480.0, 540.0, 600.0, 660.0, 720.0, 780.0, 840.0, 900.0, 960.0, 1020.0, 1080.0, 1140.0, 1200.0, 1260.0, 1320.0, 1380.0, 1440.0, 1500.0, 1560.0, 1620.0, 1680.0, 1740.0, 1800.0, 1860.0, 1920.0, 1980.0, 2040.0, 2100.0, 2160.0, 2220.0, 2280.0, 2340.0, 2400.0, 2460.0, 2520.0, 2580.0, 2640.0, 2700.0, 2760.0, 2820.0, 2880.0, 2940.0, 3000.0]
/////////////////////////
PROCESSING:  WJetsMG2500
/////////////////////////
plotTreeName: Tprime2_BEST_Mass
Flavour: E #tag: isV_tZbW #algo: BEST
Weights: 1 * HTSF_Pol * 1 * pileupWeight * 1 * lepIdSF * EGammaGsfSF * 1 * (MCWeight_singleLepCalc/abs(MCWeight_singleLepCalc)) * 0.00054308661217
Cuts: (leptonPt_singleLepCalc > 50) && (corr_met_singleLepCalc > 55) && (AK4HT > 480) && (minDR_lepJet > 0.4 || ptRel_lepJet > 40) && (NJetsAK8_JetSubCalc > 2) && (minDR_leadAK8otherAK8 < 3.0) && DataPastTrigger == 1 && isElectron==1
****************************************************************************************************
****************************************************************************************************
DISTRIBUTION: Tp2Mass
            -name in ljmet trees: Tprime2_ALGO_Mass
            -x-axis label is set to: ;M(T) [GeV])
            -using the binning as: [0.0, 60.0, 120.0, 180.0, 240.0, 300.0, 360.0, 420.0, 480.0, 540.0, 600.0, 660.0, 720.0, 780.0, 840.0, 900.0, 960.0, 1020.0, 1080.0, 1140.0, 1200.0, 1260.0, 1320.0, 1380.0, 1440.0, 1500.0, 1560.0, 1620.0, 1680.0, 1740.0, 1800.0, 1860.0, 1920.0, 1980.0, 2040.0, 2100.0, 2160.0, 2220.0, 2280.0, 2340.0, 2400.0, 2460.0, 2520.0, 2580.0, 2640.0, 2700.0, 2760.0, 2820.0, 2880.0, 2940.0, 3000.0]
/////////////////////////
PROCESSING:  TTM1100BWBW
/////////////////////////
plotTreeName: Tprime2_BEST_Mass
Flavour: E #tag: isV_tZbW #algo: BEST
Weights: 1 * 1 * 1 * pileupWeight * 1 * lepIdSF * EGammaGsfSF * 1 * (MCWeight_singleLepCalc/abs(MCWeight_singleLepCalc)) * 0.00223239916536
Cuts: (leptonPt_singleLepCalc > 50) && (corr_met_singleLepCalc > 55) && (AK4HT > 480) && (minDR_lepJet > 0.4 || ptRel_lepJet > 40) && (NJetsAK8_JetSubCalc > 2) && (minDR_leadAK8otherAK8 < 3.0) && DataPastTrigger == 1 && isElectron==1
****************************************************************************************************
****************************************************************************************************
DISTRIBUTION: Tp2Mass
            -name in ljmet trees: Tprime2_ALGO_Mass
            -x-axis label is set to: ;M(T) [GeV])
            -using the binning as: [0.0, 60.0, 120.0, 180.0, 240.0, 300.0, 360.0, 420.0, 480.0, 540.0, 600.0, 660.0, 720.0, 780.0, 840.0, 900.0, 960.0, 1020.0, 1080.0, 1140.0, 1200.0, 1260.0, 1320.0, 1380.0, 1440.0, 1500.0, 1560.0, 1620.0, 1680.0, 1740.0, 1800.0, 1860.0, 1920.0, 1980.0, 2040.0, 2100.0, 2160.0, 2220.0, 2280.0, 2340.0, 2400.0, 2460.0, 2520.0, 2580.0, 2640.0, 2700.0, 2760.0, 2820.0, 2880.0, 2940.0, 3000.0]
/////////////////////////
PROCESSING:  TTM1100THTH
/////////////////////////
plotTreeName: Tprime2_BEST_Mass
Flavour: E #tag: isV_tZbW #algo: BEST
Weights: 1 * 1 * 1 * pileupWeight * 1 * lepIdSF * EGammaGsfSF * 1 * (MCWeight_singleLepCalc/abs(MCWeight_singleLepCalc)) * 0.000558099791339
Cuts: (leptonPt_singleLepCalc > 50) && (corr_met_singleLepCalc > 55) && (AK4HT > 480) && (minDR_lepJet > 0.4 || ptRel_lepJet > 40) && (NJetsAK8_JetSubCalc > 2) && (minDR_leadAK8otherAK8 < 3.0) && DataPastTrigger == 1 && isElectron==1
****************************************************************************************************
****************************************************************************************************
DISTRIBUTION: Tp2Mass
            -name in ljmet trees: Tprime2_ALGO_Mass
            -x-axis label is set to: ;M(T) [GeV])
            -using the binning as: [0.0, 60.0, 120.0, 180.0, 240.0, 300.0, 360.0, 420.0, 480.0, 540.0, 600.0, 660.0, 720.0, 780.0, 840.0, 900.0, 960.0, 1020.0, 1080.0, 1140.0, 1200.0, 1260.0, 1320.0, 1380.0, 1440.0, 1500.0, 1560.0, 1620.0, 1680.0, 1740.0, 1800.0, 1860.0, 1920.0, 1980.0, 2040.0, 2100.0, 2160.0, 2220.0, 2280.0, 2340.0, 2400.0, 2460.0, 2520.0, 2580.0, 2640.0, 2700.0, 2760.0, 2820.0, 2880.0, 2940.0, 3000.0]
/////////////////////////
PROCESSING:  TTM1100TZTZ
/////////////////////////
plotTreeName: Tprime2_BEST_Mass
Flavour: E #tag: isV_tZbW #algo: BEST
Weights: 1 * 1 * 1 * pileupWeight * 1 * lepIdSF * EGammaGsfSF * 1 * (MCWeight_singleLepCalc/abs(MCWeight_singleLepCalc)) * 0.000558099791339
Cuts: (leptonPt_singleLepCalc > 50) && (corr_met_singleLepCalc > 55) && (AK4HT > 480) && (minDR_lepJet > 0.4 || ptRel_lepJet > 40) && (NJetsAK8_JetSubCalc > 2) && (minDR_leadAK8otherAK8 < 3.0) && DataPastTrigger == 1 && isElectron==1
****************************************************************************************************
****************************************************************************************************
DISTRIBUTION: Tp2Mass
            -name in ljmet trees: Tprime2_ALGO_Mass
            -x-axis label is set to: ;M(T) [GeV])
            -using the binning as: [0.0, 60.0, 120.0, 180.0, 240.0, 300.0, 360.0, 420.0, 480.0, 540.0, 600.0, 660.0, 720.0, 780.0, 840.0, 900.0, 960.0, 1020.0, 1080.0, 1140.0, 1200.0, 1260.0, 1320.0, 1380.0, 1440.0, 1500.0, 1560.0, 1620.0, 1680.0, 1740.0, 1800.0, 1860.0, 1920.0, 1980.0, 2040.0, 2100.0, 2160.0, 2220.0, 2280.0, 2340.0, 2400.0, 2460.0, 2520.0, 2580.0, 2640.0, 2700.0, 2760.0, 2820.0, 2880.0, 2940.0, 3000.0]
/////////////////////////
PROCESSING:  TTM1100TZBW
/////////////////////////
plotTreeName: Tprime2_BEST_Mass
Flavour: E #tag: isV_tZbW #algo: BEST
Weights: 1 * 1 * 1 * pileupWeight * 1 * lepIdSF * EGammaGsfSF * 1 * (MCWeight_singleLepCalc/abs(MCWeight_singleLepCalc)) * 0.00111619958268
Cuts: (leptonPt_singleLepCalc > 50) && (corr_met_singleLepCalc > 55) && (AK4HT > 480) && (minDR_lepJet > 0.4 || ptRel_lepJet > 40) && (NJetsAK8_JetSubCalc > 2) && (minDR_leadAK8otherAK8 < 3.0) && DataPastTrigger == 1 && isElectron==1
****************************************************************************************************
****************************************************************************************************
DISTRIBUTION: Tp2Mass
            -name in ljmet trees: Tprime2_ALGO_Mass
            -x-axis label is set to: ;M(T) [GeV])
            -using the binning as: [0.0, 60.0, 120.0, 180.0, 240.0, 300.0, 360.0, 420.0, 480.0, 540.0, 600.0, 660.0, 720.0, 780.0, 840.0, 900.0, 960.0, 1020.0, 1080.0, 1140.0, 1200.0, 1260.0, 1320.0, 1380.0, 1440.0, 1500.0, 1560.0, 1620.0, 1680.0, 1740.0, 1800.0, 1860.0, 1920.0, 1980.0, 2040.0, 2100.0, 2160.0, 2220.0, 2280.0, 2340.0, 2400.0, 2460.0, 2520.0, 2580.0, 2640.0, 2700.0, 2760.0, 2820.0, 2880.0, 2940.0, 3000.0]
/////////////////////////
PROCESSING:  TTM1100THBW
/////////////////////////
plotTreeName: Tprime2_BEST_Mass
Flavour: E #tag: isV_tZbW #algo: BEST
Weights: 1 * 1 * 1 * pileupWeight * 1 * lepIdSF * EGammaGsfSF * 1 * (MCWeight_singleLepCalc/abs(MCWeight_singleLepCalc)) * 0.00111619958268
Cuts: (leptonPt_singleLepCalc > 50) && (corr_met_singleLepCalc > 55) && (AK4HT > 480) && (minDR_lepJet > 0.4 || ptRel_lepJet > 40) && (NJetsAK8_JetSubCalc > 2) && (minDR_leadAK8otherAK8 < 3.0) && DataPastTrigger == 1 && isElectron==1
****************************************************************************************************
****************************************************************************************************
DISTRIBUTION: Tp2Mass
            -name in ljmet trees: Tprime2_ALGO_Mass
            -x-axis label is set to: ;M(T) [GeV])
            -using the binning as: [0.0, 60.0, 120.0, 180.0, 240.0, 300.0, 360.0, 420.0, 480.0, 540.0, 600.0, 660.0, 720.0, 780.0, 840.0, 900.0, 960.0, 1020.0, 1080.0, 1140.0, 1200.0, 1260.0, 1320.0, 1380.0, 1440.0, 1500.0, 1560.0, 1620.0, 1680.0, 1740.0, 1800.0, 1860.0, 1920.0, 1980.0, 2040.0, 2100.0, 2160.0, 2220.0, 2280.0, 2340.0, 2400.0, 2460.0, 2520.0, 2580.0, 2640.0, 2700.0, 2760.0, 2820.0, 2880.0, 2940.0, 3000.0]
/////////////////////////
PROCESSING:  TTM1100TZTH
/////////////////////////
plotTreeName: Tprime2_BEST_Mass
Flavour: E #tag: isV_tZbW #algo: BEST
Weights: 1 * 1 * 1 * pileupWeight * 1 * lepIdSF * EGammaGsfSF * 1 * (MCWeight_singleLepCalc/abs(MCWeight_singleLepCalc)) * 0.000558099791339
Cuts: (leptonPt_singleLepCalc > 50) && (corr_met_singleLepCalc > 55) && (AK4HT > 480) && (minDR_lepJet > 0.4 || ptRel_lepJet > 40) && (NJetsAK8_JetSubCalc > 2) && (minDR_leadAK8otherAK8 < 3.0) && DataPastTrigger == 1 && isElectron==1
****************************************************************************************************
****************************************************************************************************
DISTRIBUTION: Tp2Mass
            -name in ljmet trees: Tprime2_ALGO_Mass
            -x-axis label is set to: ;M(T) [GeV])
            -using the binning as: [0.0, 60.0, 120.0, 180.0, 240.0, 300.0, 360.0, 420.0, 480.0, 540.0, 600.0, 660.0, 720.0, 780.0, 840.0, 900.0, 960.0, 1020.0, 1080.0, 1140.0, 1200.0, 1260.0, 1320.0, 1380.0, 1440.0, 1500.0, 1560.0, 1620.0, 1680.0, 1740.0, 1800.0, 1860.0, 1920.0, 1980.0, 2040.0, 2100.0, 2160.0, 2220.0, 2280.0, 2340.0, 2400.0, 2460.0, 2520.0, 2580.0, 2640.0, 2700.0, 2760.0, 2820.0, 2880.0, 2940.0, 3000.0]
/////////////////////////
PROCESSING:  TTM1200BWBW
/////////////////////////
plotTreeName: Tprime2_BEST_Mass
Flavour: E #tag: isV_tZbW #algo: BEST
Weights: 1 * 1 * 1 * pileupWeight * 1 * lepIdSF * EGammaGsfSF * 1 * (MCWeight_singleLepCalc/abs(MCWeight_singleLepCalc)) * 0.00117627847652
Cuts: (leptonPt_singleLepCalc > 50) && (corr_met_singleLepCalc > 55) && (AK4HT > 480) && (minDR_lepJet > 0.4 || ptRel_lepJet > 40) && (NJetsAK8_JetSubCalc > 2) && (minDR_leadAK8otherAK8 < 3.0) && DataPastTrigger == 1 && isElectron==1
****************************************************************************************************
****************************************************************************************************
DISTRIBUTION: Tp2Mass
            -name in ljmet trees: Tprime2_ALGO_Mass
            -x-axis label is set to: ;M(T) [GeV])
            -using the binning as: [0.0, 60.0, 120.0, 180.0, 240.0, 300.0, 360.0, 420.0, 480.0, 540.0, 600.0, 660.0, 720.0, 780.0, 840.0, 900.0, 960.0, 1020.0, 1080.0, 1140.0, 1200.0, 1260.0, 1320.0, 1380.0, 1440.0, 1500.0, 1560.0, 1620.0, 1680.0, 1740.0, 1800.0, 1860.0, 1920.0, 1980.0, 2040.0, 2100.0, 2160.0, 2220.0, 2280.0, 2340.0, 2400.0, 2460.0, 2520.0, 2580.0, 2640.0, 2700.0, 2760.0, 2820.0, 2880.0, 2940.0, 3000.0]
/////////////////////////
PROCESSING:  TTM1200THTH
/////////////////////////
plotTreeName: Tprime2_BEST_Mass
Flavour: E #tag: isV_tZbW #algo: BEST
Weights: 1 * 1 * 1 * pileupWeight * 1 * lepIdSF * EGammaGsfSF * 1 * (MCWeight_singleLepCalc/abs(MCWeight_singleLepCalc)) * 0.00029406961913
Cuts: (leptonPt_singleLepCalc > 50) && (corr_met_singleLepCalc > 55) && (AK4HT > 480) && (minDR_lepJet > 0.4 || ptRel_lepJet > 40) && (NJetsAK8_JetSubCalc > 2) && (minDR_leadAK8otherAK8 < 3.0) && DataPastTrigger == 1 && isElectron==1
****************************************************************************************************
****************************************************************************************************
DISTRIBUTION: Tp2Mass
            -name in ljmet trees: Tprime2_ALGO_Mass
            -x-axis label is set to: ;M(T) [GeV])
            -using the binning as: [0.0, 60.0, 120.0, 180.0, 240.0, 300.0, 360.0, 420.0, 480.0, 540.0, 600.0, 660.0, 720.0, 780.0, 840.0, 900.0, 960.0, 1020.0, 1080.0, 1140.0, 1200.0, 1260.0, 1320.0, 1380.0, 1440.0, 1500.0, 1560.0, 1620.0, 1680.0, 1740.0, 1800.0, 1860.0, 1920.0, 1980.0, 2040.0, 2100.0, 2160.0, 2220.0, 2280.0, 2340.0, 2400.0, 2460.0, 2520.0, 2580.0, 2640.0, 2700.0, 2760.0, 2820.0, 2880.0, 2940.0, 3000.0]
/////////////////////////
PROCESSING:  TTM1200TZTZ
/////////////////////////
plotTreeName: Tprime2_BEST_Mass
Flavour: E #tag: isV_tZbW #algo: BEST
Weights: 1 * 1 * 1 * pileupWeight * 1 * lepIdSF * EGammaGsfSF * 1 * (MCWeight_singleLepCalc/abs(MCWeight_singleLepCalc)) * 0.00029406961913
Cuts: (leptonPt_singleLepCalc > 50) && (corr_met_singleLepCalc > 55) && (AK4HT > 480) && (minDR_lepJet > 0.4 || ptRel_lepJet > 40) && (NJetsAK8_JetSubCalc > 2) && (minDR_leadAK8otherAK8 < 3.0) && DataPastTrigger == 1 && isElectron==1
****************************************************************************************************
****************************************************************************************************
DISTRIBUTION: Tp2Mass
            -name in ljmet trees: Tprime2_ALGO_Mass
            -x-axis label is set to: ;M(T) [GeV])
            -using the binning as: [0.0, 60.0, 120.0, 180.0, 240.0, 300.0, 360.0, 420.0, 480.0, 540.0, 600.0, 660.0, 720.0, 780.0, 840.0, 900.0, 960.0, 1020.0, 1080.0, 1140.0, 1200.0, 1260.0, 1320.0, 1380.0, 1440.0, 1500.0, 1560.0, 1620.0, 1680.0, 1740.0, 1800.0, 1860.0, 1920.0, 1980.0, 2040.0, 2100.0, 2160.0, 2220.0, 2280.0, 2340.0, 2400.0, 2460.0, 2520.0, 2580.0, 2640.0, 2700.0, 2760.0, 2820.0, 2880.0, 2940.0, 3000.0]
/////////////////////////
PROCESSING:  TTM1200TZBW
/////////////////////////
plotTreeName: Tprime2_BEST_Mass
Flavour: E #tag: isV_tZbW #algo: BEST
Weights: 1 * 1 * 1 * pileupWeight * 1 * lepIdSF * EGammaGsfSF * 1 * (MCWeight_singleLepCalc/abs(MCWeight_singleLepCalc)) * 0.000588139238259
Cuts: (leptonPt_singleLepCalc > 50) && (corr_met_singleLepCalc > 55) && (AK4HT > 480) && (minDR_lepJet > 0.4 || ptRel_lepJet > 40) && (NJetsAK8_JetSubCalc > 2) && (minDR_leadAK8otherAK8 < 3.0) && DataPastTrigger == 1 && isElectron==1
****************************************************************************************************
****************************************************************************************************
DISTRIBUTION: Tp2Mass
            -name in ljmet trees: Tprime2_ALGO_Mass
            -x-axis label is set to: ;M(T) [GeV])
            -using the binning as: [0.0, 60.0, 120.0, 180.0, 240.0, 300.0, 360.0, 420.0, 480.0, 540.0, 600.0, 660.0, 720.0, 780.0, 840.0, 900.0, 960.0, 1020.0, 1080.0, 1140.0, 1200.0, 1260.0, 1320.0, 1380.0, 1440.0, 1500.0, 1560.0, 1620.0, 1680.0, 1740.0, 1800.0, 1860.0, 1920.0, 1980.0, 2040.0, 2100.0, 2160.0, 2220.0, 2280.0, 2340.0, 2400.0, 2460.0, 2520.0, 2580.0, 2640.0, 2700.0, 2760.0, 2820.0, 2880.0, 2940.0, 3000.0]
/////////////////////////
PROCESSING:  TTM1200THBW
/////////////////////////
plotTreeName: Tprime2_BEST_Mass
Flavour: E #tag: isV_tZbW #algo: BEST
Weights: 1 * 1 * 1 * pileupWeight * 1 * lepIdSF * EGammaGsfSF * 1 * (MCWeight_singleLepCalc/abs(MCWeight_singleLepCalc)) * 0.000588139238259
Cuts: (leptonPt_singleLepCalc > 50) && (corr_met_singleLepCalc > 55) && (AK4HT > 480) && (minDR_lepJet > 0.4 || ptRel_lepJet > 40) && (NJetsAK8_JetSubCalc > 2) && (minDR_leadAK8otherAK8 < 3.0) && DataPastTrigger == 1 && isElectron==1
****************************************************************************************************
****************************************************************************************************
DISTRIBUTION: Tp2Mass
            -name in ljmet trees: Tprime2_ALGO_Mass
            -x-axis label is set to: ;M(T) [GeV])
            -using the binning as: [0.0, 60.0, 120.0, 180.0, 240.0, 300.0, 360.0, 420.0, 480.0, 540.0, 600.0, 660.0, 720.0, 780.0, 840.0, 900.0, 960.0, 1020.0, 1080.0, 1140.0, 1200.0, 1260.0, 1320.0, 1380.0, 1440.0, 1500.0, 1560.0, 1620.0, 1680.0, 1740.0, 1800.0, 1860.0, 1920.0, 1980.0, 2040.0, 2100.0, 2160.0, 2220.0, 2280.0, 2340.0, 2400.0, 2460.0, 2520.0, 2580.0, 2640.0, 2700.0, 2760.0, 2820.0, 2880.0, 2940.0, 3000.0]
/////////////////////////
PROCESSING:  TTM1200TZTH
/////////////////////////
plotTreeName: Tprime2_BEST_Mass
Flavour: E #tag: isV_tZbW #algo: BEST
Weights: 1 * 1 * 1 * pileupWeight * 1 * lepIdSF * EGammaGsfSF * 1 * (MCWeight_singleLepCalc/abs(MCWeight_singleLepCalc)) * 0.00029406961913
Cuts: (leptonPt_singleLepCalc > 50) && (corr_met_singleLepCalc > 55) && (AK4HT > 480) && (minDR_lepJet > 0.4 || ptRel_lepJet > 40) && (NJetsAK8_JetSubCalc > 2) && (minDR_leadAK8otherAK8 < 3.0) && DataPastTrigger == 1 && isElectron==1
****************************************************************************************************
****************************************************************************************************
DISTRIBUTION: Tp2Mass
            -name in ljmet trees: Tprime2_ALGO_Mass
            -x-axis label is set to: ;M(T) [GeV])
            -using the binning as: [0.0, 60.0, 120.0, 180.0, 240.0, 300.0, 360.0, 420.0, 480.0, 540.0, 600.0, 660.0, 720.0, 780.0, 840.0, 900.0, 960.0, 1020.0, 1080.0, 1140.0, 1200.0, 1260.0, 1320.0, 1380.0, 1440.0, 1500.0, 1560.0, 1620.0, 1680.0, 1740.0, 1800.0, 1860.0, 1920.0, 1980.0, 2040.0, 2100.0, 2160.0, 2220.0, 2280.0, 2340.0, 2400.0, 2460.0, 2520.0, 2580.0, 2640.0, 2700.0, 2760.0, 2820.0, 2880.0, 2940.0, 3000.0]
/////////////////////////
PROCESSING:  TTM1300BWBW
/////////////////////////
plotTreeName: Tprime2_BEST_Mass
Flavour: E #tag: isV_tZbW #algo: BEST
Weights: 1 * 1 * 1 * pileupWeight * 1 * lepIdSF * EGammaGsfSF * 1 * (MCWeight_singleLepCalc/abs(MCWeight_singleLepCalc)) * 0.00063821114509
Cuts: (leptonPt_singleLepCalc > 50) && (corr_met_singleLepCalc > 55) && (AK4HT > 480) && (minDR_lepJet > 0.4 || ptRel_lepJet > 40) && (NJetsAK8_JetSubCalc > 2) && (minDR_leadAK8otherAK8 < 3.0) && DataPastTrigger == 1 && isElectron==1
****************************************************************************************************
****************************************************************************************************
DISTRIBUTION: Tp2Mass
            -name in ljmet trees: Tprime2_ALGO_Mass
            -x-axis label is set to: ;M(T) [GeV])
            -using the binning as: [0.0, 60.0, 120.0, 180.0, 240.0, 300.0, 360.0, 420.0, 480.0, 540.0, 600.0, 660.0, 720.0, 780.0, 840.0, 900.0, 960.0, 1020.0, 1080.0, 1140.0, 1200.0, 1260.0, 1320.0, 1380.0, 1440.0, 1500.0, 1560.0, 1620.0, 1680.0, 1740.0, 1800.0, 1860.0, 1920.0, 1980.0, 2040.0, 2100.0, 2160.0, 2220.0, 2280.0, 2340.0, 2400.0, 2460.0, 2520.0, 2580.0, 2640.0, 2700.0, 2760.0, 2820.0, 2880.0, 2940.0, 3000.0]
/////////////////////////
PROCESSING:  TTM1300THTH
/////////////////////////
plotTreeName: Tprime2_BEST_Mass
Flavour: E #tag: isV_tZbW #algo: BEST
Weights: 1 * 1 * 1 * pileupWeight * 1 * lepIdSF * EGammaGsfSF * 1 * (MCWeight_singleLepCalc/abs(MCWeight_singleLepCalc)) * 0.000159552786272
Cuts: (leptonPt_singleLepCalc > 50) && (corr_met_singleLepCalc > 55) && (AK4HT > 480) && (minDR_lepJet > 0.4 || ptRel_lepJet > 40) && (NJetsAK8_JetSubCalc > 2) && (minDR_leadAK8otherAK8 < 3.0) && DataPastTrigger == 1 && isElectron==1
****************************************************************************************************
****************************************************************************************************
DISTRIBUTION: Tp2Mass
            -name in ljmet trees: Tprime2_ALGO_Mass
            -x-axis label is set to: ;M(T) [GeV])
            -using the binning as: [0.0, 60.0, 120.0, 180.0, 240.0, 300.0, 360.0, 420.0, 480.0, 540.0, 600.0, 660.0, 720.0, 780.0, 840.0, 900.0, 960.0, 1020.0, 1080.0, 1140.0, 1200.0, 1260.0, 1320.0, 1380.0, 1440.0, 1500.0, 1560.0, 1620.0, 1680.0, 1740.0, 1800.0, 1860.0, 1920.0, 1980.0, 2040.0, 2100.0, 2160.0, 2220.0, 2280.0, 2340.0, 2400.0, 2460.0, 2520.0, 2580.0, 2640.0, 2700.0, 2760.0, 2820.0, 2880.0, 2940.0, 3000.0]
/////////////////////////
PROCESSING:  TTM1300TZTZ
/////////////////////////
plotTreeName: Tprime2_BEST_Mass
Flavour: E #tag: isV_tZbW #algo: BEST
Weights: 1 * 1 * 1 * pileupWeight * 1 * lepIdSF * EGammaGsfSF * 1 * (MCWeight_singleLepCalc/abs(MCWeight_singleLepCalc)) * 0.000159552786272
Cuts: (leptonPt_singleLepCalc > 50) && (corr_met_singleLepCalc > 55) && (AK4HT > 480) && (minDR_lepJet > 0.4 || ptRel_lepJet > 40) && (NJetsAK8_JetSubCalc > 2) && (minDR_leadAK8otherAK8 < 3.0) && DataPastTrigger == 1 && isElectron==1
****************************************************************************************************
****************************************************************************************************
DISTRIBUTION: Tp2Mass
            -name in ljmet trees: Tprime2_ALGO_Mass
            -x-axis label is set to: ;M(T) [GeV])
            -using the binning as: [0.0, 60.0, 120.0, 180.0, 240.0, 300.0, 360.0, 420.0, 480.0, 540.0, 600.0, 660.0, 720.0, 780.0, 840.0, 900.0, 960.0, 1020.0, 1080.0, 1140.0, 1200.0, 1260.0, 1320.0, 1380.0, 1440.0, 1500.0, 1560.0, 1620.0, 1680.0, 1740.0, 1800.0, 1860.0, 1920.0, 1980.0, 2040.0, 2100.0, 2160.0, 2220.0, 2280.0, 2340.0, 2400.0, 2460.0, 2520.0, 2580.0, 2640.0, 2700.0, 2760.0, 2820.0, 2880.0, 2940.0, 3000.0]
/////////////////////////
PROCESSING:  TTM1300TZBW
/////////////////////////
plotTreeName: Tprime2_BEST_Mass
Flavour: E #tag: isV_tZbW #algo: BEST
Weights: 1 * 1 * 1 * pileupWeight * 1 * lepIdSF * EGammaGsfSF * 1 * (MCWeight_singleLepCalc/abs(MCWeight_singleLepCalc)) * 0.000319105572545
Cuts: (leptonPt_singleLepCalc > 50) && (corr_met_singleLepCalc > 55) && (AK4HT > 480) && (minDR_lepJet > 0.4 || ptRel_lepJet > 40) && (NJetsAK8_JetSubCalc > 2) && (minDR_leadAK8otherAK8 < 3.0) && DataPastTrigger == 1 && isElectron==1
****************************************************************************************************
****************************************************************************************************
DISTRIBUTION: Tp2Mass
            -name in ljmet trees: Tprime2_ALGO_Mass
            -x-axis label is set to: ;M(T) [GeV])
            -using the binning as: [0.0, 60.0, 120.0, 180.0, 240.0, 300.0, 360.0, 420.0, 480.0, 540.0, 600.0, 660.0, 720.0, 780.0, 840.0, 900.0, 960.0, 1020.0, 1080.0, 1140.0, 1200.0, 1260.0, 1320.0, 1380.0, 1440.0, 1500.0, 1560.0, 1620.0, 1680.0, 1740.0, 1800.0, 1860.0, 1920.0, 1980.0, 2040.0, 2100.0, 2160.0, 2220.0, 2280.0, 2340.0, 2400.0, 2460.0, 2520.0, 2580.0, 2640.0, 2700.0, 2760.0, 2820.0, 2880.0, 2940.0, 3000.0]
/////////////////////////
PROCESSING:  TTM1300THBW
/////////////////////////
plotTreeName: Tprime2_BEST_Mass
Flavour: E #tag: isV_tZbW #algo: BEST
Weights: 1 * 1 * 1 * pileupWeight * 1 * lepIdSF * EGammaGsfSF * 1 * (MCWeight_singleLepCalc/abs(MCWeight_singleLepCalc)) * 0.000319105572545
Cuts: (leptonPt_singleLepCalc > 50) && (corr_met_singleLepCalc > 55) && (AK4HT > 480) && (minDR_lepJet > 0.4 || ptRel_lepJet > 40) && (NJetsAK8_JetSubCalc > 2) && (minDR_leadAK8otherAK8 < 3.0) && DataPastTrigger == 1 && isElectron==1
****************************************************************************************************
****************************************************************************************************
DISTRIBUTION: Tp2Mass
            -name in ljmet trees: Tprime2_ALGO_Mass
            -x-axis label is set to: ;M(T) [GeV])
            -using the binning as: [0.0, 60.0, 120.0, 180.0, 240.0, 300.0, 360.0, 420.0, 480.0, 540.0, 600.0, 660.0, 720.0, 780.0, 840.0, 900.0, 960.0, 1020.0, 1080.0, 1140.0, 1200.0, 1260.0, 1320.0, 1380.0, 1440.0, 1500.0, 1560.0, 1620.0, 1680.0, 1740.0, 1800.0, 1860.0, 1920.0, 1980.0, 2040.0, 2100.0, 2160.0, 2220.0, 2280.0, 2340.0, 2400.0, 2460.0, 2520.0, 2580.0, 2640.0, 2700.0, 2760.0, 2820.0, 2880.0, 2940.0, 3000.0]
/////////////////////////
PROCESSING:  TTM1300TZTH
/////////////////////////
plotTreeName: Tprime2_BEST_Mass
Flavour: E #tag: isV_tZbW #algo: BEST
Weights: 1 * 1 * 1 * pileupWeight * 1 * lepIdSF * EGammaGsfSF * 1 * (MCWeight_singleLepCalc/abs(MCWeight_singleLepCalc)) * 0.000159552786272
Cuts: (leptonPt_singleLepCalc > 50) && (corr_met_singleLepCalc > 55) && (AK4HT > 480) && (minDR_lepJet > 0.4 || ptRel_lepJet > 40) && (NJetsAK8_JetSubCalc > 2) && (minDR_leadAK8otherAK8 < 3.0) && DataPastTrigger == 1 && isElectron==1
****************************************************************************************************
****************************************************************************************************
DISTRIBUTION: Tp2Mass
            -name in ljmet trees: Tprime2_ALGO_Mass
            -x-axis label is set to: ;M(T) [GeV])
            -using the binning as: [0.0, 60.0, 120.0, 180.0, 240.0, 300.0, 360.0, 420.0, 480.0, 540.0, 600.0, 660.0, 720.0, 780.0, 840.0, 900.0, 960.0, 1020.0, 1080.0, 1140.0, 1200.0, 1260.0, 1320.0, 1380.0, 1440.0, 1500.0, 1560.0, 1620.0, 1680.0, 1740.0, 1800.0, 1860.0, 1920.0, 1980.0, 2040.0, 2100.0, 2160.0, 2220.0, 2280.0, 2340.0, 2400.0, 2460.0, 2520.0, 2580.0, 2640.0, 2700.0, 2760.0, 2820.0, 2880.0, 2940.0, 3000.0]
/////////////////////////
PROCESSING:  TTM1400BWBW
/////////////////////////
plotTreeName: Tprime2_BEST_Mass
Flavour: E #tag: isV_tZbW #algo: BEST
Weights: 1 * 1 * 1 * pileupWeight * 1 * lepIdSF * EGammaGsfSF * 1 * (MCWeight_singleLepCalc/abs(MCWeight_singleLepCalc)) * 0.000352883542956
Cuts: (leptonPt_singleLepCalc > 50) && (corr_met_singleLepCalc > 55) && (AK4HT > 480) && (minDR_lepJet > 0.4 || ptRel_lepJet > 40) && (NJetsAK8_JetSubCalc > 2) && (minDR_leadAK8otherAK8 < 3.0) && DataPastTrigger == 1 && isElectron==1
****************************************************************************************************
****************************************************************************************************
DISTRIBUTION: Tp2Mass
            -name in ljmet trees: Tprime2_ALGO_Mass
            -x-axis label is set to: ;M(T) [GeV])
            -using the binning as: [0.0, 60.0, 120.0, 180.0, 240.0, 300.0, 360.0, 420.0, 480.0, 540.0, 600.0, 660.0, 720.0, 780.0, 840.0, 900.0, 960.0, 1020.0, 1080.0, 1140.0, 1200.0, 1260.0, 1320.0, 1380.0, 1440.0, 1500.0, 1560.0, 1620.0, 1680.0, 1740.0, 1800.0, 1860.0, 1920.0, 1980.0, 2040.0, 2100.0, 2160.0, 2220.0, 2280.0, 2340.0, 2400.0, 2460.0, 2520.0, 2580.0, 2640.0, 2700.0, 2760.0, 2820.0, 2880.0, 2940.0, 3000.0]
/////////////////////////
PROCESSING:  TTM1400THTH
/////////////////////////
plotTreeName: Tprime2_BEST_Mass
Flavour: E #tag: isV_tZbW #algo: BEST
Weights: 1 * 1 * 1 * pileupWeight * 1 * lepIdSF * EGammaGsfSF * 1 * (MCWeight_singleLepCalc/abs(MCWeight_singleLepCalc)) * 8.82208857389e-05
Cuts: (leptonPt_singleLepCalc > 50) && (corr_met_singleLepCalc > 55) && (AK4HT > 480) && (minDR_lepJet > 0.4 || ptRel_lepJet > 40) && (NJetsAK8_JetSubCalc > 2) && (minDR_leadAK8otherAK8 < 3.0) && DataPastTrigger == 1 && isElectron==1
****************************************************************************************************
****************************************************************************************************
DISTRIBUTION: Tp2Mass
            -name in ljmet trees: Tprime2_ALGO_Mass
            -x-axis label is set to: ;M(T) [GeV])
            -using the binning as: [0.0, 60.0, 120.0, 180.0, 240.0, 300.0, 360.0, 420.0, 480.0, 540.0, 600.0, 660.0, 720.0, 780.0, 840.0, 900.0, 960.0, 1020.0, 1080.0, 1140.0, 1200.0, 1260.0, 1320.0, 1380.0, 1440.0, 1500.0, 1560.0, 1620.0, 1680.0, 1740.0, 1800.0, 1860.0, 1920.0, 1980.0, 2040.0, 2100.0, 2160.0, 2220.0, 2280.0, 2340.0, 2400.0, 2460.0, 2520.0, 2580.0, 2640.0, 2700.0, 2760.0, 2820.0, 2880.0, 2940.0, 3000.0]
/////////////////////////
PROCESSING:  TTM1400TZTZ
/////////////////////////
plotTreeName: Tprime2_BEST_Mass
Flavour: E #tag: isV_tZbW #algo: BEST
Weights: 1 * 1 * 1 * pileupWeight * 1 * lepIdSF * EGammaGsfSF * 1 * (MCWeight_singleLepCalc/abs(MCWeight_singleLepCalc)) * 8.82208857389e-05
Cuts: (leptonPt_singleLepCalc > 50) && (corr_met_singleLepCalc > 55) && (AK4HT > 480) && (minDR_lepJet > 0.4 || ptRel_lepJet > 40) && (NJetsAK8_JetSubCalc > 2) && (minDR_leadAK8otherAK8 < 3.0) && DataPastTrigger == 1 && isElectron==1
****************************************************************************************************
****************************************************************************************************
DISTRIBUTION: Tp2Mass
            -name in ljmet trees: Tprime2_ALGO_Mass
            -x-axis label is set to: ;M(T) [GeV])
            -using the binning as: [0.0, 60.0, 120.0, 180.0, 240.0, 300.0, 360.0, 420.0, 480.0, 540.0, 600.0, 660.0, 720.0, 780.0, 840.0, 900.0, 960.0, 1020.0, 1080.0, 1140.0, 1200.0, 1260.0, 1320.0, 1380.0, 1440.0, 1500.0, 1560.0, 1620.0, 1680.0, 1740.0, 1800.0, 1860.0, 1920.0, 1980.0, 2040.0, 2100.0, 2160.0, 2220.0, 2280.0, 2340.0, 2400.0, 2460.0, 2520.0, 2580.0, 2640.0, 2700.0, 2760.0, 2820.0, 2880.0, 2940.0, 3000.0]
/////////////////////////
PROCESSING:  TTM1400TZBW
/////////////////////////
plotTreeName: Tprime2_BEST_Mass
Flavour: E #tag: isV_tZbW #algo: BEST
Weights: 1 * 1 * 1 * pileupWeight * 1 * lepIdSF * EGammaGsfSF * 1 * (MCWeight_singleLepCalc/abs(MCWeight_singleLepCalc)) * 0.000176441771478
Cuts: (leptonPt_singleLepCalc > 50) && (corr_met_singleLepCalc > 55) && (AK4HT > 480) && (minDR_lepJet > 0.4 || ptRel_lepJet > 40) && (NJetsAK8_JetSubCalc > 2) && (minDR_leadAK8otherAK8 < 3.0) && DataPastTrigger == 1 && isElectron==1
****************************************************************************************************
****************************************************************************************************
DISTRIBUTION: Tp2Mass
            -name in ljmet trees: Tprime2_ALGO_Mass
            -x-axis label is set to: ;M(T) [GeV])
            -using the binning as: [0.0, 60.0, 120.0, 180.0, 240.0, 300.0, 360.0, 420.0, 480.0, 540.0, 600.0, 660.0, 720.0, 780.0, 840.0, 900.0, 960.0, 1020.0, 1080.0, 1140.0, 1200.0, 1260.0, 1320.0, 1380.0, 1440.0, 1500.0, 1560.0, 1620.0, 1680.0, 1740.0, 1800.0, 1860.0, 1920.0, 1980.0, 2040.0, 2100.0, 2160.0, 2220.0, 2280.0, 2340.0, 2400.0, 2460.0, 2520.0, 2580.0, 2640.0, 2700.0, 2760.0, 2820.0, 2880.0, 2940.0, 3000.0]
/////////////////////////
PROCESSING:  TTM1400THBW
/////////////////////////
plotTreeName: Tprime2_BEST_Mass
Flavour: E #tag: isV_tZbW #algo: BEST
Weights: 1 * 1 * 1 * pileupWeight * 1 * lepIdSF * EGammaGsfSF * 1 * (MCWeight_singleLepCalc/abs(MCWeight_singleLepCalc)) * 0.000176441771478
Cuts: (leptonPt_singleLepCalc > 50) && (corr_met_singleLepCalc > 55) && (AK4HT > 480) && (minDR_lepJet > 0.4 || ptRel_lepJet > 40) && (NJetsAK8_JetSubCalc > 2) && (minDR_leadAK8otherAK8 < 3.0) && DataPastTrigger == 1 && isElectron==1
****************************************************************************************************
****************************************************************************************************
DISTRIBUTION: Tp2Mass
            -name in ljmet trees: Tprime2_ALGO_Mass
            -x-axis label is set to: ;M(T) [GeV])
            -using the binning as: [0.0, 60.0, 120.0, 180.0, 240.0, 300.0, 360.0, 420.0, 480.0, 540.0, 600.0, 660.0, 720.0, 780.0, 840.0, 900.0, 960.0, 1020.0, 1080.0, 1140.0, 1200.0, 1260.0, 1320.0, 1380.0, 1440.0, 1500.0, 1560.0, 1620.0, 1680.0, 1740.0, 1800.0, 1860.0, 1920.0, 1980.0, 2040.0, 2100.0, 2160.0, 2220.0, 2280.0, 2340.0, 2400.0, 2460.0, 2520.0, 2580.0, 2640.0, 2700.0, 2760.0, 2820.0, 2880.0, 2940.0, 3000.0]
/////////////////////////
PROCESSING:  TTM1400TZTH
/////////////////////////
plotTreeName: Tprime2_BEST_Mass
Flavour: E #tag: isV_tZbW #algo: BEST
Weights: 1 * 1 * 1 * pileupWeight * 1 * lepIdSF * EGammaGsfSF * 1 * (MCWeight_singleLepCalc/abs(MCWeight_singleLepCalc)) * 8.82208857389e-05
Cuts: (leptonPt_singleLepCalc > 50) && (corr_met_singleLepCalc > 55) && (AK4HT > 480) && (minDR_lepJet > 0.4 || ptRel_lepJet > 40) && (NJetsAK8_JetSubCalc > 2) && (minDR_leadAK8otherAK8 < 3.0) && DataPastTrigger == 1 && isElectron==1
****************************************************************************************************
****************************************************************************************************
DISTRIBUTION: Tp2Mass
            -name in ljmet trees: Tprime2_ALGO_Mass
            -x-axis label is set to: ;M(T) [GeV])
            -using the binning as: [0.0, 60.0, 120.0, 180.0, 240.0, 300.0, 360.0, 420.0, 480.0, 540.0, 600.0, 660.0, 720.0, 780.0, 840.0, 900.0, 960.0, 1020.0, 1080.0, 1140.0, 1200.0, 1260.0, 1320.0, 1380.0, 1440.0, 1500.0, 1560.0, 1620.0, 1680.0, 1740.0, 1800.0, 1860.0, 1920.0, 1980.0, 2040.0, 2100.0, 2160.0, 2220.0, 2280.0, 2340.0, 2400.0, 2460.0, 2520.0, 2580.0, 2640.0, 2700.0, 2760.0, 2820.0, 2880.0, 2940.0, 3000.0]
/////////////////////////
PROCESSING:  TTM1500BWBW
/////////////////////////
plotTreeName: Tprime2_BEST_Mass
Flavour: E #tag: isV_tZbW #algo: BEST
Weights: 1 * 1 * 1 * pileupWeight * 1 * lepIdSF * EGammaGsfSF * 1 * (MCWeight_singleLepCalc/abs(MCWeight_singleLepCalc)) * 0.00019932135405
Cuts: (leptonPt_singleLepCalc > 50) && (corr_met_singleLepCalc > 55) && (AK4HT > 480) && (minDR_lepJet > 0.4 || ptRel_lepJet > 40) && (NJetsAK8_JetSubCalc > 2) && (minDR_leadAK8otherAK8 < 3.0) && DataPastTrigger == 1 && isElectron==1
****************************************************************************************************
****************************************************************************************************
DISTRIBUTION: Tp2Mass
            -name in ljmet trees: Tprime2_ALGO_Mass
            -x-axis label is set to: ;M(T) [GeV])
            -using the binning as: [0.0, 60.0, 120.0, 180.0, 240.0, 300.0, 360.0, 420.0, 480.0, 540.0, 600.0, 660.0, 720.0, 780.0, 840.0, 900.0, 960.0, 1020.0, 1080.0, 1140.0, 1200.0, 1260.0, 1320.0, 1380.0, 1440.0, 1500.0, 1560.0, 1620.0, 1680.0, 1740.0, 1800.0, 1860.0, 1920.0, 1980.0, 2040.0, 2100.0, 2160.0, 2220.0, 2280.0, 2340.0, 2400.0, 2460.0, 2520.0, 2580.0, 2640.0, 2700.0, 2760.0, 2820.0, 2880.0, 2940.0, 3000.0]
/////////////////////////
PROCESSING:  TTM1500THTH
/////////////////////////
plotTreeName: Tprime2_BEST_Mass
Flavour: E #tag: isV_tZbW #algo: BEST
Weights: 1 * 1 * 1 * pileupWeight * 1 * lepIdSF * EGammaGsfSF * 1 * (MCWeight_singleLepCalc/abs(MCWeight_singleLepCalc)) * 4.98303385124e-05
Cuts: (leptonPt_singleLepCalc > 50) && (corr_met_singleLepCalc > 55) && (AK4HT > 480) && (minDR_lepJet > 0.4 || ptRel_lepJet > 40) && (NJetsAK8_JetSubCalc > 2) && (minDR_leadAK8otherAK8 < 3.0) && DataPastTrigger == 1 && isElectron==1
****************************************************************************************************
****************************************************************************************************
DISTRIBUTION: Tp2Mass
            -name in ljmet trees: Tprime2_ALGO_Mass
            -x-axis label is set to: ;M(T) [GeV])
            -using the binning as: [0.0, 60.0, 120.0, 180.0, 240.0, 300.0, 360.0, 420.0, 480.0, 540.0, 600.0, 660.0, 720.0, 780.0, 840.0, 900.0, 960.0, 1020.0, 1080.0, 1140.0, 1200.0, 1260.0, 1320.0, 1380.0, 1440.0, 1500.0, 1560.0, 1620.0, 1680.0, 1740.0, 1800.0, 1860.0, 1920.0, 1980.0, 2040.0, 2100.0, 2160.0, 2220.0, 2280.0, 2340.0, 2400.0, 2460.0, 2520.0, 2580.0, 2640.0, 2700.0, 2760.0, 2820.0, 2880.0, 2940.0, 3000.0]
/////////////////////////
PROCESSING:  TTM1500TZTZ
/////////////////////////
plotTreeName: Tprime2_BEST_Mass
Flavour: E #tag: isV_tZbW #algo: BEST
Weights: 1 * 1 * 1 * pileupWeight * 1 * lepIdSF * EGammaGsfSF * 1 * (MCWeight_singleLepCalc/abs(MCWeight_singleLepCalc)) * 4.98303385124e-05
Cuts: (leptonPt_singleLepCalc > 50) && (corr_met_singleLepCalc > 55) && (AK4HT > 480) && (minDR_lepJet > 0.4 || ptRel_lepJet > 40) && (NJetsAK8_JetSubCalc > 2) && (minDR_leadAK8otherAK8 < 3.0) && DataPastTrigger == 1 && isElectron==1
****************************************************************************************************
****************************************************************************************************
DISTRIBUTION: Tp2Mass
            -name in ljmet trees: Tprime2_ALGO_Mass
            -x-axis label is set to: ;M(T) [GeV])
            -using the binning as: [0.0, 60.0, 120.0, 180.0, 240.0, 300.0, 360.0, 420.0, 480.0, 540.0, 600.0, 660.0, 720.0, 780.0, 840.0, 900.0, 960.0, 1020.0, 1080.0, 1140.0, 1200.0, 1260.0, 1320.0, 1380.0, 1440.0, 1500.0, 1560.0, 1620.0, 1680.0, 1740.0, 1800.0, 1860.0, 1920.0, 1980.0, 2040.0, 2100.0, 2160.0, 2220.0, 2280.0, 2340.0, 2400.0, 2460.0, 2520.0, 2580.0, 2640.0, 2700.0, 2760.0, 2820.0, 2880.0, 2940.0, 3000.0]
/////////////////////////
PROCESSING:  TTM1500TZBW
/////////////////////////
plotTreeName: Tprime2_BEST_Mass
Flavour: E #tag: isV_tZbW #algo: BEST
Weights: 1 * 1 * 1 * pileupWeight * 1 * lepIdSF * EGammaGsfSF * 1 * (MCWeight_singleLepCalc/abs(MCWeight_singleLepCalc)) * 9.96606770248e-05
Cuts: (leptonPt_singleLepCalc > 50) && (corr_met_singleLepCalc > 55) && (AK4HT > 480) && (minDR_lepJet > 0.4 || ptRel_lepJet > 40) && (NJetsAK8_JetSubCalc > 2) && (minDR_leadAK8otherAK8 < 3.0) && DataPastTrigger == 1 && isElectron==1
****************************************************************************************************
****************************************************************************************************
DISTRIBUTION: Tp2Mass
            -name in ljmet trees: Tprime2_ALGO_Mass
            -x-axis label is set to: ;M(T) [GeV])
            -using the binning as: [0.0, 60.0, 120.0, 180.0, 240.0, 300.0, 360.0, 420.0, 480.0, 540.0, 600.0, 660.0, 720.0, 780.0, 840.0, 900.0, 960.0, 1020.0, 1080.0, 1140.0, 1200.0, 1260.0, 1320.0, 1380.0, 1440.0, 1500.0, 1560.0, 1620.0, 1680.0, 1740.0, 1800.0, 1860.0, 1920.0, 1980.0, 2040.0, 2100.0, 2160.0, 2220.0, 2280.0, 2340.0, 2400.0, 2460.0, 2520.0, 2580.0, 2640.0, 2700.0, 2760.0, 2820.0, 2880.0, 2940.0, 3000.0]
/////////////////////////
PROCESSING:  TTM1500THBW
/////////////////////////
plotTreeName: Tprime2_BEST_Mass
Flavour: E #tag: isV_tZbW #algo: BEST
Weights: 1 * 1 * 1 * pileupWeight * 1 * lepIdSF * EGammaGsfSF * 1 * (MCWeight_singleLepCalc/abs(MCWeight_singleLepCalc)) * 9.96606770248e-05
Cuts: (leptonPt_singleLepCalc > 50) && (corr_met_singleLepCalc > 55) && (AK4HT > 480) && (minDR_lepJet > 0.4 || ptRel_lepJet > 40) && (NJetsAK8_JetSubCalc > 2) && (minDR_leadAK8otherAK8 < 3.0) && DataPastTrigger == 1 && isElectron==1
****************************************************************************************************
****************************************************************************************************
DISTRIBUTION: Tp2Mass
            -name in ljmet trees: Tprime2_ALGO_Mass
            -x-axis label is set to: ;M(T) [GeV])
            -using the binning as: [0.0, 60.0, 120.0, 180.0, 240.0, 300.0, 360.0, 420.0, 480.0, 540.0, 600.0, 660.0, 720.0, 780.0, 840.0, 900.0, 960.0, 1020.0, 1080.0, 1140.0, 1200.0, 1260.0, 1320.0, 1380.0, 1440.0, 1500.0, 1560.0, 1620.0, 1680.0, 1740.0, 1800.0, 1860.0, 1920.0, 1980.0, 2040.0, 2100.0, 2160.0, 2220.0, 2280.0, 2340.0, 2400.0, 2460.0, 2520.0, 2580.0, 2640.0, 2700.0, 2760.0, 2820.0, 2880.0, 2940.0, 3000.0]
/////////////////////////
PROCESSING:  TTM1500TZTH
/////////////////////////
plotTreeName: Tprime2_BEST_Mass
Flavour: E #tag: isV_tZbW #algo: BEST
Weights: 1 * 1 * 1 * pileupWeight * 1 * lepIdSF * EGammaGsfSF * 1 * (MCWeight_singleLepCalc/abs(MCWeight_singleLepCalc)) * 4.98303385124e-05
Cuts: (leptonPt_singleLepCalc > 50) && (corr_met_singleLepCalc > 55) && (AK4HT > 480) && (minDR_lepJet > 0.4 || ptRel_lepJet > 40) && (NJetsAK8_JetSubCalc > 2) && (minDR_leadAK8otherAK8 < 3.0) && DataPastTrigger == 1 && isElectron==1
****************************************************************************************************
****************************************************************************************************
DISTRIBUTION: Tp2Mass
            -name in ljmet trees: Tprime2_ALGO_Mass
            -x-axis label is set to: ;M(T) [GeV])
            -using the binning as: [0.0, 60.0, 120.0, 180.0, 240.0, 300.0, 360.0, 420.0, 480.0, 540.0, 600.0, 660.0, 720.0, 780.0, 840.0, 900.0, 960.0, 1020.0, 1080.0, 1140.0, 1200.0, 1260.0, 1320.0, 1380.0, 1440.0, 1500.0, 1560.0, 1620.0, 1680.0, 1740.0, 1800.0, 1860.0, 1920.0, 1980.0, 2040.0, 2100.0, 2160.0, 2220.0, 2280.0, 2340.0, 2400.0, 2460.0, 2520.0, 2580.0, 2640.0, 2700.0, 2760.0, 2820.0, 2880.0, 2940.0, 3000.0]
/////////////////////////
PROCESSING:  TTM1600BWBW
/////////////////////////
plotTreeName: Tprime2_BEST_Mass
Flavour: E #tag: isV_tZbW #algo: BEST
Weights: 1 * 1 * 1 * pileupWeight * 1 * lepIdSF * EGammaGsfSF * 1 * (MCWeight_singleLepCalc/abs(MCWeight_singleLepCalc)) * 0.000114437939919
Cuts: (leptonPt_singleLepCalc > 50) && (corr_met_singleLepCalc > 55) && (AK4HT > 480) && (minDR_lepJet > 0.4 || ptRel_lepJet > 40) && (NJetsAK8_JetSubCalc > 2) && (minDR_leadAK8otherAK8 < 3.0) && DataPastTrigger == 1 && isElectron==1
****************************************************************************************************
****************************************************************************************************
DISTRIBUTION: Tp2Mass
            -name in ljmet trees: Tprime2_ALGO_Mass
            -x-axis label is set to: ;M(T) [GeV])
            -using the binning as: [0.0, 60.0, 120.0, 180.0, 240.0, 300.0, 360.0, 420.0, 480.0, 540.0, 600.0, 660.0, 720.0, 780.0, 840.0, 900.0, 960.0, 1020.0, 1080.0, 1140.0, 1200.0, 1260.0, 1320.0, 1380.0, 1440.0, 1500.0, 1560.0, 1620.0, 1680.0, 1740.0, 1800.0, 1860.0, 1920.0, 1980.0, 2040.0, 2100.0, 2160.0, 2220.0, 2280.0, 2340.0, 2400.0, 2460.0, 2520.0, 2580.0, 2640.0, 2700.0, 2760.0, 2820.0, 2880.0, 2940.0, 3000.0]
/////////////////////////
PROCESSING:  TTM1600THTH
/////////////////////////
plotTreeName: Tprime2_BEST_Mass
Flavour: E #tag: isV_tZbW #algo: BEST
Weights: 1 * 1 * 1 * pileupWeight * 1 * lepIdSF * EGammaGsfSF * 1 * (MCWeight_singleLepCalc/abs(MCWeight_singleLepCalc)) * 2.86094849797e-05
Cuts: (leptonPt_singleLepCalc > 50) && (corr_met_singleLepCalc > 55) && (AK4HT > 480) && (minDR_lepJet > 0.4 || ptRel_lepJet > 40) && (NJetsAK8_JetSubCalc > 2) && (minDR_leadAK8otherAK8 < 3.0) && DataPastTrigger == 1 && isElectron==1
****************************************************************************************************
****************************************************************************************************
DISTRIBUTION: Tp2Mass
            -name in ljmet trees: Tprime2_ALGO_Mass
            -x-axis label is set to: ;M(T) [GeV])
            -using the binning as: [0.0, 60.0, 120.0, 180.0, 240.0, 300.0, 360.0, 420.0, 480.0, 540.0, 600.0, 660.0, 720.0, 780.0, 840.0, 900.0, 960.0, 1020.0, 1080.0, 1140.0, 1200.0, 1260.0, 1320.0, 1380.0, 1440.0, 1500.0, 1560.0, 1620.0, 1680.0, 1740.0, 1800.0, 1860.0, 1920.0, 1980.0, 2040.0, 2100.0, 2160.0, 2220.0, 2280.0, 2340.0, 2400.0, 2460.0, 2520.0, 2580.0, 2640.0, 2700.0, 2760.0, 2820.0, 2880.0, 2940.0, 3000.0]
/////////////////////////
PROCESSING:  TTM1600TZTZ
/////////////////////////
plotTreeName: Tprime2_BEST_Mass
Flavour: E #tag: isV_tZbW #algo: BEST
Weights: 1 * 1 * 1 * pileupWeight * 1 * lepIdSF * EGammaGsfSF * 1 * (MCWeight_singleLepCalc/abs(MCWeight_singleLepCalc)) * 2.86094849797e-05
Cuts: (leptonPt_singleLepCalc > 50) && (corr_met_singleLepCalc > 55) && (AK4HT > 480) && (minDR_lepJet > 0.4 || ptRel_lepJet > 40) && (NJetsAK8_JetSubCalc > 2) && (minDR_leadAK8otherAK8 < 3.0) && DataPastTrigger == 1 && isElectron==1
****************************************************************************************************
****************************************************************************************************
DISTRIBUTION: Tp2Mass
            -name in ljmet trees: Tprime2_ALGO_Mass
            -x-axis label is set to: ;M(T) [GeV])
            -using the binning as: [0.0, 60.0, 120.0, 180.0, 240.0, 300.0, 360.0, 420.0, 480.0, 540.0, 600.0, 660.0, 720.0, 780.0, 840.0, 900.0, 960.0, 1020.0, 1080.0, 1140.0, 1200.0, 1260.0, 1320.0, 1380.0, 1440.0, 1500.0, 1560.0, 1620.0, 1680.0, 1740.0, 1800.0, 1860.0, 1920.0, 1980.0, 2040.0, 2100.0, 2160.0, 2220.0, 2280.0, 2340.0, 2400.0, 2460.0, 2520.0, 2580.0, 2640.0, 2700.0, 2760.0, 2820.0, 2880.0, 2940.0, 3000.0]
/////////////////////////
PROCESSING:  TTM1600TZBW
/////////////////////////
plotTreeName: Tprime2_BEST_Mass
Flavour: E #tag: isV_tZbW #algo: BEST
Weights: 1 * 1 * 1 * pileupWeight * 1 * lepIdSF * EGammaGsfSF * 1 * (MCWeight_singleLepCalc/abs(MCWeight_singleLepCalc)) * 5.72189699595e-05
Cuts: (leptonPt_singleLepCalc > 50) && (corr_met_singleLepCalc > 55) && (AK4HT > 480) && (minDR_lepJet > 0.4 || ptRel_lepJet > 40) && (NJetsAK8_JetSubCalc > 2) && (minDR_leadAK8otherAK8 < 3.0) && DataPastTrigger == 1 && isElectron==1
****************************************************************************************************
****************************************************************************************************
DISTRIBUTION: Tp2Mass
            -name in ljmet trees: Tprime2_ALGO_Mass
            -x-axis label is set to: ;M(T) [GeV])
            -using the binning as: [0.0, 60.0, 120.0, 180.0, 240.0, 300.0, 360.0, 420.0, 480.0, 540.0, 600.0, 660.0, 720.0, 780.0, 840.0, 900.0, 960.0, 1020.0, 1080.0, 1140.0, 1200.0, 1260.0, 1320.0, 1380.0, 1440.0, 1500.0, 1560.0, 1620.0, 1680.0, 1740.0, 1800.0, 1860.0, 1920.0, 1980.0, 2040.0, 2100.0, 2160.0, 2220.0, 2280.0, 2340.0, 2400.0, 2460.0, 2520.0, 2580.0, 2640.0, 2700.0, 2760.0, 2820.0, 2880.0, 2940.0, 3000.0]
/////////////////////////
PROCESSING:  TTM1600THBW
/////////////////////////
plotTreeName: Tprime2_BEST_Mass
Flavour: E #tag: isV_tZbW #algo: BEST
Weights: 1 * 1 * 1 * pileupWeight * 1 * lepIdSF * EGammaGsfSF * 1 * (MCWeight_singleLepCalc/abs(MCWeight_singleLepCalc)) * 5.72189699595e-05
Cuts: (leptonPt_singleLepCalc > 50) && (corr_met_singleLepCalc > 55) && (AK4HT > 480) && (minDR_lepJet > 0.4 || ptRel_lepJet > 40) && (NJetsAK8_JetSubCalc > 2) && (minDR_leadAK8otherAK8 < 3.0) && DataPastTrigger == 1 && isElectron==1
****************************************************************************************************
****************************************************************************************************
DISTRIBUTION: Tp2Mass
            -name in ljmet trees: Tprime2_ALGO_Mass
            -x-axis label is set to: ;M(T) [GeV])
            -using the binning as: [0.0, 60.0, 120.0, 180.0, 240.0, 300.0, 360.0, 420.0, 480.0, 540.0, 600.0, 660.0, 720.0, 780.0, 840.0, 900.0, 960.0, 1020.0, 1080.0, 1140.0, 1200.0, 1260.0, 1320.0, 1380.0, 1440.0, 1500.0, 1560.0, 1620.0, 1680.0, 1740.0, 1800.0, 1860.0, 1920.0, 1980.0, 2040.0, 2100.0, 2160.0, 2220.0, 2280.0, 2340.0, 2400.0, 2460.0, 2520.0, 2580.0, 2640.0, 2700.0, 2760.0, 2820.0, 2880.0, 2940.0, 3000.0]
/////////////////////////
PROCESSING:  TTM1600TZTH
/////////////////////////
plotTreeName: Tprime2_BEST_Mass
Flavour: E #tag: isV_tZbW #algo: BEST
Weights: 1 * 1 * 1 * pileupWeight * 1 * lepIdSF * EGammaGsfSF * 1 * (MCWeight_singleLepCalc/abs(MCWeight_singleLepCalc)) * 2.86094849797e-05
Cuts: (leptonPt_singleLepCalc > 50) && (corr_met_singleLepCalc > 55) && (AK4HT > 480) && (minDR_lepJet > 0.4 || ptRel_lepJet > 40) && (NJetsAK8_JetSubCalc > 2) && (minDR_leadAK8otherAK8 < 3.0) && DataPastTrigger == 1 && isElectron==1
****************************************************************************************************
****************************************************************************************************
DISTRIBUTION: Tp2Mass
            -name in ljmet trees: Tprime2_ALGO_Mass
            -x-axis label is set to: ;M(T) [GeV])
            -using the binning as: [0.0, 60.0, 120.0, 180.0, 240.0, 300.0, 360.0, 420.0, 480.0, 540.0, 600.0, 660.0, 720.0, 780.0, 840.0, 900.0, 960.0, 1020.0, 1080.0, 1140.0, 1200.0, 1260.0, 1320.0, 1380.0, 1440.0, 1500.0, 1560.0, 1620.0, 1680.0, 1740.0, 1800.0, 1860.0, 1920.0, 1980.0, 2040.0, 2100.0, 2160.0, 2220.0, 2280.0, 2340.0, 2400.0, 2460.0, 2520.0, 2580.0, 2640.0, 2700.0, 2760.0, 2820.0, 2880.0, 2940.0, 3000.0]
/////////////////////////
PROCESSING:  TTM1700BWBW
/////////////////////////
plotTreeName: Tprime2_BEST_Mass
Flavour: E #tag: isV_tZbW #algo: BEST
Weights: 1 * 1 * 1 * pileupWeight * 1 * lepIdSF * EGammaGsfSF * 1 * (MCWeight_singleLepCalc/abs(MCWeight_singleLepCalc)) * 6.93554282011e-05
Cuts: (leptonPt_singleLepCalc > 50) && (corr_met_singleLepCalc > 55) && (AK4HT > 480) && (minDR_lepJet > 0.4 || ptRel_lepJet > 40) && (NJetsAK8_JetSubCalc > 2) && (minDR_leadAK8otherAK8 < 3.0) && DataPastTrigger == 1 && isElectron==1
****************************************************************************************************
****************************************************************************************************
DISTRIBUTION: Tp2Mass
            -name in ljmet trees: Tprime2_ALGO_Mass
            -x-axis label is set to: ;M(T) [GeV])
            -using the binning as: [0.0, 60.0, 120.0, 180.0, 240.0, 300.0, 360.0, 420.0, 480.0, 540.0, 600.0, 660.0, 720.0, 780.0, 840.0, 900.0, 960.0, 1020.0, 1080.0, 1140.0, 1200.0, 1260.0, 1320.0, 1380.0, 1440.0, 1500.0, 1560.0, 1620.0, 1680.0, 1740.0, 1800.0, 1860.0, 1920.0, 1980.0, 2040.0, 2100.0, 2160.0, 2220.0, 2280.0, 2340.0, 2400.0, 2460.0, 2520.0, 2580.0, 2640.0, 2700.0, 2760.0, 2820.0, 2880.0, 2940.0, 3000.0]
/////////////////////////
PROCESSING:  TTM1700THTH
/////////////////////////
plotTreeName: Tprime2_BEST_Mass
Flavour: E #tag: isV_tZbW #algo: BEST
Weights: 1 * 1 * 1 * pileupWeight * 1 * lepIdSF * EGammaGsfSF * 1 * (MCWeight_singleLepCalc/abs(MCWeight_singleLepCalc)) * 1.73388570503e-05
Cuts: (leptonPt_singleLepCalc > 50) && (corr_met_singleLepCalc > 55) && (AK4HT > 480) && (minDR_lepJet > 0.4 || ptRel_lepJet > 40) && (NJetsAK8_JetSubCalc > 2) && (minDR_leadAK8otherAK8 < 3.0) && DataPastTrigger == 1 && isElectron==1
****************************************************************************************************
****************************************************************************************************
DISTRIBUTION: Tp2Mass
            -name in ljmet trees: Tprime2_ALGO_Mass
            -x-axis label is set to: ;M(T) [GeV])
            -using the binning as: [0.0, 60.0, 120.0, 180.0, 240.0, 300.0, 360.0, 420.0, 480.0, 540.0, 600.0, 660.0, 720.0, 780.0, 840.0, 900.0, 960.0, 1020.0, 1080.0, 1140.0, 1200.0, 1260.0, 1320.0, 1380.0, 1440.0, 1500.0, 1560.0, 1620.0, 1680.0, 1740.0, 1800.0, 1860.0, 1920.0, 1980.0, 2040.0, 2100.0, 2160.0, 2220.0, 2280.0, 2340.0, 2400.0, 2460.0, 2520.0, 2580.0, 2640.0, 2700.0, 2760.0, 2820.0, 2880.0, 2940.0, 3000.0]
/////////////////////////
PROCESSING:  TTM1700TZTZ
/////////////////////////
plotTreeName: Tprime2_BEST_Mass
Flavour: E #tag: isV_tZbW #algo: BEST
Weights: 1 * 1 * 1 * pileupWeight * 1 * lepIdSF * EGammaGsfSF * 1 * (MCWeight_singleLepCalc/abs(MCWeight_singleLepCalc)) * 1.73388570503e-05
Cuts: (leptonPt_singleLepCalc > 50) && (corr_met_singleLepCalc > 55) && (AK4HT > 480) && (minDR_lepJet > 0.4 || ptRel_lepJet > 40) && (NJetsAK8_JetSubCalc > 2) && (minDR_leadAK8otherAK8 < 3.0) && DataPastTrigger == 1 && isElectron==1
****************************************************************************************************
****************************************************************************************************
DISTRIBUTION: Tp2Mass
            -name in ljmet trees: Tprime2_ALGO_Mass
            -x-axis label is set to: ;M(T) [GeV])
            -using the binning as: [0.0, 60.0, 120.0, 180.0, 240.0, 300.0, 360.0, 420.0, 480.0, 540.0, 600.0, 660.0, 720.0, 780.0, 840.0, 900.0, 960.0, 1020.0, 1080.0, 1140.0, 1200.0, 1260.0, 1320.0, 1380.0, 1440.0, 1500.0, 1560.0, 1620.0, 1680.0, 1740.0, 1800.0, 1860.0, 1920.0, 1980.0, 2040.0, 2100.0, 2160.0, 2220.0, 2280.0, 2340.0, 2400.0, 2460.0, 2520.0, 2580.0, 2640.0, 2700.0, 2760.0, 2820.0, 2880.0, 2940.0, 3000.0]
/////////////////////////
PROCESSING:  TTM1700TZBW
/////////////////////////
plotTreeName: Tprime2_BEST_Mass
Flavour: E #tag: isV_tZbW #algo: BEST
Weights: 1 * 1 * 1 * pileupWeight * 1 * lepIdSF * EGammaGsfSF * 1 * (MCWeight_singleLepCalc/abs(MCWeight_singleLepCalc)) * 3.46777141005e-05
Cuts: (leptonPt_singleLepCalc > 50) && (corr_met_singleLepCalc > 55) && (AK4HT > 480) && (minDR_lepJet > 0.4 || ptRel_lepJet > 40) && (NJetsAK8_JetSubCalc > 2) && (minDR_leadAK8otherAK8 < 3.0) && DataPastTrigger == 1 && isElectron==1
****************************************************************************************************
****************************************************************************************************
DISTRIBUTION: Tp2Mass
            -name in ljmet trees: Tprime2_ALGO_Mass
            -x-axis label is set to: ;M(T) [GeV])
            -using the binning as: [0.0, 60.0, 120.0, 180.0, 240.0, 300.0, 360.0, 420.0, 480.0, 540.0, 600.0, 660.0, 720.0, 780.0, 840.0, 900.0, 960.0, 1020.0, 1080.0, 1140.0, 1200.0, 1260.0, 1320.0, 1380.0, 1440.0, 1500.0, 1560.0, 1620.0, 1680.0, 1740.0, 1800.0, 1860.0, 1920.0, 1980.0, 2040.0, 2100.0, 2160.0, 2220.0, 2280.0, 2340.0, 2400.0, 2460.0, 2520.0, 2580.0, 2640.0, 2700.0, 2760.0, 2820.0, 2880.0, 2940.0, 3000.0]
/////////////////////////
PROCESSING:  TTM1700THBW
/////////////////////////
plotTreeName: Tprime2_BEST_Mass
Flavour: E #tag: isV_tZbW #algo: BEST
Weights: 1 * 1 * 1 * pileupWeight * 1 * lepIdSF * EGammaGsfSF * 1 * (MCWeight_singleLepCalc/abs(MCWeight_singleLepCalc)) * 3.46777141005e-05
Cuts: (leptonPt_singleLepCalc > 50) && (corr_met_singleLepCalc > 55) && (AK4HT > 480) && (minDR_lepJet > 0.4 || ptRel_lepJet > 40) && (NJetsAK8_JetSubCalc > 2) && (minDR_leadAK8otherAK8 < 3.0) && DataPastTrigger == 1 && isElectron==1
****************************************************************************************************
****************************************************************************************************
DISTRIBUTION: Tp2Mass
            -name in ljmet trees: Tprime2_ALGO_Mass
            -x-axis label is set to: ;M(T) [GeV])
            -using the binning as: [0.0, 60.0, 120.0, 180.0, 240.0, 300.0, 360.0, 420.0, 480.0, 540.0, 600.0, 660.0, 720.0, 780.0, 840.0, 900.0, 960.0, 1020.0, 1080.0, 1140.0, 1200.0, 1260.0, 1320.0, 1380.0, 1440.0, 1500.0, 1560.0, 1620.0, 1680.0, 1740.0, 1800.0, 1860.0, 1920.0, 1980.0, 2040.0, 2100.0, 2160.0, 2220.0, 2280.0, 2340.0, 2400.0, 2460.0, 2520.0, 2580.0, 2640.0, 2700.0, 2760.0, 2820.0, 2880.0, 2940.0, 3000.0]
/////////////////////////
PROCESSING:  TTM1700TZTH
/////////////////////////
plotTreeName: Tprime2_BEST_Mass
Flavour: E #tag: isV_tZbW #algo: BEST
Weights: 1 * 1 * 1 * pileupWeight * 1 * lepIdSF * EGammaGsfSF * 1 * (MCWeight_singleLepCalc/abs(MCWeight_singleLepCalc)) * 1.73388570503e-05
Cuts: (leptonPt_singleLepCalc > 50) && (corr_met_singleLepCalc > 55) && (AK4HT > 480) && (minDR_lepJet > 0.4 || ptRel_lepJet > 40) && (NJetsAK8_JetSubCalc > 2) && (minDR_leadAK8otherAK8 < 3.0) && DataPastTrigger == 1 && isElectron==1
****************************************************************************************************
****************************************************************************************************
DISTRIBUTION: Tp2Mass
            -name in ljmet trees: Tprime2_ALGO_Mass
            -x-axis label is set to: ;M(T) [GeV])
            -using the binning as: [0.0, 60.0, 120.0, 180.0, 240.0, 300.0, 360.0, 420.0, 480.0, 540.0, 600.0, 660.0, 720.0, 780.0, 840.0, 900.0, 960.0, 1020.0, 1080.0, 1140.0, 1200.0, 1260.0, 1320.0, 1380.0, 1440.0, 1500.0, 1560.0, 1620.0, 1680.0, 1740.0, 1800.0, 1860.0, 1920.0, 1980.0, 2040.0, 2100.0, 2160.0, 2220.0, 2280.0, 2340.0, 2400.0, 2460.0, 2520.0, 2580.0, 2640.0, 2700.0, 2760.0, 2820.0, 2880.0, 2940.0, 3000.0]
/////////////////////////
PROCESSING:  TTM1800BWBW
/////////////////////////
plotTreeName: Tprime2_BEST_Mass
Flavour: E #tag: isV_tZbW #algo: BEST
Weights: 1 * 1 * 1 * pileupWeight * 1 * lepIdSF * EGammaGsfSF * 1 * (MCWeight_singleLepCalc/abs(MCWeight_singleLepCalc)) * 3.89579688164e-05
Cuts: (leptonPt_singleLepCalc > 50) && (corr_met_singleLepCalc > 55) && (AK4HT > 480) && (minDR_lepJet > 0.4 || ptRel_lepJet > 40) && (NJetsAK8_JetSubCalc > 2) && (minDR_leadAK8otherAK8 < 3.0) && DataPastTrigger == 1 && isElectron==1
****************************************************************************************************
****************************************************************************************************
DISTRIBUTION: Tp2Mass
            -name in ljmet trees: Tprime2_ALGO_Mass
            -x-axis label is set to: ;M(T) [GeV])
            -using the binning as: [0.0, 60.0, 120.0, 180.0, 240.0, 300.0, 360.0, 420.0, 480.0, 540.0, 600.0, 660.0, 720.0, 780.0, 840.0, 900.0, 960.0, 1020.0, 1080.0, 1140.0, 1200.0, 1260.0, 1320.0, 1380.0, 1440.0, 1500.0, 1560.0, 1620.0, 1680.0, 1740.0, 1800.0, 1860.0, 1920.0, 1980.0, 2040.0, 2100.0, 2160.0, 2220.0, 2280.0, 2340.0, 2400.0, 2460.0, 2520.0, 2580.0, 2640.0, 2700.0, 2760.0, 2820.0, 2880.0, 2940.0, 3000.0]
/////////////////////////
PROCESSING:  TTM1800THTH
/////////////////////////
plotTreeName: Tprime2_BEST_Mass
Flavour: E #tag: isV_tZbW #algo: BEST
Weights: 1 * 1 * 1 * pileupWeight * 1 * lepIdSF * EGammaGsfSF * 1 * (MCWeight_singleLepCalc/abs(MCWeight_singleLepCalc)) * 9.7394922041e-06
Cuts: (leptonPt_singleLepCalc > 50) && (corr_met_singleLepCalc > 55) && (AK4HT > 480) && (minDR_lepJet > 0.4 || ptRel_lepJet > 40) && (NJetsAK8_JetSubCalc > 2) && (minDR_leadAK8otherAK8 < 3.0) && DataPastTrigger == 1 && isElectron==1
****************************************************************************************************
****************************************************************************************************
DISTRIBUTION: Tp2Mass
            -name in ljmet trees: Tprime2_ALGO_Mass
            -x-axis label is set to: ;M(T) [GeV])
            -using the binning as: [0.0, 60.0, 120.0, 180.0, 240.0, 300.0, 360.0, 420.0, 480.0, 540.0, 600.0, 660.0, 720.0, 780.0, 840.0, 900.0, 960.0, 1020.0, 1080.0, 1140.0, 1200.0, 1260.0, 1320.0, 1380.0, 1440.0, 1500.0, 1560.0, 1620.0, 1680.0, 1740.0, 1800.0, 1860.0, 1920.0, 1980.0, 2040.0, 2100.0, 2160.0, 2220.0, 2280.0, 2340.0, 2400.0, 2460.0, 2520.0, 2580.0, 2640.0, 2700.0, 2760.0, 2820.0, 2880.0, 2940.0, 3000.0]
/////////////////////////
PROCESSING:  TTM1800TZTZ
/////////////////////////
plotTreeName: Tprime2_BEST_Mass
Flavour: E #tag: isV_tZbW #algo: BEST
Weights: 1 * 1 * 1 * pileupWeight * 1 * lepIdSF * EGammaGsfSF * 1 * (MCWeight_singleLepCalc/abs(MCWeight_singleLepCalc)) * 9.7394922041e-06
Cuts: (leptonPt_singleLepCalc > 50) && (corr_met_singleLepCalc > 55) && (AK4HT > 480) && (minDR_lepJet > 0.4 || ptRel_lepJet > 40) && (NJetsAK8_JetSubCalc > 2) && (minDR_leadAK8otherAK8 < 3.0) && DataPastTrigger == 1 && isElectron==1
****************************************************************************************************
****************************************************************************************************
DISTRIBUTION: Tp2Mass
            -name in ljmet trees: Tprime2_ALGO_Mass
            -x-axis label is set to: ;M(T) [GeV])
            -using the binning as: [0.0, 60.0, 120.0, 180.0, 240.0, 300.0, 360.0, 420.0, 480.0, 540.0, 600.0, 660.0, 720.0, 780.0, 840.0, 900.0, 960.0, 1020.0, 1080.0, 1140.0, 1200.0, 1260.0, 1320.0, 1380.0, 1440.0, 1500.0, 1560.0, 1620.0, 1680.0, 1740.0, 1800.0, 1860.0, 1920.0, 1980.0, 2040.0, 2100.0, 2160.0, 2220.0, 2280.0, 2340.0, 2400.0, 2460.0, 2520.0, 2580.0, 2640.0, 2700.0, 2760.0, 2820.0, 2880.0, 2940.0, 3000.0]
/////////////////////////
PROCESSING:  TTM1800TZBW
/////////////////////////
plotTreeName: Tprime2_BEST_Mass
Flavour: E #tag: isV_tZbW #algo: BEST
Weights: 1 * 1 * 1 * pileupWeight * 1 * lepIdSF * EGammaGsfSF * 1 * (MCWeight_singleLepCalc/abs(MCWeight_singleLepCalc)) * 1.94789844082e-05
Cuts: (leptonPt_singleLepCalc > 50) && (corr_met_singleLepCalc > 55) && (AK4HT > 480) && (minDR_lepJet > 0.4 || ptRel_lepJet > 40) && (NJetsAK8_JetSubCalc > 2) && (minDR_leadAK8otherAK8 < 3.0) && DataPastTrigger == 1 && isElectron==1
****************************************************************************************************
****************************************************************************************************
DISTRIBUTION: Tp2Mass
            -name in ljmet trees: Tprime2_ALGO_Mass
            -x-axis label is set to: ;M(T) [GeV])
            -using the binning as: [0.0, 60.0, 120.0, 180.0, 240.0, 300.0, 360.0, 420.0, 480.0, 540.0, 600.0, 660.0, 720.0, 780.0, 840.0, 900.0, 960.0, 1020.0, 1080.0, 1140.0, 1200.0, 1260.0, 1320.0, 1380.0, 1440.0, 1500.0, 1560.0, 1620.0, 1680.0, 1740.0, 1800.0, 1860.0, 1920.0, 1980.0, 2040.0, 2100.0, 2160.0, 2220.0, 2280.0, 2340.0, 2400.0, 2460.0, 2520.0, 2580.0, 2640.0, 2700.0, 2760.0, 2820.0, 2880.0, 2940.0, 3000.0]
/////////////////////////
PROCESSING:  TTM1800THBW
/////////////////////////
plotTreeName: Tprime2_BEST_Mass
Flavour: E #tag: isV_tZbW #algo: BEST
Weights: 1 * 1 * 1 * pileupWeight * 1 * lepIdSF * EGammaGsfSF * 1 * (MCWeight_singleLepCalc/abs(MCWeight_singleLepCalc)) * 1.94789844082e-05
Cuts: (leptonPt_singleLepCalc > 50) && (corr_met_singleLepCalc > 55) && (AK4HT > 480) && (minDR_lepJet > 0.4 || ptRel_lepJet > 40) && (NJetsAK8_JetSubCalc > 2) && (minDR_leadAK8otherAK8 < 3.0) && DataPastTrigger == 1 && isElectron==1
****************************************************************************************************
****************************************************************************************************
DISTRIBUTION: Tp2Mass
            -name in ljmet trees: Tprime2_ALGO_Mass
            -x-axis label is set to: ;M(T) [GeV])
            -using the binning as: [0.0, 60.0, 120.0, 180.0, 240.0, 300.0, 360.0, 420.0, 480.0, 540.0, 600.0, 660.0, 720.0, 780.0, 840.0, 900.0, 960.0, 1020.0, 1080.0, 1140.0, 1200.0, 1260.0, 1320.0, 1380.0, 1440.0, 1500.0, 1560.0, 1620.0, 1680.0, 1740.0, 1800.0, 1860.0, 1920.0, 1980.0, 2040.0, 2100.0, 2160.0, 2220.0, 2280.0, 2340.0, 2400.0, 2460.0, 2520.0, 2580.0, 2640.0, 2700.0, 2760.0, 2820.0, 2880.0, 2940.0, 3000.0]
/////////////////////////
PROCESSING:  TTM1800TZTH
/////////////////////////
plotTreeName: Tprime2_BEST_Mass
Flavour: E #tag: isV_tZbW #algo: BEST
Weights: 1 * 1 * 1 * pileupWeight * 1 * lepIdSF * EGammaGsfSF * 1 * (MCWeight_singleLepCalc/abs(MCWeight_singleLepCalc)) * 9.7394922041e-06
Cuts: (leptonPt_singleLepCalc > 50) && (corr_met_singleLepCalc > 55) && (AK4HT > 480) && (minDR_lepJet > 0.4 || ptRel_lepJet > 40) && (NJetsAK8_JetSubCalc > 2) && (minDR_leadAK8otherAK8 < 3.0) && DataPastTrigger == 1 && isElectron==1
****************************************************************************************************
****************************************************************************************************
DISTRIBUTION: Tp2Mass
            -name in ljmet trees: Tprime2_ALGO_Mass
            -x-axis label is set to: ;M(T) [GeV])
            -using the binning as: [0.0, 60.0, 120.0, 180.0, 240.0, 300.0, 360.0, 420.0, 480.0, 540.0, 600.0, 660.0, 720.0, 780.0, 840.0, 900.0, 960.0, 1020.0, 1080.0, 1140.0, 1200.0, 1260.0, 1320.0, 1380.0, 1440.0, 1500.0, 1560.0, 1620.0, 1680.0, 1740.0, 1800.0, 1860.0, 1920.0, 1980.0, 2040.0, 2100.0, 2160.0, 2220.0, 2280.0, 2340.0, 2400.0, 2460.0, 2520.0, 2580.0, 2640.0, 2700.0, 2760.0, 2820.0, 2880.0, 2940.0, 3000.0]
/////////////////////////
PROCESSING:  WJetsMG400
/////////////////////////
plotTreeName: Tprime2_DeepAK8_Mass
Flavour: E #tag: isV_tZbW #algo: DeepAK8
Weights: 1 * HTSF_Pol * 1 * pileupWeight * 1 * lepIdSF * EGammaGsfSF * 1 * (MCWeight_singleLepCalc/abs(MCWeight_singleLepCalc)) * 0.280770227538
Cuts: (leptonPt_singleLepCalc > 50) && (corr_met_singleLepCalc > 55) && (AK4HT > 480) && (minDR_lepJet > 0.4 || ptRel_lepJet > 40) && (NJetsAK8_JetSubCalc > 2) && (minDR_leadAK8otherAK8 < 3.0) && DataPastTrigger == 1 && isElectron==1
****************************************************************************************************
****************************************************************************************************
DISTRIBUTION: Tp2Mass
            -name in ljmet trees: Tprime2_ALGO_Mass
            -x-axis label is set to: ;M(T) [GeV])
            -using the binning as: [0.0, 60.0, 120.0, 180.0, 240.0, 300.0, 360.0, 420.0, 480.0, 540.0, 600.0, 660.0, 720.0, 780.0, 840.0, 900.0, 960.0, 1020.0, 1080.0, 1140.0, 1200.0, 1260.0, 1320.0, 1380.0, 1440.0, 1500.0, 1560.0, 1620.0, 1680.0, 1740.0, 1800.0, 1860.0, 1920.0, 1980.0, 2040.0, 2100.0, 2160.0, 2220.0, 2280.0, 2340.0, 2400.0, 2460.0, 2520.0, 2580.0, 2640.0, 2700.0, 2760.0, 2820.0, 2880.0, 2940.0, 3000.0]
/////////////////////////
PROCESSING:  WJetsMG600
/////////////////////////
plotTreeName: Tprime2_DeepAK8_Mass
Flavour: E #tag: isV_tZbW #algo: DeepAK8
Weights: 1 * HTSF_Pol * 1 * pileupWeight * 1 * lepIdSF * EGammaGsfSF * 1 * (MCWeight_singleLepCalc/abs(MCWeight_singleLepCalc)) * 0.0287233231554
Cuts: (leptonPt_singleLepCalc > 50) && (corr_met_singleLepCalc > 55) && (AK4HT > 480) && (minDR_lepJet > 0.4 || ptRel_lepJet > 40) && (NJetsAK8_JetSubCalc > 2) && (minDR_leadAK8otherAK8 < 3.0) && DataPastTrigger == 1 && isElectron==1
****************************************************************************************************
****************************************************************************************************
DISTRIBUTION: Tp2Mass
            -name in ljmet trees: Tprime2_ALGO_Mass
            -x-axis label is set to: ;M(T) [GeV])
            -using the binning as: [0.0, 60.0, 120.0, 180.0, 240.0, 300.0, 360.0, 420.0, 480.0, 540.0, 600.0, 660.0, 720.0, 780.0, 840.0, 900.0, 960.0, 1020.0, 1080.0, 1140.0, 1200.0, 1260.0, 1320.0, 1380.0, 1440.0, 1500.0, 1560.0, 1620.0, 1680.0, 1740.0, 1800.0, 1860.0, 1920.0, 1980.0, 2040.0, 2100.0, 2160.0, 2220.0, 2280.0, 2340.0, 2400.0, 2460.0, 2520.0, 2580.0, 2640.0, 2700.0, 2760.0, 2820.0, 2880.0, 2940.0, 3000.0]
/////////////////////////
PROCESSING:  WJetsMG800
/////////////////////////
plotTreeName: Tprime2_DeepAK8_Mass
Flavour: E #tag: isV_tZbW #algo: DeepAK8
Weights: 1 * HTSF_Pol * 1 * pileupWeight * 1 * lepIdSF * EGammaGsfSF * 1 * (MCWeight_singleLepCalc/abs(MCWeight_singleLepCalc)) * 0.0316367902594
Cuts: (leptonPt_singleLepCalc > 50) && (corr_met_singleLepCalc > 55) && (AK4HT > 480) && (minDR_lepJet > 0.4 || ptRel_lepJet > 40) && (NJetsAK8_JetSubCalc > 2) && (minDR_leadAK8otherAK8 < 3.0) && DataPastTrigger == 1 && isElectron==1
****************************************************************************************************
****************************************************************************************************
DISTRIBUTION: Tp2Mass
            -name in ljmet trees: Tprime2_ALGO_Mass
            -x-axis label is set to: ;M(T) [GeV])
            -using the binning as: [0.0, 60.0, 120.0, 180.0, 240.0, 300.0, 360.0, 420.0, 480.0, 540.0, 600.0, 660.0, 720.0, 780.0, 840.0, 900.0, 960.0, 1020.0, 1080.0, 1140.0, 1200.0, 1260.0, 1320.0, 1380.0, 1440.0, 1500.0, 1560.0, 1620.0, 1680.0, 1740.0, 1800.0, 1860.0, 1920.0, 1980.0, 2040.0, 2100.0, 2160.0, 2220.0, 2280.0, 2340.0, 2400.0, 2460.0, 2520.0, 2580.0, 2640.0, 2700.0, 2760.0, 2820.0, 2880.0, 2940.0, 3000.0]
/////////////////////////
PROCESSING:  WJetsMG1200
/////////////////////////
plotTreeName: Tprime2_DeepAK8_Mass
Flavour: E #tag: isV_tZbW #algo: DeepAK8
Weights: 1 * HTSF_Pol * 1 * pileupWeight * 1 * lepIdSF * EGammaGsfSF * 1 * (MCWeight_singleLepCalc/abs(MCWeight_singleLepCalc)) * 0.00861414819858
Cuts: (leptonPt_singleLepCalc > 50) && (corr_met_singleLepCalc > 55) && (AK4HT > 480) && (minDR_lepJet > 0.4 || ptRel_lepJet > 40) && (NJetsAK8_JetSubCalc > 2) && (minDR_leadAK8otherAK8 < 3.0) && DataPastTrigger == 1 && isElectron==1
****************************************************************************************************
****************************************************************************************************
DISTRIBUTION: Tp2Mass
            -name in ljmet trees: Tprime2_ALGO_Mass
            -x-axis label is set to: ;M(T) [GeV])
            -using the binning as: [0.0, 60.0, 120.0, 180.0, 240.0, 300.0, 360.0, 420.0, 480.0, 540.0, 600.0, 660.0, 720.0, 780.0, 840.0, 900.0, 960.0, 1020.0, 1080.0, 1140.0, 1200.0, 1260.0, 1320.0, 1380.0, 1440.0, 1500.0, 1560.0, 1620.0, 1680.0, 1740.0, 1800.0, 1860.0, 1920.0, 1980.0, 2040.0, 2100.0, 2160.0, 2220.0, 2280.0, 2340.0, 2400.0, 2460.0, 2520.0, 2580.0, 2640.0, 2700.0, 2760.0, 2820.0, 2880.0, 2940.0, 3000.0]
/////////////////////////
PROCESSING:  WJetsMG2500
/////////////////////////
plotTreeName: Tprime2_DeepAK8_Mass
Flavour: E #tag: isV_tZbW #algo: DeepAK8
Weights: 1 * HTSF_Pol * 1 * pileupWeight * 1 * lepIdSF * EGammaGsfSF * 1 * (MCWeight_singleLepCalc/abs(MCWeight_singleLepCalc)) * 0.00054308661217
Cuts: (leptonPt_singleLepCalc > 50) && (corr_met_singleLepCalc > 55) && (AK4HT > 480) && (minDR_lepJet > 0.4 || ptRel_lepJet > 40) && (NJetsAK8_JetSubCalc > 2) && (minDR_leadAK8otherAK8 < 3.0) && DataPastTrigger == 1 && isElectron==1
****************************************************************************************************
****************************************************************************************************
DISTRIBUTION: Tp2Mass
            -name in ljmet trees: Tprime2_ALGO_Mass
            -x-axis label is set to: ;M(T) [GeV])
            -using the binning as: [0.0, 60.0, 120.0, 180.0, 240.0, 300.0, 360.0, 420.0, 480.0, 540.0, 600.0, 660.0, 720.0, 780.0, 840.0, 900.0, 960.0, 1020.0, 1080.0, 1140.0, 1200.0, 1260.0, 1320.0, 1380.0, 1440.0, 1500.0, 1560.0, 1620.0, 1680.0, 1740.0, 1800.0, 1860.0, 1920.0, 1980.0, 2040.0, 2100.0, 2160.0, 2220.0, 2280.0, 2340.0, 2400.0, 2460.0, 2520.0, 2580.0, 2640.0, 2700.0, 2760.0, 2820.0, 2880.0, 2940.0, 3000.0]
/////////////////////////
PROCESSING:  TTM1100BWBW
/////////////////////////
plotTreeName: Tprime2_DeepAK8_Mass
Flavour: E #tag: isV_tZbW #algo: DeepAK8
Weights: 1 * 1 * 1 * pileupWeight * 1 * lepIdSF * EGammaGsfSF * 1 * (MCWeight_singleLepCalc/abs(MCWeight_singleLepCalc)) * 0.00223239916536
Cuts: (leptonPt_singleLepCalc > 50) && (corr_met_singleLepCalc > 55) && (AK4HT > 480) && (minDR_lepJet > 0.4 || ptRel_lepJet > 40) && (NJetsAK8_JetSubCalc > 2) && (minDR_leadAK8otherAK8 < 3.0) && DataPastTrigger == 1 && isElectron==1
****************************************************************************************************
****************************************************************************************************
DISTRIBUTION: Tp2Mass
            -name in ljmet trees: Tprime2_ALGO_Mass
            -x-axis label is set to: ;M(T) [GeV])
            -using the binning as: [0.0, 60.0, 120.0, 180.0, 240.0, 300.0, 360.0, 420.0, 480.0, 540.0, 600.0, 660.0, 720.0, 780.0, 840.0, 900.0, 960.0, 1020.0, 1080.0, 1140.0, 1200.0, 1260.0, 1320.0, 1380.0, 1440.0, 1500.0, 1560.0, 1620.0, 1680.0, 1740.0, 1800.0, 1860.0, 1920.0, 1980.0, 2040.0, 2100.0, 2160.0, 2220.0, 2280.0, 2340.0, 2400.0, 2460.0, 2520.0, 2580.0, 2640.0, 2700.0, 2760.0, 2820.0, 2880.0, 2940.0, 3000.0]
/////////////////////////
PROCESSING:  TTM1100THTH
/////////////////////////
plotTreeName: Tprime2_DeepAK8_Mass
Flavour: E #tag: isV_tZbW #algo: DeepAK8
Weights: 1 * 1 * 1 * pileupWeight * 1 * lepIdSF * EGammaGsfSF * 1 * (MCWeight_singleLepCalc/abs(MCWeight_singleLepCalc)) * 0.000558099791339
Cuts: (leptonPt_singleLepCalc > 50) && (corr_met_singleLepCalc > 55) && (AK4HT > 480) && (minDR_lepJet > 0.4 || ptRel_lepJet > 40) && (NJetsAK8_JetSubCalc > 2) && (minDR_leadAK8otherAK8 < 3.0) && DataPastTrigger == 1 && isElectron==1
****************************************************************************************************
****************************************************************************************************
DISTRIBUTION: Tp2Mass
            -name in ljmet trees: Tprime2_ALGO_Mass
            -x-axis label is set to: ;M(T) [GeV])
            -using the binning as: [0.0, 60.0, 120.0, 180.0, 240.0, 300.0, 360.0, 420.0, 480.0, 540.0, 600.0, 660.0, 720.0, 780.0, 840.0, 900.0, 960.0, 1020.0, 1080.0, 1140.0, 1200.0, 1260.0, 1320.0, 1380.0, 1440.0, 1500.0, 1560.0, 1620.0, 1680.0, 1740.0, 1800.0, 1860.0, 1920.0, 1980.0, 2040.0, 2100.0, 2160.0, 2220.0, 2280.0, 2340.0, 2400.0, 2460.0, 2520.0, 2580.0, 2640.0, 2700.0, 2760.0, 2820.0, 2880.0, 2940.0, 3000.0]
/////////////////////////
PROCESSING:  TTM1100TZTZ
/////////////////////////
plotTreeName: Tprime2_DeepAK8_Mass
Flavour: E #tag: isV_tZbW #algo: DeepAK8
Weights: 1 * 1 * 1 * pileupWeight * 1 * lepIdSF * EGammaGsfSF * 1 * (MCWeight_singleLepCalc/abs(MCWeight_singleLepCalc)) * 0.000558099791339
Cuts: (leptonPt_singleLepCalc > 50) && (corr_met_singleLepCalc > 55) && (AK4HT > 480) && (minDR_lepJet > 0.4 || ptRel_lepJet > 40) && (NJetsAK8_JetSubCalc > 2) && (minDR_leadAK8otherAK8 < 3.0) && DataPastTrigger == 1 && isElectron==1
****************************************************************************************************
****************************************************************************************************
DISTRIBUTION: Tp2Mass
            -name in ljmet trees: Tprime2_ALGO_Mass
            -x-axis label is set to: ;M(T) [GeV])
            -using the binning as: [0.0, 60.0, 120.0, 180.0, 240.0, 300.0, 360.0, 420.0, 480.0, 540.0, 600.0, 660.0, 720.0, 780.0, 840.0, 900.0, 960.0, 1020.0, 1080.0, 1140.0, 1200.0, 1260.0, 1320.0, 1380.0, 1440.0, 1500.0, 1560.0, 1620.0, 1680.0, 1740.0, 1800.0, 1860.0, 1920.0, 1980.0, 2040.0, 2100.0, 2160.0, 2220.0, 2280.0, 2340.0, 2400.0, 2460.0, 2520.0, 2580.0, 2640.0, 2700.0, 2760.0, 2820.0, 2880.0, 2940.0, 3000.0]
/////////////////////////
PROCESSING:  TTM1100TZBW
/////////////////////////
plotTreeName: Tprime2_DeepAK8_Mass
Flavour: E #tag: isV_tZbW #algo: DeepAK8
Weights: 1 * 1 * 1 * pileupWeight * 1 * lepIdSF * EGammaGsfSF * 1 * (MCWeight_singleLepCalc/abs(MCWeight_singleLepCalc)) * 0.00111619958268
Cuts: (leptonPt_singleLepCalc > 50) && (corr_met_singleLepCalc > 55) && (AK4HT > 480) && (minDR_lepJet > 0.4 || ptRel_lepJet > 40) && (NJetsAK8_JetSubCalc > 2) && (minDR_leadAK8otherAK8 < 3.0) && DataPastTrigger == 1 && isElectron==1
****************************************************************************************************
****************************************************************************************************
DISTRIBUTION: Tp2Mass
            -name in ljmet trees: Tprime2_ALGO_Mass
            -x-axis label is set to: ;M(T) [GeV])
            -using the binning as: [0.0, 60.0, 120.0, 180.0, 240.0, 300.0, 360.0, 420.0, 480.0, 540.0, 600.0, 660.0, 720.0, 780.0, 840.0, 900.0, 960.0, 1020.0, 1080.0, 1140.0, 1200.0, 1260.0, 1320.0, 1380.0, 1440.0, 1500.0, 1560.0, 1620.0, 1680.0, 1740.0, 1800.0, 1860.0, 1920.0, 1980.0, 2040.0, 2100.0, 2160.0, 2220.0, 2280.0, 2340.0, 2400.0, 2460.0, 2520.0, 2580.0, 2640.0, 2700.0, 2760.0, 2820.0, 2880.0, 2940.0, 3000.0]
/////////////////////////
PROCESSING:  TTM1100THBW
/////////////////////////
plotTreeName: Tprime2_DeepAK8_Mass
Flavour: E #tag: isV_tZbW #algo: DeepAK8
Weights: 1 * 1 * 1 * pileupWeight * 1 * lepIdSF * EGammaGsfSF * 1 * (MCWeight_singleLepCalc/abs(MCWeight_singleLepCalc)) * 0.00111619958268
Cuts: (leptonPt_singleLepCalc > 50) && (corr_met_singleLepCalc > 55) && (AK4HT > 480) && (minDR_lepJet > 0.4 || ptRel_lepJet > 40) && (NJetsAK8_JetSubCalc > 2) && (minDR_leadAK8otherAK8 < 3.0) && DataPastTrigger == 1 && isElectron==1
****************************************************************************************************
****************************************************************************************************
DISTRIBUTION: Tp2Mass
            -name in ljmet trees: Tprime2_ALGO_Mass
            -x-axis label is set to: ;M(T) [GeV])
            -using the binning as: [0.0, 60.0, 120.0, 180.0, 240.0, 300.0, 360.0, 420.0, 480.0, 540.0, 600.0, 660.0, 720.0, 780.0, 840.0, 900.0, 960.0, 1020.0, 1080.0, 1140.0, 1200.0, 1260.0, 1320.0, 1380.0, 1440.0, 1500.0, 1560.0, 1620.0, 1680.0, 1740.0, 1800.0, 1860.0, 1920.0, 1980.0, 2040.0, 2100.0, 2160.0, 2220.0, 2280.0, 2340.0, 2400.0, 2460.0, 2520.0, 2580.0, 2640.0, 2700.0, 2760.0, 2820.0, 2880.0, 2940.0, 3000.0]
/////////////////////////
PROCESSING:  TTM1100TZTH
/////////////////////////
plotTreeName: Tprime2_DeepAK8_Mass
Flavour: E #tag: isV_tZbW #algo: DeepAK8
Weights: 1 * 1 * 1 * pileupWeight * 1 * lepIdSF * EGammaGsfSF * 1 * (MCWeight_singleLepCalc/abs(MCWeight_singleLepCalc)) * 0.000558099791339
Cuts: (leptonPt_singleLepCalc > 50) && (corr_met_singleLepCalc > 55) && (AK4HT > 480) && (minDR_lepJet > 0.4 || ptRel_lepJet > 40) && (NJetsAK8_JetSubCalc > 2) && (minDR_leadAK8otherAK8 < 3.0) && DataPastTrigger == 1 && isElectron==1
****************************************************************************************************
****************************************************************************************************
DISTRIBUTION: Tp2Mass
            -name in ljmet trees: Tprime2_ALGO_Mass
            -x-axis label is set to: ;M(T) [GeV])
            -using the binning as: [0.0, 60.0, 120.0, 180.0, 240.0, 300.0, 360.0, 420.0, 480.0, 540.0, 600.0, 660.0, 720.0, 780.0, 840.0, 900.0, 960.0, 1020.0, 1080.0, 1140.0, 1200.0, 1260.0, 1320.0, 1380.0, 1440.0, 1500.0, 1560.0, 1620.0, 1680.0, 1740.0, 1800.0, 1860.0, 1920.0, 1980.0, 2040.0, 2100.0, 2160.0, 2220.0, 2280.0, 2340.0, 2400.0, 2460.0, 2520.0, 2580.0, 2640.0, 2700.0, 2760.0, 2820.0, 2880.0, 2940.0, 3000.0]
/////////////////////////
PROCESSING:  TTM1200BWBW
/////////////////////////
plotTreeName: Tprime2_DeepAK8_Mass
Flavour: E #tag: isV_tZbW #algo: DeepAK8
Weights: 1 * 1 * 1 * pileupWeight * 1 * lepIdSF * EGammaGsfSF * 1 * (MCWeight_singleLepCalc/abs(MCWeight_singleLepCalc)) * 0.00117627847652
Cuts: (leptonPt_singleLepCalc > 50) && (corr_met_singleLepCalc > 55) && (AK4HT > 480) && (minDR_lepJet > 0.4 || ptRel_lepJet > 40) && (NJetsAK8_JetSubCalc > 2) && (minDR_leadAK8otherAK8 < 3.0) && DataPastTrigger == 1 && isElectron==1
****************************************************************************************************
****************************************************************************************************
DISTRIBUTION: Tp2Mass
            -name in ljmet trees: Tprime2_ALGO_Mass
            -x-axis label is set to: ;M(T) [GeV])
            -using the binning as: [0.0, 60.0, 120.0, 180.0, 240.0, 300.0, 360.0, 420.0, 480.0, 540.0, 600.0, 660.0, 720.0, 780.0, 840.0, 900.0, 960.0, 1020.0, 1080.0, 1140.0, 1200.0, 1260.0, 1320.0, 1380.0, 1440.0, 1500.0, 1560.0, 1620.0, 1680.0, 1740.0, 1800.0, 1860.0, 1920.0, 1980.0, 2040.0, 2100.0, 2160.0, 2220.0, 2280.0, 2340.0, 2400.0, 2460.0, 2520.0, 2580.0, 2640.0, 2700.0, 2760.0, 2820.0, 2880.0, 2940.0, 3000.0]
/////////////////////////
PROCESSING:  TTM1200THTH
/////////////////////////
plotTreeName: Tprime2_DeepAK8_Mass
Flavour: E #tag: isV_tZbW #algo: DeepAK8
Weights: 1 * 1 * 1 * pileupWeight * 1 * lepIdSF * EGammaGsfSF * 1 * (MCWeight_singleLepCalc/abs(MCWeight_singleLepCalc)) * 0.00029406961913
Cuts: (leptonPt_singleLepCalc > 50) && (corr_met_singleLepCalc > 55) && (AK4HT > 480) && (minDR_lepJet > 0.4 || ptRel_lepJet > 40) && (NJetsAK8_JetSubCalc > 2) && (minDR_leadAK8otherAK8 < 3.0) && DataPastTrigger == 1 && isElectron==1
****************************************************************************************************
****************************************************************************************************
DISTRIBUTION: Tp2Mass
            -name in ljmet trees: Tprime2_ALGO_Mass
            -x-axis label is set to: ;M(T) [GeV])
            -using the binning as: [0.0, 60.0, 120.0, 180.0, 240.0, 300.0, 360.0, 420.0, 480.0, 540.0, 600.0, 660.0, 720.0, 780.0, 840.0, 900.0, 960.0, 1020.0, 1080.0, 1140.0, 1200.0, 1260.0, 1320.0, 1380.0, 1440.0, 1500.0, 1560.0, 1620.0, 1680.0, 1740.0, 1800.0, 1860.0, 1920.0, 1980.0, 2040.0, 2100.0, 2160.0, 2220.0, 2280.0, 2340.0, 2400.0, 2460.0, 2520.0, 2580.0, 2640.0, 2700.0, 2760.0, 2820.0, 2880.0, 2940.0, 3000.0]
/////////////////////////
PROCESSING:  TTM1200TZTZ
/////////////////////////
plotTreeName: Tprime2_DeepAK8_Mass
Flavour: E #tag: isV_tZbW #algo: DeepAK8
Weights: 1 * 1 * 1 * pileupWeight * 1 * lepIdSF * EGammaGsfSF * 1 * (MCWeight_singleLepCalc/abs(MCWeight_singleLepCalc)) * 0.00029406961913
Cuts: (leptonPt_singleLepCalc > 50) && (corr_met_singleLepCalc > 55) && (AK4HT > 480) && (minDR_lepJet > 0.4 || ptRel_lepJet > 40) && (NJetsAK8_JetSubCalc > 2) && (minDR_leadAK8otherAK8 < 3.0) && DataPastTrigger == 1 && isElectron==1
****************************************************************************************************
****************************************************************************************************
DISTRIBUTION: Tp2Mass
            -name in ljmet trees: Tprime2_ALGO_Mass
            -x-axis label is set to: ;M(T) [GeV])
            -using the binning as: [0.0, 60.0, 120.0, 180.0, 240.0, 300.0, 360.0, 420.0, 480.0, 540.0, 600.0, 660.0, 720.0, 780.0, 840.0, 900.0, 960.0, 1020.0, 1080.0, 1140.0, 1200.0, 1260.0, 1320.0, 1380.0, 1440.0, 1500.0, 1560.0, 1620.0, 1680.0, 1740.0, 1800.0, 1860.0, 1920.0, 1980.0, 2040.0, 2100.0, 2160.0, 2220.0, 2280.0, 2340.0, 2400.0, 2460.0, 2520.0, 2580.0, 2640.0, 2700.0, 2760.0, 2820.0, 2880.0, 2940.0, 3000.0]
/////////////////////////
PROCESSING:  TTM1200TZBW
/////////////////////////
plotTreeName: Tprime2_DeepAK8_Mass
Flavour: E #tag: isV_tZbW #algo: DeepAK8
Weights: 1 * 1 * 1 * pileupWeight * 1 * lepIdSF * EGammaGsfSF * 1 * (MCWeight_singleLepCalc/abs(MCWeight_singleLepCalc)) * 0.000588139238259
Cuts: (leptonPt_singleLepCalc > 50) && (corr_met_singleLepCalc > 55) && (AK4HT > 480) && (minDR_lepJet > 0.4 || ptRel_lepJet > 40) && (NJetsAK8_JetSubCalc > 2) && (minDR_leadAK8otherAK8 < 3.0) && DataPastTrigger == 1 && isElectron==1
****************************************************************************************************
****************************************************************************************************
DISTRIBUTION: Tp2Mass
            -name in ljmet trees: Tprime2_ALGO_Mass
            -x-axis label is set to: ;M(T) [GeV])
            -using the binning as: [0.0, 60.0, 120.0, 180.0, 240.0, 300.0, 360.0, 420.0, 480.0, 540.0, 600.0, 660.0, 720.0, 780.0, 840.0, 900.0, 960.0, 1020.0, 1080.0, 1140.0, 1200.0, 1260.0, 1320.0, 1380.0, 1440.0, 1500.0, 1560.0, 1620.0, 1680.0, 1740.0, 1800.0, 1860.0, 1920.0, 1980.0, 2040.0, 2100.0, 2160.0, 2220.0, 2280.0, 2340.0, 2400.0, 2460.0, 2520.0, 2580.0, 2640.0, 2700.0, 2760.0, 2820.0, 2880.0, 2940.0, 3000.0]
/////////////////////////
PROCESSING:  TTM1200THBW
/////////////////////////
plotTreeName: Tprime2_DeepAK8_Mass
Flavour: E #tag: isV_tZbW #algo: DeepAK8
Weights: 1 * 1 * 1 * pileupWeight * 1 * lepIdSF * EGammaGsfSF * 1 * (MCWeight_singleLepCalc/abs(MCWeight_singleLepCalc)) * 0.000588139238259
Cuts: (leptonPt_singleLepCalc > 50) && (corr_met_singleLepCalc > 55) && (AK4HT > 480) && (minDR_lepJet > 0.4 || ptRel_lepJet > 40) && (NJetsAK8_JetSubCalc > 2) && (minDR_leadAK8otherAK8 < 3.0) && DataPastTrigger == 1 && isElectron==1
****************************************************************************************************
****************************************************************************************************
DISTRIBUTION: Tp2Mass
            -name in ljmet trees: Tprime2_ALGO_Mass
            -x-axis label is set to: ;M(T) [GeV])
            -using the binning as: [0.0, 60.0, 120.0, 180.0, 240.0, 300.0, 360.0, 420.0, 480.0, 540.0, 600.0, 660.0, 720.0, 780.0, 840.0, 900.0, 960.0, 1020.0, 1080.0, 1140.0, 1200.0, 1260.0, 1320.0, 1380.0, 1440.0, 1500.0, 1560.0, 1620.0, 1680.0, 1740.0, 1800.0, 1860.0, 1920.0, 1980.0, 2040.0, 2100.0, 2160.0, 2220.0, 2280.0, 2340.0, 2400.0, 2460.0, 2520.0, 2580.0, 2640.0, 2700.0, 2760.0, 2820.0, 2880.0, 2940.0, 3000.0]
/////////////////////////
PROCESSING:  TTM1200TZTH
/////////////////////////
plotTreeName: Tprime2_DeepAK8_Mass
Flavour: E #tag: isV_tZbW #algo: DeepAK8
Weights: 1 * 1 * 1 * pileupWeight * 1 * lepIdSF * EGammaGsfSF * 1 * (MCWeight_singleLepCalc/abs(MCWeight_singleLepCalc)) * 0.00029406961913
Cuts: (leptonPt_singleLepCalc > 50) && (corr_met_singleLepCalc > 55) && (AK4HT > 480) && (minDR_lepJet > 0.4 || ptRel_lepJet > 40) && (NJetsAK8_JetSubCalc > 2) && (minDR_leadAK8otherAK8 < 3.0) && DataPastTrigger == 1 && isElectron==1
****************************************************************************************************
****************************************************************************************************
DISTRIBUTION: Tp2Mass
            -name in ljmet trees: Tprime2_ALGO_Mass
            -x-axis label is set to: ;M(T) [GeV])
            -using the binning as: [0.0, 60.0, 120.0, 180.0, 240.0, 300.0, 360.0, 420.0, 480.0, 540.0, 600.0, 660.0, 720.0, 780.0, 840.0, 900.0, 960.0, 1020.0, 1080.0, 1140.0, 1200.0, 1260.0, 1320.0, 1380.0, 1440.0, 1500.0, 1560.0, 1620.0, 1680.0, 1740.0, 1800.0, 1860.0, 1920.0, 1980.0, 2040.0, 2100.0, 2160.0, 2220.0, 2280.0, 2340.0, 2400.0, 2460.0, 2520.0, 2580.0, 2640.0, 2700.0, 2760.0, 2820.0, 2880.0, 2940.0, 3000.0]
/////////////////////////
PROCESSING:  TTM1300BWBW
/////////////////////////
plotTreeName: Tprime2_DeepAK8_Mass
Flavour: E #tag: isV_tZbW #algo: DeepAK8
Weights: 1 * 1 * 1 * pileupWeight * 1 * lepIdSF * EGammaGsfSF * 1 * (MCWeight_singleLepCalc/abs(MCWeight_singleLepCalc)) * 0.00063821114509
Cuts: (leptonPt_singleLepCalc > 50) && (corr_met_singleLepCalc > 55) && (AK4HT > 480) && (minDR_lepJet > 0.4 || ptRel_lepJet > 40) && (NJetsAK8_JetSubCalc > 2) && (minDR_leadAK8otherAK8 < 3.0) && DataPastTrigger == 1 && isElectron==1
****************************************************************************************************
****************************************************************************************************
DISTRIBUTION: Tp2Mass
            -name in ljmet trees: Tprime2_ALGO_Mass
            -x-axis label is set to: ;M(T) [GeV])
            -using the binning as: [0.0, 60.0, 120.0, 180.0, 240.0, 300.0, 360.0, 420.0, 480.0, 540.0, 600.0, 660.0, 720.0, 780.0, 840.0, 900.0, 960.0, 1020.0, 1080.0, 1140.0, 1200.0, 1260.0, 1320.0, 1380.0, 1440.0, 1500.0, 1560.0, 1620.0, 1680.0, 1740.0, 1800.0, 1860.0, 1920.0, 1980.0, 2040.0, 2100.0, 2160.0, 2220.0, 2280.0, 2340.0, 2400.0, 2460.0, 2520.0, 2580.0, 2640.0, 2700.0, 2760.0, 2820.0, 2880.0, 2940.0, 3000.0]
/////////////////////////
PROCESSING:  TTM1300THTH
/////////////////////////
plotTreeName: Tprime2_DeepAK8_Mass
Flavour: E #tag: isV_tZbW #algo: DeepAK8
Weights: 1 * 1 * 1 * pileupWeight * 1 * lepIdSF * EGammaGsfSF * 1 * (MCWeight_singleLepCalc/abs(MCWeight_singleLepCalc)) * 0.000159552786272
Cuts: (leptonPt_singleLepCalc > 50) && (corr_met_singleLepCalc > 55) && (AK4HT > 480) && (minDR_lepJet > 0.4 || ptRel_lepJet > 40) && (NJetsAK8_JetSubCalc > 2) && (minDR_leadAK8otherAK8 < 3.0) && DataPastTrigger == 1 && isElectron==1
****************************************************************************************************
****************************************************************************************************
DISTRIBUTION: Tp2Mass
            -name in ljmet trees: Tprime2_ALGO_Mass
            -x-axis label is set to: ;M(T) [GeV])
            -using the binning as: [0.0, 60.0, 120.0, 180.0, 240.0, 300.0, 360.0, 420.0, 480.0, 540.0, 600.0, 660.0, 720.0, 780.0, 840.0, 900.0, 960.0, 1020.0, 1080.0, 1140.0, 1200.0, 1260.0, 1320.0, 1380.0, 1440.0, 1500.0, 1560.0, 1620.0, 1680.0, 1740.0, 1800.0, 1860.0, 1920.0, 1980.0, 2040.0, 2100.0, 2160.0, 2220.0, 2280.0, 2340.0, 2400.0, 2460.0, 2520.0, 2580.0, 2640.0, 2700.0, 2760.0, 2820.0, 2880.0, 2940.0, 3000.0]
/////////////////////////
PROCESSING:  TTM1300TZTZ
/////////////////////////
plotTreeName: Tprime2_DeepAK8_Mass
Flavour: E #tag: isV_tZbW #algo: DeepAK8
Weights: 1 * 1 * 1 * pileupWeight * 1 * lepIdSF * EGammaGsfSF * 1 * (MCWeight_singleLepCalc/abs(MCWeight_singleLepCalc)) * 0.000159552786272
Cuts: (leptonPt_singleLepCalc > 50) && (corr_met_singleLepCalc > 55) && (AK4HT > 480) && (minDR_lepJet > 0.4 || ptRel_lepJet > 40) && (NJetsAK8_JetSubCalc > 2) && (minDR_leadAK8otherAK8 < 3.0) && DataPastTrigger == 1 && isElectron==1
****************************************************************************************************
****************************************************************************************************
DISTRIBUTION: Tp2Mass
            -name in ljmet trees: Tprime2_ALGO_Mass
            -x-axis label is set to: ;M(T) [GeV])
            -using the binning as: [0.0, 60.0, 120.0, 180.0, 240.0, 300.0, 360.0, 420.0, 480.0, 540.0, 600.0, 660.0, 720.0, 780.0, 840.0, 900.0, 960.0, 1020.0, 1080.0, 1140.0, 1200.0, 1260.0, 1320.0, 1380.0, 1440.0, 1500.0, 1560.0, 1620.0, 1680.0, 1740.0, 1800.0, 1860.0, 1920.0, 1980.0, 2040.0, 2100.0, 2160.0, 2220.0, 2280.0, 2340.0, 2400.0, 2460.0, 2520.0, 2580.0, 2640.0, 2700.0, 2760.0, 2820.0, 2880.0, 2940.0, 3000.0]
/////////////////////////
PROCESSING:  TTM1300TZBW
/////////////////////////
plotTreeName: Tprime2_DeepAK8_Mass
Flavour: E #tag: isV_tZbW #algo: DeepAK8
Weights: 1 * 1 * 1 * pileupWeight * 1 * lepIdSF * EGammaGsfSF * 1 * (MCWeight_singleLepCalc/abs(MCWeight_singleLepCalc)) * 0.000319105572545
Cuts: (leptonPt_singleLepCalc > 50) && (corr_met_singleLepCalc > 55) && (AK4HT > 480) && (minDR_lepJet > 0.4 || ptRel_lepJet > 40) && (NJetsAK8_JetSubCalc > 2) && (minDR_leadAK8otherAK8 < 3.0) && DataPastTrigger == 1 && isElectron==1
****************************************************************************************************
****************************************************************************************************
DISTRIBUTION: Tp2Mass
            -name in ljmet trees: Tprime2_ALGO_Mass
            -x-axis label is set to: ;M(T) [GeV])
            -using the binning as: [0.0, 60.0, 120.0, 180.0, 240.0, 300.0, 360.0, 420.0, 480.0, 540.0, 600.0, 660.0, 720.0, 780.0, 840.0, 900.0, 960.0, 1020.0, 1080.0, 1140.0, 1200.0, 1260.0, 1320.0, 1380.0, 1440.0, 1500.0, 1560.0, 1620.0, 1680.0, 1740.0, 1800.0, 1860.0, 1920.0, 1980.0, 2040.0, 2100.0, 2160.0, 2220.0, 2280.0, 2340.0, 2400.0, 2460.0, 2520.0, 2580.0, 2640.0, 2700.0, 2760.0, 2820.0, 2880.0, 2940.0, 3000.0]
/////////////////////////
PROCESSING:  TTM1300THBW
/////////////////////////
plotTreeName: Tprime2_DeepAK8_Mass
Flavour: E #tag: isV_tZbW #algo: DeepAK8
Weights: 1 * 1 * 1 * pileupWeight * 1 * lepIdSF * EGammaGsfSF * 1 * (MCWeight_singleLepCalc/abs(MCWeight_singleLepCalc)) * 0.000319105572545
Cuts: (leptonPt_singleLepCalc > 50) && (corr_met_singleLepCalc > 55) && (AK4HT > 480) && (minDR_lepJet > 0.4 || ptRel_lepJet > 40) && (NJetsAK8_JetSubCalc > 2) && (minDR_leadAK8otherAK8 < 3.0) && DataPastTrigger == 1 && isElectron==1
****************************************************************************************************
****************************************************************************************************
DISTRIBUTION: Tp2Mass
            -name in ljmet trees: Tprime2_ALGO_Mass
            -x-axis label is set to: ;M(T) [GeV])
            -using the binning as: [0.0, 60.0, 120.0, 180.0, 240.0, 300.0, 360.0, 420.0, 480.0, 540.0, 600.0, 660.0, 720.0, 780.0, 840.0, 900.0, 960.0, 1020.0, 1080.0, 1140.0, 1200.0, 1260.0, 1320.0, 1380.0, 1440.0, 1500.0, 1560.0, 1620.0, 1680.0, 1740.0, 1800.0, 1860.0, 1920.0, 1980.0, 2040.0, 2100.0, 2160.0, 2220.0, 2280.0, 2340.0, 2400.0, 2460.0, 2520.0, 2580.0, 2640.0, 2700.0, 2760.0, 2820.0, 2880.0, 2940.0, 3000.0]
/////////////////////////
PROCESSING:  TTM1300TZTH
/////////////////////////
plotTreeName: Tprime2_DeepAK8_Mass
Flavour: E #tag: isV_tZbW #algo: DeepAK8
Weights: 1 * 1 * 1 * pileupWeight * 1 * lepIdSF * EGammaGsfSF * 1 * (MCWeight_singleLepCalc/abs(MCWeight_singleLepCalc)) * 0.000159552786272
Cuts: (leptonPt_singleLepCalc > 50) && (corr_met_singleLepCalc > 55) && (AK4HT > 480) && (minDR_lepJet > 0.4 || ptRel_lepJet > 40) && (NJetsAK8_JetSubCalc > 2) && (minDR_leadAK8otherAK8 < 3.0) && DataPastTrigger == 1 && isElectron==1
****************************************************************************************************
****************************************************************************************************
DISTRIBUTION: Tp2Mass
            -name in ljmet trees: Tprime2_ALGO_Mass
            -x-axis label is set to: ;M(T) [GeV])
            -using the binning as: [0.0, 60.0, 120.0, 180.0, 240.0, 300.0, 360.0, 420.0, 480.0, 540.0, 600.0, 660.0, 720.0, 780.0, 840.0, 900.0, 960.0, 1020.0, 1080.0, 1140.0, 1200.0, 1260.0, 1320.0, 1380.0, 1440.0, 1500.0, 1560.0, 1620.0, 1680.0, 1740.0, 1800.0, 1860.0, 1920.0, 1980.0, 2040.0, 2100.0, 2160.0, 2220.0, 2280.0, 2340.0, 2400.0, 2460.0, 2520.0, 2580.0, 2640.0, 2700.0, 2760.0, 2820.0, 2880.0, 2940.0, 3000.0]
/////////////////////////
PROCESSING:  TTM1400BWBW
/////////////////////////
plotTreeName: Tprime2_DeepAK8_Mass
Flavour: E #tag: isV_tZbW #algo: DeepAK8
Weights: 1 * 1 * 1 * pileupWeight * 1 * lepIdSF * EGammaGsfSF * 1 * (MCWeight_singleLepCalc/abs(MCWeight_singleLepCalc)) * 0.000352883542956
Cuts: (leptonPt_singleLepCalc > 50) && (corr_met_singleLepCalc > 55) && (AK4HT > 480) && (minDR_lepJet > 0.4 || ptRel_lepJet > 40) && (NJetsAK8_JetSubCalc > 2) && (minDR_leadAK8otherAK8 < 3.0) && DataPastTrigger == 1 && isElectron==1
****************************************************************************************************
****************************************************************************************************
DISTRIBUTION: Tp2Mass
            -name in ljmet trees: Tprime2_ALGO_Mass
            -x-axis label is set to: ;M(T) [GeV])
            -using the binning as: [0.0, 60.0, 120.0, 180.0, 240.0, 300.0, 360.0, 420.0, 480.0, 540.0, 600.0, 660.0, 720.0, 780.0, 840.0, 900.0, 960.0, 1020.0, 1080.0, 1140.0, 1200.0, 1260.0, 1320.0, 1380.0, 1440.0, 1500.0, 1560.0, 1620.0, 1680.0, 1740.0, 1800.0, 1860.0, 1920.0, 1980.0, 2040.0, 2100.0, 2160.0, 2220.0, 2280.0, 2340.0, 2400.0, 2460.0, 2520.0, 2580.0, 2640.0, 2700.0, 2760.0, 2820.0, 2880.0, 2940.0, 3000.0]
/////////////////////////
PROCESSING:  TTM1400THTH
/////////////////////////
plotTreeName: Tprime2_DeepAK8_Mass
Flavour: E #tag: isV_tZbW #algo: DeepAK8
Weights: 1 * 1 * 1 * pileupWeight * 1 * lepIdSF * EGammaGsfSF * 1 * (MCWeight_singleLepCalc/abs(MCWeight_singleLepCalc)) * 8.82208857389e-05
Cuts: (leptonPt_singleLepCalc > 50) && (corr_met_singleLepCalc > 55) && (AK4HT > 480) && (minDR_lepJet > 0.4 || ptRel_lepJet > 40) && (NJetsAK8_JetSubCalc > 2) && (minDR_leadAK8otherAK8 < 3.0) && DataPastTrigger == 1 && isElectron==1
****************************************************************************************************
****************************************************************************************************
DISTRIBUTION: Tp2Mass
            -name in ljmet trees: Tprime2_ALGO_Mass
            -x-axis label is set to: ;M(T) [GeV])
            -using the binning as: [0.0, 60.0, 120.0, 180.0, 240.0, 300.0, 360.0, 420.0, 480.0, 540.0, 600.0, 660.0, 720.0, 780.0, 840.0, 900.0, 960.0, 1020.0, 1080.0, 1140.0, 1200.0, 1260.0, 1320.0, 1380.0, 1440.0, 1500.0, 1560.0, 1620.0, 1680.0, 1740.0, 1800.0, 1860.0, 1920.0, 1980.0, 2040.0, 2100.0, 2160.0, 2220.0, 2280.0, 2340.0, 2400.0, 2460.0, 2520.0, 2580.0, 2640.0, 2700.0, 2760.0, 2820.0, 2880.0, 2940.0, 3000.0]
/////////////////////////
PROCESSING:  TTM1400TZTZ
/////////////////////////
plotTreeName: Tprime2_DeepAK8_Mass
Flavour: E #tag: isV_tZbW #algo: DeepAK8
Weights: 1 * 1 * 1 * pileupWeight * 1 * lepIdSF * EGammaGsfSF * 1 * (MCWeight_singleLepCalc/abs(MCWeight_singleLepCalc)) * 8.82208857389e-05
Cuts: (leptonPt_singleLepCalc > 50) && (corr_met_singleLepCalc > 55) && (AK4HT > 480) && (minDR_lepJet > 0.4 || ptRel_lepJet > 40) && (NJetsAK8_JetSubCalc > 2) && (minDR_leadAK8otherAK8 < 3.0) && DataPastTrigger == 1 && isElectron==1
****************************************************************************************************
****************************************************************************************************
DISTRIBUTION: Tp2Mass
            -name in ljmet trees: Tprime2_ALGO_Mass
            -x-axis label is set to: ;M(T) [GeV])
            -using the binning as: [0.0, 60.0, 120.0, 180.0, 240.0, 300.0, 360.0, 420.0, 480.0, 540.0, 600.0, 660.0, 720.0, 780.0, 840.0, 900.0, 960.0, 1020.0, 1080.0, 1140.0, 1200.0, 1260.0, 1320.0, 1380.0, 1440.0, 1500.0, 1560.0, 1620.0, 1680.0, 1740.0, 1800.0, 1860.0, 1920.0, 1980.0, 2040.0, 2100.0, 2160.0, 2220.0, 2280.0, 2340.0, 2400.0, 2460.0, 2520.0, 2580.0, 2640.0, 2700.0, 2760.0, 2820.0, 2880.0, 2940.0, 3000.0]
/////////////////////////
PROCESSING:  TTM1400TZBW
/////////////////////////
plotTreeName: Tprime2_DeepAK8_Mass
Flavour: E #tag: isV_tZbW #algo: DeepAK8
Weights: 1 * 1 * 1 * pileupWeight * 1 * lepIdSF * EGammaGsfSF * 1 * (MCWeight_singleLepCalc/abs(MCWeight_singleLepCalc)) * 0.000176441771478
Cuts: (leptonPt_singleLepCalc > 50) && (corr_met_singleLepCalc > 55) && (AK4HT > 480) && (minDR_lepJet > 0.4 || ptRel_lepJet > 40) && (NJetsAK8_JetSubCalc > 2) && (minDR_leadAK8otherAK8 < 3.0) && DataPastTrigger == 1 && isElectron==1
****************************************************************************************************
****************************************************************************************************
DISTRIBUTION: Tp2Mass
            -name in ljmet trees: Tprime2_ALGO_Mass
            -x-axis label is set to: ;M(T) [GeV])
            -using the binning as: [0.0, 60.0, 120.0, 180.0, 240.0, 300.0, 360.0, 420.0, 480.0, 540.0, 600.0, 660.0, 720.0, 780.0, 840.0, 900.0, 960.0, 1020.0, 1080.0, 1140.0, 1200.0, 1260.0, 1320.0, 1380.0, 1440.0, 1500.0, 1560.0, 1620.0, 1680.0, 1740.0, 1800.0, 1860.0, 1920.0, 1980.0, 2040.0, 2100.0, 2160.0, 2220.0, 2280.0, 2340.0, 2400.0, 2460.0, 2520.0, 2580.0, 2640.0, 2700.0, 2760.0, 2820.0, 2880.0, 2940.0, 3000.0]
/////////////////////////
PROCESSING:  TTM1400THBW
/////////////////////////
plotTreeName: Tprime2_DeepAK8_Mass
Flavour: E #tag: isV_tZbW #algo: DeepAK8
Weights: 1 * 1 * 1 * pileupWeight * 1 * lepIdSF * EGammaGsfSF * 1 * (MCWeight_singleLepCalc/abs(MCWeight_singleLepCalc)) * 0.000176441771478
Cuts: (leptonPt_singleLepCalc > 50) && (corr_met_singleLepCalc > 55) && (AK4HT > 480) && (minDR_lepJet > 0.4 || ptRel_lepJet > 40) && (NJetsAK8_JetSubCalc > 2) && (minDR_leadAK8otherAK8 < 3.0) && DataPastTrigger == 1 && isElectron==1
****************************************************************************************************
****************************************************************************************************
DISTRIBUTION: Tp2Mass
            -name in ljmet trees: Tprime2_ALGO_Mass
            -x-axis label is set to: ;M(T) [GeV])
            -using the binning as: [0.0, 60.0, 120.0, 180.0, 240.0, 300.0, 360.0, 420.0, 480.0, 540.0, 600.0, 660.0, 720.0, 780.0, 840.0, 900.0, 960.0, 1020.0, 1080.0, 1140.0, 1200.0, 1260.0, 1320.0, 1380.0, 1440.0, 1500.0, 1560.0, 1620.0, 1680.0, 1740.0, 1800.0, 1860.0, 1920.0, 1980.0, 2040.0, 2100.0, 2160.0, 2220.0, 2280.0, 2340.0, 2400.0, 2460.0, 2520.0, 2580.0, 2640.0, 2700.0, 2760.0, 2820.0, 2880.0, 2940.0, 3000.0]
/////////////////////////
PROCESSING:  TTM1400TZTH
/////////////////////////
plotTreeName: Tprime2_DeepAK8_Mass
Flavour: E #tag: isV_tZbW #algo: DeepAK8
Weights: 1 * 1 * 1 * pileupWeight * 1 * lepIdSF * EGammaGsfSF * 1 * (MCWeight_singleLepCalc/abs(MCWeight_singleLepCalc)) * 8.82208857389e-05
Cuts: (leptonPt_singleLepCalc > 50) && (corr_met_singleLepCalc > 55) && (AK4HT > 480) && (minDR_lepJet > 0.4 || ptRel_lepJet > 40) && (NJetsAK8_JetSubCalc > 2) && (minDR_leadAK8otherAK8 < 3.0) && DataPastTrigger == 1 && isElectron==1
****************************************************************************************************
****************************************************************************************************
DISTRIBUTION: Tp2Mass
            -name in ljmet trees: Tprime2_ALGO_Mass
            -x-axis label is set to: ;M(T) [GeV])
            -using the binning as: [0.0, 60.0, 120.0, 180.0, 240.0, 300.0, 360.0, 420.0, 480.0, 540.0, 600.0, 660.0, 720.0, 780.0, 840.0, 900.0, 960.0, 1020.0, 1080.0, 1140.0, 1200.0, 1260.0, 1320.0, 1380.0, 1440.0, 1500.0, 1560.0, 1620.0, 1680.0, 1740.0, 1800.0, 1860.0, 1920.0, 1980.0, 2040.0, 2100.0, 2160.0, 2220.0, 2280.0, 2340.0, 2400.0, 2460.0, 2520.0, 2580.0, 2640.0, 2700.0, 2760.0, 2820.0, 2880.0, 2940.0, 3000.0]
/////////////////////////
PROCESSING:  TTM1500BWBW
/////////////////////////
plotTreeName: Tprime2_DeepAK8_Mass
Flavour: E #tag: isV_tZbW #algo: DeepAK8
Weights: 1 * 1 * 1 * pileupWeight * 1 * lepIdSF * EGammaGsfSF * 1 * (MCWeight_singleLepCalc/abs(MCWeight_singleLepCalc)) * 0.00019932135405
Cuts: (leptonPt_singleLepCalc > 50) && (corr_met_singleLepCalc > 55) && (AK4HT > 480) && (minDR_lepJet > 0.4 || ptRel_lepJet > 40) && (NJetsAK8_JetSubCalc > 2) && (minDR_leadAK8otherAK8 < 3.0) && DataPastTrigger == 1 && isElectron==1
****************************************************************************************************
****************************************************************************************************
DISTRIBUTION: Tp2Mass
            -name in ljmet trees: Tprime2_ALGO_Mass
            -x-axis label is set to: ;M(T) [GeV])
            -using the binning as: [0.0, 60.0, 120.0, 180.0, 240.0, 300.0, 360.0, 420.0, 480.0, 540.0, 600.0, 660.0, 720.0, 780.0, 840.0, 900.0, 960.0, 1020.0, 1080.0, 1140.0, 1200.0, 1260.0, 1320.0, 1380.0, 1440.0, 1500.0, 1560.0, 1620.0, 1680.0, 1740.0, 1800.0, 1860.0, 1920.0, 1980.0, 2040.0, 2100.0, 2160.0, 2220.0, 2280.0, 2340.0, 2400.0, 2460.0, 2520.0, 2580.0, 2640.0, 2700.0, 2760.0, 2820.0, 2880.0, 2940.0, 3000.0]
/////////////////////////
PROCESSING:  TTM1500THTH
/////////////////////////
plotTreeName: Tprime2_DeepAK8_Mass
Flavour: E #tag: isV_tZbW #algo: DeepAK8
Weights: 1 * 1 * 1 * pileupWeight * 1 * lepIdSF * EGammaGsfSF * 1 * (MCWeight_singleLepCalc/abs(MCWeight_singleLepCalc)) * 4.98303385124e-05
Cuts: (leptonPt_singleLepCalc > 50) && (corr_met_singleLepCalc > 55) && (AK4HT > 480) && (minDR_lepJet > 0.4 || ptRel_lepJet > 40) && (NJetsAK8_JetSubCalc > 2) && (minDR_leadAK8otherAK8 < 3.0) && DataPastTrigger == 1 && isElectron==1
****************************************************************************************************
****************************************************************************************************
DISTRIBUTION: Tp2Mass
            -name in ljmet trees: Tprime2_ALGO_Mass
            -x-axis label is set to: ;M(T) [GeV])
            -using the binning as: [0.0, 60.0, 120.0, 180.0, 240.0, 300.0, 360.0, 420.0, 480.0, 540.0, 600.0, 660.0, 720.0, 780.0, 840.0, 900.0, 960.0, 1020.0, 1080.0, 1140.0, 1200.0, 1260.0, 1320.0, 1380.0, 1440.0, 1500.0, 1560.0, 1620.0, 1680.0, 1740.0, 1800.0, 1860.0, 1920.0, 1980.0, 2040.0, 2100.0, 2160.0, 2220.0, 2280.0, 2340.0, 2400.0, 2460.0, 2520.0, 2580.0, 2640.0, 2700.0, 2760.0, 2820.0, 2880.0, 2940.0, 3000.0]
/////////////////////////
PROCESSING:  TTM1500TZTZ
/////////////////////////
plotTreeName: Tprime2_DeepAK8_Mass
Flavour: E #tag: isV_tZbW #algo: DeepAK8
Weights: 1 * 1 * 1 * pileupWeight * 1 * lepIdSF * EGammaGsfSF * 1 * (MCWeight_singleLepCalc/abs(MCWeight_singleLepCalc)) * 4.98303385124e-05
Cuts: (leptonPt_singleLepCalc > 50) && (corr_met_singleLepCalc > 55) && (AK4HT > 480) && (minDR_lepJet > 0.4 || ptRel_lepJet > 40) && (NJetsAK8_JetSubCalc > 2) && (minDR_leadAK8otherAK8 < 3.0) && DataPastTrigger == 1 && isElectron==1
****************************************************************************************************
****************************************************************************************************
DISTRIBUTION: Tp2Mass
            -name in ljmet trees: Tprime2_ALGO_Mass
            -x-axis label is set to: ;M(T) [GeV])
            -using the binning as: [0.0, 60.0, 120.0, 180.0, 240.0, 300.0, 360.0, 420.0, 480.0, 540.0, 600.0, 660.0, 720.0, 780.0, 840.0, 900.0, 960.0, 1020.0, 1080.0, 1140.0, 1200.0, 1260.0, 1320.0, 1380.0, 1440.0, 1500.0, 1560.0, 1620.0, 1680.0, 1740.0, 1800.0, 1860.0, 1920.0, 1980.0, 2040.0, 2100.0, 2160.0, 2220.0, 2280.0, 2340.0, 2400.0, 2460.0, 2520.0, 2580.0, 2640.0, 2700.0, 2760.0, 2820.0, 2880.0, 2940.0, 3000.0]
/////////////////////////
PROCESSING:  TTM1500TZBW
/////////////////////////
plotTreeName: Tprime2_DeepAK8_Mass
Flavour: E #tag: isV_tZbW #algo: DeepAK8
Weights: 1 * 1 * 1 * pileupWeight * 1 * lepIdSF * EGammaGsfSF * 1 * (MCWeight_singleLepCalc/abs(MCWeight_singleLepCalc)) * 9.96606770248e-05
Cuts: (leptonPt_singleLepCalc > 50) && (corr_met_singleLepCalc > 55) && (AK4HT > 480) && (minDR_lepJet > 0.4 || ptRel_lepJet > 40) && (NJetsAK8_JetSubCalc > 2) && (minDR_leadAK8otherAK8 < 3.0) && DataPastTrigger == 1 && isElectron==1
****************************************************************************************************
****************************************************************************************************
DISTRIBUTION: Tp2Mass
            -name in ljmet trees: Tprime2_ALGO_Mass
            -x-axis label is set to: ;M(T) [GeV])
            -using the binning as: [0.0, 60.0, 120.0, 180.0, 240.0, 300.0, 360.0, 420.0, 480.0, 540.0, 600.0, 660.0, 720.0, 780.0, 840.0, 900.0, 960.0, 1020.0, 1080.0, 1140.0, 1200.0, 1260.0, 1320.0, 1380.0, 1440.0, 1500.0, 1560.0, 1620.0, 1680.0, 1740.0, 1800.0, 1860.0, 1920.0, 1980.0, 2040.0, 2100.0, 2160.0, 2220.0, 2280.0, 2340.0, 2400.0, 2460.0, 2520.0, 2580.0, 2640.0, 2700.0, 2760.0, 2820.0, 2880.0, 2940.0, 3000.0]
/////////////////////////
PROCESSING:  TTM1500THBW
/////////////////////////
plotTreeName: Tprime2_DeepAK8_Mass
Flavour: E #tag: isV_tZbW #algo: DeepAK8
Weights: 1 * 1 * 1 * pileupWeight * 1 * lepIdSF * EGammaGsfSF * 1 * (MCWeight_singleLepCalc/abs(MCWeight_singleLepCalc)) * 9.96606770248e-05
Cuts: (leptonPt_singleLepCalc > 50) && (corr_met_singleLepCalc > 55) && (AK4HT > 480) && (minDR_lepJet > 0.4 || ptRel_lepJet > 40) && (NJetsAK8_JetSubCalc > 2) && (minDR_leadAK8otherAK8 < 3.0) && DataPastTrigger == 1 && isElectron==1
****************************************************************************************************
****************************************************************************************************
DISTRIBUTION: Tp2Mass
            -name in ljmet trees: Tprime2_ALGO_Mass
            -x-axis label is set to: ;M(T) [GeV])
            -using the binning as: [0.0, 60.0, 120.0, 180.0, 240.0, 300.0, 360.0, 420.0, 480.0, 540.0, 600.0, 660.0, 720.0, 780.0, 840.0, 900.0, 960.0, 1020.0, 1080.0, 1140.0, 1200.0, 1260.0, 1320.0, 1380.0, 1440.0, 1500.0, 1560.0, 1620.0, 1680.0, 1740.0, 1800.0, 1860.0, 1920.0, 1980.0, 2040.0, 2100.0, 2160.0, 2220.0, 2280.0, 2340.0, 2400.0, 2460.0, 2520.0, 2580.0, 2640.0, 2700.0, 2760.0, 2820.0, 2880.0, 2940.0, 3000.0]
/////////////////////////
PROCESSING:  TTM1500TZTH
/////////////////////////
plotTreeName: Tprime2_DeepAK8_Mass
Flavour: E #tag: isV_tZbW #algo: DeepAK8
Weights: 1 * 1 * 1 * pileupWeight * 1 * lepIdSF * EGammaGsfSF * 1 * (MCWeight_singleLepCalc/abs(MCWeight_singleLepCalc)) * 4.98303385124e-05
Cuts: (leptonPt_singleLepCalc > 50) && (corr_met_singleLepCalc > 55) && (AK4HT > 480) && (minDR_lepJet > 0.4 || ptRel_lepJet > 40) && (NJetsAK8_JetSubCalc > 2) && (minDR_leadAK8otherAK8 < 3.0) && DataPastTrigger == 1 && isElectron==1
****************************************************************************************************
****************************************************************************************************
DISTRIBUTION: Tp2Mass
            -name in ljmet trees: Tprime2_ALGO_Mass
            -x-axis label is set to: ;M(T) [GeV])
            -using the binning as: [0.0, 60.0, 120.0, 180.0, 240.0, 300.0, 360.0, 420.0, 480.0, 540.0, 600.0, 660.0, 720.0, 780.0, 840.0, 900.0, 960.0, 1020.0, 1080.0, 1140.0, 1200.0, 1260.0, 1320.0, 1380.0, 1440.0, 1500.0, 1560.0, 1620.0, 1680.0, 1740.0, 1800.0, 1860.0, 1920.0, 1980.0, 2040.0, 2100.0, 2160.0, 2220.0, 2280.0, 2340.0, 2400.0, 2460.0, 2520.0, 2580.0, 2640.0, 2700.0, 2760.0, 2820.0, 2880.0, 2940.0, 3000.0]
/////////////////////////
PROCESSING:  TTM1600BWBW
/////////////////////////
plotTreeName: Tprime2_DeepAK8_Mass
Flavour: E #tag: isV_tZbW #algo: DeepAK8
Weights: 1 * 1 * 1 * pileupWeight * 1 * lepIdSF * EGammaGsfSF * 1 * (MCWeight_singleLepCalc/abs(MCWeight_singleLepCalc)) * 0.000114437939919
Cuts: (leptonPt_singleLepCalc > 50) && (corr_met_singleLepCalc > 55) && (AK4HT > 480) && (minDR_lepJet > 0.4 || ptRel_lepJet > 40) && (NJetsAK8_JetSubCalc > 2) && (minDR_leadAK8otherAK8 < 3.0) && DataPastTrigger == 1 && isElectron==1
****************************************************************************************************
****************************************************************************************************
DISTRIBUTION: Tp2Mass
            -name in ljmet trees: Tprime2_ALGO_Mass
            -x-axis label is set to: ;M(T) [GeV])
            -using the binning as: [0.0, 60.0, 120.0, 180.0, 240.0, 300.0, 360.0, 420.0, 480.0, 540.0, 600.0, 660.0, 720.0, 780.0, 840.0, 900.0, 960.0, 1020.0, 1080.0, 1140.0, 1200.0, 1260.0, 1320.0, 1380.0, 1440.0, 1500.0, 1560.0, 1620.0, 1680.0, 1740.0, 1800.0, 1860.0, 1920.0, 1980.0, 2040.0, 2100.0, 2160.0, 2220.0, 2280.0, 2340.0, 2400.0, 2460.0, 2520.0, 2580.0, 2640.0, 2700.0, 2760.0, 2820.0, 2880.0, 2940.0, 3000.0]
/////////////////////////
PROCESSING:  TTM1600THTH
/////////////////////////
plotTreeName: Tprime2_DeepAK8_Mass
Flavour: E #tag: isV_tZbW #algo: DeepAK8
Weights: 1 * 1 * 1 * pileupWeight * 1 * lepIdSF * EGammaGsfSF * 1 * (MCWeight_singleLepCalc/abs(MCWeight_singleLepCalc)) * 2.86094849797e-05
Cuts: (leptonPt_singleLepCalc > 50) && (corr_met_singleLepCalc > 55) && (AK4HT > 480) && (minDR_lepJet > 0.4 || ptRel_lepJet > 40) && (NJetsAK8_JetSubCalc > 2) && (minDR_leadAK8otherAK8 < 3.0) && DataPastTrigger == 1 && isElectron==1
****************************************************************************************************
****************************************************************************************************
DISTRIBUTION: Tp2Mass
            -name in ljmet trees: Tprime2_ALGO_Mass
            -x-axis label is set to: ;M(T) [GeV])
            -using the binning as: [0.0, 60.0, 120.0, 180.0, 240.0, 300.0, 360.0, 420.0, 480.0, 540.0, 600.0, 660.0, 720.0, 780.0, 840.0, 900.0, 960.0, 1020.0, 1080.0, 1140.0, 1200.0, 1260.0, 1320.0, 1380.0, 1440.0, 1500.0, 1560.0, 1620.0, 1680.0, 1740.0, 1800.0, 1860.0, 1920.0, 1980.0, 2040.0, 2100.0, 2160.0, 2220.0, 2280.0, 2340.0, 2400.0, 2460.0, 2520.0, 2580.0, 2640.0, 2700.0, 2760.0, 2820.0, 2880.0, 2940.0, 3000.0]
/////////////////////////
PROCESSING:  TTM1600TZTZ
/////////////////////////
plotTreeName: Tprime2_DeepAK8_Mass
Flavour: E #tag: isV_tZbW #algo: DeepAK8
Weights: 1 * 1 * 1 * pileupWeight * 1 * lepIdSF * EGammaGsfSF * 1 * (MCWeight_singleLepCalc/abs(MCWeight_singleLepCalc)) * 2.86094849797e-05
Cuts: (leptonPt_singleLepCalc > 50) && (corr_met_singleLepCalc > 55) && (AK4HT > 480) && (minDR_lepJet > 0.4 || ptRel_lepJet > 40) && (NJetsAK8_JetSubCalc > 2) && (minDR_leadAK8otherAK8 < 3.0) && DataPastTrigger == 1 && isElectron==1
****************************************************************************************************
****************************************************************************************************
DISTRIBUTION: Tp2Mass
            -name in ljmet trees: Tprime2_ALGO_Mass
            -x-axis label is set to: ;M(T) [GeV])
            -using the binning as: [0.0, 60.0, 120.0, 180.0, 240.0, 300.0, 360.0, 420.0, 480.0, 540.0, 600.0, 660.0, 720.0, 780.0, 840.0, 900.0, 960.0, 1020.0, 1080.0, 1140.0, 1200.0, 1260.0, 1320.0, 1380.0, 1440.0, 1500.0, 1560.0, 1620.0, 1680.0, 1740.0, 1800.0, 1860.0, 1920.0, 1980.0, 2040.0, 2100.0, 2160.0, 2220.0, 2280.0, 2340.0, 2400.0, 2460.0, 2520.0, 2580.0, 2640.0, 2700.0, 2760.0, 2820.0, 2880.0, 2940.0, 3000.0]
/////////////////////////
PROCESSING:  TTM1600TZBW
/////////////////////////
plotTreeName: Tprime2_DeepAK8_Mass
Flavour: E #tag: isV_tZbW #algo: DeepAK8
Weights: 1 * 1 * 1 * pileupWeight * 1 * lepIdSF * EGammaGsfSF * 1 * (MCWeight_singleLepCalc/abs(MCWeight_singleLepCalc)) * 5.72189699595e-05
Cuts: (leptonPt_singleLepCalc > 50) && (corr_met_singleLepCalc > 55) && (AK4HT > 480) && (minDR_lepJet > 0.4 || ptRel_lepJet > 40) && (NJetsAK8_JetSubCalc > 2) && (minDR_leadAK8otherAK8 < 3.0) && DataPastTrigger == 1 && isElectron==1
****************************************************************************************************
****************************************************************************************************
DISTRIBUTION: Tp2Mass
            -name in ljmet trees: Tprime2_ALGO_Mass
            -x-axis label is set to: ;M(T) [GeV])
            -using the binning as: [0.0, 60.0, 120.0, 180.0, 240.0, 300.0, 360.0, 420.0, 480.0, 540.0, 600.0, 660.0, 720.0, 780.0, 840.0, 900.0, 960.0, 1020.0, 1080.0, 1140.0, 1200.0, 1260.0, 1320.0, 1380.0, 1440.0, 1500.0, 1560.0, 1620.0, 1680.0, 1740.0, 1800.0, 1860.0, 1920.0, 1980.0, 2040.0, 2100.0, 2160.0, 2220.0, 2280.0, 2340.0, 2400.0, 2460.0, 2520.0, 2580.0, 2640.0, 2700.0, 2760.0, 2820.0, 2880.0, 2940.0, 3000.0]
/////////////////////////
PROCESSING:  TTM1600THBW
/////////////////////////
plotTreeName: Tprime2_DeepAK8_Mass
Flavour: E #tag: isV_tZbW #algo: DeepAK8
Weights: 1 * 1 * 1 * pileupWeight * 1 * lepIdSF * EGammaGsfSF * 1 * (MCWeight_singleLepCalc/abs(MCWeight_singleLepCalc)) * 5.72189699595e-05
Cuts: (leptonPt_singleLepCalc > 50) && (corr_met_singleLepCalc > 55) && (AK4HT > 480) && (minDR_lepJet > 0.4 || ptRel_lepJet > 40) && (NJetsAK8_JetSubCalc > 2) && (minDR_leadAK8otherAK8 < 3.0) && DataPastTrigger == 1 && isElectron==1
****************************************************************************************************
****************************************************************************************************
DISTRIBUTION: Tp2Mass
            -name in ljmet trees: Tprime2_ALGO_Mass
            -x-axis label is set to: ;M(T) [GeV])
            -using the binning as: [0.0, 60.0, 120.0, 180.0, 240.0, 300.0, 360.0, 420.0, 480.0, 540.0, 600.0, 660.0, 720.0, 780.0, 840.0, 900.0, 960.0, 1020.0, 1080.0, 1140.0, 1200.0, 1260.0, 1320.0, 1380.0, 1440.0, 1500.0, 1560.0, 1620.0, 1680.0, 1740.0, 1800.0, 1860.0, 1920.0, 1980.0, 2040.0, 2100.0, 2160.0, 2220.0, 2280.0, 2340.0, 2400.0, 2460.0, 2520.0, 2580.0, 2640.0, 2700.0, 2760.0, 2820.0, 2880.0, 2940.0, 3000.0]
/////////////////////////
PROCESSING:  TTM1600TZTH
/////////////////////////
plotTreeName: Tprime2_DeepAK8_Mass
Flavour: E #tag: isV_tZbW #algo: DeepAK8
Weights: 1 * 1 * 1 * pileupWeight * 1 * lepIdSF * EGammaGsfSF * 1 * (MCWeight_singleLepCalc/abs(MCWeight_singleLepCalc)) * 2.86094849797e-05
Cuts: (leptonPt_singleLepCalc > 50) && (corr_met_singleLepCalc > 55) && (AK4HT > 480) && (minDR_lepJet > 0.4 || ptRel_lepJet > 40) && (NJetsAK8_JetSubCalc > 2) && (minDR_leadAK8otherAK8 < 3.0) && DataPastTrigger == 1 && isElectron==1
****************************************************************************************************
****************************************************************************************************
DISTRIBUTION: Tp2Mass
            -name in ljmet trees: Tprime2_ALGO_Mass
            -x-axis label is set to: ;M(T) [GeV])
            -using the binning as: [0.0, 60.0, 120.0, 180.0, 240.0, 300.0, 360.0, 420.0, 480.0, 540.0, 600.0, 660.0, 720.0, 780.0, 840.0, 900.0, 960.0, 1020.0, 1080.0, 1140.0, 1200.0, 1260.0, 1320.0, 1380.0, 1440.0, 1500.0, 1560.0, 1620.0, 1680.0, 1740.0, 1800.0, 1860.0, 1920.0, 1980.0, 2040.0, 2100.0, 2160.0, 2220.0, 2280.0, 2340.0, 2400.0, 2460.0, 2520.0, 2580.0, 2640.0, 2700.0, 2760.0, 2820.0, 2880.0, 2940.0, 3000.0]
/////////////////////////
PROCESSING:  TTM1700BWBW
/////////////////////////
plotTreeName: Tprime2_DeepAK8_Mass
Flavour: E #tag: isV_tZbW #algo: DeepAK8
Weights: 1 * 1 * 1 * pileupWeight * 1 * lepIdSF * EGammaGsfSF * 1 * (MCWeight_singleLepCalc/abs(MCWeight_singleLepCalc)) * 6.93554282011e-05
Cuts: (leptonPt_singleLepCalc > 50) && (corr_met_singleLepCalc > 55) && (AK4HT > 480) && (minDR_lepJet > 0.4 || ptRel_lepJet > 40) && (NJetsAK8_JetSubCalc > 2) && (minDR_leadAK8otherAK8 < 3.0) && DataPastTrigger == 1 && isElectron==1
****************************************************************************************************
****************************************************************************************************
DISTRIBUTION: Tp2Mass
            -name in ljmet trees: Tprime2_ALGO_Mass
            -x-axis label is set to: ;M(T) [GeV])
            -using the binning as: [0.0, 60.0, 120.0, 180.0, 240.0, 300.0, 360.0, 420.0, 480.0, 540.0, 600.0, 660.0, 720.0, 780.0, 840.0, 900.0, 960.0, 1020.0, 1080.0, 1140.0, 1200.0, 1260.0, 1320.0, 1380.0, 1440.0, 1500.0, 1560.0, 1620.0, 1680.0, 1740.0, 1800.0, 1860.0, 1920.0, 1980.0, 2040.0, 2100.0, 2160.0, 2220.0, 2280.0, 2340.0, 2400.0, 2460.0, 2520.0, 2580.0, 2640.0, 2700.0, 2760.0, 2820.0, 2880.0, 2940.0, 3000.0]
/////////////////////////
PROCESSING:  TTM1700THTH
/////////////////////////
plotTreeName: Tprime2_DeepAK8_Mass
Flavour: E #tag: isV_tZbW #algo: DeepAK8
Weights: 1 * 1 * 1 * pileupWeight * 1 * lepIdSF * EGammaGsfSF * 1 * (MCWeight_singleLepCalc/abs(MCWeight_singleLepCalc)) * 1.73388570503e-05
Cuts: (leptonPt_singleLepCalc > 50) && (corr_met_singleLepCalc > 55) && (AK4HT > 480) && (minDR_lepJet > 0.4 || ptRel_lepJet > 40) && (NJetsAK8_JetSubCalc > 2) && (minDR_leadAK8otherAK8 < 3.0) && DataPastTrigger == 1 && isElectron==1
****************************************************************************************************
****************************************************************************************************
DISTRIBUTION: Tp2Mass
            -name in ljmet trees: Tprime2_ALGO_Mass
            -x-axis label is set to: ;M(T) [GeV])
            -using the binning as: [0.0, 60.0, 120.0, 180.0, 240.0, 300.0, 360.0, 420.0, 480.0, 540.0, 600.0, 660.0, 720.0, 780.0, 840.0, 900.0, 960.0, 1020.0, 1080.0, 1140.0, 1200.0, 1260.0, 1320.0, 1380.0, 1440.0, 1500.0, 1560.0, 1620.0, 1680.0, 1740.0, 1800.0, 1860.0, 1920.0, 1980.0, 2040.0, 2100.0, 2160.0, 2220.0, 2280.0, 2340.0, 2400.0, 2460.0, 2520.0, 2580.0, 2640.0, 2700.0, 2760.0, 2820.0, 2880.0, 2940.0, 3000.0]
/////////////////////////
PROCESSING:  TTM1700TZTZ
/////////////////////////
plotTreeName: Tprime2_DeepAK8_Mass
Flavour: E #tag: isV_tZbW #algo: DeepAK8
Weights: 1 * 1 * 1 * pileupWeight * 1 * lepIdSF * EGammaGsfSF * 1 * (MCWeight_singleLepCalc/abs(MCWeight_singleLepCalc)) * 1.73388570503e-05
Cuts: (leptonPt_singleLepCalc > 50) && (corr_met_singleLepCalc > 55) && (AK4HT > 480) && (minDR_lepJet > 0.4 || ptRel_lepJet > 40) && (NJetsAK8_JetSubCalc > 2) && (minDR_leadAK8otherAK8 < 3.0) && DataPastTrigger == 1 && isElectron==1
****************************************************************************************************
****************************************************************************************************
DISTRIBUTION: Tp2Mass
            -name in ljmet trees: Tprime2_ALGO_Mass
            -x-axis label is set to: ;M(T) [GeV])
            -using the binning as: [0.0, 60.0, 120.0, 180.0, 240.0, 300.0, 360.0, 420.0, 480.0, 540.0, 600.0, 660.0, 720.0, 780.0, 840.0, 900.0, 960.0, 1020.0, 1080.0, 1140.0, 1200.0, 1260.0, 1320.0, 1380.0, 1440.0, 1500.0, 1560.0, 1620.0, 1680.0, 1740.0, 1800.0, 1860.0, 1920.0, 1980.0, 2040.0, 2100.0, 2160.0, 2220.0, 2280.0, 2340.0, 2400.0, 2460.0, 2520.0, 2580.0, 2640.0, 2700.0, 2760.0, 2820.0, 2880.0, 2940.0, 3000.0]
/////////////////////////
PROCESSING:  TTM1700TZBW
/////////////////////////
plotTreeName: Tprime2_DeepAK8_Mass
Flavour: E #tag: isV_tZbW #algo: DeepAK8
Weights: 1 * 1 * 1 * pileupWeight * 1 * lepIdSF * EGammaGsfSF * 1 * (MCWeight_singleLepCalc/abs(MCWeight_singleLepCalc)) * 3.46777141005e-05
Cuts: (leptonPt_singleLepCalc > 50) && (corr_met_singleLepCalc > 55) && (AK4HT > 480) && (minDR_lepJet > 0.4 || ptRel_lepJet > 40) && (NJetsAK8_JetSubCalc > 2) && (minDR_leadAK8otherAK8 < 3.0) && DataPastTrigger == 1 && isElectron==1
****************************************************************************************************
****************************************************************************************************
DISTRIBUTION: Tp2Mass
            -name in ljmet trees: Tprime2_ALGO_Mass
            -x-axis label is set to: ;M(T) [GeV])
            -using the binning as: [0.0, 60.0, 120.0, 180.0, 240.0, 300.0, 360.0, 420.0, 480.0, 540.0, 600.0, 660.0, 720.0, 780.0, 840.0, 900.0, 960.0, 1020.0, 1080.0, 1140.0, 1200.0, 1260.0, 1320.0, 1380.0, 1440.0, 1500.0, 1560.0, 1620.0, 1680.0, 1740.0, 1800.0, 1860.0, 1920.0, 1980.0, 2040.0, 2100.0, 2160.0, 2220.0, 2280.0, 2340.0, 2400.0, 2460.0, 2520.0, 2580.0, 2640.0, 2700.0, 2760.0, 2820.0, 2880.0, 2940.0, 3000.0]
/////////////////////////
PROCESSING:  TTM1700THBW
/////////////////////////
plotTreeName: Tprime2_DeepAK8_Mass
Flavour: E #tag: isV_tZbW #algo: DeepAK8
Weights: 1 * 1 * 1 * pileupWeight * 1 * lepIdSF * EGammaGsfSF * 1 * (MCWeight_singleLepCalc/abs(MCWeight_singleLepCalc)) * 3.46777141005e-05
Cuts: (leptonPt_singleLepCalc > 50) && (corr_met_singleLepCalc > 55) && (AK4HT > 480) && (minDR_lepJet > 0.4 || ptRel_lepJet > 40) && (NJetsAK8_JetSubCalc > 2) && (minDR_leadAK8otherAK8 < 3.0) && DataPastTrigger == 1 && isElectron==1
****************************************************************************************************
****************************************************************************************************
DISTRIBUTION: Tp2Mass
            -name in ljmet trees: Tprime2_ALGO_Mass
            -x-axis label is set to: ;M(T) [GeV])
            -using the binning as: [0.0, 60.0, 120.0, 180.0, 240.0, 300.0, 360.0, 420.0, 480.0, 540.0, 600.0, 660.0, 720.0, 780.0, 840.0, 900.0, 960.0, 1020.0, 1080.0, 1140.0, 1200.0, 1260.0, 1320.0, 1380.0, 1440.0, 1500.0, 1560.0, 1620.0, 1680.0, 1740.0, 1800.0, 1860.0, 1920.0, 1980.0, 2040.0, 2100.0, 2160.0, 2220.0, 2280.0, 2340.0, 2400.0, 2460.0, 2520.0, 2580.0, 2640.0, 2700.0, 2760.0, 2820.0, 2880.0, 2940.0, 3000.0]
/////////////////////////
PROCESSING:  TTM1700TZTH
/////////////////////////
plotTreeName: Tprime2_DeepAK8_Mass
Flavour: E #tag: isV_tZbW #algo: DeepAK8
Weights: 1 * 1 * 1 * pileupWeight * 1 * lepIdSF * EGammaGsfSF * 1 * (MCWeight_singleLepCalc/abs(MCWeight_singleLepCalc)) * 1.73388570503e-05
Cuts: (leptonPt_singleLepCalc > 50) && (corr_met_singleLepCalc > 55) && (AK4HT > 480) && (minDR_lepJet > 0.4 || ptRel_lepJet > 40) && (NJetsAK8_JetSubCalc > 2) && (minDR_leadAK8otherAK8 < 3.0) && DataPastTrigger == 1 && isElectron==1
****************************************************************************************************
****************************************************************************************************
DISTRIBUTION: Tp2Mass
            -name in ljmet trees: Tprime2_ALGO_Mass
            -x-axis label is set to: ;M(T) [GeV])
            -using the binning as: [0.0, 60.0, 120.0, 180.0, 240.0, 300.0, 360.0, 420.0, 480.0, 540.0, 600.0, 660.0, 720.0, 780.0, 840.0, 900.0, 960.0, 1020.0, 1080.0, 1140.0, 1200.0, 1260.0, 1320.0, 1380.0, 1440.0, 1500.0, 1560.0, 1620.0, 1680.0, 1740.0, 1800.0, 1860.0, 1920.0, 1980.0, 2040.0, 2100.0, 2160.0, 2220.0, 2280.0, 2340.0, 2400.0, 2460.0, 2520.0, 2580.0, 2640.0, 2700.0, 2760.0, 2820.0, 2880.0, 2940.0, 3000.0]
/////////////////////////
PROCESSING:  TTM1800BWBW
/////////////////////////
plotTreeName: Tprime2_DeepAK8_Mass
Flavour: E #tag: isV_tZbW #algo: DeepAK8
Weights: 1 * 1 * 1 * pileupWeight * 1 * lepIdSF * EGammaGsfSF * 1 * (MCWeight_singleLepCalc/abs(MCWeight_singleLepCalc)) * 3.89579688164e-05
Cuts: (leptonPt_singleLepCalc > 50) && (corr_met_singleLepCalc > 55) && (AK4HT > 480) && (minDR_lepJet > 0.4 || ptRel_lepJet > 40) && (NJetsAK8_JetSubCalc > 2) && (minDR_leadAK8otherAK8 < 3.0) && DataPastTrigger == 1 && isElectron==1
****************************************************************************************************
****************************************************************************************************
DISTRIBUTION: Tp2Mass
            -name in ljmet trees: Tprime2_ALGO_Mass
            -x-axis label is set to: ;M(T) [GeV])
            -using the binning as: [0.0, 60.0, 120.0, 180.0, 240.0, 300.0, 360.0, 420.0, 480.0, 540.0, 600.0, 660.0, 720.0, 780.0, 840.0, 900.0, 960.0, 1020.0, 1080.0, 1140.0, 1200.0, 1260.0, 1320.0, 1380.0, 1440.0, 1500.0, 1560.0, 1620.0, 1680.0, 1740.0, 1800.0, 1860.0, 1920.0, 1980.0, 2040.0, 2100.0, 2160.0, 2220.0, 2280.0, 2340.0, 2400.0, 2460.0, 2520.0, 2580.0, 2640.0, 2700.0, 2760.0, 2820.0, 2880.0, 2940.0, 3000.0]
/////////////////////////
PROCESSING:  TTM1800THTH
/////////////////////////
plotTreeName: Tprime2_DeepAK8_Mass
Flavour: E #tag: isV_tZbW #algo: DeepAK8
Weights: 1 * 1 * 1 * pileupWeight * 1 * lepIdSF * EGammaGsfSF * 1 * (MCWeight_singleLepCalc/abs(MCWeight_singleLepCalc)) * 9.7394922041e-06
Cuts: (leptonPt_singleLepCalc > 50) && (corr_met_singleLepCalc > 55) && (AK4HT > 480) && (minDR_lepJet > 0.4 || ptRel_lepJet > 40) && (NJetsAK8_JetSubCalc > 2) && (minDR_leadAK8otherAK8 < 3.0) && DataPastTrigger == 1 && isElectron==1
****************************************************************************************************
****************************************************************************************************
DISTRIBUTION: Tp2Mass
            -name in ljmet trees: Tprime2_ALGO_Mass
            -x-axis label is set to: ;M(T) [GeV])
            -using the binning as: [0.0, 60.0, 120.0, 180.0, 240.0, 300.0, 360.0, 420.0, 480.0, 540.0, 600.0, 660.0, 720.0, 780.0, 840.0, 900.0, 960.0, 1020.0, 1080.0, 1140.0, 1200.0, 1260.0, 1320.0, 1380.0, 1440.0, 1500.0, 1560.0, 1620.0, 1680.0, 1740.0, 1800.0, 1860.0, 1920.0, 1980.0, 2040.0, 2100.0, 2160.0, 2220.0, 2280.0, 2340.0, 2400.0, 2460.0, 2520.0, 2580.0, 2640.0, 2700.0, 2760.0, 2820.0, 2880.0, 2940.0, 3000.0]
/////////////////////////
PROCESSING:  TTM1800TZTZ
/////////////////////////
plotTreeName: Tprime2_DeepAK8_Mass
Flavour: E #tag: isV_tZbW #algo: DeepAK8
Weights: 1 * 1 * 1 * pileupWeight * 1 * lepIdSF * EGammaGsfSF * 1 * (MCWeight_singleLepCalc/abs(MCWeight_singleLepCalc)) * 9.7394922041e-06
Cuts: (leptonPt_singleLepCalc > 50) && (corr_met_singleLepCalc > 55) && (AK4HT > 480) && (minDR_lepJet > 0.4 || ptRel_lepJet > 40) && (NJetsAK8_JetSubCalc > 2) && (minDR_leadAK8otherAK8 < 3.0) && DataPastTrigger == 1 && isElectron==1
****************************************************************************************************
****************************************************************************************************
DISTRIBUTION: Tp2Mass
            -name in ljmet trees: Tprime2_ALGO_Mass
            -x-axis label is set to: ;M(T) [GeV])
            -using the binning as: [0.0, 60.0, 120.0, 180.0, 240.0, 300.0, 360.0, 420.0, 480.0, 540.0, 600.0, 660.0, 720.0, 780.0, 840.0, 900.0, 960.0, 1020.0, 1080.0, 1140.0, 1200.0, 1260.0, 1320.0, 1380.0, 1440.0, 1500.0, 1560.0, 1620.0, 1680.0, 1740.0, 1800.0, 1860.0, 1920.0, 1980.0, 2040.0, 2100.0, 2160.0, 2220.0, 2280.0, 2340.0, 2400.0, 2460.0, 2520.0, 2580.0, 2640.0, 2700.0, 2760.0, 2820.0, 2880.0, 2940.0, 3000.0]
/////////////////////////
PROCESSING:  TTM1800TZBW
/////////////////////////
plotTreeName: Tprime2_DeepAK8_Mass
Flavour: E #tag: isV_tZbW #algo: DeepAK8
Weights: 1 * 1 * 1 * pileupWeight * 1 * lepIdSF * EGammaGsfSF * 1 * (MCWeight_singleLepCalc/abs(MCWeight_singleLepCalc)) * 1.94789844082e-05
Cuts: (leptonPt_singleLepCalc > 50) && (corr_met_singleLepCalc > 55) && (AK4HT > 480) && (minDR_lepJet > 0.4 || ptRel_lepJet > 40) && (NJetsAK8_JetSubCalc > 2) && (minDR_leadAK8otherAK8 < 3.0) && DataPastTrigger == 1 && isElectron==1
****************************************************************************************************
****************************************************************************************************
DISTRIBUTION: Tp2Mass
            -name in ljmet trees: Tprime2_ALGO_Mass
            -x-axis label is set to: ;M(T) [GeV])
            -using the binning as: [0.0, 60.0, 120.0, 180.0, 240.0, 300.0, 360.0, 420.0, 480.0, 540.0, 600.0, 660.0, 720.0, 780.0, 840.0, 900.0, 960.0, 1020.0, 1080.0, 1140.0, 1200.0, 1260.0, 1320.0, 1380.0, 1440.0, 1500.0, 1560.0, 1620.0, 1680.0, 1740.0, 1800.0, 1860.0, 1920.0, 1980.0, 2040.0, 2100.0, 2160.0, 2220.0, 2280.0, 2340.0, 2400.0, 2460.0, 2520.0, 2580.0, 2640.0, 2700.0, 2760.0, 2820.0, 2880.0, 2940.0, 3000.0]
/////////////////////////
PROCESSING:  TTM1800THBW
/////////////////////////
plotTreeName: Tprime2_DeepAK8_Mass
Flavour: E #tag: isV_tZbW #algo: DeepAK8
Weights: 1 * 1 * 1 * pileupWeight * 1 * lepIdSF * EGammaGsfSF * 1 * (MCWeight_singleLepCalc/abs(MCWeight_singleLepCalc)) * 1.94789844082e-05
Cuts: (leptonPt_singleLepCalc > 50) && (corr_met_singleLepCalc > 55) && (AK4HT > 480) && (minDR_lepJet > 0.4 || ptRel_lepJet > 40) && (NJetsAK8_JetSubCalc > 2) && (minDR_leadAK8otherAK8 < 3.0) && DataPastTrigger == 1 && isElectron==1
****************************************************************************************************
****************************************************************************************************
DISTRIBUTION: Tp2Mass
            -name in ljmet trees: Tprime2_ALGO_Mass
            -x-axis label is set to: ;M(T) [GeV])
            -using the binning as: [0.0, 60.0, 120.0, 180.0, 240.0, 300.0, 360.0, 420.0, 480.0, 540.0, 600.0, 660.0, 720.0, 780.0, 840.0, 900.0, 960.0, 1020.0, 1080.0, 1140.0, 1200.0, 1260.0, 1320.0, 1380.0, 1440.0, 1500.0, 1560.0, 1620.0, 1680.0, 1740.0, 1800.0, 1860.0, 1920.0, 1980.0, 2040.0, 2100.0, 2160.0, 2220.0, 2280.0, 2340.0, 2400.0, 2460.0, 2520.0, 2580.0, 2640.0, 2700.0, 2760.0, 2820.0, 2880.0, 2940.0, 3000.0]
/////////////////////////
PROCESSING:  TTM1800TZTH
/////////////////////////
plotTreeName: Tprime2_DeepAK8_Mass
Flavour: E #tag: isV_tZbW #algo: DeepAK8
Weights: 1 * 1 * 1 * pileupWeight * 1 * lepIdSF * EGammaGsfSF * 1 * (MCWeight_singleLepCalc/abs(MCWeight_singleLepCalc)) * 9.7394922041e-06
Cuts: (leptonPt_singleLepCalc > 50) && (corr_met_singleLepCalc > 55) && (AK4HT > 480) && (minDR_lepJet > 0.4 || ptRel_lepJet > 40) && (NJetsAK8_JetSubCalc > 2) && (minDR_leadAK8otherAK8 < 3.0) && DataPastTrigger == 1 && isElectron==1
****************************************************************************************************
****************************************************************************************************
DISTRIBUTION: Tp2Mass
            -name in ljmet trees: Tprime2_ALGO_Mass
            -x-axis label is set to: ;M(T) [GeV])
            -using the binning as: [0.0, 60.0, 120.0, 180.0, 240.0, 300.0, 360.0, 420.0, 480.0, 540.0, 600.0, 660.0, 720.0, 780.0, 840.0, 900.0, 960.0, 1020.0, 1080.0, 1140.0, 1200.0, 1260.0, 1320.0, 1380.0, 1440.0, 1500.0, 1560.0, 1620.0, 1680.0, 1740.0, 1800.0, 1860.0, 1920.0, 1980.0, 2040.0, 2100.0, 2160.0, 2220.0, 2280.0, 2340.0, 2400.0, 2460.0, 2520.0, 2580.0, 2640.0, 2700.0, 2760.0, 2820.0, 2880.0, 2940.0, 3000.0]
/////////////////////////
PROCESSING:  WJetsMG400
/////////////////////////
plotTreeName: Tprime2_DeepAK8_decorr_Mass
Flavour: E #tag: isV_tZbW #algo: DeepAK8_decorr
Weights: 1 * HTSF_Pol * 1 * pileupWeight * 1 * lepIdSF * EGammaGsfSF * 1 * (MCWeight_singleLepCalc/abs(MCWeight_singleLepCalc)) * 0.280770227538
Cuts: (leptonPt_singleLepCalc > 50) && (corr_met_singleLepCalc > 55) && (AK4HT > 480) && (minDR_lepJet > 0.4 || ptRel_lepJet > 40) && (NJetsAK8_JetSubCalc > 2) && (minDR_leadAK8otherAK8 < 3.0) && DataPastTrigger == 1 && isElectron==1
****************************************************************************************************
****************************************************************************************************
DISTRIBUTION: Tp2Mass
            -name in ljmet trees: Tprime2_ALGO_Mass
            -x-axis label is set to: ;M(T) [GeV])
            -using the binning as: [0.0, 60.0, 120.0, 180.0, 240.0, 300.0, 360.0, 420.0, 480.0, 540.0, 600.0, 660.0, 720.0, 780.0, 840.0, 900.0, 960.0, 1020.0, 1080.0, 1140.0, 1200.0, 1260.0, 1320.0, 1380.0, 1440.0, 1500.0, 1560.0, 1620.0, 1680.0, 1740.0, 1800.0, 1860.0, 1920.0, 1980.0, 2040.0, 2100.0, 2160.0, 2220.0, 2280.0, 2340.0, 2400.0, 2460.0, 2520.0, 2580.0, 2640.0, 2700.0, 2760.0, 2820.0, 2880.0, 2940.0, 3000.0]
/////////////////////////
PROCESSING:  WJetsMG600
/////////////////////////
plotTreeName: Tprime2_DeepAK8_decorr_Mass
Flavour: E #tag: isV_tZbW #algo: DeepAK8_decorr
Weights: 1 * HTSF_Pol * 1 * pileupWeight * 1 * lepIdSF * EGammaGsfSF * 1 * (MCWeight_singleLepCalc/abs(MCWeight_singleLepCalc)) * 0.0287233231554
Cuts: (leptonPt_singleLepCalc > 50) && (corr_met_singleLepCalc > 55) && (AK4HT > 480) && (minDR_lepJet > 0.4 || ptRel_lepJet > 40) && (NJetsAK8_JetSubCalc > 2) && (minDR_leadAK8otherAK8 < 3.0) && DataPastTrigger == 1 && isElectron==1
****************************************************************************************************
****************************************************************************************************
DISTRIBUTION: Tp2Mass
            -name in ljmet trees: Tprime2_ALGO_Mass
            -x-axis label is set to: ;M(T) [GeV])
            -using the binning as: [0.0, 60.0, 120.0, 180.0, 240.0, 300.0, 360.0, 420.0, 480.0, 540.0, 600.0, 660.0, 720.0, 780.0, 840.0, 900.0, 960.0, 1020.0, 1080.0, 1140.0, 1200.0, 1260.0, 1320.0, 1380.0, 1440.0, 1500.0, 1560.0, 1620.0, 1680.0, 1740.0, 1800.0, 1860.0, 1920.0, 1980.0, 2040.0, 2100.0, 2160.0, 2220.0, 2280.0, 2340.0, 2400.0, 2460.0, 2520.0, 2580.0, 2640.0, 2700.0, 2760.0, 2820.0, 2880.0, 2940.0, 3000.0]
/////////////////////////
PROCESSING:  WJetsMG800
/////////////////////////
plotTreeName: Tprime2_DeepAK8_decorr_Mass
Flavour: E #tag: isV_tZbW #algo: DeepAK8_decorr
Weights: 1 * HTSF_Pol * 1 * pileupWeight * 1 * lepIdSF * EGammaGsfSF * 1 * (MCWeight_singleLepCalc/abs(MCWeight_singleLepCalc)) * 0.0316367902594
Cuts: (leptonPt_singleLepCalc > 50) && (corr_met_singleLepCalc > 55) && (AK4HT > 480) && (minDR_lepJet > 0.4 || ptRel_lepJet > 40) && (NJetsAK8_JetSubCalc > 2) && (minDR_leadAK8otherAK8 < 3.0) && DataPastTrigger == 1 && isElectron==1
****************************************************************************************************
****************************************************************************************************
DISTRIBUTION: Tp2Mass
            -name in ljmet trees: Tprime2_ALGO_Mass
            -x-axis label is set to: ;M(T) [GeV])
            -using the binning as: [0.0, 60.0, 120.0, 180.0, 240.0, 300.0, 360.0, 420.0, 480.0, 540.0, 600.0, 660.0, 720.0, 780.0, 840.0, 900.0, 960.0, 1020.0, 1080.0, 1140.0, 1200.0, 1260.0, 1320.0, 1380.0, 1440.0, 1500.0, 1560.0, 1620.0, 1680.0, 1740.0, 1800.0, 1860.0, 1920.0, 1980.0, 2040.0, 2100.0, 2160.0, 2220.0, 2280.0, 2340.0, 2400.0, 2460.0, 2520.0, 2580.0, 2640.0, 2700.0, 2760.0, 2820.0, 2880.0, 2940.0, 3000.0]
/////////////////////////
PROCESSING:  WJetsMG1200
/////////////////////////
plotTreeName: Tprime2_DeepAK8_decorr_Mass
Flavour: E #tag: isV_tZbW #algo: DeepAK8_decorr
Weights: 1 * HTSF_Pol * 1 * pileupWeight * 1 * lepIdSF * EGammaGsfSF * 1 * (MCWeight_singleLepCalc/abs(MCWeight_singleLepCalc)) * 0.00861414819858
Cuts: (leptonPt_singleLepCalc > 50) && (corr_met_singleLepCalc > 55) && (AK4HT > 480) && (minDR_lepJet > 0.4 || ptRel_lepJet > 40) && (NJetsAK8_JetSubCalc > 2) && (minDR_leadAK8otherAK8 < 3.0) && DataPastTrigger == 1 && isElectron==1
****************************************************************************************************
****************************************************************************************************
DISTRIBUTION: Tp2Mass
            -name in ljmet trees: Tprime2_ALGO_Mass
            -x-axis label is set to: ;M(T) [GeV])
            -using the binning as: [0.0, 60.0, 120.0, 180.0, 240.0, 300.0, 360.0, 420.0, 480.0, 540.0, 600.0, 660.0, 720.0, 780.0, 840.0, 900.0, 960.0, 1020.0, 1080.0, 1140.0, 1200.0, 1260.0, 1320.0, 1380.0, 1440.0, 1500.0, 1560.0, 1620.0, 1680.0, 1740.0, 1800.0, 1860.0, 1920.0, 1980.0, 2040.0, 2100.0, 2160.0, 2220.0, 2280.0, 2340.0, 2400.0, 2460.0, 2520.0, 2580.0, 2640.0, 2700.0, 2760.0, 2820.0, 2880.0, 2940.0, 3000.0]
/////////////////////////
PROCESSING:  WJetsMG2500
/////////////////////////
plotTreeName: Tprime2_DeepAK8_decorr_Mass
Flavour: E #tag: isV_tZbW #algo: DeepAK8_decorr
Weights: 1 * HTSF_Pol * 1 * pileupWeight * 1 * lepIdSF * EGammaGsfSF * 1 * (MCWeight_singleLepCalc/abs(MCWeight_singleLepCalc)) * 0.00054308661217
Cuts: (leptonPt_singleLepCalc > 50) && (corr_met_singleLepCalc > 55) && (AK4HT > 480) && (minDR_lepJet > 0.4 || ptRel_lepJet > 40) && (NJetsAK8_JetSubCalc > 2) && (minDR_leadAK8otherAK8 < 3.0) && DataPastTrigger == 1 && isElectron==1
****************************************************************************************************
****************************************************************************************************
DISTRIBUTION: Tp2Mass
            -name in ljmet trees: Tprime2_ALGO_Mass
            -x-axis label is set to: ;M(T) [GeV])
            -using the binning as: [0.0, 60.0, 120.0, 180.0, 240.0, 300.0, 360.0, 420.0, 480.0, 540.0, 600.0, 660.0, 720.0, 780.0, 840.0, 900.0, 960.0, 1020.0, 1080.0, 1140.0, 1200.0, 1260.0, 1320.0, 1380.0, 1440.0, 1500.0, 1560.0, 1620.0, 1680.0, 1740.0, 1800.0, 1860.0, 1920.0, 1980.0, 2040.0, 2100.0, 2160.0, 2220.0, 2280.0, 2340.0, 2400.0, 2460.0, 2520.0, 2580.0, 2640.0, 2700.0, 2760.0, 2820.0, 2880.0, 2940.0, 3000.0]
/////////////////////////
PROCESSING:  TTM1100BWBW
/////////////////////////
plotTreeName: Tprime2_DeepAK8_decorr_Mass
Flavour: E #tag: isV_tZbW #algo: DeepAK8_decorr
Weights: 1 * 1 * 1 * pileupWeight * 1 * lepIdSF * EGammaGsfSF * 1 * (MCWeight_singleLepCalc/abs(MCWeight_singleLepCalc)) * 0.00223239916536
Cuts: (leptonPt_singleLepCalc > 50) && (corr_met_singleLepCalc > 55) && (AK4HT > 480) && (minDR_lepJet > 0.4 || ptRel_lepJet > 40) && (NJetsAK8_JetSubCalc > 2) && (minDR_leadAK8otherAK8 < 3.0) && DataPastTrigger == 1 && isElectron==1
****************************************************************************************************
****************************************************************************************************
DISTRIBUTION: Tp2Mass
            -name in ljmet trees: Tprime2_ALGO_Mass
            -x-axis label is set to: ;M(T) [GeV])
            -using the binning as: [0.0, 60.0, 120.0, 180.0, 240.0, 300.0, 360.0, 420.0, 480.0, 540.0, 600.0, 660.0, 720.0, 780.0, 840.0, 900.0, 960.0, 1020.0, 1080.0, 1140.0, 1200.0, 1260.0, 1320.0, 1380.0, 1440.0, 1500.0, 1560.0, 1620.0, 1680.0, 1740.0, 1800.0, 1860.0, 1920.0, 1980.0, 2040.0, 2100.0, 2160.0, 2220.0, 2280.0, 2340.0, 2400.0, 2460.0, 2520.0, 2580.0, 2640.0, 2700.0, 2760.0, 2820.0, 2880.0, 2940.0, 3000.0]
/////////////////////////
PROCESSING:  TTM1100THTH
/////////////////////////
plotTreeName: Tprime2_DeepAK8_decorr_Mass
Flavour: E #tag: isV_tZbW #algo: DeepAK8_decorr
Weights: 1 * 1 * 1 * pileupWeight * 1 * lepIdSF * EGammaGsfSF * 1 * (MCWeight_singleLepCalc/abs(MCWeight_singleLepCalc)) * 0.000558099791339
Cuts: (leptonPt_singleLepCalc > 50) && (corr_met_singleLepCalc > 55) && (AK4HT > 480) && (minDR_lepJet > 0.4 || ptRel_lepJet > 40) && (NJetsAK8_JetSubCalc > 2) && (minDR_leadAK8otherAK8 < 3.0) && DataPastTrigger == 1 && isElectron==1
****************************************************************************************************
****************************************************************************************************
DISTRIBUTION: Tp2Mass
            -name in ljmet trees: Tprime2_ALGO_Mass
            -x-axis label is set to: ;M(T) [GeV])
            -using the binning as: [0.0, 60.0, 120.0, 180.0, 240.0, 300.0, 360.0, 420.0, 480.0, 540.0, 600.0, 660.0, 720.0, 780.0, 840.0, 900.0, 960.0, 1020.0, 1080.0, 1140.0, 1200.0, 1260.0, 1320.0, 1380.0, 1440.0, 1500.0, 1560.0, 1620.0, 1680.0, 1740.0, 1800.0, 1860.0, 1920.0, 1980.0, 2040.0, 2100.0, 2160.0, 2220.0, 2280.0, 2340.0, 2400.0, 2460.0, 2520.0, 2580.0, 2640.0, 2700.0, 2760.0, 2820.0, 2880.0, 2940.0, 3000.0]
/////////////////////////
PROCESSING:  TTM1100TZTZ
/////////////////////////
plotTreeName: Tprime2_DeepAK8_decorr_Mass
Flavour: E #tag: isV_tZbW #algo: DeepAK8_decorr
Weights: 1 * 1 * 1 * pileupWeight * 1 * lepIdSF * EGammaGsfSF * 1 * (MCWeight_singleLepCalc/abs(MCWeight_singleLepCalc)) * 0.000558099791339
Cuts: (leptonPt_singleLepCalc > 50) && (corr_met_singleLepCalc > 55) && (AK4HT > 480) && (minDR_lepJet > 0.4 || ptRel_lepJet > 40) && (NJetsAK8_JetSubCalc > 2) && (minDR_leadAK8otherAK8 < 3.0) && DataPastTrigger == 1 && isElectron==1
****************************************************************************************************
****************************************************************************************************
DISTRIBUTION: Tp2Mass
            -name in ljmet trees: Tprime2_ALGO_Mass
            -x-axis label is set to: ;M(T) [GeV])
            -using the binning as: [0.0, 60.0, 120.0, 180.0, 240.0, 300.0, 360.0, 420.0, 480.0, 540.0, 600.0, 660.0, 720.0, 780.0, 840.0, 900.0, 960.0, 1020.0, 1080.0, 1140.0, 1200.0, 1260.0, 1320.0, 1380.0, 1440.0, 1500.0, 1560.0, 1620.0, 1680.0, 1740.0, 1800.0, 1860.0, 1920.0, 1980.0, 2040.0, 2100.0, 2160.0, 2220.0, 2280.0, 2340.0, 2400.0, 2460.0, 2520.0, 2580.0, 2640.0, 2700.0, 2760.0, 2820.0, 2880.0, 2940.0, 3000.0]
/////////////////////////
PROCESSING:  TTM1100TZBW
/////////////////////////
plotTreeName: Tprime2_DeepAK8_decorr_Mass
Flavour: E #tag: isV_tZbW #algo: DeepAK8_decorr
Weights: 1 * 1 * 1 * pileupWeight * 1 * lepIdSF * EGammaGsfSF * 1 * (MCWeight_singleLepCalc/abs(MCWeight_singleLepCalc)) * 0.00111619958268
Cuts: (leptonPt_singleLepCalc > 50) && (corr_met_singleLepCalc > 55) && (AK4HT > 480) && (minDR_lepJet > 0.4 || ptRel_lepJet > 40) && (NJetsAK8_JetSubCalc > 2) && (minDR_leadAK8otherAK8 < 3.0) && DataPastTrigger == 1 && isElectron==1
****************************************************************************************************
****************************************************************************************************
DISTRIBUTION: Tp2Mass
            -name in ljmet trees: Tprime2_ALGO_Mass
            -x-axis label is set to: ;M(T) [GeV])
            -using the binning as: [0.0, 60.0, 120.0, 180.0, 240.0, 300.0, 360.0, 420.0, 480.0, 540.0, 600.0, 660.0, 720.0, 780.0, 840.0, 900.0, 960.0, 1020.0, 1080.0, 1140.0, 1200.0, 1260.0, 1320.0, 1380.0, 1440.0, 1500.0, 1560.0, 1620.0, 1680.0, 1740.0, 1800.0, 1860.0, 1920.0, 1980.0, 2040.0, 2100.0, 2160.0, 2220.0, 2280.0, 2340.0, 2400.0, 2460.0, 2520.0, 2580.0, 2640.0, 2700.0, 2760.0, 2820.0, 2880.0, 2940.0, 3000.0]
/////////////////////////
PROCESSING:  TTM1100THBW
/////////////////////////
plotTreeName: Tprime2_DeepAK8_decorr_Mass
Flavour: E #tag: isV_tZbW #algo: DeepAK8_decorr
Weights: 1 * 1 * 1 * pileupWeight * 1 * lepIdSF * EGammaGsfSF * 1 * (MCWeight_singleLepCalc/abs(MCWeight_singleLepCalc)) * 0.00111619958268
Cuts: (leptonPt_singleLepCalc > 50) && (corr_met_singleLepCalc > 55) && (AK4HT > 480) && (minDR_lepJet > 0.4 || ptRel_lepJet > 40) && (NJetsAK8_JetSubCalc > 2) && (minDR_leadAK8otherAK8 < 3.0) && DataPastTrigger == 1 && isElectron==1
****************************************************************************************************
****************************************************************************************************
DISTRIBUTION: Tp2Mass
            -name in ljmet trees: Tprime2_ALGO_Mass
            -x-axis label is set to: ;M(T) [GeV])
            -using the binning as: [0.0, 60.0, 120.0, 180.0, 240.0, 300.0, 360.0, 420.0, 480.0, 540.0, 600.0, 660.0, 720.0, 780.0, 840.0, 900.0, 960.0, 1020.0, 1080.0, 1140.0, 1200.0, 1260.0, 1320.0, 1380.0, 1440.0, 1500.0, 1560.0, 1620.0, 1680.0, 1740.0, 1800.0, 1860.0, 1920.0, 1980.0, 2040.0, 2100.0, 2160.0, 2220.0, 2280.0, 2340.0, 2400.0, 2460.0, 2520.0, 2580.0, 2640.0, 2700.0, 2760.0, 2820.0, 2880.0, 2940.0, 3000.0]
/////////////////////////
PROCESSING:  TTM1100TZTH
/////////////////////////
plotTreeName: Tprime2_DeepAK8_decorr_Mass
Flavour: E #tag: isV_tZbW #algo: DeepAK8_decorr
Weights: 1 * 1 * 1 * pileupWeight * 1 * lepIdSF * EGammaGsfSF * 1 * (MCWeight_singleLepCalc/abs(MCWeight_singleLepCalc)) * 0.000558099791339
Cuts: (leptonPt_singleLepCalc > 50) && (corr_met_singleLepCalc > 55) && (AK4HT > 480) && (minDR_lepJet > 0.4 || ptRel_lepJet > 40) && (NJetsAK8_JetSubCalc > 2) && (minDR_leadAK8otherAK8 < 3.0) && DataPastTrigger == 1 && isElectron==1
****************************************************************************************************
****************************************************************************************************
DISTRIBUTION: Tp2Mass
            -name in ljmet trees: Tprime2_ALGO_Mass
            -x-axis label is set to: ;M(T) [GeV])
            -using the binning as: [0.0, 60.0, 120.0, 180.0, 240.0, 300.0, 360.0, 420.0, 480.0, 540.0, 600.0, 660.0, 720.0, 780.0, 840.0, 900.0, 960.0, 1020.0, 1080.0, 1140.0, 1200.0, 1260.0, 1320.0, 1380.0, 1440.0, 1500.0, 1560.0, 1620.0, 1680.0, 1740.0, 1800.0, 1860.0, 1920.0, 1980.0, 2040.0, 2100.0, 2160.0, 2220.0, 2280.0, 2340.0, 2400.0, 2460.0, 2520.0, 2580.0, 2640.0, 2700.0, 2760.0, 2820.0, 2880.0, 2940.0, 3000.0]
/////////////////////////
PROCESSING:  TTM1200BWBW
/////////////////////////
plotTreeName: Tprime2_DeepAK8_decorr_Mass
Flavour: E #tag: isV_tZbW #algo: DeepAK8_decorr
Weights: 1 * 1 * 1 * pileupWeight * 1 * lepIdSF * EGammaGsfSF * 1 * (MCWeight_singleLepCalc/abs(MCWeight_singleLepCalc)) * 0.00117627847652
Cuts: (leptonPt_singleLepCalc > 50) && (corr_met_singleLepCalc > 55) && (AK4HT > 480) && (minDR_lepJet > 0.4 || ptRel_lepJet > 40) && (NJetsAK8_JetSubCalc > 2) && (minDR_leadAK8otherAK8 < 3.0) && DataPastTrigger == 1 && isElectron==1
****************************************************************************************************
****************************************************************************************************
DISTRIBUTION: Tp2Mass
            -name in ljmet trees: Tprime2_ALGO_Mass
            -x-axis label is set to: ;M(T) [GeV])
            -using the binning as: [0.0, 60.0, 120.0, 180.0, 240.0, 300.0, 360.0, 420.0, 480.0, 540.0, 600.0, 660.0, 720.0, 780.0, 840.0, 900.0, 960.0, 1020.0, 1080.0, 1140.0, 1200.0, 1260.0, 1320.0, 1380.0, 1440.0, 1500.0, 1560.0, 1620.0, 1680.0, 1740.0, 1800.0, 1860.0, 1920.0, 1980.0, 2040.0, 2100.0, 2160.0, 2220.0, 2280.0, 2340.0, 2400.0, 2460.0, 2520.0, 2580.0, 2640.0, 2700.0, 2760.0, 2820.0, 2880.0, 2940.0, 3000.0]
/////////////////////////
PROCESSING:  TTM1200THTH
/////////////////////////
plotTreeName: Tprime2_DeepAK8_decorr_Mass
Flavour: E #tag: isV_tZbW #algo: DeepAK8_decorr
Weights: 1 * 1 * 1 * pileupWeight * 1 * lepIdSF * EGammaGsfSF * 1 * (MCWeight_singleLepCalc/abs(MCWeight_singleLepCalc)) * 0.00029406961913
Cuts: (leptonPt_singleLepCalc > 50) && (corr_met_singleLepCalc > 55) && (AK4HT > 480) && (minDR_lepJet > 0.4 || ptRel_lepJet > 40) && (NJetsAK8_JetSubCalc > 2) && (minDR_leadAK8otherAK8 < 3.0) && DataPastTrigger == 1 && isElectron==1
****************************************************************************************************
****************************************************************************************************
DISTRIBUTION: Tp2Mass
            -name in ljmet trees: Tprime2_ALGO_Mass
            -x-axis label is set to: ;M(T) [GeV])
            -using the binning as: [0.0, 60.0, 120.0, 180.0, 240.0, 300.0, 360.0, 420.0, 480.0, 540.0, 600.0, 660.0, 720.0, 780.0, 840.0, 900.0, 960.0, 1020.0, 1080.0, 1140.0, 1200.0, 1260.0, 1320.0, 1380.0, 1440.0, 1500.0, 1560.0, 1620.0, 1680.0, 1740.0, 1800.0, 1860.0, 1920.0, 1980.0, 2040.0, 2100.0, 2160.0, 2220.0, 2280.0, 2340.0, 2400.0, 2460.0, 2520.0, 2580.0, 2640.0, 2700.0, 2760.0, 2820.0, 2880.0, 2940.0, 3000.0]
/////////////////////////
PROCESSING:  TTM1200TZTZ
/////////////////////////
plotTreeName: Tprime2_DeepAK8_decorr_Mass
Flavour: E #tag: isV_tZbW #algo: DeepAK8_decorr
Weights: 1 * 1 * 1 * pileupWeight * 1 * lepIdSF * EGammaGsfSF * 1 * (MCWeight_singleLepCalc/abs(MCWeight_singleLepCalc)) * 0.00029406961913
Cuts: (leptonPt_singleLepCalc > 50) && (corr_met_singleLepCalc > 55) && (AK4HT > 480) && (minDR_lepJet > 0.4 || ptRel_lepJet > 40) && (NJetsAK8_JetSubCalc > 2) && (minDR_leadAK8otherAK8 < 3.0) && DataPastTrigger == 1 && isElectron==1
****************************************************************************************************
****************************************************************************************************
DISTRIBUTION: Tp2Mass
            -name in ljmet trees: Tprime2_ALGO_Mass
            -x-axis label is set to: ;M(T) [GeV])
            -using the binning as: [0.0, 60.0, 120.0, 180.0, 240.0, 300.0, 360.0, 420.0, 480.0, 540.0, 600.0, 660.0, 720.0, 780.0, 840.0, 900.0, 960.0, 1020.0, 1080.0, 1140.0, 1200.0, 1260.0, 1320.0, 1380.0, 1440.0, 1500.0, 1560.0, 1620.0, 1680.0, 1740.0, 1800.0, 1860.0, 1920.0, 1980.0, 2040.0, 2100.0, 2160.0, 2220.0, 2280.0, 2340.0, 2400.0, 2460.0, 2520.0, 2580.0, 2640.0, 2700.0, 2760.0, 2820.0, 2880.0, 2940.0, 3000.0]
/////////////////////////
PROCESSING:  TTM1200TZBW
/////////////////////////
plotTreeName: Tprime2_DeepAK8_decorr_Mass
Flavour: E #tag: isV_tZbW #algo: DeepAK8_decorr
Weights: 1 * 1 * 1 * pileupWeight * 1 * lepIdSF * EGammaGsfSF * 1 * (MCWeight_singleLepCalc/abs(MCWeight_singleLepCalc)) * 0.000588139238259
Cuts: (leptonPt_singleLepCalc > 50) && (corr_met_singleLepCalc > 55) && (AK4HT > 480) && (minDR_lepJet > 0.4 || ptRel_lepJet > 40) && (NJetsAK8_JetSubCalc > 2) && (minDR_leadAK8otherAK8 < 3.0) && DataPastTrigger == 1 && isElectron==1
****************************************************************************************************
****************************************************************************************************
DISTRIBUTION: Tp2Mass
            -name in ljmet trees: Tprime2_ALGO_Mass
            -x-axis label is set to: ;M(T) [GeV])
            -using the binning as: [0.0, 60.0, 120.0, 180.0, 240.0, 300.0, 360.0, 420.0, 480.0, 540.0, 600.0, 660.0, 720.0, 780.0, 840.0, 900.0, 960.0, 1020.0, 1080.0, 1140.0, 1200.0, 1260.0, 1320.0, 1380.0, 1440.0, 1500.0, 1560.0, 1620.0, 1680.0, 1740.0, 1800.0, 1860.0, 1920.0, 1980.0, 2040.0, 2100.0, 2160.0, 2220.0, 2280.0, 2340.0, 2400.0, 2460.0, 2520.0, 2580.0, 2640.0, 2700.0, 2760.0, 2820.0, 2880.0, 2940.0, 3000.0]
/////////////////////////
PROCESSING:  TTM1200THBW
/////////////////////////
plotTreeName: Tprime2_DeepAK8_decorr_Mass
Flavour: E #tag: isV_tZbW #algo: DeepAK8_decorr
Weights: 1 * 1 * 1 * pileupWeight * 1 * lepIdSF * EGammaGsfSF * 1 * (MCWeight_singleLepCalc/abs(MCWeight_singleLepCalc)) * 0.000588139238259
Cuts: (leptonPt_singleLepCalc > 50) && (corr_met_singleLepCalc > 55) && (AK4HT > 480) && (minDR_lepJet > 0.4 || ptRel_lepJet > 40) && (NJetsAK8_JetSubCalc > 2) && (minDR_leadAK8otherAK8 < 3.0) && DataPastTrigger == 1 && isElectron==1
****************************************************************************************************
****************************************************************************************************
DISTRIBUTION: Tp2Mass
            -name in ljmet trees: Tprime2_ALGO_Mass
            -x-axis label is set to: ;M(T) [GeV])
            -using the binning as: [0.0, 60.0, 120.0, 180.0, 240.0, 300.0, 360.0, 420.0, 480.0, 540.0, 600.0, 660.0, 720.0, 780.0, 840.0, 900.0, 960.0, 1020.0, 1080.0, 1140.0, 1200.0, 1260.0, 1320.0, 1380.0, 1440.0, 1500.0, 1560.0, 1620.0, 1680.0, 1740.0, 1800.0, 1860.0, 1920.0, 1980.0, 2040.0, 2100.0, 2160.0, 2220.0, 2280.0, 2340.0, 2400.0, 2460.0, 2520.0, 2580.0, 2640.0, 2700.0, 2760.0, 2820.0, 2880.0, 2940.0, 3000.0]
/////////////////////////
PROCESSING:  TTM1200TZTH
/////////////////////////
plotTreeName: Tprime2_DeepAK8_decorr_Mass
Flavour: E #tag: isV_tZbW #algo: DeepAK8_decorr
Weights: 1 * 1 * 1 * pileupWeight * 1 * lepIdSF * EGammaGsfSF * 1 * (MCWeight_singleLepCalc/abs(MCWeight_singleLepCalc)) * 0.00029406961913
Cuts: (leptonPt_singleLepCalc > 50) && (corr_met_singleLepCalc > 55) && (AK4HT > 480) && (minDR_lepJet > 0.4 || ptRel_lepJet > 40) && (NJetsAK8_JetSubCalc > 2) && (minDR_leadAK8otherAK8 < 3.0) && DataPastTrigger == 1 && isElectron==1
****************************************************************************************************
****************************************************************************************************
DISTRIBUTION: Tp2Mass
            -name in ljmet trees: Tprime2_ALGO_Mass
            -x-axis label is set to: ;M(T) [GeV])
            -using the binning as: [0.0, 60.0, 120.0, 180.0, 240.0, 300.0, 360.0, 420.0, 480.0, 540.0, 600.0, 660.0, 720.0, 780.0, 840.0, 900.0, 960.0, 1020.0, 1080.0, 1140.0, 1200.0, 1260.0, 1320.0, 1380.0, 1440.0, 1500.0, 1560.0, 1620.0, 1680.0, 1740.0, 1800.0, 1860.0, 1920.0, 1980.0, 2040.0, 2100.0, 2160.0, 2220.0, 2280.0, 2340.0, 2400.0, 2460.0, 2520.0, 2580.0, 2640.0, 2700.0, 2760.0, 2820.0, 2880.0, 2940.0, 3000.0]
/////////////////////////
PROCESSING:  TTM1300BWBW
/////////////////////////
plotTreeName: Tprime2_DeepAK8_decorr_Mass
Flavour: E #tag: isV_tZbW #algo: DeepAK8_decorr
Weights: 1 * 1 * 1 * pileupWeight * 1 * lepIdSF * EGammaGsfSF * 1 * (MCWeight_singleLepCalc/abs(MCWeight_singleLepCalc)) * 0.00063821114509
Cuts: (leptonPt_singleLepCalc > 50) && (corr_met_singleLepCalc > 55) && (AK4HT > 480) && (minDR_lepJet > 0.4 || ptRel_lepJet > 40) && (NJetsAK8_JetSubCalc > 2) && (minDR_leadAK8otherAK8 < 3.0) && DataPastTrigger == 1 && isElectron==1
****************************************************************************************************
****************************************************************************************************
DISTRIBUTION: Tp2Mass
            -name in ljmet trees: Tprime2_ALGO_Mass
            -x-axis label is set to: ;M(T) [GeV])
            -using the binning as: [0.0, 60.0, 120.0, 180.0, 240.0, 300.0, 360.0, 420.0, 480.0, 540.0, 600.0, 660.0, 720.0, 780.0, 840.0, 900.0, 960.0, 1020.0, 1080.0, 1140.0, 1200.0, 1260.0, 1320.0, 1380.0, 1440.0, 1500.0, 1560.0, 1620.0, 1680.0, 1740.0, 1800.0, 1860.0, 1920.0, 1980.0, 2040.0, 2100.0, 2160.0, 2220.0, 2280.0, 2340.0, 2400.0, 2460.0, 2520.0, 2580.0, 2640.0, 2700.0, 2760.0, 2820.0, 2880.0, 2940.0, 3000.0]
/////////////////////////
PROCESSING:  TTM1300THTH
/////////////////////////
plotTreeName: Tprime2_DeepAK8_decorr_Mass
Flavour: E #tag: isV_tZbW #algo: DeepAK8_decorr
Weights: 1 * 1 * 1 * pileupWeight * 1 * lepIdSF * EGammaGsfSF * 1 * (MCWeight_singleLepCalc/abs(MCWeight_singleLepCalc)) * 0.000159552786272
Cuts: (leptonPt_singleLepCalc > 50) && (corr_met_singleLepCalc > 55) && (AK4HT > 480) && (minDR_lepJet > 0.4 || ptRel_lepJet > 40) && (NJetsAK8_JetSubCalc > 2) && (minDR_leadAK8otherAK8 < 3.0) && DataPastTrigger == 1 && isElectron==1
****************************************************************************************************
****************************************************************************************************
DISTRIBUTION: Tp2Mass
            -name in ljmet trees: Tprime2_ALGO_Mass
            -x-axis label is set to: ;M(T) [GeV])
            -using the binning as: [0.0, 60.0, 120.0, 180.0, 240.0, 300.0, 360.0, 420.0, 480.0, 540.0, 600.0, 660.0, 720.0, 780.0, 840.0, 900.0, 960.0, 1020.0, 1080.0, 1140.0, 1200.0, 1260.0, 1320.0, 1380.0, 1440.0, 1500.0, 1560.0, 1620.0, 1680.0, 1740.0, 1800.0, 1860.0, 1920.0, 1980.0, 2040.0, 2100.0, 2160.0, 2220.0, 2280.0, 2340.0, 2400.0, 2460.0, 2520.0, 2580.0, 2640.0, 2700.0, 2760.0, 2820.0, 2880.0, 2940.0, 3000.0]
/////////////////////////
PROCESSING:  TTM1300TZTZ
/////////////////////////
plotTreeName: Tprime2_DeepAK8_decorr_Mass
Flavour: E #tag: isV_tZbW #algo: DeepAK8_decorr
Weights: 1 * 1 * 1 * pileupWeight * 1 * lepIdSF * EGammaGsfSF * 1 * (MCWeight_singleLepCalc/abs(MCWeight_singleLepCalc)) * 0.000159552786272
Cuts: (leptonPt_singleLepCalc > 50) && (corr_met_singleLepCalc > 55) && (AK4HT > 480) && (minDR_lepJet > 0.4 || ptRel_lepJet > 40) && (NJetsAK8_JetSubCalc > 2) && (minDR_leadAK8otherAK8 < 3.0) && DataPastTrigger == 1 && isElectron==1
****************************************************************************************************
****************************************************************************************************
DISTRIBUTION: Tp2Mass
            -name in ljmet trees: Tprime2_ALGO_Mass
            -x-axis label is set to: ;M(T) [GeV])
            -using the binning as: [0.0, 60.0, 120.0, 180.0, 240.0, 300.0, 360.0, 420.0, 480.0, 540.0, 600.0, 660.0, 720.0, 780.0, 840.0, 900.0, 960.0, 1020.0, 1080.0, 1140.0, 1200.0, 1260.0, 1320.0, 1380.0, 1440.0, 1500.0, 1560.0, 1620.0, 1680.0, 1740.0, 1800.0, 1860.0, 1920.0, 1980.0, 2040.0, 2100.0, 2160.0, 2220.0, 2280.0, 2340.0, 2400.0, 2460.0, 2520.0, 2580.0, 2640.0, 2700.0, 2760.0, 2820.0, 2880.0, 2940.0, 3000.0]
/////////////////////////
PROCESSING:  TTM1300TZBW
/////////////////////////
plotTreeName: Tprime2_DeepAK8_decorr_Mass
Flavour: E #tag: isV_tZbW #algo: DeepAK8_decorr
Weights: 1 * 1 * 1 * pileupWeight * 1 * lepIdSF * EGammaGsfSF * 1 * (MCWeight_singleLepCalc/abs(MCWeight_singleLepCalc)) * 0.000319105572545
Cuts: (leptonPt_singleLepCalc > 50) && (corr_met_singleLepCalc > 55) && (AK4HT > 480) && (minDR_lepJet > 0.4 || ptRel_lepJet > 40) && (NJetsAK8_JetSubCalc > 2) && (minDR_leadAK8otherAK8 < 3.0) && DataPastTrigger == 1 && isElectron==1
****************************************************************************************************
****************************************************************************************************
DISTRIBUTION: Tp2Mass
            -name in ljmet trees: Tprime2_ALGO_Mass
            -x-axis label is set to: ;M(T) [GeV])
            -using the binning as: [0.0, 60.0, 120.0, 180.0, 240.0, 300.0, 360.0, 420.0, 480.0, 540.0, 600.0, 660.0, 720.0, 780.0, 840.0, 900.0, 960.0, 1020.0, 1080.0, 1140.0, 1200.0, 1260.0, 1320.0, 1380.0, 1440.0, 1500.0, 1560.0, 1620.0, 1680.0, 1740.0, 1800.0, 1860.0, 1920.0, 1980.0, 2040.0, 2100.0, 2160.0, 2220.0, 2280.0, 2340.0, 2400.0, 2460.0, 2520.0, 2580.0, 2640.0, 2700.0, 2760.0, 2820.0, 2880.0, 2940.0, 3000.0]
/////////////////////////
PROCESSING:  TTM1300THBW
/////////////////////////
plotTreeName: Tprime2_DeepAK8_decorr_Mass
Flavour: E #tag: isV_tZbW #algo: DeepAK8_decorr
Weights: 1 * 1 * 1 * pileupWeight * 1 * lepIdSF * EGammaGsfSF * 1 * (MCWeight_singleLepCalc/abs(MCWeight_singleLepCalc)) * 0.000319105572545
Cuts: (leptonPt_singleLepCalc > 50) && (corr_met_singleLepCalc > 55) && (AK4HT > 480) && (minDR_lepJet > 0.4 || ptRel_lepJet > 40) && (NJetsAK8_JetSubCalc > 2) && (minDR_leadAK8otherAK8 < 3.0) && DataPastTrigger == 1 && isElectron==1
****************************************************************************************************
****************************************************************************************************
DISTRIBUTION: Tp2Mass
            -name in ljmet trees: Tprime2_ALGO_Mass
            -x-axis label is set to: ;M(T) [GeV])
            -using the binning as: [0.0, 60.0, 120.0, 180.0, 240.0, 300.0, 360.0, 420.0, 480.0, 540.0, 600.0, 660.0, 720.0, 780.0, 840.0, 900.0, 960.0, 1020.0, 1080.0, 1140.0, 1200.0, 1260.0, 1320.0, 1380.0, 1440.0, 1500.0, 1560.0, 1620.0, 1680.0, 1740.0, 1800.0, 1860.0, 1920.0, 1980.0, 2040.0, 2100.0, 2160.0, 2220.0, 2280.0, 2340.0, 2400.0, 2460.0, 2520.0, 2580.0, 2640.0, 2700.0, 2760.0, 2820.0, 2880.0, 2940.0, 3000.0]
/////////////////////////
PROCESSING:  TTM1300TZTH
/////////////////////////
plotTreeName: Tprime2_DeepAK8_decorr_Mass
Flavour: E #tag: isV_tZbW #algo: DeepAK8_decorr
Weights: 1 * 1 * 1 * pileupWeight * 1 * lepIdSF * EGammaGsfSF * 1 * (MCWeight_singleLepCalc/abs(MCWeight_singleLepCalc)) * 0.000159552786272
Cuts: (leptonPt_singleLepCalc > 50) && (corr_met_singleLepCalc > 55) && (AK4HT > 480) && (minDR_lepJet > 0.4 || ptRel_lepJet > 40) && (NJetsAK8_JetSubCalc > 2) && (minDR_leadAK8otherAK8 < 3.0) && DataPastTrigger == 1 && isElectron==1
****************************************************************************************************
****************************************************************************************************
DISTRIBUTION: Tp2Mass
            -name in ljmet trees: Tprime2_ALGO_Mass
            -x-axis label is set to: ;M(T) [GeV])
            -using the binning as: [0.0, 60.0, 120.0, 180.0, 240.0, 300.0, 360.0, 420.0, 480.0, 540.0, 600.0, 660.0, 720.0, 780.0, 840.0, 900.0, 960.0, 1020.0, 1080.0, 1140.0, 1200.0, 1260.0, 1320.0, 1380.0, 1440.0, 1500.0, 1560.0, 1620.0, 1680.0, 1740.0, 1800.0, 1860.0, 1920.0, 1980.0, 2040.0, 2100.0, 2160.0, 2220.0, 2280.0, 2340.0, 2400.0, 2460.0, 2520.0, 2580.0, 2640.0, 2700.0, 2760.0, 2820.0, 2880.0, 2940.0, 3000.0]
/////////////////////////
PROCESSING:  TTM1400BWBW
/////////////////////////
plotTreeName: Tprime2_DeepAK8_decorr_Mass
Flavour: E #tag: isV_tZbW #algo: DeepAK8_decorr
Weights: 1 * 1 * 1 * pileupWeight * 1 * lepIdSF * EGammaGsfSF * 1 * (MCWeight_singleLepCalc/abs(MCWeight_singleLepCalc)) * 0.000352883542956
Cuts: (leptonPt_singleLepCalc > 50) && (corr_met_singleLepCalc > 55) && (AK4HT > 480) && (minDR_lepJet > 0.4 || ptRel_lepJet > 40) && (NJetsAK8_JetSubCalc > 2) && (minDR_leadAK8otherAK8 < 3.0) && DataPastTrigger == 1 && isElectron==1
****************************************************************************************************
****************************************************************************************************
DISTRIBUTION: Tp2Mass
            -name in ljmet trees: Tprime2_ALGO_Mass
            -x-axis label is set to: ;M(T) [GeV])
            -using the binning as: [0.0, 60.0, 120.0, 180.0, 240.0, 300.0, 360.0, 420.0, 480.0, 540.0, 600.0, 660.0, 720.0, 780.0, 840.0, 900.0, 960.0, 1020.0, 1080.0, 1140.0, 1200.0, 1260.0, 1320.0, 1380.0, 1440.0, 1500.0, 1560.0, 1620.0, 1680.0, 1740.0, 1800.0, 1860.0, 1920.0, 1980.0, 2040.0, 2100.0, 2160.0, 2220.0, 2280.0, 2340.0, 2400.0, 2460.0, 2520.0, 2580.0, 2640.0, 2700.0, 2760.0, 2820.0, 2880.0, 2940.0, 3000.0]
/////////////////////////
PROCESSING:  TTM1400THTH
/////////////////////////
plotTreeName: Tprime2_DeepAK8_decorr_Mass
Flavour: E #tag: isV_tZbW #algo: DeepAK8_decorr
Weights: 1 * 1 * 1 * pileupWeight * 1 * lepIdSF * EGammaGsfSF * 1 * (MCWeight_singleLepCalc/abs(MCWeight_singleLepCalc)) * 8.82208857389e-05
Cuts: (leptonPt_singleLepCalc > 50) && (corr_met_singleLepCalc > 55) && (AK4HT > 480) && (minDR_lepJet > 0.4 || ptRel_lepJet > 40) && (NJetsAK8_JetSubCalc > 2) && (minDR_leadAK8otherAK8 < 3.0) && DataPastTrigger == 1 && isElectron==1
****************************************************************************************************
****************************************************************************************************
DISTRIBUTION: Tp2Mass
            -name in ljmet trees: Tprime2_ALGO_Mass
            -x-axis label is set to: ;M(T) [GeV])
            -using the binning as: [0.0, 60.0, 120.0, 180.0, 240.0, 300.0, 360.0, 420.0, 480.0, 540.0, 600.0, 660.0, 720.0, 780.0, 840.0, 900.0, 960.0, 1020.0, 1080.0, 1140.0, 1200.0, 1260.0, 1320.0, 1380.0, 1440.0, 1500.0, 1560.0, 1620.0, 1680.0, 1740.0, 1800.0, 1860.0, 1920.0, 1980.0, 2040.0, 2100.0, 2160.0, 2220.0, 2280.0, 2340.0, 2400.0, 2460.0, 2520.0, 2580.0, 2640.0, 2700.0, 2760.0, 2820.0, 2880.0, 2940.0, 3000.0]
/////////////////////////
PROCESSING:  TTM1400TZTZ
/////////////////////////
plotTreeName: Tprime2_DeepAK8_decorr_Mass
Flavour: E #tag: isV_tZbW #algo: DeepAK8_decorr
Weights: 1 * 1 * 1 * pileupWeight * 1 * lepIdSF * EGammaGsfSF * 1 * (MCWeight_singleLepCalc/abs(MCWeight_singleLepCalc)) * 8.82208857389e-05
Cuts: (leptonPt_singleLepCalc > 50) && (corr_met_singleLepCalc > 55) && (AK4HT > 480) && (minDR_lepJet > 0.4 || ptRel_lepJet > 40) && (NJetsAK8_JetSubCalc > 2) && (minDR_leadAK8otherAK8 < 3.0) && DataPastTrigger == 1 && isElectron==1
****************************************************************************************************
****************************************************************************************************
DISTRIBUTION: Tp2Mass
            -name in ljmet trees: Tprime2_ALGO_Mass
            -x-axis label is set to: ;M(T) [GeV])
            -using the binning as: [0.0, 60.0, 120.0, 180.0, 240.0, 300.0, 360.0, 420.0, 480.0, 540.0, 600.0, 660.0, 720.0, 780.0, 840.0, 900.0, 960.0, 1020.0, 1080.0, 1140.0, 1200.0, 1260.0, 1320.0, 1380.0, 1440.0, 1500.0, 1560.0, 1620.0, 1680.0, 1740.0, 1800.0, 1860.0, 1920.0, 1980.0, 2040.0, 2100.0, 2160.0, 2220.0, 2280.0, 2340.0, 2400.0, 2460.0, 2520.0, 2580.0, 2640.0, 2700.0, 2760.0, 2820.0, 2880.0, 2940.0, 3000.0]
/////////////////////////
PROCESSING:  TTM1400TZBW
/////////////////////////
plotTreeName: Tprime2_DeepAK8_decorr_Mass
Flavour: E #tag: isV_tZbW #algo: DeepAK8_decorr
Weights: 1 * 1 * 1 * pileupWeight * 1 * lepIdSF * EGammaGsfSF * 1 * (MCWeight_singleLepCalc/abs(MCWeight_singleLepCalc)) * 0.000176441771478
Cuts: (leptonPt_singleLepCalc > 50) && (corr_met_singleLepCalc > 55) && (AK4HT > 480) && (minDR_lepJet > 0.4 || ptRel_lepJet > 40) && (NJetsAK8_JetSubCalc > 2) && (minDR_leadAK8otherAK8 < 3.0) && DataPastTrigger == 1 && isElectron==1
****************************************************************************************************
****************************************************************************************************
DISTRIBUTION: Tp2Mass
            -name in ljmet trees: Tprime2_ALGO_Mass
            -x-axis label is set to: ;M(T) [GeV])
            -using the binning as: [0.0, 60.0, 120.0, 180.0, 240.0, 300.0, 360.0, 420.0, 480.0, 540.0, 600.0, 660.0, 720.0, 780.0, 840.0, 900.0, 960.0, 1020.0, 1080.0, 1140.0, 1200.0, 1260.0, 1320.0, 1380.0, 1440.0, 1500.0, 1560.0, 1620.0, 1680.0, 1740.0, 1800.0, 1860.0, 1920.0, 1980.0, 2040.0, 2100.0, 2160.0, 2220.0, 2280.0, 2340.0, 2400.0, 2460.0, 2520.0, 2580.0, 2640.0, 2700.0, 2760.0, 2820.0, 2880.0, 2940.0, 3000.0]
/////////////////////////
PROCESSING:  TTM1400THBW
/////////////////////////
plotTreeName: Tprime2_DeepAK8_decorr_Mass
Flavour: E #tag: isV_tZbW #algo: DeepAK8_decorr
Weights: 1 * 1 * 1 * pileupWeight * 1 * lepIdSF * EGammaGsfSF * 1 * (MCWeight_singleLepCalc/abs(MCWeight_singleLepCalc)) * 0.000176441771478
Cuts: (leptonPt_singleLepCalc > 50) && (corr_met_singleLepCalc > 55) && (AK4HT > 480) && (minDR_lepJet > 0.4 || ptRel_lepJet > 40) && (NJetsAK8_JetSubCalc > 2) && (minDR_leadAK8otherAK8 < 3.0) && DataPastTrigger == 1 && isElectron==1
****************************************************************************************************
****************************************************************************************************
DISTRIBUTION: Tp2Mass
            -name in ljmet trees: Tprime2_ALGO_Mass
            -x-axis label is set to: ;M(T) [GeV])
            -using the binning as: [0.0, 60.0, 120.0, 180.0, 240.0, 300.0, 360.0, 420.0, 480.0, 540.0, 600.0, 660.0, 720.0, 780.0, 840.0, 900.0, 960.0, 1020.0, 1080.0, 1140.0, 1200.0, 1260.0, 1320.0, 1380.0, 1440.0, 1500.0, 1560.0, 1620.0, 1680.0, 1740.0, 1800.0, 1860.0, 1920.0, 1980.0, 2040.0, 2100.0, 2160.0, 2220.0, 2280.0, 2340.0, 2400.0, 2460.0, 2520.0, 2580.0, 2640.0, 2700.0, 2760.0, 2820.0, 2880.0, 2940.0, 3000.0]
/////////////////////////
PROCESSING:  TTM1400TZTH
/////////////////////////
plotTreeName: Tprime2_DeepAK8_decorr_Mass
Flavour: E #tag: isV_tZbW #algo: DeepAK8_decorr
Weights: 1 * 1 * 1 * pileupWeight * 1 * lepIdSF * EGammaGsfSF * 1 * (MCWeight_singleLepCalc/abs(MCWeight_singleLepCalc)) * 8.82208857389e-05
Cuts: (leptonPt_singleLepCalc > 50) && (corr_met_singleLepCalc > 55) && (AK4HT > 480) && (minDR_lepJet > 0.4 || ptRel_lepJet > 40) && (NJetsAK8_JetSubCalc > 2) && (minDR_leadAK8otherAK8 < 3.0) && DataPastTrigger == 1 && isElectron==1
****************************************************************************************************
****************************************************************************************************
DISTRIBUTION: Tp2Mass
            -name in ljmet trees: Tprime2_ALGO_Mass
            -x-axis label is set to: ;M(T) [GeV])
            -using the binning as: [0.0, 60.0, 120.0, 180.0, 240.0, 300.0, 360.0, 420.0, 480.0, 540.0, 600.0, 660.0, 720.0, 780.0, 840.0, 900.0, 960.0, 1020.0, 1080.0, 1140.0, 1200.0, 1260.0, 1320.0, 1380.0, 1440.0, 1500.0, 1560.0, 1620.0, 1680.0, 1740.0, 1800.0, 1860.0, 1920.0, 1980.0, 2040.0, 2100.0, 2160.0, 2220.0, 2280.0, 2340.0, 2400.0, 2460.0, 2520.0, 2580.0, 2640.0, 2700.0, 2760.0, 2820.0, 2880.0, 2940.0, 3000.0]
/////////////////////////
PROCESSING:  TTM1500BWBW
/////////////////////////
plotTreeName: Tprime2_DeepAK8_decorr_Mass
Flavour: E #tag: isV_tZbW #algo: DeepAK8_decorr
Weights: 1 * 1 * 1 * pileupWeight * 1 * lepIdSF * EGammaGsfSF * 1 * (MCWeight_singleLepCalc/abs(MCWeight_singleLepCalc)) * 0.00019932135405
Cuts: (leptonPt_singleLepCalc > 50) && (corr_met_singleLepCalc > 55) && (AK4HT > 480) && (minDR_lepJet > 0.4 || ptRel_lepJet > 40) && (NJetsAK8_JetSubCalc > 2) && (minDR_leadAK8otherAK8 < 3.0) && DataPastTrigger == 1 && isElectron==1
****************************************************************************************************
****************************************************************************************************
DISTRIBUTION: Tp2Mass
            -name in ljmet trees: Tprime2_ALGO_Mass
            -x-axis label is set to: ;M(T) [GeV])
            -using the binning as: [0.0, 60.0, 120.0, 180.0, 240.0, 300.0, 360.0, 420.0, 480.0, 540.0, 600.0, 660.0, 720.0, 780.0, 840.0, 900.0, 960.0, 1020.0, 1080.0, 1140.0, 1200.0, 1260.0, 1320.0, 1380.0, 1440.0, 1500.0, 1560.0, 1620.0, 1680.0, 1740.0, 1800.0, 1860.0, 1920.0, 1980.0, 2040.0, 2100.0, 2160.0, 2220.0, 2280.0, 2340.0, 2400.0, 2460.0, 2520.0, 2580.0, 2640.0, 2700.0, 2760.0, 2820.0, 2880.0, 2940.0, 3000.0]
/////////////////////////
PROCESSING:  TTM1500THTH
/////////////////////////
plotTreeName: Tprime2_DeepAK8_decorr_Mass
Flavour: E #tag: isV_tZbW #algo: DeepAK8_decorr
Weights: 1 * 1 * 1 * pileupWeight * 1 * lepIdSF * EGammaGsfSF * 1 * (MCWeight_singleLepCalc/abs(MCWeight_singleLepCalc)) * 4.98303385124e-05
Cuts: (leptonPt_singleLepCalc > 50) && (corr_met_singleLepCalc > 55) && (AK4HT > 480) && (minDR_lepJet > 0.4 || ptRel_lepJet > 40) && (NJetsAK8_JetSubCalc > 2) && (minDR_leadAK8otherAK8 < 3.0) && DataPastTrigger == 1 && isElectron==1
****************************************************************************************************
****************************************************************************************************
DISTRIBUTION: Tp2Mass
            -name in ljmet trees: Tprime2_ALGO_Mass
            -x-axis label is set to: ;M(T) [GeV])
            -using the binning as: [0.0, 60.0, 120.0, 180.0, 240.0, 300.0, 360.0, 420.0, 480.0, 540.0, 600.0, 660.0, 720.0, 780.0, 840.0, 900.0, 960.0, 1020.0, 1080.0, 1140.0, 1200.0, 1260.0, 1320.0, 1380.0, 1440.0, 1500.0, 1560.0, 1620.0, 1680.0, 1740.0, 1800.0, 1860.0, 1920.0, 1980.0, 2040.0, 2100.0, 2160.0, 2220.0, 2280.0, 2340.0, 2400.0, 2460.0, 2520.0, 2580.0, 2640.0, 2700.0, 2760.0, 2820.0, 2880.0, 2940.0, 3000.0]
/////////////////////////
PROCESSING:  TTM1500TZTZ
/////////////////////////
plotTreeName: Tprime2_DeepAK8_decorr_Mass
Flavour: E #tag: isV_tZbW #algo: DeepAK8_decorr
Weights: 1 * 1 * 1 * pileupWeight * 1 * lepIdSF * EGammaGsfSF * 1 * (MCWeight_singleLepCalc/abs(MCWeight_singleLepCalc)) * 4.98303385124e-05
Cuts: (leptonPt_singleLepCalc > 50) && (corr_met_singleLepCalc > 55) && (AK4HT > 480) && (minDR_lepJet > 0.4 || ptRel_lepJet > 40) && (NJetsAK8_JetSubCalc > 2) && (minDR_leadAK8otherAK8 < 3.0) && DataPastTrigger == 1 && isElectron==1
****************************************************************************************************
****************************************************************************************************
DISTRIBUTION: Tp2Mass
            -name in ljmet trees: Tprime2_ALGO_Mass
            -x-axis label is set to: ;M(T) [GeV])
            -using the binning as: [0.0, 60.0, 120.0, 180.0, 240.0, 300.0, 360.0, 420.0, 480.0, 540.0, 600.0, 660.0, 720.0, 780.0, 840.0, 900.0, 960.0, 1020.0, 1080.0, 1140.0, 1200.0, 1260.0, 1320.0, 1380.0, 1440.0, 1500.0, 1560.0, 1620.0, 1680.0, 1740.0, 1800.0, 1860.0, 1920.0, 1980.0, 2040.0, 2100.0, 2160.0, 2220.0, 2280.0, 2340.0, 2400.0, 2460.0, 2520.0, 2580.0, 2640.0, 2700.0, 2760.0, 2820.0, 2880.0, 2940.0, 3000.0]
/////////////////////////
PROCESSING:  TTM1500TZBW
/////////////////////////
plotTreeName: Tprime2_DeepAK8_decorr_Mass
Flavour: E #tag: isV_tZbW #algo: DeepAK8_decorr
Weights: 1 * 1 * 1 * pileupWeight * 1 * lepIdSF * EGammaGsfSF * 1 * (MCWeight_singleLepCalc/abs(MCWeight_singleLepCalc)) * 9.96606770248e-05
Cuts: (leptonPt_singleLepCalc > 50) && (corr_met_singleLepCalc > 55) && (AK4HT > 480) && (minDR_lepJet > 0.4 || ptRel_lepJet > 40) && (NJetsAK8_JetSubCalc > 2) && (minDR_leadAK8otherAK8 < 3.0) && DataPastTrigger == 1 && isElectron==1
****************************************************************************************************
****************************************************************************************************
DISTRIBUTION: Tp2Mass
            -name in ljmet trees: Tprime2_ALGO_Mass
            -x-axis label is set to: ;M(T) [GeV])
            -using the binning as: [0.0, 60.0, 120.0, 180.0, 240.0, 300.0, 360.0, 420.0, 480.0, 540.0, 600.0, 660.0, 720.0, 780.0, 840.0, 900.0, 960.0, 1020.0, 1080.0, 1140.0, 1200.0, 1260.0, 1320.0, 1380.0, 1440.0, 1500.0, 1560.0, 1620.0, 1680.0, 1740.0, 1800.0, 1860.0, 1920.0, 1980.0, 2040.0, 2100.0, 2160.0, 2220.0, 2280.0, 2340.0, 2400.0, 2460.0, 2520.0, 2580.0, 2640.0, 2700.0, 2760.0, 2820.0, 2880.0, 2940.0, 3000.0]
/////////////////////////
PROCESSING:  TTM1500THBW
/////////////////////////
plotTreeName: Tprime2_DeepAK8_decorr_Mass
Flavour: E #tag: isV_tZbW #algo: DeepAK8_decorr
Weights: 1 * 1 * 1 * pileupWeight * 1 * lepIdSF * EGammaGsfSF * 1 * (MCWeight_singleLepCalc/abs(MCWeight_singleLepCalc)) * 9.96606770248e-05
Cuts: (leptonPt_singleLepCalc > 50) && (corr_met_singleLepCalc > 55) && (AK4HT > 480) && (minDR_lepJet > 0.4 || ptRel_lepJet > 40) && (NJetsAK8_JetSubCalc > 2) && (minDR_leadAK8otherAK8 < 3.0) && DataPastTrigger == 1 && isElectron==1
****************************************************************************************************
****************************************************************************************************
DISTRIBUTION: Tp2Mass
            -name in ljmet trees: Tprime2_ALGO_Mass
            -x-axis label is set to: ;M(T) [GeV])
            -using the binning as: [0.0, 60.0, 120.0, 180.0, 240.0, 300.0, 360.0, 420.0, 480.0, 540.0, 600.0, 660.0, 720.0, 780.0, 840.0, 900.0, 960.0, 1020.0, 1080.0, 1140.0, 1200.0, 1260.0, 1320.0, 1380.0, 1440.0, 1500.0, 1560.0, 1620.0, 1680.0, 1740.0, 1800.0, 1860.0, 1920.0, 1980.0, 2040.0, 2100.0, 2160.0, 2220.0, 2280.0, 2340.0, 2400.0, 2460.0, 2520.0, 2580.0, 2640.0, 2700.0, 2760.0, 2820.0, 2880.0, 2940.0, 3000.0]
/////////////////////////
PROCESSING:  TTM1500TZTH
/////////////////////////
plotTreeName: Tprime2_DeepAK8_decorr_Mass
Flavour: E #tag: isV_tZbW #algo: DeepAK8_decorr
Weights: 1 * 1 * 1 * pileupWeight * 1 * lepIdSF * EGammaGsfSF * 1 * (MCWeight_singleLepCalc/abs(MCWeight_singleLepCalc)) * 4.98303385124e-05
Cuts: (leptonPt_singleLepCalc > 50) && (corr_met_singleLepCalc > 55) && (AK4HT > 480) && (minDR_lepJet > 0.4 || ptRel_lepJet > 40) && (NJetsAK8_JetSubCalc > 2) && (minDR_leadAK8otherAK8 < 3.0) && DataPastTrigger == 1 && isElectron==1
****************************************************************************************************
****************************************************************************************************
DISTRIBUTION: Tp2Mass
            -name in ljmet trees: Tprime2_ALGO_Mass
            -x-axis label is set to: ;M(T) [GeV])
            -using the binning as: [0.0, 60.0, 120.0, 180.0, 240.0, 300.0, 360.0, 420.0, 480.0, 540.0, 600.0, 660.0, 720.0, 780.0, 840.0, 900.0, 960.0, 1020.0, 1080.0, 1140.0, 1200.0, 1260.0, 1320.0, 1380.0, 1440.0, 1500.0, 1560.0, 1620.0, 1680.0, 1740.0, 1800.0, 1860.0, 1920.0, 1980.0, 2040.0, 2100.0, 2160.0, 2220.0, 2280.0, 2340.0, 2400.0, 2460.0, 2520.0, 2580.0, 2640.0, 2700.0, 2760.0, 2820.0, 2880.0, 2940.0, 3000.0]
/////////////////////////
PROCESSING:  TTM1600BWBW
/////////////////////////
plotTreeName: Tprime2_DeepAK8_decorr_Mass
Flavour: E #tag: isV_tZbW #algo: DeepAK8_decorr
Weights: 1 * 1 * 1 * pileupWeight * 1 * lepIdSF * EGammaGsfSF * 1 * (MCWeight_singleLepCalc/abs(MCWeight_singleLepCalc)) * 0.000114437939919
Cuts: (leptonPt_singleLepCalc > 50) && (corr_met_singleLepCalc > 55) && (AK4HT > 480) && (minDR_lepJet > 0.4 || ptRel_lepJet > 40) && (NJetsAK8_JetSubCalc > 2) && (minDR_leadAK8otherAK8 < 3.0) && DataPastTrigger == 1 && isElectron==1
****************************************************************************************************
****************************************************************************************************
DISTRIBUTION: Tp2Mass
            -name in ljmet trees: Tprime2_ALGO_Mass
            -x-axis label is set to: ;M(T) [GeV])
            -using the binning as: [0.0, 60.0, 120.0, 180.0, 240.0, 300.0, 360.0, 420.0, 480.0, 540.0, 600.0, 660.0, 720.0, 780.0, 840.0, 900.0, 960.0, 1020.0, 1080.0, 1140.0, 1200.0, 1260.0, 1320.0, 1380.0, 1440.0, 1500.0, 1560.0, 1620.0, 1680.0, 1740.0, 1800.0, 1860.0, 1920.0, 1980.0, 2040.0, 2100.0, 2160.0, 2220.0, 2280.0, 2340.0, 2400.0, 2460.0, 2520.0, 2580.0, 2640.0, 2700.0, 2760.0, 2820.0, 2880.0, 2940.0, 3000.0]
/////////////////////////
PROCESSING:  TTM1600THTH
/////////////////////////
plotTreeName: Tprime2_DeepAK8_decorr_Mass
Flavour: E #tag: isV_tZbW #algo: DeepAK8_decorr
Weights: 1 * 1 * 1 * pileupWeight * 1 * lepIdSF * EGammaGsfSF * 1 * (MCWeight_singleLepCalc/abs(MCWeight_singleLepCalc)) * 2.86094849797e-05
Cuts: (leptonPt_singleLepCalc > 50) && (corr_met_singleLepCalc > 55) && (AK4HT > 480) && (minDR_lepJet > 0.4 || ptRel_lepJet > 40) && (NJetsAK8_JetSubCalc > 2) && (minDR_leadAK8otherAK8 < 3.0) && DataPastTrigger == 1 && isElectron==1
****************************************************************************************************
****************************************************************************************************
DISTRIBUTION: Tp2Mass
            -name in ljmet trees: Tprime2_ALGO_Mass
            -x-axis label is set to: ;M(T) [GeV])
            -using the binning as: [0.0, 60.0, 120.0, 180.0, 240.0, 300.0, 360.0, 420.0, 480.0, 540.0, 600.0, 660.0, 720.0, 780.0, 840.0, 900.0, 960.0, 1020.0, 1080.0, 1140.0, 1200.0, 1260.0, 1320.0, 1380.0, 1440.0, 1500.0, 1560.0, 1620.0, 1680.0, 1740.0, 1800.0, 1860.0, 1920.0, 1980.0, 2040.0, 2100.0, 2160.0, 2220.0, 2280.0, 2340.0, 2400.0, 2460.0, 2520.0, 2580.0, 2640.0, 2700.0, 2760.0, 2820.0, 2880.0, 2940.0, 3000.0]
/////////////////////////
PROCESSING:  TTM1600TZTZ
/////////////////////////
plotTreeName: Tprime2_DeepAK8_decorr_Mass
Flavour: E #tag: isV_tZbW #algo: DeepAK8_decorr
Weights: 1 * 1 * 1 * pileupWeight * 1 * lepIdSF * EGammaGsfSF * 1 * (MCWeight_singleLepCalc/abs(MCWeight_singleLepCalc)) * 2.86094849797e-05
Cuts: (leptonPt_singleLepCalc > 50) && (corr_met_singleLepCalc > 55) && (AK4HT > 480) && (minDR_lepJet > 0.4 || ptRel_lepJet > 40) && (NJetsAK8_JetSubCalc > 2) && (minDR_leadAK8otherAK8 < 3.0) && DataPastTrigger == 1 && isElectron==1
****************************************************************************************************
****************************************************************************************************
DISTRIBUTION: Tp2Mass
            -name in ljmet trees: Tprime2_ALGO_Mass
            -x-axis label is set to: ;M(T) [GeV])
            -using the binning as: [0.0, 60.0, 120.0, 180.0, 240.0, 300.0, 360.0, 420.0, 480.0, 540.0, 600.0, 660.0, 720.0, 780.0, 840.0, 900.0, 960.0, 1020.0, 1080.0, 1140.0, 1200.0, 1260.0, 1320.0, 1380.0, 1440.0, 1500.0, 1560.0, 1620.0, 1680.0, 1740.0, 1800.0, 1860.0, 1920.0, 1980.0, 2040.0, 2100.0, 2160.0, 2220.0, 2280.0, 2340.0, 2400.0, 2460.0, 2520.0, 2580.0, 2640.0, 2700.0, 2760.0, 2820.0, 2880.0, 2940.0, 3000.0]
/////////////////////////
PROCESSING:  TTM1600TZBW
/////////////////////////
plotTreeName: Tprime2_DeepAK8_decorr_Mass
Flavour: E #tag: isV_tZbW #algo: DeepAK8_decorr
Weights: 1 * 1 * 1 * pileupWeight * 1 * lepIdSF * EGammaGsfSF * 1 * (MCWeight_singleLepCalc/abs(MCWeight_singleLepCalc)) * 5.72189699595e-05
Cuts: (leptonPt_singleLepCalc > 50) && (corr_met_singleLepCalc > 55) && (AK4HT > 480) && (minDR_lepJet > 0.4 || ptRel_lepJet > 40) && (NJetsAK8_JetSubCalc > 2) && (minDR_leadAK8otherAK8 < 3.0) && DataPastTrigger == 1 && isElectron==1
****************************************************************************************************
****************************************************************************************************
DISTRIBUTION: Tp2Mass
            -name in ljmet trees: Tprime2_ALGO_Mass
            -x-axis label is set to: ;M(T) [GeV])
            -using the binning as: [0.0, 60.0, 120.0, 180.0, 240.0, 300.0, 360.0, 420.0, 480.0, 540.0, 600.0, 660.0, 720.0, 780.0, 840.0, 900.0, 960.0, 1020.0, 1080.0, 1140.0, 1200.0, 1260.0, 1320.0, 1380.0, 1440.0, 1500.0, 1560.0, 1620.0, 1680.0, 1740.0, 1800.0, 1860.0, 1920.0, 1980.0, 2040.0, 2100.0, 2160.0, 2220.0, 2280.0, 2340.0, 2400.0, 2460.0, 2520.0, 2580.0, 2640.0, 2700.0, 2760.0, 2820.0, 2880.0, 2940.0, 3000.0]
/////////////////////////
PROCESSING:  TTM1600THBW
/////////////////////////
plotTreeName: Tprime2_DeepAK8_decorr_Mass
Flavour: E #tag: isV_tZbW #algo: DeepAK8_decorr
Weights: 1 * 1 * 1 * pileupWeight * 1 * lepIdSF * EGammaGsfSF * 1 * (MCWeight_singleLepCalc/abs(MCWeight_singleLepCalc)) * 5.72189699595e-05
Cuts: (leptonPt_singleLepCalc > 50) && (corr_met_singleLepCalc > 55) && (AK4HT > 480) && (minDR_lepJet > 0.4 || ptRel_lepJet > 40) && (NJetsAK8_JetSubCalc > 2) && (minDR_leadAK8otherAK8 < 3.0) && DataPastTrigger == 1 && isElectron==1
****************************************************************************************************
****************************************************************************************************
DISTRIBUTION: Tp2Mass
            -name in ljmet trees: Tprime2_ALGO_Mass
            -x-axis label is set to: ;M(T) [GeV])
            -using the binning as: [0.0, 60.0, 120.0, 180.0, 240.0, 300.0, 360.0, 420.0, 480.0, 540.0, 600.0, 660.0, 720.0, 780.0, 840.0, 900.0, 960.0, 1020.0, 1080.0, 1140.0, 1200.0, 1260.0, 1320.0, 1380.0, 1440.0, 1500.0, 1560.0, 1620.0, 1680.0, 1740.0, 1800.0, 1860.0, 1920.0, 1980.0, 2040.0, 2100.0, 2160.0, 2220.0, 2280.0, 2340.0, 2400.0, 2460.0, 2520.0, 2580.0, 2640.0, 2700.0, 2760.0, 2820.0, 2880.0, 2940.0, 3000.0]
/////////////////////////
PROCESSING:  TTM1600TZTH
/////////////////////////
plotTreeName: Tprime2_DeepAK8_decorr_Mass
Flavour: E #tag: isV_tZbW #algo: DeepAK8_decorr
Weights: 1 * 1 * 1 * pileupWeight * 1 * lepIdSF * EGammaGsfSF * 1 * (MCWeight_singleLepCalc/abs(MCWeight_singleLepCalc)) * 2.86094849797e-05
Cuts: (leptonPt_singleLepCalc > 50) && (corr_met_singleLepCalc > 55) && (AK4HT > 480) && (minDR_lepJet > 0.4 || ptRel_lepJet > 40) && (NJetsAK8_JetSubCalc > 2) && (minDR_leadAK8otherAK8 < 3.0) && DataPastTrigger == 1 && isElectron==1
****************************************************************************************************
****************************************************************************************************
DISTRIBUTION: Tp2Mass
            -name in ljmet trees: Tprime2_ALGO_Mass
            -x-axis label is set to: ;M(T) [GeV])
            -using the binning as: [0.0, 60.0, 120.0, 180.0, 240.0, 300.0, 360.0, 420.0, 480.0, 540.0, 600.0, 660.0, 720.0, 780.0, 840.0, 900.0, 960.0, 1020.0, 1080.0, 1140.0, 1200.0, 1260.0, 1320.0, 1380.0, 1440.0, 1500.0, 1560.0, 1620.0, 1680.0, 1740.0, 1800.0, 1860.0, 1920.0, 1980.0, 2040.0, 2100.0, 2160.0, 2220.0, 2280.0, 2340.0, 2400.0, 2460.0, 2520.0, 2580.0, 2640.0, 2700.0, 2760.0, 2820.0, 2880.0, 2940.0, 3000.0]
/////////////////////////
PROCESSING:  TTM1700BWBW
/////////////////////////
plotTreeName: Tprime2_DeepAK8_decorr_Mass
Flavour: E #tag: isV_tZbW #algo: DeepAK8_decorr
Weights: 1 * 1 * 1 * pileupWeight * 1 * lepIdSF * EGammaGsfSF * 1 * (MCWeight_singleLepCalc/abs(MCWeight_singleLepCalc)) * 6.93554282011e-05
Cuts: (leptonPt_singleLepCalc > 50) && (corr_met_singleLepCalc > 55) && (AK4HT > 480) && (minDR_lepJet > 0.4 || ptRel_lepJet > 40) && (NJetsAK8_JetSubCalc > 2) && (minDR_leadAK8otherAK8 < 3.0) && DataPastTrigger == 1 && isElectron==1
****************************************************************************************************
****************************************************************************************************
DISTRIBUTION: Tp2Mass
            -name in ljmet trees: Tprime2_ALGO_Mass
            -x-axis label is set to: ;M(T) [GeV])
            -using the binning as: [0.0, 60.0, 120.0, 180.0, 240.0, 300.0, 360.0, 420.0, 480.0, 540.0, 600.0, 660.0, 720.0, 780.0, 840.0, 900.0, 960.0, 1020.0, 1080.0, 1140.0, 1200.0, 1260.0, 1320.0, 1380.0, 1440.0, 1500.0, 1560.0, 1620.0, 1680.0, 1740.0, 1800.0, 1860.0, 1920.0, 1980.0, 2040.0, 2100.0, 2160.0, 2220.0, 2280.0, 2340.0, 2400.0, 2460.0, 2520.0, 2580.0, 2640.0, 2700.0, 2760.0, 2820.0, 2880.0, 2940.0, 3000.0]
/////////////////////////
PROCESSING:  TTM1700THTH
/////////////////////////
plotTreeName: Tprime2_DeepAK8_decorr_Mass
Flavour: E #tag: isV_tZbW #algo: DeepAK8_decorr
Weights: 1 * 1 * 1 * pileupWeight * 1 * lepIdSF * EGammaGsfSF * 1 * (MCWeight_singleLepCalc/abs(MCWeight_singleLepCalc)) * 1.73388570503e-05
Cuts: (leptonPt_singleLepCalc > 50) && (corr_met_singleLepCalc > 55) && (AK4HT > 480) && (minDR_lepJet > 0.4 || ptRel_lepJet > 40) && (NJetsAK8_JetSubCalc > 2) && (minDR_leadAK8otherAK8 < 3.0) && DataPastTrigger == 1 && isElectron==1
****************************************************************************************************
****************************************************************************************************
DISTRIBUTION: Tp2Mass
            -name in ljmet trees: Tprime2_ALGO_Mass
            -x-axis label is set to: ;M(T) [GeV])
            -using the binning as: [0.0, 60.0, 120.0, 180.0, 240.0, 300.0, 360.0, 420.0, 480.0, 540.0, 600.0, 660.0, 720.0, 780.0, 840.0, 900.0, 960.0, 1020.0, 1080.0, 1140.0, 1200.0, 1260.0, 1320.0, 1380.0, 1440.0, 1500.0, 1560.0, 1620.0, 1680.0, 1740.0, 1800.0, 1860.0, 1920.0, 1980.0, 2040.0, 2100.0, 2160.0, 2220.0, 2280.0, 2340.0, 2400.0, 2460.0, 2520.0, 2580.0, 2640.0, 2700.0, 2760.0, 2820.0, 2880.0, 2940.0, 3000.0]
/////////////////////////
PROCESSING:  TTM1700TZTZ
/////////////////////////
plotTreeName: Tprime2_DeepAK8_decorr_Mass
Flavour: E #tag: isV_tZbW #algo: DeepAK8_decorr
Weights: 1 * 1 * 1 * pileupWeight * 1 * lepIdSF * EGammaGsfSF * 1 * (MCWeight_singleLepCalc/abs(MCWeight_singleLepCalc)) * 1.73388570503e-05
Cuts: (leptonPt_singleLepCalc > 50) && (corr_met_singleLepCalc > 55) && (AK4HT > 480) && (minDR_lepJet > 0.4 || ptRel_lepJet > 40) && (NJetsAK8_JetSubCalc > 2) && (minDR_leadAK8otherAK8 < 3.0) && DataPastTrigger == 1 && isElectron==1
****************************************************************************************************
****************************************************************************************************
DISTRIBUTION: Tp2Mass
            -name in ljmet trees: Tprime2_ALGO_Mass
            -x-axis label is set to: ;M(T) [GeV])
            -using the binning as: [0.0, 60.0, 120.0, 180.0, 240.0, 300.0, 360.0, 420.0, 480.0, 540.0, 600.0, 660.0, 720.0, 780.0, 840.0, 900.0, 960.0, 1020.0, 1080.0, 1140.0, 1200.0, 1260.0, 1320.0, 1380.0, 1440.0, 1500.0, 1560.0, 1620.0, 1680.0, 1740.0, 1800.0, 1860.0, 1920.0, 1980.0, 2040.0, 2100.0, 2160.0, 2220.0, 2280.0, 2340.0, 2400.0, 2460.0, 2520.0, 2580.0, 2640.0, 2700.0, 2760.0, 2820.0, 2880.0, 2940.0, 3000.0]
/////////////////////////
PROCESSING:  TTM1700TZBW
/////////////////////////
plotTreeName: Tprime2_DeepAK8_decorr_Mass
Flavour: E #tag: isV_tZbW #algo: DeepAK8_decorr
Weights: 1 * 1 * 1 * pileupWeight * 1 * lepIdSF * EGammaGsfSF * 1 * (MCWeight_singleLepCalc/abs(MCWeight_singleLepCalc)) * 3.46777141005e-05
Cuts: (leptonPt_singleLepCalc > 50) && (corr_met_singleLepCalc > 55) && (AK4HT > 480) && (minDR_lepJet > 0.4 || ptRel_lepJet > 40) && (NJetsAK8_JetSubCalc > 2) && (minDR_leadAK8otherAK8 < 3.0) && DataPastTrigger == 1 && isElectron==1
****************************************************************************************************
****************************************************************************************************
DISTRIBUTION: Tp2Mass
            -name in ljmet trees: Tprime2_ALGO_Mass
            -x-axis label is set to: ;M(T) [GeV])
            -using the binning as: [0.0, 60.0, 120.0, 180.0, 240.0, 300.0, 360.0, 420.0, 480.0, 540.0, 600.0, 660.0, 720.0, 780.0, 840.0, 900.0, 960.0, 1020.0, 1080.0, 1140.0, 1200.0, 1260.0, 1320.0, 1380.0, 1440.0, 1500.0, 1560.0, 1620.0, 1680.0, 1740.0, 1800.0, 1860.0, 1920.0, 1980.0, 2040.0, 2100.0, 2160.0, 2220.0, 2280.0, 2340.0, 2400.0, 2460.0, 2520.0, 2580.0, 2640.0, 2700.0, 2760.0, 2820.0, 2880.0, 2940.0, 3000.0]
/////////////////////////
PROCESSING:  TTM1700THBW
/////////////////////////
plotTreeName: Tprime2_DeepAK8_decorr_Mass
Flavour: E #tag: isV_tZbW #algo: DeepAK8_decorr
Weights: 1 * 1 * 1 * pileupWeight * 1 * lepIdSF * EGammaGsfSF * 1 * (MCWeight_singleLepCalc/abs(MCWeight_singleLepCalc)) * 3.46777141005e-05
Cuts: (leptonPt_singleLepCalc > 50) && (corr_met_singleLepCalc > 55) && (AK4HT > 480) && (minDR_lepJet > 0.4 || ptRel_lepJet > 40) && (NJetsAK8_JetSubCalc > 2) && (minDR_leadAK8otherAK8 < 3.0) && DataPastTrigger == 1 && isElectron==1
****************************************************************************************************
****************************************************************************************************
DISTRIBUTION: Tp2Mass
            -name in ljmet trees: Tprime2_ALGO_Mass
            -x-axis label is set to: ;M(T) [GeV])
            -using the binning as: [0.0, 60.0, 120.0, 180.0, 240.0, 300.0, 360.0, 420.0, 480.0, 540.0, 600.0, 660.0, 720.0, 780.0, 840.0, 900.0, 960.0, 1020.0, 1080.0, 1140.0, 1200.0, 1260.0, 1320.0, 1380.0, 1440.0, 1500.0, 1560.0, 1620.0, 1680.0, 1740.0, 1800.0, 1860.0, 1920.0, 1980.0, 2040.0, 2100.0, 2160.0, 2220.0, 2280.0, 2340.0, 2400.0, 2460.0, 2520.0, 2580.0, 2640.0, 2700.0, 2760.0, 2820.0, 2880.0, 2940.0, 3000.0]
/////////////////////////
PROCESSING:  TTM1700TZTH
/////////////////////////
plotTreeName: Tprime2_DeepAK8_decorr_Mass
Flavour: E #tag: isV_tZbW #algo: DeepAK8_decorr
Weights: 1 * 1 * 1 * pileupWeight * 1 * lepIdSF * EGammaGsfSF * 1 * (MCWeight_singleLepCalc/abs(MCWeight_singleLepCalc)) * 1.73388570503e-05
Cuts: (leptonPt_singleLepCalc > 50) && (corr_met_singleLepCalc > 55) && (AK4HT > 480) && (minDR_lepJet > 0.4 || ptRel_lepJet > 40) && (NJetsAK8_JetSubCalc > 2) && (minDR_leadAK8otherAK8 < 3.0) && DataPastTrigger == 1 && isElectron==1
****************************************************************************************************
****************************************************************************************************
DISTRIBUTION: Tp2Mass
            -name in ljmet trees: Tprime2_ALGO_Mass
            -x-axis label is set to: ;M(T) [GeV])
            -using the binning as: [0.0, 60.0, 120.0, 180.0, 240.0, 300.0, 360.0, 420.0, 480.0, 540.0, 600.0, 660.0, 720.0, 780.0, 840.0, 900.0, 960.0, 1020.0, 1080.0, 1140.0, 1200.0, 1260.0, 1320.0, 1380.0, 1440.0, 1500.0, 1560.0, 1620.0, 1680.0, 1740.0, 1800.0, 1860.0, 1920.0, 1980.0, 2040.0, 2100.0, 2160.0, 2220.0, 2280.0, 2340.0, 2400.0, 2460.0, 2520.0, 2580.0, 2640.0, 2700.0, 2760.0, 2820.0, 2880.0, 2940.0, 3000.0]
/////////////////////////
PROCESSING:  TTM1800BWBW
/////////////////////////
plotTreeName: Tprime2_DeepAK8_decorr_Mass
Flavour: E #tag: isV_tZbW #algo: DeepAK8_decorr
Weights: 1 * 1 * 1 * pileupWeight * 1 * lepIdSF * EGammaGsfSF * 1 * (MCWeight_singleLepCalc/abs(MCWeight_singleLepCalc)) * 3.89579688164e-05
Cuts: (leptonPt_singleLepCalc > 50) && (corr_met_singleLepCalc > 55) && (AK4HT > 480) && (minDR_lepJet > 0.4 || ptRel_lepJet > 40) && (NJetsAK8_JetSubCalc > 2) && (minDR_leadAK8otherAK8 < 3.0) && DataPastTrigger == 1 && isElectron==1
****************************************************************************************************
****************************************************************************************************
DISTRIBUTION: Tp2Mass
            -name in ljmet trees: Tprime2_ALGO_Mass
            -x-axis label is set to: ;M(T) [GeV])
            -using the binning as: [0.0, 60.0, 120.0, 180.0, 240.0, 300.0, 360.0, 420.0, 480.0, 540.0, 600.0, 660.0, 720.0, 780.0, 840.0, 900.0, 960.0, 1020.0, 1080.0, 1140.0, 1200.0, 1260.0, 1320.0, 1380.0, 1440.0, 1500.0, 1560.0, 1620.0, 1680.0, 1740.0, 1800.0, 1860.0, 1920.0, 1980.0, 2040.0, 2100.0, 2160.0, 2220.0, 2280.0, 2340.0, 2400.0, 2460.0, 2520.0, 2580.0, 2640.0, 2700.0, 2760.0, 2820.0, 2880.0, 2940.0, 3000.0]
/////////////////////////
PROCESSING:  TTM1800THTH
/////////////////////////
plotTreeName: Tprime2_DeepAK8_decorr_Mass
Flavour: E #tag: isV_tZbW #algo: DeepAK8_decorr
Weights: 1 * 1 * 1 * pileupWeight * 1 * lepIdSF * EGammaGsfSF * 1 * (MCWeight_singleLepCalc/abs(MCWeight_singleLepCalc)) * 9.7394922041e-06
Cuts: (leptonPt_singleLepCalc > 50) && (corr_met_singleLepCalc > 55) && (AK4HT > 480) && (minDR_lepJet > 0.4 || ptRel_lepJet > 40) && (NJetsAK8_JetSubCalc > 2) && (minDR_leadAK8otherAK8 < 3.0) && DataPastTrigger == 1 && isElectron==1
****************************************************************************************************
****************************************************************************************************
DISTRIBUTION: Tp2Mass
            -name in ljmet trees: Tprime2_ALGO_Mass
            -x-axis label is set to: ;M(T) [GeV])
            -using the binning as: [0.0, 60.0, 120.0, 180.0, 240.0, 300.0, 360.0, 420.0, 480.0, 540.0, 600.0, 660.0, 720.0, 780.0, 840.0, 900.0, 960.0, 1020.0, 1080.0, 1140.0, 1200.0, 1260.0, 1320.0, 1380.0, 1440.0, 1500.0, 1560.0, 1620.0, 1680.0, 1740.0, 1800.0, 1860.0, 1920.0, 1980.0, 2040.0, 2100.0, 2160.0, 2220.0, 2280.0, 2340.0, 2400.0, 2460.0, 2520.0, 2580.0, 2640.0, 2700.0, 2760.0, 2820.0, 2880.0, 2940.0, 3000.0]
/////////////////////////
PROCESSING:  TTM1800TZTZ
/////////////////////////
plotTreeName: Tprime2_DeepAK8_decorr_Mass
Flavour: E #tag: isV_tZbW #algo: DeepAK8_decorr
Weights: 1 * 1 * 1 * pileupWeight * 1 * lepIdSF * EGammaGsfSF * 1 * (MCWeight_singleLepCalc/abs(MCWeight_singleLepCalc)) * 9.7394922041e-06
Cuts: (leptonPt_singleLepCalc > 50) && (corr_met_singleLepCalc > 55) && (AK4HT > 480) && (minDR_lepJet > 0.4 || ptRel_lepJet > 40) && (NJetsAK8_JetSubCalc > 2) && (minDR_leadAK8otherAK8 < 3.0) && DataPastTrigger == 1 && isElectron==1
****************************************************************************************************
****************************************************************************************************
DISTRIBUTION: Tp2Mass
            -name in ljmet trees: Tprime2_ALGO_Mass
            -x-axis label is set to: ;M(T) [GeV])
            -using the binning as: [0.0, 60.0, 120.0, 180.0, 240.0, 300.0, 360.0, 420.0, 480.0, 540.0, 600.0, 660.0, 720.0, 780.0, 840.0, 900.0, 960.0, 1020.0, 1080.0, 1140.0, 1200.0, 1260.0, 1320.0, 1380.0, 1440.0, 1500.0, 1560.0, 1620.0, 1680.0, 1740.0, 1800.0, 1860.0, 1920.0, 1980.0, 2040.0, 2100.0, 2160.0, 2220.0, 2280.0, 2340.0, 2400.0, 2460.0, 2520.0, 2580.0, 2640.0, 2700.0, 2760.0, 2820.0, 2880.0, 2940.0, 3000.0]
/////////////////////////
PROCESSING:  TTM1800TZBW
/////////////////////////
plotTreeName: Tprime2_DeepAK8_decorr_Mass
Flavour: E #tag: isV_tZbW #algo: DeepAK8_decorr
Weights: 1 * 1 * 1 * pileupWeight * 1 * lepIdSF * EGammaGsfSF * 1 * (MCWeight_singleLepCalc/abs(MCWeight_singleLepCalc)) * 1.94789844082e-05
Cuts: (leptonPt_singleLepCalc > 50) && (corr_met_singleLepCalc > 55) && (AK4HT > 480) && (minDR_lepJet > 0.4 || ptRel_lepJet > 40) && (NJetsAK8_JetSubCalc > 2) && (minDR_leadAK8otherAK8 < 3.0) && DataPastTrigger == 1 && isElectron==1
****************************************************************************************************
****************************************************************************************************
DISTRIBUTION: Tp2Mass
            -name in ljmet trees: Tprime2_ALGO_Mass
            -x-axis label is set to: ;M(T) [GeV])
            -using the binning as: [0.0, 60.0, 120.0, 180.0, 240.0, 300.0, 360.0, 420.0, 480.0, 540.0, 600.0, 660.0, 720.0, 780.0, 840.0, 900.0, 960.0, 1020.0, 1080.0, 1140.0, 1200.0, 1260.0, 1320.0, 1380.0, 1440.0, 1500.0, 1560.0, 1620.0, 1680.0, 1740.0, 1800.0, 1860.0, 1920.0, 1980.0, 2040.0, 2100.0, 2160.0, 2220.0, 2280.0, 2340.0, 2400.0, 2460.0, 2520.0, 2580.0, 2640.0, 2700.0, 2760.0, 2820.0, 2880.0, 2940.0, 3000.0]
/////////////////////////
PROCESSING:  TTM1800THBW
/////////////////////////
plotTreeName: Tprime2_DeepAK8_decorr_Mass
Flavour: E #tag: isV_tZbW #algo: DeepAK8_decorr
Weights: 1 * 1 * 1 * pileupWeight * 1 * lepIdSF * EGammaGsfSF * 1 * (MCWeight_singleLepCalc/abs(MCWeight_singleLepCalc)) * 1.94789844082e-05
Cuts: (leptonPt_singleLepCalc > 50) && (corr_met_singleLepCalc > 55) && (AK4HT > 480) && (minDR_lepJet > 0.4 || ptRel_lepJet > 40) && (NJetsAK8_JetSubCalc > 2) && (minDR_leadAK8otherAK8 < 3.0) && DataPastTrigger == 1 && isElectron==1
****************************************************************************************************
****************************************************************************************************
DISTRIBUTION: Tp2Mass
            -name in ljmet trees: Tprime2_ALGO_Mass
            -x-axis label is set to: ;M(T) [GeV])
            -using the binning as: [0.0, 60.0, 120.0, 180.0, 240.0, 300.0, 360.0, 420.0, 480.0, 540.0, 600.0, 660.0, 720.0, 780.0, 840.0, 900.0, 960.0, 1020.0, 1080.0, 1140.0, 1200.0, 1260.0, 1320.0, 1380.0, 1440.0, 1500.0, 1560.0, 1620.0, 1680.0, 1740.0, 1800.0, 1860.0, 1920.0, 1980.0, 2040.0, 2100.0, 2160.0, 2220.0, 2280.0, 2340.0, 2400.0, 2460.0, 2520.0, 2580.0, 2640.0, 2700.0, 2760.0, 2820.0, 2880.0, 2940.0, 3000.0]
/////////////////////////
PROCESSING:  TTM1800TZTH
/////////////////////////
plotTreeName: Tprime2_DeepAK8_decorr_Mass
Flavour: E #tag: isV_tZbW #algo: DeepAK8_decorr
Weights: 1 * 1 * 1 * pileupWeight * 1 * lepIdSF * EGammaGsfSF * 1 * (MCWeight_singleLepCalc/abs(MCWeight_singleLepCalc)) * 9.7394922041e-06
Cuts: (leptonPt_singleLepCalc > 50) && (corr_met_singleLepCalc > 55) && (AK4HT > 480) && (minDR_lepJet > 0.4 || ptRel_lepJet > 40) && (NJetsAK8_JetSubCalc > 2) && (minDR_leadAK8otherAK8 < 3.0) && DataPastTrigger == 1 && isElectron==1
****************************************************************************************************
****************************************************************************************************
DISTRIBUTION: Tp2Mass
            -name in ljmet trees: Tprime2_ALGO_Mass
            -x-axis label is set to: ;M(T) [GeV])
            -using the binning as: [0.0, 60.0, 120.0, 180.0, 240.0, 300.0, 360.0, 420.0, 480.0, 540.0, 600.0, 660.0, 720.0, 780.0, 840.0, 900.0, 960.0, 1020.0, 1080.0, 1140.0, 1200.0, 1260.0, 1320.0, 1380.0, 1440.0, 1500.0, 1560.0, 1620.0, 1680.0, 1740.0, 1800.0, 1860.0, 1920.0, 1980.0, 2040.0, 2100.0, 2160.0, 2220.0, 2280.0, 2340.0, 2400.0, 2460.0, 2520.0, 2580.0, 2640.0, 2700.0, 2760.0, 2820.0, 2880.0, 2940.0, 3000.0]
/////////////////////////
PROCESSING:  WJetsMG400
/////////////////////////
plotTreeName: Tprime2_BEST_Mass
Flavour: E #tag: isV_tZtH #algo: BEST
Weights: 1 * HTSF_Pol * 1 * pileupWeight * 1 * lepIdSF * EGammaGsfSF * 1 * (MCWeight_singleLepCalc/abs(MCWeight_singleLepCalc)) * 0.280770227538
Cuts: (leptonPt_singleLepCalc > 50) && (corr_met_singleLepCalc > 55) && (AK4HT > 480) && (minDR_lepJet > 0.4 || ptRel_lepJet > 40) && (NJetsAK8_JetSubCalc > 2) && (minDR_leadAK8otherAK8 < 3.0) && DataPastTrigger == 1 && isElectron==1
****************************************************************************************************
****************************************************************************************************
DISTRIBUTION: Tp2Mass
            -name in ljmet trees: Tprime2_ALGO_Mass
            -x-axis label is set to: ;M(T) [GeV])
            -using the binning as: [0.0, 60.0, 120.0, 180.0, 240.0, 300.0, 360.0, 420.0, 480.0, 540.0, 600.0, 660.0, 720.0, 780.0, 840.0, 900.0, 960.0, 1020.0, 1080.0, 1140.0, 1200.0, 1260.0, 1320.0, 1380.0, 1440.0, 1500.0, 1560.0, 1620.0, 1680.0, 1740.0, 1800.0, 1860.0, 1920.0, 1980.0, 2040.0, 2100.0, 2160.0, 2220.0, 2280.0, 2340.0, 2400.0, 2460.0, 2520.0, 2580.0, 2640.0, 2700.0, 2760.0, 2820.0, 2880.0, 2940.0, 3000.0]
/////////////////////////
PROCESSING:  WJetsMG600
/////////////////////////
plotTreeName: Tprime2_BEST_Mass
Flavour: E #tag: isV_tZtH #algo: BEST
Weights: 1 * HTSF_Pol * 1 * pileupWeight * 1 * lepIdSF * EGammaGsfSF * 1 * (MCWeight_singleLepCalc/abs(MCWeight_singleLepCalc)) * 0.0287233231554
Cuts: (leptonPt_singleLepCalc > 50) && (corr_met_singleLepCalc > 55) && (AK4HT > 480) && (minDR_lepJet > 0.4 || ptRel_lepJet > 40) && (NJetsAK8_JetSubCalc > 2) && (minDR_leadAK8otherAK8 < 3.0) && DataPastTrigger == 1 && isElectron==1
****************************************************************************************************
****************************************************************************************************
DISTRIBUTION: Tp2Mass
            -name in ljmet trees: Tprime2_ALGO_Mass
            -x-axis label is set to: ;M(T) [GeV])
            -using the binning as: [0.0, 60.0, 120.0, 180.0, 240.0, 300.0, 360.0, 420.0, 480.0, 540.0, 600.0, 660.0, 720.0, 780.0, 840.0, 900.0, 960.0, 1020.0, 1080.0, 1140.0, 1200.0, 1260.0, 1320.0, 1380.0, 1440.0, 1500.0, 1560.0, 1620.0, 1680.0, 1740.0, 1800.0, 1860.0, 1920.0, 1980.0, 2040.0, 2100.0, 2160.0, 2220.0, 2280.0, 2340.0, 2400.0, 2460.0, 2520.0, 2580.0, 2640.0, 2700.0, 2760.0, 2820.0, 2880.0, 2940.0, 3000.0]
/////////////////////////
PROCESSING:  WJetsMG800
/////////////////////////
plotTreeName: Tprime2_BEST_Mass
Flavour: E #tag: isV_tZtH #algo: BEST
Weights: 1 * HTSF_Pol * 1 * pileupWeight * 1 * lepIdSF * EGammaGsfSF * 1 * (MCWeight_singleLepCalc/abs(MCWeight_singleLepCalc)) * 0.0316367902594
Cuts: (leptonPt_singleLepCalc > 50) && (corr_met_singleLepCalc > 55) && (AK4HT > 480) && (minDR_lepJet > 0.4 || ptRel_lepJet > 40) && (NJetsAK8_JetSubCalc > 2) && (minDR_leadAK8otherAK8 < 3.0) && DataPastTrigger == 1 && isElectron==1
****************************************************************************************************
****************************************************************************************************
DISTRIBUTION: Tp2Mass
            -name in ljmet trees: Tprime2_ALGO_Mass
            -x-axis label is set to: ;M(T) [GeV])
            -using the binning as: [0.0, 60.0, 120.0, 180.0, 240.0, 300.0, 360.0, 420.0, 480.0, 540.0, 600.0, 660.0, 720.0, 780.0, 840.0, 900.0, 960.0, 1020.0, 1080.0, 1140.0, 1200.0, 1260.0, 1320.0, 1380.0, 1440.0, 1500.0, 1560.0, 1620.0, 1680.0, 1740.0, 1800.0, 1860.0, 1920.0, 1980.0, 2040.0, 2100.0, 2160.0, 2220.0, 2280.0, 2340.0, 2400.0, 2460.0, 2520.0, 2580.0, 2640.0, 2700.0, 2760.0, 2820.0, 2880.0, 2940.0, 3000.0]
/////////////////////////
PROCESSING:  WJetsMG1200
/////////////////////////
plotTreeName: Tprime2_BEST_Mass
Flavour: E #tag: isV_tZtH #algo: BEST
Weights: 1 * HTSF_Pol * 1 * pileupWeight * 1 * lepIdSF * EGammaGsfSF * 1 * (MCWeight_singleLepCalc/abs(MCWeight_singleLepCalc)) * 0.00861414819858
Cuts: (leptonPt_singleLepCalc > 50) && (corr_met_singleLepCalc > 55) && (AK4HT > 480) && (minDR_lepJet > 0.4 || ptRel_lepJet > 40) && (NJetsAK8_JetSubCalc > 2) && (minDR_leadAK8otherAK8 < 3.0) && DataPastTrigger == 1 && isElectron==1
****************************************************************************************************
****************************************************************************************************
DISTRIBUTION: Tp2Mass
            -name in ljmet trees: Tprime2_ALGO_Mass
            -x-axis label is set to: ;M(T) [GeV])
            -using the binning as: [0.0, 60.0, 120.0, 180.0, 240.0, 300.0, 360.0, 420.0, 480.0, 540.0, 600.0, 660.0, 720.0, 780.0, 840.0, 900.0, 960.0, 1020.0, 1080.0, 1140.0, 1200.0, 1260.0, 1320.0, 1380.0, 1440.0, 1500.0, 1560.0, 1620.0, 1680.0, 1740.0, 1800.0, 1860.0, 1920.0, 1980.0, 2040.0, 2100.0, 2160.0, 2220.0, 2280.0, 2340.0, 2400.0, 2460.0, 2520.0, 2580.0, 2640.0, 2700.0, 2760.0, 2820.0, 2880.0, 2940.0, 3000.0]
/////////////////////////
PROCESSING:  WJetsMG2500
/////////////////////////
plotTreeName: Tprime2_BEST_Mass
Flavour: E #tag: isV_tZtH #algo: BEST
Weights: 1 * HTSF_Pol * 1 * pileupWeight * 1 * lepIdSF * EGammaGsfSF * 1 * (MCWeight_singleLepCalc/abs(MCWeight_singleLepCalc)) * 0.00054308661217
Cuts: (leptonPt_singleLepCalc > 50) && (corr_met_singleLepCalc > 55) && (AK4HT > 480) && (minDR_lepJet > 0.4 || ptRel_lepJet > 40) && (NJetsAK8_JetSubCalc > 2) && (minDR_leadAK8otherAK8 < 3.0) && DataPastTrigger == 1 && isElectron==1
****************************************************************************************************
****************************************************************************************************
DISTRIBUTION: Tp2Mass
            -name in ljmet trees: Tprime2_ALGO_Mass
            -x-axis label is set to: ;M(T) [GeV])
            -using the binning as: [0.0, 60.0, 120.0, 180.0, 240.0, 300.0, 360.0, 420.0, 480.0, 540.0, 600.0, 660.0, 720.0, 780.0, 840.0, 900.0, 960.0, 1020.0, 1080.0, 1140.0, 1200.0, 1260.0, 1320.0, 1380.0, 1440.0, 1500.0, 1560.0, 1620.0, 1680.0, 1740.0, 1800.0, 1860.0, 1920.0, 1980.0, 2040.0, 2100.0, 2160.0, 2220.0, 2280.0, 2340.0, 2400.0, 2460.0, 2520.0, 2580.0, 2640.0, 2700.0, 2760.0, 2820.0, 2880.0, 2940.0, 3000.0]
/////////////////////////
PROCESSING:  TTM1100BWBW
/////////////////////////
plotTreeName: Tprime2_BEST_Mass
Flavour: E #tag: isV_tZtH #algo: BEST
Weights: 1 * 1 * 1 * pileupWeight * 1 * lepIdSF * EGammaGsfSF * 1 * (MCWeight_singleLepCalc/abs(MCWeight_singleLepCalc)) * 0.00223239916536
Cuts: (leptonPt_singleLepCalc > 50) && (corr_met_singleLepCalc > 55) && (AK4HT > 480) && (minDR_lepJet > 0.4 || ptRel_lepJet > 40) && (NJetsAK8_JetSubCalc > 2) && (minDR_leadAK8otherAK8 < 3.0) && DataPastTrigger == 1 && isElectron==1
****************************************************************************************************
****************************************************************************************************
DISTRIBUTION: Tp2Mass
            -name in ljmet trees: Tprime2_ALGO_Mass
            -x-axis label is set to: ;M(T) [GeV])
            -using the binning as: [0.0, 60.0, 120.0, 180.0, 240.0, 300.0, 360.0, 420.0, 480.0, 540.0, 600.0, 660.0, 720.0, 780.0, 840.0, 900.0, 960.0, 1020.0, 1080.0, 1140.0, 1200.0, 1260.0, 1320.0, 1380.0, 1440.0, 1500.0, 1560.0, 1620.0, 1680.0, 1740.0, 1800.0, 1860.0, 1920.0, 1980.0, 2040.0, 2100.0, 2160.0, 2220.0, 2280.0, 2340.0, 2400.0, 2460.0, 2520.0, 2580.0, 2640.0, 2700.0, 2760.0, 2820.0, 2880.0, 2940.0, 3000.0]
/////////////////////////
PROCESSING:  TTM1100THTH
/////////////////////////
plotTreeName: Tprime2_BEST_Mass
Flavour: E #tag: isV_tZtH #algo: BEST
Weights: 1 * 1 * 1 * pileupWeight * 1 * lepIdSF * EGammaGsfSF * 1 * (MCWeight_singleLepCalc/abs(MCWeight_singleLepCalc)) * 0.000558099791339
Cuts: (leptonPt_singleLepCalc > 50) && (corr_met_singleLepCalc > 55) && (AK4HT > 480) && (minDR_lepJet > 0.4 || ptRel_lepJet > 40) && (NJetsAK8_JetSubCalc > 2) && (minDR_leadAK8otherAK8 < 3.0) && DataPastTrigger == 1 && isElectron==1
****************************************************************************************************
****************************************************************************************************
DISTRIBUTION: Tp2Mass
            -name in ljmet trees: Tprime2_ALGO_Mass
            -x-axis label is set to: ;M(T) [GeV])
            -using the binning as: [0.0, 60.0, 120.0, 180.0, 240.0, 300.0, 360.0, 420.0, 480.0, 540.0, 600.0, 660.0, 720.0, 780.0, 840.0, 900.0, 960.0, 1020.0, 1080.0, 1140.0, 1200.0, 1260.0, 1320.0, 1380.0, 1440.0, 1500.0, 1560.0, 1620.0, 1680.0, 1740.0, 1800.0, 1860.0, 1920.0, 1980.0, 2040.0, 2100.0, 2160.0, 2220.0, 2280.0, 2340.0, 2400.0, 2460.0, 2520.0, 2580.0, 2640.0, 2700.0, 2760.0, 2820.0, 2880.0, 2940.0, 3000.0]
/////////////////////////
PROCESSING:  TTM1100TZTZ
/////////////////////////
plotTreeName: Tprime2_BEST_Mass
Flavour: E #tag: isV_tZtH #algo: BEST
Weights: 1 * 1 * 1 * pileupWeight * 1 * lepIdSF * EGammaGsfSF * 1 * (MCWeight_singleLepCalc/abs(MCWeight_singleLepCalc)) * 0.000558099791339
Cuts: (leptonPt_singleLepCalc > 50) && (corr_met_singleLepCalc > 55) && (AK4HT > 480) && (minDR_lepJet > 0.4 || ptRel_lepJet > 40) && (NJetsAK8_JetSubCalc > 2) && (minDR_leadAK8otherAK8 < 3.0) && DataPastTrigger == 1 && isElectron==1
****************************************************************************************************
****************************************************************************************************
DISTRIBUTION: Tp2Mass
            -name in ljmet trees: Tprime2_ALGO_Mass
            -x-axis label is set to: ;M(T) [GeV])
            -using the binning as: [0.0, 60.0, 120.0, 180.0, 240.0, 300.0, 360.0, 420.0, 480.0, 540.0, 600.0, 660.0, 720.0, 780.0, 840.0, 900.0, 960.0, 1020.0, 1080.0, 1140.0, 1200.0, 1260.0, 1320.0, 1380.0, 1440.0, 1500.0, 1560.0, 1620.0, 1680.0, 1740.0, 1800.0, 1860.0, 1920.0, 1980.0, 2040.0, 2100.0, 2160.0, 2220.0, 2280.0, 2340.0, 2400.0, 2460.0, 2520.0, 2580.0, 2640.0, 2700.0, 2760.0, 2820.0, 2880.0, 2940.0, 3000.0]
/////////////////////////
PROCESSING:  TTM1100TZBW
/////////////////////////
plotTreeName: Tprime2_BEST_Mass
Flavour: E #tag: isV_tZtH #algo: BEST
Weights: 1 * 1 * 1 * pileupWeight * 1 * lepIdSF * EGammaGsfSF * 1 * (MCWeight_singleLepCalc/abs(MCWeight_singleLepCalc)) * 0.00111619958268
Cuts: (leptonPt_singleLepCalc > 50) && (corr_met_singleLepCalc > 55) && (AK4HT > 480) && (minDR_lepJet > 0.4 || ptRel_lepJet > 40) && (NJetsAK8_JetSubCalc > 2) && (minDR_leadAK8otherAK8 < 3.0) && DataPastTrigger == 1 && isElectron==1
****************************************************************************************************
****************************************************************************************************
DISTRIBUTION: Tp2Mass
            -name in ljmet trees: Tprime2_ALGO_Mass
            -x-axis label is set to: ;M(T) [GeV])
            -using the binning as: [0.0, 60.0, 120.0, 180.0, 240.0, 300.0, 360.0, 420.0, 480.0, 540.0, 600.0, 660.0, 720.0, 780.0, 840.0, 900.0, 960.0, 1020.0, 1080.0, 1140.0, 1200.0, 1260.0, 1320.0, 1380.0, 1440.0, 1500.0, 1560.0, 1620.0, 1680.0, 1740.0, 1800.0, 1860.0, 1920.0, 1980.0, 2040.0, 2100.0, 2160.0, 2220.0, 2280.0, 2340.0, 2400.0, 2460.0, 2520.0, 2580.0, 2640.0, 2700.0, 2760.0, 2820.0, 2880.0, 2940.0, 3000.0]
/////////////////////////
PROCESSING:  TTM1100THBW
/////////////////////////
plotTreeName: Tprime2_BEST_Mass
Flavour: E #tag: isV_tZtH #algo: BEST
Weights: 1 * 1 * 1 * pileupWeight * 1 * lepIdSF * EGammaGsfSF * 1 * (MCWeight_singleLepCalc/abs(MCWeight_singleLepCalc)) * 0.00111619958268
Cuts: (leptonPt_singleLepCalc > 50) && (corr_met_singleLepCalc > 55) && (AK4HT > 480) && (minDR_lepJet > 0.4 || ptRel_lepJet > 40) && (NJetsAK8_JetSubCalc > 2) && (minDR_leadAK8otherAK8 < 3.0) && DataPastTrigger == 1 && isElectron==1
****************************************************************************************************
****************************************************************************************************
DISTRIBUTION: Tp2Mass
            -name in ljmet trees: Tprime2_ALGO_Mass
            -x-axis label is set to: ;M(T) [GeV])
            -using the binning as: [0.0, 60.0, 120.0, 180.0, 240.0, 300.0, 360.0, 420.0, 480.0, 540.0, 600.0, 660.0, 720.0, 780.0, 840.0, 900.0, 960.0, 1020.0, 1080.0, 1140.0, 1200.0, 1260.0, 1320.0, 1380.0, 1440.0, 1500.0, 1560.0, 1620.0, 1680.0, 1740.0, 1800.0, 1860.0, 1920.0, 1980.0, 2040.0, 2100.0, 2160.0, 2220.0, 2280.0, 2340.0, 2400.0, 2460.0, 2520.0, 2580.0, 2640.0, 2700.0, 2760.0, 2820.0, 2880.0, 2940.0, 3000.0]
/////////////////////////
PROCESSING:  TTM1100TZTH
/////////////////////////
plotTreeName: Tprime2_BEST_Mass
Flavour: E #tag: isV_tZtH #algo: BEST
Weights: 1 * 1 * 1 * pileupWeight * 1 * lepIdSF * EGammaGsfSF * 1 * (MCWeight_singleLepCalc/abs(MCWeight_singleLepCalc)) * 0.000558099791339
Cuts: (leptonPt_singleLepCalc > 50) && (corr_met_singleLepCalc > 55) && (AK4HT > 480) && (minDR_lepJet > 0.4 || ptRel_lepJet > 40) && (NJetsAK8_JetSubCalc > 2) && (minDR_leadAK8otherAK8 < 3.0) && DataPastTrigger == 1 && isElectron==1
****************************************************************************************************
****************************************************************************************************
DISTRIBUTION: Tp2Mass
            -name in ljmet trees: Tprime2_ALGO_Mass
            -x-axis label is set to: ;M(T) [GeV])
            -using the binning as: [0.0, 60.0, 120.0, 180.0, 240.0, 300.0, 360.0, 420.0, 480.0, 540.0, 600.0, 660.0, 720.0, 780.0, 840.0, 900.0, 960.0, 1020.0, 1080.0, 1140.0, 1200.0, 1260.0, 1320.0, 1380.0, 1440.0, 1500.0, 1560.0, 1620.0, 1680.0, 1740.0, 1800.0, 1860.0, 1920.0, 1980.0, 2040.0, 2100.0, 2160.0, 2220.0, 2280.0, 2340.0, 2400.0, 2460.0, 2520.0, 2580.0, 2640.0, 2700.0, 2760.0, 2820.0, 2880.0, 2940.0, 3000.0]
/////////////////////////
PROCESSING:  TTM1200BWBW
/////////////////////////
plotTreeName: Tprime2_BEST_Mass
Flavour: E #tag: isV_tZtH #algo: BEST
Weights: 1 * 1 * 1 * pileupWeight * 1 * lepIdSF * EGammaGsfSF * 1 * (MCWeight_singleLepCalc/abs(MCWeight_singleLepCalc)) * 0.00117627847652
Cuts: (leptonPt_singleLepCalc > 50) && (corr_met_singleLepCalc > 55) && (AK4HT > 480) && (minDR_lepJet > 0.4 || ptRel_lepJet > 40) && (NJetsAK8_JetSubCalc > 2) && (minDR_leadAK8otherAK8 < 3.0) && DataPastTrigger == 1 && isElectron==1
****************************************************************************************************
****************************************************************************************************
DISTRIBUTION: Tp2Mass
            -name in ljmet trees: Tprime2_ALGO_Mass
            -x-axis label is set to: ;M(T) [GeV])
            -using the binning as: [0.0, 60.0, 120.0, 180.0, 240.0, 300.0, 360.0, 420.0, 480.0, 540.0, 600.0, 660.0, 720.0, 780.0, 840.0, 900.0, 960.0, 1020.0, 1080.0, 1140.0, 1200.0, 1260.0, 1320.0, 1380.0, 1440.0, 1500.0, 1560.0, 1620.0, 1680.0, 1740.0, 1800.0, 1860.0, 1920.0, 1980.0, 2040.0, 2100.0, 2160.0, 2220.0, 2280.0, 2340.0, 2400.0, 2460.0, 2520.0, 2580.0, 2640.0, 2700.0, 2760.0, 2820.0, 2880.0, 2940.0, 3000.0]
/////////////////////////
PROCESSING:  TTM1200THTH
/////////////////////////
plotTreeName: Tprime2_BEST_Mass
Flavour: E #tag: isV_tZtH #algo: BEST
Weights: 1 * 1 * 1 * pileupWeight * 1 * lepIdSF * EGammaGsfSF * 1 * (MCWeight_singleLepCalc/abs(MCWeight_singleLepCalc)) * 0.00029406961913
Cuts: (leptonPt_singleLepCalc > 50) && (corr_met_singleLepCalc > 55) && (AK4HT > 480) && (minDR_lepJet > 0.4 || ptRel_lepJet > 40) && (NJetsAK8_JetSubCalc > 2) && (minDR_leadAK8otherAK8 < 3.0) && DataPastTrigger == 1 && isElectron==1
****************************************************************************************************
****************************************************************************************************
DISTRIBUTION: Tp2Mass
            -name in ljmet trees: Tprime2_ALGO_Mass
            -x-axis label is set to: ;M(T) [GeV])
            -using the binning as: [0.0, 60.0, 120.0, 180.0, 240.0, 300.0, 360.0, 420.0, 480.0, 540.0, 600.0, 660.0, 720.0, 780.0, 840.0, 900.0, 960.0, 1020.0, 1080.0, 1140.0, 1200.0, 1260.0, 1320.0, 1380.0, 1440.0, 1500.0, 1560.0, 1620.0, 1680.0, 1740.0, 1800.0, 1860.0, 1920.0, 1980.0, 2040.0, 2100.0, 2160.0, 2220.0, 2280.0, 2340.0, 2400.0, 2460.0, 2520.0, 2580.0, 2640.0, 2700.0, 2760.0, 2820.0, 2880.0, 2940.0, 3000.0]
/////////////////////////
PROCESSING:  TTM1200TZTZ
/////////////////////////
plotTreeName: Tprime2_BEST_Mass
Flavour: E #tag: isV_tZtH #algo: BEST
Weights: 1 * 1 * 1 * pileupWeight * 1 * lepIdSF * EGammaGsfSF * 1 * (MCWeight_singleLepCalc/abs(MCWeight_singleLepCalc)) * 0.00029406961913
Cuts: (leptonPt_singleLepCalc > 50) && (corr_met_singleLepCalc > 55) && (AK4HT > 480) && (minDR_lepJet > 0.4 || ptRel_lepJet > 40) && (NJetsAK8_JetSubCalc > 2) && (minDR_leadAK8otherAK8 < 3.0) && DataPastTrigger == 1 && isElectron==1
****************************************************************************************************
****************************************************************************************************
DISTRIBUTION: Tp2Mass
            -name in ljmet trees: Tprime2_ALGO_Mass
            -x-axis label is set to: ;M(T) [GeV])
            -using the binning as: [0.0, 60.0, 120.0, 180.0, 240.0, 300.0, 360.0, 420.0, 480.0, 540.0, 600.0, 660.0, 720.0, 780.0, 840.0, 900.0, 960.0, 1020.0, 1080.0, 1140.0, 1200.0, 1260.0, 1320.0, 1380.0, 1440.0, 1500.0, 1560.0, 1620.0, 1680.0, 1740.0, 1800.0, 1860.0, 1920.0, 1980.0, 2040.0, 2100.0, 2160.0, 2220.0, 2280.0, 2340.0, 2400.0, 2460.0, 2520.0, 2580.0, 2640.0, 2700.0, 2760.0, 2820.0, 2880.0, 2940.0, 3000.0]
/////////////////////////
PROCESSING:  TTM1200TZBW
/////////////////////////
plotTreeName: Tprime2_BEST_Mass
Flavour: E #tag: isV_tZtH #algo: BEST
Weights: 1 * 1 * 1 * pileupWeight * 1 * lepIdSF * EGammaGsfSF * 1 * (MCWeight_singleLepCalc/abs(MCWeight_singleLepCalc)) * 0.000588139238259
Cuts: (leptonPt_singleLepCalc > 50) && (corr_met_singleLepCalc > 55) && (AK4HT > 480) && (minDR_lepJet > 0.4 || ptRel_lepJet > 40) && (NJetsAK8_JetSubCalc > 2) && (minDR_leadAK8otherAK8 < 3.0) && DataPastTrigger == 1 && isElectron==1
****************************************************************************************************
****************************************************************************************************
DISTRIBUTION: Tp2Mass
            -name in ljmet trees: Tprime2_ALGO_Mass
            -x-axis label is set to: ;M(T) [GeV])
            -using the binning as: [0.0, 60.0, 120.0, 180.0, 240.0, 300.0, 360.0, 420.0, 480.0, 540.0, 600.0, 660.0, 720.0, 780.0, 840.0, 900.0, 960.0, 1020.0, 1080.0, 1140.0, 1200.0, 1260.0, 1320.0, 1380.0, 1440.0, 1500.0, 1560.0, 1620.0, 1680.0, 1740.0, 1800.0, 1860.0, 1920.0, 1980.0, 2040.0, 2100.0, 2160.0, 2220.0, 2280.0, 2340.0, 2400.0, 2460.0, 2520.0, 2580.0, 2640.0, 2700.0, 2760.0, 2820.0, 2880.0, 2940.0, 3000.0]
/////////////////////////
PROCESSING:  TTM1200THBW
/////////////////////////
plotTreeName: Tprime2_BEST_Mass
Flavour: E #tag: isV_tZtH #algo: BEST
Weights: 1 * 1 * 1 * pileupWeight * 1 * lepIdSF * EGammaGsfSF * 1 * (MCWeight_singleLepCalc/abs(MCWeight_singleLepCalc)) * 0.000588139238259
Cuts: (leptonPt_singleLepCalc > 50) && (corr_met_singleLepCalc > 55) && (AK4HT > 480) && (minDR_lepJet > 0.4 || ptRel_lepJet > 40) && (NJetsAK8_JetSubCalc > 2) && (minDR_leadAK8otherAK8 < 3.0) && DataPastTrigger == 1 && isElectron==1
****************************************************************************************************
****************************************************************************************************
DISTRIBUTION: Tp2Mass
            -name in ljmet trees: Tprime2_ALGO_Mass
            -x-axis label is set to: ;M(T) [GeV])
            -using the binning as: [0.0, 60.0, 120.0, 180.0, 240.0, 300.0, 360.0, 420.0, 480.0, 540.0, 600.0, 660.0, 720.0, 780.0, 840.0, 900.0, 960.0, 1020.0, 1080.0, 1140.0, 1200.0, 1260.0, 1320.0, 1380.0, 1440.0, 1500.0, 1560.0, 1620.0, 1680.0, 1740.0, 1800.0, 1860.0, 1920.0, 1980.0, 2040.0, 2100.0, 2160.0, 2220.0, 2280.0, 2340.0, 2400.0, 2460.0, 2520.0, 2580.0, 2640.0, 2700.0, 2760.0, 2820.0, 2880.0, 2940.0, 3000.0]
/////////////////////////
PROCESSING:  TTM1200TZTH
/////////////////////////
plotTreeName: Tprime2_BEST_Mass
Flavour: E #tag: isV_tZtH #algo: BEST
Weights: 1 * 1 * 1 * pileupWeight * 1 * lepIdSF * EGammaGsfSF * 1 * (MCWeight_singleLepCalc/abs(MCWeight_singleLepCalc)) * 0.00029406961913
Cuts: (leptonPt_singleLepCalc > 50) && (corr_met_singleLepCalc > 55) && (AK4HT > 480) && (minDR_lepJet > 0.4 || ptRel_lepJet > 40) && (NJetsAK8_JetSubCalc > 2) && (minDR_leadAK8otherAK8 < 3.0) && DataPastTrigger == 1 && isElectron==1
****************************************************************************************************
****************************************************************************************************
DISTRIBUTION: Tp2Mass
            -name in ljmet trees: Tprime2_ALGO_Mass
            -x-axis label is set to: ;M(T) [GeV])
            -using the binning as: [0.0, 60.0, 120.0, 180.0, 240.0, 300.0, 360.0, 420.0, 480.0, 540.0, 600.0, 660.0, 720.0, 780.0, 840.0, 900.0, 960.0, 1020.0, 1080.0, 1140.0, 1200.0, 1260.0, 1320.0, 1380.0, 1440.0, 1500.0, 1560.0, 1620.0, 1680.0, 1740.0, 1800.0, 1860.0, 1920.0, 1980.0, 2040.0, 2100.0, 2160.0, 2220.0, 2280.0, 2340.0, 2400.0, 2460.0, 2520.0, 2580.0, 2640.0, 2700.0, 2760.0, 2820.0, 2880.0, 2940.0, 3000.0]
/////////////////////////
PROCESSING:  TTM1300BWBW
/////////////////////////
plotTreeName: Tprime2_BEST_Mass
Flavour: E #tag: isV_tZtH #algo: BEST
Weights: 1 * 1 * 1 * pileupWeight * 1 * lepIdSF * EGammaGsfSF * 1 * (MCWeight_singleLepCalc/abs(MCWeight_singleLepCalc)) * 0.00063821114509
Cuts: (leptonPt_singleLepCalc > 50) && (corr_met_singleLepCalc > 55) && (AK4HT > 480) && (minDR_lepJet > 0.4 || ptRel_lepJet > 40) && (NJetsAK8_JetSubCalc > 2) && (minDR_leadAK8otherAK8 < 3.0) && DataPastTrigger == 1 && isElectron==1
****************************************************************************************************
****************************************************************************************************
DISTRIBUTION: Tp2Mass
            -name in ljmet trees: Tprime2_ALGO_Mass
            -x-axis label is set to: ;M(T) [GeV])
            -using the binning as: [0.0, 60.0, 120.0, 180.0, 240.0, 300.0, 360.0, 420.0, 480.0, 540.0, 600.0, 660.0, 720.0, 780.0, 840.0, 900.0, 960.0, 1020.0, 1080.0, 1140.0, 1200.0, 1260.0, 1320.0, 1380.0, 1440.0, 1500.0, 1560.0, 1620.0, 1680.0, 1740.0, 1800.0, 1860.0, 1920.0, 1980.0, 2040.0, 2100.0, 2160.0, 2220.0, 2280.0, 2340.0, 2400.0, 2460.0, 2520.0, 2580.0, 2640.0, 2700.0, 2760.0, 2820.0, 2880.0, 2940.0, 3000.0]
/////////////////////////
PROCESSING:  TTM1300THTH
/////////////////////////
plotTreeName: Tprime2_BEST_Mass
Flavour: E #tag: isV_tZtH #algo: BEST
Weights: 1 * 1 * 1 * pileupWeight * 1 * lepIdSF * EGammaGsfSF * 1 * (MCWeight_singleLepCalc/abs(MCWeight_singleLepCalc)) * 0.000159552786272
Cuts: (leptonPt_singleLepCalc > 50) && (corr_met_singleLepCalc > 55) && (AK4HT > 480) && (minDR_lepJet > 0.4 || ptRel_lepJet > 40) && (NJetsAK8_JetSubCalc > 2) && (minDR_leadAK8otherAK8 < 3.0) && DataPastTrigger == 1 && isElectron==1
****************************************************************************************************
****************************************************************************************************
DISTRIBUTION: Tp2Mass
            -name in ljmet trees: Tprime2_ALGO_Mass
            -x-axis label is set to: ;M(T) [GeV])
            -using the binning as: [0.0, 60.0, 120.0, 180.0, 240.0, 300.0, 360.0, 420.0, 480.0, 540.0, 600.0, 660.0, 720.0, 780.0, 840.0, 900.0, 960.0, 1020.0, 1080.0, 1140.0, 1200.0, 1260.0, 1320.0, 1380.0, 1440.0, 1500.0, 1560.0, 1620.0, 1680.0, 1740.0, 1800.0, 1860.0, 1920.0, 1980.0, 2040.0, 2100.0, 2160.0, 2220.0, 2280.0, 2340.0, 2400.0, 2460.0, 2520.0, 2580.0, 2640.0, 2700.0, 2760.0, 2820.0, 2880.0, 2940.0, 3000.0]
/////////////////////////
PROCESSING:  TTM1300TZTZ
/////////////////////////
plotTreeName: Tprime2_BEST_Mass
Flavour: E #tag: isV_tZtH #algo: BEST
Weights: 1 * 1 * 1 * pileupWeight * 1 * lepIdSF * EGammaGsfSF * 1 * (MCWeight_singleLepCalc/abs(MCWeight_singleLepCalc)) * 0.000159552786272
Cuts: (leptonPt_singleLepCalc > 50) && (corr_met_singleLepCalc > 55) && (AK4HT > 480) && (minDR_lepJet > 0.4 || ptRel_lepJet > 40) && (NJetsAK8_JetSubCalc > 2) && (minDR_leadAK8otherAK8 < 3.0) && DataPastTrigger == 1 && isElectron==1
****************************************************************************************************
****************************************************************************************************
DISTRIBUTION: Tp2Mass
            -name in ljmet trees: Tprime2_ALGO_Mass
            -x-axis label is set to: ;M(T) [GeV])
            -using the binning as: [0.0, 60.0, 120.0, 180.0, 240.0, 300.0, 360.0, 420.0, 480.0, 540.0, 600.0, 660.0, 720.0, 780.0, 840.0, 900.0, 960.0, 1020.0, 1080.0, 1140.0, 1200.0, 1260.0, 1320.0, 1380.0, 1440.0, 1500.0, 1560.0, 1620.0, 1680.0, 1740.0, 1800.0, 1860.0, 1920.0, 1980.0, 2040.0, 2100.0, 2160.0, 2220.0, 2280.0, 2340.0, 2400.0, 2460.0, 2520.0, 2580.0, 2640.0, 2700.0, 2760.0, 2820.0, 2880.0, 2940.0, 3000.0]
/////////////////////////
PROCESSING:  TTM1300TZBW
/////////////////////////
plotTreeName: Tprime2_BEST_Mass
Flavour: E #tag: isV_tZtH #algo: BEST
Weights: 1 * 1 * 1 * pileupWeight * 1 * lepIdSF * EGammaGsfSF * 1 * (MCWeight_singleLepCalc/abs(MCWeight_singleLepCalc)) * 0.000319105572545
Cuts: (leptonPt_singleLepCalc > 50) && (corr_met_singleLepCalc > 55) && (AK4HT > 480) && (minDR_lepJet > 0.4 || ptRel_lepJet > 40) && (NJetsAK8_JetSubCalc > 2) && (minDR_leadAK8otherAK8 < 3.0) && DataPastTrigger == 1 && isElectron==1
****************************************************************************************************
****************************************************************************************************
DISTRIBUTION: Tp2Mass
            -name in ljmet trees: Tprime2_ALGO_Mass
            -x-axis label is set to: ;M(T) [GeV])
            -using the binning as: [0.0, 60.0, 120.0, 180.0, 240.0, 300.0, 360.0, 420.0, 480.0, 540.0, 600.0, 660.0, 720.0, 780.0, 840.0, 900.0, 960.0, 1020.0, 1080.0, 1140.0, 1200.0, 1260.0, 1320.0, 1380.0, 1440.0, 1500.0, 1560.0, 1620.0, 1680.0, 1740.0, 1800.0, 1860.0, 1920.0, 1980.0, 2040.0, 2100.0, 2160.0, 2220.0, 2280.0, 2340.0, 2400.0, 2460.0, 2520.0, 2580.0, 2640.0, 2700.0, 2760.0, 2820.0, 2880.0, 2940.0, 3000.0]
/////////////////////////
PROCESSING:  TTM1300THBW
/////////////////////////
plotTreeName: Tprime2_BEST_Mass
Flavour: E #tag: isV_tZtH #algo: BEST
Weights: 1 * 1 * 1 * pileupWeight * 1 * lepIdSF * EGammaGsfSF * 1 * (MCWeight_singleLepCalc/abs(MCWeight_singleLepCalc)) * 0.000319105572545
Cuts: (leptonPt_singleLepCalc > 50) && (corr_met_singleLepCalc > 55) && (AK4HT > 480) && (minDR_lepJet > 0.4 || ptRel_lepJet > 40) && (NJetsAK8_JetSubCalc > 2) && (minDR_leadAK8otherAK8 < 3.0) && DataPastTrigger == 1 && isElectron==1
****************************************************************************************************
****************************************************************************************************
DISTRIBUTION: Tp2Mass
            -name in ljmet trees: Tprime2_ALGO_Mass
            -x-axis label is set to: ;M(T) [GeV])
            -using the binning as: [0.0, 60.0, 120.0, 180.0, 240.0, 300.0, 360.0, 420.0, 480.0, 540.0, 600.0, 660.0, 720.0, 780.0, 840.0, 900.0, 960.0, 1020.0, 1080.0, 1140.0, 1200.0, 1260.0, 1320.0, 1380.0, 1440.0, 1500.0, 1560.0, 1620.0, 1680.0, 1740.0, 1800.0, 1860.0, 1920.0, 1980.0, 2040.0, 2100.0, 2160.0, 2220.0, 2280.0, 2340.0, 2400.0, 2460.0, 2520.0, 2580.0, 2640.0, 2700.0, 2760.0, 2820.0, 2880.0, 2940.0, 3000.0]
/////////////////////////
PROCESSING:  TTM1300TZTH
/////////////////////////
plotTreeName: Tprime2_BEST_Mass
Flavour: E #tag: isV_tZtH #algo: BEST
Weights: 1 * 1 * 1 * pileupWeight * 1 * lepIdSF * EGammaGsfSF * 1 * (MCWeight_singleLepCalc/abs(MCWeight_singleLepCalc)) * 0.000159552786272
Cuts: (leptonPt_singleLepCalc > 50) && (corr_met_singleLepCalc > 55) && (AK4HT > 480) && (minDR_lepJet > 0.4 || ptRel_lepJet > 40) && (NJetsAK8_JetSubCalc > 2) && (minDR_leadAK8otherAK8 < 3.0) && DataPastTrigger == 1 && isElectron==1
****************************************************************************************************
****************************************************************************************************
DISTRIBUTION: Tp2Mass
            -name in ljmet trees: Tprime2_ALGO_Mass
            -x-axis label is set to: ;M(T) [GeV])
            -using the binning as: [0.0, 60.0, 120.0, 180.0, 240.0, 300.0, 360.0, 420.0, 480.0, 540.0, 600.0, 660.0, 720.0, 780.0, 840.0, 900.0, 960.0, 1020.0, 1080.0, 1140.0, 1200.0, 1260.0, 1320.0, 1380.0, 1440.0, 1500.0, 1560.0, 1620.0, 1680.0, 1740.0, 1800.0, 1860.0, 1920.0, 1980.0, 2040.0, 2100.0, 2160.0, 2220.0, 2280.0, 2340.0, 2400.0, 2460.0, 2520.0, 2580.0, 2640.0, 2700.0, 2760.0, 2820.0, 2880.0, 2940.0, 3000.0]
/////////////////////////
PROCESSING:  TTM1400BWBW
/////////////////////////
plotTreeName: Tprime2_BEST_Mass
Flavour: E #tag: isV_tZtH #algo: BEST
Weights: 1 * 1 * 1 * pileupWeight * 1 * lepIdSF * EGammaGsfSF * 1 * (MCWeight_singleLepCalc/abs(MCWeight_singleLepCalc)) * 0.000352883542956
Cuts: (leptonPt_singleLepCalc > 50) && (corr_met_singleLepCalc > 55) && (AK4HT > 480) && (minDR_lepJet > 0.4 || ptRel_lepJet > 40) && (NJetsAK8_JetSubCalc > 2) && (minDR_leadAK8otherAK8 < 3.0) && DataPastTrigger == 1 && isElectron==1
****************************************************************************************************
****************************************************************************************************
DISTRIBUTION: Tp2Mass
            -name in ljmet trees: Tprime2_ALGO_Mass
            -x-axis label is set to: ;M(T) [GeV])
            -using the binning as: [0.0, 60.0, 120.0, 180.0, 240.0, 300.0, 360.0, 420.0, 480.0, 540.0, 600.0, 660.0, 720.0, 780.0, 840.0, 900.0, 960.0, 1020.0, 1080.0, 1140.0, 1200.0, 1260.0, 1320.0, 1380.0, 1440.0, 1500.0, 1560.0, 1620.0, 1680.0, 1740.0, 1800.0, 1860.0, 1920.0, 1980.0, 2040.0, 2100.0, 2160.0, 2220.0, 2280.0, 2340.0, 2400.0, 2460.0, 2520.0, 2580.0, 2640.0, 2700.0, 2760.0, 2820.0, 2880.0, 2940.0, 3000.0]
/////////////////////////
PROCESSING:  TTM1400THTH
/////////////////////////
plotTreeName: Tprime2_BEST_Mass
Flavour: E #tag: isV_tZtH #algo: BEST
Weights: 1 * 1 * 1 * pileupWeight * 1 * lepIdSF * EGammaGsfSF * 1 * (MCWeight_singleLepCalc/abs(MCWeight_singleLepCalc)) * 8.82208857389e-05
Cuts: (leptonPt_singleLepCalc > 50) && (corr_met_singleLepCalc > 55) && (AK4HT > 480) && (minDR_lepJet > 0.4 || ptRel_lepJet > 40) && (NJetsAK8_JetSubCalc > 2) && (minDR_leadAK8otherAK8 < 3.0) && DataPastTrigger == 1 && isElectron==1
****************************************************************************************************
****************************************************************************************************
DISTRIBUTION: Tp2Mass
            -name in ljmet trees: Tprime2_ALGO_Mass
            -x-axis label is set to: ;M(T) [GeV])
            -using the binning as: [0.0, 60.0, 120.0, 180.0, 240.0, 300.0, 360.0, 420.0, 480.0, 540.0, 600.0, 660.0, 720.0, 780.0, 840.0, 900.0, 960.0, 1020.0, 1080.0, 1140.0, 1200.0, 1260.0, 1320.0, 1380.0, 1440.0, 1500.0, 1560.0, 1620.0, 1680.0, 1740.0, 1800.0, 1860.0, 1920.0, 1980.0, 2040.0, 2100.0, 2160.0, 2220.0, 2280.0, 2340.0, 2400.0, 2460.0, 2520.0, 2580.0, 2640.0, 2700.0, 2760.0, 2820.0, 2880.0, 2940.0, 3000.0]
/////////////////////////
PROCESSING:  TTM1400TZTZ
/////////////////////////
plotTreeName: Tprime2_BEST_Mass
Flavour: E #tag: isV_tZtH #algo: BEST
Weights: 1 * 1 * 1 * pileupWeight * 1 * lepIdSF * EGammaGsfSF * 1 * (MCWeight_singleLepCalc/abs(MCWeight_singleLepCalc)) * 8.82208857389e-05
Cuts: (leptonPt_singleLepCalc > 50) && (corr_met_singleLepCalc > 55) && (AK4HT > 480) && (minDR_lepJet > 0.4 || ptRel_lepJet > 40) && (NJetsAK8_JetSubCalc > 2) && (minDR_leadAK8otherAK8 < 3.0) && DataPastTrigger == 1 && isElectron==1
****************************************************************************************************
****************************************************************************************************
DISTRIBUTION: Tp2Mass
            -name in ljmet trees: Tprime2_ALGO_Mass
            -x-axis label is set to: ;M(T) [GeV])
            -using the binning as: [0.0, 60.0, 120.0, 180.0, 240.0, 300.0, 360.0, 420.0, 480.0, 540.0, 600.0, 660.0, 720.0, 780.0, 840.0, 900.0, 960.0, 1020.0, 1080.0, 1140.0, 1200.0, 1260.0, 1320.0, 1380.0, 1440.0, 1500.0, 1560.0, 1620.0, 1680.0, 1740.0, 1800.0, 1860.0, 1920.0, 1980.0, 2040.0, 2100.0, 2160.0, 2220.0, 2280.0, 2340.0, 2400.0, 2460.0, 2520.0, 2580.0, 2640.0, 2700.0, 2760.0, 2820.0, 2880.0, 2940.0, 3000.0]
/////////////////////////
PROCESSING:  TTM1400TZBW
/////////////////////////
plotTreeName: Tprime2_BEST_Mass
Flavour: E #tag: isV_tZtH #algo: BEST
Weights: 1 * 1 * 1 * pileupWeight * 1 * lepIdSF * EGammaGsfSF * 1 * (MCWeight_singleLepCalc/abs(MCWeight_singleLepCalc)) * 0.000176441771478
Cuts: (leptonPt_singleLepCalc > 50) && (corr_met_singleLepCalc > 55) && (AK4HT > 480) && (minDR_lepJet > 0.4 || ptRel_lepJet > 40) && (NJetsAK8_JetSubCalc > 2) && (minDR_leadAK8otherAK8 < 3.0) && DataPastTrigger == 1 && isElectron==1
****************************************************************************************************
****************************************************************************************************
DISTRIBUTION: Tp2Mass
            -name in ljmet trees: Tprime2_ALGO_Mass
            -x-axis label is set to: ;M(T) [GeV])
            -using the binning as: [0.0, 60.0, 120.0, 180.0, 240.0, 300.0, 360.0, 420.0, 480.0, 540.0, 600.0, 660.0, 720.0, 780.0, 840.0, 900.0, 960.0, 1020.0, 1080.0, 1140.0, 1200.0, 1260.0, 1320.0, 1380.0, 1440.0, 1500.0, 1560.0, 1620.0, 1680.0, 1740.0, 1800.0, 1860.0, 1920.0, 1980.0, 2040.0, 2100.0, 2160.0, 2220.0, 2280.0, 2340.0, 2400.0, 2460.0, 2520.0, 2580.0, 2640.0, 2700.0, 2760.0, 2820.0, 2880.0, 2940.0, 3000.0]
/////////////////////////
PROCESSING:  TTM1400THBW
/////////////////////////
plotTreeName: Tprime2_BEST_Mass
Flavour: E #tag: isV_tZtH #algo: BEST
Weights: 1 * 1 * 1 * pileupWeight * 1 * lepIdSF * EGammaGsfSF * 1 * (MCWeight_singleLepCalc/abs(MCWeight_singleLepCalc)) * 0.000176441771478
Cuts: (leptonPt_singleLepCalc > 50) && (corr_met_singleLepCalc > 55) && (AK4HT > 480) && (minDR_lepJet > 0.4 || ptRel_lepJet > 40) && (NJetsAK8_JetSubCalc > 2) && (minDR_leadAK8otherAK8 < 3.0) && DataPastTrigger == 1 && isElectron==1
****************************************************************************************************
****************************************************************************************************
DISTRIBUTION: Tp2Mass
            -name in ljmet trees: Tprime2_ALGO_Mass
            -x-axis label is set to: ;M(T) [GeV])
            -using the binning as: [0.0, 60.0, 120.0, 180.0, 240.0, 300.0, 360.0, 420.0, 480.0, 540.0, 600.0, 660.0, 720.0, 780.0, 840.0, 900.0, 960.0, 1020.0, 1080.0, 1140.0, 1200.0, 1260.0, 1320.0, 1380.0, 1440.0, 1500.0, 1560.0, 1620.0, 1680.0, 1740.0, 1800.0, 1860.0, 1920.0, 1980.0, 2040.0, 2100.0, 2160.0, 2220.0, 2280.0, 2340.0, 2400.0, 2460.0, 2520.0, 2580.0, 2640.0, 2700.0, 2760.0, 2820.0, 2880.0, 2940.0, 3000.0]
/////////////////////////
PROCESSING:  TTM1400TZTH
/////////////////////////
plotTreeName: Tprime2_BEST_Mass
Flavour: E #tag: isV_tZtH #algo: BEST
Weights: 1 * 1 * 1 * pileupWeight * 1 * lepIdSF * EGammaGsfSF * 1 * (MCWeight_singleLepCalc/abs(MCWeight_singleLepCalc)) * 8.82208857389e-05
Cuts: (leptonPt_singleLepCalc > 50) && (corr_met_singleLepCalc > 55) && (AK4HT > 480) && (minDR_lepJet > 0.4 || ptRel_lepJet > 40) && (NJetsAK8_JetSubCalc > 2) && (minDR_leadAK8otherAK8 < 3.0) && DataPastTrigger == 1 && isElectron==1
****************************************************************************************************
****************************************************************************************************
DISTRIBUTION: Tp2Mass
            -name in ljmet trees: Tprime2_ALGO_Mass
            -x-axis label is set to: ;M(T) [GeV])
            -using the binning as: [0.0, 60.0, 120.0, 180.0, 240.0, 300.0, 360.0, 420.0, 480.0, 540.0, 600.0, 660.0, 720.0, 780.0, 840.0, 900.0, 960.0, 1020.0, 1080.0, 1140.0, 1200.0, 1260.0, 1320.0, 1380.0, 1440.0, 1500.0, 1560.0, 1620.0, 1680.0, 1740.0, 1800.0, 1860.0, 1920.0, 1980.0, 2040.0, 2100.0, 2160.0, 2220.0, 2280.0, 2340.0, 2400.0, 2460.0, 2520.0, 2580.0, 2640.0, 2700.0, 2760.0, 2820.0, 2880.0, 2940.0, 3000.0]
/////////////////////////
PROCESSING:  TTM1500BWBW
/////////////////////////
plotTreeName: Tprime2_BEST_Mass
Flavour: E #tag: isV_tZtH #algo: BEST
Weights: 1 * 1 * 1 * pileupWeight * 1 * lepIdSF * EGammaGsfSF * 1 * (MCWeight_singleLepCalc/abs(MCWeight_singleLepCalc)) * 0.00019932135405
Cuts: (leptonPt_singleLepCalc > 50) && (corr_met_singleLepCalc > 55) && (AK4HT > 480) && (minDR_lepJet > 0.4 || ptRel_lepJet > 40) && (NJetsAK8_JetSubCalc > 2) && (minDR_leadAK8otherAK8 < 3.0) && DataPastTrigger == 1 && isElectron==1
****************************************************************************************************
****************************************************************************************************
DISTRIBUTION: Tp2Mass
            -name in ljmet trees: Tprime2_ALGO_Mass
            -x-axis label is set to: ;M(T) [GeV])
            -using the binning as: [0.0, 60.0, 120.0, 180.0, 240.0, 300.0, 360.0, 420.0, 480.0, 540.0, 600.0, 660.0, 720.0, 780.0, 840.0, 900.0, 960.0, 1020.0, 1080.0, 1140.0, 1200.0, 1260.0, 1320.0, 1380.0, 1440.0, 1500.0, 1560.0, 1620.0, 1680.0, 1740.0, 1800.0, 1860.0, 1920.0, 1980.0, 2040.0, 2100.0, 2160.0, 2220.0, 2280.0, 2340.0, 2400.0, 2460.0, 2520.0, 2580.0, 2640.0, 2700.0, 2760.0, 2820.0, 2880.0, 2940.0, 3000.0]
/////////////////////////
PROCESSING:  TTM1500THTH
/////////////////////////
plotTreeName: Tprime2_BEST_Mass
Flavour: E #tag: isV_tZtH #algo: BEST
Weights: 1 * 1 * 1 * pileupWeight * 1 * lepIdSF * EGammaGsfSF * 1 * (MCWeight_singleLepCalc/abs(MCWeight_singleLepCalc)) * 4.98303385124e-05
Cuts: (leptonPt_singleLepCalc > 50) && (corr_met_singleLepCalc > 55) && (AK4HT > 480) && (minDR_lepJet > 0.4 || ptRel_lepJet > 40) && (NJetsAK8_JetSubCalc > 2) && (minDR_leadAK8otherAK8 < 3.0) && DataPastTrigger == 1 && isElectron==1
****************************************************************************************************
****************************************************************************************************
DISTRIBUTION: Tp2Mass
            -name in ljmet trees: Tprime2_ALGO_Mass
            -x-axis label is set to: ;M(T) [GeV])
            -using the binning as: [0.0, 60.0, 120.0, 180.0, 240.0, 300.0, 360.0, 420.0, 480.0, 540.0, 600.0, 660.0, 720.0, 780.0, 840.0, 900.0, 960.0, 1020.0, 1080.0, 1140.0, 1200.0, 1260.0, 1320.0, 1380.0, 1440.0, 1500.0, 1560.0, 1620.0, 1680.0, 1740.0, 1800.0, 1860.0, 1920.0, 1980.0, 2040.0, 2100.0, 2160.0, 2220.0, 2280.0, 2340.0, 2400.0, 2460.0, 2520.0, 2580.0, 2640.0, 2700.0, 2760.0, 2820.0, 2880.0, 2940.0, 3000.0]
/////////////////////////
PROCESSING:  TTM1500TZTZ
/////////////////////////
plotTreeName: Tprime2_BEST_Mass
Flavour: E #tag: isV_tZtH #algo: BEST
Weights: 1 * 1 * 1 * pileupWeight * 1 * lepIdSF * EGammaGsfSF * 1 * (MCWeight_singleLepCalc/abs(MCWeight_singleLepCalc)) * 4.98303385124e-05
Cuts: (leptonPt_singleLepCalc > 50) && (corr_met_singleLepCalc > 55) && (AK4HT > 480) && (minDR_lepJet > 0.4 || ptRel_lepJet > 40) && (NJetsAK8_JetSubCalc > 2) && (minDR_leadAK8otherAK8 < 3.0) && DataPastTrigger == 1 && isElectron==1
****************************************************************************************************
****************************************************************************************************
DISTRIBUTION: Tp2Mass
            -name in ljmet trees: Tprime2_ALGO_Mass
            -x-axis label is set to: ;M(T) [GeV])
            -using the binning as: [0.0, 60.0, 120.0, 180.0, 240.0, 300.0, 360.0, 420.0, 480.0, 540.0, 600.0, 660.0, 720.0, 780.0, 840.0, 900.0, 960.0, 1020.0, 1080.0, 1140.0, 1200.0, 1260.0, 1320.0, 1380.0, 1440.0, 1500.0, 1560.0, 1620.0, 1680.0, 1740.0, 1800.0, 1860.0, 1920.0, 1980.0, 2040.0, 2100.0, 2160.0, 2220.0, 2280.0, 2340.0, 2400.0, 2460.0, 2520.0, 2580.0, 2640.0, 2700.0, 2760.0, 2820.0, 2880.0, 2940.0, 3000.0]
/////////////////////////
PROCESSING:  TTM1500TZBW
/////////////////////////
plotTreeName: Tprime2_BEST_Mass
Flavour: E #tag: isV_tZtH #algo: BEST
Weights: 1 * 1 * 1 * pileupWeight * 1 * lepIdSF * EGammaGsfSF * 1 * (MCWeight_singleLepCalc/abs(MCWeight_singleLepCalc)) * 9.96606770248e-05
Cuts: (leptonPt_singleLepCalc > 50) && (corr_met_singleLepCalc > 55) && (AK4HT > 480) && (minDR_lepJet > 0.4 || ptRel_lepJet > 40) && (NJetsAK8_JetSubCalc > 2) && (minDR_leadAK8otherAK8 < 3.0) && DataPastTrigger == 1 && isElectron==1
****************************************************************************************************
****************************************************************************************************
DISTRIBUTION: Tp2Mass
            -name in ljmet trees: Tprime2_ALGO_Mass
            -x-axis label is set to: ;M(T) [GeV])
            -using the binning as: [0.0, 60.0, 120.0, 180.0, 240.0, 300.0, 360.0, 420.0, 480.0, 540.0, 600.0, 660.0, 720.0, 780.0, 840.0, 900.0, 960.0, 1020.0, 1080.0, 1140.0, 1200.0, 1260.0, 1320.0, 1380.0, 1440.0, 1500.0, 1560.0, 1620.0, 1680.0, 1740.0, 1800.0, 1860.0, 1920.0, 1980.0, 2040.0, 2100.0, 2160.0, 2220.0, 2280.0, 2340.0, 2400.0, 2460.0, 2520.0, 2580.0, 2640.0, 2700.0, 2760.0, 2820.0, 2880.0, 2940.0, 3000.0]
/////////////////////////
PROCESSING:  TTM1500THBW
/////////////////////////
plotTreeName: Tprime2_BEST_Mass
Flavour: E #tag: isV_tZtH #algo: BEST
Weights: 1 * 1 * 1 * pileupWeight * 1 * lepIdSF * EGammaGsfSF * 1 * (MCWeight_singleLepCalc/abs(MCWeight_singleLepCalc)) * 9.96606770248e-05
Cuts: (leptonPt_singleLepCalc > 50) && (corr_met_singleLepCalc > 55) && (AK4HT > 480) && (minDR_lepJet > 0.4 || ptRel_lepJet > 40) && (NJetsAK8_JetSubCalc > 2) && (minDR_leadAK8otherAK8 < 3.0) && DataPastTrigger == 1 && isElectron==1
****************************************************************************************************
****************************************************************************************************
DISTRIBUTION: Tp2Mass
            -name in ljmet trees: Tprime2_ALGO_Mass
            -x-axis label is set to: ;M(T) [GeV])
            -using the binning as: [0.0, 60.0, 120.0, 180.0, 240.0, 300.0, 360.0, 420.0, 480.0, 540.0, 600.0, 660.0, 720.0, 780.0, 840.0, 900.0, 960.0, 1020.0, 1080.0, 1140.0, 1200.0, 1260.0, 1320.0, 1380.0, 1440.0, 1500.0, 1560.0, 1620.0, 1680.0, 1740.0, 1800.0, 1860.0, 1920.0, 1980.0, 2040.0, 2100.0, 2160.0, 2220.0, 2280.0, 2340.0, 2400.0, 2460.0, 2520.0, 2580.0, 2640.0, 2700.0, 2760.0, 2820.0, 2880.0, 2940.0, 3000.0]
/////////////////////////
PROCESSING:  TTM1500TZTH
/////////////////////////
plotTreeName: Tprime2_BEST_Mass
Flavour: E #tag: isV_tZtH #algo: BEST
Weights: 1 * 1 * 1 * pileupWeight * 1 * lepIdSF * EGammaGsfSF * 1 * (MCWeight_singleLepCalc/abs(MCWeight_singleLepCalc)) * 4.98303385124e-05
Cuts: (leptonPt_singleLepCalc > 50) && (corr_met_singleLepCalc > 55) && (AK4HT > 480) && (minDR_lepJet > 0.4 || ptRel_lepJet > 40) && (NJetsAK8_JetSubCalc > 2) && (minDR_leadAK8otherAK8 < 3.0) && DataPastTrigger == 1 && isElectron==1
****************************************************************************************************
****************************************************************************************************
DISTRIBUTION: Tp2Mass
            -name in ljmet trees: Tprime2_ALGO_Mass
            -x-axis label is set to: ;M(T) [GeV])
            -using the binning as: [0.0, 60.0, 120.0, 180.0, 240.0, 300.0, 360.0, 420.0, 480.0, 540.0, 600.0, 660.0, 720.0, 780.0, 840.0, 900.0, 960.0, 1020.0, 1080.0, 1140.0, 1200.0, 1260.0, 1320.0, 1380.0, 1440.0, 1500.0, 1560.0, 1620.0, 1680.0, 1740.0, 1800.0, 1860.0, 1920.0, 1980.0, 2040.0, 2100.0, 2160.0, 2220.0, 2280.0, 2340.0, 2400.0, 2460.0, 2520.0, 2580.0, 2640.0, 2700.0, 2760.0, 2820.0, 2880.0, 2940.0, 3000.0]
/////////////////////////
PROCESSING:  TTM1600BWBW
/////////////////////////
plotTreeName: Tprime2_BEST_Mass
Flavour: E #tag: isV_tZtH #algo: BEST
Weights: 1 * 1 * 1 * pileupWeight * 1 * lepIdSF * EGammaGsfSF * 1 * (MCWeight_singleLepCalc/abs(MCWeight_singleLepCalc)) * 0.000114437939919
Cuts: (leptonPt_singleLepCalc > 50) && (corr_met_singleLepCalc > 55) && (AK4HT > 480) && (minDR_lepJet > 0.4 || ptRel_lepJet > 40) && (NJetsAK8_JetSubCalc > 2) && (minDR_leadAK8otherAK8 < 3.0) && DataPastTrigger == 1 && isElectron==1
****************************************************************************************************
****************************************************************************************************
DISTRIBUTION: Tp2Mass
            -name in ljmet trees: Tprime2_ALGO_Mass
            -x-axis label is set to: ;M(T) [GeV])
            -using the binning as: [0.0, 60.0, 120.0, 180.0, 240.0, 300.0, 360.0, 420.0, 480.0, 540.0, 600.0, 660.0, 720.0, 780.0, 840.0, 900.0, 960.0, 1020.0, 1080.0, 1140.0, 1200.0, 1260.0, 1320.0, 1380.0, 1440.0, 1500.0, 1560.0, 1620.0, 1680.0, 1740.0, 1800.0, 1860.0, 1920.0, 1980.0, 2040.0, 2100.0, 2160.0, 2220.0, 2280.0, 2340.0, 2400.0, 2460.0, 2520.0, 2580.0, 2640.0, 2700.0, 2760.0, 2820.0, 2880.0, 2940.0, 3000.0]
/////////////////////////
PROCESSING:  TTM1600THTH
/////////////////////////
plotTreeName: Tprime2_BEST_Mass
Flavour: E #tag: isV_tZtH #algo: BEST
Weights: 1 * 1 * 1 * pileupWeight * 1 * lepIdSF * EGammaGsfSF * 1 * (MCWeight_singleLepCalc/abs(MCWeight_singleLepCalc)) * 2.86094849797e-05
Cuts: (leptonPt_singleLepCalc > 50) && (corr_met_singleLepCalc > 55) && (AK4HT > 480) && (minDR_lepJet > 0.4 || ptRel_lepJet > 40) && (NJetsAK8_JetSubCalc > 2) && (minDR_leadAK8otherAK8 < 3.0) && DataPastTrigger == 1 && isElectron==1
****************************************************************************************************
****************************************************************************************************
DISTRIBUTION: Tp2Mass
            -name in ljmet trees: Tprime2_ALGO_Mass
            -x-axis label is set to: ;M(T) [GeV])
            -using the binning as: [0.0, 60.0, 120.0, 180.0, 240.0, 300.0, 360.0, 420.0, 480.0, 540.0, 600.0, 660.0, 720.0, 780.0, 840.0, 900.0, 960.0, 1020.0, 1080.0, 1140.0, 1200.0, 1260.0, 1320.0, 1380.0, 1440.0, 1500.0, 1560.0, 1620.0, 1680.0, 1740.0, 1800.0, 1860.0, 1920.0, 1980.0, 2040.0, 2100.0, 2160.0, 2220.0, 2280.0, 2340.0, 2400.0, 2460.0, 2520.0, 2580.0, 2640.0, 2700.0, 2760.0, 2820.0, 2880.0, 2940.0, 3000.0]
/////////////////////////
PROCESSING:  TTM1600TZTZ
/////////////////////////
plotTreeName: Tprime2_BEST_Mass
Flavour: E #tag: isV_tZtH #algo: BEST
Weights: 1 * 1 * 1 * pileupWeight * 1 * lepIdSF * EGammaGsfSF * 1 * (MCWeight_singleLepCalc/abs(MCWeight_singleLepCalc)) * 2.86094849797e-05
Cuts: (leptonPt_singleLepCalc > 50) && (corr_met_singleLepCalc > 55) && (AK4HT > 480) && (minDR_lepJet > 0.4 || ptRel_lepJet > 40) && (NJetsAK8_JetSubCalc > 2) && (minDR_leadAK8otherAK8 < 3.0) && DataPastTrigger == 1 && isElectron==1
****************************************************************************************************
****************************************************************************************************
DISTRIBUTION: Tp2Mass
            -name in ljmet trees: Tprime2_ALGO_Mass
            -x-axis label is set to: ;M(T) [GeV])
            -using the binning as: [0.0, 60.0, 120.0, 180.0, 240.0, 300.0, 360.0, 420.0, 480.0, 540.0, 600.0, 660.0, 720.0, 780.0, 840.0, 900.0, 960.0, 1020.0, 1080.0, 1140.0, 1200.0, 1260.0, 1320.0, 1380.0, 1440.0, 1500.0, 1560.0, 1620.0, 1680.0, 1740.0, 1800.0, 1860.0, 1920.0, 1980.0, 2040.0, 2100.0, 2160.0, 2220.0, 2280.0, 2340.0, 2400.0, 2460.0, 2520.0, 2580.0, 2640.0, 2700.0, 2760.0, 2820.0, 2880.0, 2940.0, 3000.0]
/////////////////////////
PROCESSING:  TTM1600TZBW
/////////////////////////
plotTreeName: Tprime2_BEST_Mass
Flavour: E #tag: isV_tZtH #algo: BEST
Weights: 1 * 1 * 1 * pileupWeight * 1 * lepIdSF * EGammaGsfSF * 1 * (MCWeight_singleLepCalc/abs(MCWeight_singleLepCalc)) * 5.72189699595e-05
Cuts: (leptonPt_singleLepCalc > 50) && (corr_met_singleLepCalc > 55) && (AK4HT > 480) && (minDR_lepJet > 0.4 || ptRel_lepJet > 40) && (NJetsAK8_JetSubCalc > 2) && (minDR_leadAK8otherAK8 < 3.0) && DataPastTrigger == 1 && isElectron==1
****************************************************************************************************
****************************************************************************************************
DISTRIBUTION: Tp2Mass
            -name in ljmet trees: Tprime2_ALGO_Mass
            -x-axis label is set to: ;M(T) [GeV])
            -using the binning as: [0.0, 60.0, 120.0, 180.0, 240.0, 300.0, 360.0, 420.0, 480.0, 540.0, 600.0, 660.0, 720.0, 780.0, 840.0, 900.0, 960.0, 1020.0, 1080.0, 1140.0, 1200.0, 1260.0, 1320.0, 1380.0, 1440.0, 1500.0, 1560.0, 1620.0, 1680.0, 1740.0, 1800.0, 1860.0, 1920.0, 1980.0, 2040.0, 2100.0, 2160.0, 2220.0, 2280.0, 2340.0, 2400.0, 2460.0, 2520.0, 2580.0, 2640.0, 2700.0, 2760.0, 2820.0, 2880.0, 2940.0, 3000.0]
/////////////////////////
PROCESSING:  TTM1600THBW
/////////////////////////
plotTreeName: Tprime2_BEST_Mass
Flavour: E #tag: isV_tZtH #algo: BEST
Weights: 1 * 1 * 1 * pileupWeight * 1 * lepIdSF * EGammaGsfSF * 1 * (MCWeight_singleLepCalc/abs(MCWeight_singleLepCalc)) * 5.72189699595e-05
Cuts: (leptonPt_singleLepCalc > 50) && (corr_met_singleLepCalc > 55) && (AK4HT > 480) && (minDR_lepJet > 0.4 || ptRel_lepJet > 40) && (NJetsAK8_JetSubCalc > 2) && (minDR_leadAK8otherAK8 < 3.0) && DataPastTrigger == 1 && isElectron==1
****************************************************************************************************
****************************************************************************************************
DISTRIBUTION: Tp2Mass
            -name in ljmet trees: Tprime2_ALGO_Mass
            -x-axis label is set to: ;M(T) [GeV])
            -using the binning as: [0.0, 60.0, 120.0, 180.0, 240.0, 300.0, 360.0, 420.0, 480.0, 540.0, 600.0, 660.0, 720.0, 780.0, 840.0, 900.0, 960.0, 1020.0, 1080.0, 1140.0, 1200.0, 1260.0, 1320.0, 1380.0, 1440.0, 1500.0, 1560.0, 1620.0, 1680.0, 1740.0, 1800.0, 1860.0, 1920.0, 1980.0, 2040.0, 2100.0, 2160.0, 2220.0, 2280.0, 2340.0, 2400.0, 2460.0, 2520.0, 2580.0, 2640.0, 2700.0, 2760.0, 2820.0, 2880.0, 2940.0, 3000.0]
/////////////////////////
PROCESSING:  TTM1600TZTH
/////////////////////////
plotTreeName: Tprime2_BEST_Mass
Flavour: E #tag: isV_tZtH #algo: BEST
Weights: 1 * 1 * 1 * pileupWeight * 1 * lepIdSF * EGammaGsfSF * 1 * (MCWeight_singleLepCalc/abs(MCWeight_singleLepCalc)) * 2.86094849797e-05
Cuts: (leptonPt_singleLepCalc > 50) && (corr_met_singleLepCalc > 55) && (AK4HT > 480) && (minDR_lepJet > 0.4 || ptRel_lepJet > 40) && (NJetsAK8_JetSubCalc > 2) && (minDR_leadAK8otherAK8 < 3.0) && DataPastTrigger == 1 && isElectron==1
****************************************************************************************************
****************************************************************************************************
DISTRIBUTION: Tp2Mass
            -name in ljmet trees: Tprime2_ALGO_Mass
            -x-axis label is set to: ;M(T) [GeV])
            -using the binning as: [0.0, 60.0, 120.0, 180.0, 240.0, 300.0, 360.0, 420.0, 480.0, 540.0, 600.0, 660.0, 720.0, 780.0, 840.0, 900.0, 960.0, 1020.0, 1080.0, 1140.0, 1200.0, 1260.0, 1320.0, 1380.0, 1440.0, 1500.0, 1560.0, 1620.0, 1680.0, 1740.0, 1800.0, 1860.0, 1920.0, 1980.0, 2040.0, 2100.0, 2160.0, 2220.0, 2280.0, 2340.0, 2400.0, 2460.0, 2520.0, 2580.0, 2640.0, 2700.0, 2760.0, 2820.0, 2880.0, 2940.0, 3000.0]
/////////////////////////
PROCESSING:  TTM1700BWBW
/////////////////////////
plotTreeName: Tprime2_BEST_Mass
Flavour: E #tag: isV_tZtH #algo: BEST
Weights: 1 * 1 * 1 * pileupWeight * 1 * lepIdSF * EGammaGsfSF * 1 * (MCWeight_singleLepCalc/abs(MCWeight_singleLepCalc)) * 6.93554282011e-05
Cuts: (leptonPt_singleLepCalc > 50) && (corr_met_singleLepCalc > 55) && (AK4HT > 480) && (minDR_lepJet > 0.4 || ptRel_lepJet > 40) && (NJetsAK8_JetSubCalc > 2) && (minDR_leadAK8otherAK8 < 3.0) && DataPastTrigger == 1 && isElectron==1
****************************************************************************************************
****************************************************************************************************
DISTRIBUTION: Tp2Mass
            -name in ljmet trees: Tprime2_ALGO_Mass
            -x-axis label is set to: ;M(T) [GeV])
            -using the binning as: [0.0, 60.0, 120.0, 180.0, 240.0, 300.0, 360.0, 420.0, 480.0, 540.0, 600.0, 660.0, 720.0, 780.0, 840.0, 900.0, 960.0, 1020.0, 1080.0, 1140.0, 1200.0, 1260.0, 1320.0, 1380.0, 1440.0, 1500.0, 1560.0, 1620.0, 1680.0, 1740.0, 1800.0, 1860.0, 1920.0, 1980.0, 2040.0, 2100.0, 2160.0, 2220.0, 2280.0, 2340.0, 2400.0, 2460.0, 2520.0, 2580.0, 2640.0, 2700.0, 2760.0, 2820.0, 2880.0, 2940.0, 3000.0]
/////////////////////////
PROCESSING:  TTM1700THTH
/////////////////////////
plotTreeName: Tprime2_BEST_Mass
Flavour: E #tag: isV_tZtH #algo: BEST
Weights: 1 * 1 * 1 * pileupWeight * 1 * lepIdSF * EGammaGsfSF * 1 * (MCWeight_singleLepCalc/abs(MCWeight_singleLepCalc)) * 1.73388570503e-05
Cuts: (leptonPt_singleLepCalc > 50) && (corr_met_singleLepCalc > 55) && (AK4HT > 480) && (minDR_lepJet > 0.4 || ptRel_lepJet > 40) && (NJetsAK8_JetSubCalc > 2) && (minDR_leadAK8otherAK8 < 3.0) && DataPastTrigger == 1 && isElectron==1
****************************************************************************************************
****************************************************************************************************
DISTRIBUTION: Tp2Mass
            -name in ljmet trees: Tprime2_ALGO_Mass
            -x-axis label is set to: ;M(T) [GeV])
            -using the binning as: [0.0, 60.0, 120.0, 180.0, 240.0, 300.0, 360.0, 420.0, 480.0, 540.0, 600.0, 660.0, 720.0, 780.0, 840.0, 900.0, 960.0, 1020.0, 1080.0, 1140.0, 1200.0, 1260.0, 1320.0, 1380.0, 1440.0, 1500.0, 1560.0, 1620.0, 1680.0, 1740.0, 1800.0, 1860.0, 1920.0, 1980.0, 2040.0, 2100.0, 2160.0, 2220.0, 2280.0, 2340.0, 2400.0, 2460.0, 2520.0, 2580.0, 2640.0, 2700.0, 2760.0, 2820.0, 2880.0, 2940.0, 3000.0]
/////////////////////////
PROCESSING:  TTM1700TZTZ
/////////////////////////
plotTreeName: Tprime2_BEST_Mass
Flavour: E #tag: isV_tZtH #algo: BEST
Weights: 1 * 1 * 1 * pileupWeight * 1 * lepIdSF * EGammaGsfSF * 1 * (MCWeight_singleLepCalc/abs(MCWeight_singleLepCalc)) * 1.73388570503e-05
Cuts: (leptonPt_singleLepCalc > 50) && (corr_met_singleLepCalc > 55) && (AK4HT > 480) && (minDR_lepJet > 0.4 || ptRel_lepJet > 40) && (NJetsAK8_JetSubCalc > 2) && (minDR_leadAK8otherAK8 < 3.0) && DataPastTrigger == 1 && isElectron==1
****************************************************************************************************
****************************************************************************************************
DISTRIBUTION: Tp2Mass
            -name in ljmet trees: Tprime2_ALGO_Mass
            -x-axis label is set to: ;M(T) [GeV])
            -using the binning as: [0.0, 60.0, 120.0, 180.0, 240.0, 300.0, 360.0, 420.0, 480.0, 540.0, 600.0, 660.0, 720.0, 780.0, 840.0, 900.0, 960.0, 1020.0, 1080.0, 1140.0, 1200.0, 1260.0, 1320.0, 1380.0, 1440.0, 1500.0, 1560.0, 1620.0, 1680.0, 1740.0, 1800.0, 1860.0, 1920.0, 1980.0, 2040.0, 2100.0, 2160.0, 2220.0, 2280.0, 2340.0, 2400.0, 2460.0, 2520.0, 2580.0, 2640.0, 2700.0, 2760.0, 2820.0, 2880.0, 2940.0, 3000.0]
/////////////////////////
PROCESSING:  TTM1700TZBW
/////////////////////////
plotTreeName: Tprime2_BEST_Mass
Flavour: E #tag: isV_tZtH #algo: BEST
Weights: 1 * 1 * 1 * pileupWeight * 1 * lepIdSF * EGammaGsfSF * 1 * (MCWeight_singleLepCalc/abs(MCWeight_singleLepCalc)) * 3.46777141005e-05
Cuts: (leptonPt_singleLepCalc > 50) && (corr_met_singleLepCalc > 55) && (AK4HT > 480) && (minDR_lepJet > 0.4 || ptRel_lepJet > 40) && (NJetsAK8_JetSubCalc > 2) && (minDR_leadAK8otherAK8 < 3.0) && DataPastTrigger == 1 && isElectron==1
****************************************************************************************************
****************************************************************************************************
DISTRIBUTION: Tp2Mass
            -name in ljmet trees: Tprime2_ALGO_Mass
            -x-axis label is set to: ;M(T) [GeV])
            -using the binning as: [0.0, 60.0, 120.0, 180.0, 240.0, 300.0, 360.0, 420.0, 480.0, 540.0, 600.0, 660.0, 720.0, 780.0, 840.0, 900.0, 960.0, 1020.0, 1080.0, 1140.0, 1200.0, 1260.0, 1320.0, 1380.0, 1440.0, 1500.0, 1560.0, 1620.0, 1680.0, 1740.0, 1800.0, 1860.0, 1920.0, 1980.0, 2040.0, 2100.0, 2160.0, 2220.0, 2280.0, 2340.0, 2400.0, 2460.0, 2520.0, 2580.0, 2640.0, 2700.0, 2760.0, 2820.0, 2880.0, 2940.0, 3000.0]
/////////////////////////
PROCESSING:  TTM1700THBW
/////////////////////////
plotTreeName: Tprime2_BEST_Mass
Flavour: E #tag: isV_tZtH #algo: BEST
Weights: 1 * 1 * 1 * pileupWeight * 1 * lepIdSF * EGammaGsfSF * 1 * (MCWeight_singleLepCalc/abs(MCWeight_singleLepCalc)) * 3.46777141005e-05
Cuts: (leptonPt_singleLepCalc > 50) && (corr_met_singleLepCalc > 55) && (AK4HT > 480) && (minDR_lepJet > 0.4 || ptRel_lepJet > 40) && (NJetsAK8_JetSubCalc > 2) && (minDR_leadAK8otherAK8 < 3.0) && DataPastTrigger == 1 && isElectron==1
****************************************************************************************************
****************************************************************************************************
DISTRIBUTION: Tp2Mass
            -name in ljmet trees: Tprime2_ALGO_Mass
            -x-axis label is set to: ;M(T) [GeV])
            -using the binning as: [0.0, 60.0, 120.0, 180.0, 240.0, 300.0, 360.0, 420.0, 480.0, 540.0, 600.0, 660.0, 720.0, 780.0, 840.0, 900.0, 960.0, 1020.0, 1080.0, 1140.0, 1200.0, 1260.0, 1320.0, 1380.0, 1440.0, 1500.0, 1560.0, 1620.0, 1680.0, 1740.0, 1800.0, 1860.0, 1920.0, 1980.0, 2040.0, 2100.0, 2160.0, 2220.0, 2280.0, 2340.0, 2400.0, 2460.0, 2520.0, 2580.0, 2640.0, 2700.0, 2760.0, 2820.0, 2880.0, 2940.0, 3000.0]
/////////////////////////
PROCESSING:  TTM1700TZTH
/////////////////////////
plotTreeName: Tprime2_BEST_Mass
Flavour: E #tag: isV_tZtH #algo: BEST
Weights: 1 * 1 * 1 * pileupWeight * 1 * lepIdSF * EGammaGsfSF * 1 * (MCWeight_singleLepCalc/abs(MCWeight_singleLepCalc)) * 1.73388570503e-05
Cuts: (leptonPt_singleLepCalc > 50) && (corr_met_singleLepCalc > 55) && (AK4HT > 480) && (minDR_lepJet > 0.4 || ptRel_lepJet > 40) && (NJetsAK8_JetSubCalc > 2) && (minDR_leadAK8otherAK8 < 3.0) && DataPastTrigger == 1 && isElectron==1
****************************************************************************************************
****************************************************************************************************
DISTRIBUTION: Tp2Mass
            -name in ljmet trees: Tprime2_ALGO_Mass
            -x-axis label is set to: ;M(T) [GeV])
            -using the binning as: [0.0, 60.0, 120.0, 180.0, 240.0, 300.0, 360.0, 420.0, 480.0, 540.0, 600.0, 660.0, 720.0, 780.0, 840.0, 900.0, 960.0, 1020.0, 1080.0, 1140.0, 1200.0, 1260.0, 1320.0, 1380.0, 1440.0, 1500.0, 1560.0, 1620.0, 1680.0, 1740.0, 1800.0, 1860.0, 1920.0, 1980.0, 2040.0, 2100.0, 2160.0, 2220.0, 2280.0, 2340.0, 2400.0, 2460.0, 2520.0, 2580.0, 2640.0, 2700.0, 2760.0, 2820.0, 2880.0, 2940.0, 3000.0]
/////////////////////////
PROCESSING:  TTM1800BWBW
/////////////////////////
plotTreeName: Tprime2_BEST_Mass
Flavour: E #tag: isV_tZtH #algo: BEST
Weights: 1 * 1 * 1 * pileupWeight * 1 * lepIdSF * EGammaGsfSF * 1 * (MCWeight_singleLepCalc/abs(MCWeight_singleLepCalc)) * 3.89579688164e-05
Cuts: (leptonPt_singleLepCalc > 50) && (corr_met_singleLepCalc > 55) && (AK4HT > 480) && (minDR_lepJet > 0.4 || ptRel_lepJet > 40) && (NJetsAK8_JetSubCalc > 2) && (minDR_leadAK8otherAK8 < 3.0) && DataPastTrigger == 1 && isElectron==1
****************************************************************************************************
****************************************************************************************************
DISTRIBUTION: Tp2Mass
            -name in ljmet trees: Tprime2_ALGO_Mass
            -x-axis label is set to: ;M(T) [GeV])
            -using the binning as: [0.0, 60.0, 120.0, 180.0, 240.0, 300.0, 360.0, 420.0, 480.0, 540.0, 600.0, 660.0, 720.0, 780.0, 840.0, 900.0, 960.0, 1020.0, 1080.0, 1140.0, 1200.0, 1260.0, 1320.0, 1380.0, 1440.0, 1500.0, 1560.0, 1620.0, 1680.0, 1740.0, 1800.0, 1860.0, 1920.0, 1980.0, 2040.0, 2100.0, 2160.0, 2220.0, 2280.0, 2340.0, 2400.0, 2460.0, 2520.0, 2580.0, 2640.0, 2700.0, 2760.0, 2820.0, 2880.0, 2940.0, 3000.0]
/////////////////////////
PROCESSING:  TTM1800THTH
/////////////////////////
plotTreeName: Tprime2_BEST_Mass
Flavour: E #tag: isV_tZtH #algo: BEST
Weights: 1 * 1 * 1 * pileupWeight * 1 * lepIdSF * EGammaGsfSF * 1 * (MCWeight_singleLepCalc/abs(MCWeight_singleLepCalc)) * 9.7394922041e-06
Cuts: (leptonPt_singleLepCalc > 50) && (corr_met_singleLepCalc > 55) && (AK4HT > 480) && (minDR_lepJet > 0.4 || ptRel_lepJet > 40) && (NJetsAK8_JetSubCalc > 2) && (minDR_leadAK8otherAK8 < 3.0) && DataPastTrigger == 1 && isElectron==1
****************************************************************************************************
****************************************************************************************************
DISTRIBUTION: Tp2Mass
            -name in ljmet trees: Tprime2_ALGO_Mass
            -x-axis label is set to: ;M(T) [GeV])
            -using the binning as: [0.0, 60.0, 120.0, 180.0, 240.0, 300.0, 360.0, 420.0, 480.0, 540.0, 600.0, 660.0, 720.0, 780.0, 840.0, 900.0, 960.0, 1020.0, 1080.0, 1140.0, 1200.0, 1260.0, 1320.0, 1380.0, 1440.0, 1500.0, 1560.0, 1620.0, 1680.0, 1740.0, 1800.0, 1860.0, 1920.0, 1980.0, 2040.0, 2100.0, 2160.0, 2220.0, 2280.0, 2340.0, 2400.0, 2460.0, 2520.0, 2580.0, 2640.0, 2700.0, 2760.0, 2820.0, 2880.0, 2940.0, 3000.0]
/////////////////////////
PROCESSING:  TTM1800TZTZ
/////////////////////////
plotTreeName: Tprime2_BEST_Mass
Flavour: E #tag: isV_tZtH #algo: BEST
Weights: 1 * 1 * 1 * pileupWeight * 1 * lepIdSF * EGammaGsfSF * 1 * (MCWeight_singleLepCalc/abs(MCWeight_singleLepCalc)) * 9.7394922041e-06
Cuts: (leptonPt_singleLepCalc > 50) && (corr_met_singleLepCalc > 55) && (AK4HT > 480) && (minDR_lepJet > 0.4 || ptRel_lepJet > 40) && (NJetsAK8_JetSubCalc > 2) && (minDR_leadAK8otherAK8 < 3.0) && DataPastTrigger == 1 && isElectron==1
****************************************************************************************************
****************************************************************************************************
DISTRIBUTION: Tp2Mass
            -name in ljmet trees: Tprime2_ALGO_Mass
            -x-axis label is set to: ;M(T) [GeV])
            -using the binning as: [0.0, 60.0, 120.0, 180.0, 240.0, 300.0, 360.0, 420.0, 480.0, 540.0, 600.0, 660.0, 720.0, 780.0, 840.0, 900.0, 960.0, 1020.0, 1080.0, 1140.0, 1200.0, 1260.0, 1320.0, 1380.0, 1440.0, 1500.0, 1560.0, 1620.0, 1680.0, 1740.0, 1800.0, 1860.0, 1920.0, 1980.0, 2040.0, 2100.0, 2160.0, 2220.0, 2280.0, 2340.0, 2400.0, 2460.0, 2520.0, 2580.0, 2640.0, 2700.0, 2760.0, 2820.0, 2880.0, 2940.0, 3000.0]
/////////////////////////
PROCESSING:  TTM1800TZBW
/////////////////////////
plotTreeName: Tprime2_BEST_Mass
Flavour: E #tag: isV_tZtH #algo: BEST
Weights: 1 * 1 * 1 * pileupWeight * 1 * lepIdSF * EGammaGsfSF * 1 * (MCWeight_singleLepCalc/abs(MCWeight_singleLepCalc)) * 1.94789844082e-05
Cuts: (leptonPt_singleLepCalc > 50) && (corr_met_singleLepCalc > 55) && (AK4HT > 480) && (minDR_lepJet > 0.4 || ptRel_lepJet > 40) && (NJetsAK8_JetSubCalc > 2) && (minDR_leadAK8otherAK8 < 3.0) && DataPastTrigger == 1 && isElectron==1
****************************************************************************************************
****************************************************************************************************
DISTRIBUTION: Tp2Mass
            -name in ljmet trees: Tprime2_ALGO_Mass
            -x-axis label is set to: ;M(T) [GeV])
            -using the binning as: [0.0, 60.0, 120.0, 180.0, 240.0, 300.0, 360.0, 420.0, 480.0, 540.0, 600.0, 660.0, 720.0, 780.0, 840.0, 900.0, 960.0, 1020.0, 1080.0, 1140.0, 1200.0, 1260.0, 1320.0, 1380.0, 1440.0, 1500.0, 1560.0, 1620.0, 1680.0, 1740.0, 1800.0, 1860.0, 1920.0, 1980.0, 2040.0, 2100.0, 2160.0, 2220.0, 2280.0, 2340.0, 2400.0, 2460.0, 2520.0, 2580.0, 2640.0, 2700.0, 2760.0, 2820.0, 2880.0, 2940.0, 3000.0]
/////////////////////////
PROCESSING:  TTM1800THBW
/////////////////////////
plotTreeName: Tprime2_BEST_Mass
Flavour: E #tag: isV_tZtH #algo: BEST
Weights: 1 * 1 * 1 * pileupWeight * 1 * lepIdSF * EGammaGsfSF * 1 * (MCWeight_singleLepCalc/abs(MCWeight_singleLepCalc)) * 1.94789844082e-05
Cuts: (leptonPt_singleLepCalc > 50) && (corr_met_singleLepCalc > 55) && (AK4HT > 480) && (minDR_lepJet > 0.4 || ptRel_lepJet > 40) && (NJetsAK8_JetSubCalc > 2) && (minDR_leadAK8otherAK8 < 3.0) && DataPastTrigger == 1 && isElectron==1
****************************************************************************************************
****************************************************************************************************
DISTRIBUTION: Tp2Mass
            -name in ljmet trees: Tprime2_ALGO_Mass
            -x-axis label is set to: ;M(T) [GeV])
            -using the binning as: [0.0, 60.0, 120.0, 180.0, 240.0, 300.0, 360.0, 420.0, 480.0, 540.0, 600.0, 660.0, 720.0, 780.0, 840.0, 900.0, 960.0, 1020.0, 1080.0, 1140.0, 1200.0, 1260.0, 1320.0, 1380.0, 1440.0, 1500.0, 1560.0, 1620.0, 1680.0, 1740.0, 1800.0, 1860.0, 1920.0, 1980.0, 2040.0, 2100.0, 2160.0, 2220.0, 2280.0, 2340.0, 2400.0, 2460.0, 2520.0, 2580.0, 2640.0, 2700.0, 2760.0, 2820.0, 2880.0, 2940.0, 3000.0]
/////////////////////////
PROCESSING:  TTM1800TZTH
/////////////////////////
plotTreeName: Tprime2_BEST_Mass
Flavour: E #tag: isV_tZtH #algo: BEST
Weights: 1 * 1 * 1 * pileupWeight * 1 * lepIdSF * EGammaGsfSF * 1 * (MCWeight_singleLepCalc/abs(MCWeight_singleLepCalc)) * 9.7394922041e-06
Cuts: (leptonPt_singleLepCalc > 50) && (corr_met_singleLepCalc > 55) && (AK4HT > 480) && (minDR_lepJet > 0.4 || ptRel_lepJet > 40) && (NJetsAK8_JetSubCalc > 2) && (minDR_leadAK8otherAK8 < 3.0) && DataPastTrigger == 1 && isElectron==1
****************************************************************************************************
****************************************************************************************************
DISTRIBUTION: Tp2Mass
            -name in ljmet trees: Tprime2_ALGO_Mass
            -x-axis label is set to: ;M(T) [GeV])
            -using the binning as: [0.0, 60.0, 120.0, 180.0, 240.0, 300.0, 360.0, 420.0, 480.0, 540.0, 600.0, 660.0, 720.0, 780.0, 840.0, 900.0, 960.0, 1020.0, 1080.0, 1140.0, 1200.0, 1260.0, 1320.0, 1380.0, 1440.0, 1500.0, 1560.0, 1620.0, 1680.0, 1740.0, 1800.0, 1860.0, 1920.0, 1980.0, 2040.0, 2100.0, 2160.0, 2220.0, 2280.0, 2340.0, 2400.0, 2460.0, 2520.0, 2580.0, 2640.0, 2700.0, 2760.0, 2820.0, 2880.0, 2940.0, 3000.0]
/////////////////////////
PROCESSING:  WJetsMG400
/////////////////////////
plotTreeName: Tprime2_DeepAK8_Mass
Flavour: E #tag: isV_tZtH #algo: DeepAK8
Weights: 1 * HTSF_Pol * 1 * pileupWeight * 1 * lepIdSF * EGammaGsfSF * 1 * (MCWeight_singleLepCalc/abs(MCWeight_singleLepCalc)) * 0.280770227538
Cuts: (leptonPt_singleLepCalc > 50) && (corr_met_singleLepCalc > 55) && (AK4HT > 480) && (minDR_lepJet > 0.4 || ptRel_lepJet > 40) && (NJetsAK8_JetSubCalc > 2) && (minDR_leadAK8otherAK8 < 3.0) && DataPastTrigger == 1 && isElectron==1
****************************************************************************************************
****************************************************************************************************
DISTRIBUTION: Tp2Mass
            -name in ljmet trees: Tprime2_ALGO_Mass
            -x-axis label is set to: ;M(T) [GeV])
            -using the binning as: [0.0, 60.0, 120.0, 180.0, 240.0, 300.0, 360.0, 420.0, 480.0, 540.0, 600.0, 660.0, 720.0, 780.0, 840.0, 900.0, 960.0, 1020.0, 1080.0, 1140.0, 1200.0, 1260.0, 1320.0, 1380.0, 1440.0, 1500.0, 1560.0, 1620.0, 1680.0, 1740.0, 1800.0, 1860.0, 1920.0, 1980.0, 2040.0, 2100.0, 2160.0, 2220.0, 2280.0, 2340.0, 2400.0, 2460.0, 2520.0, 2580.0, 2640.0, 2700.0, 2760.0, 2820.0, 2880.0, 2940.0, 3000.0]
/////////////////////////
PROCESSING:  WJetsMG600
/////////////////////////
plotTreeName: Tprime2_DeepAK8_Mass
Flavour: E #tag: isV_tZtH #algo: DeepAK8
Weights: 1 * HTSF_Pol * 1 * pileupWeight * 1 * lepIdSF * EGammaGsfSF * 1 * (MCWeight_singleLepCalc/abs(MCWeight_singleLepCalc)) * 0.0287233231554
Cuts: (leptonPt_singleLepCalc > 50) && (corr_met_singleLepCalc > 55) && (AK4HT > 480) && (minDR_lepJet > 0.4 || ptRel_lepJet > 40) && (NJetsAK8_JetSubCalc > 2) && (minDR_leadAK8otherAK8 < 3.0) && DataPastTrigger == 1 && isElectron==1
****************************************************************************************************
****************************************************************************************************
DISTRIBUTION: Tp2Mass
            -name in ljmet trees: Tprime2_ALGO_Mass
            -x-axis label is set to: ;M(T) [GeV])
            -using the binning as: [0.0, 60.0, 120.0, 180.0, 240.0, 300.0, 360.0, 420.0, 480.0, 540.0, 600.0, 660.0, 720.0, 780.0, 840.0, 900.0, 960.0, 1020.0, 1080.0, 1140.0, 1200.0, 1260.0, 1320.0, 1380.0, 1440.0, 1500.0, 1560.0, 1620.0, 1680.0, 1740.0, 1800.0, 1860.0, 1920.0, 1980.0, 2040.0, 2100.0, 2160.0, 2220.0, 2280.0, 2340.0, 2400.0, 2460.0, 2520.0, 2580.0, 2640.0, 2700.0, 2760.0, 2820.0, 2880.0, 2940.0, 3000.0]
/////////////////////////
PROCESSING:  WJetsMG800
/////////////////////////
plotTreeName: Tprime2_DeepAK8_Mass
Flavour: E #tag: isV_tZtH #algo: DeepAK8
Weights: 1 * HTSF_Pol * 1 * pileupWeight * 1 * lepIdSF * EGammaGsfSF * 1 * (MCWeight_singleLepCalc/abs(MCWeight_singleLepCalc)) * 0.0316367902594
Cuts: (leptonPt_singleLepCalc > 50) && (corr_met_singleLepCalc > 55) && (AK4HT > 480) && (minDR_lepJet > 0.4 || ptRel_lepJet > 40) && (NJetsAK8_JetSubCalc > 2) && (minDR_leadAK8otherAK8 < 3.0) && DataPastTrigger == 1 && isElectron==1
****************************************************************************************************
****************************************************************************************************
DISTRIBUTION: Tp2Mass
            -name in ljmet trees: Tprime2_ALGO_Mass
            -x-axis label is set to: ;M(T) [GeV])
            -using the binning as: [0.0, 60.0, 120.0, 180.0, 240.0, 300.0, 360.0, 420.0, 480.0, 540.0, 600.0, 660.0, 720.0, 780.0, 840.0, 900.0, 960.0, 1020.0, 1080.0, 1140.0, 1200.0, 1260.0, 1320.0, 1380.0, 1440.0, 1500.0, 1560.0, 1620.0, 1680.0, 1740.0, 1800.0, 1860.0, 1920.0, 1980.0, 2040.0, 2100.0, 2160.0, 2220.0, 2280.0, 2340.0, 2400.0, 2460.0, 2520.0, 2580.0, 2640.0, 2700.0, 2760.0, 2820.0, 2880.0, 2940.0, 3000.0]
/////////////////////////
PROCESSING:  WJetsMG1200
/////////////////////////
plotTreeName: Tprime2_DeepAK8_Mass
Flavour: E #tag: isV_tZtH #algo: DeepAK8
Weights: 1 * HTSF_Pol * 1 * pileupWeight * 1 * lepIdSF * EGammaGsfSF * 1 * (MCWeight_singleLepCalc/abs(MCWeight_singleLepCalc)) * 0.00861414819858
Cuts: (leptonPt_singleLepCalc > 50) && (corr_met_singleLepCalc > 55) && (AK4HT > 480) && (minDR_lepJet > 0.4 || ptRel_lepJet > 40) && (NJetsAK8_JetSubCalc > 2) && (minDR_leadAK8otherAK8 < 3.0) && DataPastTrigger == 1 && isElectron==1
****************************************************************************************************
****************************************************************************************************
DISTRIBUTION: Tp2Mass
            -name in ljmet trees: Tprime2_ALGO_Mass
            -x-axis label is set to: ;M(T) [GeV])
            -using the binning as: [0.0, 60.0, 120.0, 180.0, 240.0, 300.0, 360.0, 420.0, 480.0, 540.0, 600.0, 660.0, 720.0, 780.0, 840.0, 900.0, 960.0, 1020.0, 1080.0, 1140.0, 1200.0, 1260.0, 1320.0, 1380.0, 1440.0, 1500.0, 1560.0, 1620.0, 1680.0, 1740.0, 1800.0, 1860.0, 1920.0, 1980.0, 2040.0, 2100.0, 2160.0, 2220.0, 2280.0, 2340.0, 2400.0, 2460.0, 2520.0, 2580.0, 2640.0, 2700.0, 2760.0, 2820.0, 2880.0, 2940.0, 3000.0]
/////////////////////////
PROCESSING:  WJetsMG2500
/////////////////////////
plotTreeName: Tprime2_DeepAK8_Mass
Flavour: E #tag: isV_tZtH #algo: DeepAK8
Weights: 1 * HTSF_Pol * 1 * pileupWeight * 1 * lepIdSF * EGammaGsfSF * 1 * (MCWeight_singleLepCalc/abs(MCWeight_singleLepCalc)) * 0.00054308661217
Cuts: (leptonPt_singleLepCalc > 50) && (corr_met_singleLepCalc > 55) && (AK4HT > 480) && (minDR_lepJet > 0.4 || ptRel_lepJet > 40) && (NJetsAK8_JetSubCalc > 2) && (minDR_leadAK8otherAK8 < 3.0) && DataPastTrigger == 1 && isElectron==1
****************************************************************************************************
****************************************************************************************************
DISTRIBUTION: Tp2Mass
            -name in ljmet trees: Tprime2_ALGO_Mass
            -x-axis label is set to: ;M(T) [GeV])
            -using the binning as: [0.0, 60.0, 120.0, 180.0, 240.0, 300.0, 360.0, 420.0, 480.0, 540.0, 600.0, 660.0, 720.0, 780.0, 840.0, 900.0, 960.0, 1020.0, 1080.0, 1140.0, 1200.0, 1260.0, 1320.0, 1380.0, 1440.0, 1500.0, 1560.0, 1620.0, 1680.0, 1740.0, 1800.0, 1860.0, 1920.0, 1980.0, 2040.0, 2100.0, 2160.0, 2220.0, 2280.0, 2340.0, 2400.0, 2460.0, 2520.0, 2580.0, 2640.0, 2700.0, 2760.0, 2820.0, 2880.0, 2940.0, 3000.0]
/////////////////////////
PROCESSING:  TTM1100BWBW
/////////////////////////
plotTreeName: Tprime2_DeepAK8_Mass
Flavour: E #tag: isV_tZtH #algo: DeepAK8
Weights: 1 * 1 * 1 * pileupWeight * 1 * lepIdSF * EGammaGsfSF * 1 * (MCWeight_singleLepCalc/abs(MCWeight_singleLepCalc)) * 0.00223239916536
Cuts: (leptonPt_singleLepCalc > 50) && (corr_met_singleLepCalc > 55) && (AK4HT > 480) && (minDR_lepJet > 0.4 || ptRel_lepJet > 40) && (NJetsAK8_JetSubCalc > 2) && (minDR_leadAK8otherAK8 < 3.0) && DataPastTrigger == 1 && isElectron==1
****************************************************************************************************
****************************************************************************************************
DISTRIBUTION: Tp2Mass
            -name in ljmet trees: Tprime2_ALGO_Mass
            -x-axis label is set to: ;M(T) [GeV])
            -using the binning as: [0.0, 60.0, 120.0, 180.0, 240.0, 300.0, 360.0, 420.0, 480.0, 540.0, 600.0, 660.0, 720.0, 780.0, 840.0, 900.0, 960.0, 1020.0, 1080.0, 1140.0, 1200.0, 1260.0, 1320.0, 1380.0, 1440.0, 1500.0, 1560.0, 1620.0, 1680.0, 1740.0, 1800.0, 1860.0, 1920.0, 1980.0, 2040.0, 2100.0, 2160.0, 2220.0, 2280.0, 2340.0, 2400.0, 2460.0, 2520.0, 2580.0, 2640.0, 2700.0, 2760.0, 2820.0, 2880.0, 2940.0, 3000.0]
/////////////////////////
PROCESSING:  TTM1100THTH
/////////////////////////
plotTreeName: Tprime2_DeepAK8_Mass
Flavour: E #tag: isV_tZtH #algo: DeepAK8
Weights: 1 * 1 * 1 * pileupWeight * 1 * lepIdSF * EGammaGsfSF * 1 * (MCWeight_singleLepCalc/abs(MCWeight_singleLepCalc)) * 0.000558099791339
Cuts: (leptonPt_singleLepCalc > 50) && (corr_met_singleLepCalc > 55) && (AK4HT > 480) && (minDR_lepJet > 0.4 || ptRel_lepJet > 40) && (NJetsAK8_JetSubCalc > 2) && (minDR_leadAK8otherAK8 < 3.0) && DataPastTrigger == 1 && isElectron==1
****************************************************************************************************
****************************************************************************************************
DISTRIBUTION: Tp2Mass
            -name in ljmet trees: Tprime2_ALGO_Mass
            -x-axis label is set to: ;M(T) [GeV])
            -using the binning as: [0.0, 60.0, 120.0, 180.0, 240.0, 300.0, 360.0, 420.0, 480.0, 540.0, 600.0, 660.0, 720.0, 780.0, 840.0, 900.0, 960.0, 1020.0, 1080.0, 1140.0, 1200.0, 1260.0, 1320.0, 1380.0, 1440.0, 1500.0, 1560.0, 1620.0, 1680.0, 1740.0, 1800.0, 1860.0, 1920.0, 1980.0, 2040.0, 2100.0, 2160.0, 2220.0, 2280.0, 2340.0, 2400.0, 2460.0, 2520.0, 2580.0, 2640.0, 2700.0, 2760.0, 2820.0, 2880.0, 2940.0, 3000.0]
/////////////////////////
PROCESSING:  TTM1100TZTZ
/////////////////////////
plotTreeName: Tprime2_DeepAK8_Mass
Flavour: E #tag: isV_tZtH #algo: DeepAK8
Weights: 1 * 1 * 1 * pileupWeight * 1 * lepIdSF * EGammaGsfSF * 1 * (MCWeight_singleLepCalc/abs(MCWeight_singleLepCalc)) * 0.000558099791339
Cuts: (leptonPt_singleLepCalc > 50) && (corr_met_singleLepCalc > 55) && (AK4HT > 480) && (minDR_lepJet > 0.4 || ptRel_lepJet > 40) && (NJetsAK8_JetSubCalc > 2) && (minDR_leadAK8otherAK8 < 3.0) && DataPastTrigger == 1 && isElectron==1
****************************************************************************************************
****************************************************************************************************
DISTRIBUTION: Tp2Mass
            -name in ljmet trees: Tprime2_ALGO_Mass
            -x-axis label is set to: ;M(T) [GeV])
            -using the binning as: [0.0, 60.0, 120.0, 180.0, 240.0, 300.0, 360.0, 420.0, 480.0, 540.0, 600.0, 660.0, 720.0, 780.0, 840.0, 900.0, 960.0, 1020.0, 1080.0, 1140.0, 1200.0, 1260.0, 1320.0, 1380.0, 1440.0, 1500.0, 1560.0, 1620.0, 1680.0, 1740.0, 1800.0, 1860.0, 1920.0, 1980.0, 2040.0, 2100.0, 2160.0, 2220.0, 2280.0, 2340.0, 2400.0, 2460.0, 2520.0, 2580.0, 2640.0, 2700.0, 2760.0, 2820.0, 2880.0, 2940.0, 3000.0]
/////////////////////////
PROCESSING:  TTM1100TZBW
/////////////////////////
plotTreeName: Tprime2_DeepAK8_Mass
Flavour: E #tag: isV_tZtH #algo: DeepAK8
Weights: 1 * 1 * 1 * pileupWeight * 1 * lepIdSF * EGammaGsfSF * 1 * (MCWeight_singleLepCalc/abs(MCWeight_singleLepCalc)) * 0.00111619958268
Cuts: (leptonPt_singleLepCalc > 50) && (corr_met_singleLepCalc > 55) && (AK4HT > 480) && (minDR_lepJet > 0.4 || ptRel_lepJet > 40) && (NJetsAK8_JetSubCalc > 2) && (minDR_leadAK8otherAK8 < 3.0) && DataPastTrigger == 1 && isElectron==1
****************************************************************************************************
****************************************************************************************************
DISTRIBUTION: Tp2Mass
            -name in ljmet trees: Tprime2_ALGO_Mass
            -x-axis label is set to: ;M(T) [GeV])
            -using the binning as: [0.0, 60.0, 120.0, 180.0, 240.0, 300.0, 360.0, 420.0, 480.0, 540.0, 600.0, 660.0, 720.0, 780.0, 840.0, 900.0, 960.0, 1020.0, 1080.0, 1140.0, 1200.0, 1260.0, 1320.0, 1380.0, 1440.0, 1500.0, 1560.0, 1620.0, 1680.0, 1740.0, 1800.0, 1860.0, 1920.0, 1980.0, 2040.0, 2100.0, 2160.0, 2220.0, 2280.0, 2340.0, 2400.0, 2460.0, 2520.0, 2580.0, 2640.0, 2700.0, 2760.0, 2820.0, 2880.0, 2940.0, 3000.0]
/////////////////////////
PROCESSING:  TTM1100THBW
/////////////////////////
plotTreeName: Tprime2_DeepAK8_Mass
Flavour: E #tag: isV_tZtH #algo: DeepAK8
Weights: 1 * 1 * 1 * pileupWeight * 1 * lepIdSF * EGammaGsfSF * 1 * (MCWeight_singleLepCalc/abs(MCWeight_singleLepCalc)) * 0.00111619958268
Cuts: (leptonPt_singleLepCalc > 50) && (corr_met_singleLepCalc > 55) && (AK4HT > 480) && (minDR_lepJet > 0.4 || ptRel_lepJet > 40) && (NJetsAK8_JetSubCalc > 2) && (minDR_leadAK8otherAK8 < 3.0) && DataPastTrigger == 1 && isElectron==1
****************************************************************************************************
****************************************************************************************************
DISTRIBUTION: Tp2Mass
            -name in ljmet trees: Tprime2_ALGO_Mass
            -x-axis label is set to: ;M(T) [GeV])
            -using the binning as: [0.0, 60.0, 120.0, 180.0, 240.0, 300.0, 360.0, 420.0, 480.0, 540.0, 600.0, 660.0, 720.0, 780.0, 840.0, 900.0, 960.0, 1020.0, 1080.0, 1140.0, 1200.0, 1260.0, 1320.0, 1380.0, 1440.0, 1500.0, 1560.0, 1620.0, 1680.0, 1740.0, 1800.0, 1860.0, 1920.0, 1980.0, 2040.0, 2100.0, 2160.0, 2220.0, 2280.0, 2340.0, 2400.0, 2460.0, 2520.0, 2580.0, 2640.0, 2700.0, 2760.0, 2820.0, 2880.0, 2940.0, 3000.0]
/////////////////////////
PROCESSING:  TTM1100TZTH
/////////////////////////
plotTreeName: Tprime2_DeepAK8_Mass
Flavour: E #tag: isV_tZtH #algo: DeepAK8
Weights: 1 * 1 * 1 * pileupWeight * 1 * lepIdSF * EGammaGsfSF * 1 * (MCWeight_singleLepCalc/abs(MCWeight_singleLepCalc)) * 0.000558099791339
Cuts: (leptonPt_singleLepCalc > 50) && (corr_met_singleLepCalc > 55) && (AK4HT > 480) && (minDR_lepJet > 0.4 || ptRel_lepJet > 40) && (NJetsAK8_JetSubCalc > 2) && (minDR_leadAK8otherAK8 < 3.0) && DataPastTrigger == 1 && isElectron==1
****************************************************************************************************
****************************************************************************************************
DISTRIBUTION: Tp2Mass
            -name in ljmet trees: Tprime2_ALGO_Mass
            -x-axis label is set to: ;M(T) [GeV])
            -using the binning as: [0.0, 60.0, 120.0, 180.0, 240.0, 300.0, 360.0, 420.0, 480.0, 540.0, 600.0, 660.0, 720.0, 780.0, 840.0, 900.0, 960.0, 1020.0, 1080.0, 1140.0, 1200.0, 1260.0, 1320.0, 1380.0, 1440.0, 1500.0, 1560.0, 1620.0, 1680.0, 1740.0, 1800.0, 1860.0, 1920.0, 1980.0, 2040.0, 2100.0, 2160.0, 2220.0, 2280.0, 2340.0, 2400.0, 2460.0, 2520.0, 2580.0, 2640.0, 2700.0, 2760.0, 2820.0, 2880.0, 2940.0, 3000.0]
/////////////////////////
PROCESSING:  TTM1200BWBW
/////////////////////////
plotTreeName: Tprime2_DeepAK8_Mass
Flavour: E #tag: isV_tZtH #algo: DeepAK8
Weights: 1 * 1 * 1 * pileupWeight * 1 * lepIdSF * EGammaGsfSF * 1 * (MCWeight_singleLepCalc/abs(MCWeight_singleLepCalc)) * 0.00117627847652
Cuts: (leptonPt_singleLepCalc > 50) && (corr_met_singleLepCalc > 55) && (AK4HT > 480) && (minDR_lepJet > 0.4 || ptRel_lepJet > 40) && (NJetsAK8_JetSubCalc > 2) && (minDR_leadAK8otherAK8 < 3.0) && DataPastTrigger == 1 && isElectron==1
****************************************************************************************************
****************************************************************************************************
DISTRIBUTION: Tp2Mass
            -name in ljmet trees: Tprime2_ALGO_Mass
            -x-axis label is set to: ;M(T) [GeV])
            -using the binning as: [0.0, 60.0, 120.0, 180.0, 240.0, 300.0, 360.0, 420.0, 480.0, 540.0, 600.0, 660.0, 720.0, 780.0, 840.0, 900.0, 960.0, 1020.0, 1080.0, 1140.0, 1200.0, 1260.0, 1320.0, 1380.0, 1440.0, 1500.0, 1560.0, 1620.0, 1680.0, 1740.0, 1800.0, 1860.0, 1920.0, 1980.0, 2040.0, 2100.0, 2160.0, 2220.0, 2280.0, 2340.0, 2400.0, 2460.0, 2520.0, 2580.0, 2640.0, 2700.0, 2760.0, 2820.0, 2880.0, 2940.0, 3000.0]
/////////////////////////
PROCESSING:  TTM1200THTH
/////////////////////////
plotTreeName: Tprime2_DeepAK8_Mass
Flavour: E #tag: isV_tZtH #algo: DeepAK8
Weights: 1 * 1 * 1 * pileupWeight * 1 * lepIdSF * EGammaGsfSF * 1 * (MCWeight_singleLepCalc/abs(MCWeight_singleLepCalc)) * 0.00029406961913
Cuts: (leptonPt_singleLepCalc > 50) && (corr_met_singleLepCalc > 55) && (AK4HT > 480) && (minDR_lepJet > 0.4 || ptRel_lepJet > 40) && (NJetsAK8_JetSubCalc > 2) && (minDR_leadAK8otherAK8 < 3.0) && DataPastTrigger == 1 && isElectron==1
****************************************************************************************************
****************************************************************************************************
DISTRIBUTION: Tp2Mass
            -name in ljmet trees: Tprime2_ALGO_Mass
            -x-axis label is set to: ;M(T) [GeV])
            -using the binning as: [0.0, 60.0, 120.0, 180.0, 240.0, 300.0, 360.0, 420.0, 480.0, 540.0, 600.0, 660.0, 720.0, 780.0, 840.0, 900.0, 960.0, 1020.0, 1080.0, 1140.0, 1200.0, 1260.0, 1320.0, 1380.0, 1440.0, 1500.0, 1560.0, 1620.0, 1680.0, 1740.0, 1800.0, 1860.0, 1920.0, 1980.0, 2040.0, 2100.0, 2160.0, 2220.0, 2280.0, 2340.0, 2400.0, 2460.0, 2520.0, 2580.0, 2640.0, 2700.0, 2760.0, 2820.0, 2880.0, 2940.0, 3000.0]
/////////////////////////
PROCESSING:  TTM1200TZTZ
/////////////////////////
plotTreeName: Tprime2_DeepAK8_Mass
Flavour: E #tag: isV_tZtH #algo: DeepAK8
Weights: 1 * 1 * 1 * pileupWeight * 1 * lepIdSF * EGammaGsfSF * 1 * (MCWeight_singleLepCalc/abs(MCWeight_singleLepCalc)) * 0.00029406961913
Cuts: (leptonPt_singleLepCalc > 50) && (corr_met_singleLepCalc > 55) && (AK4HT > 480) && (minDR_lepJet > 0.4 || ptRel_lepJet > 40) && (NJetsAK8_JetSubCalc > 2) && (minDR_leadAK8otherAK8 < 3.0) && DataPastTrigger == 1 && isElectron==1
****************************************************************************************************
****************************************************************************************************
DISTRIBUTION: Tp2Mass
            -name in ljmet trees: Tprime2_ALGO_Mass
            -x-axis label is set to: ;M(T) [GeV])
            -using the binning as: [0.0, 60.0, 120.0, 180.0, 240.0, 300.0, 360.0, 420.0, 480.0, 540.0, 600.0, 660.0, 720.0, 780.0, 840.0, 900.0, 960.0, 1020.0, 1080.0, 1140.0, 1200.0, 1260.0, 1320.0, 1380.0, 1440.0, 1500.0, 1560.0, 1620.0, 1680.0, 1740.0, 1800.0, 1860.0, 1920.0, 1980.0, 2040.0, 2100.0, 2160.0, 2220.0, 2280.0, 2340.0, 2400.0, 2460.0, 2520.0, 2580.0, 2640.0, 2700.0, 2760.0, 2820.0, 2880.0, 2940.0, 3000.0]
/////////////////////////
PROCESSING:  TTM1200TZBW
/////////////////////////
plotTreeName: Tprime2_DeepAK8_Mass
Flavour: E #tag: isV_tZtH #algo: DeepAK8
Weights: 1 * 1 * 1 * pileupWeight * 1 * lepIdSF * EGammaGsfSF * 1 * (MCWeight_singleLepCalc/abs(MCWeight_singleLepCalc)) * 0.000588139238259
Cuts: (leptonPt_singleLepCalc > 50) && (corr_met_singleLepCalc > 55) && (AK4HT > 480) && (minDR_lepJet > 0.4 || ptRel_lepJet > 40) && (NJetsAK8_JetSubCalc > 2) && (minDR_leadAK8otherAK8 < 3.0) && DataPastTrigger == 1 && isElectron==1
****************************************************************************************************
****************************************************************************************************
DISTRIBUTION: Tp2Mass
            -name in ljmet trees: Tprime2_ALGO_Mass
            -x-axis label is set to: ;M(T) [GeV])
            -using the binning as: [0.0, 60.0, 120.0, 180.0, 240.0, 300.0, 360.0, 420.0, 480.0, 540.0, 600.0, 660.0, 720.0, 780.0, 840.0, 900.0, 960.0, 1020.0, 1080.0, 1140.0, 1200.0, 1260.0, 1320.0, 1380.0, 1440.0, 1500.0, 1560.0, 1620.0, 1680.0, 1740.0, 1800.0, 1860.0, 1920.0, 1980.0, 2040.0, 2100.0, 2160.0, 2220.0, 2280.0, 2340.0, 2400.0, 2460.0, 2520.0, 2580.0, 2640.0, 2700.0, 2760.0, 2820.0, 2880.0, 2940.0, 3000.0]
/////////////////////////
PROCESSING:  TTM1200THBW
/////////////////////////
plotTreeName: Tprime2_DeepAK8_Mass
Flavour: E #tag: isV_tZtH #algo: DeepAK8
Weights: 1 * 1 * 1 * pileupWeight * 1 * lepIdSF * EGammaGsfSF * 1 * (MCWeight_singleLepCalc/abs(MCWeight_singleLepCalc)) * 0.000588139238259
Cuts: (leptonPt_singleLepCalc > 50) && (corr_met_singleLepCalc > 55) && (AK4HT > 480) && (minDR_lepJet > 0.4 || ptRel_lepJet > 40) && (NJetsAK8_JetSubCalc > 2) && (minDR_leadAK8otherAK8 < 3.0) && DataPastTrigger == 1 && isElectron==1
****************************************************************************************************
****************************************************************************************************
DISTRIBUTION: Tp2Mass
            -name in ljmet trees: Tprime2_ALGO_Mass
            -x-axis label is set to: ;M(T) [GeV])
            -using the binning as: [0.0, 60.0, 120.0, 180.0, 240.0, 300.0, 360.0, 420.0, 480.0, 540.0, 600.0, 660.0, 720.0, 780.0, 840.0, 900.0, 960.0, 1020.0, 1080.0, 1140.0, 1200.0, 1260.0, 1320.0, 1380.0, 1440.0, 1500.0, 1560.0, 1620.0, 1680.0, 1740.0, 1800.0, 1860.0, 1920.0, 1980.0, 2040.0, 2100.0, 2160.0, 2220.0, 2280.0, 2340.0, 2400.0, 2460.0, 2520.0, 2580.0, 2640.0, 2700.0, 2760.0, 2820.0, 2880.0, 2940.0, 3000.0]
/////////////////////////
PROCESSING:  TTM1200TZTH
/////////////////////////
plotTreeName: Tprime2_DeepAK8_Mass
Flavour: E #tag: isV_tZtH #algo: DeepAK8
Weights: 1 * 1 * 1 * pileupWeight * 1 * lepIdSF * EGammaGsfSF * 1 * (MCWeight_singleLepCalc/abs(MCWeight_singleLepCalc)) * 0.00029406961913
Cuts: (leptonPt_singleLepCalc > 50) && (corr_met_singleLepCalc > 55) && (AK4HT > 480) && (minDR_lepJet > 0.4 || ptRel_lepJet > 40) && (NJetsAK8_JetSubCalc > 2) && (minDR_leadAK8otherAK8 < 3.0) && DataPastTrigger == 1 && isElectron==1
****************************************************************************************************
****************************************************************************************************
DISTRIBUTION: Tp2Mass
            -name in ljmet trees: Tprime2_ALGO_Mass
            -x-axis label is set to: ;M(T) [GeV])
            -using the binning as: [0.0, 60.0, 120.0, 180.0, 240.0, 300.0, 360.0, 420.0, 480.0, 540.0, 600.0, 660.0, 720.0, 780.0, 840.0, 900.0, 960.0, 1020.0, 1080.0, 1140.0, 1200.0, 1260.0, 1320.0, 1380.0, 1440.0, 1500.0, 1560.0, 1620.0, 1680.0, 1740.0, 1800.0, 1860.0, 1920.0, 1980.0, 2040.0, 2100.0, 2160.0, 2220.0, 2280.0, 2340.0, 2400.0, 2460.0, 2520.0, 2580.0, 2640.0, 2700.0, 2760.0, 2820.0, 2880.0, 2940.0, 3000.0]
/////////////////////////
PROCESSING:  TTM1300BWBW
/////////////////////////
plotTreeName: Tprime2_DeepAK8_Mass
Flavour: E #tag: isV_tZtH #algo: DeepAK8
Weights: 1 * 1 * 1 * pileupWeight * 1 * lepIdSF * EGammaGsfSF * 1 * (MCWeight_singleLepCalc/abs(MCWeight_singleLepCalc)) * 0.00063821114509
Cuts: (leptonPt_singleLepCalc > 50) && (corr_met_singleLepCalc > 55) && (AK4HT > 480) && (minDR_lepJet > 0.4 || ptRel_lepJet > 40) && (NJetsAK8_JetSubCalc > 2) && (minDR_leadAK8otherAK8 < 3.0) && DataPastTrigger == 1 && isElectron==1
****************************************************************************************************
****************************************************************************************************
DISTRIBUTION: Tp2Mass
            -name in ljmet trees: Tprime2_ALGO_Mass
            -x-axis label is set to: ;M(T) [GeV])
            -using the binning as: [0.0, 60.0, 120.0, 180.0, 240.0, 300.0, 360.0, 420.0, 480.0, 540.0, 600.0, 660.0, 720.0, 780.0, 840.0, 900.0, 960.0, 1020.0, 1080.0, 1140.0, 1200.0, 1260.0, 1320.0, 1380.0, 1440.0, 1500.0, 1560.0, 1620.0, 1680.0, 1740.0, 1800.0, 1860.0, 1920.0, 1980.0, 2040.0, 2100.0, 2160.0, 2220.0, 2280.0, 2340.0, 2400.0, 2460.0, 2520.0, 2580.0, 2640.0, 2700.0, 2760.0, 2820.0, 2880.0, 2940.0, 3000.0]
/////////////////////////
PROCESSING:  TTM1300THTH
/////////////////////////
plotTreeName: Tprime2_DeepAK8_Mass
Flavour: E #tag: isV_tZtH #algo: DeepAK8
Weights: 1 * 1 * 1 * pileupWeight * 1 * lepIdSF * EGammaGsfSF * 1 * (MCWeight_singleLepCalc/abs(MCWeight_singleLepCalc)) * 0.000159552786272
Cuts: (leptonPt_singleLepCalc > 50) && (corr_met_singleLepCalc > 55) && (AK4HT > 480) && (minDR_lepJet > 0.4 || ptRel_lepJet > 40) && (NJetsAK8_JetSubCalc > 2) && (minDR_leadAK8otherAK8 < 3.0) && DataPastTrigger == 1 && isElectron==1
****************************************************************************************************
****************************************************************************************************
DISTRIBUTION: Tp2Mass
            -name in ljmet trees: Tprime2_ALGO_Mass
            -x-axis label is set to: ;M(T) [GeV])
            -using the binning as: [0.0, 60.0, 120.0, 180.0, 240.0, 300.0, 360.0, 420.0, 480.0, 540.0, 600.0, 660.0, 720.0, 780.0, 840.0, 900.0, 960.0, 1020.0, 1080.0, 1140.0, 1200.0, 1260.0, 1320.0, 1380.0, 1440.0, 1500.0, 1560.0, 1620.0, 1680.0, 1740.0, 1800.0, 1860.0, 1920.0, 1980.0, 2040.0, 2100.0, 2160.0, 2220.0, 2280.0, 2340.0, 2400.0, 2460.0, 2520.0, 2580.0, 2640.0, 2700.0, 2760.0, 2820.0, 2880.0, 2940.0, 3000.0]
/////////////////////////
PROCESSING:  TTM1300TZTZ
/////////////////////////
plotTreeName: Tprime2_DeepAK8_Mass
Flavour: E #tag: isV_tZtH #algo: DeepAK8
Weights: 1 * 1 * 1 * pileupWeight * 1 * lepIdSF * EGammaGsfSF * 1 * (MCWeight_singleLepCalc/abs(MCWeight_singleLepCalc)) * 0.000159552786272
Cuts: (leptonPt_singleLepCalc > 50) && (corr_met_singleLepCalc > 55) && (AK4HT > 480) && (minDR_lepJet > 0.4 || ptRel_lepJet > 40) && (NJetsAK8_JetSubCalc > 2) && (minDR_leadAK8otherAK8 < 3.0) && DataPastTrigger == 1 && isElectron==1
****************************************************************************************************
****************************************************************************************************
DISTRIBUTION: Tp2Mass
            -name in ljmet trees: Tprime2_ALGO_Mass
            -x-axis label is set to: ;M(T) [GeV])
            -using the binning as: [0.0, 60.0, 120.0, 180.0, 240.0, 300.0, 360.0, 420.0, 480.0, 540.0, 600.0, 660.0, 720.0, 780.0, 840.0, 900.0, 960.0, 1020.0, 1080.0, 1140.0, 1200.0, 1260.0, 1320.0, 1380.0, 1440.0, 1500.0, 1560.0, 1620.0, 1680.0, 1740.0, 1800.0, 1860.0, 1920.0, 1980.0, 2040.0, 2100.0, 2160.0, 2220.0, 2280.0, 2340.0, 2400.0, 2460.0, 2520.0, 2580.0, 2640.0, 2700.0, 2760.0, 2820.0, 2880.0, 2940.0, 3000.0]
/////////////////////////
PROCESSING:  TTM1300TZBW
/////////////////////////
plotTreeName: Tprime2_DeepAK8_Mass
Flavour: E #tag: isV_tZtH #algo: DeepAK8
Weights: 1 * 1 * 1 * pileupWeight * 1 * lepIdSF * EGammaGsfSF * 1 * (MCWeight_singleLepCalc/abs(MCWeight_singleLepCalc)) * 0.000319105572545
Cuts: (leptonPt_singleLepCalc > 50) && (corr_met_singleLepCalc > 55) && (AK4HT > 480) && (minDR_lepJet > 0.4 || ptRel_lepJet > 40) && (NJetsAK8_JetSubCalc > 2) && (minDR_leadAK8otherAK8 < 3.0) && DataPastTrigger == 1 && isElectron==1
****************************************************************************************************
****************************************************************************************************
DISTRIBUTION: Tp2Mass
            -name in ljmet trees: Tprime2_ALGO_Mass
            -x-axis label is set to: ;M(T) [GeV])
            -using the binning as: [0.0, 60.0, 120.0, 180.0, 240.0, 300.0, 360.0, 420.0, 480.0, 540.0, 600.0, 660.0, 720.0, 780.0, 840.0, 900.0, 960.0, 1020.0, 1080.0, 1140.0, 1200.0, 1260.0, 1320.0, 1380.0, 1440.0, 1500.0, 1560.0, 1620.0, 1680.0, 1740.0, 1800.0, 1860.0, 1920.0, 1980.0, 2040.0, 2100.0, 2160.0, 2220.0, 2280.0, 2340.0, 2400.0, 2460.0, 2520.0, 2580.0, 2640.0, 2700.0, 2760.0, 2820.0, 2880.0, 2940.0, 3000.0]
/////////////////////////
PROCESSING:  TTM1300THBW
/////////////////////////
plotTreeName: Tprime2_DeepAK8_Mass
Flavour: E #tag: isV_tZtH #algo: DeepAK8
Weights: 1 * 1 * 1 * pileupWeight * 1 * lepIdSF * EGammaGsfSF * 1 * (MCWeight_singleLepCalc/abs(MCWeight_singleLepCalc)) * 0.000319105572545
Cuts: (leptonPt_singleLepCalc > 50) && (corr_met_singleLepCalc > 55) && (AK4HT > 480) && (minDR_lepJet > 0.4 || ptRel_lepJet > 40) && (NJetsAK8_JetSubCalc > 2) && (minDR_leadAK8otherAK8 < 3.0) && DataPastTrigger == 1 && isElectron==1
****************************************************************************************************
****************************************************************************************************
DISTRIBUTION: Tp2Mass
            -name in ljmet trees: Tprime2_ALGO_Mass
            -x-axis label is set to: ;M(T) [GeV])
            -using the binning as: [0.0, 60.0, 120.0, 180.0, 240.0, 300.0, 360.0, 420.0, 480.0, 540.0, 600.0, 660.0, 720.0, 780.0, 840.0, 900.0, 960.0, 1020.0, 1080.0, 1140.0, 1200.0, 1260.0, 1320.0, 1380.0, 1440.0, 1500.0, 1560.0, 1620.0, 1680.0, 1740.0, 1800.0, 1860.0, 1920.0, 1980.0, 2040.0, 2100.0, 2160.0, 2220.0, 2280.0, 2340.0, 2400.0, 2460.0, 2520.0, 2580.0, 2640.0, 2700.0, 2760.0, 2820.0, 2880.0, 2940.0, 3000.0]
/////////////////////////
PROCESSING:  TTM1300TZTH
/////////////////////////
plotTreeName: Tprime2_DeepAK8_Mass
Flavour: E #tag: isV_tZtH #algo: DeepAK8
Weights: 1 * 1 * 1 * pileupWeight * 1 * lepIdSF * EGammaGsfSF * 1 * (MCWeight_singleLepCalc/abs(MCWeight_singleLepCalc)) * 0.000159552786272
Cuts: (leptonPt_singleLepCalc > 50) && (corr_met_singleLepCalc > 55) && (AK4HT > 480) && (minDR_lepJet > 0.4 || ptRel_lepJet > 40) && (NJetsAK8_JetSubCalc > 2) && (minDR_leadAK8otherAK8 < 3.0) && DataPastTrigger == 1 && isElectron==1
****************************************************************************************************
****************************************************************************************************
DISTRIBUTION: Tp2Mass
            -name in ljmet trees: Tprime2_ALGO_Mass
            -x-axis label is set to: ;M(T) [GeV])
            -using the binning as: [0.0, 60.0, 120.0, 180.0, 240.0, 300.0, 360.0, 420.0, 480.0, 540.0, 600.0, 660.0, 720.0, 780.0, 840.0, 900.0, 960.0, 1020.0, 1080.0, 1140.0, 1200.0, 1260.0, 1320.0, 1380.0, 1440.0, 1500.0, 1560.0, 1620.0, 1680.0, 1740.0, 1800.0, 1860.0, 1920.0, 1980.0, 2040.0, 2100.0, 2160.0, 2220.0, 2280.0, 2340.0, 2400.0, 2460.0, 2520.0, 2580.0, 2640.0, 2700.0, 2760.0, 2820.0, 2880.0, 2940.0, 3000.0]
/////////////////////////
PROCESSING:  TTM1400BWBW
/////////////////////////
plotTreeName: Tprime2_DeepAK8_Mass
Flavour: E #tag: isV_tZtH #algo: DeepAK8
Weights: 1 * 1 * 1 * pileupWeight * 1 * lepIdSF * EGammaGsfSF * 1 * (MCWeight_singleLepCalc/abs(MCWeight_singleLepCalc)) * 0.000352883542956
Cuts: (leptonPt_singleLepCalc > 50) && (corr_met_singleLepCalc > 55) && (AK4HT > 480) && (minDR_lepJet > 0.4 || ptRel_lepJet > 40) && (NJetsAK8_JetSubCalc > 2) && (minDR_leadAK8otherAK8 < 3.0) && DataPastTrigger == 1 && isElectron==1
****************************************************************************************************
****************************************************************************************************
DISTRIBUTION: Tp2Mass
            -name in ljmet trees: Tprime2_ALGO_Mass
            -x-axis label is set to: ;M(T) [GeV])
            -using the binning as: [0.0, 60.0, 120.0, 180.0, 240.0, 300.0, 360.0, 420.0, 480.0, 540.0, 600.0, 660.0, 720.0, 780.0, 840.0, 900.0, 960.0, 1020.0, 1080.0, 1140.0, 1200.0, 1260.0, 1320.0, 1380.0, 1440.0, 1500.0, 1560.0, 1620.0, 1680.0, 1740.0, 1800.0, 1860.0, 1920.0, 1980.0, 2040.0, 2100.0, 2160.0, 2220.0, 2280.0, 2340.0, 2400.0, 2460.0, 2520.0, 2580.0, 2640.0, 2700.0, 2760.0, 2820.0, 2880.0, 2940.0, 3000.0]
/////////////////////////
PROCESSING:  TTM1400THTH
/////////////////////////
plotTreeName: Tprime2_DeepAK8_Mass
Flavour: E #tag: isV_tZtH #algo: DeepAK8
Weights: 1 * 1 * 1 * pileupWeight * 1 * lepIdSF * EGammaGsfSF * 1 * (MCWeight_singleLepCalc/abs(MCWeight_singleLepCalc)) * 8.82208857389e-05
Cuts: (leptonPt_singleLepCalc > 50) && (corr_met_singleLepCalc > 55) && (AK4HT > 480) && (minDR_lepJet > 0.4 || ptRel_lepJet > 40) && (NJetsAK8_JetSubCalc > 2) && (minDR_leadAK8otherAK8 < 3.0) && DataPastTrigger == 1 && isElectron==1
****************************************************************************************************
****************************************************************************************************
DISTRIBUTION: Tp2Mass
            -name in ljmet trees: Tprime2_ALGO_Mass
            -x-axis label is set to: ;M(T) [GeV])
            -using the binning as: [0.0, 60.0, 120.0, 180.0, 240.0, 300.0, 360.0, 420.0, 480.0, 540.0, 600.0, 660.0, 720.0, 780.0, 840.0, 900.0, 960.0, 1020.0, 1080.0, 1140.0, 1200.0, 1260.0, 1320.0, 1380.0, 1440.0, 1500.0, 1560.0, 1620.0, 1680.0, 1740.0, 1800.0, 1860.0, 1920.0, 1980.0, 2040.0, 2100.0, 2160.0, 2220.0, 2280.0, 2340.0, 2400.0, 2460.0, 2520.0, 2580.0, 2640.0, 2700.0, 2760.0, 2820.0, 2880.0, 2940.0, 3000.0]
/////////////////////////
PROCESSING:  TTM1400TZTZ
/////////////////////////
plotTreeName: Tprime2_DeepAK8_Mass
Flavour: E #tag: isV_tZtH #algo: DeepAK8
Weights: 1 * 1 * 1 * pileupWeight * 1 * lepIdSF * EGammaGsfSF * 1 * (MCWeight_singleLepCalc/abs(MCWeight_singleLepCalc)) * 8.82208857389e-05
Cuts: (leptonPt_singleLepCalc > 50) && (corr_met_singleLepCalc > 55) && (AK4HT > 480) && (minDR_lepJet > 0.4 || ptRel_lepJet > 40) && (NJetsAK8_JetSubCalc > 2) && (minDR_leadAK8otherAK8 < 3.0) && DataPastTrigger == 1 && isElectron==1
****************************************************************************************************
****************************************************************************************************
DISTRIBUTION: Tp2Mass
            -name in ljmet trees: Tprime2_ALGO_Mass
            -x-axis label is set to: ;M(T) [GeV])
            -using the binning as: [0.0, 60.0, 120.0, 180.0, 240.0, 300.0, 360.0, 420.0, 480.0, 540.0, 600.0, 660.0, 720.0, 780.0, 840.0, 900.0, 960.0, 1020.0, 1080.0, 1140.0, 1200.0, 1260.0, 1320.0, 1380.0, 1440.0, 1500.0, 1560.0, 1620.0, 1680.0, 1740.0, 1800.0, 1860.0, 1920.0, 1980.0, 2040.0, 2100.0, 2160.0, 2220.0, 2280.0, 2340.0, 2400.0, 2460.0, 2520.0, 2580.0, 2640.0, 2700.0, 2760.0, 2820.0, 2880.0, 2940.0, 3000.0]
/////////////////////////
PROCESSING:  TTM1400TZBW
/////////////////////////
plotTreeName: Tprime2_DeepAK8_Mass
Flavour: E #tag: isV_tZtH #algo: DeepAK8
Weights: 1 * 1 * 1 * pileupWeight * 1 * lepIdSF * EGammaGsfSF * 1 * (MCWeight_singleLepCalc/abs(MCWeight_singleLepCalc)) * 0.000176441771478
Cuts: (leptonPt_singleLepCalc > 50) && (corr_met_singleLepCalc > 55) && (AK4HT > 480) && (minDR_lepJet > 0.4 || ptRel_lepJet > 40) && (NJetsAK8_JetSubCalc > 2) && (minDR_leadAK8otherAK8 < 3.0) && DataPastTrigger == 1 && isElectron==1
****************************************************************************************************
****************************************************************************************************
DISTRIBUTION: Tp2Mass
            -name in ljmet trees: Tprime2_ALGO_Mass
            -x-axis label is set to: ;M(T) [GeV])
            -using the binning as: [0.0, 60.0, 120.0, 180.0, 240.0, 300.0, 360.0, 420.0, 480.0, 540.0, 600.0, 660.0, 720.0, 780.0, 840.0, 900.0, 960.0, 1020.0, 1080.0, 1140.0, 1200.0, 1260.0, 1320.0, 1380.0, 1440.0, 1500.0, 1560.0, 1620.0, 1680.0, 1740.0, 1800.0, 1860.0, 1920.0, 1980.0, 2040.0, 2100.0, 2160.0, 2220.0, 2280.0, 2340.0, 2400.0, 2460.0, 2520.0, 2580.0, 2640.0, 2700.0, 2760.0, 2820.0, 2880.0, 2940.0, 3000.0]
/////////////////////////
PROCESSING:  TTM1400THBW
/////////////////////////
plotTreeName: Tprime2_DeepAK8_Mass
Flavour: E #tag: isV_tZtH #algo: DeepAK8
Weights: 1 * 1 * 1 * pileupWeight * 1 * lepIdSF * EGammaGsfSF * 1 * (MCWeight_singleLepCalc/abs(MCWeight_singleLepCalc)) * 0.000176441771478
Cuts: (leptonPt_singleLepCalc > 50) && (corr_met_singleLepCalc > 55) && (AK4HT > 480) && (minDR_lepJet > 0.4 || ptRel_lepJet > 40) && (NJetsAK8_JetSubCalc > 2) && (minDR_leadAK8otherAK8 < 3.0) && DataPastTrigger == 1 && isElectron==1
****************************************************************************************************
****************************************************************************************************
DISTRIBUTION: Tp2Mass
            -name in ljmet trees: Tprime2_ALGO_Mass
            -x-axis label is set to: ;M(T) [GeV])
            -using the binning as: [0.0, 60.0, 120.0, 180.0, 240.0, 300.0, 360.0, 420.0, 480.0, 540.0, 600.0, 660.0, 720.0, 780.0, 840.0, 900.0, 960.0, 1020.0, 1080.0, 1140.0, 1200.0, 1260.0, 1320.0, 1380.0, 1440.0, 1500.0, 1560.0, 1620.0, 1680.0, 1740.0, 1800.0, 1860.0, 1920.0, 1980.0, 2040.0, 2100.0, 2160.0, 2220.0, 2280.0, 2340.0, 2400.0, 2460.0, 2520.0, 2580.0, 2640.0, 2700.0, 2760.0, 2820.0, 2880.0, 2940.0, 3000.0]
/////////////////////////
PROCESSING:  TTM1400TZTH
/////////////////////////
plotTreeName: Tprime2_DeepAK8_Mass
Flavour: E #tag: isV_tZtH #algo: DeepAK8
Weights: 1 * 1 * 1 * pileupWeight * 1 * lepIdSF * EGammaGsfSF * 1 * (MCWeight_singleLepCalc/abs(MCWeight_singleLepCalc)) * 8.82208857389e-05
Cuts: (leptonPt_singleLepCalc > 50) && (corr_met_singleLepCalc > 55) && (AK4HT > 480) && (minDR_lepJet > 0.4 || ptRel_lepJet > 40) && (NJetsAK8_JetSubCalc > 2) && (minDR_leadAK8otherAK8 < 3.0) && DataPastTrigger == 1 && isElectron==1
****************************************************************************************************
****************************************************************************************************
DISTRIBUTION: Tp2Mass
            -name in ljmet trees: Tprime2_ALGO_Mass
            -x-axis label is set to: ;M(T) [GeV])
            -using the binning as: [0.0, 60.0, 120.0, 180.0, 240.0, 300.0, 360.0, 420.0, 480.0, 540.0, 600.0, 660.0, 720.0, 780.0, 840.0, 900.0, 960.0, 1020.0, 1080.0, 1140.0, 1200.0, 1260.0, 1320.0, 1380.0, 1440.0, 1500.0, 1560.0, 1620.0, 1680.0, 1740.0, 1800.0, 1860.0, 1920.0, 1980.0, 2040.0, 2100.0, 2160.0, 2220.0, 2280.0, 2340.0, 2400.0, 2460.0, 2520.0, 2580.0, 2640.0, 2700.0, 2760.0, 2820.0, 2880.0, 2940.0, 3000.0]
/////////////////////////
PROCESSING:  TTM1500BWBW
/////////////////////////
plotTreeName: Tprime2_DeepAK8_Mass
Flavour: E #tag: isV_tZtH #algo: DeepAK8
Weights: 1 * 1 * 1 * pileupWeight * 1 * lepIdSF * EGammaGsfSF * 1 * (MCWeight_singleLepCalc/abs(MCWeight_singleLepCalc)) * 0.00019932135405
Cuts: (leptonPt_singleLepCalc > 50) && (corr_met_singleLepCalc > 55) && (AK4HT > 480) && (minDR_lepJet > 0.4 || ptRel_lepJet > 40) && (NJetsAK8_JetSubCalc > 2) && (minDR_leadAK8otherAK8 < 3.0) && DataPastTrigger == 1 && isElectron==1
****************************************************************************************************
****************************************************************************************************
DISTRIBUTION: Tp2Mass
            -name in ljmet trees: Tprime2_ALGO_Mass
            -x-axis label is set to: ;M(T) [GeV])
            -using the binning as: [0.0, 60.0, 120.0, 180.0, 240.0, 300.0, 360.0, 420.0, 480.0, 540.0, 600.0, 660.0, 720.0, 780.0, 840.0, 900.0, 960.0, 1020.0, 1080.0, 1140.0, 1200.0, 1260.0, 1320.0, 1380.0, 1440.0, 1500.0, 1560.0, 1620.0, 1680.0, 1740.0, 1800.0, 1860.0, 1920.0, 1980.0, 2040.0, 2100.0, 2160.0, 2220.0, 2280.0, 2340.0, 2400.0, 2460.0, 2520.0, 2580.0, 2640.0, 2700.0, 2760.0, 2820.0, 2880.0, 2940.0, 3000.0]
/////////////////////////
PROCESSING:  TTM1500THTH
/////////////////////////
plotTreeName: Tprime2_DeepAK8_Mass
Flavour: E #tag: isV_tZtH #algo: DeepAK8
Weights: 1 * 1 * 1 * pileupWeight * 1 * lepIdSF * EGammaGsfSF * 1 * (MCWeight_singleLepCalc/abs(MCWeight_singleLepCalc)) * 4.98303385124e-05
Cuts: (leptonPt_singleLepCalc > 50) && (corr_met_singleLepCalc > 55) && (AK4HT > 480) && (minDR_lepJet > 0.4 || ptRel_lepJet > 40) && (NJetsAK8_JetSubCalc > 2) && (minDR_leadAK8otherAK8 < 3.0) && DataPastTrigger == 1 && isElectron==1
****************************************************************************************************
****************************************************************************************************
DISTRIBUTION: Tp2Mass
            -name in ljmet trees: Tprime2_ALGO_Mass
            -x-axis label is set to: ;M(T) [GeV])
            -using the binning as: [0.0, 60.0, 120.0, 180.0, 240.0, 300.0, 360.0, 420.0, 480.0, 540.0, 600.0, 660.0, 720.0, 780.0, 840.0, 900.0, 960.0, 1020.0, 1080.0, 1140.0, 1200.0, 1260.0, 1320.0, 1380.0, 1440.0, 1500.0, 1560.0, 1620.0, 1680.0, 1740.0, 1800.0, 1860.0, 1920.0, 1980.0, 2040.0, 2100.0, 2160.0, 2220.0, 2280.0, 2340.0, 2400.0, 2460.0, 2520.0, 2580.0, 2640.0, 2700.0, 2760.0, 2820.0, 2880.0, 2940.0, 3000.0]
/////////////////////////
PROCESSING:  TTM1500TZTZ
/////////////////////////
plotTreeName: Tprime2_DeepAK8_Mass
Flavour: E #tag: isV_tZtH #algo: DeepAK8
Weights: 1 * 1 * 1 * pileupWeight * 1 * lepIdSF * EGammaGsfSF * 1 * (MCWeight_singleLepCalc/abs(MCWeight_singleLepCalc)) * 4.98303385124e-05
Cuts: (leptonPt_singleLepCalc > 50) && (corr_met_singleLepCalc > 55) && (AK4HT > 480) && (minDR_lepJet > 0.4 || ptRel_lepJet > 40) && (NJetsAK8_JetSubCalc > 2) && (minDR_leadAK8otherAK8 < 3.0) && DataPastTrigger == 1 && isElectron==1
****************************************************************************************************
****************************************************************************************************
DISTRIBUTION: Tp2Mass
            -name in ljmet trees: Tprime2_ALGO_Mass
            -x-axis label is set to: ;M(T) [GeV])
            -using the binning as: [0.0, 60.0, 120.0, 180.0, 240.0, 300.0, 360.0, 420.0, 480.0, 540.0, 600.0, 660.0, 720.0, 780.0, 840.0, 900.0, 960.0, 1020.0, 1080.0, 1140.0, 1200.0, 1260.0, 1320.0, 1380.0, 1440.0, 1500.0, 1560.0, 1620.0, 1680.0, 1740.0, 1800.0, 1860.0, 1920.0, 1980.0, 2040.0, 2100.0, 2160.0, 2220.0, 2280.0, 2340.0, 2400.0, 2460.0, 2520.0, 2580.0, 2640.0, 2700.0, 2760.0, 2820.0, 2880.0, 2940.0, 3000.0]
/////////////////////////
PROCESSING:  TTM1500TZBW
/////////////////////////
plotTreeName: Tprime2_DeepAK8_Mass
Flavour: E #tag: isV_tZtH #algo: DeepAK8
Weights: 1 * 1 * 1 * pileupWeight * 1 * lepIdSF * EGammaGsfSF * 1 * (MCWeight_singleLepCalc/abs(MCWeight_singleLepCalc)) * 9.96606770248e-05
Cuts: (leptonPt_singleLepCalc > 50) && (corr_met_singleLepCalc > 55) && (AK4HT > 480) && (minDR_lepJet > 0.4 || ptRel_lepJet > 40) && (NJetsAK8_JetSubCalc > 2) && (minDR_leadAK8otherAK8 < 3.0) && DataPastTrigger == 1 && isElectron==1
****************************************************************************************************
****************************************************************************************************
DISTRIBUTION: Tp2Mass
            -name in ljmet trees: Tprime2_ALGO_Mass
            -x-axis label is set to: ;M(T) [GeV])
            -using the binning as: [0.0, 60.0, 120.0, 180.0, 240.0, 300.0, 360.0, 420.0, 480.0, 540.0, 600.0, 660.0, 720.0, 780.0, 840.0, 900.0, 960.0, 1020.0, 1080.0, 1140.0, 1200.0, 1260.0, 1320.0, 1380.0, 1440.0, 1500.0, 1560.0, 1620.0, 1680.0, 1740.0, 1800.0, 1860.0, 1920.0, 1980.0, 2040.0, 2100.0, 2160.0, 2220.0, 2280.0, 2340.0, 2400.0, 2460.0, 2520.0, 2580.0, 2640.0, 2700.0, 2760.0, 2820.0, 2880.0, 2940.0, 3000.0]
/////////////////////////
PROCESSING:  TTM1500THBW
/////////////////////////
plotTreeName: Tprime2_DeepAK8_Mass
Flavour: E #tag: isV_tZtH #algo: DeepAK8
Weights: 1 * 1 * 1 * pileupWeight * 1 * lepIdSF * EGammaGsfSF * 1 * (MCWeight_singleLepCalc/abs(MCWeight_singleLepCalc)) * 9.96606770248e-05
Cuts: (leptonPt_singleLepCalc > 50) && (corr_met_singleLepCalc > 55) && (AK4HT > 480) && (minDR_lepJet > 0.4 || ptRel_lepJet > 40) && (NJetsAK8_JetSubCalc > 2) && (minDR_leadAK8otherAK8 < 3.0) && DataPastTrigger == 1 && isElectron==1
****************************************************************************************************
****************************************************************************************************
DISTRIBUTION: Tp2Mass
            -name in ljmet trees: Tprime2_ALGO_Mass
            -x-axis label is set to: ;M(T) [GeV])
            -using the binning as: [0.0, 60.0, 120.0, 180.0, 240.0, 300.0, 360.0, 420.0, 480.0, 540.0, 600.0, 660.0, 720.0, 780.0, 840.0, 900.0, 960.0, 1020.0, 1080.0, 1140.0, 1200.0, 1260.0, 1320.0, 1380.0, 1440.0, 1500.0, 1560.0, 1620.0, 1680.0, 1740.0, 1800.0, 1860.0, 1920.0, 1980.0, 2040.0, 2100.0, 2160.0, 2220.0, 2280.0, 2340.0, 2400.0, 2460.0, 2520.0, 2580.0, 2640.0, 2700.0, 2760.0, 2820.0, 2880.0, 2940.0, 3000.0]
/////////////////////////
PROCESSING:  TTM1500TZTH
/////////////////////////
plotTreeName: Tprime2_DeepAK8_Mass
Flavour: E #tag: isV_tZtH #algo: DeepAK8
Weights: 1 * 1 * 1 * pileupWeight * 1 * lepIdSF * EGammaGsfSF * 1 * (MCWeight_singleLepCalc/abs(MCWeight_singleLepCalc)) * 4.98303385124e-05
Cuts: (leptonPt_singleLepCalc > 50) && (corr_met_singleLepCalc > 55) && (AK4HT > 480) && (minDR_lepJet > 0.4 || ptRel_lepJet > 40) && (NJetsAK8_JetSubCalc > 2) && (minDR_leadAK8otherAK8 < 3.0) && DataPastTrigger == 1 && isElectron==1
****************************************************************************************************
****************************************************************************************************
DISTRIBUTION: Tp2Mass
            -name in ljmet trees: Tprime2_ALGO_Mass
            -x-axis label is set to: ;M(T) [GeV])
            -using the binning as: [0.0, 60.0, 120.0, 180.0, 240.0, 300.0, 360.0, 420.0, 480.0, 540.0, 600.0, 660.0, 720.0, 780.0, 840.0, 900.0, 960.0, 1020.0, 1080.0, 1140.0, 1200.0, 1260.0, 1320.0, 1380.0, 1440.0, 1500.0, 1560.0, 1620.0, 1680.0, 1740.0, 1800.0, 1860.0, 1920.0, 1980.0, 2040.0, 2100.0, 2160.0, 2220.0, 2280.0, 2340.0, 2400.0, 2460.0, 2520.0, 2580.0, 2640.0, 2700.0, 2760.0, 2820.0, 2880.0, 2940.0, 3000.0]
/////////////////////////
PROCESSING:  TTM1600BWBW
/////////////////////////
plotTreeName: Tprime2_DeepAK8_Mass
Flavour: E #tag: isV_tZtH #algo: DeepAK8
Weights: 1 * 1 * 1 * pileupWeight * 1 * lepIdSF * EGammaGsfSF * 1 * (MCWeight_singleLepCalc/abs(MCWeight_singleLepCalc)) * 0.000114437939919
Cuts: (leptonPt_singleLepCalc > 50) && (corr_met_singleLepCalc > 55) && (AK4HT > 480) && (minDR_lepJet > 0.4 || ptRel_lepJet > 40) && (NJetsAK8_JetSubCalc > 2) && (minDR_leadAK8otherAK8 < 3.0) && DataPastTrigger == 1 && isElectron==1
****************************************************************************************************
****************************************************************************************************
DISTRIBUTION: Tp2Mass
            -name in ljmet trees: Tprime2_ALGO_Mass
            -x-axis label is set to: ;M(T) [GeV])
            -using the binning as: [0.0, 60.0, 120.0, 180.0, 240.0, 300.0, 360.0, 420.0, 480.0, 540.0, 600.0, 660.0, 720.0, 780.0, 840.0, 900.0, 960.0, 1020.0, 1080.0, 1140.0, 1200.0, 1260.0, 1320.0, 1380.0, 1440.0, 1500.0, 1560.0, 1620.0, 1680.0, 1740.0, 1800.0, 1860.0, 1920.0, 1980.0, 2040.0, 2100.0, 2160.0, 2220.0, 2280.0, 2340.0, 2400.0, 2460.0, 2520.0, 2580.0, 2640.0, 2700.0, 2760.0, 2820.0, 2880.0, 2940.0, 3000.0]
/////////////////////////
PROCESSING:  TTM1600THTH
/////////////////////////
plotTreeName: Tprime2_DeepAK8_Mass
Flavour: E #tag: isV_tZtH #algo: DeepAK8
Weights: 1 * 1 * 1 * pileupWeight * 1 * lepIdSF * EGammaGsfSF * 1 * (MCWeight_singleLepCalc/abs(MCWeight_singleLepCalc)) * 2.86094849797e-05
Cuts: (leptonPt_singleLepCalc > 50) && (corr_met_singleLepCalc > 55) && (AK4HT > 480) && (minDR_lepJet > 0.4 || ptRel_lepJet > 40) && (NJetsAK8_JetSubCalc > 2) && (minDR_leadAK8otherAK8 < 3.0) && DataPastTrigger == 1 && isElectron==1
****************************************************************************************************
****************************************************************************************************
DISTRIBUTION: Tp2Mass
            -name in ljmet trees: Tprime2_ALGO_Mass
            -x-axis label is set to: ;M(T) [GeV])
            -using the binning as: [0.0, 60.0, 120.0, 180.0, 240.0, 300.0, 360.0, 420.0, 480.0, 540.0, 600.0, 660.0, 720.0, 780.0, 840.0, 900.0, 960.0, 1020.0, 1080.0, 1140.0, 1200.0, 1260.0, 1320.0, 1380.0, 1440.0, 1500.0, 1560.0, 1620.0, 1680.0, 1740.0, 1800.0, 1860.0, 1920.0, 1980.0, 2040.0, 2100.0, 2160.0, 2220.0, 2280.0, 2340.0, 2400.0, 2460.0, 2520.0, 2580.0, 2640.0, 2700.0, 2760.0, 2820.0, 2880.0, 2940.0, 3000.0]
/////////////////////////
PROCESSING:  TTM1600TZTZ
/////////////////////////
plotTreeName: Tprime2_DeepAK8_Mass
Flavour: E #tag: isV_tZtH #algo: DeepAK8
Weights: 1 * 1 * 1 * pileupWeight * 1 * lepIdSF * EGammaGsfSF * 1 * (MCWeight_singleLepCalc/abs(MCWeight_singleLepCalc)) * 2.86094849797e-05
Cuts: (leptonPt_singleLepCalc > 50) && (corr_met_singleLepCalc > 55) && (AK4HT > 480) && (minDR_lepJet > 0.4 || ptRel_lepJet > 40) && (NJetsAK8_JetSubCalc > 2) && (minDR_leadAK8otherAK8 < 3.0) && DataPastTrigger == 1 && isElectron==1
****************************************************************************************************
****************************************************************************************************
DISTRIBUTION: Tp2Mass
            -name in ljmet trees: Tprime2_ALGO_Mass
            -x-axis label is set to: ;M(T) [GeV])
            -using the binning as: [0.0, 60.0, 120.0, 180.0, 240.0, 300.0, 360.0, 420.0, 480.0, 540.0, 600.0, 660.0, 720.0, 780.0, 840.0, 900.0, 960.0, 1020.0, 1080.0, 1140.0, 1200.0, 1260.0, 1320.0, 1380.0, 1440.0, 1500.0, 1560.0, 1620.0, 1680.0, 1740.0, 1800.0, 1860.0, 1920.0, 1980.0, 2040.0, 2100.0, 2160.0, 2220.0, 2280.0, 2340.0, 2400.0, 2460.0, 2520.0, 2580.0, 2640.0, 2700.0, 2760.0, 2820.0, 2880.0, 2940.0, 3000.0]
/////////////////////////
PROCESSING:  TTM1600TZBW
/////////////////////////
plotTreeName: Tprime2_DeepAK8_Mass
Flavour: E #tag: isV_tZtH #algo: DeepAK8
Weights: 1 * 1 * 1 * pileupWeight * 1 * lepIdSF * EGammaGsfSF * 1 * (MCWeight_singleLepCalc/abs(MCWeight_singleLepCalc)) * 5.72189699595e-05
Cuts: (leptonPt_singleLepCalc > 50) && (corr_met_singleLepCalc > 55) && (AK4HT > 480) && (minDR_lepJet > 0.4 || ptRel_lepJet > 40) && (NJetsAK8_JetSubCalc > 2) && (minDR_leadAK8otherAK8 < 3.0) && DataPastTrigger == 1 && isElectron==1
****************************************************************************************************
****************************************************************************************************
DISTRIBUTION: Tp2Mass
            -name in ljmet trees: Tprime2_ALGO_Mass
            -x-axis label is set to: ;M(T) [GeV])
            -using the binning as: [0.0, 60.0, 120.0, 180.0, 240.0, 300.0, 360.0, 420.0, 480.0, 540.0, 600.0, 660.0, 720.0, 780.0, 840.0, 900.0, 960.0, 1020.0, 1080.0, 1140.0, 1200.0, 1260.0, 1320.0, 1380.0, 1440.0, 1500.0, 1560.0, 1620.0, 1680.0, 1740.0, 1800.0, 1860.0, 1920.0, 1980.0, 2040.0, 2100.0, 2160.0, 2220.0, 2280.0, 2340.0, 2400.0, 2460.0, 2520.0, 2580.0, 2640.0, 2700.0, 2760.0, 2820.0, 2880.0, 2940.0, 3000.0]
/////////////////////////
PROCESSING:  TTM1600THBW
/////////////////////////
plotTreeName: Tprime2_DeepAK8_Mass
Flavour: E #tag: isV_tZtH #algo: DeepAK8
Weights: 1 * 1 * 1 * pileupWeight * 1 * lepIdSF * EGammaGsfSF * 1 * (MCWeight_singleLepCalc/abs(MCWeight_singleLepCalc)) * 5.72189699595e-05
Cuts: (leptonPt_singleLepCalc > 50) && (corr_met_singleLepCalc > 55) && (AK4HT > 480) && (minDR_lepJet > 0.4 || ptRel_lepJet > 40) && (NJetsAK8_JetSubCalc > 2) && (minDR_leadAK8otherAK8 < 3.0) && DataPastTrigger == 1 && isElectron==1
****************************************************************************************************
****************************************************************************************************
DISTRIBUTION: Tp2Mass
            -name in ljmet trees: Tprime2_ALGO_Mass
            -x-axis label is set to: ;M(T) [GeV])
            -using the binning as: [0.0, 60.0, 120.0, 180.0, 240.0, 300.0, 360.0, 420.0, 480.0, 540.0, 600.0, 660.0, 720.0, 780.0, 840.0, 900.0, 960.0, 1020.0, 1080.0, 1140.0, 1200.0, 1260.0, 1320.0, 1380.0, 1440.0, 1500.0, 1560.0, 1620.0, 1680.0, 1740.0, 1800.0, 1860.0, 1920.0, 1980.0, 2040.0, 2100.0, 2160.0, 2220.0, 2280.0, 2340.0, 2400.0, 2460.0, 2520.0, 2580.0, 2640.0, 2700.0, 2760.0, 2820.0, 2880.0, 2940.0, 3000.0]
/////////////////////////
PROCESSING:  TTM1600TZTH
/////////////////////////
plotTreeName: Tprime2_DeepAK8_Mass
Flavour: E #tag: isV_tZtH #algo: DeepAK8
Weights: 1 * 1 * 1 * pileupWeight * 1 * lepIdSF * EGammaGsfSF * 1 * (MCWeight_singleLepCalc/abs(MCWeight_singleLepCalc)) * 2.86094849797e-05
Cuts: (leptonPt_singleLepCalc > 50) && (corr_met_singleLepCalc > 55) && (AK4HT > 480) && (minDR_lepJet > 0.4 || ptRel_lepJet > 40) && (NJetsAK8_JetSubCalc > 2) && (minDR_leadAK8otherAK8 < 3.0) && DataPastTrigger == 1 && isElectron==1
****************************************************************************************************
****************************************************************************************************
DISTRIBUTION: Tp2Mass
            -name in ljmet trees: Tprime2_ALGO_Mass
            -x-axis label is set to: ;M(T) [GeV])
            -using the binning as: [0.0, 60.0, 120.0, 180.0, 240.0, 300.0, 360.0, 420.0, 480.0, 540.0, 600.0, 660.0, 720.0, 780.0, 840.0, 900.0, 960.0, 1020.0, 1080.0, 1140.0, 1200.0, 1260.0, 1320.0, 1380.0, 1440.0, 1500.0, 1560.0, 1620.0, 1680.0, 1740.0, 1800.0, 1860.0, 1920.0, 1980.0, 2040.0, 2100.0, 2160.0, 2220.0, 2280.0, 2340.0, 2400.0, 2460.0, 2520.0, 2580.0, 2640.0, 2700.0, 2760.0, 2820.0, 2880.0, 2940.0, 3000.0]
/////////////////////////
PROCESSING:  TTM1700BWBW
/////////////////////////
plotTreeName: Tprime2_DeepAK8_Mass
Flavour: E #tag: isV_tZtH #algo: DeepAK8
Weights: 1 * 1 * 1 * pileupWeight * 1 * lepIdSF * EGammaGsfSF * 1 * (MCWeight_singleLepCalc/abs(MCWeight_singleLepCalc)) * 6.93554282011e-05
Cuts: (leptonPt_singleLepCalc > 50) && (corr_met_singleLepCalc > 55) && (AK4HT > 480) && (minDR_lepJet > 0.4 || ptRel_lepJet > 40) && (NJetsAK8_JetSubCalc > 2) && (minDR_leadAK8otherAK8 < 3.0) && DataPastTrigger == 1 && isElectron==1
****************************************************************************************************
****************************************************************************************************
DISTRIBUTION: Tp2Mass
            -name in ljmet trees: Tprime2_ALGO_Mass
            -x-axis label is set to: ;M(T) [GeV])
            -using the binning as: [0.0, 60.0, 120.0, 180.0, 240.0, 300.0, 360.0, 420.0, 480.0, 540.0, 600.0, 660.0, 720.0, 780.0, 840.0, 900.0, 960.0, 1020.0, 1080.0, 1140.0, 1200.0, 1260.0, 1320.0, 1380.0, 1440.0, 1500.0, 1560.0, 1620.0, 1680.0, 1740.0, 1800.0, 1860.0, 1920.0, 1980.0, 2040.0, 2100.0, 2160.0, 2220.0, 2280.0, 2340.0, 2400.0, 2460.0, 2520.0, 2580.0, 2640.0, 2700.0, 2760.0, 2820.0, 2880.0, 2940.0, 3000.0]
/////////////////////////
PROCESSING:  TTM1700THTH
/////////////////////////
plotTreeName: Tprime2_DeepAK8_Mass
Flavour: E #tag: isV_tZtH #algo: DeepAK8
Weights: 1 * 1 * 1 * pileupWeight * 1 * lepIdSF * EGammaGsfSF * 1 * (MCWeight_singleLepCalc/abs(MCWeight_singleLepCalc)) * 1.73388570503e-05
Cuts: (leptonPt_singleLepCalc > 50) && (corr_met_singleLepCalc > 55) && (AK4HT > 480) && (minDR_lepJet > 0.4 || ptRel_lepJet > 40) && (NJetsAK8_JetSubCalc > 2) && (minDR_leadAK8otherAK8 < 3.0) && DataPastTrigger == 1 && isElectron==1
****************************************************************************************************
****************************************************************************************************
DISTRIBUTION: Tp2Mass
            -name in ljmet trees: Tprime2_ALGO_Mass
            -x-axis label is set to: ;M(T) [GeV])
            -using the binning as: [0.0, 60.0, 120.0, 180.0, 240.0, 300.0, 360.0, 420.0, 480.0, 540.0, 600.0, 660.0, 720.0, 780.0, 840.0, 900.0, 960.0, 1020.0, 1080.0, 1140.0, 1200.0, 1260.0, 1320.0, 1380.0, 1440.0, 1500.0, 1560.0, 1620.0, 1680.0, 1740.0, 1800.0, 1860.0, 1920.0, 1980.0, 2040.0, 2100.0, 2160.0, 2220.0, 2280.0, 2340.0, 2400.0, 2460.0, 2520.0, 2580.0, 2640.0, 2700.0, 2760.0, 2820.0, 2880.0, 2940.0, 3000.0]
/////////////////////////
PROCESSING:  TTM1700TZTZ
/////////////////////////
plotTreeName: Tprime2_DeepAK8_Mass
Flavour: E #tag: isV_tZtH #algo: DeepAK8
Weights: 1 * 1 * 1 * pileupWeight * 1 * lepIdSF * EGammaGsfSF * 1 * (MCWeight_singleLepCalc/abs(MCWeight_singleLepCalc)) * 1.73388570503e-05
Cuts: (leptonPt_singleLepCalc > 50) && (corr_met_singleLepCalc > 55) && (AK4HT > 480) && (minDR_lepJet > 0.4 || ptRel_lepJet > 40) && (NJetsAK8_JetSubCalc > 2) && (minDR_leadAK8otherAK8 < 3.0) && DataPastTrigger == 1 && isElectron==1
****************************************************************************************************
****************************************************************************************************
DISTRIBUTION: Tp2Mass
            -name in ljmet trees: Tprime2_ALGO_Mass
            -x-axis label is set to: ;M(T) [GeV])
            -using the binning as: [0.0, 60.0, 120.0, 180.0, 240.0, 300.0, 360.0, 420.0, 480.0, 540.0, 600.0, 660.0, 720.0, 780.0, 840.0, 900.0, 960.0, 1020.0, 1080.0, 1140.0, 1200.0, 1260.0, 1320.0, 1380.0, 1440.0, 1500.0, 1560.0, 1620.0, 1680.0, 1740.0, 1800.0, 1860.0, 1920.0, 1980.0, 2040.0, 2100.0, 2160.0, 2220.0, 2280.0, 2340.0, 2400.0, 2460.0, 2520.0, 2580.0, 2640.0, 2700.0, 2760.0, 2820.0, 2880.0, 2940.0, 3000.0]
/////////////////////////
PROCESSING:  TTM1700TZBW
/////////////////////////
plotTreeName: Tprime2_DeepAK8_Mass
Flavour: E #tag: isV_tZtH #algo: DeepAK8
Weights: 1 * 1 * 1 * pileupWeight * 1 * lepIdSF * EGammaGsfSF * 1 * (MCWeight_singleLepCalc/abs(MCWeight_singleLepCalc)) * 3.46777141005e-05
Cuts: (leptonPt_singleLepCalc > 50) && (corr_met_singleLepCalc > 55) && (AK4HT > 480) && (minDR_lepJet > 0.4 || ptRel_lepJet > 40) && (NJetsAK8_JetSubCalc > 2) && (minDR_leadAK8otherAK8 < 3.0) && DataPastTrigger == 1 && isElectron==1
****************************************************************************************************
****************************************************************************************************
DISTRIBUTION: Tp2Mass
            -name in ljmet trees: Tprime2_ALGO_Mass
            -x-axis label is set to: ;M(T) [GeV])
            -using the binning as: [0.0, 60.0, 120.0, 180.0, 240.0, 300.0, 360.0, 420.0, 480.0, 540.0, 600.0, 660.0, 720.0, 780.0, 840.0, 900.0, 960.0, 1020.0, 1080.0, 1140.0, 1200.0, 1260.0, 1320.0, 1380.0, 1440.0, 1500.0, 1560.0, 1620.0, 1680.0, 1740.0, 1800.0, 1860.0, 1920.0, 1980.0, 2040.0, 2100.0, 2160.0, 2220.0, 2280.0, 2340.0, 2400.0, 2460.0, 2520.0, 2580.0, 2640.0, 2700.0, 2760.0, 2820.0, 2880.0, 2940.0, 3000.0]
/////////////////////////
PROCESSING:  TTM1700THBW
/////////////////////////
plotTreeName: Tprime2_DeepAK8_Mass
Flavour: E #tag: isV_tZtH #algo: DeepAK8
Weights: 1 * 1 * 1 * pileupWeight * 1 * lepIdSF * EGammaGsfSF * 1 * (MCWeight_singleLepCalc/abs(MCWeight_singleLepCalc)) * 3.46777141005e-05
Cuts: (leptonPt_singleLepCalc > 50) && (corr_met_singleLepCalc > 55) && (AK4HT > 480) && (minDR_lepJet > 0.4 || ptRel_lepJet > 40) && (NJetsAK8_JetSubCalc > 2) && (minDR_leadAK8otherAK8 < 3.0) && DataPastTrigger == 1 && isElectron==1
****************************************************************************************************
****************************************************************************************************
DISTRIBUTION: Tp2Mass
            -name in ljmet trees: Tprime2_ALGO_Mass
            -x-axis label is set to: ;M(T) [GeV])
            -using the binning as: [0.0, 60.0, 120.0, 180.0, 240.0, 300.0, 360.0, 420.0, 480.0, 540.0, 600.0, 660.0, 720.0, 780.0, 840.0, 900.0, 960.0, 1020.0, 1080.0, 1140.0, 1200.0, 1260.0, 1320.0, 1380.0, 1440.0, 1500.0, 1560.0, 1620.0, 1680.0, 1740.0, 1800.0, 1860.0, 1920.0, 1980.0, 2040.0, 2100.0, 2160.0, 2220.0, 2280.0, 2340.0, 2400.0, 2460.0, 2520.0, 2580.0, 2640.0, 2700.0, 2760.0, 2820.0, 2880.0, 2940.0, 3000.0]
/////////////////////////
PROCESSING:  TTM1700TZTH
/////////////////////////
plotTreeName: Tprime2_DeepAK8_Mass
Flavour: E #tag: isV_tZtH #algo: DeepAK8
Weights: 1 * 1 * 1 * pileupWeight * 1 * lepIdSF * EGammaGsfSF * 1 * (MCWeight_singleLepCalc/abs(MCWeight_singleLepCalc)) * 1.73388570503e-05
Cuts: (leptonPt_singleLepCalc > 50) && (corr_met_singleLepCalc > 55) && (AK4HT > 480) && (minDR_lepJet > 0.4 || ptRel_lepJet > 40) && (NJetsAK8_JetSubCalc > 2) && (minDR_leadAK8otherAK8 < 3.0) && DataPastTrigger == 1 && isElectron==1
****************************************************************************************************
****************************************************************************************************
DISTRIBUTION: Tp2Mass
            -name in ljmet trees: Tprime2_ALGO_Mass
            -x-axis label is set to: ;M(T) [GeV])
            -using the binning as: [0.0, 60.0, 120.0, 180.0, 240.0, 300.0, 360.0, 420.0, 480.0, 540.0, 600.0, 660.0, 720.0, 780.0, 840.0, 900.0, 960.0, 1020.0, 1080.0, 1140.0, 1200.0, 1260.0, 1320.0, 1380.0, 1440.0, 1500.0, 1560.0, 1620.0, 1680.0, 1740.0, 1800.0, 1860.0, 1920.0, 1980.0, 2040.0, 2100.0, 2160.0, 2220.0, 2280.0, 2340.0, 2400.0, 2460.0, 2520.0, 2580.0, 2640.0, 2700.0, 2760.0, 2820.0, 2880.0, 2940.0, 3000.0]
/////////////////////////
PROCESSING:  TTM1800BWBW
/////////////////////////
plotTreeName: Tprime2_DeepAK8_Mass
Flavour: E #tag: isV_tZtH #algo: DeepAK8
Weights: 1 * 1 * 1 * pileupWeight * 1 * lepIdSF * EGammaGsfSF * 1 * (MCWeight_singleLepCalc/abs(MCWeight_singleLepCalc)) * 3.89579688164e-05
Cuts: (leptonPt_singleLepCalc > 50) && (corr_met_singleLepCalc > 55) && (AK4HT > 480) && (minDR_lepJet > 0.4 || ptRel_lepJet > 40) && (NJetsAK8_JetSubCalc > 2) && (minDR_leadAK8otherAK8 < 3.0) && DataPastTrigger == 1 && isElectron==1
****************************************************************************************************
****************************************************************************************************
DISTRIBUTION: Tp2Mass
            -name in ljmet trees: Tprime2_ALGO_Mass
            -x-axis label is set to: ;M(T) [GeV])
            -using the binning as: [0.0, 60.0, 120.0, 180.0, 240.0, 300.0, 360.0, 420.0, 480.0, 540.0, 600.0, 660.0, 720.0, 780.0, 840.0, 900.0, 960.0, 1020.0, 1080.0, 1140.0, 1200.0, 1260.0, 1320.0, 1380.0, 1440.0, 1500.0, 1560.0, 1620.0, 1680.0, 1740.0, 1800.0, 1860.0, 1920.0, 1980.0, 2040.0, 2100.0, 2160.0, 2220.0, 2280.0, 2340.0, 2400.0, 2460.0, 2520.0, 2580.0, 2640.0, 2700.0, 2760.0, 2820.0, 2880.0, 2940.0, 3000.0]
/////////////////////////
PROCESSING:  TTM1800THTH
/////////////////////////
plotTreeName: Tprime2_DeepAK8_Mass
Flavour: E #tag: isV_tZtH #algo: DeepAK8
Weights: 1 * 1 * 1 * pileupWeight * 1 * lepIdSF * EGammaGsfSF * 1 * (MCWeight_singleLepCalc/abs(MCWeight_singleLepCalc)) * 9.7394922041e-06
Cuts: (leptonPt_singleLepCalc > 50) && (corr_met_singleLepCalc > 55) && (AK4HT > 480) && (minDR_lepJet > 0.4 || ptRel_lepJet > 40) && (NJetsAK8_JetSubCalc > 2) && (minDR_leadAK8otherAK8 < 3.0) && DataPastTrigger == 1 && isElectron==1
****************************************************************************************************
****************************************************************************************************
DISTRIBUTION: Tp2Mass
            -name in ljmet trees: Tprime2_ALGO_Mass
            -x-axis label is set to: ;M(T) [GeV])
            -using the binning as: [0.0, 60.0, 120.0, 180.0, 240.0, 300.0, 360.0, 420.0, 480.0, 540.0, 600.0, 660.0, 720.0, 780.0, 840.0, 900.0, 960.0, 1020.0, 1080.0, 1140.0, 1200.0, 1260.0, 1320.0, 1380.0, 1440.0, 1500.0, 1560.0, 1620.0, 1680.0, 1740.0, 1800.0, 1860.0, 1920.0, 1980.0, 2040.0, 2100.0, 2160.0, 2220.0, 2280.0, 2340.0, 2400.0, 2460.0, 2520.0, 2580.0, 2640.0, 2700.0, 2760.0, 2820.0, 2880.0, 2940.0, 3000.0]
/////////////////////////
PROCESSING:  TTM1800TZTZ
/////////////////////////
plotTreeName: Tprime2_DeepAK8_Mass
Flavour: E #tag: isV_tZtH #algo: DeepAK8
Weights: 1 * 1 * 1 * pileupWeight * 1 * lepIdSF * EGammaGsfSF * 1 * (MCWeight_singleLepCalc/abs(MCWeight_singleLepCalc)) * 9.7394922041e-06
Cuts: (leptonPt_singleLepCalc > 50) && (corr_met_singleLepCalc > 55) && (AK4HT > 480) && (minDR_lepJet > 0.4 || ptRel_lepJet > 40) && (NJetsAK8_JetSubCalc > 2) && (minDR_leadAK8otherAK8 < 3.0) && DataPastTrigger == 1 && isElectron==1
****************************************************************************************************
****************************************************************************************************
DISTRIBUTION: Tp2Mass
            -name in ljmet trees: Tprime2_ALGO_Mass
            -x-axis label is set to: ;M(T) [GeV])
            -using the binning as: [0.0, 60.0, 120.0, 180.0, 240.0, 300.0, 360.0, 420.0, 480.0, 540.0, 600.0, 660.0, 720.0, 780.0, 840.0, 900.0, 960.0, 1020.0, 1080.0, 1140.0, 1200.0, 1260.0, 1320.0, 1380.0, 1440.0, 1500.0, 1560.0, 1620.0, 1680.0, 1740.0, 1800.0, 1860.0, 1920.0, 1980.0, 2040.0, 2100.0, 2160.0, 2220.0, 2280.0, 2340.0, 2400.0, 2460.0, 2520.0, 2580.0, 2640.0, 2700.0, 2760.0, 2820.0, 2880.0, 2940.0, 3000.0]
/////////////////////////
PROCESSING:  TTM1800TZBW
/////////////////////////
plotTreeName: Tprime2_DeepAK8_Mass
Flavour: E #tag: isV_tZtH #algo: DeepAK8
Weights: 1 * 1 * 1 * pileupWeight * 1 * lepIdSF * EGammaGsfSF * 1 * (MCWeight_singleLepCalc/abs(MCWeight_singleLepCalc)) * 1.94789844082e-05
Cuts: (leptonPt_singleLepCalc > 50) && (corr_met_singleLepCalc > 55) && (AK4HT > 480) && (minDR_lepJet > 0.4 || ptRel_lepJet > 40) && (NJetsAK8_JetSubCalc > 2) && (minDR_leadAK8otherAK8 < 3.0) && DataPastTrigger == 1 && isElectron==1
****************************************************************************************************
****************************************************************************************************
DISTRIBUTION: Tp2Mass
            -name in ljmet trees: Tprime2_ALGO_Mass
            -x-axis label is set to: ;M(T) [GeV])
            -using the binning as: [0.0, 60.0, 120.0, 180.0, 240.0, 300.0, 360.0, 420.0, 480.0, 540.0, 600.0, 660.0, 720.0, 780.0, 840.0, 900.0, 960.0, 1020.0, 1080.0, 1140.0, 1200.0, 1260.0, 1320.0, 1380.0, 1440.0, 1500.0, 1560.0, 1620.0, 1680.0, 1740.0, 1800.0, 1860.0, 1920.0, 1980.0, 2040.0, 2100.0, 2160.0, 2220.0, 2280.0, 2340.0, 2400.0, 2460.0, 2520.0, 2580.0, 2640.0, 2700.0, 2760.0, 2820.0, 2880.0, 2940.0, 3000.0]
/////////////////////////
PROCESSING:  TTM1800THBW
/////////////////////////
plotTreeName: Tprime2_DeepAK8_Mass
Flavour: E #tag: isV_tZtH #algo: DeepAK8
Weights: 1 * 1 * 1 * pileupWeight * 1 * lepIdSF * EGammaGsfSF * 1 * (MCWeight_singleLepCalc/abs(MCWeight_singleLepCalc)) * 1.94789844082e-05
Cuts: (leptonPt_singleLepCalc > 50) && (corr_met_singleLepCalc > 55) && (AK4HT > 480) && (minDR_lepJet > 0.4 || ptRel_lepJet > 40) && (NJetsAK8_JetSubCalc > 2) && (minDR_leadAK8otherAK8 < 3.0) && DataPastTrigger == 1 && isElectron==1
****************************************************************************************************
****************************************************************************************************
DISTRIBUTION: Tp2Mass
            -name in ljmet trees: Tprime2_ALGO_Mass
            -x-axis label is set to: ;M(T) [GeV])
            -using the binning as: [0.0, 60.0, 120.0, 180.0, 240.0, 300.0, 360.0, 420.0, 480.0, 540.0, 600.0, 660.0, 720.0, 780.0, 840.0, 900.0, 960.0, 1020.0, 1080.0, 1140.0, 1200.0, 1260.0, 1320.0, 1380.0, 1440.0, 1500.0, 1560.0, 1620.0, 1680.0, 1740.0, 1800.0, 1860.0, 1920.0, 1980.0, 2040.0, 2100.0, 2160.0, 2220.0, 2280.0, 2340.0, 2400.0, 2460.0, 2520.0, 2580.0, 2640.0, 2700.0, 2760.0, 2820.0, 2880.0, 2940.0, 3000.0]
/////////////////////////
PROCESSING:  TTM1800TZTH
/////////////////////////
plotTreeName: Tprime2_DeepAK8_Mass
Flavour: E #tag: isV_tZtH #algo: DeepAK8
Weights: 1 * 1 * 1 * pileupWeight * 1 * lepIdSF * EGammaGsfSF * 1 * (MCWeight_singleLepCalc/abs(MCWeight_singleLepCalc)) * 9.7394922041e-06
Cuts: (leptonPt_singleLepCalc > 50) && (corr_met_singleLepCalc > 55) && (AK4HT > 480) && (minDR_lepJet > 0.4 || ptRel_lepJet > 40) && (NJetsAK8_JetSubCalc > 2) && (minDR_leadAK8otherAK8 < 3.0) && DataPastTrigger == 1 && isElectron==1
****************************************************************************************************
****************************************************************************************************
DISTRIBUTION: Tp2Mass
            -name in ljmet trees: Tprime2_ALGO_Mass
            -x-axis label is set to: ;M(T) [GeV])
            -using the binning as: [0.0, 60.0, 120.0, 180.0, 240.0, 300.0, 360.0, 420.0, 480.0, 540.0, 600.0, 660.0, 720.0, 780.0, 840.0, 900.0, 960.0, 1020.0, 1080.0, 1140.0, 1200.0, 1260.0, 1320.0, 1380.0, 1440.0, 1500.0, 1560.0, 1620.0, 1680.0, 1740.0, 1800.0, 1860.0, 1920.0, 1980.0, 2040.0, 2100.0, 2160.0, 2220.0, 2280.0, 2340.0, 2400.0, 2460.0, 2520.0, 2580.0, 2640.0, 2700.0, 2760.0, 2820.0, 2880.0, 2940.0, 3000.0]
/////////////////////////
PROCESSING:  WJetsMG400
/////////////////////////
plotTreeName: Tprime2_DeepAK8_decorr_Mass
Flavour: E #tag: isV_tZtH #algo: DeepAK8_decorr
Weights: 1 * HTSF_Pol * 1 * pileupWeight * 1 * lepIdSF * EGammaGsfSF * 1 * (MCWeight_singleLepCalc/abs(MCWeight_singleLepCalc)) * 0.280770227538
Cuts: (leptonPt_singleLepCalc > 50) && (corr_met_singleLepCalc > 55) && (AK4HT > 480) && (minDR_lepJet > 0.4 || ptRel_lepJet > 40) && (NJetsAK8_JetSubCalc > 2) && (minDR_leadAK8otherAK8 < 3.0) && DataPastTrigger == 1 && isElectron==1
****************************************************************************************************
****************************************************************************************************
DISTRIBUTION: Tp2Mass
            -name in ljmet trees: Tprime2_ALGO_Mass
            -x-axis label is set to: ;M(T) [GeV])
            -using the binning as: [0.0, 60.0, 120.0, 180.0, 240.0, 300.0, 360.0, 420.0, 480.0, 540.0, 600.0, 660.0, 720.0, 780.0, 840.0, 900.0, 960.0, 1020.0, 1080.0, 1140.0, 1200.0, 1260.0, 1320.0, 1380.0, 1440.0, 1500.0, 1560.0, 1620.0, 1680.0, 1740.0, 1800.0, 1860.0, 1920.0, 1980.0, 2040.0, 2100.0, 2160.0, 2220.0, 2280.0, 2340.0, 2400.0, 2460.0, 2520.0, 2580.0, 2640.0, 2700.0, 2760.0, 2820.0, 2880.0, 2940.0, 3000.0]
/////////////////////////
PROCESSING:  WJetsMG600
/////////////////////////
plotTreeName: Tprime2_DeepAK8_decorr_Mass
Flavour: E #tag: isV_tZtH #algo: DeepAK8_decorr
Weights: 1 * HTSF_Pol * 1 * pileupWeight * 1 * lepIdSF * EGammaGsfSF * 1 * (MCWeight_singleLepCalc/abs(MCWeight_singleLepCalc)) * 0.0287233231554
Cuts: (leptonPt_singleLepCalc > 50) && (corr_met_singleLepCalc > 55) && (AK4HT > 480) && (minDR_lepJet > 0.4 || ptRel_lepJet > 40) && (NJetsAK8_JetSubCalc > 2) && (minDR_leadAK8otherAK8 < 3.0) && DataPastTrigger == 1 && isElectron==1
****************************************************************************************************
****************************************************************************************************
DISTRIBUTION: Tp2Mass
            -name in ljmet trees: Tprime2_ALGO_Mass
            -x-axis label is set to: ;M(T) [GeV])
            -using the binning as: [0.0, 60.0, 120.0, 180.0, 240.0, 300.0, 360.0, 420.0, 480.0, 540.0, 600.0, 660.0, 720.0, 780.0, 840.0, 900.0, 960.0, 1020.0, 1080.0, 1140.0, 1200.0, 1260.0, 1320.0, 1380.0, 1440.0, 1500.0, 1560.0, 1620.0, 1680.0, 1740.0, 1800.0, 1860.0, 1920.0, 1980.0, 2040.0, 2100.0, 2160.0, 2220.0, 2280.0, 2340.0, 2400.0, 2460.0, 2520.0, 2580.0, 2640.0, 2700.0, 2760.0, 2820.0, 2880.0, 2940.0, 3000.0]
/////////////////////////
PROCESSING:  WJetsMG800
/////////////////////////
plotTreeName: Tprime2_DeepAK8_decorr_Mass
Flavour: E #tag: isV_tZtH #algo: DeepAK8_decorr
Weights: 1 * HTSF_Pol * 1 * pileupWeight * 1 * lepIdSF * EGammaGsfSF * 1 * (MCWeight_singleLepCalc/abs(MCWeight_singleLepCalc)) * 0.0316367902594
Cuts: (leptonPt_singleLepCalc > 50) && (corr_met_singleLepCalc > 55) && (AK4HT > 480) && (minDR_lepJet > 0.4 || ptRel_lepJet > 40) && (NJetsAK8_JetSubCalc > 2) && (minDR_leadAK8otherAK8 < 3.0) && DataPastTrigger == 1 && isElectron==1
****************************************************************************************************
****************************************************************************************************
DISTRIBUTION: Tp2Mass
            -name in ljmet trees: Tprime2_ALGO_Mass
            -x-axis label is set to: ;M(T) [GeV])
            -using the binning as: [0.0, 60.0, 120.0, 180.0, 240.0, 300.0, 360.0, 420.0, 480.0, 540.0, 600.0, 660.0, 720.0, 780.0, 840.0, 900.0, 960.0, 1020.0, 1080.0, 1140.0, 1200.0, 1260.0, 1320.0, 1380.0, 1440.0, 1500.0, 1560.0, 1620.0, 1680.0, 1740.0, 1800.0, 1860.0, 1920.0, 1980.0, 2040.0, 2100.0, 2160.0, 2220.0, 2280.0, 2340.0, 2400.0, 2460.0, 2520.0, 2580.0, 2640.0, 2700.0, 2760.0, 2820.0, 2880.0, 2940.0, 3000.0]
/////////////////////////
PROCESSING:  WJetsMG1200
/////////////////////////
plotTreeName: Tprime2_DeepAK8_decorr_Mass
Flavour: E #tag: isV_tZtH #algo: DeepAK8_decorr
Weights: 1 * HTSF_Pol * 1 * pileupWeight * 1 * lepIdSF * EGammaGsfSF * 1 * (MCWeight_singleLepCalc/abs(MCWeight_singleLepCalc)) * 0.00861414819858
Cuts: (leptonPt_singleLepCalc > 50) && (corr_met_singleLepCalc > 55) && (AK4HT > 480) && (minDR_lepJet > 0.4 || ptRel_lepJet > 40) && (NJetsAK8_JetSubCalc > 2) && (minDR_leadAK8otherAK8 < 3.0) && DataPastTrigger == 1 && isElectron==1
****************************************************************************************************
****************************************************************************************************
DISTRIBUTION: Tp2Mass
            -name in ljmet trees: Tprime2_ALGO_Mass
            -x-axis label is set to: ;M(T) [GeV])
            -using the binning as: [0.0, 60.0, 120.0, 180.0, 240.0, 300.0, 360.0, 420.0, 480.0, 540.0, 600.0, 660.0, 720.0, 780.0, 840.0, 900.0, 960.0, 1020.0, 1080.0, 1140.0, 1200.0, 1260.0, 1320.0, 1380.0, 1440.0, 1500.0, 1560.0, 1620.0, 1680.0, 1740.0, 1800.0, 1860.0, 1920.0, 1980.0, 2040.0, 2100.0, 2160.0, 2220.0, 2280.0, 2340.0, 2400.0, 2460.0, 2520.0, 2580.0, 2640.0, 2700.0, 2760.0, 2820.0, 2880.0, 2940.0, 3000.0]
/////////////////////////
PROCESSING:  WJetsMG2500
/////////////////////////
plotTreeName: Tprime2_DeepAK8_decorr_Mass
Flavour: E #tag: isV_tZtH #algo: DeepAK8_decorr
Weights: 1 * HTSF_Pol * 1 * pileupWeight * 1 * lepIdSF * EGammaGsfSF * 1 * (MCWeight_singleLepCalc/abs(MCWeight_singleLepCalc)) * 0.00054308661217
Cuts: (leptonPt_singleLepCalc > 50) && (corr_met_singleLepCalc > 55) && (AK4HT > 480) && (minDR_lepJet > 0.4 || ptRel_lepJet > 40) && (NJetsAK8_JetSubCalc > 2) && (minDR_leadAK8otherAK8 < 3.0) && DataPastTrigger == 1 && isElectron==1
****************************************************************************************************
****************************************************************************************************
DISTRIBUTION: Tp2Mass
            -name in ljmet trees: Tprime2_ALGO_Mass
            -x-axis label is set to: ;M(T) [GeV])
            -using the binning as: [0.0, 60.0, 120.0, 180.0, 240.0, 300.0, 360.0, 420.0, 480.0, 540.0, 600.0, 660.0, 720.0, 780.0, 840.0, 900.0, 960.0, 1020.0, 1080.0, 1140.0, 1200.0, 1260.0, 1320.0, 1380.0, 1440.0, 1500.0, 1560.0, 1620.0, 1680.0, 1740.0, 1800.0, 1860.0, 1920.0, 1980.0, 2040.0, 2100.0, 2160.0, 2220.0, 2280.0, 2340.0, 2400.0, 2460.0, 2520.0, 2580.0, 2640.0, 2700.0, 2760.0, 2820.0, 2880.0, 2940.0, 3000.0]
/////////////////////////
PROCESSING:  TTM1100BWBW
/////////////////////////
plotTreeName: Tprime2_DeepAK8_decorr_Mass
Flavour: E #tag: isV_tZtH #algo: DeepAK8_decorr
Weights: 1 * 1 * 1 * pileupWeight * 1 * lepIdSF * EGammaGsfSF * 1 * (MCWeight_singleLepCalc/abs(MCWeight_singleLepCalc)) * 0.00223239916536
Cuts: (leptonPt_singleLepCalc > 50) && (corr_met_singleLepCalc > 55) && (AK4HT > 480) && (minDR_lepJet > 0.4 || ptRel_lepJet > 40) && (NJetsAK8_JetSubCalc > 2) && (minDR_leadAK8otherAK8 < 3.0) && DataPastTrigger == 1 && isElectron==1
****************************************************************************************************
****************************************************************************************************
DISTRIBUTION: Tp2Mass
            -name in ljmet trees: Tprime2_ALGO_Mass
            -x-axis label is set to: ;M(T) [GeV])
            -using the binning as: [0.0, 60.0, 120.0, 180.0, 240.0, 300.0, 360.0, 420.0, 480.0, 540.0, 600.0, 660.0, 720.0, 780.0, 840.0, 900.0, 960.0, 1020.0, 1080.0, 1140.0, 1200.0, 1260.0, 1320.0, 1380.0, 1440.0, 1500.0, 1560.0, 1620.0, 1680.0, 1740.0, 1800.0, 1860.0, 1920.0, 1980.0, 2040.0, 2100.0, 2160.0, 2220.0, 2280.0, 2340.0, 2400.0, 2460.0, 2520.0, 2580.0, 2640.0, 2700.0, 2760.0, 2820.0, 2880.0, 2940.0, 3000.0]
/////////////////////////
PROCESSING:  TTM1100THTH
/////////////////////////
plotTreeName: Tprime2_DeepAK8_decorr_Mass
Flavour: E #tag: isV_tZtH #algo: DeepAK8_decorr
Weights: 1 * 1 * 1 * pileupWeight * 1 * lepIdSF * EGammaGsfSF * 1 * (MCWeight_singleLepCalc/abs(MCWeight_singleLepCalc)) * 0.000558099791339
Cuts: (leptonPt_singleLepCalc > 50) && (corr_met_singleLepCalc > 55) && (AK4HT > 480) && (minDR_lepJet > 0.4 || ptRel_lepJet > 40) && (NJetsAK8_JetSubCalc > 2) && (minDR_leadAK8otherAK8 < 3.0) && DataPastTrigger == 1 && isElectron==1
****************************************************************************************************
****************************************************************************************************
DISTRIBUTION: Tp2Mass
            -name in ljmet trees: Tprime2_ALGO_Mass
            -x-axis label is set to: ;M(T) [GeV])
            -using the binning as: [0.0, 60.0, 120.0, 180.0, 240.0, 300.0, 360.0, 420.0, 480.0, 540.0, 600.0, 660.0, 720.0, 780.0, 840.0, 900.0, 960.0, 1020.0, 1080.0, 1140.0, 1200.0, 1260.0, 1320.0, 1380.0, 1440.0, 1500.0, 1560.0, 1620.0, 1680.0, 1740.0, 1800.0, 1860.0, 1920.0, 1980.0, 2040.0, 2100.0, 2160.0, 2220.0, 2280.0, 2340.0, 2400.0, 2460.0, 2520.0, 2580.0, 2640.0, 2700.0, 2760.0, 2820.0, 2880.0, 2940.0, 3000.0]
/////////////////////////
PROCESSING:  TTM1100TZTZ
/////////////////////////
plotTreeName: Tprime2_DeepAK8_decorr_Mass
Flavour: E #tag: isV_tZtH #algo: DeepAK8_decorr
Weights: 1 * 1 * 1 * pileupWeight * 1 * lepIdSF * EGammaGsfSF * 1 * (MCWeight_singleLepCalc/abs(MCWeight_singleLepCalc)) * 0.000558099791339
Cuts: (leptonPt_singleLepCalc > 50) && (corr_met_singleLepCalc > 55) && (AK4HT > 480) && (minDR_lepJet > 0.4 || ptRel_lepJet > 40) && (NJetsAK8_JetSubCalc > 2) && (minDR_leadAK8otherAK8 < 3.0) && DataPastTrigger == 1 && isElectron==1
****************************************************************************************************
****************************************************************************************************
DISTRIBUTION: Tp2Mass
            -name in ljmet trees: Tprime2_ALGO_Mass
            -x-axis label is set to: ;M(T) [GeV])
            -using the binning as: [0.0, 60.0, 120.0, 180.0, 240.0, 300.0, 360.0, 420.0, 480.0, 540.0, 600.0, 660.0, 720.0, 780.0, 840.0, 900.0, 960.0, 1020.0, 1080.0, 1140.0, 1200.0, 1260.0, 1320.0, 1380.0, 1440.0, 1500.0, 1560.0, 1620.0, 1680.0, 1740.0, 1800.0, 1860.0, 1920.0, 1980.0, 2040.0, 2100.0, 2160.0, 2220.0, 2280.0, 2340.0, 2400.0, 2460.0, 2520.0, 2580.0, 2640.0, 2700.0, 2760.0, 2820.0, 2880.0, 2940.0, 3000.0]
/////////////////////////
PROCESSING:  TTM1100TZBW
/////////////////////////
plotTreeName: Tprime2_DeepAK8_decorr_Mass
Flavour: E #tag: isV_tZtH #algo: DeepAK8_decorr
Weights: 1 * 1 * 1 * pileupWeight * 1 * lepIdSF * EGammaGsfSF * 1 * (MCWeight_singleLepCalc/abs(MCWeight_singleLepCalc)) * 0.00111619958268
Cuts: (leptonPt_singleLepCalc > 50) && (corr_met_singleLepCalc > 55) && (AK4HT > 480) && (minDR_lepJet > 0.4 || ptRel_lepJet > 40) && (NJetsAK8_JetSubCalc > 2) && (minDR_leadAK8otherAK8 < 3.0) && DataPastTrigger == 1 && isElectron==1
****************************************************************************************************
****************************************************************************************************
DISTRIBUTION: Tp2Mass
            -name in ljmet trees: Tprime2_ALGO_Mass
            -x-axis label is set to: ;M(T) [GeV])
            -using the binning as: [0.0, 60.0, 120.0, 180.0, 240.0, 300.0, 360.0, 420.0, 480.0, 540.0, 600.0, 660.0, 720.0, 780.0, 840.0, 900.0, 960.0, 1020.0, 1080.0, 1140.0, 1200.0, 1260.0, 1320.0, 1380.0, 1440.0, 1500.0, 1560.0, 1620.0, 1680.0, 1740.0, 1800.0, 1860.0, 1920.0, 1980.0, 2040.0, 2100.0, 2160.0, 2220.0, 2280.0, 2340.0, 2400.0, 2460.0, 2520.0, 2580.0, 2640.0, 2700.0, 2760.0, 2820.0, 2880.0, 2940.0, 3000.0]
/////////////////////////
PROCESSING:  TTM1100THBW
/////////////////////////
plotTreeName: Tprime2_DeepAK8_decorr_Mass
Flavour: E #tag: isV_tZtH #algo: DeepAK8_decorr
Weights: 1 * 1 * 1 * pileupWeight * 1 * lepIdSF * EGammaGsfSF * 1 * (MCWeight_singleLepCalc/abs(MCWeight_singleLepCalc)) * 0.00111619958268
Cuts: (leptonPt_singleLepCalc > 50) && (corr_met_singleLepCalc > 55) && (AK4HT > 480) && (minDR_lepJet > 0.4 || ptRel_lepJet > 40) && (NJetsAK8_JetSubCalc > 2) && (minDR_leadAK8otherAK8 < 3.0) && DataPastTrigger == 1 && isElectron==1
****************************************************************************************************
****************************************************************************************************
DISTRIBUTION: Tp2Mass
            -name in ljmet trees: Tprime2_ALGO_Mass
            -x-axis label is set to: ;M(T) [GeV])
            -using the binning as: [0.0, 60.0, 120.0, 180.0, 240.0, 300.0, 360.0, 420.0, 480.0, 540.0, 600.0, 660.0, 720.0, 780.0, 840.0, 900.0, 960.0, 1020.0, 1080.0, 1140.0, 1200.0, 1260.0, 1320.0, 1380.0, 1440.0, 1500.0, 1560.0, 1620.0, 1680.0, 1740.0, 1800.0, 1860.0, 1920.0, 1980.0, 2040.0, 2100.0, 2160.0, 2220.0, 2280.0, 2340.0, 2400.0, 2460.0, 2520.0, 2580.0, 2640.0, 2700.0, 2760.0, 2820.0, 2880.0, 2940.0, 3000.0]
/////////////////////////
PROCESSING:  TTM1100TZTH
/////////////////////////
plotTreeName: Tprime2_DeepAK8_decorr_Mass
Flavour: E #tag: isV_tZtH #algo: DeepAK8_decorr
Weights: 1 * 1 * 1 * pileupWeight * 1 * lepIdSF * EGammaGsfSF * 1 * (MCWeight_singleLepCalc/abs(MCWeight_singleLepCalc)) * 0.000558099791339
Cuts: (leptonPt_singleLepCalc > 50) && (corr_met_singleLepCalc > 55) && (AK4HT > 480) && (minDR_lepJet > 0.4 || ptRel_lepJet > 40) && (NJetsAK8_JetSubCalc > 2) && (minDR_leadAK8otherAK8 < 3.0) && DataPastTrigger == 1 && isElectron==1
****************************************************************************************************
****************************************************************************************************
DISTRIBUTION: Tp2Mass
            -name in ljmet trees: Tprime2_ALGO_Mass
            -x-axis label is set to: ;M(T) [GeV])
            -using the binning as: [0.0, 60.0, 120.0, 180.0, 240.0, 300.0, 360.0, 420.0, 480.0, 540.0, 600.0, 660.0, 720.0, 780.0, 840.0, 900.0, 960.0, 1020.0, 1080.0, 1140.0, 1200.0, 1260.0, 1320.0, 1380.0, 1440.0, 1500.0, 1560.0, 1620.0, 1680.0, 1740.0, 1800.0, 1860.0, 1920.0, 1980.0, 2040.0, 2100.0, 2160.0, 2220.0, 2280.0, 2340.0, 2400.0, 2460.0, 2520.0, 2580.0, 2640.0, 2700.0, 2760.0, 2820.0, 2880.0, 2940.0, 3000.0]
/////////////////////////
PROCESSING:  TTM1200BWBW
/////////////////////////
plotTreeName: Tprime2_DeepAK8_decorr_Mass
Flavour: E #tag: isV_tZtH #algo: DeepAK8_decorr
Weights: 1 * 1 * 1 * pileupWeight * 1 * lepIdSF * EGammaGsfSF * 1 * (MCWeight_singleLepCalc/abs(MCWeight_singleLepCalc)) * 0.00117627847652
Cuts: (leptonPt_singleLepCalc > 50) && (corr_met_singleLepCalc > 55) && (AK4HT > 480) && (minDR_lepJet > 0.4 || ptRel_lepJet > 40) && (NJetsAK8_JetSubCalc > 2) && (minDR_leadAK8otherAK8 < 3.0) && DataPastTrigger == 1 && isElectron==1
****************************************************************************************************
****************************************************************************************************
DISTRIBUTION: Tp2Mass
            -name in ljmet trees: Tprime2_ALGO_Mass
            -x-axis label is set to: ;M(T) [GeV])
            -using the binning as: [0.0, 60.0, 120.0, 180.0, 240.0, 300.0, 360.0, 420.0, 480.0, 540.0, 600.0, 660.0, 720.0, 780.0, 840.0, 900.0, 960.0, 1020.0, 1080.0, 1140.0, 1200.0, 1260.0, 1320.0, 1380.0, 1440.0, 1500.0, 1560.0, 1620.0, 1680.0, 1740.0, 1800.0, 1860.0, 1920.0, 1980.0, 2040.0, 2100.0, 2160.0, 2220.0, 2280.0, 2340.0, 2400.0, 2460.0, 2520.0, 2580.0, 2640.0, 2700.0, 2760.0, 2820.0, 2880.0, 2940.0, 3000.0]
/////////////////////////
PROCESSING:  TTM1200THTH
/////////////////////////
plotTreeName: Tprime2_DeepAK8_decorr_Mass
Flavour: E #tag: isV_tZtH #algo: DeepAK8_decorr
Weights: 1 * 1 * 1 * pileupWeight * 1 * lepIdSF * EGammaGsfSF * 1 * (MCWeight_singleLepCalc/abs(MCWeight_singleLepCalc)) * 0.00029406961913
Cuts: (leptonPt_singleLepCalc > 50) && (corr_met_singleLepCalc > 55) && (AK4HT > 480) && (minDR_lepJet > 0.4 || ptRel_lepJet > 40) && (NJetsAK8_JetSubCalc > 2) && (minDR_leadAK8otherAK8 < 3.0) && DataPastTrigger == 1 && isElectron==1
****************************************************************************************************
****************************************************************************************************
DISTRIBUTION: Tp2Mass
            -name in ljmet trees: Tprime2_ALGO_Mass
            -x-axis label is set to: ;M(T) [GeV])
            -using the binning as: [0.0, 60.0, 120.0, 180.0, 240.0, 300.0, 360.0, 420.0, 480.0, 540.0, 600.0, 660.0, 720.0, 780.0, 840.0, 900.0, 960.0, 1020.0, 1080.0, 1140.0, 1200.0, 1260.0, 1320.0, 1380.0, 1440.0, 1500.0, 1560.0, 1620.0, 1680.0, 1740.0, 1800.0, 1860.0, 1920.0, 1980.0, 2040.0, 2100.0, 2160.0, 2220.0, 2280.0, 2340.0, 2400.0, 2460.0, 2520.0, 2580.0, 2640.0, 2700.0, 2760.0, 2820.0, 2880.0, 2940.0, 3000.0]
/////////////////////////
PROCESSING:  TTM1200TZTZ
/////////////////////////
plotTreeName: Tprime2_DeepAK8_decorr_Mass
Flavour: E #tag: isV_tZtH #algo: DeepAK8_decorr
Weights: 1 * 1 * 1 * pileupWeight * 1 * lepIdSF * EGammaGsfSF * 1 * (MCWeight_singleLepCalc/abs(MCWeight_singleLepCalc)) * 0.00029406961913
Cuts: (leptonPt_singleLepCalc > 50) && (corr_met_singleLepCalc > 55) && (AK4HT > 480) && (minDR_lepJet > 0.4 || ptRel_lepJet > 40) && (NJetsAK8_JetSubCalc > 2) && (minDR_leadAK8otherAK8 < 3.0) && DataPastTrigger == 1 && isElectron==1
****************************************************************************************************
****************************************************************************************************
DISTRIBUTION: Tp2Mass
            -name in ljmet trees: Tprime2_ALGO_Mass
            -x-axis label is set to: ;M(T) [GeV])
            -using the binning as: [0.0, 60.0, 120.0, 180.0, 240.0, 300.0, 360.0, 420.0, 480.0, 540.0, 600.0, 660.0, 720.0, 780.0, 840.0, 900.0, 960.0, 1020.0, 1080.0, 1140.0, 1200.0, 1260.0, 1320.0, 1380.0, 1440.0, 1500.0, 1560.0, 1620.0, 1680.0, 1740.0, 1800.0, 1860.0, 1920.0, 1980.0, 2040.0, 2100.0, 2160.0, 2220.0, 2280.0, 2340.0, 2400.0, 2460.0, 2520.0, 2580.0, 2640.0, 2700.0, 2760.0, 2820.0, 2880.0, 2940.0, 3000.0]
/////////////////////////
PROCESSING:  TTM1200TZBW
/////////////////////////
plotTreeName: Tprime2_DeepAK8_decorr_Mass
Flavour: E #tag: isV_tZtH #algo: DeepAK8_decorr
Weights: 1 * 1 * 1 * pileupWeight * 1 * lepIdSF * EGammaGsfSF * 1 * (MCWeight_singleLepCalc/abs(MCWeight_singleLepCalc)) * 0.000588139238259
Cuts: (leptonPt_singleLepCalc > 50) && (corr_met_singleLepCalc > 55) && (AK4HT > 480) && (minDR_lepJet > 0.4 || ptRel_lepJet > 40) && (NJetsAK8_JetSubCalc > 2) && (minDR_leadAK8otherAK8 < 3.0) && DataPastTrigger == 1 && isElectron==1
****************************************************************************************************
****************************************************************************************************
DISTRIBUTION: Tp2Mass
            -name in ljmet trees: Tprime2_ALGO_Mass
            -x-axis label is set to: ;M(T) [GeV])
            -using the binning as: [0.0, 60.0, 120.0, 180.0, 240.0, 300.0, 360.0, 420.0, 480.0, 540.0, 600.0, 660.0, 720.0, 780.0, 840.0, 900.0, 960.0, 1020.0, 1080.0, 1140.0, 1200.0, 1260.0, 1320.0, 1380.0, 1440.0, 1500.0, 1560.0, 1620.0, 1680.0, 1740.0, 1800.0, 1860.0, 1920.0, 1980.0, 2040.0, 2100.0, 2160.0, 2220.0, 2280.0, 2340.0, 2400.0, 2460.0, 2520.0, 2580.0, 2640.0, 2700.0, 2760.0, 2820.0, 2880.0, 2940.0, 3000.0]
/////////////////////////
PROCESSING:  TTM1200THBW
/////////////////////////
plotTreeName: Tprime2_DeepAK8_decorr_Mass
Flavour: E #tag: isV_tZtH #algo: DeepAK8_decorr
Weights: 1 * 1 * 1 * pileupWeight * 1 * lepIdSF * EGammaGsfSF * 1 * (MCWeight_singleLepCalc/abs(MCWeight_singleLepCalc)) * 0.000588139238259
Cuts: (leptonPt_singleLepCalc > 50) && (corr_met_singleLepCalc > 55) && (AK4HT > 480) && (minDR_lepJet > 0.4 || ptRel_lepJet > 40) && (NJetsAK8_JetSubCalc > 2) && (minDR_leadAK8otherAK8 < 3.0) && DataPastTrigger == 1 && isElectron==1
****************************************************************************************************
****************************************************************************************************
DISTRIBUTION: Tp2Mass
            -name in ljmet trees: Tprime2_ALGO_Mass
            -x-axis label is set to: ;M(T) [GeV])
            -using the binning as: [0.0, 60.0, 120.0, 180.0, 240.0, 300.0, 360.0, 420.0, 480.0, 540.0, 600.0, 660.0, 720.0, 780.0, 840.0, 900.0, 960.0, 1020.0, 1080.0, 1140.0, 1200.0, 1260.0, 1320.0, 1380.0, 1440.0, 1500.0, 1560.0, 1620.0, 1680.0, 1740.0, 1800.0, 1860.0, 1920.0, 1980.0, 2040.0, 2100.0, 2160.0, 2220.0, 2280.0, 2340.0, 2400.0, 2460.0, 2520.0, 2580.0, 2640.0, 2700.0, 2760.0, 2820.0, 2880.0, 2940.0, 3000.0]
/////////////////////////
PROCESSING:  TTM1200TZTH
/////////////////////////
plotTreeName: Tprime2_DeepAK8_decorr_Mass
Flavour: E #tag: isV_tZtH #algo: DeepAK8_decorr
Weights: 1 * 1 * 1 * pileupWeight * 1 * lepIdSF * EGammaGsfSF * 1 * (MCWeight_singleLepCalc/abs(MCWeight_singleLepCalc)) * 0.00029406961913
Cuts: (leptonPt_singleLepCalc > 50) && (corr_met_singleLepCalc > 55) && (AK4HT > 480) && (minDR_lepJet > 0.4 || ptRel_lepJet > 40) && (NJetsAK8_JetSubCalc > 2) && (minDR_leadAK8otherAK8 < 3.0) && DataPastTrigger == 1 && isElectron==1
****************************************************************************************************
****************************************************************************************************
DISTRIBUTION: Tp2Mass
            -name in ljmet trees: Tprime2_ALGO_Mass
            -x-axis label is set to: ;M(T) [GeV])
            -using the binning as: [0.0, 60.0, 120.0, 180.0, 240.0, 300.0, 360.0, 420.0, 480.0, 540.0, 600.0, 660.0, 720.0, 780.0, 840.0, 900.0, 960.0, 1020.0, 1080.0, 1140.0, 1200.0, 1260.0, 1320.0, 1380.0, 1440.0, 1500.0, 1560.0, 1620.0, 1680.0, 1740.0, 1800.0, 1860.0, 1920.0, 1980.0, 2040.0, 2100.0, 2160.0, 2220.0, 2280.0, 2340.0, 2400.0, 2460.0, 2520.0, 2580.0, 2640.0, 2700.0, 2760.0, 2820.0, 2880.0, 2940.0, 3000.0]
/////////////////////////
PROCESSING:  TTM1300BWBW
/////////////////////////
plotTreeName: Tprime2_DeepAK8_decorr_Mass
Flavour: E #tag: isV_tZtH #algo: DeepAK8_decorr
Weights: 1 * 1 * 1 * pileupWeight * 1 * lepIdSF * EGammaGsfSF * 1 * (MCWeight_singleLepCalc/abs(MCWeight_singleLepCalc)) * 0.00063821114509
Cuts: (leptonPt_singleLepCalc > 50) && (corr_met_singleLepCalc > 55) && (AK4HT > 480) && (minDR_lepJet > 0.4 || ptRel_lepJet > 40) && (NJetsAK8_JetSubCalc > 2) && (minDR_leadAK8otherAK8 < 3.0) && DataPastTrigger == 1 && isElectron==1
****************************************************************************************************
****************************************************************************************************
DISTRIBUTION: Tp2Mass
            -name in ljmet trees: Tprime2_ALGO_Mass
            -x-axis label is set to: ;M(T) [GeV])
            -using the binning as: [0.0, 60.0, 120.0, 180.0, 240.0, 300.0, 360.0, 420.0, 480.0, 540.0, 600.0, 660.0, 720.0, 780.0, 840.0, 900.0, 960.0, 1020.0, 1080.0, 1140.0, 1200.0, 1260.0, 1320.0, 1380.0, 1440.0, 1500.0, 1560.0, 1620.0, 1680.0, 1740.0, 1800.0, 1860.0, 1920.0, 1980.0, 2040.0, 2100.0, 2160.0, 2220.0, 2280.0, 2340.0, 2400.0, 2460.0, 2520.0, 2580.0, 2640.0, 2700.0, 2760.0, 2820.0, 2880.0, 2940.0, 3000.0]
/////////////////////////
PROCESSING:  TTM1300THTH
/////////////////////////
plotTreeName: Tprime2_DeepAK8_decorr_Mass
Flavour: E #tag: isV_tZtH #algo: DeepAK8_decorr
Weights: 1 * 1 * 1 * pileupWeight * 1 * lepIdSF * EGammaGsfSF * 1 * (MCWeight_singleLepCalc/abs(MCWeight_singleLepCalc)) * 0.000159552786272
Cuts: (leptonPt_singleLepCalc > 50) && (corr_met_singleLepCalc > 55) && (AK4HT > 480) && (minDR_lepJet > 0.4 || ptRel_lepJet > 40) && (NJetsAK8_JetSubCalc > 2) && (minDR_leadAK8otherAK8 < 3.0) && DataPastTrigger == 1 && isElectron==1
****************************************************************************************************
****************************************************************************************************
DISTRIBUTION: Tp2Mass
            -name in ljmet trees: Tprime2_ALGO_Mass
            -x-axis label is set to: ;M(T) [GeV])
            -using the binning as: [0.0, 60.0, 120.0, 180.0, 240.0, 300.0, 360.0, 420.0, 480.0, 540.0, 600.0, 660.0, 720.0, 780.0, 840.0, 900.0, 960.0, 1020.0, 1080.0, 1140.0, 1200.0, 1260.0, 1320.0, 1380.0, 1440.0, 1500.0, 1560.0, 1620.0, 1680.0, 1740.0, 1800.0, 1860.0, 1920.0, 1980.0, 2040.0, 2100.0, 2160.0, 2220.0, 2280.0, 2340.0, 2400.0, 2460.0, 2520.0, 2580.0, 2640.0, 2700.0, 2760.0, 2820.0, 2880.0, 2940.0, 3000.0]
/////////////////////////
PROCESSING:  TTM1300TZTZ
/////////////////////////
plotTreeName: Tprime2_DeepAK8_decorr_Mass
Flavour: E #tag: isV_tZtH #algo: DeepAK8_decorr
Weights: 1 * 1 * 1 * pileupWeight * 1 * lepIdSF * EGammaGsfSF * 1 * (MCWeight_singleLepCalc/abs(MCWeight_singleLepCalc)) * 0.000159552786272
Cuts: (leptonPt_singleLepCalc > 50) && (corr_met_singleLepCalc > 55) && (AK4HT > 480) && (minDR_lepJet > 0.4 || ptRel_lepJet > 40) && (NJetsAK8_JetSubCalc > 2) && (minDR_leadAK8otherAK8 < 3.0) && DataPastTrigger == 1 && isElectron==1
****************************************************************************************************
****************************************************************************************************
DISTRIBUTION: Tp2Mass
            -name in ljmet trees: Tprime2_ALGO_Mass
            -x-axis label is set to: ;M(T) [GeV])
            -using the binning as: [0.0, 60.0, 120.0, 180.0, 240.0, 300.0, 360.0, 420.0, 480.0, 540.0, 600.0, 660.0, 720.0, 780.0, 840.0, 900.0, 960.0, 1020.0, 1080.0, 1140.0, 1200.0, 1260.0, 1320.0, 1380.0, 1440.0, 1500.0, 1560.0, 1620.0, 1680.0, 1740.0, 1800.0, 1860.0, 1920.0, 1980.0, 2040.0, 2100.0, 2160.0, 2220.0, 2280.0, 2340.0, 2400.0, 2460.0, 2520.0, 2580.0, 2640.0, 2700.0, 2760.0, 2820.0, 2880.0, 2940.0, 3000.0]
/////////////////////////
PROCESSING:  TTM1300TZBW
/////////////////////////
plotTreeName: Tprime2_DeepAK8_decorr_Mass
Flavour: E #tag: isV_tZtH #algo: DeepAK8_decorr
Weights: 1 * 1 * 1 * pileupWeight * 1 * lepIdSF * EGammaGsfSF * 1 * (MCWeight_singleLepCalc/abs(MCWeight_singleLepCalc)) * 0.000319105572545
Cuts: (leptonPt_singleLepCalc > 50) && (corr_met_singleLepCalc > 55) && (AK4HT > 480) && (minDR_lepJet > 0.4 || ptRel_lepJet > 40) && (NJetsAK8_JetSubCalc > 2) && (minDR_leadAK8otherAK8 < 3.0) && DataPastTrigger == 1 && isElectron==1
****************************************************************************************************
****************************************************************************************************
DISTRIBUTION: Tp2Mass
            -name in ljmet trees: Tprime2_ALGO_Mass
            -x-axis label is set to: ;M(T) [GeV])
            -using the binning as: [0.0, 60.0, 120.0, 180.0, 240.0, 300.0, 360.0, 420.0, 480.0, 540.0, 600.0, 660.0, 720.0, 780.0, 840.0, 900.0, 960.0, 1020.0, 1080.0, 1140.0, 1200.0, 1260.0, 1320.0, 1380.0, 1440.0, 1500.0, 1560.0, 1620.0, 1680.0, 1740.0, 1800.0, 1860.0, 1920.0, 1980.0, 2040.0, 2100.0, 2160.0, 2220.0, 2280.0, 2340.0, 2400.0, 2460.0, 2520.0, 2580.0, 2640.0, 2700.0, 2760.0, 2820.0, 2880.0, 2940.0, 3000.0]
/////////////////////////
PROCESSING:  TTM1300THBW
/////////////////////////
plotTreeName: Tprime2_DeepAK8_decorr_Mass
Flavour: E #tag: isV_tZtH #algo: DeepAK8_decorr
Weights: 1 * 1 * 1 * pileupWeight * 1 * lepIdSF * EGammaGsfSF * 1 * (MCWeight_singleLepCalc/abs(MCWeight_singleLepCalc)) * 0.000319105572545
Cuts: (leptonPt_singleLepCalc > 50) && (corr_met_singleLepCalc > 55) && (AK4HT > 480) && (minDR_lepJet > 0.4 || ptRel_lepJet > 40) && (NJetsAK8_JetSubCalc > 2) && (minDR_leadAK8otherAK8 < 3.0) && DataPastTrigger == 1 && isElectron==1
****************************************************************************************************
****************************************************************************************************
DISTRIBUTION: Tp2Mass
            -name in ljmet trees: Tprime2_ALGO_Mass
            -x-axis label is set to: ;M(T) [GeV])
            -using the binning as: [0.0, 60.0, 120.0, 180.0, 240.0, 300.0, 360.0, 420.0, 480.0, 540.0, 600.0, 660.0, 720.0, 780.0, 840.0, 900.0, 960.0, 1020.0, 1080.0, 1140.0, 1200.0, 1260.0, 1320.0, 1380.0, 1440.0, 1500.0, 1560.0, 1620.0, 1680.0, 1740.0, 1800.0, 1860.0, 1920.0, 1980.0, 2040.0, 2100.0, 2160.0, 2220.0, 2280.0, 2340.0, 2400.0, 2460.0, 2520.0, 2580.0, 2640.0, 2700.0, 2760.0, 2820.0, 2880.0, 2940.0, 3000.0]
/////////////////////////
PROCESSING:  TTM1300TZTH
/////////////////////////
plotTreeName: Tprime2_DeepAK8_decorr_Mass
Flavour: E #tag: isV_tZtH #algo: DeepAK8_decorr
Weights: 1 * 1 * 1 * pileupWeight * 1 * lepIdSF * EGammaGsfSF * 1 * (MCWeight_singleLepCalc/abs(MCWeight_singleLepCalc)) * 0.000159552786272
Cuts: (leptonPt_singleLepCalc > 50) && (corr_met_singleLepCalc > 55) && (AK4HT > 480) && (minDR_lepJet > 0.4 || ptRel_lepJet > 40) && (NJetsAK8_JetSubCalc > 2) && (minDR_leadAK8otherAK8 < 3.0) && DataPastTrigger == 1 && isElectron==1
****************************************************************************************************
****************************************************************************************************
DISTRIBUTION: Tp2Mass
            -name in ljmet trees: Tprime2_ALGO_Mass
            -x-axis label is set to: ;M(T) [GeV])
            -using the binning as: [0.0, 60.0, 120.0, 180.0, 240.0, 300.0, 360.0, 420.0, 480.0, 540.0, 600.0, 660.0, 720.0, 780.0, 840.0, 900.0, 960.0, 1020.0, 1080.0, 1140.0, 1200.0, 1260.0, 1320.0, 1380.0, 1440.0, 1500.0, 1560.0, 1620.0, 1680.0, 1740.0, 1800.0, 1860.0, 1920.0, 1980.0, 2040.0, 2100.0, 2160.0, 2220.0, 2280.0, 2340.0, 2400.0, 2460.0, 2520.0, 2580.0, 2640.0, 2700.0, 2760.0, 2820.0, 2880.0, 2940.0, 3000.0]
/////////////////////////
PROCESSING:  TTM1400BWBW
/////////////////////////
plotTreeName: Tprime2_DeepAK8_decorr_Mass
Flavour: E #tag: isV_tZtH #algo: DeepAK8_decorr
Weights: 1 * 1 * 1 * pileupWeight * 1 * lepIdSF * EGammaGsfSF * 1 * (MCWeight_singleLepCalc/abs(MCWeight_singleLepCalc)) * 0.000352883542956
Cuts: (leptonPt_singleLepCalc > 50) && (corr_met_singleLepCalc > 55) && (AK4HT > 480) && (minDR_lepJet > 0.4 || ptRel_lepJet > 40) && (NJetsAK8_JetSubCalc > 2) && (minDR_leadAK8otherAK8 < 3.0) && DataPastTrigger == 1 && isElectron==1
****************************************************************************************************
****************************************************************************************************
DISTRIBUTION: Tp2Mass
            -name in ljmet trees: Tprime2_ALGO_Mass
            -x-axis label is set to: ;M(T) [GeV])
            -using the binning as: [0.0, 60.0, 120.0, 180.0, 240.0, 300.0, 360.0, 420.0, 480.0, 540.0, 600.0, 660.0, 720.0, 780.0, 840.0, 900.0, 960.0, 1020.0, 1080.0, 1140.0, 1200.0, 1260.0, 1320.0, 1380.0, 1440.0, 1500.0, 1560.0, 1620.0, 1680.0, 1740.0, 1800.0, 1860.0, 1920.0, 1980.0, 2040.0, 2100.0, 2160.0, 2220.0, 2280.0, 2340.0, 2400.0, 2460.0, 2520.0, 2580.0, 2640.0, 2700.0, 2760.0, 2820.0, 2880.0, 2940.0, 3000.0]
/////////////////////////
PROCESSING:  TTM1400THTH
/////////////////////////
plotTreeName: Tprime2_DeepAK8_decorr_Mass
Flavour: E #tag: isV_tZtH #algo: DeepAK8_decorr
Weights: 1 * 1 * 1 * pileupWeight * 1 * lepIdSF * EGammaGsfSF * 1 * (MCWeight_singleLepCalc/abs(MCWeight_singleLepCalc)) * 8.82208857389e-05
Cuts: (leptonPt_singleLepCalc > 50) && (corr_met_singleLepCalc > 55) && (AK4HT > 480) && (minDR_lepJet > 0.4 || ptRel_lepJet > 40) && (NJetsAK8_JetSubCalc > 2) && (minDR_leadAK8otherAK8 < 3.0) && DataPastTrigger == 1 && isElectron==1
****************************************************************************************************
****************************************************************************************************
DISTRIBUTION: Tp2Mass
            -name in ljmet trees: Tprime2_ALGO_Mass
            -x-axis label is set to: ;M(T) [GeV])
            -using the binning as: [0.0, 60.0, 120.0, 180.0, 240.0, 300.0, 360.0, 420.0, 480.0, 540.0, 600.0, 660.0, 720.0, 780.0, 840.0, 900.0, 960.0, 1020.0, 1080.0, 1140.0, 1200.0, 1260.0, 1320.0, 1380.0, 1440.0, 1500.0, 1560.0, 1620.0, 1680.0, 1740.0, 1800.0, 1860.0, 1920.0, 1980.0, 2040.0, 2100.0, 2160.0, 2220.0, 2280.0, 2340.0, 2400.0, 2460.0, 2520.0, 2580.0, 2640.0, 2700.0, 2760.0, 2820.0, 2880.0, 2940.0, 3000.0]
/////////////////////////
PROCESSING:  TTM1400TZTZ
/////////////////////////
plotTreeName: Tprime2_DeepAK8_decorr_Mass
Flavour: E #tag: isV_tZtH #algo: DeepAK8_decorr
Weights: 1 * 1 * 1 * pileupWeight * 1 * lepIdSF * EGammaGsfSF * 1 * (MCWeight_singleLepCalc/abs(MCWeight_singleLepCalc)) * 8.82208857389e-05
Cuts: (leptonPt_singleLepCalc > 50) && (corr_met_singleLepCalc > 55) && (AK4HT > 480) && (minDR_lepJet > 0.4 || ptRel_lepJet > 40) && (NJetsAK8_JetSubCalc > 2) && (minDR_leadAK8otherAK8 < 3.0) && DataPastTrigger == 1 && isElectron==1
****************************************************************************************************
****************************************************************************************************
DISTRIBUTION: Tp2Mass
            -name in ljmet trees: Tprime2_ALGO_Mass
            -x-axis label is set to: ;M(T) [GeV])
            -using the binning as: [0.0, 60.0, 120.0, 180.0, 240.0, 300.0, 360.0, 420.0, 480.0, 540.0, 600.0, 660.0, 720.0, 780.0, 840.0, 900.0, 960.0, 1020.0, 1080.0, 1140.0, 1200.0, 1260.0, 1320.0, 1380.0, 1440.0, 1500.0, 1560.0, 1620.0, 1680.0, 1740.0, 1800.0, 1860.0, 1920.0, 1980.0, 2040.0, 2100.0, 2160.0, 2220.0, 2280.0, 2340.0, 2400.0, 2460.0, 2520.0, 2580.0, 2640.0, 2700.0, 2760.0, 2820.0, 2880.0, 2940.0, 3000.0]
/////////////////////////
PROCESSING:  TTM1400TZBW
/////////////////////////
plotTreeName: Tprime2_DeepAK8_decorr_Mass
Flavour: E #tag: isV_tZtH #algo: DeepAK8_decorr
Weights: 1 * 1 * 1 * pileupWeight * 1 * lepIdSF * EGammaGsfSF * 1 * (MCWeight_singleLepCalc/abs(MCWeight_singleLepCalc)) * 0.000176441771478
Cuts: (leptonPt_singleLepCalc > 50) && (corr_met_singleLepCalc > 55) && (AK4HT > 480) && (minDR_lepJet > 0.4 || ptRel_lepJet > 40) && (NJetsAK8_JetSubCalc > 2) && (minDR_leadAK8otherAK8 < 3.0) && DataPastTrigger == 1 && isElectron==1
****************************************************************************************************
****************************************************************************************************
DISTRIBUTION: Tp2Mass
            -name in ljmet trees: Tprime2_ALGO_Mass
            -x-axis label is set to: ;M(T) [GeV])
            -using the binning as: [0.0, 60.0, 120.0, 180.0, 240.0, 300.0, 360.0, 420.0, 480.0, 540.0, 600.0, 660.0, 720.0, 780.0, 840.0, 900.0, 960.0, 1020.0, 1080.0, 1140.0, 1200.0, 1260.0, 1320.0, 1380.0, 1440.0, 1500.0, 1560.0, 1620.0, 1680.0, 1740.0, 1800.0, 1860.0, 1920.0, 1980.0, 2040.0, 2100.0, 2160.0, 2220.0, 2280.0, 2340.0, 2400.0, 2460.0, 2520.0, 2580.0, 2640.0, 2700.0, 2760.0, 2820.0, 2880.0, 2940.0, 3000.0]
/////////////////////////
PROCESSING:  TTM1400THBW
/////////////////////////
plotTreeName: Tprime2_DeepAK8_decorr_Mass
Flavour: E #tag: isV_tZtH #algo: DeepAK8_decorr
Weights: 1 * 1 * 1 * pileupWeight * 1 * lepIdSF * EGammaGsfSF * 1 * (MCWeight_singleLepCalc/abs(MCWeight_singleLepCalc)) * 0.000176441771478
Cuts: (leptonPt_singleLepCalc > 50) && (corr_met_singleLepCalc > 55) && (AK4HT > 480) && (minDR_lepJet > 0.4 || ptRel_lepJet > 40) && (NJetsAK8_JetSubCalc > 2) && (minDR_leadAK8otherAK8 < 3.0) && DataPastTrigger == 1 && isElectron==1
****************************************************************************************************
****************************************************************************************************
DISTRIBUTION: Tp2Mass
            -name in ljmet trees: Tprime2_ALGO_Mass
            -x-axis label is set to: ;M(T) [GeV])
            -using the binning as: [0.0, 60.0, 120.0, 180.0, 240.0, 300.0, 360.0, 420.0, 480.0, 540.0, 600.0, 660.0, 720.0, 780.0, 840.0, 900.0, 960.0, 1020.0, 1080.0, 1140.0, 1200.0, 1260.0, 1320.0, 1380.0, 1440.0, 1500.0, 1560.0, 1620.0, 1680.0, 1740.0, 1800.0, 1860.0, 1920.0, 1980.0, 2040.0, 2100.0, 2160.0, 2220.0, 2280.0, 2340.0, 2400.0, 2460.0, 2520.0, 2580.0, 2640.0, 2700.0, 2760.0, 2820.0, 2880.0, 2940.0, 3000.0]
/////////////////////////
PROCESSING:  TTM1400TZTH
/////////////////////////
plotTreeName: Tprime2_DeepAK8_decorr_Mass
Flavour: E #tag: isV_tZtH #algo: DeepAK8_decorr
Weights: 1 * 1 * 1 * pileupWeight * 1 * lepIdSF * EGammaGsfSF * 1 * (MCWeight_singleLepCalc/abs(MCWeight_singleLepCalc)) * 8.82208857389e-05
Cuts: (leptonPt_singleLepCalc > 50) && (corr_met_singleLepCalc > 55) && (AK4HT > 480) && (minDR_lepJet > 0.4 || ptRel_lepJet > 40) && (NJetsAK8_JetSubCalc > 2) && (minDR_leadAK8otherAK8 < 3.0) && DataPastTrigger == 1 && isElectron==1
****************************************************************************************************
****************************************************************************************************
DISTRIBUTION: Tp2Mass
            -name in ljmet trees: Tprime2_ALGO_Mass
            -x-axis label is set to: ;M(T) [GeV])
            -using the binning as: [0.0, 60.0, 120.0, 180.0, 240.0, 300.0, 360.0, 420.0, 480.0, 540.0, 600.0, 660.0, 720.0, 780.0, 840.0, 900.0, 960.0, 1020.0, 1080.0, 1140.0, 1200.0, 1260.0, 1320.0, 1380.0, 1440.0, 1500.0, 1560.0, 1620.0, 1680.0, 1740.0, 1800.0, 1860.0, 1920.0, 1980.0, 2040.0, 2100.0, 2160.0, 2220.0, 2280.0, 2340.0, 2400.0, 2460.0, 2520.0, 2580.0, 2640.0, 2700.0, 2760.0, 2820.0, 2880.0, 2940.0, 3000.0]
/////////////////////////
PROCESSING:  TTM1500BWBW
/////////////////////////
plotTreeName: Tprime2_DeepAK8_decorr_Mass
Flavour: E #tag: isV_tZtH #algo: DeepAK8_decorr
Weights: 1 * 1 * 1 * pileupWeight * 1 * lepIdSF * EGammaGsfSF * 1 * (MCWeight_singleLepCalc/abs(MCWeight_singleLepCalc)) * 0.00019932135405
Cuts: (leptonPt_singleLepCalc > 50) && (corr_met_singleLepCalc > 55) && (AK4HT > 480) && (minDR_lepJet > 0.4 || ptRel_lepJet > 40) && (NJetsAK8_JetSubCalc > 2) && (minDR_leadAK8otherAK8 < 3.0) && DataPastTrigger == 1 && isElectron==1
****************************************************************************************************
****************************************************************************************************
DISTRIBUTION: Tp2Mass
            -name in ljmet trees: Tprime2_ALGO_Mass
            -x-axis label is set to: ;M(T) [GeV])
            -using the binning as: [0.0, 60.0, 120.0, 180.0, 240.0, 300.0, 360.0, 420.0, 480.0, 540.0, 600.0, 660.0, 720.0, 780.0, 840.0, 900.0, 960.0, 1020.0, 1080.0, 1140.0, 1200.0, 1260.0, 1320.0, 1380.0, 1440.0, 1500.0, 1560.0, 1620.0, 1680.0, 1740.0, 1800.0, 1860.0, 1920.0, 1980.0, 2040.0, 2100.0, 2160.0, 2220.0, 2280.0, 2340.0, 2400.0, 2460.0, 2520.0, 2580.0, 2640.0, 2700.0, 2760.0, 2820.0, 2880.0, 2940.0, 3000.0]
/////////////////////////
PROCESSING:  TTM1500THTH
/////////////////////////
plotTreeName: Tprime2_DeepAK8_decorr_Mass
Flavour: E #tag: isV_tZtH #algo: DeepAK8_decorr
Weights: 1 * 1 * 1 * pileupWeight * 1 * lepIdSF * EGammaGsfSF * 1 * (MCWeight_singleLepCalc/abs(MCWeight_singleLepCalc)) * 4.98303385124e-05
Cuts: (leptonPt_singleLepCalc > 50) && (corr_met_singleLepCalc > 55) && (AK4HT > 480) && (minDR_lepJet > 0.4 || ptRel_lepJet > 40) && (NJetsAK8_JetSubCalc > 2) && (minDR_leadAK8otherAK8 < 3.0) && DataPastTrigger == 1 && isElectron==1
****************************************************************************************************
****************************************************************************************************
DISTRIBUTION: Tp2Mass
            -name in ljmet trees: Tprime2_ALGO_Mass
            -x-axis label is set to: ;M(T) [GeV])
            -using the binning as: [0.0, 60.0, 120.0, 180.0, 240.0, 300.0, 360.0, 420.0, 480.0, 540.0, 600.0, 660.0, 720.0, 780.0, 840.0, 900.0, 960.0, 1020.0, 1080.0, 1140.0, 1200.0, 1260.0, 1320.0, 1380.0, 1440.0, 1500.0, 1560.0, 1620.0, 1680.0, 1740.0, 1800.0, 1860.0, 1920.0, 1980.0, 2040.0, 2100.0, 2160.0, 2220.0, 2280.0, 2340.0, 2400.0, 2460.0, 2520.0, 2580.0, 2640.0, 2700.0, 2760.0, 2820.0, 2880.0, 2940.0, 3000.0]
/////////////////////////
PROCESSING:  TTM1500TZTZ
/////////////////////////
plotTreeName: Tprime2_DeepAK8_decorr_Mass
Flavour: E #tag: isV_tZtH #algo: DeepAK8_decorr
Weights: 1 * 1 * 1 * pileupWeight * 1 * lepIdSF * EGammaGsfSF * 1 * (MCWeight_singleLepCalc/abs(MCWeight_singleLepCalc)) * 4.98303385124e-05
Cuts: (leptonPt_singleLepCalc > 50) && (corr_met_singleLepCalc > 55) && (AK4HT > 480) && (minDR_lepJet > 0.4 || ptRel_lepJet > 40) && (NJetsAK8_JetSubCalc > 2) && (minDR_leadAK8otherAK8 < 3.0) && DataPastTrigger == 1 && isElectron==1
****************************************************************************************************
****************************************************************************************************
DISTRIBUTION: Tp2Mass
            -name in ljmet trees: Tprime2_ALGO_Mass
            -x-axis label is set to: ;M(T) [GeV])
            -using the binning as: [0.0, 60.0, 120.0, 180.0, 240.0, 300.0, 360.0, 420.0, 480.0, 540.0, 600.0, 660.0, 720.0, 780.0, 840.0, 900.0, 960.0, 1020.0, 1080.0, 1140.0, 1200.0, 1260.0, 1320.0, 1380.0, 1440.0, 1500.0, 1560.0, 1620.0, 1680.0, 1740.0, 1800.0, 1860.0, 1920.0, 1980.0, 2040.0, 2100.0, 2160.0, 2220.0, 2280.0, 2340.0, 2400.0, 2460.0, 2520.0, 2580.0, 2640.0, 2700.0, 2760.0, 2820.0, 2880.0, 2940.0, 3000.0]
/////////////////////////
PROCESSING:  TTM1500TZBW
/////////////////////////
plotTreeName: Tprime2_DeepAK8_decorr_Mass
Flavour: E #tag: isV_tZtH #algo: DeepAK8_decorr
Weights: 1 * 1 * 1 * pileupWeight * 1 * lepIdSF * EGammaGsfSF * 1 * (MCWeight_singleLepCalc/abs(MCWeight_singleLepCalc)) * 9.96606770248e-05
Cuts: (leptonPt_singleLepCalc > 50) && (corr_met_singleLepCalc > 55) && (AK4HT > 480) && (minDR_lepJet > 0.4 || ptRel_lepJet > 40) && (NJetsAK8_JetSubCalc > 2) && (minDR_leadAK8otherAK8 < 3.0) && DataPastTrigger == 1 && isElectron==1
****************************************************************************************************
****************************************************************************************************
DISTRIBUTION: Tp2Mass
            -name in ljmet trees: Tprime2_ALGO_Mass
            -x-axis label is set to: ;M(T) [GeV])
            -using the binning as: [0.0, 60.0, 120.0, 180.0, 240.0, 300.0, 360.0, 420.0, 480.0, 540.0, 600.0, 660.0, 720.0, 780.0, 840.0, 900.0, 960.0, 1020.0, 1080.0, 1140.0, 1200.0, 1260.0, 1320.0, 1380.0, 1440.0, 1500.0, 1560.0, 1620.0, 1680.0, 1740.0, 1800.0, 1860.0, 1920.0, 1980.0, 2040.0, 2100.0, 2160.0, 2220.0, 2280.0, 2340.0, 2400.0, 2460.0, 2520.0, 2580.0, 2640.0, 2700.0, 2760.0, 2820.0, 2880.0, 2940.0, 3000.0]
/////////////////////////
PROCESSING:  TTM1500THBW
/////////////////////////
plotTreeName: Tprime2_DeepAK8_decorr_Mass
Flavour: E #tag: isV_tZtH #algo: DeepAK8_decorr
Weights: 1 * 1 * 1 * pileupWeight * 1 * lepIdSF * EGammaGsfSF * 1 * (MCWeight_singleLepCalc/abs(MCWeight_singleLepCalc)) * 9.96606770248e-05
Cuts: (leptonPt_singleLepCalc > 50) && (corr_met_singleLepCalc > 55) && (AK4HT > 480) && (minDR_lepJet > 0.4 || ptRel_lepJet > 40) && (NJetsAK8_JetSubCalc > 2) && (minDR_leadAK8otherAK8 < 3.0) && DataPastTrigger == 1 && isElectron==1
****************************************************************************************************
****************************************************************************************************
DISTRIBUTION: Tp2Mass
            -name in ljmet trees: Tprime2_ALGO_Mass
            -x-axis label is set to: ;M(T) [GeV])
            -using the binning as: [0.0, 60.0, 120.0, 180.0, 240.0, 300.0, 360.0, 420.0, 480.0, 540.0, 600.0, 660.0, 720.0, 780.0, 840.0, 900.0, 960.0, 1020.0, 1080.0, 1140.0, 1200.0, 1260.0, 1320.0, 1380.0, 1440.0, 1500.0, 1560.0, 1620.0, 1680.0, 1740.0, 1800.0, 1860.0, 1920.0, 1980.0, 2040.0, 2100.0, 2160.0, 2220.0, 2280.0, 2340.0, 2400.0, 2460.0, 2520.0, 2580.0, 2640.0, 2700.0, 2760.0, 2820.0, 2880.0, 2940.0, 3000.0]
/////////////////////////
PROCESSING:  TTM1500TZTH
/////////////////////////
plotTreeName: Tprime2_DeepAK8_decorr_Mass
Flavour: E #tag: isV_tZtH #algo: DeepAK8_decorr
Weights: 1 * 1 * 1 * pileupWeight * 1 * lepIdSF * EGammaGsfSF * 1 * (MCWeight_singleLepCalc/abs(MCWeight_singleLepCalc)) * 4.98303385124e-05
Cuts: (leptonPt_singleLepCalc > 50) && (corr_met_singleLepCalc > 55) && (AK4HT > 480) && (minDR_lepJet > 0.4 || ptRel_lepJet > 40) && (NJetsAK8_JetSubCalc > 2) && (minDR_leadAK8otherAK8 < 3.0) && DataPastTrigger == 1 && isElectron==1
****************************************************************************************************
****************************************************************************************************
DISTRIBUTION: Tp2Mass
            -name in ljmet trees: Tprime2_ALGO_Mass
            -x-axis label is set to: ;M(T) [GeV])
            -using the binning as: [0.0, 60.0, 120.0, 180.0, 240.0, 300.0, 360.0, 420.0, 480.0, 540.0, 600.0, 660.0, 720.0, 780.0, 840.0, 900.0, 960.0, 1020.0, 1080.0, 1140.0, 1200.0, 1260.0, 1320.0, 1380.0, 1440.0, 1500.0, 1560.0, 1620.0, 1680.0, 1740.0, 1800.0, 1860.0, 1920.0, 1980.0, 2040.0, 2100.0, 2160.0, 2220.0, 2280.0, 2340.0, 2400.0, 2460.0, 2520.0, 2580.0, 2640.0, 2700.0, 2760.0, 2820.0, 2880.0, 2940.0, 3000.0]
/////////////////////////
PROCESSING:  TTM1600BWBW
/////////////////////////
plotTreeName: Tprime2_DeepAK8_decorr_Mass
Flavour: E #tag: isV_tZtH #algo: DeepAK8_decorr
Weights: 1 * 1 * 1 * pileupWeight * 1 * lepIdSF * EGammaGsfSF * 1 * (MCWeight_singleLepCalc/abs(MCWeight_singleLepCalc)) * 0.000114437939919
Cuts: (leptonPt_singleLepCalc > 50) && (corr_met_singleLepCalc > 55) && (AK4HT > 480) && (minDR_lepJet > 0.4 || ptRel_lepJet > 40) && (NJetsAK8_JetSubCalc > 2) && (minDR_leadAK8otherAK8 < 3.0) && DataPastTrigger == 1 && isElectron==1
****************************************************************************************************
****************************************************************************************************
DISTRIBUTION: Tp2Mass
            -name in ljmet trees: Tprime2_ALGO_Mass
            -x-axis label is set to: ;M(T) [GeV])
            -using the binning as: [0.0, 60.0, 120.0, 180.0, 240.0, 300.0, 360.0, 420.0, 480.0, 540.0, 600.0, 660.0, 720.0, 780.0, 840.0, 900.0, 960.0, 1020.0, 1080.0, 1140.0, 1200.0, 1260.0, 1320.0, 1380.0, 1440.0, 1500.0, 1560.0, 1620.0, 1680.0, 1740.0, 1800.0, 1860.0, 1920.0, 1980.0, 2040.0, 2100.0, 2160.0, 2220.0, 2280.0, 2340.0, 2400.0, 2460.0, 2520.0, 2580.0, 2640.0, 2700.0, 2760.0, 2820.0, 2880.0, 2940.0, 3000.0]
/////////////////////////
PROCESSING:  TTM1600THTH
/////////////////////////
plotTreeName: Tprime2_DeepAK8_decorr_Mass
Flavour: E #tag: isV_tZtH #algo: DeepAK8_decorr
Weights: 1 * 1 * 1 * pileupWeight * 1 * lepIdSF * EGammaGsfSF * 1 * (MCWeight_singleLepCalc/abs(MCWeight_singleLepCalc)) * 2.86094849797e-05
Cuts: (leptonPt_singleLepCalc > 50) && (corr_met_singleLepCalc > 55) && (AK4HT > 480) && (minDR_lepJet > 0.4 || ptRel_lepJet > 40) && (NJetsAK8_JetSubCalc > 2) && (minDR_leadAK8otherAK8 < 3.0) && DataPastTrigger == 1 && isElectron==1
****************************************************************************************************
****************************************************************************************************
DISTRIBUTION: Tp2Mass
            -name in ljmet trees: Tprime2_ALGO_Mass
            -x-axis label is set to: ;M(T) [GeV])
            -using the binning as: [0.0, 60.0, 120.0, 180.0, 240.0, 300.0, 360.0, 420.0, 480.0, 540.0, 600.0, 660.0, 720.0, 780.0, 840.0, 900.0, 960.0, 1020.0, 1080.0, 1140.0, 1200.0, 1260.0, 1320.0, 1380.0, 1440.0, 1500.0, 1560.0, 1620.0, 1680.0, 1740.0, 1800.0, 1860.0, 1920.0, 1980.0, 2040.0, 2100.0, 2160.0, 2220.0, 2280.0, 2340.0, 2400.0, 2460.0, 2520.0, 2580.0, 2640.0, 2700.0, 2760.0, 2820.0, 2880.0, 2940.0, 3000.0]
/////////////////////////
PROCESSING:  TTM1600TZTZ
/////////////////////////
plotTreeName: Tprime2_DeepAK8_decorr_Mass
Flavour: E #tag: isV_tZtH #algo: DeepAK8_decorr
Weights: 1 * 1 * 1 * pileupWeight * 1 * lepIdSF * EGammaGsfSF * 1 * (MCWeight_singleLepCalc/abs(MCWeight_singleLepCalc)) * 2.86094849797e-05
Cuts: (leptonPt_singleLepCalc > 50) && (corr_met_singleLepCalc > 55) && (AK4HT > 480) && (minDR_lepJet > 0.4 || ptRel_lepJet > 40) && (NJetsAK8_JetSubCalc > 2) && (minDR_leadAK8otherAK8 < 3.0) && DataPastTrigger == 1 && isElectron==1
****************************************************************************************************
****************************************************************************************************
DISTRIBUTION: Tp2Mass
            -name in ljmet trees: Tprime2_ALGO_Mass
            -x-axis label is set to: ;M(T) [GeV])
            -using the binning as: [0.0, 60.0, 120.0, 180.0, 240.0, 300.0, 360.0, 420.0, 480.0, 540.0, 600.0, 660.0, 720.0, 780.0, 840.0, 900.0, 960.0, 1020.0, 1080.0, 1140.0, 1200.0, 1260.0, 1320.0, 1380.0, 1440.0, 1500.0, 1560.0, 1620.0, 1680.0, 1740.0, 1800.0, 1860.0, 1920.0, 1980.0, 2040.0, 2100.0, 2160.0, 2220.0, 2280.0, 2340.0, 2400.0, 2460.0, 2520.0, 2580.0, 2640.0, 2700.0, 2760.0, 2820.0, 2880.0, 2940.0, 3000.0]
/////////////////////////
PROCESSING:  TTM1600TZBW
/////////////////////////
plotTreeName: Tprime2_DeepAK8_decorr_Mass
Flavour: E #tag: isV_tZtH #algo: DeepAK8_decorr
Weights: 1 * 1 * 1 * pileupWeight * 1 * lepIdSF * EGammaGsfSF * 1 * (MCWeight_singleLepCalc/abs(MCWeight_singleLepCalc)) * 5.72189699595e-05
Cuts: (leptonPt_singleLepCalc > 50) && (corr_met_singleLepCalc > 55) && (AK4HT > 480) && (minDR_lepJet > 0.4 || ptRel_lepJet > 40) && (NJetsAK8_JetSubCalc > 2) && (minDR_leadAK8otherAK8 < 3.0) && DataPastTrigger == 1 && isElectron==1
****************************************************************************************************
****************************************************************************************************
DISTRIBUTION: Tp2Mass
            -name in ljmet trees: Tprime2_ALGO_Mass
            -x-axis label is set to: ;M(T) [GeV])
            -using the binning as: [0.0, 60.0, 120.0, 180.0, 240.0, 300.0, 360.0, 420.0, 480.0, 540.0, 600.0, 660.0, 720.0, 780.0, 840.0, 900.0, 960.0, 1020.0, 1080.0, 1140.0, 1200.0, 1260.0, 1320.0, 1380.0, 1440.0, 1500.0, 1560.0, 1620.0, 1680.0, 1740.0, 1800.0, 1860.0, 1920.0, 1980.0, 2040.0, 2100.0, 2160.0, 2220.0, 2280.0, 2340.0, 2400.0, 2460.0, 2520.0, 2580.0, 2640.0, 2700.0, 2760.0, 2820.0, 2880.0, 2940.0, 3000.0]
/////////////////////////
PROCESSING:  TTM1600THBW
/////////////////////////
plotTreeName: Tprime2_DeepAK8_decorr_Mass
Flavour: E #tag: isV_tZtH #algo: DeepAK8_decorr
Weights: 1 * 1 * 1 * pileupWeight * 1 * lepIdSF * EGammaGsfSF * 1 * (MCWeight_singleLepCalc/abs(MCWeight_singleLepCalc)) * 5.72189699595e-05
Cuts: (leptonPt_singleLepCalc > 50) && (corr_met_singleLepCalc > 55) && (AK4HT > 480) && (minDR_lepJet > 0.4 || ptRel_lepJet > 40) && (NJetsAK8_JetSubCalc > 2) && (minDR_leadAK8otherAK8 < 3.0) && DataPastTrigger == 1 && isElectron==1
****************************************************************************************************
****************************************************************************************************
DISTRIBUTION: Tp2Mass
            -name in ljmet trees: Tprime2_ALGO_Mass
            -x-axis label is set to: ;M(T) [GeV])
            -using the binning as: [0.0, 60.0, 120.0, 180.0, 240.0, 300.0, 360.0, 420.0, 480.0, 540.0, 600.0, 660.0, 720.0, 780.0, 840.0, 900.0, 960.0, 1020.0, 1080.0, 1140.0, 1200.0, 1260.0, 1320.0, 1380.0, 1440.0, 1500.0, 1560.0, 1620.0, 1680.0, 1740.0, 1800.0, 1860.0, 1920.0, 1980.0, 2040.0, 2100.0, 2160.0, 2220.0, 2280.0, 2340.0, 2400.0, 2460.0, 2520.0, 2580.0, 2640.0, 2700.0, 2760.0, 2820.0, 2880.0, 2940.0, 3000.0]
/////////////////////////
PROCESSING:  TTM1600TZTH
/////////////////////////
plotTreeName: Tprime2_DeepAK8_decorr_Mass
Flavour: E #tag: isV_tZtH #algo: DeepAK8_decorr
Weights: 1 * 1 * 1 * pileupWeight * 1 * lepIdSF * EGammaGsfSF * 1 * (MCWeight_singleLepCalc/abs(MCWeight_singleLepCalc)) * 2.86094849797e-05
Cuts: (leptonPt_singleLepCalc > 50) && (corr_met_singleLepCalc > 55) && (AK4HT > 480) && (minDR_lepJet > 0.4 || ptRel_lepJet > 40) && (NJetsAK8_JetSubCalc > 2) && (minDR_leadAK8otherAK8 < 3.0) && DataPastTrigger == 1 && isElectron==1
****************************************************************************************************
****************************************************************************************************
DISTRIBUTION: Tp2Mass
            -name in ljmet trees: Tprime2_ALGO_Mass
            -x-axis label is set to: ;M(T) [GeV])
            -using the binning as: [0.0, 60.0, 120.0, 180.0, 240.0, 300.0, 360.0, 420.0, 480.0, 540.0, 600.0, 660.0, 720.0, 780.0, 840.0, 900.0, 960.0, 1020.0, 1080.0, 1140.0, 1200.0, 1260.0, 1320.0, 1380.0, 1440.0, 1500.0, 1560.0, 1620.0, 1680.0, 1740.0, 1800.0, 1860.0, 1920.0, 1980.0, 2040.0, 2100.0, 2160.0, 2220.0, 2280.0, 2340.0, 2400.0, 2460.0, 2520.0, 2580.0, 2640.0, 2700.0, 2760.0, 2820.0, 2880.0, 2940.0, 3000.0]
/////////////////////////
PROCESSING:  TTM1700BWBW
/////////////////////////
plotTreeName: Tprime2_DeepAK8_decorr_Mass
Flavour: E #tag: isV_tZtH #algo: DeepAK8_decorr
Weights: 1 * 1 * 1 * pileupWeight * 1 * lepIdSF * EGammaGsfSF * 1 * (MCWeight_singleLepCalc/abs(MCWeight_singleLepCalc)) * 6.93554282011e-05
Cuts: (leptonPt_singleLepCalc > 50) && (corr_met_singleLepCalc > 55) && (AK4HT > 480) && (minDR_lepJet > 0.4 || ptRel_lepJet > 40) && (NJetsAK8_JetSubCalc > 2) && (minDR_leadAK8otherAK8 < 3.0) && DataPastTrigger == 1 && isElectron==1
****************************************************************************************************
****************************************************************************************************
DISTRIBUTION: Tp2Mass
            -name in ljmet trees: Tprime2_ALGO_Mass
            -x-axis label is set to: ;M(T) [GeV])
            -using the binning as: [0.0, 60.0, 120.0, 180.0, 240.0, 300.0, 360.0, 420.0, 480.0, 540.0, 600.0, 660.0, 720.0, 780.0, 840.0, 900.0, 960.0, 1020.0, 1080.0, 1140.0, 1200.0, 1260.0, 1320.0, 1380.0, 1440.0, 1500.0, 1560.0, 1620.0, 1680.0, 1740.0, 1800.0, 1860.0, 1920.0, 1980.0, 2040.0, 2100.0, 2160.0, 2220.0, 2280.0, 2340.0, 2400.0, 2460.0, 2520.0, 2580.0, 2640.0, 2700.0, 2760.0, 2820.0, 2880.0, 2940.0, 3000.0]
/////////////////////////
PROCESSING:  TTM1700THTH
/////////////////////////
plotTreeName: Tprime2_DeepAK8_decorr_Mass
Flavour: E #tag: isV_tZtH #algo: DeepAK8_decorr
Weights: 1 * 1 * 1 * pileupWeight * 1 * lepIdSF * EGammaGsfSF * 1 * (MCWeight_singleLepCalc/abs(MCWeight_singleLepCalc)) * 1.73388570503e-05
Cuts: (leptonPt_singleLepCalc > 50) && (corr_met_singleLepCalc > 55) && (AK4HT > 480) && (minDR_lepJet > 0.4 || ptRel_lepJet > 40) && (NJetsAK8_JetSubCalc > 2) && (minDR_leadAK8otherAK8 < 3.0) && DataPastTrigger == 1 && isElectron==1
****************************************************************************************************
****************************************************************************************************
DISTRIBUTION: Tp2Mass
            -name in ljmet trees: Tprime2_ALGO_Mass
            -x-axis label is set to: ;M(T) [GeV])
            -using the binning as: [0.0, 60.0, 120.0, 180.0, 240.0, 300.0, 360.0, 420.0, 480.0, 540.0, 600.0, 660.0, 720.0, 780.0, 840.0, 900.0, 960.0, 1020.0, 1080.0, 1140.0, 1200.0, 1260.0, 1320.0, 1380.0, 1440.0, 1500.0, 1560.0, 1620.0, 1680.0, 1740.0, 1800.0, 1860.0, 1920.0, 1980.0, 2040.0, 2100.0, 2160.0, 2220.0, 2280.0, 2340.0, 2400.0, 2460.0, 2520.0, 2580.0, 2640.0, 2700.0, 2760.0, 2820.0, 2880.0, 2940.0, 3000.0]
/////////////////////////
PROCESSING:  TTM1700TZTZ
/////////////////////////
plotTreeName: Tprime2_DeepAK8_decorr_Mass
Flavour: E #tag: isV_tZtH #algo: DeepAK8_decorr
Weights: 1 * 1 * 1 * pileupWeight * 1 * lepIdSF * EGammaGsfSF * 1 * (MCWeight_singleLepCalc/abs(MCWeight_singleLepCalc)) * 1.73388570503e-05
Cuts: (leptonPt_singleLepCalc > 50) && (corr_met_singleLepCalc > 55) && (AK4HT > 480) && (minDR_lepJet > 0.4 || ptRel_lepJet > 40) && (NJetsAK8_JetSubCalc > 2) && (minDR_leadAK8otherAK8 < 3.0) && DataPastTrigger == 1 && isElectron==1
****************************************************************************************************
****************************************************************************************************
DISTRIBUTION: Tp2Mass
            -name in ljmet trees: Tprime2_ALGO_Mass
            -x-axis label is set to: ;M(T) [GeV])
            -using the binning as: [0.0, 60.0, 120.0, 180.0, 240.0, 300.0, 360.0, 420.0, 480.0, 540.0, 600.0, 660.0, 720.0, 780.0, 840.0, 900.0, 960.0, 1020.0, 1080.0, 1140.0, 1200.0, 1260.0, 1320.0, 1380.0, 1440.0, 1500.0, 1560.0, 1620.0, 1680.0, 1740.0, 1800.0, 1860.0, 1920.0, 1980.0, 2040.0, 2100.0, 2160.0, 2220.0, 2280.0, 2340.0, 2400.0, 2460.0, 2520.0, 2580.0, 2640.0, 2700.0, 2760.0, 2820.0, 2880.0, 2940.0, 3000.0]
/////////////////////////
PROCESSING:  TTM1700TZBW
/////////////////////////
plotTreeName: Tprime2_DeepAK8_decorr_Mass
Flavour: E #tag: isV_tZtH #algo: DeepAK8_decorr
Weights: 1 * 1 * 1 * pileupWeight * 1 * lepIdSF * EGammaGsfSF * 1 * (MCWeight_singleLepCalc/abs(MCWeight_singleLepCalc)) * 3.46777141005e-05
Cuts: (leptonPt_singleLepCalc > 50) && (corr_met_singleLepCalc > 55) && (AK4HT > 480) && (minDR_lepJet > 0.4 || ptRel_lepJet > 40) && (NJetsAK8_JetSubCalc > 2) && (minDR_leadAK8otherAK8 < 3.0) && DataPastTrigger == 1 && isElectron==1
****************************************************************************************************
****************************************************************************************************
DISTRIBUTION: Tp2Mass
            -name in ljmet trees: Tprime2_ALGO_Mass
            -x-axis label is set to: ;M(T) [GeV])
            -using the binning as: [0.0, 60.0, 120.0, 180.0, 240.0, 300.0, 360.0, 420.0, 480.0, 540.0, 600.0, 660.0, 720.0, 780.0, 840.0, 900.0, 960.0, 1020.0, 1080.0, 1140.0, 1200.0, 1260.0, 1320.0, 1380.0, 1440.0, 1500.0, 1560.0, 1620.0, 1680.0, 1740.0, 1800.0, 1860.0, 1920.0, 1980.0, 2040.0, 2100.0, 2160.0, 2220.0, 2280.0, 2340.0, 2400.0, 2460.0, 2520.0, 2580.0, 2640.0, 2700.0, 2760.0, 2820.0, 2880.0, 2940.0, 3000.0]
/////////////////////////
PROCESSING:  TTM1700THBW
/////////////////////////
plotTreeName: Tprime2_DeepAK8_decorr_Mass
Flavour: E #tag: isV_tZtH #algo: DeepAK8_decorr
Weights: 1 * 1 * 1 * pileupWeight * 1 * lepIdSF * EGammaGsfSF * 1 * (MCWeight_singleLepCalc/abs(MCWeight_singleLepCalc)) * 3.46777141005e-05
Cuts: (leptonPt_singleLepCalc > 50) && (corr_met_singleLepCalc > 55) && (AK4HT > 480) && (minDR_lepJet > 0.4 || ptRel_lepJet > 40) && (NJetsAK8_JetSubCalc > 2) && (minDR_leadAK8otherAK8 < 3.0) && DataPastTrigger == 1 && isElectron==1
****************************************************************************************************
****************************************************************************************************
DISTRIBUTION: Tp2Mass
            -name in ljmet trees: Tprime2_ALGO_Mass
            -x-axis label is set to: ;M(T) [GeV])
            -using the binning as: [0.0, 60.0, 120.0, 180.0, 240.0, 300.0, 360.0, 420.0, 480.0, 540.0, 600.0, 660.0, 720.0, 780.0, 840.0, 900.0, 960.0, 1020.0, 1080.0, 1140.0, 1200.0, 1260.0, 1320.0, 1380.0, 1440.0, 1500.0, 1560.0, 1620.0, 1680.0, 1740.0, 1800.0, 1860.0, 1920.0, 1980.0, 2040.0, 2100.0, 2160.0, 2220.0, 2280.0, 2340.0, 2400.0, 2460.0, 2520.0, 2580.0, 2640.0, 2700.0, 2760.0, 2820.0, 2880.0, 2940.0, 3000.0]
/////////////////////////
PROCESSING:  TTM1700TZTH
/////////////////////////
plotTreeName: Tprime2_DeepAK8_decorr_Mass
Flavour: E #tag: isV_tZtH #algo: DeepAK8_decorr
Weights: 1 * 1 * 1 * pileupWeight * 1 * lepIdSF * EGammaGsfSF * 1 * (MCWeight_singleLepCalc/abs(MCWeight_singleLepCalc)) * 1.73388570503e-05
Cuts: (leptonPt_singleLepCalc > 50) && (corr_met_singleLepCalc > 55) && (AK4HT > 480) && (minDR_lepJet > 0.4 || ptRel_lepJet > 40) && (NJetsAK8_JetSubCalc > 2) && (minDR_leadAK8otherAK8 < 3.0) && DataPastTrigger == 1 && isElectron==1
****************************************************************************************************
****************************************************************************************************
DISTRIBUTION: Tp2Mass
            -name in ljmet trees: Tprime2_ALGO_Mass
            -x-axis label is set to: ;M(T) [GeV])
            -using the binning as: [0.0, 60.0, 120.0, 180.0, 240.0, 300.0, 360.0, 420.0, 480.0, 540.0, 600.0, 660.0, 720.0, 780.0, 840.0, 900.0, 960.0, 1020.0, 1080.0, 1140.0, 1200.0, 1260.0, 1320.0, 1380.0, 1440.0, 1500.0, 1560.0, 1620.0, 1680.0, 1740.0, 1800.0, 1860.0, 1920.0, 1980.0, 2040.0, 2100.0, 2160.0, 2220.0, 2280.0, 2340.0, 2400.0, 2460.0, 2520.0, 2580.0, 2640.0, 2700.0, 2760.0, 2820.0, 2880.0, 2940.0, 3000.0]
/////////////////////////
PROCESSING:  TTM1800BWBW
/////////////////////////
plotTreeName: Tprime2_DeepAK8_decorr_Mass
Flavour: E #tag: isV_tZtH #algo: DeepAK8_decorr
Weights: 1 * 1 * 1 * pileupWeight * 1 * lepIdSF * EGammaGsfSF * 1 * (MCWeight_singleLepCalc/abs(MCWeight_singleLepCalc)) * 3.89579688164e-05
Cuts: (leptonPt_singleLepCalc > 50) && (corr_met_singleLepCalc > 55) && (AK4HT > 480) && (minDR_lepJet > 0.4 || ptRel_lepJet > 40) && (NJetsAK8_JetSubCalc > 2) && (minDR_leadAK8otherAK8 < 3.0) && DataPastTrigger == 1 && isElectron==1
****************************************************************************************************
****************************************************************************************************
DISTRIBUTION: Tp2Mass
            -name in ljmet trees: Tprime2_ALGO_Mass
            -x-axis label is set to: ;M(T) [GeV])
            -using the binning as: [0.0, 60.0, 120.0, 180.0, 240.0, 300.0, 360.0, 420.0, 480.0, 540.0, 600.0, 660.0, 720.0, 780.0, 840.0, 900.0, 960.0, 1020.0, 1080.0, 1140.0, 1200.0, 1260.0, 1320.0, 1380.0, 1440.0, 1500.0, 1560.0, 1620.0, 1680.0, 1740.0, 1800.0, 1860.0, 1920.0, 1980.0, 2040.0, 2100.0, 2160.0, 2220.0, 2280.0, 2340.0, 2400.0, 2460.0, 2520.0, 2580.0, 2640.0, 2700.0, 2760.0, 2820.0, 2880.0, 2940.0, 3000.0]
/////////////////////////
PROCESSING:  TTM1800THTH
/////////////////////////
plotTreeName: Tprime2_DeepAK8_decorr_Mass
Flavour: E #tag: isV_tZtH #algo: DeepAK8_decorr
Weights: 1 * 1 * 1 * pileupWeight * 1 * lepIdSF * EGammaGsfSF * 1 * (MCWeight_singleLepCalc/abs(MCWeight_singleLepCalc)) * 9.7394922041e-06
Cuts: (leptonPt_singleLepCalc > 50) && (corr_met_singleLepCalc > 55) && (AK4HT > 480) && (minDR_lepJet > 0.4 || ptRel_lepJet > 40) && (NJetsAK8_JetSubCalc > 2) && (minDR_leadAK8otherAK8 < 3.0) && DataPastTrigger == 1 && isElectron==1
****************************************************************************************************
****************************************************************************************************
DISTRIBUTION: Tp2Mass
            -name in ljmet trees: Tprime2_ALGO_Mass
            -x-axis label is set to: ;M(T) [GeV])
            -using the binning as: [0.0, 60.0, 120.0, 180.0, 240.0, 300.0, 360.0, 420.0, 480.0, 540.0, 600.0, 660.0, 720.0, 780.0, 840.0, 900.0, 960.0, 1020.0, 1080.0, 1140.0, 1200.0, 1260.0, 1320.0, 1380.0, 1440.0, 1500.0, 1560.0, 1620.0, 1680.0, 1740.0, 1800.0, 1860.0, 1920.0, 1980.0, 2040.0, 2100.0, 2160.0, 2220.0, 2280.0, 2340.0, 2400.0, 2460.0, 2520.0, 2580.0, 2640.0, 2700.0, 2760.0, 2820.0, 2880.0, 2940.0, 3000.0]
/////////////////////////
PROCESSING:  TTM1800TZTZ
/////////////////////////
plotTreeName: Tprime2_DeepAK8_decorr_Mass
Flavour: E #tag: isV_tZtH #algo: DeepAK8_decorr
Weights: 1 * 1 * 1 * pileupWeight * 1 * lepIdSF * EGammaGsfSF * 1 * (MCWeight_singleLepCalc/abs(MCWeight_singleLepCalc)) * 9.7394922041e-06
Cuts: (leptonPt_singleLepCalc > 50) && (corr_met_singleLepCalc > 55) && (AK4HT > 480) && (minDR_lepJet > 0.4 || ptRel_lepJet > 40) && (NJetsAK8_JetSubCalc > 2) && (minDR_leadAK8otherAK8 < 3.0) && DataPastTrigger == 1 && isElectron==1
****************************************************************************************************
****************************************************************************************************
DISTRIBUTION: Tp2Mass
            -name in ljmet trees: Tprime2_ALGO_Mass
            -x-axis label is set to: ;M(T) [GeV])
            -using the binning as: [0.0, 60.0, 120.0, 180.0, 240.0, 300.0, 360.0, 420.0, 480.0, 540.0, 600.0, 660.0, 720.0, 780.0, 840.0, 900.0, 960.0, 1020.0, 1080.0, 1140.0, 1200.0, 1260.0, 1320.0, 1380.0, 1440.0, 1500.0, 1560.0, 1620.0, 1680.0, 1740.0, 1800.0, 1860.0, 1920.0, 1980.0, 2040.0, 2100.0, 2160.0, 2220.0, 2280.0, 2340.0, 2400.0, 2460.0, 2520.0, 2580.0, 2640.0, 2700.0, 2760.0, 2820.0, 2880.0, 2940.0, 3000.0]
/////////////////////////
PROCESSING:  TTM1800TZBW
/////////////////////////
plotTreeName: Tprime2_DeepAK8_decorr_Mass
Flavour: E #tag: isV_tZtH #algo: DeepAK8_decorr
Weights: 1 * 1 * 1 * pileupWeight * 1 * lepIdSF * EGammaGsfSF * 1 * (MCWeight_singleLepCalc/abs(MCWeight_singleLepCalc)) * 1.94789844082e-05
Cuts: (leptonPt_singleLepCalc > 50) && (corr_met_singleLepCalc > 55) && (AK4HT > 480) && (minDR_lepJet > 0.4 || ptRel_lepJet > 40) && (NJetsAK8_JetSubCalc > 2) && (minDR_leadAK8otherAK8 < 3.0) && DataPastTrigger == 1 && isElectron==1
****************************************************************************************************
****************************************************************************************************
DISTRIBUTION: Tp2Mass
            -name in ljmet trees: Tprime2_ALGO_Mass
            -x-axis label is set to: ;M(T) [GeV])
            -using the binning as: [0.0, 60.0, 120.0, 180.0, 240.0, 300.0, 360.0, 420.0, 480.0, 540.0, 600.0, 660.0, 720.0, 780.0, 840.0, 900.0, 960.0, 1020.0, 1080.0, 1140.0, 1200.0, 1260.0, 1320.0, 1380.0, 1440.0, 1500.0, 1560.0, 1620.0, 1680.0, 1740.0, 1800.0, 1860.0, 1920.0, 1980.0, 2040.0, 2100.0, 2160.0, 2220.0, 2280.0, 2340.0, 2400.0, 2460.0, 2520.0, 2580.0, 2640.0, 2700.0, 2760.0, 2820.0, 2880.0, 2940.0, 3000.0]
/////////////////////////
PROCESSING:  TTM1800THBW
/////////////////////////
plotTreeName: Tprime2_DeepAK8_decorr_Mass
Flavour: E #tag: isV_tZtH #algo: DeepAK8_decorr
Weights: 1 * 1 * 1 * pileupWeight * 1 * lepIdSF * EGammaGsfSF * 1 * (MCWeight_singleLepCalc/abs(MCWeight_singleLepCalc)) * 1.94789844082e-05
Cuts: (leptonPt_singleLepCalc > 50) && (corr_met_singleLepCalc > 55) && (AK4HT > 480) && (minDR_lepJet > 0.4 || ptRel_lepJet > 40) && (NJetsAK8_JetSubCalc > 2) && (minDR_leadAK8otherAK8 < 3.0) && DataPastTrigger == 1 && isElectron==1
****************************************************************************************************
****************************************************************************************************
DISTRIBUTION: Tp2Mass
            -name in ljmet trees: Tprime2_ALGO_Mass
            -x-axis label is set to: ;M(T) [GeV])
            -using the binning as: [0.0, 60.0, 120.0, 180.0, 240.0, 300.0, 360.0, 420.0, 480.0, 540.0, 600.0, 660.0, 720.0, 780.0, 840.0, 900.0, 960.0, 1020.0, 1080.0, 1140.0, 1200.0, 1260.0, 1320.0, 1380.0, 1440.0, 1500.0, 1560.0, 1620.0, 1680.0, 1740.0, 1800.0, 1860.0, 1920.0, 1980.0, 2040.0, 2100.0, 2160.0, 2220.0, 2280.0, 2340.0, 2400.0, 2460.0, 2520.0, 2580.0, 2640.0, 2700.0, 2760.0, 2820.0, 2880.0, 2940.0, 3000.0]
/////////////////////////
PROCESSING:  TTM1800TZTH
/////////////////////////
plotTreeName: Tprime2_DeepAK8_decorr_Mass
Flavour: E #tag: isV_tZtH #algo: DeepAK8_decorr
Weights: 1 * 1 * 1 * pileupWeight * 1 * lepIdSF * EGammaGsfSF * 1 * (MCWeight_singleLepCalc/abs(MCWeight_singleLepCalc)) * 9.7394922041e-06
Cuts: (leptonPt_singleLepCalc > 50) && (corr_met_singleLepCalc > 55) && (AK4HT > 480) && (minDR_lepJet > 0.4 || ptRel_lepJet > 40) && (NJetsAK8_JetSubCalc > 2) && (minDR_leadAK8otherAK8 < 3.0) && DataPastTrigger == 1 && isElectron==1
****************************************************************************************************
****************************************************************************************************
DISTRIBUTION: Tp2Mass
            -name in ljmet trees: Tprime2_ALGO_Mass
            -x-axis label is set to: ;M(T) [GeV])
            -using the binning as: [0.0, 60.0, 120.0, 180.0, 240.0, 300.0, 360.0, 420.0, 480.0, 540.0, 600.0, 660.0, 720.0, 780.0, 840.0, 900.0, 960.0, 1020.0, 1080.0, 1140.0, 1200.0, 1260.0, 1320.0, 1380.0, 1440.0, 1500.0, 1560.0, 1620.0, 1680.0, 1740.0, 1800.0, 1860.0, 1920.0, 1980.0, 2040.0, 2100.0, 2160.0, 2220.0, 2280.0, 2340.0, 2400.0, 2460.0, 2520.0, 2580.0, 2640.0, 2700.0, 2760.0, 2820.0, 2880.0, 2940.0, 3000.0]
/////////////////////////
PROCESSING:  WJetsMG400
/////////////////////////
plotTreeName: Tprime2_BEST_Mass
Flavour: E #tag: isV_tZtZ #algo: BEST
Weights: 1 * HTSF_Pol * 1 * pileupWeight * 1 * lepIdSF * EGammaGsfSF * 1 * (MCWeight_singleLepCalc/abs(MCWeight_singleLepCalc)) * 0.280770227538
Cuts: (leptonPt_singleLepCalc > 50) && (corr_met_singleLepCalc > 55) && (AK4HT > 480) && (minDR_lepJet > 0.4 || ptRel_lepJet > 40) && (NJetsAK8_JetSubCalc > 2) && (minDR_leadAK8otherAK8 < 3.0) && DataPastTrigger == 1 && isElectron==1
****************************************************************************************************
****************************************************************************************************
DISTRIBUTION: Tp2Mass
            -name in ljmet trees: Tprime2_ALGO_Mass
            -x-axis label is set to: ;M(T) [GeV])
            -using the binning as: [0.0, 60.0, 120.0, 180.0, 240.0, 300.0, 360.0, 420.0, 480.0, 540.0, 600.0, 660.0, 720.0, 780.0, 840.0, 900.0, 960.0, 1020.0, 1080.0, 1140.0, 1200.0, 1260.0, 1320.0, 1380.0, 1440.0, 1500.0, 1560.0, 1620.0, 1680.0, 1740.0, 1800.0, 1860.0, 1920.0, 1980.0, 2040.0, 2100.0, 2160.0, 2220.0, 2280.0, 2340.0, 2400.0, 2460.0, 2520.0, 2580.0, 2640.0, 2700.0, 2760.0, 2820.0, 2880.0, 2940.0, 3000.0]
/////////////////////////
PROCESSING:  WJetsMG600
/////////////////////////
plotTreeName: Tprime2_BEST_Mass
Flavour: E #tag: isV_tZtZ #algo: BEST
Weights: 1 * HTSF_Pol * 1 * pileupWeight * 1 * lepIdSF * EGammaGsfSF * 1 * (MCWeight_singleLepCalc/abs(MCWeight_singleLepCalc)) * 0.0287233231554
Cuts: (leptonPt_singleLepCalc > 50) && (corr_met_singleLepCalc > 55) && (AK4HT > 480) && (minDR_lepJet > 0.4 || ptRel_lepJet > 40) && (NJetsAK8_JetSubCalc > 2) && (minDR_leadAK8otherAK8 < 3.0) && DataPastTrigger == 1 && isElectron==1
****************************************************************************************************
****************************************************************************************************
DISTRIBUTION: Tp2Mass
            -name in ljmet trees: Tprime2_ALGO_Mass
            -x-axis label is set to: ;M(T) [GeV])
            -using the binning as: [0.0, 60.0, 120.0, 180.0, 240.0, 300.0, 360.0, 420.0, 480.0, 540.0, 600.0, 660.0, 720.0, 780.0, 840.0, 900.0, 960.0, 1020.0, 1080.0, 1140.0, 1200.0, 1260.0, 1320.0, 1380.0, 1440.0, 1500.0, 1560.0, 1620.0, 1680.0, 1740.0, 1800.0, 1860.0, 1920.0, 1980.0, 2040.0, 2100.0, 2160.0, 2220.0, 2280.0, 2340.0, 2400.0, 2460.0, 2520.0, 2580.0, 2640.0, 2700.0, 2760.0, 2820.0, 2880.0, 2940.0, 3000.0]
/////////////////////////
PROCESSING:  WJetsMG800
/////////////////////////
plotTreeName: Tprime2_BEST_Mass
Flavour: E #tag: isV_tZtZ #algo: BEST
Weights: 1 * HTSF_Pol * 1 * pileupWeight * 1 * lepIdSF * EGammaGsfSF * 1 * (MCWeight_singleLepCalc/abs(MCWeight_singleLepCalc)) * 0.0316367902594
Cuts: (leptonPt_singleLepCalc > 50) && (corr_met_singleLepCalc > 55) && (AK4HT > 480) && (minDR_lepJet > 0.4 || ptRel_lepJet > 40) && (NJetsAK8_JetSubCalc > 2) && (minDR_leadAK8otherAK8 < 3.0) && DataPastTrigger == 1 && isElectron==1
****************************************************************************************************
****************************************************************************************************
DISTRIBUTION: Tp2Mass
            -name in ljmet trees: Tprime2_ALGO_Mass
            -x-axis label is set to: ;M(T) [GeV])
            -using the binning as: [0.0, 60.0, 120.0, 180.0, 240.0, 300.0, 360.0, 420.0, 480.0, 540.0, 600.0, 660.0, 720.0, 780.0, 840.0, 900.0, 960.0, 1020.0, 1080.0, 1140.0, 1200.0, 1260.0, 1320.0, 1380.0, 1440.0, 1500.0, 1560.0, 1620.0, 1680.0, 1740.0, 1800.0, 1860.0, 1920.0, 1980.0, 2040.0, 2100.0, 2160.0, 2220.0, 2280.0, 2340.0, 2400.0, 2460.0, 2520.0, 2580.0, 2640.0, 2700.0, 2760.0, 2820.0, 2880.0, 2940.0, 3000.0]
/////////////////////////
PROCESSING:  WJetsMG1200
/////////////////////////
plotTreeName: Tprime2_BEST_Mass
Flavour: E #tag: isV_tZtZ #algo: BEST
Weights: 1 * HTSF_Pol * 1 * pileupWeight * 1 * lepIdSF * EGammaGsfSF * 1 * (MCWeight_singleLepCalc/abs(MCWeight_singleLepCalc)) * 0.00861414819858
Cuts: (leptonPt_singleLepCalc > 50) && (corr_met_singleLepCalc > 55) && (AK4HT > 480) && (minDR_lepJet > 0.4 || ptRel_lepJet > 40) && (NJetsAK8_JetSubCalc > 2) && (minDR_leadAK8otherAK8 < 3.0) && DataPastTrigger == 1 && isElectron==1
****************************************************************************************************
****************************************************************************************************
DISTRIBUTION: Tp2Mass
            -name in ljmet trees: Tprime2_ALGO_Mass
            -x-axis label is set to: ;M(T) [GeV])
            -using the binning as: [0.0, 60.0, 120.0, 180.0, 240.0, 300.0, 360.0, 420.0, 480.0, 540.0, 600.0, 660.0, 720.0, 780.0, 840.0, 900.0, 960.0, 1020.0, 1080.0, 1140.0, 1200.0, 1260.0, 1320.0, 1380.0, 1440.0, 1500.0, 1560.0, 1620.0, 1680.0, 1740.0, 1800.0, 1860.0, 1920.0, 1980.0, 2040.0, 2100.0, 2160.0, 2220.0, 2280.0, 2340.0, 2400.0, 2460.0, 2520.0, 2580.0, 2640.0, 2700.0, 2760.0, 2820.0, 2880.0, 2940.0, 3000.0]
/////////////////////////
PROCESSING:  WJetsMG2500
/////////////////////////
plotTreeName: Tprime2_BEST_Mass
Flavour: E #tag: isV_tZtZ #algo: BEST
Weights: 1 * HTSF_Pol * 1 * pileupWeight * 1 * lepIdSF * EGammaGsfSF * 1 * (MCWeight_singleLepCalc/abs(MCWeight_singleLepCalc)) * 0.00054308661217
Cuts: (leptonPt_singleLepCalc > 50) && (corr_met_singleLepCalc > 55) && (AK4HT > 480) && (minDR_lepJet > 0.4 || ptRel_lepJet > 40) && (NJetsAK8_JetSubCalc > 2) && (minDR_leadAK8otherAK8 < 3.0) && DataPastTrigger == 1 && isElectron==1
****************************************************************************************************
****************************************************************************************************
DISTRIBUTION: Tp2Mass
            -name in ljmet trees: Tprime2_ALGO_Mass
            -x-axis label is set to: ;M(T) [GeV])
            -using the binning as: [0.0, 60.0, 120.0, 180.0, 240.0, 300.0, 360.0, 420.0, 480.0, 540.0, 600.0, 660.0, 720.0, 780.0, 840.0, 900.0, 960.0, 1020.0, 1080.0, 1140.0, 1200.0, 1260.0, 1320.0, 1380.0, 1440.0, 1500.0, 1560.0, 1620.0, 1680.0, 1740.0, 1800.0, 1860.0, 1920.0, 1980.0, 2040.0, 2100.0, 2160.0, 2220.0, 2280.0, 2340.0, 2400.0, 2460.0, 2520.0, 2580.0, 2640.0, 2700.0, 2760.0, 2820.0, 2880.0, 2940.0, 3000.0]
/////////////////////////
PROCESSING:  TTM1100BWBW
/////////////////////////
plotTreeName: Tprime2_BEST_Mass
Flavour: E #tag: isV_tZtZ #algo: BEST
Weights: 1 * 1 * 1 * pileupWeight * 1 * lepIdSF * EGammaGsfSF * 1 * (MCWeight_singleLepCalc/abs(MCWeight_singleLepCalc)) * 0.00223239916536
Cuts: (leptonPt_singleLepCalc > 50) && (corr_met_singleLepCalc > 55) && (AK4HT > 480) && (minDR_lepJet > 0.4 || ptRel_lepJet > 40) && (NJetsAK8_JetSubCalc > 2) && (minDR_leadAK8otherAK8 < 3.0) && DataPastTrigger == 1 && isElectron==1
****************************************************************************************************
****************************************************************************************************
DISTRIBUTION: Tp2Mass
            -name in ljmet trees: Tprime2_ALGO_Mass
            -x-axis label is set to: ;M(T) [GeV])
            -using the binning as: [0.0, 60.0, 120.0, 180.0, 240.0, 300.0, 360.0, 420.0, 480.0, 540.0, 600.0, 660.0, 720.0, 780.0, 840.0, 900.0, 960.0, 1020.0, 1080.0, 1140.0, 1200.0, 1260.0, 1320.0, 1380.0, 1440.0, 1500.0, 1560.0, 1620.0, 1680.0, 1740.0, 1800.0, 1860.0, 1920.0, 1980.0, 2040.0, 2100.0, 2160.0, 2220.0, 2280.0, 2340.0, 2400.0, 2460.0, 2520.0, 2580.0, 2640.0, 2700.0, 2760.0, 2820.0, 2880.0, 2940.0, 3000.0]
/////////////////////////
PROCESSING:  TTM1100THTH
/////////////////////////
plotTreeName: Tprime2_BEST_Mass
Flavour: E #tag: isV_tZtZ #algo: BEST
Weights: 1 * 1 * 1 * pileupWeight * 1 * lepIdSF * EGammaGsfSF * 1 * (MCWeight_singleLepCalc/abs(MCWeight_singleLepCalc)) * 0.000558099791339
Cuts: (leptonPt_singleLepCalc > 50) && (corr_met_singleLepCalc > 55) && (AK4HT > 480) && (minDR_lepJet > 0.4 || ptRel_lepJet > 40) && (NJetsAK8_JetSubCalc > 2) && (minDR_leadAK8otherAK8 < 3.0) && DataPastTrigger == 1 && isElectron==1
****************************************************************************************************
****************************************************************************************************
DISTRIBUTION: Tp2Mass
            -name in ljmet trees: Tprime2_ALGO_Mass
            -x-axis label is set to: ;M(T) [GeV])
            -using the binning as: [0.0, 60.0, 120.0, 180.0, 240.0, 300.0, 360.0, 420.0, 480.0, 540.0, 600.0, 660.0, 720.0, 780.0, 840.0, 900.0, 960.0, 1020.0, 1080.0, 1140.0, 1200.0, 1260.0, 1320.0, 1380.0, 1440.0, 1500.0, 1560.0, 1620.0, 1680.0, 1740.0, 1800.0, 1860.0, 1920.0, 1980.0, 2040.0, 2100.0, 2160.0, 2220.0, 2280.0, 2340.0, 2400.0, 2460.0, 2520.0, 2580.0, 2640.0, 2700.0, 2760.0, 2820.0, 2880.0, 2940.0, 3000.0]
/////////////////////////
PROCESSING:  TTM1100TZTZ
/////////////////////////
plotTreeName: Tprime2_BEST_Mass
Flavour: E #tag: isV_tZtZ #algo: BEST
Weights: 1 * 1 * 1 * pileupWeight * 1 * lepIdSF * EGammaGsfSF * 1 * (MCWeight_singleLepCalc/abs(MCWeight_singleLepCalc)) * 0.000558099791339
Cuts: (leptonPt_singleLepCalc > 50) && (corr_met_singleLepCalc > 55) && (AK4HT > 480) && (minDR_lepJet > 0.4 || ptRel_lepJet > 40) && (NJetsAK8_JetSubCalc > 2) && (minDR_leadAK8otherAK8 < 3.0) && DataPastTrigger == 1 && isElectron==1
****************************************************************************************************
****************************************************************************************************
DISTRIBUTION: Tp2Mass
            -name in ljmet trees: Tprime2_ALGO_Mass
            -x-axis label is set to: ;M(T) [GeV])
            -using the binning as: [0.0, 60.0, 120.0, 180.0, 240.0, 300.0, 360.0, 420.0, 480.0, 540.0, 600.0, 660.0, 720.0, 780.0, 840.0, 900.0, 960.0, 1020.0, 1080.0, 1140.0, 1200.0, 1260.0, 1320.0, 1380.0, 1440.0, 1500.0, 1560.0, 1620.0, 1680.0, 1740.0, 1800.0, 1860.0, 1920.0, 1980.0, 2040.0, 2100.0, 2160.0, 2220.0, 2280.0, 2340.0, 2400.0, 2460.0, 2520.0, 2580.0, 2640.0, 2700.0, 2760.0, 2820.0, 2880.0, 2940.0, 3000.0]
/////////////////////////
PROCESSING:  TTM1100TZBW
/////////////////////////
plotTreeName: Tprime2_BEST_Mass
Flavour: E #tag: isV_tZtZ #algo: BEST
Weights: 1 * 1 * 1 * pileupWeight * 1 * lepIdSF * EGammaGsfSF * 1 * (MCWeight_singleLepCalc/abs(MCWeight_singleLepCalc)) * 0.00111619958268
Cuts: (leptonPt_singleLepCalc > 50) && (corr_met_singleLepCalc > 55) && (AK4HT > 480) && (minDR_lepJet > 0.4 || ptRel_lepJet > 40) && (NJetsAK8_JetSubCalc > 2) && (minDR_leadAK8otherAK8 < 3.0) && DataPastTrigger == 1 && isElectron==1
****************************************************************************************************
****************************************************************************************************
DISTRIBUTION: Tp2Mass
            -name in ljmet trees: Tprime2_ALGO_Mass
            -x-axis label is set to: ;M(T) [GeV])
            -using the binning as: [0.0, 60.0, 120.0, 180.0, 240.0, 300.0, 360.0, 420.0, 480.0, 540.0, 600.0, 660.0, 720.0, 780.0, 840.0, 900.0, 960.0, 1020.0, 1080.0, 1140.0, 1200.0, 1260.0, 1320.0, 1380.0, 1440.0, 1500.0, 1560.0, 1620.0, 1680.0, 1740.0, 1800.0, 1860.0, 1920.0, 1980.0, 2040.0, 2100.0, 2160.0, 2220.0, 2280.0, 2340.0, 2400.0, 2460.0, 2520.0, 2580.0, 2640.0, 2700.0, 2760.0, 2820.0, 2880.0, 2940.0, 3000.0]
/////////////////////////
PROCESSING:  TTM1100THBW
/////////////////////////
plotTreeName: Tprime2_BEST_Mass
Flavour: E #tag: isV_tZtZ #algo: BEST
Weights: 1 * 1 * 1 * pileupWeight * 1 * lepIdSF * EGammaGsfSF * 1 * (MCWeight_singleLepCalc/abs(MCWeight_singleLepCalc)) * 0.00111619958268
Cuts: (leptonPt_singleLepCalc > 50) && (corr_met_singleLepCalc > 55) && (AK4HT > 480) && (minDR_lepJet > 0.4 || ptRel_lepJet > 40) && (NJetsAK8_JetSubCalc > 2) && (minDR_leadAK8otherAK8 < 3.0) && DataPastTrigger == 1 && isElectron==1
****************************************************************************************************
****************************************************************************************************
DISTRIBUTION: Tp2Mass
            -name in ljmet trees: Tprime2_ALGO_Mass
            -x-axis label is set to: ;M(T) [GeV])
            -using the binning as: [0.0, 60.0, 120.0, 180.0, 240.0, 300.0, 360.0, 420.0, 480.0, 540.0, 600.0, 660.0, 720.0, 780.0, 840.0, 900.0, 960.0, 1020.0, 1080.0, 1140.0, 1200.0, 1260.0, 1320.0, 1380.0, 1440.0, 1500.0, 1560.0, 1620.0, 1680.0, 1740.0, 1800.0, 1860.0, 1920.0, 1980.0, 2040.0, 2100.0, 2160.0, 2220.0, 2280.0, 2340.0, 2400.0, 2460.0, 2520.0, 2580.0, 2640.0, 2700.0, 2760.0, 2820.0, 2880.0, 2940.0, 3000.0]
/////////////////////////
PROCESSING:  TTM1100TZTH
/////////////////////////
plotTreeName: Tprime2_BEST_Mass
Flavour: E #tag: isV_tZtZ #algo: BEST
Weights: 1 * 1 * 1 * pileupWeight * 1 * lepIdSF * EGammaGsfSF * 1 * (MCWeight_singleLepCalc/abs(MCWeight_singleLepCalc)) * 0.000558099791339
Cuts: (leptonPt_singleLepCalc > 50) && (corr_met_singleLepCalc > 55) && (AK4HT > 480) && (minDR_lepJet > 0.4 || ptRel_lepJet > 40) && (NJetsAK8_JetSubCalc > 2) && (minDR_leadAK8otherAK8 < 3.0) && DataPastTrigger == 1 && isElectron==1
****************************************************************************************************
****************************************************************************************************
DISTRIBUTION: Tp2Mass
            -name in ljmet trees: Tprime2_ALGO_Mass
            -x-axis label is set to: ;M(T) [GeV])
            -using the binning as: [0.0, 60.0, 120.0, 180.0, 240.0, 300.0, 360.0, 420.0, 480.0, 540.0, 600.0, 660.0, 720.0, 780.0, 840.0, 900.0, 960.0, 1020.0, 1080.0, 1140.0, 1200.0, 1260.0, 1320.0, 1380.0, 1440.0, 1500.0, 1560.0, 1620.0, 1680.0, 1740.0, 1800.0, 1860.0, 1920.0, 1980.0, 2040.0, 2100.0, 2160.0, 2220.0, 2280.0, 2340.0, 2400.0, 2460.0, 2520.0, 2580.0, 2640.0, 2700.0, 2760.0, 2820.0, 2880.0, 2940.0, 3000.0]
/////////////////////////
PROCESSING:  TTM1200BWBW
/////////////////////////
plotTreeName: Tprime2_BEST_Mass
Flavour: E #tag: isV_tZtZ #algo: BEST
Weights: 1 * 1 * 1 * pileupWeight * 1 * lepIdSF * EGammaGsfSF * 1 * (MCWeight_singleLepCalc/abs(MCWeight_singleLepCalc)) * 0.00117627847652
Cuts: (leptonPt_singleLepCalc > 50) && (corr_met_singleLepCalc > 55) && (AK4HT > 480) && (minDR_lepJet > 0.4 || ptRel_lepJet > 40) && (NJetsAK8_JetSubCalc > 2) && (minDR_leadAK8otherAK8 < 3.0) && DataPastTrigger == 1 && isElectron==1
****************************************************************************************************
****************************************************************************************************
DISTRIBUTION: Tp2Mass
            -name in ljmet trees: Tprime2_ALGO_Mass
            -x-axis label is set to: ;M(T) [GeV])
            -using the binning as: [0.0, 60.0, 120.0, 180.0, 240.0, 300.0, 360.0, 420.0, 480.0, 540.0, 600.0, 660.0, 720.0, 780.0, 840.0, 900.0, 960.0, 1020.0, 1080.0, 1140.0, 1200.0, 1260.0, 1320.0, 1380.0, 1440.0, 1500.0, 1560.0, 1620.0, 1680.0, 1740.0, 1800.0, 1860.0, 1920.0, 1980.0, 2040.0, 2100.0, 2160.0, 2220.0, 2280.0, 2340.0, 2400.0, 2460.0, 2520.0, 2580.0, 2640.0, 2700.0, 2760.0, 2820.0, 2880.0, 2940.0, 3000.0]
/////////////////////////
PROCESSING:  TTM1200THTH
/////////////////////////
plotTreeName: Tprime2_BEST_Mass
Flavour: E #tag: isV_tZtZ #algo: BEST
Weights: 1 * 1 * 1 * pileupWeight * 1 * lepIdSF * EGammaGsfSF * 1 * (MCWeight_singleLepCalc/abs(MCWeight_singleLepCalc)) * 0.00029406961913
Cuts: (leptonPt_singleLepCalc > 50) && (corr_met_singleLepCalc > 55) && (AK4HT > 480) && (minDR_lepJet > 0.4 || ptRel_lepJet > 40) && (NJetsAK8_JetSubCalc > 2) && (minDR_leadAK8otherAK8 < 3.0) && DataPastTrigger == 1 && isElectron==1
****************************************************************************************************
****************************************************************************************************
DISTRIBUTION: Tp2Mass
            -name in ljmet trees: Tprime2_ALGO_Mass
            -x-axis label is set to: ;M(T) [GeV])
            -using the binning as: [0.0, 60.0, 120.0, 180.0, 240.0, 300.0, 360.0, 420.0, 480.0, 540.0, 600.0, 660.0, 720.0, 780.0, 840.0, 900.0, 960.0, 1020.0, 1080.0, 1140.0, 1200.0, 1260.0, 1320.0, 1380.0, 1440.0, 1500.0, 1560.0, 1620.0, 1680.0, 1740.0, 1800.0, 1860.0, 1920.0, 1980.0, 2040.0, 2100.0, 2160.0, 2220.0, 2280.0, 2340.0, 2400.0, 2460.0, 2520.0, 2580.0, 2640.0, 2700.0, 2760.0, 2820.0, 2880.0, 2940.0, 3000.0]
/////////////////////////
PROCESSING:  TTM1200TZTZ
/////////////////////////
plotTreeName: Tprime2_BEST_Mass
Flavour: E #tag: isV_tZtZ #algo: BEST
Weights: 1 * 1 * 1 * pileupWeight * 1 * lepIdSF * EGammaGsfSF * 1 * (MCWeight_singleLepCalc/abs(MCWeight_singleLepCalc)) * 0.00029406961913
Cuts: (leptonPt_singleLepCalc > 50) && (corr_met_singleLepCalc > 55) && (AK4HT > 480) && (minDR_lepJet > 0.4 || ptRel_lepJet > 40) && (NJetsAK8_JetSubCalc > 2) && (minDR_leadAK8otherAK8 < 3.0) && DataPastTrigger == 1 && isElectron==1
****************************************************************************************************
****************************************************************************************************
DISTRIBUTION: Tp2Mass
            -name in ljmet trees: Tprime2_ALGO_Mass
            -x-axis label is set to: ;M(T) [GeV])
            -using the binning as: [0.0, 60.0, 120.0, 180.0, 240.0, 300.0, 360.0, 420.0, 480.0, 540.0, 600.0, 660.0, 720.0, 780.0, 840.0, 900.0, 960.0, 1020.0, 1080.0, 1140.0, 1200.0, 1260.0, 1320.0, 1380.0, 1440.0, 1500.0, 1560.0, 1620.0, 1680.0, 1740.0, 1800.0, 1860.0, 1920.0, 1980.0, 2040.0, 2100.0, 2160.0, 2220.0, 2280.0, 2340.0, 2400.0, 2460.0, 2520.0, 2580.0, 2640.0, 2700.0, 2760.0, 2820.0, 2880.0, 2940.0, 3000.0]
/////////////////////////
PROCESSING:  TTM1200TZBW
/////////////////////////
plotTreeName: Tprime2_BEST_Mass
Flavour: E #tag: isV_tZtZ #algo: BEST
Weights: 1 * 1 * 1 * pileupWeight * 1 * lepIdSF * EGammaGsfSF * 1 * (MCWeight_singleLepCalc/abs(MCWeight_singleLepCalc)) * 0.000588139238259
Cuts: (leptonPt_singleLepCalc > 50) && (corr_met_singleLepCalc > 55) && (AK4HT > 480) && (minDR_lepJet > 0.4 || ptRel_lepJet > 40) && (NJetsAK8_JetSubCalc > 2) && (minDR_leadAK8otherAK8 < 3.0) && DataPastTrigger == 1 && isElectron==1
****************************************************************************************************
****************************************************************************************************
DISTRIBUTION: Tp2Mass
            -name in ljmet trees: Tprime2_ALGO_Mass
            -x-axis label is set to: ;M(T) [GeV])
            -using the binning as: [0.0, 60.0, 120.0, 180.0, 240.0, 300.0, 360.0, 420.0, 480.0, 540.0, 600.0, 660.0, 720.0, 780.0, 840.0, 900.0, 960.0, 1020.0, 1080.0, 1140.0, 1200.0, 1260.0, 1320.0, 1380.0, 1440.0, 1500.0, 1560.0, 1620.0, 1680.0, 1740.0, 1800.0, 1860.0, 1920.0, 1980.0, 2040.0, 2100.0, 2160.0, 2220.0, 2280.0, 2340.0, 2400.0, 2460.0, 2520.0, 2580.0, 2640.0, 2700.0, 2760.0, 2820.0, 2880.0, 2940.0, 3000.0]
/////////////////////////
PROCESSING:  TTM1200THBW
/////////////////////////
plotTreeName: Tprime2_BEST_Mass
Flavour: E #tag: isV_tZtZ #algo: BEST
Weights: 1 * 1 * 1 * pileupWeight * 1 * lepIdSF * EGammaGsfSF * 1 * (MCWeight_singleLepCalc/abs(MCWeight_singleLepCalc)) * 0.000588139238259
Cuts: (leptonPt_singleLepCalc > 50) && (corr_met_singleLepCalc > 55) && (AK4HT > 480) && (minDR_lepJet > 0.4 || ptRel_lepJet > 40) && (NJetsAK8_JetSubCalc > 2) && (minDR_leadAK8otherAK8 < 3.0) && DataPastTrigger == 1 && isElectron==1
****************************************************************************************************
****************************************************************************************************
DISTRIBUTION: Tp2Mass
            -name in ljmet trees: Tprime2_ALGO_Mass
            -x-axis label is set to: ;M(T) [GeV])
            -using the binning as: [0.0, 60.0, 120.0, 180.0, 240.0, 300.0, 360.0, 420.0, 480.0, 540.0, 600.0, 660.0, 720.0, 780.0, 840.0, 900.0, 960.0, 1020.0, 1080.0, 1140.0, 1200.0, 1260.0, 1320.0, 1380.0, 1440.0, 1500.0, 1560.0, 1620.0, 1680.0, 1740.0, 1800.0, 1860.0, 1920.0, 1980.0, 2040.0, 2100.0, 2160.0, 2220.0, 2280.0, 2340.0, 2400.0, 2460.0, 2520.0, 2580.0, 2640.0, 2700.0, 2760.0, 2820.0, 2880.0, 2940.0, 3000.0]
/////////////////////////
PROCESSING:  TTM1200TZTH
/////////////////////////
plotTreeName: Tprime2_BEST_Mass
Flavour: E #tag: isV_tZtZ #algo: BEST
Weights: 1 * 1 * 1 * pileupWeight * 1 * lepIdSF * EGammaGsfSF * 1 * (MCWeight_singleLepCalc/abs(MCWeight_singleLepCalc)) * 0.00029406961913
Cuts: (leptonPt_singleLepCalc > 50) && (corr_met_singleLepCalc > 55) && (AK4HT > 480) && (minDR_lepJet > 0.4 || ptRel_lepJet > 40) && (NJetsAK8_JetSubCalc > 2) && (minDR_leadAK8otherAK8 < 3.0) && DataPastTrigger == 1 && isElectron==1
****************************************************************************************************
****************************************************************************************************
DISTRIBUTION: Tp2Mass
            -name in ljmet trees: Tprime2_ALGO_Mass
            -x-axis label is set to: ;M(T) [GeV])
            -using the binning as: [0.0, 60.0, 120.0, 180.0, 240.0, 300.0, 360.0, 420.0, 480.0, 540.0, 600.0, 660.0, 720.0, 780.0, 840.0, 900.0, 960.0, 1020.0, 1080.0, 1140.0, 1200.0, 1260.0, 1320.0, 1380.0, 1440.0, 1500.0, 1560.0, 1620.0, 1680.0, 1740.0, 1800.0, 1860.0, 1920.0, 1980.0, 2040.0, 2100.0, 2160.0, 2220.0, 2280.0, 2340.0, 2400.0, 2460.0, 2520.0, 2580.0, 2640.0, 2700.0, 2760.0, 2820.0, 2880.0, 2940.0, 3000.0]
/////////////////////////
PROCESSING:  TTM1300BWBW
/////////////////////////
plotTreeName: Tprime2_BEST_Mass
Flavour: E #tag: isV_tZtZ #algo: BEST
Weights: 1 * 1 * 1 * pileupWeight * 1 * lepIdSF * EGammaGsfSF * 1 * (MCWeight_singleLepCalc/abs(MCWeight_singleLepCalc)) * 0.00063821114509
Cuts: (leptonPt_singleLepCalc > 50) && (corr_met_singleLepCalc > 55) && (AK4HT > 480) && (minDR_lepJet > 0.4 || ptRel_lepJet > 40) && (NJetsAK8_JetSubCalc > 2) && (minDR_leadAK8otherAK8 < 3.0) && DataPastTrigger == 1 && isElectron==1
****************************************************************************************************
****************************************************************************************************
DISTRIBUTION: Tp2Mass
            -name in ljmet trees: Tprime2_ALGO_Mass
            -x-axis label is set to: ;M(T) [GeV])
            -using the binning as: [0.0, 60.0, 120.0, 180.0, 240.0, 300.0, 360.0, 420.0, 480.0, 540.0, 600.0, 660.0, 720.0, 780.0, 840.0, 900.0, 960.0, 1020.0, 1080.0, 1140.0, 1200.0, 1260.0, 1320.0, 1380.0, 1440.0, 1500.0, 1560.0, 1620.0, 1680.0, 1740.0, 1800.0, 1860.0, 1920.0, 1980.0, 2040.0, 2100.0, 2160.0, 2220.0, 2280.0, 2340.0, 2400.0, 2460.0, 2520.0, 2580.0, 2640.0, 2700.0, 2760.0, 2820.0, 2880.0, 2940.0, 3000.0]
/////////////////////////
PROCESSING:  TTM1300THTH
/////////////////////////
plotTreeName: Tprime2_BEST_Mass
Flavour: E #tag: isV_tZtZ #algo: BEST
Weights: 1 * 1 * 1 * pileupWeight * 1 * lepIdSF * EGammaGsfSF * 1 * (MCWeight_singleLepCalc/abs(MCWeight_singleLepCalc)) * 0.000159552786272
Cuts: (leptonPt_singleLepCalc > 50) && (corr_met_singleLepCalc > 55) && (AK4HT > 480) && (minDR_lepJet > 0.4 || ptRel_lepJet > 40) && (NJetsAK8_JetSubCalc > 2) && (minDR_leadAK8otherAK8 < 3.0) && DataPastTrigger == 1 && isElectron==1
****************************************************************************************************
****************************************************************************************************
DISTRIBUTION: Tp2Mass
            -name in ljmet trees: Tprime2_ALGO_Mass
            -x-axis label is set to: ;M(T) [GeV])
            -using the binning as: [0.0, 60.0, 120.0, 180.0, 240.0, 300.0, 360.0, 420.0, 480.0, 540.0, 600.0, 660.0, 720.0, 780.0, 840.0, 900.0, 960.0, 1020.0, 1080.0, 1140.0, 1200.0, 1260.0, 1320.0, 1380.0, 1440.0, 1500.0, 1560.0, 1620.0, 1680.0, 1740.0, 1800.0, 1860.0, 1920.0, 1980.0, 2040.0, 2100.0, 2160.0, 2220.0, 2280.0, 2340.0, 2400.0, 2460.0, 2520.0, 2580.0, 2640.0, 2700.0, 2760.0, 2820.0, 2880.0, 2940.0, 3000.0]
/////////////////////////
PROCESSING:  TTM1300TZTZ
/////////////////////////
plotTreeName: Tprime2_BEST_Mass
Flavour: E #tag: isV_tZtZ #algo: BEST
Weights: 1 * 1 * 1 * pileupWeight * 1 * lepIdSF * EGammaGsfSF * 1 * (MCWeight_singleLepCalc/abs(MCWeight_singleLepCalc)) * 0.000159552786272
Cuts: (leptonPt_singleLepCalc > 50) && (corr_met_singleLepCalc > 55) && (AK4HT > 480) && (minDR_lepJet > 0.4 || ptRel_lepJet > 40) && (NJetsAK8_JetSubCalc > 2) && (minDR_leadAK8otherAK8 < 3.0) && DataPastTrigger == 1 && isElectron==1
****************************************************************************************************
****************************************************************************************************
DISTRIBUTION: Tp2Mass
            -name in ljmet trees: Tprime2_ALGO_Mass
            -x-axis label is set to: ;M(T) [GeV])
            -using the binning as: [0.0, 60.0, 120.0, 180.0, 240.0, 300.0, 360.0, 420.0, 480.0, 540.0, 600.0, 660.0, 720.0, 780.0, 840.0, 900.0, 960.0, 1020.0, 1080.0, 1140.0, 1200.0, 1260.0, 1320.0, 1380.0, 1440.0, 1500.0, 1560.0, 1620.0, 1680.0, 1740.0, 1800.0, 1860.0, 1920.0, 1980.0, 2040.0, 2100.0, 2160.0, 2220.0, 2280.0, 2340.0, 2400.0, 2460.0, 2520.0, 2580.0, 2640.0, 2700.0, 2760.0, 2820.0, 2880.0, 2940.0, 3000.0]
/////////////////////////
PROCESSING:  TTM1300TZBW
/////////////////////////
plotTreeName: Tprime2_BEST_Mass
Flavour: E #tag: isV_tZtZ #algo: BEST
Weights: 1 * 1 * 1 * pileupWeight * 1 * lepIdSF * EGammaGsfSF * 1 * (MCWeight_singleLepCalc/abs(MCWeight_singleLepCalc)) * 0.000319105572545
Cuts: (leptonPt_singleLepCalc > 50) && (corr_met_singleLepCalc > 55) && (AK4HT > 480) && (minDR_lepJet > 0.4 || ptRel_lepJet > 40) && (NJetsAK8_JetSubCalc > 2) && (minDR_leadAK8otherAK8 < 3.0) && DataPastTrigger == 1 && isElectron==1
****************************************************************************************************
****************************************************************************************************
DISTRIBUTION: Tp2Mass
            -name in ljmet trees: Tprime2_ALGO_Mass
            -x-axis label is set to: ;M(T) [GeV])
            -using the binning as: [0.0, 60.0, 120.0, 180.0, 240.0, 300.0, 360.0, 420.0, 480.0, 540.0, 600.0, 660.0, 720.0, 780.0, 840.0, 900.0, 960.0, 1020.0, 1080.0, 1140.0, 1200.0, 1260.0, 1320.0, 1380.0, 1440.0, 1500.0, 1560.0, 1620.0, 1680.0, 1740.0, 1800.0, 1860.0, 1920.0, 1980.0, 2040.0, 2100.0, 2160.0, 2220.0, 2280.0, 2340.0, 2400.0, 2460.0, 2520.0, 2580.0, 2640.0, 2700.0, 2760.0, 2820.0, 2880.0, 2940.0, 3000.0]
/////////////////////////
PROCESSING:  TTM1300THBW
/////////////////////////
plotTreeName: Tprime2_BEST_Mass
Flavour: E #tag: isV_tZtZ #algo: BEST
Weights: 1 * 1 * 1 * pileupWeight * 1 * lepIdSF * EGammaGsfSF * 1 * (MCWeight_singleLepCalc/abs(MCWeight_singleLepCalc)) * 0.000319105572545
Cuts: (leptonPt_singleLepCalc > 50) && (corr_met_singleLepCalc > 55) && (AK4HT > 480) && (minDR_lepJet > 0.4 || ptRel_lepJet > 40) && (NJetsAK8_JetSubCalc > 2) && (minDR_leadAK8otherAK8 < 3.0) && DataPastTrigger == 1 && isElectron==1
****************************************************************************************************
****************************************************************************************************
DISTRIBUTION: Tp2Mass
            -name in ljmet trees: Tprime2_ALGO_Mass
            -x-axis label is set to: ;M(T) [GeV])
            -using the binning as: [0.0, 60.0, 120.0, 180.0, 240.0, 300.0, 360.0, 420.0, 480.0, 540.0, 600.0, 660.0, 720.0, 780.0, 840.0, 900.0, 960.0, 1020.0, 1080.0, 1140.0, 1200.0, 1260.0, 1320.0, 1380.0, 1440.0, 1500.0, 1560.0, 1620.0, 1680.0, 1740.0, 1800.0, 1860.0, 1920.0, 1980.0, 2040.0, 2100.0, 2160.0, 2220.0, 2280.0, 2340.0, 2400.0, 2460.0, 2520.0, 2580.0, 2640.0, 2700.0, 2760.0, 2820.0, 2880.0, 2940.0, 3000.0]
/////////////////////////
PROCESSING:  TTM1300TZTH
/////////////////////////
plotTreeName: Tprime2_BEST_Mass
Flavour: E #tag: isV_tZtZ #algo: BEST
Weights: 1 * 1 * 1 * pileupWeight * 1 * lepIdSF * EGammaGsfSF * 1 * (MCWeight_singleLepCalc/abs(MCWeight_singleLepCalc)) * 0.000159552786272
Cuts: (leptonPt_singleLepCalc > 50) && (corr_met_singleLepCalc > 55) && (AK4HT > 480) && (minDR_lepJet > 0.4 || ptRel_lepJet > 40) && (NJetsAK8_JetSubCalc > 2) && (minDR_leadAK8otherAK8 < 3.0) && DataPastTrigger == 1 && isElectron==1
****************************************************************************************************
****************************************************************************************************
DISTRIBUTION: Tp2Mass
            -name in ljmet trees: Tprime2_ALGO_Mass
            -x-axis label is set to: ;M(T) [GeV])
            -using the binning as: [0.0, 60.0, 120.0, 180.0, 240.0, 300.0, 360.0, 420.0, 480.0, 540.0, 600.0, 660.0, 720.0, 780.0, 840.0, 900.0, 960.0, 1020.0, 1080.0, 1140.0, 1200.0, 1260.0, 1320.0, 1380.0, 1440.0, 1500.0, 1560.0, 1620.0, 1680.0, 1740.0, 1800.0, 1860.0, 1920.0, 1980.0, 2040.0, 2100.0, 2160.0, 2220.0, 2280.0, 2340.0, 2400.0, 2460.0, 2520.0, 2580.0, 2640.0, 2700.0, 2760.0, 2820.0, 2880.0, 2940.0, 3000.0]
/////////////////////////
PROCESSING:  TTM1400BWBW
/////////////////////////
plotTreeName: Tprime2_BEST_Mass
Flavour: E #tag: isV_tZtZ #algo: BEST
Weights: 1 * 1 * 1 * pileupWeight * 1 * lepIdSF * EGammaGsfSF * 1 * (MCWeight_singleLepCalc/abs(MCWeight_singleLepCalc)) * 0.000352883542956
Cuts: (leptonPt_singleLepCalc > 50) && (corr_met_singleLepCalc > 55) && (AK4HT > 480) && (minDR_lepJet > 0.4 || ptRel_lepJet > 40) && (NJetsAK8_JetSubCalc > 2) && (minDR_leadAK8otherAK8 < 3.0) && DataPastTrigger == 1 && isElectron==1
****************************************************************************************************
****************************************************************************************************
DISTRIBUTION: Tp2Mass
            -name in ljmet trees: Tprime2_ALGO_Mass
            -x-axis label is set to: ;M(T) [GeV])
            -using the binning as: [0.0, 60.0, 120.0, 180.0, 240.0, 300.0, 360.0, 420.0, 480.0, 540.0, 600.0, 660.0, 720.0, 780.0, 840.0, 900.0, 960.0, 1020.0, 1080.0, 1140.0, 1200.0, 1260.0, 1320.0, 1380.0, 1440.0, 1500.0, 1560.0, 1620.0, 1680.0, 1740.0, 1800.0, 1860.0, 1920.0, 1980.0, 2040.0, 2100.0, 2160.0, 2220.0, 2280.0, 2340.0, 2400.0, 2460.0, 2520.0, 2580.0, 2640.0, 2700.0, 2760.0, 2820.0, 2880.0, 2940.0, 3000.0]
/////////////////////////
PROCESSING:  TTM1400THTH
/////////////////////////
plotTreeName: Tprime2_BEST_Mass
Flavour: E #tag: isV_tZtZ #algo: BEST
Weights: 1 * 1 * 1 * pileupWeight * 1 * lepIdSF * EGammaGsfSF * 1 * (MCWeight_singleLepCalc/abs(MCWeight_singleLepCalc)) * 8.82208857389e-05
Cuts: (leptonPt_singleLepCalc > 50) && (corr_met_singleLepCalc > 55) && (AK4HT > 480) && (minDR_lepJet > 0.4 || ptRel_lepJet > 40) && (NJetsAK8_JetSubCalc > 2) && (minDR_leadAK8otherAK8 < 3.0) && DataPastTrigger == 1 && isElectron==1
****************************************************************************************************
****************************************************************************************************
DISTRIBUTION: Tp2Mass
            -name in ljmet trees: Tprime2_ALGO_Mass
            -x-axis label is set to: ;M(T) [GeV])
            -using the binning as: [0.0, 60.0, 120.0, 180.0, 240.0, 300.0, 360.0, 420.0, 480.0, 540.0, 600.0, 660.0, 720.0, 780.0, 840.0, 900.0, 960.0, 1020.0, 1080.0, 1140.0, 1200.0, 1260.0, 1320.0, 1380.0, 1440.0, 1500.0, 1560.0, 1620.0, 1680.0, 1740.0, 1800.0, 1860.0, 1920.0, 1980.0, 2040.0, 2100.0, 2160.0, 2220.0, 2280.0, 2340.0, 2400.0, 2460.0, 2520.0, 2580.0, 2640.0, 2700.0, 2760.0, 2820.0, 2880.0, 2940.0, 3000.0]
/////////////////////////
PROCESSING:  TTM1400TZTZ
/////////////////////////
plotTreeName: Tprime2_BEST_Mass
Flavour: E #tag: isV_tZtZ #algo: BEST
Weights: 1 * 1 * 1 * pileupWeight * 1 * lepIdSF * EGammaGsfSF * 1 * (MCWeight_singleLepCalc/abs(MCWeight_singleLepCalc)) * 8.82208857389e-05
Cuts: (leptonPt_singleLepCalc > 50) && (corr_met_singleLepCalc > 55) && (AK4HT > 480) && (minDR_lepJet > 0.4 || ptRel_lepJet > 40) && (NJetsAK8_JetSubCalc > 2) && (minDR_leadAK8otherAK8 < 3.0) && DataPastTrigger == 1 && isElectron==1
****************************************************************************************************
****************************************************************************************************
DISTRIBUTION: Tp2Mass
            -name in ljmet trees: Tprime2_ALGO_Mass
            -x-axis label is set to: ;M(T) [GeV])
            -using the binning as: [0.0, 60.0, 120.0, 180.0, 240.0, 300.0, 360.0, 420.0, 480.0, 540.0, 600.0, 660.0, 720.0, 780.0, 840.0, 900.0, 960.0, 1020.0, 1080.0, 1140.0, 1200.0, 1260.0, 1320.0, 1380.0, 1440.0, 1500.0, 1560.0, 1620.0, 1680.0, 1740.0, 1800.0, 1860.0, 1920.0, 1980.0, 2040.0, 2100.0, 2160.0, 2220.0, 2280.0, 2340.0, 2400.0, 2460.0, 2520.0, 2580.0, 2640.0, 2700.0, 2760.0, 2820.0, 2880.0, 2940.0, 3000.0]
/////////////////////////
PROCESSING:  TTM1400TZBW
/////////////////////////
plotTreeName: Tprime2_BEST_Mass
Flavour: E #tag: isV_tZtZ #algo: BEST
Weights: 1 * 1 * 1 * pileupWeight * 1 * lepIdSF * EGammaGsfSF * 1 * (MCWeight_singleLepCalc/abs(MCWeight_singleLepCalc)) * 0.000176441771478
Cuts: (leptonPt_singleLepCalc > 50) && (corr_met_singleLepCalc > 55) && (AK4HT > 480) && (minDR_lepJet > 0.4 || ptRel_lepJet > 40) && (NJetsAK8_JetSubCalc > 2) && (minDR_leadAK8otherAK8 < 3.0) && DataPastTrigger == 1 && isElectron==1
****************************************************************************************************
****************************************************************************************************
DISTRIBUTION: Tp2Mass
            -name in ljmet trees: Tprime2_ALGO_Mass
            -x-axis label is set to: ;M(T) [GeV])
            -using the binning as: [0.0, 60.0, 120.0, 180.0, 240.0, 300.0, 360.0, 420.0, 480.0, 540.0, 600.0, 660.0, 720.0, 780.0, 840.0, 900.0, 960.0, 1020.0, 1080.0, 1140.0, 1200.0, 1260.0, 1320.0, 1380.0, 1440.0, 1500.0, 1560.0, 1620.0, 1680.0, 1740.0, 1800.0, 1860.0, 1920.0, 1980.0, 2040.0, 2100.0, 2160.0, 2220.0, 2280.0, 2340.0, 2400.0, 2460.0, 2520.0, 2580.0, 2640.0, 2700.0, 2760.0, 2820.0, 2880.0, 2940.0, 3000.0]
/////////////////////////
PROCESSING:  TTM1400THBW
/////////////////////////
plotTreeName: Tprime2_BEST_Mass
Flavour: E #tag: isV_tZtZ #algo: BEST
Weights: 1 * 1 * 1 * pileupWeight * 1 * lepIdSF * EGammaGsfSF * 1 * (MCWeight_singleLepCalc/abs(MCWeight_singleLepCalc)) * 0.000176441771478
Cuts: (leptonPt_singleLepCalc > 50) && (corr_met_singleLepCalc > 55) && (AK4HT > 480) && (minDR_lepJet > 0.4 || ptRel_lepJet > 40) && (NJetsAK8_JetSubCalc > 2) && (minDR_leadAK8otherAK8 < 3.0) && DataPastTrigger == 1 && isElectron==1
****************************************************************************************************
****************************************************************************************************
DISTRIBUTION: Tp2Mass
            -name in ljmet trees: Tprime2_ALGO_Mass
            -x-axis label is set to: ;M(T) [GeV])
            -using the binning as: [0.0, 60.0, 120.0, 180.0, 240.0, 300.0, 360.0, 420.0, 480.0, 540.0, 600.0, 660.0, 720.0, 780.0, 840.0, 900.0, 960.0, 1020.0, 1080.0, 1140.0, 1200.0, 1260.0, 1320.0, 1380.0, 1440.0, 1500.0, 1560.0, 1620.0, 1680.0, 1740.0, 1800.0, 1860.0, 1920.0, 1980.0, 2040.0, 2100.0, 2160.0, 2220.0, 2280.0, 2340.0, 2400.0, 2460.0, 2520.0, 2580.0, 2640.0, 2700.0, 2760.0, 2820.0, 2880.0, 2940.0, 3000.0]
/////////////////////////
PROCESSING:  TTM1400TZTH
/////////////////////////
plotTreeName: Tprime2_BEST_Mass
Flavour: E #tag: isV_tZtZ #algo: BEST
Weights: 1 * 1 * 1 * pileupWeight * 1 * lepIdSF * EGammaGsfSF * 1 * (MCWeight_singleLepCalc/abs(MCWeight_singleLepCalc)) * 8.82208857389e-05
Cuts: (leptonPt_singleLepCalc > 50) && (corr_met_singleLepCalc > 55) && (AK4HT > 480) && (minDR_lepJet > 0.4 || ptRel_lepJet > 40) && (NJetsAK8_JetSubCalc > 2) && (minDR_leadAK8otherAK8 < 3.0) && DataPastTrigger == 1 && isElectron==1
****************************************************************************************************
****************************************************************************************************
DISTRIBUTION: Tp2Mass
            -name in ljmet trees: Tprime2_ALGO_Mass
            -x-axis label is set to: ;M(T) [GeV])
            -using the binning as: [0.0, 60.0, 120.0, 180.0, 240.0, 300.0, 360.0, 420.0, 480.0, 540.0, 600.0, 660.0, 720.0, 780.0, 840.0, 900.0, 960.0, 1020.0, 1080.0, 1140.0, 1200.0, 1260.0, 1320.0, 1380.0, 1440.0, 1500.0, 1560.0, 1620.0, 1680.0, 1740.0, 1800.0, 1860.0, 1920.0, 1980.0, 2040.0, 2100.0, 2160.0, 2220.0, 2280.0, 2340.0, 2400.0, 2460.0, 2520.0, 2580.0, 2640.0, 2700.0, 2760.0, 2820.0, 2880.0, 2940.0, 3000.0]
/////////////////////////
PROCESSING:  TTM1500BWBW
/////////////////////////
plotTreeName: Tprime2_BEST_Mass
Flavour: E #tag: isV_tZtZ #algo: BEST
Weights: 1 * 1 * 1 * pileupWeight * 1 * lepIdSF * EGammaGsfSF * 1 * (MCWeight_singleLepCalc/abs(MCWeight_singleLepCalc)) * 0.00019932135405
Cuts: (leptonPt_singleLepCalc > 50) && (corr_met_singleLepCalc > 55) && (AK4HT > 480) && (minDR_lepJet > 0.4 || ptRel_lepJet > 40) && (NJetsAK8_JetSubCalc > 2) && (minDR_leadAK8otherAK8 < 3.0) && DataPastTrigger == 1 && isElectron==1
****************************************************************************************************
****************************************************************************************************
DISTRIBUTION: Tp2Mass
            -name in ljmet trees: Tprime2_ALGO_Mass
            -x-axis label is set to: ;M(T) [GeV])
            -using the binning as: [0.0, 60.0, 120.0, 180.0, 240.0, 300.0, 360.0, 420.0, 480.0, 540.0, 600.0, 660.0, 720.0, 780.0, 840.0, 900.0, 960.0, 1020.0, 1080.0, 1140.0, 1200.0, 1260.0, 1320.0, 1380.0, 1440.0, 1500.0, 1560.0, 1620.0, 1680.0, 1740.0, 1800.0, 1860.0, 1920.0, 1980.0, 2040.0, 2100.0, 2160.0, 2220.0, 2280.0, 2340.0, 2400.0, 2460.0, 2520.0, 2580.0, 2640.0, 2700.0, 2760.0, 2820.0, 2880.0, 2940.0, 3000.0]
/////////////////////////
PROCESSING:  TTM1500THTH
/////////////////////////
plotTreeName: Tprime2_BEST_Mass
Flavour: E #tag: isV_tZtZ #algo: BEST
Weights: 1 * 1 * 1 * pileupWeight * 1 * lepIdSF * EGammaGsfSF * 1 * (MCWeight_singleLepCalc/abs(MCWeight_singleLepCalc)) * 4.98303385124e-05
Cuts: (leptonPt_singleLepCalc > 50) && (corr_met_singleLepCalc > 55) && (AK4HT > 480) && (minDR_lepJet > 0.4 || ptRel_lepJet > 40) && (NJetsAK8_JetSubCalc > 2) && (minDR_leadAK8otherAK8 < 3.0) && DataPastTrigger == 1 && isElectron==1
****************************************************************************************************
****************************************************************************************************
DISTRIBUTION: Tp2Mass
            -name in ljmet trees: Tprime2_ALGO_Mass
            -x-axis label is set to: ;M(T) [GeV])
            -using the binning as: [0.0, 60.0, 120.0, 180.0, 240.0, 300.0, 360.0, 420.0, 480.0, 540.0, 600.0, 660.0, 720.0, 780.0, 840.0, 900.0, 960.0, 1020.0, 1080.0, 1140.0, 1200.0, 1260.0, 1320.0, 1380.0, 1440.0, 1500.0, 1560.0, 1620.0, 1680.0, 1740.0, 1800.0, 1860.0, 1920.0, 1980.0, 2040.0, 2100.0, 2160.0, 2220.0, 2280.0, 2340.0, 2400.0, 2460.0, 2520.0, 2580.0, 2640.0, 2700.0, 2760.0, 2820.0, 2880.0, 2940.0, 3000.0]
/////////////////////////
PROCESSING:  TTM1500TZTZ
/////////////////////////
plotTreeName: Tprime2_BEST_Mass
Flavour: E #tag: isV_tZtZ #algo: BEST
Weights: 1 * 1 * 1 * pileupWeight * 1 * lepIdSF * EGammaGsfSF * 1 * (MCWeight_singleLepCalc/abs(MCWeight_singleLepCalc)) * 4.98303385124e-05
Cuts: (leptonPt_singleLepCalc > 50) && (corr_met_singleLepCalc > 55) && (AK4HT > 480) && (minDR_lepJet > 0.4 || ptRel_lepJet > 40) && (NJetsAK8_JetSubCalc > 2) && (minDR_leadAK8otherAK8 < 3.0) && DataPastTrigger == 1 && isElectron==1
****************************************************************************************************
****************************************************************************************************
DISTRIBUTION: Tp2Mass
            -name in ljmet trees: Tprime2_ALGO_Mass
            -x-axis label is set to: ;M(T) [GeV])
            -using the binning as: [0.0, 60.0, 120.0, 180.0, 240.0, 300.0, 360.0, 420.0, 480.0, 540.0, 600.0, 660.0, 720.0, 780.0, 840.0, 900.0, 960.0, 1020.0, 1080.0, 1140.0, 1200.0, 1260.0, 1320.0, 1380.0, 1440.0, 1500.0, 1560.0, 1620.0, 1680.0, 1740.0, 1800.0, 1860.0, 1920.0, 1980.0, 2040.0, 2100.0, 2160.0, 2220.0, 2280.0, 2340.0, 2400.0, 2460.0, 2520.0, 2580.0, 2640.0, 2700.0, 2760.0, 2820.0, 2880.0, 2940.0, 3000.0]
/////////////////////////
PROCESSING:  TTM1500TZBW
/////////////////////////
plotTreeName: Tprime2_BEST_Mass
Flavour: E #tag: isV_tZtZ #algo: BEST
Weights: 1 * 1 * 1 * pileupWeight * 1 * lepIdSF * EGammaGsfSF * 1 * (MCWeight_singleLepCalc/abs(MCWeight_singleLepCalc)) * 9.96606770248e-05
Cuts: (leptonPt_singleLepCalc > 50) && (corr_met_singleLepCalc > 55) && (AK4HT > 480) && (minDR_lepJet > 0.4 || ptRel_lepJet > 40) && (NJetsAK8_JetSubCalc > 2) && (minDR_leadAK8otherAK8 < 3.0) && DataPastTrigger == 1 && isElectron==1
****************************************************************************************************
****************************************************************************************************
DISTRIBUTION: Tp2Mass
            -name in ljmet trees: Tprime2_ALGO_Mass
            -x-axis label is set to: ;M(T) [GeV])
            -using the binning as: [0.0, 60.0, 120.0, 180.0, 240.0, 300.0, 360.0, 420.0, 480.0, 540.0, 600.0, 660.0, 720.0, 780.0, 840.0, 900.0, 960.0, 1020.0, 1080.0, 1140.0, 1200.0, 1260.0, 1320.0, 1380.0, 1440.0, 1500.0, 1560.0, 1620.0, 1680.0, 1740.0, 1800.0, 1860.0, 1920.0, 1980.0, 2040.0, 2100.0, 2160.0, 2220.0, 2280.0, 2340.0, 2400.0, 2460.0, 2520.0, 2580.0, 2640.0, 2700.0, 2760.0, 2820.0, 2880.0, 2940.0, 3000.0]
/////////////////////////
PROCESSING:  TTM1500THBW
/////////////////////////
plotTreeName: Tprime2_BEST_Mass
Flavour: E #tag: isV_tZtZ #algo: BEST
Weights: 1 * 1 * 1 * pileupWeight * 1 * lepIdSF * EGammaGsfSF * 1 * (MCWeight_singleLepCalc/abs(MCWeight_singleLepCalc)) * 9.96606770248e-05
Cuts: (leptonPt_singleLepCalc > 50) && (corr_met_singleLepCalc > 55) && (AK4HT > 480) && (minDR_lepJet > 0.4 || ptRel_lepJet > 40) && (NJetsAK8_JetSubCalc > 2) && (minDR_leadAK8otherAK8 < 3.0) && DataPastTrigger == 1 && isElectron==1
****************************************************************************************************
****************************************************************************************************
DISTRIBUTION: Tp2Mass
            -name in ljmet trees: Tprime2_ALGO_Mass
            -x-axis label is set to: ;M(T) [GeV])
            -using the binning as: [0.0, 60.0, 120.0, 180.0, 240.0, 300.0, 360.0, 420.0, 480.0, 540.0, 600.0, 660.0, 720.0, 780.0, 840.0, 900.0, 960.0, 1020.0, 1080.0, 1140.0, 1200.0, 1260.0, 1320.0, 1380.0, 1440.0, 1500.0, 1560.0, 1620.0, 1680.0, 1740.0, 1800.0, 1860.0, 1920.0, 1980.0, 2040.0, 2100.0, 2160.0, 2220.0, 2280.0, 2340.0, 2400.0, 2460.0, 2520.0, 2580.0, 2640.0, 2700.0, 2760.0, 2820.0, 2880.0, 2940.0, 3000.0]
/////////////////////////
PROCESSING:  TTM1500TZTH
/////////////////////////
plotTreeName: Tprime2_BEST_Mass
Flavour: E #tag: isV_tZtZ #algo: BEST
Weights: 1 * 1 * 1 * pileupWeight * 1 * lepIdSF * EGammaGsfSF * 1 * (MCWeight_singleLepCalc/abs(MCWeight_singleLepCalc)) * 4.98303385124e-05
Cuts: (leptonPt_singleLepCalc > 50) && (corr_met_singleLepCalc > 55) && (AK4HT > 480) && (minDR_lepJet > 0.4 || ptRel_lepJet > 40) && (NJetsAK8_JetSubCalc > 2) && (minDR_leadAK8otherAK8 < 3.0) && DataPastTrigger == 1 && isElectron==1
****************************************************************************************************
****************************************************************************************************
DISTRIBUTION: Tp2Mass
            -name in ljmet trees: Tprime2_ALGO_Mass
            -x-axis label is set to: ;M(T) [GeV])
            -using the binning as: [0.0, 60.0, 120.0, 180.0, 240.0, 300.0, 360.0, 420.0, 480.0, 540.0, 600.0, 660.0, 720.0, 780.0, 840.0, 900.0, 960.0, 1020.0, 1080.0, 1140.0, 1200.0, 1260.0, 1320.0, 1380.0, 1440.0, 1500.0, 1560.0, 1620.0, 1680.0, 1740.0, 1800.0, 1860.0, 1920.0, 1980.0, 2040.0, 2100.0, 2160.0, 2220.0, 2280.0, 2340.0, 2400.0, 2460.0, 2520.0, 2580.0, 2640.0, 2700.0, 2760.0, 2820.0, 2880.0, 2940.0, 3000.0]
/////////////////////////
PROCESSING:  TTM1600BWBW
/////////////////////////
plotTreeName: Tprime2_BEST_Mass
Flavour: E #tag: isV_tZtZ #algo: BEST
Weights: 1 * 1 * 1 * pileupWeight * 1 * lepIdSF * EGammaGsfSF * 1 * (MCWeight_singleLepCalc/abs(MCWeight_singleLepCalc)) * 0.000114437939919
Cuts: (leptonPt_singleLepCalc > 50) && (corr_met_singleLepCalc > 55) && (AK4HT > 480) && (minDR_lepJet > 0.4 || ptRel_lepJet > 40) && (NJetsAK8_JetSubCalc > 2) && (minDR_leadAK8otherAK8 < 3.0) && DataPastTrigger == 1 && isElectron==1
****************************************************************************************************
****************************************************************************************************
DISTRIBUTION: Tp2Mass
            -name in ljmet trees: Tprime2_ALGO_Mass
            -x-axis label is set to: ;M(T) [GeV])
            -using the binning as: [0.0, 60.0, 120.0, 180.0, 240.0, 300.0, 360.0, 420.0, 480.0, 540.0, 600.0, 660.0, 720.0, 780.0, 840.0, 900.0, 960.0, 1020.0, 1080.0, 1140.0, 1200.0, 1260.0, 1320.0, 1380.0, 1440.0, 1500.0, 1560.0, 1620.0, 1680.0, 1740.0, 1800.0, 1860.0, 1920.0, 1980.0, 2040.0, 2100.0, 2160.0, 2220.0, 2280.0, 2340.0, 2400.0, 2460.0, 2520.0, 2580.0, 2640.0, 2700.0, 2760.0, 2820.0, 2880.0, 2940.0, 3000.0]
/////////////////////////
PROCESSING:  TTM1600THTH
/////////////////////////
plotTreeName: Tprime2_BEST_Mass
Flavour: E #tag: isV_tZtZ #algo: BEST
Weights: 1 * 1 * 1 * pileupWeight * 1 * lepIdSF * EGammaGsfSF * 1 * (MCWeight_singleLepCalc/abs(MCWeight_singleLepCalc)) * 2.86094849797e-05
Cuts: (leptonPt_singleLepCalc > 50) && (corr_met_singleLepCalc > 55) && (AK4HT > 480) && (minDR_lepJet > 0.4 || ptRel_lepJet > 40) && (NJetsAK8_JetSubCalc > 2) && (minDR_leadAK8otherAK8 < 3.0) && DataPastTrigger == 1 && isElectron==1
****************************************************************************************************
****************************************************************************************************
DISTRIBUTION: Tp2Mass
            -name in ljmet trees: Tprime2_ALGO_Mass
            -x-axis label is set to: ;M(T) [GeV])
            -using the binning as: [0.0, 60.0, 120.0, 180.0, 240.0, 300.0, 360.0, 420.0, 480.0, 540.0, 600.0, 660.0, 720.0, 780.0, 840.0, 900.0, 960.0, 1020.0, 1080.0, 1140.0, 1200.0, 1260.0, 1320.0, 1380.0, 1440.0, 1500.0, 1560.0, 1620.0, 1680.0, 1740.0, 1800.0, 1860.0, 1920.0, 1980.0, 2040.0, 2100.0, 2160.0, 2220.0, 2280.0, 2340.0, 2400.0, 2460.0, 2520.0, 2580.0, 2640.0, 2700.0, 2760.0, 2820.0, 2880.0, 2940.0, 3000.0]
/////////////////////////
PROCESSING:  TTM1600TZTZ
/////////////////////////
plotTreeName: Tprime2_BEST_Mass
Flavour: E #tag: isV_tZtZ #algo: BEST
Weights: 1 * 1 * 1 * pileupWeight * 1 * lepIdSF * EGammaGsfSF * 1 * (MCWeight_singleLepCalc/abs(MCWeight_singleLepCalc)) * 2.86094849797e-05
Cuts: (leptonPt_singleLepCalc > 50) && (corr_met_singleLepCalc > 55) && (AK4HT > 480) && (minDR_lepJet > 0.4 || ptRel_lepJet > 40) && (NJetsAK8_JetSubCalc > 2) && (minDR_leadAK8otherAK8 < 3.0) && DataPastTrigger == 1 && isElectron==1
****************************************************************************************************
****************************************************************************************************
DISTRIBUTION: Tp2Mass
            -name in ljmet trees: Tprime2_ALGO_Mass
            -x-axis label is set to: ;M(T) [GeV])
            -using the binning as: [0.0, 60.0, 120.0, 180.0, 240.0, 300.0, 360.0, 420.0, 480.0, 540.0, 600.0, 660.0, 720.0, 780.0, 840.0, 900.0, 960.0, 1020.0, 1080.0, 1140.0, 1200.0, 1260.0, 1320.0, 1380.0, 1440.0, 1500.0, 1560.0, 1620.0, 1680.0, 1740.0, 1800.0, 1860.0, 1920.0, 1980.0, 2040.0, 2100.0, 2160.0, 2220.0, 2280.0, 2340.0, 2400.0, 2460.0, 2520.0, 2580.0, 2640.0, 2700.0, 2760.0, 2820.0, 2880.0, 2940.0, 3000.0]
/////////////////////////
PROCESSING:  TTM1600TZBW
/////////////////////////
plotTreeName: Tprime2_BEST_Mass
Flavour: E #tag: isV_tZtZ #algo: BEST
Weights: 1 * 1 * 1 * pileupWeight * 1 * lepIdSF * EGammaGsfSF * 1 * (MCWeight_singleLepCalc/abs(MCWeight_singleLepCalc)) * 5.72189699595e-05
Cuts: (leptonPt_singleLepCalc > 50) && (corr_met_singleLepCalc > 55) && (AK4HT > 480) && (minDR_lepJet > 0.4 || ptRel_lepJet > 40) && (NJetsAK8_JetSubCalc > 2) && (minDR_leadAK8otherAK8 < 3.0) && DataPastTrigger == 1 && isElectron==1
****************************************************************************************************
****************************************************************************************************
DISTRIBUTION: Tp2Mass
            -name in ljmet trees: Tprime2_ALGO_Mass
            -x-axis label is set to: ;M(T) [GeV])
            -using the binning as: [0.0, 60.0, 120.0, 180.0, 240.0, 300.0, 360.0, 420.0, 480.0, 540.0, 600.0, 660.0, 720.0, 780.0, 840.0, 900.0, 960.0, 1020.0, 1080.0, 1140.0, 1200.0, 1260.0, 1320.0, 1380.0, 1440.0, 1500.0, 1560.0, 1620.0, 1680.0, 1740.0, 1800.0, 1860.0, 1920.0, 1980.0, 2040.0, 2100.0, 2160.0, 2220.0, 2280.0, 2340.0, 2400.0, 2460.0, 2520.0, 2580.0, 2640.0, 2700.0, 2760.0, 2820.0, 2880.0, 2940.0, 3000.0]
/////////////////////////
PROCESSING:  TTM1600THBW
/////////////////////////
plotTreeName: Tprime2_BEST_Mass
Flavour: E #tag: isV_tZtZ #algo: BEST
Weights: 1 * 1 * 1 * pileupWeight * 1 * lepIdSF * EGammaGsfSF * 1 * (MCWeight_singleLepCalc/abs(MCWeight_singleLepCalc)) * 5.72189699595e-05
Cuts: (leptonPt_singleLepCalc > 50) && (corr_met_singleLepCalc > 55) && (AK4HT > 480) && (minDR_lepJet > 0.4 || ptRel_lepJet > 40) && (NJetsAK8_JetSubCalc > 2) && (minDR_leadAK8otherAK8 < 3.0) && DataPastTrigger == 1 && isElectron==1
****************************************************************************************************
****************************************************************************************************
DISTRIBUTION: Tp2Mass
            -name in ljmet trees: Tprime2_ALGO_Mass
            -x-axis label is set to: ;M(T) [GeV])
            -using the binning as: [0.0, 60.0, 120.0, 180.0, 240.0, 300.0, 360.0, 420.0, 480.0, 540.0, 600.0, 660.0, 720.0, 780.0, 840.0, 900.0, 960.0, 1020.0, 1080.0, 1140.0, 1200.0, 1260.0, 1320.0, 1380.0, 1440.0, 1500.0, 1560.0, 1620.0, 1680.0, 1740.0, 1800.0, 1860.0, 1920.0, 1980.0, 2040.0, 2100.0, 2160.0, 2220.0, 2280.0, 2340.0, 2400.0, 2460.0, 2520.0, 2580.0, 2640.0, 2700.0, 2760.0, 2820.0, 2880.0, 2940.0, 3000.0]
/////////////////////////
PROCESSING:  TTM1600TZTH
/////////////////////////
plotTreeName: Tprime2_BEST_Mass
Flavour: E #tag: isV_tZtZ #algo: BEST
Weights: 1 * 1 * 1 * pileupWeight * 1 * lepIdSF * EGammaGsfSF * 1 * (MCWeight_singleLepCalc/abs(MCWeight_singleLepCalc)) * 2.86094849797e-05
Cuts: (leptonPt_singleLepCalc > 50) && (corr_met_singleLepCalc > 55) && (AK4HT > 480) && (minDR_lepJet > 0.4 || ptRel_lepJet > 40) && (NJetsAK8_JetSubCalc > 2) && (minDR_leadAK8otherAK8 < 3.0) && DataPastTrigger == 1 && isElectron==1
****************************************************************************************************
****************************************************************************************************
DISTRIBUTION: Tp2Mass
            -name in ljmet trees: Tprime2_ALGO_Mass
            -x-axis label is set to: ;M(T) [GeV])
            -using the binning as: [0.0, 60.0, 120.0, 180.0, 240.0, 300.0, 360.0, 420.0, 480.0, 540.0, 600.0, 660.0, 720.0, 780.0, 840.0, 900.0, 960.0, 1020.0, 1080.0, 1140.0, 1200.0, 1260.0, 1320.0, 1380.0, 1440.0, 1500.0, 1560.0, 1620.0, 1680.0, 1740.0, 1800.0, 1860.0, 1920.0, 1980.0, 2040.0, 2100.0, 2160.0, 2220.0, 2280.0, 2340.0, 2400.0, 2460.0, 2520.0, 2580.0, 2640.0, 2700.0, 2760.0, 2820.0, 2880.0, 2940.0, 3000.0]
/////////////////////////
PROCESSING:  TTM1700BWBW
/////////////////////////
plotTreeName: Tprime2_BEST_Mass
Flavour: E #tag: isV_tZtZ #algo: BEST
Weights: 1 * 1 * 1 * pileupWeight * 1 * lepIdSF * EGammaGsfSF * 1 * (MCWeight_singleLepCalc/abs(MCWeight_singleLepCalc)) * 6.93554282011e-05
Cuts: (leptonPt_singleLepCalc > 50) && (corr_met_singleLepCalc > 55) && (AK4HT > 480) && (minDR_lepJet > 0.4 || ptRel_lepJet > 40) && (NJetsAK8_JetSubCalc > 2) && (minDR_leadAK8otherAK8 < 3.0) && DataPastTrigger == 1 && isElectron==1
****************************************************************************************************
****************************************************************************************************
DISTRIBUTION: Tp2Mass
            -name in ljmet trees: Tprime2_ALGO_Mass
            -x-axis label is set to: ;M(T) [GeV])
            -using the binning as: [0.0, 60.0, 120.0, 180.0, 240.0, 300.0, 360.0, 420.0, 480.0, 540.0, 600.0, 660.0, 720.0, 780.0, 840.0, 900.0, 960.0, 1020.0, 1080.0, 1140.0, 1200.0, 1260.0, 1320.0, 1380.0, 1440.0, 1500.0, 1560.0, 1620.0, 1680.0, 1740.0, 1800.0, 1860.0, 1920.0, 1980.0, 2040.0, 2100.0, 2160.0, 2220.0, 2280.0, 2340.0, 2400.0, 2460.0, 2520.0, 2580.0, 2640.0, 2700.0, 2760.0, 2820.0, 2880.0, 2940.0, 3000.0]
/////////////////////////
PROCESSING:  TTM1700THTH
/////////////////////////
plotTreeName: Tprime2_BEST_Mass
Flavour: E #tag: isV_tZtZ #algo: BEST
Weights: 1 * 1 * 1 * pileupWeight * 1 * lepIdSF * EGammaGsfSF * 1 * (MCWeight_singleLepCalc/abs(MCWeight_singleLepCalc)) * 1.73388570503e-05
Cuts: (leptonPt_singleLepCalc > 50) && (corr_met_singleLepCalc > 55) && (AK4HT > 480) && (minDR_lepJet > 0.4 || ptRel_lepJet > 40) && (NJetsAK8_JetSubCalc > 2) && (minDR_leadAK8otherAK8 < 3.0) && DataPastTrigger == 1 && isElectron==1
****************************************************************************************************
****************************************************************************************************
DISTRIBUTION: Tp2Mass
            -name in ljmet trees: Tprime2_ALGO_Mass
            -x-axis label is set to: ;M(T) [GeV])
            -using the binning as: [0.0, 60.0, 120.0, 180.0, 240.0, 300.0, 360.0, 420.0, 480.0, 540.0, 600.0, 660.0, 720.0, 780.0, 840.0, 900.0, 960.0, 1020.0, 1080.0, 1140.0, 1200.0, 1260.0, 1320.0, 1380.0, 1440.0, 1500.0, 1560.0, 1620.0, 1680.0, 1740.0, 1800.0, 1860.0, 1920.0, 1980.0, 2040.0, 2100.0, 2160.0, 2220.0, 2280.0, 2340.0, 2400.0, 2460.0, 2520.0, 2580.0, 2640.0, 2700.0, 2760.0, 2820.0, 2880.0, 2940.0, 3000.0]
/////////////////////////
PROCESSING:  TTM1700TZTZ
/////////////////////////
plotTreeName: Tprime2_BEST_Mass
Flavour: E #tag: isV_tZtZ #algo: BEST
Weights: 1 * 1 * 1 * pileupWeight * 1 * lepIdSF * EGammaGsfSF * 1 * (MCWeight_singleLepCalc/abs(MCWeight_singleLepCalc)) * 1.73388570503e-05
Cuts: (leptonPt_singleLepCalc > 50) && (corr_met_singleLepCalc > 55) && (AK4HT > 480) && (minDR_lepJet > 0.4 || ptRel_lepJet > 40) && (NJetsAK8_JetSubCalc > 2) && (minDR_leadAK8otherAK8 < 3.0) && DataPastTrigger == 1 && isElectron==1
****************************************************************************************************
****************************************************************************************************
DISTRIBUTION: Tp2Mass
            -name in ljmet trees: Tprime2_ALGO_Mass
            -x-axis label is set to: ;M(T) [GeV])
            -using the binning as: [0.0, 60.0, 120.0, 180.0, 240.0, 300.0, 360.0, 420.0, 480.0, 540.0, 600.0, 660.0, 720.0, 780.0, 840.0, 900.0, 960.0, 1020.0, 1080.0, 1140.0, 1200.0, 1260.0, 1320.0, 1380.0, 1440.0, 1500.0, 1560.0, 1620.0, 1680.0, 1740.0, 1800.0, 1860.0, 1920.0, 1980.0, 2040.0, 2100.0, 2160.0, 2220.0, 2280.0, 2340.0, 2400.0, 2460.0, 2520.0, 2580.0, 2640.0, 2700.0, 2760.0, 2820.0, 2880.0, 2940.0, 3000.0]
/////////////////////////
PROCESSING:  TTM1700TZBW
/////////////////////////
plotTreeName: Tprime2_BEST_Mass
Flavour: E #tag: isV_tZtZ #algo: BEST
Weights: 1 * 1 * 1 * pileupWeight * 1 * lepIdSF * EGammaGsfSF * 1 * (MCWeight_singleLepCalc/abs(MCWeight_singleLepCalc)) * 3.46777141005e-05
Cuts: (leptonPt_singleLepCalc > 50) && (corr_met_singleLepCalc > 55) && (AK4HT > 480) && (minDR_lepJet > 0.4 || ptRel_lepJet > 40) && (NJetsAK8_JetSubCalc > 2) && (minDR_leadAK8otherAK8 < 3.0) && DataPastTrigger == 1 && isElectron==1
****************************************************************************************************
****************************************************************************************************
DISTRIBUTION: Tp2Mass
            -name in ljmet trees: Tprime2_ALGO_Mass
            -x-axis label is set to: ;M(T) [GeV])
            -using the binning as: [0.0, 60.0, 120.0, 180.0, 240.0, 300.0, 360.0, 420.0, 480.0, 540.0, 600.0, 660.0, 720.0, 780.0, 840.0, 900.0, 960.0, 1020.0, 1080.0, 1140.0, 1200.0, 1260.0, 1320.0, 1380.0, 1440.0, 1500.0, 1560.0, 1620.0, 1680.0, 1740.0, 1800.0, 1860.0, 1920.0, 1980.0, 2040.0, 2100.0, 2160.0, 2220.0, 2280.0, 2340.0, 2400.0, 2460.0, 2520.0, 2580.0, 2640.0, 2700.0, 2760.0, 2820.0, 2880.0, 2940.0, 3000.0]
/////////////////////////
PROCESSING:  TTM1700THBW
/////////////////////////
plotTreeName: Tprime2_BEST_Mass
Flavour: E #tag: isV_tZtZ #algo: BEST
Weights: 1 * 1 * 1 * pileupWeight * 1 * lepIdSF * EGammaGsfSF * 1 * (MCWeight_singleLepCalc/abs(MCWeight_singleLepCalc)) * 3.46777141005e-05
Cuts: (leptonPt_singleLepCalc > 50) && (corr_met_singleLepCalc > 55) && (AK4HT > 480) && (minDR_lepJet > 0.4 || ptRel_lepJet > 40) && (NJetsAK8_JetSubCalc > 2) && (minDR_leadAK8otherAK8 < 3.0) && DataPastTrigger == 1 && isElectron==1
****************************************************************************************************
****************************************************************************************************
DISTRIBUTION: Tp2Mass
            -name in ljmet trees: Tprime2_ALGO_Mass
            -x-axis label is set to: ;M(T) [GeV])
            -using the binning as: [0.0, 60.0, 120.0, 180.0, 240.0, 300.0, 360.0, 420.0, 480.0, 540.0, 600.0, 660.0, 720.0, 780.0, 840.0, 900.0, 960.0, 1020.0, 1080.0, 1140.0, 1200.0, 1260.0, 1320.0, 1380.0, 1440.0, 1500.0, 1560.0, 1620.0, 1680.0, 1740.0, 1800.0, 1860.0, 1920.0, 1980.0, 2040.0, 2100.0, 2160.0, 2220.0, 2280.0, 2340.0, 2400.0, 2460.0, 2520.0, 2580.0, 2640.0, 2700.0, 2760.0, 2820.0, 2880.0, 2940.0, 3000.0]
/////////////////////////
PROCESSING:  TTM1700TZTH
/////////////////////////
plotTreeName: Tprime2_BEST_Mass
Flavour: E #tag: isV_tZtZ #algo: BEST
Weights: 1 * 1 * 1 * pileupWeight * 1 * lepIdSF * EGammaGsfSF * 1 * (MCWeight_singleLepCalc/abs(MCWeight_singleLepCalc)) * 1.73388570503e-05
Cuts: (leptonPt_singleLepCalc > 50) && (corr_met_singleLepCalc > 55) && (AK4HT > 480) && (minDR_lepJet > 0.4 || ptRel_lepJet > 40) && (NJetsAK8_JetSubCalc > 2) && (minDR_leadAK8otherAK8 < 3.0) && DataPastTrigger == 1 && isElectron==1
****************************************************************************************************
****************************************************************************************************
DISTRIBUTION: Tp2Mass
            -name in ljmet trees: Tprime2_ALGO_Mass
            -x-axis label is set to: ;M(T) [GeV])
            -using the binning as: [0.0, 60.0, 120.0, 180.0, 240.0, 300.0, 360.0, 420.0, 480.0, 540.0, 600.0, 660.0, 720.0, 780.0, 840.0, 900.0, 960.0, 1020.0, 1080.0, 1140.0, 1200.0, 1260.0, 1320.0, 1380.0, 1440.0, 1500.0, 1560.0, 1620.0, 1680.0, 1740.0, 1800.0, 1860.0, 1920.0, 1980.0, 2040.0, 2100.0, 2160.0, 2220.0, 2280.0, 2340.0, 2400.0, 2460.0, 2520.0, 2580.0, 2640.0, 2700.0, 2760.0, 2820.0, 2880.0, 2940.0, 3000.0]
/////////////////////////
PROCESSING:  TTM1800BWBW
/////////////////////////
plotTreeName: Tprime2_BEST_Mass
Flavour: E #tag: isV_tZtZ #algo: BEST
Weights: 1 * 1 * 1 * pileupWeight * 1 * lepIdSF * EGammaGsfSF * 1 * (MCWeight_singleLepCalc/abs(MCWeight_singleLepCalc)) * 3.89579688164e-05
Cuts: (leptonPt_singleLepCalc > 50) && (corr_met_singleLepCalc > 55) && (AK4HT > 480) && (minDR_lepJet > 0.4 || ptRel_lepJet > 40) && (NJetsAK8_JetSubCalc > 2) && (minDR_leadAK8otherAK8 < 3.0) && DataPastTrigger == 1 && isElectron==1
****************************************************************************************************
****************************************************************************************************
DISTRIBUTION: Tp2Mass
            -name in ljmet trees: Tprime2_ALGO_Mass
            -x-axis label is set to: ;M(T) [GeV])
            -using the binning as: [0.0, 60.0, 120.0, 180.0, 240.0, 300.0, 360.0, 420.0, 480.0, 540.0, 600.0, 660.0, 720.0, 780.0, 840.0, 900.0, 960.0, 1020.0, 1080.0, 1140.0, 1200.0, 1260.0, 1320.0, 1380.0, 1440.0, 1500.0, 1560.0, 1620.0, 1680.0, 1740.0, 1800.0, 1860.0, 1920.0, 1980.0, 2040.0, 2100.0, 2160.0, 2220.0, 2280.0, 2340.0, 2400.0, 2460.0, 2520.0, 2580.0, 2640.0, 2700.0, 2760.0, 2820.0, 2880.0, 2940.0, 3000.0]
/////////////////////////
PROCESSING:  TTM1800THTH
/////////////////////////
plotTreeName: Tprime2_BEST_Mass
Flavour: E #tag: isV_tZtZ #algo: BEST
Weights: 1 * 1 * 1 * pileupWeight * 1 * lepIdSF * EGammaGsfSF * 1 * (MCWeight_singleLepCalc/abs(MCWeight_singleLepCalc)) * 9.7394922041e-06
Cuts: (leptonPt_singleLepCalc > 50) && (corr_met_singleLepCalc > 55) && (AK4HT > 480) && (minDR_lepJet > 0.4 || ptRel_lepJet > 40) && (NJetsAK8_JetSubCalc > 2) && (minDR_leadAK8otherAK8 < 3.0) && DataPastTrigger == 1 && isElectron==1
****************************************************************************************************
****************************************************************************************************
DISTRIBUTION: Tp2Mass
            -name in ljmet trees: Tprime2_ALGO_Mass
            -x-axis label is set to: ;M(T) [GeV])
            -using the binning as: [0.0, 60.0, 120.0, 180.0, 240.0, 300.0, 360.0, 420.0, 480.0, 540.0, 600.0, 660.0, 720.0, 780.0, 840.0, 900.0, 960.0, 1020.0, 1080.0, 1140.0, 1200.0, 1260.0, 1320.0, 1380.0, 1440.0, 1500.0, 1560.0, 1620.0, 1680.0, 1740.0, 1800.0, 1860.0, 1920.0, 1980.0, 2040.0, 2100.0, 2160.0, 2220.0, 2280.0, 2340.0, 2400.0, 2460.0, 2520.0, 2580.0, 2640.0, 2700.0, 2760.0, 2820.0, 2880.0, 2940.0, 3000.0]
/////////////////////////
PROCESSING:  TTM1800TZTZ
/////////////////////////
plotTreeName: Tprime2_BEST_Mass
Flavour: E #tag: isV_tZtZ #algo: BEST
Weights: 1 * 1 * 1 * pileupWeight * 1 * lepIdSF * EGammaGsfSF * 1 * (MCWeight_singleLepCalc/abs(MCWeight_singleLepCalc)) * 9.7394922041e-06
Cuts: (leptonPt_singleLepCalc > 50) && (corr_met_singleLepCalc > 55) && (AK4HT > 480) && (minDR_lepJet > 0.4 || ptRel_lepJet > 40) && (NJetsAK8_JetSubCalc > 2) && (minDR_leadAK8otherAK8 < 3.0) && DataPastTrigger == 1 && isElectron==1
****************************************************************************************************
****************************************************************************************************
DISTRIBUTION: Tp2Mass
            -name in ljmet trees: Tprime2_ALGO_Mass
            -x-axis label is set to: ;M(T) [GeV])
            -using the binning as: [0.0, 60.0, 120.0, 180.0, 240.0, 300.0, 360.0, 420.0, 480.0, 540.0, 600.0, 660.0, 720.0, 780.0, 840.0, 900.0, 960.0, 1020.0, 1080.0, 1140.0, 1200.0, 1260.0, 1320.0, 1380.0, 1440.0, 1500.0, 1560.0, 1620.0, 1680.0, 1740.0, 1800.0, 1860.0, 1920.0, 1980.0, 2040.0, 2100.0, 2160.0, 2220.0, 2280.0, 2340.0, 2400.0, 2460.0, 2520.0, 2580.0, 2640.0, 2700.0, 2760.0, 2820.0, 2880.0, 2940.0, 3000.0]
/////////////////////////
PROCESSING:  TTM1800TZBW
/////////////////////////
plotTreeName: Tprime2_BEST_Mass
Flavour: E #tag: isV_tZtZ #algo: BEST
Weights: 1 * 1 * 1 * pileupWeight * 1 * lepIdSF * EGammaGsfSF * 1 * (MCWeight_singleLepCalc/abs(MCWeight_singleLepCalc)) * 1.94789844082e-05
Cuts: (leptonPt_singleLepCalc > 50) && (corr_met_singleLepCalc > 55) && (AK4HT > 480) && (minDR_lepJet > 0.4 || ptRel_lepJet > 40) && (NJetsAK8_JetSubCalc > 2) && (minDR_leadAK8otherAK8 < 3.0) && DataPastTrigger == 1 && isElectron==1
****************************************************************************************************
****************************************************************************************************
DISTRIBUTION: Tp2Mass
            -name in ljmet trees: Tprime2_ALGO_Mass
            -x-axis label is set to: ;M(T) [GeV])
            -using the binning as: [0.0, 60.0, 120.0, 180.0, 240.0, 300.0, 360.0, 420.0, 480.0, 540.0, 600.0, 660.0, 720.0, 780.0, 840.0, 900.0, 960.0, 1020.0, 1080.0, 1140.0, 1200.0, 1260.0, 1320.0, 1380.0, 1440.0, 1500.0, 1560.0, 1620.0, 1680.0, 1740.0, 1800.0, 1860.0, 1920.0, 1980.0, 2040.0, 2100.0, 2160.0, 2220.0, 2280.0, 2340.0, 2400.0, 2460.0, 2520.0, 2580.0, 2640.0, 2700.0, 2760.0, 2820.0, 2880.0, 2940.0, 3000.0]
/////////////////////////
PROCESSING:  TTM1800THBW
/////////////////////////
plotTreeName: Tprime2_BEST_Mass
Flavour: E #tag: isV_tZtZ #algo: BEST
Weights: 1 * 1 * 1 * pileupWeight * 1 * lepIdSF * EGammaGsfSF * 1 * (MCWeight_singleLepCalc/abs(MCWeight_singleLepCalc)) * 1.94789844082e-05
Cuts: (leptonPt_singleLepCalc > 50) && (corr_met_singleLepCalc > 55) && (AK4HT > 480) && (minDR_lepJet > 0.4 || ptRel_lepJet > 40) && (NJetsAK8_JetSubCalc > 2) && (minDR_leadAK8otherAK8 < 3.0) && DataPastTrigger == 1 && isElectron==1
****************************************************************************************************
****************************************************************************************************
DISTRIBUTION: Tp2Mass
            -name in ljmet trees: Tprime2_ALGO_Mass
            -x-axis label is set to: ;M(T) [GeV])
            -using the binning as: [0.0, 60.0, 120.0, 180.0, 240.0, 300.0, 360.0, 420.0, 480.0, 540.0, 600.0, 660.0, 720.0, 780.0, 840.0, 900.0, 960.0, 1020.0, 1080.0, 1140.0, 1200.0, 1260.0, 1320.0, 1380.0, 1440.0, 1500.0, 1560.0, 1620.0, 1680.0, 1740.0, 1800.0, 1860.0, 1920.0, 1980.0, 2040.0, 2100.0, 2160.0, 2220.0, 2280.0, 2340.0, 2400.0, 2460.0, 2520.0, 2580.0, 2640.0, 2700.0, 2760.0, 2820.0, 2880.0, 2940.0, 3000.0]
/////////////////////////
PROCESSING:  TTM1800TZTH
/////////////////////////
plotTreeName: Tprime2_BEST_Mass
Flavour: E #tag: isV_tZtZ #algo: BEST
Weights: 1 * 1 * 1 * pileupWeight * 1 * lepIdSF * EGammaGsfSF * 1 * (MCWeight_singleLepCalc/abs(MCWeight_singleLepCalc)) * 9.7394922041e-06
Cuts: (leptonPt_singleLepCalc > 50) && (corr_met_singleLepCalc > 55) && (AK4HT > 480) && (minDR_lepJet > 0.4 || ptRel_lepJet > 40) && (NJetsAK8_JetSubCalc > 2) && (minDR_leadAK8otherAK8 < 3.0) && DataPastTrigger == 1 && isElectron==1
****************************************************************************************************
****************************************************************************************************
DISTRIBUTION: Tp2Mass
            -name in ljmet trees: Tprime2_ALGO_Mass
            -x-axis label is set to: ;M(T) [GeV])
            -using the binning as: [0.0, 60.0, 120.0, 180.0, 240.0, 300.0, 360.0, 420.0, 480.0, 540.0, 600.0, 660.0, 720.0, 780.0, 840.0, 900.0, 960.0, 1020.0, 1080.0, 1140.0, 1200.0, 1260.0, 1320.0, 1380.0, 1440.0, 1500.0, 1560.0, 1620.0, 1680.0, 1740.0, 1800.0, 1860.0, 1920.0, 1980.0, 2040.0, 2100.0, 2160.0, 2220.0, 2280.0, 2340.0, 2400.0, 2460.0, 2520.0, 2580.0, 2640.0, 2700.0, 2760.0, 2820.0, 2880.0, 2940.0, 3000.0]
/////////////////////////
PROCESSING:  WJetsMG400
/////////////////////////
plotTreeName: Tprime2_DeepAK8_Mass
Flavour: E #tag: isV_tZtZ #algo: DeepAK8
Weights: 1 * HTSF_Pol * 1 * pileupWeight * 1 * lepIdSF * EGammaGsfSF * 1 * (MCWeight_singleLepCalc/abs(MCWeight_singleLepCalc)) * 0.280770227538
Cuts: (leptonPt_singleLepCalc > 50) && (corr_met_singleLepCalc > 55) && (AK4HT > 480) && (minDR_lepJet > 0.4 || ptRel_lepJet > 40) && (NJetsAK8_JetSubCalc > 2) && (minDR_leadAK8otherAK8 < 3.0) && DataPastTrigger == 1 && isElectron==1
****************************************************************************************************
****************************************************************************************************
DISTRIBUTION: Tp2Mass
            -name in ljmet trees: Tprime2_ALGO_Mass
            -x-axis label is set to: ;M(T) [GeV])
            -using the binning as: [0.0, 60.0, 120.0, 180.0, 240.0, 300.0, 360.0, 420.0, 480.0, 540.0, 600.0, 660.0, 720.0, 780.0, 840.0, 900.0, 960.0, 1020.0, 1080.0, 1140.0, 1200.0, 1260.0, 1320.0, 1380.0, 1440.0, 1500.0, 1560.0, 1620.0, 1680.0, 1740.0, 1800.0, 1860.0, 1920.0, 1980.0, 2040.0, 2100.0, 2160.0, 2220.0, 2280.0, 2340.0, 2400.0, 2460.0, 2520.0, 2580.0, 2640.0, 2700.0, 2760.0, 2820.0, 2880.0, 2940.0, 3000.0]
/////////////////////////
PROCESSING:  WJetsMG600
/////////////////////////
plotTreeName: Tprime2_DeepAK8_Mass
Flavour: E #tag: isV_tZtZ #algo: DeepAK8
Weights: 1 * HTSF_Pol * 1 * pileupWeight * 1 * lepIdSF * EGammaGsfSF * 1 * (MCWeight_singleLepCalc/abs(MCWeight_singleLepCalc)) * 0.0287233231554
Cuts: (leptonPt_singleLepCalc > 50) && (corr_met_singleLepCalc > 55) && (AK4HT > 480) && (minDR_lepJet > 0.4 || ptRel_lepJet > 40) && (NJetsAK8_JetSubCalc > 2) && (minDR_leadAK8otherAK8 < 3.0) && DataPastTrigger == 1 && isElectron==1
****************************************************************************************************
****************************************************************************************************
DISTRIBUTION: Tp2Mass
            -name in ljmet trees: Tprime2_ALGO_Mass
            -x-axis label is set to: ;M(T) [GeV])
            -using the binning as: [0.0, 60.0, 120.0, 180.0, 240.0, 300.0, 360.0, 420.0, 480.0, 540.0, 600.0, 660.0, 720.0, 780.0, 840.0, 900.0, 960.0, 1020.0, 1080.0, 1140.0, 1200.0, 1260.0, 1320.0, 1380.0, 1440.0, 1500.0, 1560.0, 1620.0, 1680.0, 1740.0, 1800.0, 1860.0, 1920.0, 1980.0, 2040.0, 2100.0, 2160.0, 2220.0, 2280.0, 2340.0, 2400.0, 2460.0, 2520.0, 2580.0, 2640.0, 2700.0, 2760.0, 2820.0, 2880.0, 2940.0, 3000.0]
/////////////////////////
PROCESSING:  WJetsMG800
/////////////////////////
plotTreeName: Tprime2_DeepAK8_Mass
Flavour: E #tag: isV_tZtZ #algo: DeepAK8
Weights: 1 * HTSF_Pol * 1 * pileupWeight * 1 * lepIdSF * EGammaGsfSF * 1 * (MCWeight_singleLepCalc/abs(MCWeight_singleLepCalc)) * 0.0316367902594
Cuts: (leptonPt_singleLepCalc > 50) && (corr_met_singleLepCalc > 55) && (AK4HT > 480) && (minDR_lepJet > 0.4 || ptRel_lepJet > 40) && (NJetsAK8_JetSubCalc > 2) && (minDR_leadAK8otherAK8 < 3.0) && DataPastTrigger == 1 && isElectron==1
****************************************************************************************************
****************************************************************************************************
DISTRIBUTION: Tp2Mass
            -name in ljmet trees: Tprime2_ALGO_Mass
            -x-axis label is set to: ;M(T) [GeV])
            -using the binning as: [0.0, 60.0, 120.0, 180.0, 240.0, 300.0, 360.0, 420.0, 480.0, 540.0, 600.0, 660.0, 720.0, 780.0, 840.0, 900.0, 960.0, 1020.0, 1080.0, 1140.0, 1200.0, 1260.0, 1320.0, 1380.0, 1440.0, 1500.0, 1560.0, 1620.0, 1680.0, 1740.0, 1800.0, 1860.0, 1920.0, 1980.0, 2040.0, 2100.0, 2160.0, 2220.0, 2280.0, 2340.0, 2400.0, 2460.0, 2520.0, 2580.0, 2640.0, 2700.0, 2760.0, 2820.0, 2880.0, 2940.0, 3000.0]
/////////////////////////
PROCESSING:  WJetsMG1200
/////////////////////////
plotTreeName: Tprime2_DeepAK8_Mass
Flavour: E #tag: isV_tZtZ #algo: DeepAK8
Weights: 1 * HTSF_Pol * 1 * pileupWeight * 1 * lepIdSF * EGammaGsfSF * 1 * (MCWeight_singleLepCalc/abs(MCWeight_singleLepCalc)) * 0.00861414819858
Cuts: (leptonPt_singleLepCalc > 50) && (corr_met_singleLepCalc > 55) && (AK4HT > 480) && (minDR_lepJet > 0.4 || ptRel_lepJet > 40) && (NJetsAK8_JetSubCalc > 2) && (minDR_leadAK8otherAK8 < 3.0) && DataPastTrigger == 1 && isElectron==1
****************************************************************************************************
****************************************************************************************************
DISTRIBUTION: Tp2Mass
            -name in ljmet trees: Tprime2_ALGO_Mass
            -x-axis label is set to: ;M(T) [GeV])
            -using the binning as: [0.0, 60.0, 120.0, 180.0, 240.0, 300.0, 360.0, 420.0, 480.0, 540.0, 600.0, 660.0, 720.0, 780.0, 840.0, 900.0, 960.0, 1020.0, 1080.0, 1140.0, 1200.0, 1260.0, 1320.0, 1380.0, 1440.0, 1500.0, 1560.0, 1620.0, 1680.0, 1740.0, 1800.0, 1860.0, 1920.0, 1980.0, 2040.0, 2100.0, 2160.0, 2220.0, 2280.0, 2340.0, 2400.0, 2460.0, 2520.0, 2580.0, 2640.0, 2700.0, 2760.0, 2820.0, 2880.0, 2940.0, 3000.0]
/////////////////////////
PROCESSING:  WJetsMG2500
/////////////////////////
plotTreeName: Tprime2_DeepAK8_Mass
Flavour: E #tag: isV_tZtZ #algo: DeepAK8
Weights: 1 * HTSF_Pol * 1 * pileupWeight * 1 * lepIdSF * EGammaGsfSF * 1 * (MCWeight_singleLepCalc/abs(MCWeight_singleLepCalc)) * 0.00054308661217
Cuts: (leptonPt_singleLepCalc > 50) && (corr_met_singleLepCalc > 55) && (AK4HT > 480) && (minDR_lepJet > 0.4 || ptRel_lepJet > 40) && (NJetsAK8_JetSubCalc > 2) && (minDR_leadAK8otherAK8 < 3.0) && DataPastTrigger == 1 && isElectron==1
****************************************************************************************************
****************************************************************************************************
DISTRIBUTION: Tp2Mass
            -name in ljmet trees: Tprime2_ALGO_Mass
            -x-axis label is set to: ;M(T) [GeV])
            -using the binning as: [0.0, 60.0, 120.0, 180.0, 240.0, 300.0, 360.0, 420.0, 480.0, 540.0, 600.0, 660.0, 720.0, 780.0, 840.0, 900.0, 960.0, 1020.0, 1080.0, 1140.0, 1200.0, 1260.0, 1320.0, 1380.0, 1440.0, 1500.0, 1560.0, 1620.0, 1680.0, 1740.0, 1800.0, 1860.0, 1920.0, 1980.0, 2040.0, 2100.0, 2160.0, 2220.0, 2280.0, 2340.0, 2400.0, 2460.0, 2520.0, 2580.0, 2640.0, 2700.0, 2760.0, 2820.0, 2880.0, 2940.0, 3000.0]
/////////////////////////
PROCESSING:  TTM1100BWBW
/////////////////////////
plotTreeName: Tprime2_DeepAK8_Mass
Flavour: E #tag: isV_tZtZ #algo: DeepAK8
Weights: 1 * 1 * 1 * pileupWeight * 1 * lepIdSF * EGammaGsfSF * 1 * (MCWeight_singleLepCalc/abs(MCWeight_singleLepCalc)) * 0.00223239916536
Cuts: (leptonPt_singleLepCalc > 50) && (corr_met_singleLepCalc > 55) && (AK4HT > 480) && (minDR_lepJet > 0.4 || ptRel_lepJet > 40) && (NJetsAK8_JetSubCalc > 2) && (minDR_leadAK8otherAK8 < 3.0) && DataPastTrigger == 1 && isElectron==1
****************************************************************************************************
****************************************************************************************************
DISTRIBUTION: Tp2Mass
            -name in ljmet trees: Tprime2_ALGO_Mass
            -x-axis label is set to: ;M(T) [GeV])
            -using the binning as: [0.0, 60.0, 120.0, 180.0, 240.0, 300.0, 360.0, 420.0, 480.0, 540.0, 600.0, 660.0, 720.0, 780.0, 840.0, 900.0, 960.0, 1020.0, 1080.0, 1140.0, 1200.0, 1260.0, 1320.0, 1380.0, 1440.0, 1500.0, 1560.0, 1620.0, 1680.0, 1740.0, 1800.0, 1860.0, 1920.0, 1980.0, 2040.0, 2100.0, 2160.0, 2220.0, 2280.0, 2340.0, 2400.0, 2460.0, 2520.0, 2580.0, 2640.0, 2700.0, 2760.0, 2820.0, 2880.0, 2940.0, 3000.0]
/////////////////////////
PROCESSING:  TTM1100THTH
/////////////////////////
plotTreeName: Tprime2_DeepAK8_Mass
Flavour: E #tag: isV_tZtZ #algo: DeepAK8
Weights: 1 * 1 * 1 * pileupWeight * 1 * lepIdSF * EGammaGsfSF * 1 * (MCWeight_singleLepCalc/abs(MCWeight_singleLepCalc)) * 0.000558099791339
Cuts: (leptonPt_singleLepCalc > 50) && (corr_met_singleLepCalc > 55) && (AK4HT > 480) && (minDR_lepJet > 0.4 || ptRel_lepJet > 40) && (NJetsAK8_JetSubCalc > 2) && (minDR_leadAK8otherAK8 < 3.0) && DataPastTrigger == 1 && isElectron==1
****************************************************************************************************
****************************************************************************************************
DISTRIBUTION: Tp2Mass
            -name in ljmet trees: Tprime2_ALGO_Mass
            -x-axis label is set to: ;M(T) [GeV])
            -using the binning as: [0.0, 60.0, 120.0, 180.0, 240.0, 300.0, 360.0, 420.0, 480.0, 540.0, 600.0, 660.0, 720.0, 780.0, 840.0, 900.0, 960.0, 1020.0, 1080.0, 1140.0, 1200.0, 1260.0, 1320.0, 1380.0, 1440.0, 1500.0, 1560.0, 1620.0, 1680.0, 1740.0, 1800.0, 1860.0, 1920.0, 1980.0, 2040.0, 2100.0, 2160.0, 2220.0, 2280.0, 2340.0, 2400.0, 2460.0, 2520.0, 2580.0, 2640.0, 2700.0, 2760.0, 2820.0, 2880.0, 2940.0, 3000.0]
/////////////////////////
PROCESSING:  TTM1100TZTZ
/////////////////////////
plotTreeName: Tprime2_DeepAK8_Mass
Flavour: E #tag: isV_tZtZ #algo: DeepAK8
Weights: 1 * 1 * 1 * pileupWeight * 1 * lepIdSF * EGammaGsfSF * 1 * (MCWeight_singleLepCalc/abs(MCWeight_singleLepCalc)) * 0.000558099791339
Cuts: (leptonPt_singleLepCalc > 50) && (corr_met_singleLepCalc > 55) && (AK4HT > 480) && (minDR_lepJet > 0.4 || ptRel_lepJet > 40) && (NJetsAK8_JetSubCalc > 2) && (minDR_leadAK8otherAK8 < 3.0) && DataPastTrigger == 1 && isElectron==1
****************************************************************************************************
****************************************************************************************************
DISTRIBUTION: Tp2Mass
            -name in ljmet trees: Tprime2_ALGO_Mass
            -x-axis label is set to: ;M(T) [GeV])
            -using the binning as: [0.0, 60.0, 120.0, 180.0, 240.0, 300.0, 360.0, 420.0, 480.0, 540.0, 600.0, 660.0, 720.0, 780.0, 840.0, 900.0, 960.0, 1020.0, 1080.0, 1140.0, 1200.0, 1260.0, 1320.0, 1380.0, 1440.0, 1500.0, 1560.0, 1620.0, 1680.0, 1740.0, 1800.0, 1860.0, 1920.0, 1980.0, 2040.0, 2100.0, 2160.0, 2220.0, 2280.0, 2340.0, 2400.0, 2460.0, 2520.0, 2580.0, 2640.0, 2700.0, 2760.0, 2820.0, 2880.0, 2940.0, 3000.0]
/////////////////////////
PROCESSING:  TTM1100TZBW
/////////////////////////
plotTreeName: Tprime2_DeepAK8_Mass
Flavour: E #tag: isV_tZtZ #algo: DeepAK8
Weights: 1 * 1 * 1 * pileupWeight * 1 * lepIdSF * EGammaGsfSF * 1 * (MCWeight_singleLepCalc/abs(MCWeight_singleLepCalc)) * 0.00111619958268
Cuts: (leptonPt_singleLepCalc > 50) && (corr_met_singleLepCalc > 55) && (AK4HT > 480) && (minDR_lepJet > 0.4 || ptRel_lepJet > 40) && (NJetsAK8_JetSubCalc > 2) && (minDR_leadAK8otherAK8 < 3.0) && DataPastTrigger == 1 && isElectron==1
****************************************************************************************************
****************************************************************************************************
DISTRIBUTION: Tp2Mass
            -name in ljmet trees: Tprime2_ALGO_Mass
            -x-axis label is set to: ;M(T) [GeV])
            -using the binning as: [0.0, 60.0, 120.0, 180.0, 240.0, 300.0, 360.0, 420.0, 480.0, 540.0, 600.0, 660.0, 720.0, 780.0, 840.0, 900.0, 960.0, 1020.0, 1080.0, 1140.0, 1200.0, 1260.0, 1320.0, 1380.0, 1440.0, 1500.0, 1560.0, 1620.0, 1680.0, 1740.0, 1800.0, 1860.0, 1920.0, 1980.0, 2040.0, 2100.0, 2160.0, 2220.0, 2280.0, 2340.0, 2400.0, 2460.0, 2520.0, 2580.0, 2640.0, 2700.0, 2760.0, 2820.0, 2880.0, 2940.0, 3000.0]
/////////////////////////
PROCESSING:  TTM1100THBW
/////////////////////////
plotTreeName: Tprime2_DeepAK8_Mass
Flavour: E #tag: isV_tZtZ #algo: DeepAK8
Weights: 1 * 1 * 1 * pileupWeight * 1 * lepIdSF * EGammaGsfSF * 1 * (MCWeight_singleLepCalc/abs(MCWeight_singleLepCalc)) * 0.00111619958268
Cuts: (leptonPt_singleLepCalc > 50) && (corr_met_singleLepCalc > 55) && (AK4HT > 480) && (minDR_lepJet > 0.4 || ptRel_lepJet > 40) && (NJetsAK8_JetSubCalc > 2) && (minDR_leadAK8otherAK8 < 3.0) && DataPastTrigger == 1 && isElectron==1
****************************************************************************************************
****************************************************************************************************
DISTRIBUTION: Tp2Mass
            -name in ljmet trees: Tprime2_ALGO_Mass
            -x-axis label is set to: ;M(T) [GeV])
            -using the binning as: [0.0, 60.0, 120.0, 180.0, 240.0, 300.0, 360.0, 420.0, 480.0, 540.0, 600.0, 660.0, 720.0, 780.0, 840.0, 900.0, 960.0, 1020.0, 1080.0, 1140.0, 1200.0, 1260.0, 1320.0, 1380.0, 1440.0, 1500.0, 1560.0, 1620.0, 1680.0, 1740.0, 1800.0, 1860.0, 1920.0, 1980.0, 2040.0, 2100.0, 2160.0, 2220.0, 2280.0, 2340.0, 2400.0, 2460.0, 2520.0, 2580.0, 2640.0, 2700.0, 2760.0, 2820.0, 2880.0, 2940.0, 3000.0]
/////////////////////////
PROCESSING:  TTM1100TZTH
/////////////////////////
plotTreeName: Tprime2_DeepAK8_Mass
Flavour: E #tag: isV_tZtZ #algo: DeepAK8
Weights: 1 * 1 * 1 * pileupWeight * 1 * lepIdSF * EGammaGsfSF * 1 * (MCWeight_singleLepCalc/abs(MCWeight_singleLepCalc)) * 0.000558099791339
Cuts: (leptonPt_singleLepCalc > 50) && (corr_met_singleLepCalc > 55) && (AK4HT > 480) && (minDR_lepJet > 0.4 || ptRel_lepJet > 40) && (NJetsAK8_JetSubCalc > 2) && (minDR_leadAK8otherAK8 < 3.0) && DataPastTrigger == 1 && isElectron==1
****************************************************************************************************
****************************************************************************************************
DISTRIBUTION: Tp2Mass
            -name in ljmet trees: Tprime2_ALGO_Mass
            -x-axis label is set to: ;M(T) [GeV])
            -using the binning as: [0.0, 60.0, 120.0, 180.0, 240.0, 300.0, 360.0, 420.0, 480.0, 540.0, 600.0, 660.0, 720.0, 780.0, 840.0, 900.0, 960.0, 1020.0, 1080.0, 1140.0, 1200.0, 1260.0, 1320.0, 1380.0, 1440.0, 1500.0, 1560.0, 1620.0, 1680.0, 1740.0, 1800.0, 1860.0, 1920.0, 1980.0, 2040.0, 2100.0, 2160.0, 2220.0, 2280.0, 2340.0, 2400.0, 2460.0, 2520.0, 2580.0, 2640.0, 2700.0, 2760.0, 2820.0, 2880.0, 2940.0, 3000.0]
/////////////////////////
PROCESSING:  TTM1200BWBW
/////////////////////////
plotTreeName: Tprime2_DeepAK8_Mass
Flavour: E #tag: isV_tZtZ #algo: DeepAK8
Weights: 1 * 1 * 1 * pileupWeight * 1 * lepIdSF * EGammaGsfSF * 1 * (MCWeight_singleLepCalc/abs(MCWeight_singleLepCalc)) * 0.00117627847652
Cuts: (leptonPt_singleLepCalc > 50) && (corr_met_singleLepCalc > 55) && (AK4HT > 480) && (minDR_lepJet > 0.4 || ptRel_lepJet > 40) && (NJetsAK8_JetSubCalc > 2) && (minDR_leadAK8otherAK8 < 3.0) && DataPastTrigger == 1 && isElectron==1
****************************************************************************************************
****************************************************************************************************
DISTRIBUTION: Tp2Mass
            -name in ljmet trees: Tprime2_ALGO_Mass
            -x-axis label is set to: ;M(T) [GeV])
            -using the binning as: [0.0, 60.0, 120.0, 180.0, 240.0, 300.0, 360.0, 420.0, 480.0, 540.0, 600.0, 660.0, 720.0, 780.0, 840.0, 900.0, 960.0, 1020.0, 1080.0, 1140.0, 1200.0, 1260.0, 1320.0, 1380.0, 1440.0, 1500.0, 1560.0, 1620.0, 1680.0, 1740.0, 1800.0, 1860.0, 1920.0, 1980.0, 2040.0, 2100.0, 2160.0, 2220.0, 2280.0, 2340.0, 2400.0, 2460.0, 2520.0, 2580.0, 2640.0, 2700.0, 2760.0, 2820.0, 2880.0, 2940.0, 3000.0]
/////////////////////////
PROCESSING:  TTM1200THTH
/////////////////////////
plotTreeName: Tprime2_DeepAK8_Mass
Flavour: E #tag: isV_tZtZ #algo: DeepAK8
Weights: 1 * 1 * 1 * pileupWeight * 1 * lepIdSF * EGammaGsfSF * 1 * (MCWeight_singleLepCalc/abs(MCWeight_singleLepCalc)) * 0.00029406961913
Cuts: (leptonPt_singleLepCalc > 50) && (corr_met_singleLepCalc > 55) && (AK4HT > 480) && (minDR_lepJet > 0.4 || ptRel_lepJet > 40) && (NJetsAK8_JetSubCalc > 2) && (minDR_leadAK8otherAK8 < 3.0) && DataPastTrigger == 1 && isElectron==1
****************************************************************************************************
****************************************************************************************************
DISTRIBUTION: Tp2Mass
            -name in ljmet trees: Tprime2_ALGO_Mass
            -x-axis label is set to: ;M(T) [GeV])
            -using the binning as: [0.0, 60.0, 120.0, 180.0, 240.0, 300.0, 360.0, 420.0, 480.0, 540.0, 600.0, 660.0, 720.0, 780.0, 840.0, 900.0, 960.0, 1020.0, 1080.0, 1140.0, 1200.0, 1260.0, 1320.0, 1380.0, 1440.0, 1500.0, 1560.0, 1620.0, 1680.0, 1740.0, 1800.0, 1860.0, 1920.0, 1980.0, 2040.0, 2100.0, 2160.0, 2220.0, 2280.0, 2340.0, 2400.0, 2460.0, 2520.0, 2580.0, 2640.0, 2700.0, 2760.0, 2820.0, 2880.0, 2940.0, 3000.0]
/////////////////////////
PROCESSING:  TTM1200TZTZ
/////////////////////////
plotTreeName: Tprime2_DeepAK8_Mass
Flavour: E #tag: isV_tZtZ #algo: DeepAK8
Weights: 1 * 1 * 1 * pileupWeight * 1 * lepIdSF * EGammaGsfSF * 1 * (MCWeight_singleLepCalc/abs(MCWeight_singleLepCalc)) * 0.00029406961913
Cuts: (leptonPt_singleLepCalc > 50) && (corr_met_singleLepCalc > 55) && (AK4HT > 480) && (minDR_lepJet > 0.4 || ptRel_lepJet > 40) && (NJetsAK8_JetSubCalc > 2) && (minDR_leadAK8otherAK8 < 3.0) && DataPastTrigger == 1 && isElectron==1
****************************************************************************************************
****************************************************************************************************
DISTRIBUTION: Tp2Mass
            -name in ljmet trees: Tprime2_ALGO_Mass
            -x-axis label is set to: ;M(T) [GeV])
            -using the binning as: [0.0, 60.0, 120.0, 180.0, 240.0, 300.0, 360.0, 420.0, 480.0, 540.0, 600.0, 660.0, 720.0, 780.0, 840.0, 900.0, 960.0, 1020.0, 1080.0, 1140.0, 1200.0, 1260.0, 1320.0, 1380.0, 1440.0, 1500.0, 1560.0, 1620.0, 1680.0, 1740.0, 1800.0, 1860.0, 1920.0, 1980.0, 2040.0, 2100.0, 2160.0, 2220.0, 2280.0, 2340.0, 2400.0, 2460.0, 2520.0, 2580.0, 2640.0, 2700.0, 2760.0, 2820.0, 2880.0, 2940.0, 3000.0]
/////////////////////////
PROCESSING:  TTM1200TZBW
/////////////////////////
plotTreeName: Tprime2_DeepAK8_Mass
Flavour: E #tag: isV_tZtZ #algo: DeepAK8
Weights: 1 * 1 * 1 * pileupWeight * 1 * lepIdSF * EGammaGsfSF * 1 * (MCWeight_singleLepCalc/abs(MCWeight_singleLepCalc)) * 0.000588139238259
Cuts: (leptonPt_singleLepCalc > 50) && (corr_met_singleLepCalc > 55) && (AK4HT > 480) && (minDR_lepJet > 0.4 || ptRel_lepJet > 40) && (NJetsAK8_JetSubCalc > 2) && (minDR_leadAK8otherAK8 < 3.0) && DataPastTrigger == 1 && isElectron==1
****************************************************************************************************
****************************************************************************************************
DISTRIBUTION: Tp2Mass
            -name in ljmet trees: Tprime2_ALGO_Mass
            -x-axis label is set to: ;M(T) [GeV])
            -using the binning as: [0.0, 60.0, 120.0, 180.0, 240.0, 300.0, 360.0, 420.0, 480.0, 540.0, 600.0, 660.0, 720.0, 780.0, 840.0, 900.0, 960.0, 1020.0, 1080.0, 1140.0, 1200.0, 1260.0, 1320.0, 1380.0, 1440.0, 1500.0, 1560.0, 1620.0, 1680.0, 1740.0, 1800.0, 1860.0, 1920.0, 1980.0, 2040.0, 2100.0, 2160.0, 2220.0, 2280.0, 2340.0, 2400.0, 2460.0, 2520.0, 2580.0, 2640.0, 2700.0, 2760.0, 2820.0, 2880.0, 2940.0, 3000.0]
/////////////////////////
PROCESSING:  TTM1200THBW
/////////////////////////
plotTreeName: Tprime2_DeepAK8_Mass
Flavour: E #tag: isV_tZtZ #algo: DeepAK8
Weights: 1 * 1 * 1 * pileupWeight * 1 * lepIdSF * EGammaGsfSF * 1 * (MCWeight_singleLepCalc/abs(MCWeight_singleLepCalc)) * 0.000588139238259
Cuts: (leptonPt_singleLepCalc > 50) && (corr_met_singleLepCalc > 55) && (AK4HT > 480) && (minDR_lepJet > 0.4 || ptRel_lepJet > 40) && (NJetsAK8_JetSubCalc > 2) && (minDR_leadAK8otherAK8 < 3.0) && DataPastTrigger == 1 && isElectron==1
****************************************************************************************************
****************************************************************************************************
DISTRIBUTION: Tp2Mass
            -name in ljmet trees: Tprime2_ALGO_Mass
            -x-axis label is set to: ;M(T) [GeV])
            -using the binning as: [0.0, 60.0, 120.0, 180.0, 240.0, 300.0, 360.0, 420.0, 480.0, 540.0, 600.0, 660.0, 720.0, 780.0, 840.0, 900.0, 960.0, 1020.0, 1080.0, 1140.0, 1200.0, 1260.0, 1320.0, 1380.0, 1440.0, 1500.0, 1560.0, 1620.0, 1680.0, 1740.0, 1800.0, 1860.0, 1920.0, 1980.0, 2040.0, 2100.0, 2160.0, 2220.0, 2280.0, 2340.0, 2400.0, 2460.0, 2520.0, 2580.0, 2640.0, 2700.0, 2760.0, 2820.0, 2880.0, 2940.0, 3000.0]
/////////////////////////
PROCESSING:  TTM1200TZTH
/////////////////////////
plotTreeName: Tprime2_DeepAK8_Mass
Flavour: E #tag: isV_tZtZ #algo: DeepAK8
Weights: 1 * 1 * 1 * pileupWeight * 1 * lepIdSF * EGammaGsfSF * 1 * (MCWeight_singleLepCalc/abs(MCWeight_singleLepCalc)) * 0.00029406961913
Cuts: (leptonPt_singleLepCalc > 50) && (corr_met_singleLepCalc > 55) && (AK4HT > 480) && (minDR_lepJet > 0.4 || ptRel_lepJet > 40) && (NJetsAK8_JetSubCalc > 2) && (minDR_leadAK8otherAK8 < 3.0) && DataPastTrigger == 1 && isElectron==1
****************************************************************************************************
****************************************************************************************************
DISTRIBUTION: Tp2Mass
            -name in ljmet trees: Tprime2_ALGO_Mass
            -x-axis label is set to: ;M(T) [GeV])
            -using the binning as: [0.0, 60.0, 120.0, 180.0, 240.0, 300.0, 360.0, 420.0, 480.0, 540.0, 600.0, 660.0, 720.0, 780.0, 840.0, 900.0, 960.0, 1020.0, 1080.0, 1140.0, 1200.0, 1260.0, 1320.0, 1380.0, 1440.0, 1500.0, 1560.0, 1620.0, 1680.0, 1740.0, 1800.0, 1860.0, 1920.0, 1980.0, 2040.0, 2100.0, 2160.0, 2220.0, 2280.0, 2340.0, 2400.0, 2460.0, 2520.0, 2580.0, 2640.0, 2700.0, 2760.0, 2820.0, 2880.0, 2940.0, 3000.0]
/////////////////////////
PROCESSING:  TTM1300BWBW
/////////////////////////
plotTreeName: Tprime2_DeepAK8_Mass
Flavour: E #tag: isV_tZtZ #algo: DeepAK8
Weights: 1 * 1 * 1 * pileupWeight * 1 * lepIdSF * EGammaGsfSF * 1 * (MCWeight_singleLepCalc/abs(MCWeight_singleLepCalc)) * 0.00063821114509
Cuts: (leptonPt_singleLepCalc > 50) && (corr_met_singleLepCalc > 55) && (AK4HT > 480) && (minDR_lepJet > 0.4 || ptRel_lepJet > 40) && (NJetsAK8_JetSubCalc > 2) && (minDR_leadAK8otherAK8 < 3.0) && DataPastTrigger == 1 && isElectron==1
****************************************************************************************************
****************************************************************************************************
DISTRIBUTION: Tp2Mass
            -name in ljmet trees: Tprime2_ALGO_Mass
            -x-axis label is set to: ;M(T) [GeV])
            -using the binning as: [0.0, 60.0, 120.0, 180.0, 240.0, 300.0, 360.0, 420.0, 480.0, 540.0, 600.0, 660.0, 720.0, 780.0, 840.0, 900.0, 960.0, 1020.0, 1080.0, 1140.0, 1200.0, 1260.0, 1320.0, 1380.0, 1440.0, 1500.0, 1560.0, 1620.0, 1680.0, 1740.0, 1800.0, 1860.0, 1920.0, 1980.0, 2040.0, 2100.0, 2160.0, 2220.0, 2280.0, 2340.0, 2400.0, 2460.0, 2520.0, 2580.0, 2640.0, 2700.0, 2760.0, 2820.0, 2880.0, 2940.0, 3000.0]
/////////////////////////
PROCESSING:  TTM1300THTH
/////////////////////////
plotTreeName: Tprime2_DeepAK8_Mass
Flavour: E #tag: isV_tZtZ #algo: DeepAK8
Weights: 1 * 1 * 1 * pileupWeight * 1 * lepIdSF * EGammaGsfSF * 1 * (MCWeight_singleLepCalc/abs(MCWeight_singleLepCalc)) * 0.000159552786272
Cuts: (leptonPt_singleLepCalc > 50) && (corr_met_singleLepCalc > 55) && (AK4HT > 480) && (minDR_lepJet > 0.4 || ptRel_lepJet > 40) && (NJetsAK8_JetSubCalc > 2) && (minDR_leadAK8otherAK8 < 3.0) && DataPastTrigger == 1 && isElectron==1
****************************************************************************************************
****************************************************************************************************
DISTRIBUTION: Tp2Mass
            -name in ljmet trees: Tprime2_ALGO_Mass
            -x-axis label is set to: ;M(T) [GeV])
            -using the binning as: [0.0, 60.0, 120.0, 180.0, 240.0, 300.0, 360.0, 420.0, 480.0, 540.0, 600.0, 660.0, 720.0, 780.0, 840.0, 900.0, 960.0, 1020.0, 1080.0, 1140.0, 1200.0, 1260.0, 1320.0, 1380.0, 1440.0, 1500.0, 1560.0, 1620.0, 1680.0, 1740.0, 1800.0, 1860.0, 1920.0, 1980.0, 2040.0, 2100.0, 2160.0, 2220.0, 2280.0, 2340.0, 2400.0, 2460.0, 2520.0, 2580.0, 2640.0, 2700.0, 2760.0, 2820.0, 2880.0, 2940.0, 3000.0]
/////////////////////////
PROCESSING:  TTM1300TZTZ
/////////////////////////
plotTreeName: Tprime2_DeepAK8_Mass
Flavour: E #tag: isV_tZtZ #algo: DeepAK8
Weights: 1 * 1 * 1 * pileupWeight * 1 * lepIdSF * EGammaGsfSF * 1 * (MCWeight_singleLepCalc/abs(MCWeight_singleLepCalc)) * 0.000159552786272
Cuts: (leptonPt_singleLepCalc > 50) && (corr_met_singleLepCalc > 55) && (AK4HT > 480) && (minDR_lepJet > 0.4 || ptRel_lepJet > 40) && (NJetsAK8_JetSubCalc > 2) && (minDR_leadAK8otherAK8 < 3.0) && DataPastTrigger == 1 && isElectron==1
****************************************************************************************************
****************************************************************************************************
DISTRIBUTION: Tp2Mass
            -name in ljmet trees: Tprime2_ALGO_Mass
            -x-axis label is set to: ;M(T) [GeV])
            -using the binning as: [0.0, 60.0, 120.0, 180.0, 240.0, 300.0, 360.0, 420.0, 480.0, 540.0, 600.0, 660.0, 720.0, 780.0, 840.0, 900.0, 960.0, 1020.0, 1080.0, 1140.0, 1200.0, 1260.0, 1320.0, 1380.0, 1440.0, 1500.0, 1560.0, 1620.0, 1680.0, 1740.0, 1800.0, 1860.0, 1920.0, 1980.0, 2040.0, 2100.0, 2160.0, 2220.0, 2280.0, 2340.0, 2400.0, 2460.0, 2520.0, 2580.0, 2640.0, 2700.0, 2760.0, 2820.0, 2880.0, 2940.0, 3000.0]
/////////////////////////
PROCESSING:  TTM1300TZBW
/////////////////////////
plotTreeName: Tprime2_DeepAK8_Mass
Flavour: E #tag: isV_tZtZ #algo: DeepAK8
Weights: 1 * 1 * 1 * pileupWeight * 1 * lepIdSF * EGammaGsfSF * 1 * (MCWeight_singleLepCalc/abs(MCWeight_singleLepCalc)) * 0.000319105572545
Cuts: (leptonPt_singleLepCalc > 50) && (corr_met_singleLepCalc > 55) && (AK4HT > 480) && (minDR_lepJet > 0.4 || ptRel_lepJet > 40) && (NJetsAK8_JetSubCalc > 2) && (minDR_leadAK8otherAK8 < 3.0) && DataPastTrigger == 1 && isElectron==1
****************************************************************************************************
****************************************************************************************************
DISTRIBUTION: Tp2Mass
            -name in ljmet trees: Tprime2_ALGO_Mass
            -x-axis label is set to: ;M(T) [GeV])
            -using the binning as: [0.0, 60.0, 120.0, 180.0, 240.0, 300.0, 360.0, 420.0, 480.0, 540.0, 600.0, 660.0, 720.0, 780.0, 840.0, 900.0, 960.0, 1020.0, 1080.0, 1140.0, 1200.0, 1260.0, 1320.0, 1380.0, 1440.0, 1500.0, 1560.0, 1620.0, 1680.0, 1740.0, 1800.0, 1860.0, 1920.0, 1980.0, 2040.0, 2100.0, 2160.0, 2220.0, 2280.0, 2340.0, 2400.0, 2460.0, 2520.0, 2580.0, 2640.0, 2700.0, 2760.0, 2820.0, 2880.0, 2940.0, 3000.0]
/////////////////////////
PROCESSING:  TTM1300THBW
/////////////////////////
plotTreeName: Tprime2_DeepAK8_Mass
Flavour: E #tag: isV_tZtZ #algo: DeepAK8
Weights: 1 * 1 * 1 * pileupWeight * 1 * lepIdSF * EGammaGsfSF * 1 * (MCWeight_singleLepCalc/abs(MCWeight_singleLepCalc)) * 0.000319105572545
Cuts: (leptonPt_singleLepCalc > 50) && (corr_met_singleLepCalc > 55) && (AK4HT > 480) && (minDR_lepJet > 0.4 || ptRel_lepJet > 40) && (NJetsAK8_JetSubCalc > 2) && (minDR_leadAK8otherAK8 < 3.0) && DataPastTrigger == 1 && isElectron==1
****************************************************************************************************
****************************************************************************************************
DISTRIBUTION: Tp2Mass
            -name in ljmet trees: Tprime2_ALGO_Mass
            -x-axis label is set to: ;M(T) [GeV])
            -using the binning as: [0.0, 60.0, 120.0, 180.0, 240.0, 300.0, 360.0, 420.0, 480.0, 540.0, 600.0, 660.0, 720.0, 780.0, 840.0, 900.0, 960.0, 1020.0, 1080.0, 1140.0, 1200.0, 1260.0, 1320.0, 1380.0, 1440.0, 1500.0, 1560.0, 1620.0, 1680.0, 1740.0, 1800.0, 1860.0, 1920.0, 1980.0, 2040.0, 2100.0, 2160.0, 2220.0, 2280.0, 2340.0, 2400.0, 2460.0, 2520.0, 2580.0, 2640.0, 2700.0, 2760.0, 2820.0, 2880.0, 2940.0, 3000.0]
/////////////////////////
PROCESSING:  TTM1300TZTH
/////////////////////////
plotTreeName: Tprime2_DeepAK8_Mass
Flavour: E #tag: isV_tZtZ #algo: DeepAK8
Weights: 1 * 1 * 1 * pileupWeight * 1 * lepIdSF * EGammaGsfSF * 1 * (MCWeight_singleLepCalc/abs(MCWeight_singleLepCalc)) * 0.000159552786272
Cuts: (leptonPt_singleLepCalc > 50) && (corr_met_singleLepCalc > 55) && (AK4HT > 480) && (minDR_lepJet > 0.4 || ptRel_lepJet > 40) && (NJetsAK8_JetSubCalc > 2) && (minDR_leadAK8otherAK8 < 3.0) && DataPastTrigger == 1 && isElectron==1
****************************************************************************************************
****************************************************************************************************
DISTRIBUTION: Tp2Mass
            -name in ljmet trees: Tprime2_ALGO_Mass
            -x-axis label is set to: ;M(T) [GeV])
            -using the binning as: [0.0, 60.0, 120.0, 180.0, 240.0, 300.0, 360.0, 420.0, 480.0, 540.0, 600.0, 660.0, 720.0, 780.0, 840.0, 900.0, 960.0, 1020.0, 1080.0, 1140.0, 1200.0, 1260.0, 1320.0, 1380.0, 1440.0, 1500.0, 1560.0, 1620.0, 1680.0, 1740.0, 1800.0, 1860.0, 1920.0, 1980.0, 2040.0, 2100.0, 2160.0, 2220.0, 2280.0, 2340.0, 2400.0, 2460.0, 2520.0, 2580.0, 2640.0, 2700.0, 2760.0, 2820.0, 2880.0, 2940.0, 3000.0]
/////////////////////////
PROCESSING:  TTM1400BWBW
/////////////////////////
plotTreeName: Tprime2_DeepAK8_Mass
Flavour: E #tag: isV_tZtZ #algo: DeepAK8
Weights: 1 * 1 * 1 * pileupWeight * 1 * lepIdSF * EGammaGsfSF * 1 * (MCWeight_singleLepCalc/abs(MCWeight_singleLepCalc)) * 0.000352883542956
Cuts: (leptonPt_singleLepCalc > 50) && (corr_met_singleLepCalc > 55) && (AK4HT > 480) && (minDR_lepJet > 0.4 || ptRel_lepJet > 40) && (NJetsAK8_JetSubCalc > 2) && (minDR_leadAK8otherAK8 < 3.0) && DataPastTrigger == 1 && isElectron==1
****************************************************************************************************
****************************************************************************************************
DISTRIBUTION: Tp2Mass
            -name in ljmet trees: Tprime2_ALGO_Mass
            -x-axis label is set to: ;M(T) [GeV])
            -using the binning as: [0.0, 60.0, 120.0, 180.0, 240.0, 300.0, 360.0, 420.0, 480.0, 540.0, 600.0, 660.0, 720.0, 780.0, 840.0, 900.0, 960.0, 1020.0, 1080.0, 1140.0, 1200.0, 1260.0, 1320.0, 1380.0, 1440.0, 1500.0, 1560.0, 1620.0, 1680.0, 1740.0, 1800.0, 1860.0, 1920.0, 1980.0, 2040.0, 2100.0, 2160.0, 2220.0, 2280.0, 2340.0, 2400.0, 2460.0, 2520.0, 2580.0, 2640.0, 2700.0, 2760.0, 2820.0, 2880.0, 2940.0, 3000.0]
/////////////////////////
PROCESSING:  TTM1400THTH
/////////////////////////
plotTreeName: Tprime2_DeepAK8_Mass
Flavour: E #tag: isV_tZtZ #algo: DeepAK8
Weights: 1 * 1 * 1 * pileupWeight * 1 * lepIdSF * EGammaGsfSF * 1 * (MCWeight_singleLepCalc/abs(MCWeight_singleLepCalc)) * 8.82208857389e-05
Cuts: (leptonPt_singleLepCalc > 50) && (corr_met_singleLepCalc > 55) && (AK4HT > 480) && (minDR_lepJet > 0.4 || ptRel_lepJet > 40) && (NJetsAK8_JetSubCalc > 2) && (minDR_leadAK8otherAK8 < 3.0) && DataPastTrigger == 1 && isElectron==1
****************************************************************************************************
****************************************************************************************************
DISTRIBUTION: Tp2Mass
            -name in ljmet trees: Tprime2_ALGO_Mass
            -x-axis label is set to: ;M(T) [GeV])
            -using the binning as: [0.0, 60.0, 120.0, 180.0, 240.0, 300.0, 360.0, 420.0, 480.0, 540.0, 600.0, 660.0, 720.0, 780.0, 840.0, 900.0, 960.0, 1020.0, 1080.0, 1140.0, 1200.0, 1260.0, 1320.0, 1380.0, 1440.0, 1500.0, 1560.0, 1620.0, 1680.0, 1740.0, 1800.0, 1860.0, 1920.0, 1980.0, 2040.0, 2100.0, 2160.0, 2220.0, 2280.0, 2340.0, 2400.0, 2460.0, 2520.0, 2580.0, 2640.0, 2700.0, 2760.0, 2820.0, 2880.0, 2940.0, 3000.0]
/////////////////////////
PROCESSING:  TTM1400TZTZ
/////////////////////////
plotTreeName: Tprime2_DeepAK8_Mass
Flavour: E #tag: isV_tZtZ #algo: DeepAK8
Weights: 1 * 1 * 1 * pileupWeight * 1 * lepIdSF * EGammaGsfSF * 1 * (MCWeight_singleLepCalc/abs(MCWeight_singleLepCalc)) * 8.82208857389e-05
Cuts: (leptonPt_singleLepCalc > 50) && (corr_met_singleLepCalc > 55) && (AK4HT > 480) && (minDR_lepJet > 0.4 || ptRel_lepJet > 40) && (NJetsAK8_JetSubCalc > 2) && (minDR_leadAK8otherAK8 < 3.0) && DataPastTrigger == 1 && isElectron==1
****************************************************************************************************
****************************************************************************************************
DISTRIBUTION: Tp2Mass
            -name in ljmet trees: Tprime2_ALGO_Mass
            -x-axis label is set to: ;M(T) [GeV])
            -using the binning as: [0.0, 60.0, 120.0, 180.0, 240.0, 300.0, 360.0, 420.0, 480.0, 540.0, 600.0, 660.0, 720.0, 780.0, 840.0, 900.0, 960.0, 1020.0, 1080.0, 1140.0, 1200.0, 1260.0, 1320.0, 1380.0, 1440.0, 1500.0, 1560.0, 1620.0, 1680.0, 1740.0, 1800.0, 1860.0, 1920.0, 1980.0, 2040.0, 2100.0, 2160.0, 2220.0, 2280.0, 2340.0, 2400.0, 2460.0, 2520.0, 2580.0, 2640.0, 2700.0, 2760.0, 2820.0, 2880.0, 2940.0, 3000.0]
/////////////////////////
PROCESSING:  TTM1400TZBW
/////////////////////////
plotTreeName: Tprime2_DeepAK8_Mass
Flavour: E #tag: isV_tZtZ #algo: DeepAK8
Weights: 1 * 1 * 1 * pileupWeight * 1 * lepIdSF * EGammaGsfSF * 1 * (MCWeight_singleLepCalc/abs(MCWeight_singleLepCalc)) * 0.000176441771478
Cuts: (leptonPt_singleLepCalc > 50) && (corr_met_singleLepCalc > 55) && (AK4HT > 480) && (minDR_lepJet > 0.4 || ptRel_lepJet > 40) && (NJetsAK8_JetSubCalc > 2) && (minDR_leadAK8otherAK8 < 3.0) && DataPastTrigger == 1 && isElectron==1
****************************************************************************************************
****************************************************************************************************
DISTRIBUTION: Tp2Mass
            -name in ljmet trees: Tprime2_ALGO_Mass
            -x-axis label is set to: ;M(T) [GeV])
            -using the binning as: [0.0, 60.0, 120.0, 180.0, 240.0, 300.0, 360.0, 420.0, 480.0, 540.0, 600.0, 660.0, 720.0, 780.0, 840.0, 900.0, 960.0, 1020.0, 1080.0, 1140.0, 1200.0, 1260.0, 1320.0, 1380.0, 1440.0, 1500.0, 1560.0, 1620.0, 1680.0, 1740.0, 1800.0, 1860.0, 1920.0, 1980.0, 2040.0, 2100.0, 2160.0, 2220.0, 2280.0, 2340.0, 2400.0, 2460.0, 2520.0, 2580.0, 2640.0, 2700.0, 2760.0, 2820.0, 2880.0, 2940.0, 3000.0]
/////////////////////////
PROCESSING:  TTM1400THBW
/////////////////////////
plotTreeName: Tprime2_DeepAK8_Mass
Flavour: E #tag: isV_tZtZ #algo: DeepAK8
Weights: 1 * 1 * 1 * pileupWeight * 1 * lepIdSF * EGammaGsfSF * 1 * (MCWeight_singleLepCalc/abs(MCWeight_singleLepCalc)) * 0.000176441771478
Cuts: (leptonPt_singleLepCalc > 50) && (corr_met_singleLepCalc > 55) && (AK4HT > 480) && (minDR_lepJet > 0.4 || ptRel_lepJet > 40) && (NJetsAK8_JetSubCalc > 2) && (minDR_leadAK8otherAK8 < 3.0) && DataPastTrigger == 1 && isElectron==1
****************************************************************************************************
****************************************************************************************************
DISTRIBUTION: Tp2Mass
            -name in ljmet trees: Tprime2_ALGO_Mass
            -x-axis label is set to: ;M(T) [GeV])
            -using the binning as: [0.0, 60.0, 120.0, 180.0, 240.0, 300.0, 360.0, 420.0, 480.0, 540.0, 600.0, 660.0, 720.0, 780.0, 840.0, 900.0, 960.0, 1020.0, 1080.0, 1140.0, 1200.0, 1260.0, 1320.0, 1380.0, 1440.0, 1500.0, 1560.0, 1620.0, 1680.0, 1740.0, 1800.0, 1860.0, 1920.0, 1980.0, 2040.0, 2100.0, 2160.0, 2220.0, 2280.0, 2340.0, 2400.0, 2460.0, 2520.0, 2580.0, 2640.0, 2700.0, 2760.0, 2820.0, 2880.0, 2940.0, 3000.0]
/////////////////////////
PROCESSING:  TTM1400TZTH
/////////////////////////
plotTreeName: Tprime2_DeepAK8_Mass
Flavour: E #tag: isV_tZtZ #algo: DeepAK8
Weights: 1 * 1 * 1 * pileupWeight * 1 * lepIdSF * EGammaGsfSF * 1 * (MCWeight_singleLepCalc/abs(MCWeight_singleLepCalc)) * 8.82208857389e-05
Cuts: (leptonPt_singleLepCalc > 50) && (corr_met_singleLepCalc > 55) && (AK4HT > 480) && (minDR_lepJet > 0.4 || ptRel_lepJet > 40) && (NJetsAK8_JetSubCalc > 2) && (minDR_leadAK8otherAK8 < 3.0) && DataPastTrigger == 1 && isElectron==1
****************************************************************************************************
****************************************************************************************************
DISTRIBUTION: Tp2Mass
            -name in ljmet trees: Tprime2_ALGO_Mass
            -x-axis label is set to: ;M(T) [GeV])
            -using the binning as: [0.0, 60.0, 120.0, 180.0, 240.0, 300.0, 360.0, 420.0, 480.0, 540.0, 600.0, 660.0, 720.0, 780.0, 840.0, 900.0, 960.0, 1020.0, 1080.0, 1140.0, 1200.0, 1260.0, 1320.0, 1380.0, 1440.0, 1500.0, 1560.0, 1620.0, 1680.0, 1740.0, 1800.0, 1860.0, 1920.0, 1980.0, 2040.0, 2100.0, 2160.0, 2220.0, 2280.0, 2340.0, 2400.0, 2460.0, 2520.0, 2580.0, 2640.0, 2700.0, 2760.0, 2820.0, 2880.0, 2940.0, 3000.0]
/////////////////////////
PROCESSING:  TTM1500BWBW
/////////////////////////
plotTreeName: Tprime2_DeepAK8_Mass
Flavour: E #tag: isV_tZtZ #algo: DeepAK8
Weights: 1 * 1 * 1 * pileupWeight * 1 * lepIdSF * EGammaGsfSF * 1 * (MCWeight_singleLepCalc/abs(MCWeight_singleLepCalc)) * 0.00019932135405
Cuts: (leptonPt_singleLepCalc > 50) && (corr_met_singleLepCalc > 55) && (AK4HT > 480) && (minDR_lepJet > 0.4 || ptRel_lepJet > 40) && (NJetsAK8_JetSubCalc > 2) && (minDR_leadAK8otherAK8 < 3.0) && DataPastTrigger == 1 && isElectron==1
****************************************************************************************************
****************************************************************************************************
DISTRIBUTION: Tp2Mass
            -name in ljmet trees: Tprime2_ALGO_Mass
            -x-axis label is set to: ;M(T) [GeV])
            -using the binning as: [0.0, 60.0, 120.0, 180.0, 240.0, 300.0, 360.0, 420.0, 480.0, 540.0, 600.0, 660.0, 720.0, 780.0, 840.0, 900.0, 960.0, 1020.0, 1080.0, 1140.0, 1200.0, 1260.0, 1320.0, 1380.0, 1440.0, 1500.0, 1560.0, 1620.0, 1680.0, 1740.0, 1800.0, 1860.0, 1920.0, 1980.0, 2040.0, 2100.0, 2160.0, 2220.0, 2280.0, 2340.0, 2400.0, 2460.0, 2520.0, 2580.0, 2640.0, 2700.0, 2760.0, 2820.0, 2880.0, 2940.0, 3000.0]
/////////////////////////
PROCESSING:  TTM1500THTH
/////////////////////////
plotTreeName: Tprime2_DeepAK8_Mass
Flavour: E #tag: isV_tZtZ #algo: DeepAK8
Weights: 1 * 1 * 1 * pileupWeight * 1 * lepIdSF * EGammaGsfSF * 1 * (MCWeight_singleLepCalc/abs(MCWeight_singleLepCalc)) * 4.98303385124e-05
Cuts: (leptonPt_singleLepCalc > 50) && (corr_met_singleLepCalc > 55) && (AK4HT > 480) && (minDR_lepJet > 0.4 || ptRel_lepJet > 40) && (NJetsAK8_JetSubCalc > 2) && (minDR_leadAK8otherAK8 < 3.0) && DataPastTrigger == 1 && isElectron==1
****************************************************************************************************
****************************************************************************************************
DISTRIBUTION: Tp2Mass
            -name in ljmet trees: Tprime2_ALGO_Mass
            -x-axis label is set to: ;M(T) [GeV])
            -using the binning as: [0.0, 60.0, 120.0, 180.0, 240.0, 300.0, 360.0, 420.0, 480.0, 540.0, 600.0, 660.0, 720.0, 780.0, 840.0, 900.0, 960.0, 1020.0, 1080.0, 1140.0, 1200.0, 1260.0, 1320.0, 1380.0, 1440.0, 1500.0, 1560.0, 1620.0, 1680.0, 1740.0, 1800.0, 1860.0, 1920.0, 1980.0, 2040.0, 2100.0, 2160.0, 2220.0, 2280.0, 2340.0, 2400.0, 2460.0, 2520.0, 2580.0, 2640.0, 2700.0, 2760.0, 2820.0, 2880.0, 2940.0, 3000.0]
/////////////////////////
PROCESSING:  TTM1500TZTZ
/////////////////////////
plotTreeName: Tprime2_DeepAK8_Mass
Flavour: E #tag: isV_tZtZ #algo: DeepAK8
Weights: 1 * 1 * 1 * pileupWeight * 1 * lepIdSF * EGammaGsfSF * 1 * (MCWeight_singleLepCalc/abs(MCWeight_singleLepCalc)) * 4.98303385124e-05
Cuts: (leptonPt_singleLepCalc > 50) && (corr_met_singleLepCalc > 55) && (AK4HT > 480) && (minDR_lepJet > 0.4 || ptRel_lepJet > 40) && (NJetsAK8_JetSubCalc > 2) && (minDR_leadAK8otherAK8 < 3.0) && DataPastTrigger == 1 && isElectron==1
****************************************************************************************************
****************************************************************************************************
DISTRIBUTION: Tp2Mass
            -name in ljmet trees: Tprime2_ALGO_Mass
            -x-axis label is set to: ;M(T) [GeV])
            -using the binning as: [0.0, 60.0, 120.0, 180.0, 240.0, 300.0, 360.0, 420.0, 480.0, 540.0, 600.0, 660.0, 720.0, 780.0, 840.0, 900.0, 960.0, 1020.0, 1080.0, 1140.0, 1200.0, 1260.0, 1320.0, 1380.0, 1440.0, 1500.0, 1560.0, 1620.0, 1680.0, 1740.0, 1800.0, 1860.0, 1920.0, 1980.0, 2040.0, 2100.0, 2160.0, 2220.0, 2280.0, 2340.0, 2400.0, 2460.0, 2520.0, 2580.0, 2640.0, 2700.0, 2760.0, 2820.0, 2880.0, 2940.0, 3000.0]
/////////////////////////
PROCESSING:  TTM1500TZBW
/////////////////////////
plotTreeName: Tprime2_DeepAK8_Mass
Flavour: E #tag: isV_tZtZ #algo: DeepAK8
Weights: 1 * 1 * 1 * pileupWeight * 1 * lepIdSF * EGammaGsfSF * 1 * (MCWeight_singleLepCalc/abs(MCWeight_singleLepCalc)) * 9.96606770248e-05
Cuts: (leptonPt_singleLepCalc > 50) && (corr_met_singleLepCalc > 55) && (AK4HT > 480) && (minDR_lepJet > 0.4 || ptRel_lepJet > 40) && (NJetsAK8_JetSubCalc > 2) && (minDR_leadAK8otherAK8 < 3.0) && DataPastTrigger == 1 && isElectron==1
****************************************************************************************************
****************************************************************************************************
DISTRIBUTION: Tp2Mass
            -name in ljmet trees: Tprime2_ALGO_Mass
            -x-axis label is set to: ;M(T) [GeV])
            -using the binning as: [0.0, 60.0, 120.0, 180.0, 240.0, 300.0, 360.0, 420.0, 480.0, 540.0, 600.0, 660.0, 720.0, 780.0, 840.0, 900.0, 960.0, 1020.0, 1080.0, 1140.0, 1200.0, 1260.0, 1320.0, 1380.0, 1440.0, 1500.0, 1560.0, 1620.0, 1680.0, 1740.0, 1800.0, 1860.0, 1920.0, 1980.0, 2040.0, 2100.0, 2160.0, 2220.0, 2280.0, 2340.0, 2400.0, 2460.0, 2520.0, 2580.0, 2640.0, 2700.0, 2760.0, 2820.0, 2880.0, 2940.0, 3000.0]
/////////////////////////
PROCESSING:  TTM1500THBW
/////////////////////////
plotTreeName: Tprime2_DeepAK8_Mass
Flavour: E #tag: isV_tZtZ #algo: DeepAK8
Weights: 1 * 1 * 1 * pileupWeight * 1 * lepIdSF * EGammaGsfSF * 1 * (MCWeight_singleLepCalc/abs(MCWeight_singleLepCalc)) * 9.96606770248e-05
Cuts: (leptonPt_singleLepCalc > 50) && (corr_met_singleLepCalc > 55) && (AK4HT > 480) && (minDR_lepJet > 0.4 || ptRel_lepJet > 40) && (NJetsAK8_JetSubCalc > 2) && (minDR_leadAK8otherAK8 < 3.0) && DataPastTrigger == 1 && isElectron==1
****************************************************************************************************
****************************************************************************************************
DISTRIBUTION: Tp2Mass
            -name in ljmet trees: Tprime2_ALGO_Mass
            -x-axis label is set to: ;M(T) [GeV])
            -using the binning as: [0.0, 60.0, 120.0, 180.0, 240.0, 300.0, 360.0, 420.0, 480.0, 540.0, 600.0, 660.0, 720.0, 780.0, 840.0, 900.0, 960.0, 1020.0, 1080.0, 1140.0, 1200.0, 1260.0, 1320.0, 1380.0, 1440.0, 1500.0, 1560.0, 1620.0, 1680.0, 1740.0, 1800.0, 1860.0, 1920.0, 1980.0, 2040.0, 2100.0, 2160.0, 2220.0, 2280.0, 2340.0, 2400.0, 2460.0, 2520.0, 2580.0, 2640.0, 2700.0, 2760.0, 2820.0, 2880.0, 2940.0, 3000.0]
/////////////////////////
PROCESSING:  TTM1500TZTH
/////////////////////////
plotTreeName: Tprime2_DeepAK8_Mass
Flavour: E #tag: isV_tZtZ #algo: DeepAK8
Weights: 1 * 1 * 1 * pileupWeight * 1 * lepIdSF * EGammaGsfSF * 1 * (MCWeight_singleLepCalc/abs(MCWeight_singleLepCalc)) * 4.98303385124e-05
Cuts: (leptonPt_singleLepCalc > 50) && (corr_met_singleLepCalc > 55) && (AK4HT > 480) && (minDR_lepJet > 0.4 || ptRel_lepJet > 40) && (NJetsAK8_JetSubCalc > 2) && (minDR_leadAK8otherAK8 < 3.0) && DataPastTrigger == 1 && isElectron==1
****************************************************************************************************
****************************************************************************************************
DISTRIBUTION: Tp2Mass
            -name in ljmet trees: Tprime2_ALGO_Mass
            -x-axis label is set to: ;M(T) [GeV])
            -using the binning as: [0.0, 60.0, 120.0, 180.0, 240.0, 300.0, 360.0, 420.0, 480.0, 540.0, 600.0, 660.0, 720.0, 780.0, 840.0, 900.0, 960.0, 1020.0, 1080.0, 1140.0, 1200.0, 1260.0, 1320.0, 1380.0, 1440.0, 1500.0, 1560.0, 1620.0, 1680.0, 1740.0, 1800.0, 1860.0, 1920.0, 1980.0, 2040.0, 2100.0, 2160.0, 2220.0, 2280.0, 2340.0, 2400.0, 2460.0, 2520.0, 2580.0, 2640.0, 2700.0, 2760.0, 2820.0, 2880.0, 2940.0, 3000.0]
/////////////////////////
PROCESSING:  TTM1600BWBW
/////////////////////////
plotTreeName: Tprime2_DeepAK8_Mass
Flavour: E #tag: isV_tZtZ #algo: DeepAK8
Weights: 1 * 1 * 1 * pileupWeight * 1 * lepIdSF * EGammaGsfSF * 1 * (MCWeight_singleLepCalc/abs(MCWeight_singleLepCalc)) * 0.000114437939919
Cuts: (leptonPt_singleLepCalc > 50) && (corr_met_singleLepCalc > 55) && (AK4HT > 480) && (minDR_lepJet > 0.4 || ptRel_lepJet > 40) && (NJetsAK8_JetSubCalc > 2) && (minDR_leadAK8otherAK8 < 3.0) && DataPastTrigger == 1 && isElectron==1
****************************************************************************************************
****************************************************************************************************
DISTRIBUTION: Tp2Mass
            -name in ljmet trees: Tprime2_ALGO_Mass
            -x-axis label is set to: ;M(T) [GeV])
            -using the binning as: [0.0, 60.0, 120.0, 180.0, 240.0, 300.0, 360.0, 420.0, 480.0, 540.0, 600.0, 660.0, 720.0, 780.0, 840.0, 900.0, 960.0, 1020.0, 1080.0, 1140.0, 1200.0, 1260.0, 1320.0, 1380.0, 1440.0, 1500.0, 1560.0, 1620.0, 1680.0, 1740.0, 1800.0, 1860.0, 1920.0, 1980.0, 2040.0, 2100.0, 2160.0, 2220.0, 2280.0, 2340.0, 2400.0, 2460.0, 2520.0, 2580.0, 2640.0, 2700.0, 2760.0, 2820.0, 2880.0, 2940.0, 3000.0]
/////////////////////////
PROCESSING:  TTM1600THTH
/////////////////////////
plotTreeName: Tprime2_DeepAK8_Mass
Flavour: E #tag: isV_tZtZ #algo: DeepAK8
Weights: 1 * 1 * 1 * pileupWeight * 1 * lepIdSF * EGammaGsfSF * 1 * (MCWeight_singleLepCalc/abs(MCWeight_singleLepCalc)) * 2.86094849797e-05
Cuts: (leptonPt_singleLepCalc > 50) && (corr_met_singleLepCalc > 55) && (AK4HT > 480) && (minDR_lepJet > 0.4 || ptRel_lepJet > 40) && (NJetsAK8_JetSubCalc > 2) && (minDR_leadAK8otherAK8 < 3.0) && DataPastTrigger == 1 && isElectron==1
****************************************************************************************************
****************************************************************************************************
DISTRIBUTION: Tp2Mass
            -name in ljmet trees: Tprime2_ALGO_Mass
            -x-axis label is set to: ;M(T) [GeV])
            -using the binning as: [0.0, 60.0, 120.0, 180.0, 240.0, 300.0, 360.0, 420.0, 480.0, 540.0, 600.0, 660.0, 720.0, 780.0, 840.0, 900.0, 960.0, 1020.0, 1080.0, 1140.0, 1200.0, 1260.0, 1320.0, 1380.0, 1440.0, 1500.0, 1560.0, 1620.0, 1680.0, 1740.0, 1800.0, 1860.0, 1920.0, 1980.0, 2040.0, 2100.0, 2160.0, 2220.0, 2280.0, 2340.0, 2400.0, 2460.0, 2520.0, 2580.0, 2640.0, 2700.0, 2760.0, 2820.0, 2880.0, 2940.0, 3000.0]
/////////////////////////
PROCESSING:  TTM1600TZTZ
/////////////////////////
plotTreeName: Tprime2_DeepAK8_Mass
Flavour: E #tag: isV_tZtZ #algo: DeepAK8
Weights: 1 * 1 * 1 * pileupWeight * 1 * lepIdSF * EGammaGsfSF * 1 * (MCWeight_singleLepCalc/abs(MCWeight_singleLepCalc)) * 2.86094849797e-05
Cuts: (leptonPt_singleLepCalc > 50) && (corr_met_singleLepCalc > 55) && (AK4HT > 480) && (minDR_lepJet > 0.4 || ptRel_lepJet > 40) && (NJetsAK8_JetSubCalc > 2) && (minDR_leadAK8otherAK8 < 3.0) && DataPastTrigger == 1 && isElectron==1
****************************************************************************************************
****************************************************************************************************
DISTRIBUTION: Tp2Mass
            -name in ljmet trees: Tprime2_ALGO_Mass
            -x-axis label is set to: ;M(T) [GeV])
            -using the binning as: [0.0, 60.0, 120.0, 180.0, 240.0, 300.0, 360.0, 420.0, 480.0, 540.0, 600.0, 660.0, 720.0, 780.0, 840.0, 900.0, 960.0, 1020.0, 1080.0, 1140.0, 1200.0, 1260.0, 1320.0, 1380.0, 1440.0, 1500.0, 1560.0, 1620.0, 1680.0, 1740.0, 1800.0, 1860.0, 1920.0, 1980.0, 2040.0, 2100.0, 2160.0, 2220.0, 2280.0, 2340.0, 2400.0, 2460.0, 2520.0, 2580.0, 2640.0, 2700.0, 2760.0, 2820.0, 2880.0, 2940.0, 3000.0]
/////////////////////////
PROCESSING:  TTM1600TZBW
/////////////////////////
plotTreeName: Tprime2_DeepAK8_Mass
Flavour: E #tag: isV_tZtZ #algo: DeepAK8
Weights: 1 * 1 * 1 * pileupWeight * 1 * lepIdSF * EGammaGsfSF * 1 * (MCWeight_singleLepCalc/abs(MCWeight_singleLepCalc)) * 5.72189699595e-05
Cuts: (leptonPt_singleLepCalc > 50) && (corr_met_singleLepCalc > 55) && (AK4HT > 480) && (minDR_lepJet > 0.4 || ptRel_lepJet > 40) && (NJetsAK8_JetSubCalc > 2) && (minDR_leadAK8otherAK8 < 3.0) && DataPastTrigger == 1 && isElectron==1
****************************************************************************************************
****************************************************************************************************
DISTRIBUTION: Tp2Mass
            -name in ljmet trees: Tprime2_ALGO_Mass
            -x-axis label is set to: ;M(T) [GeV])
            -using the binning as: [0.0, 60.0, 120.0, 180.0, 240.0, 300.0, 360.0, 420.0, 480.0, 540.0, 600.0, 660.0, 720.0, 780.0, 840.0, 900.0, 960.0, 1020.0, 1080.0, 1140.0, 1200.0, 1260.0, 1320.0, 1380.0, 1440.0, 1500.0, 1560.0, 1620.0, 1680.0, 1740.0, 1800.0, 1860.0, 1920.0, 1980.0, 2040.0, 2100.0, 2160.0, 2220.0, 2280.0, 2340.0, 2400.0, 2460.0, 2520.0, 2580.0, 2640.0, 2700.0, 2760.0, 2820.0, 2880.0, 2940.0, 3000.0]
/////////////////////////
PROCESSING:  TTM1600THBW
/////////////////////////
plotTreeName: Tprime2_DeepAK8_Mass
Flavour: E #tag: isV_tZtZ #algo: DeepAK8
Weights: 1 * 1 * 1 * pileupWeight * 1 * lepIdSF * EGammaGsfSF * 1 * (MCWeight_singleLepCalc/abs(MCWeight_singleLepCalc)) * 5.72189699595e-05
Cuts: (leptonPt_singleLepCalc > 50) && (corr_met_singleLepCalc > 55) && (AK4HT > 480) && (minDR_lepJet > 0.4 || ptRel_lepJet > 40) && (NJetsAK8_JetSubCalc > 2) && (minDR_leadAK8otherAK8 < 3.0) && DataPastTrigger == 1 && isElectron==1
****************************************************************************************************
****************************************************************************************************
DISTRIBUTION: Tp2Mass
            -name in ljmet trees: Tprime2_ALGO_Mass
            -x-axis label is set to: ;M(T) [GeV])
            -using the binning as: [0.0, 60.0, 120.0, 180.0, 240.0, 300.0, 360.0, 420.0, 480.0, 540.0, 600.0, 660.0, 720.0, 780.0, 840.0, 900.0, 960.0, 1020.0, 1080.0, 1140.0, 1200.0, 1260.0, 1320.0, 1380.0, 1440.0, 1500.0, 1560.0, 1620.0, 1680.0, 1740.0, 1800.0, 1860.0, 1920.0, 1980.0, 2040.0, 2100.0, 2160.0, 2220.0, 2280.0, 2340.0, 2400.0, 2460.0, 2520.0, 2580.0, 2640.0, 2700.0, 2760.0, 2820.0, 2880.0, 2940.0, 3000.0]
/////////////////////////
PROCESSING:  TTM1600TZTH
/////////////////////////
plotTreeName: Tprime2_DeepAK8_Mass
Flavour: E #tag: isV_tZtZ #algo: DeepAK8
Weights: 1 * 1 * 1 * pileupWeight * 1 * lepIdSF * EGammaGsfSF * 1 * (MCWeight_singleLepCalc/abs(MCWeight_singleLepCalc)) * 2.86094849797e-05
Cuts: (leptonPt_singleLepCalc > 50) && (corr_met_singleLepCalc > 55) && (AK4HT > 480) && (minDR_lepJet > 0.4 || ptRel_lepJet > 40) && (NJetsAK8_JetSubCalc > 2) && (minDR_leadAK8otherAK8 < 3.0) && DataPastTrigger == 1 && isElectron==1
****************************************************************************************************
****************************************************************************************************
DISTRIBUTION: Tp2Mass
            -name in ljmet trees: Tprime2_ALGO_Mass
            -x-axis label is set to: ;M(T) [GeV])
            -using the binning as: [0.0, 60.0, 120.0, 180.0, 240.0, 300.0, 360.0, 420.0, 480.0, 540.0, 600.0, 660.0, 720.0, 780.0, 840.0, 900.0, 960.0, 1020.0, 1080.0, 1140.0, 1200.0, 1260.0, 1320.0, 1380.0, 1440.0, 1500.0, 1560.0, 1620.0, 1680.0, 1740.0, 1800.0, 1860.0, 1920.0, 1980.0, 2040.0, 2100.0, 2160.0, 2220.0, 2280.0, 2340.0, 2400.0, 2460.0, 2520.0, 2580.0, 2640.0, 2700.0, 2760.0, 2820.0, 2880.0, 2940.0, 3000.0]
/////////////////////////
PROCESSING:  TTM1700BWBW
/////////////////////////
plotTreeName: Tprime2_DeepAK8_Mass
Flavour: E #tag: isV_tZtZ #algo: DeepAK8
Weights: 1 * 1 * 1 * pileupWeight * 1 * lepIdSF * EGammaGsfSF * 1 * (MCWeight_singleLepCalc/abs(MCWeight_singleLepCalc)) * 6.93554282011e-05
Cuts: (leptonPt_singleLepCalc > 50) && (corr_met_singleLepCalc > 55) && (AK4HT > 480) && (minDR_lepJet > 0.4 || ptRel_lepJet > 40) && (NJetsAK8_JetSubCalc > 2) && (minDR_leadAK8otherAK8 < 3.0) && DataPastTrigger == 1 && isElectron==1
****************************************************************************************************
****************************************************************************************************
DISTRIBUTION: Tp2Mass
            -name in ljmet trees: Tprime2_ALGO_Mass
            -x-axis label is set to: ;M(T) [GeV])
            -using the binning as: [0.0, 60.0, 120.0, 180.0, 240.0, 300.0, 360.0, 420.0, 480.0, 540.0, 600.0, 660.0, 720.0, 780.0, 840.0, 900.0, 960.0, 1020.0, 1080.0, 1140.0, 1200.0, 1260.0, 1320.0, 1380.0, 1440.0, 1500.0, 1560.0, 1620.0, 1680.0, 1740.0, 1800.0, 1860.0, 1920.0, 1980.0, 2040.0, 2100.0, 2160.0, 2220.0, 2280.0, 2340.0, 2400.0, 2460.0, 2520.0, 2580.0, 2640.0, 2700.0, 2760.0, 2820.0, 2880.0, 2940.0, 3000.0]
/////////////////////////
PROCESSING:  TTM1700THTH
/////////////////////////
plotTreeName: Tprime2_DeepAK8_Mass
Flavour: E #tag: isV_tZtZ #algo: DeepAK8
Weights: 1 * 1 * 1 * pileupWeight * 1 * lepIdSF * EGammaGsfSF * 1 * (MCWeight_singleLepCalc/abs(MCWeight_singleLepCalc)) * 1.73388570503e-05
Cuts: (leptonPt_singleLepCalc > 50) && (corr_met_singleLepCalc > 55) && (AK4HT > 480) && (minDR_lepJet > 0.4 || ptRel_lepJet > 40) && (NJetsAK8_JetSubCalc > 2) && (minDR_leadAK8otherAK8 < 3.0) && DataPastTrigger == 1 && isElectron==1
****************************************************************************************************
****************************************************************************************************
DISTRIBUTION: Tp2Mass
            -name in ljmet trees: Tprime2_ALGO_Mass
            -x-axis label is set to: ;M(T) [GeV])
            -using the binning as: [0.0, 60.0, 120.0, 180.0, 240.0, 300.0, 360.0, 420.0, 480.0, 540.0, 600.0, 660.0, 720.0, 780.0, 840.0, 900.0, 960.0, 1020.0, 1080.0, 1140.0, 1200.0, 1260.0, 1320.0, 1380.0, 1440.0, 1500.0, 1560.0, 1620.0, 1680.0, 1740.0, 1800.0, 1860.0, 1920.0, 1980.0, 2040.0, 2100.0, 2160.0, 2220.0, 2280.0, 2340.0, 2400.0, 2460.0, 2520.0, 2580.0, 2640.0, 2700.0, 2760.0, 2820.0, 2880.0, 2940.0, 3000.0]
/////////////////////////
PROCESSING:  TTM1700TZTZ
/////////////////////////
plotTreeName: Tprime2_DeepAK8_Mass
Flavour: E #tag: isV_tZtZ #algo: DeepAK8
Weights: 1 * 1 * 1 * pileupWeight * 1 * lepIdSF * EGammaGsfSF * 1 * (MCWeight_singleLepCalc/abs(MCWeight_singleLepCalc)) * 1.73388570503e-05
Cuts: (leptonPt_singleLepCalc > 50) && (corr_met_singleLepCalc > 55) && (AK4HT > 480) && (minDR_lepJet > 0.4 || ptRel_lepJet > 40) && (NJetsAK8_JetSubCalc > 2) && (minDR_leadAK8otherAK8 < 3.0) && DataPastTrigger == 1 && isElectron==1
****************************************************************************************************
****************************************************************************************************
DISTRIBUTION: Tp2Mass
            -name in ljmet trees: Tprime2_ALGO_Mass
            -x-axis label is set to: ;M(T) [GeV])
            -using the binning as: [0.0, 60.0, 120.0, 180.0, 240.0, 300.0, 360.0, 420.0, 480.0, 540.0, 600.0, 660.0, 720.0, 780.0, 840.0, 900.0, 960.0, 1020.0, 1080.0, 1140.0, 1200.0, 1260.0, 1320.0, 1380.0, 1440.0, 1500.0, 1560.0, 1620.0, 1680.0, 1740.0, 1800.0, 1860.0, 1920.0, 1980.0, 2040.0, 2100.0, 2160.0, 2220.0, 2280.0, 2340.0, 2400.0, 2460.0, 2520.0, 2580.0, 2640.0, 2700.0, 2760.0, 2820.0, 2880.0, 2940.0, 3000.0]
/////////////////////////
PROCESSING:  TTM1700TZBW
/////////////////////////
plotTreeName: Tprime2_DeepAK8_Mass
Flavour: E #tag: isV_tZtZ #algo: DeepAK8
Weights: 1 * 1 * 1 * pileupWeight * 1 * lepIdSF * EGammaGsfSF * 1 * (MCWeight_singleLepCalc/abs(MCWeight_singleLepCalc)) * 3.46777141005e-05
Cuts: (leptonPt_singleLepCalc > 50) && (corr_met_singleLepCalc > 55) && (AK4HT > 480) && (minDR_lepJet > 0.4 || ptRel_lepJet > 40) && (NJetsAK8_JetSubCalc > 2) && (minDR_leadAK8otherAK8 < 3.0) && DataPastTrigger == 1 && isElectron==1
****************************************************************************************************
****************************************************************************************************
DISTRIBUTION: Tp2Mass
            -name in ljmet trees: Tprime2_ALGO_Mass
            -x-axis label is set to: ;M(T) [GeV])
            -using the binning as: [0.0, 60.0, 120.0, 180.0, 240.0, 300.0, 360.0, 420.0, 480.0, 540.0, 600.0, 660.0, 720.0, 780.0, 840.0, 900.0, 960.0, 1020.0, 1080.0, 1140.0, 1200.0, 1260.0, 1320.0, 1380.0, 1440.0, 1500.0, 1560.0, 1620.0, 1680.0, 1740.0, 1800.0, 1860.0, 1920.0, 1980.0, 2040.0, 2100.0, 2160.0, 2220.0, 2280.0, 2340.0, 2400.0, 2460.0, 2520.0, 2580.0, 2640.0, 2700.0, 2760.0, 2820.0, 2880.0, 2940.0, 3000.0]
/////////////////////////
PROCESSING:  TTM1700THBW
/////////////////////////
plotTreeName: Tprime2_DeepAK8_Mass
Flavour: E #tag: isV_tZtZ #algo: DeepAK8
Weights: 1 * 1 * 1 * pileupWeight * 1 * lepIdSF * EGammaGsfSF * 1 * (MCWeight_singleLepCalc/abs(MCWeight_singleLepCalc)) * 3.46777141005e-05
Cuts: (leptonPt_singleLepCalc > 50) && (corr_met_singleLepCalc > 55) && (AK4HT > 480) && (minDR_lepJet > 0.4 || ptRel_lepJet > 40) && (NJetsAK8_JetSubCalc > 2) && (minDR_leadAK8otherAK8 < 3.0) && DataPastTrigger == 1 && isElectron==1
****************************************************************************************************
****************************************************************************************************
DISTRIBUTION: Tp2Mass
            -name in ljmet trees: Tprime2_ALGO_Mass
            -x-axis label is set to: ;M(T) [GeV])
            -using the binning as: [0.0, 60.0, 120.0, 180.0, 240.0, 300.0, 360.0, 420.0, 480.0, 540.0, 600.0, 660.0, 720.0, 780.0, 840.0, 900.0, 960.0, 1020.0, 1080.0, 1140.0, 1200.0, 1260.0, 1320.0, 1380.0, 1440.0, 1500.0, 1560.0, 1620.0, 1680.0, 1740.0, 1800.0, 1860.0, 1920.0, 1980.0, 2040.0, 2100.0, 2160.0, 2220.0, 2280.0, 2340.0, 2400.0, 2460.0, 2520.0, 2580.0, 2640.0, 2700.0, 2760.0, 2820.0, 2880.0, 2940.0, 3000.0]
/////////////////////////
PROCESSING:  TTM1700TZTH
/////////////////////////
plotTreeName: Tprime2_DeepAK8_Mass
Flavour: E #tag: isV_tZtZ #algo: DeepAK8
Weights: 1 * 1 * 1 * pileupWeight * 1 * lepIdSF * EGammaGsfSF * 1 * (MCWeight_singleLepCalc/abs(MCWeight_singleLepCalc)) * 1.73388570503e-05
Cuts: (leptonPt_singleLepCalc > 50) && (corr_met_singleLepCalc > 55) && (AK4HT > 480) && (minDR_lepJet > 0.4 || ptRel_lepJet > 40) && (NJetsAK8_JetSubCalc > 2) && (minDR_leadAK8otherAK8 < 3.0) && DataPastTrigger == 1 && isElectron==1
****************************************************************************************************
****************************************************************************************************
DISTRIBUTION: Tp2Mass
            -name in ljmet trees: Tprime2_ALGO_Mass
            -x-axis label is set to: ;M(T) [GeV])
            -using the binning as: [0.0, 60.0, 120.0, 180.0, 240.0, 300.0, 360.0, 420.0, 480.0, 540.0, 600.0, 660.0, 720.0, 780.0, 840.0, 900.0, 960.0, 1020.0, 1080.0, 1140.0, 1200.0, 1260.0, 1320.0, 1380.0, 1440.0, 1500.0, 1560.0, 1620.0, 1680.0, 1740.0, 1800.0, 1860.0, 1920.0, 1980.0, 2040.0, 2100.0, 2160.0, 2220.0, 2280.0, 2340.0, 2400.0, 2460.0, 2520.0, 2580.0, 2640.0, 2700.0, 2760.0, 2820.0, 2880.0, 2940.0, 3000.0]
/////////////////////////
PROCESSING:  TTM1800BWBW
/////////////////////////
plotTreeName: Tprime2_DeepAK8_Mass
Flavour: E #tag: isV_tZtZ #algo: DeepAK8
Weights: 1 * 1 * 1 * pileupWeight * 1 * lepIdSF * EGammaGsfSF * 1 * (MCWeight_singleLepCalc/abs(MCWeight_singleLepCalc)) * 3.89579688164e-05
Cuts: (leptonPt_singleLepCalc > 50) && (corr_met_singleLepCalc > 55) && (AK4HT > 480) && (minDR_lepJet > 0.4 || ptRel_lepJet > 40) && (NJetsAK8_JetSubCalc > 2) && (minDR_leadAK8otherAK8 < 3.0) && DataPastTrigger == 1 && isElectron==1
****************************************************************************************************
****************************************************************************************************
DISTRIBUTION: Tp2Mass
            -name in ljmet trees: Tprime2_ALGO_Mass
            -x-axis label is set to: ;M(T) [GeV])
            -using the binning as: [0.0, 60.0, 120.0, 180.0, 240.0, 300.0, 360.0, 420.0, 480.0, 540.0, 600.0, 660.0, 720.0, 780.0, 840.0, 900.0, 960.0, 1020.0, 1080.0, 1140.0, 1200.0, 1260.0, 1320.0, 1380.0, 1440.0, 1500.0, 1560.0, 1620.0, 1680.0, 1740.0, 1800.0, 1860.0, 1920.0, 1980.0, 2040.0, 2100.0, 2160.0, 2220.0, 2280.0, 2340.0, 2400.0, 2460.0, 2520.0, 2580.0, 2640.0, 2700.0, 2760.0, 2820.0, 2880.0, 2940.0, 3000.0]
/////////////////////////
PROCESSING:  TTM1800THTH
/////////////////////////
plotTreeName: Tprime2_DeepAK8_Mass
Flavour: E #tag: isV_tZtZ #algo: DeepAK8
Weights: 1 * 1 * 1 * pileupWeight * 1 * lepIdSF * EGammaGsfSF * 1 * (MCWeight_singleLepCalc/abs(MCWeight_singleLepCalc)) * 9.7394922041e-06
Cuts: (leptonPt_singleLepCalc > 50) && (corr_met_singleLepCalc > 55) && (AK4HT > 480) && (minDR_lepJet > 0.4 || ptRel_lepJet > 40) && (NJetsAK8_JetSubCalc > 2) && (minDR_leadAK8otherAK8 < 3.0) && DataPastTrigger == 1 && isElectron==1
****************************************************************************************************
****************************************************************************************************
DISTRIBUTION: Tp2Mass
            -name in ljmet trees: Tprime2_ALGO_Mass
            -x-axis label is set to: ;M(T) [GeV])
            -using the binning as: [0.0, 60.0, 120.0, 180.0, 240.0, 300.0, 360.0, 420.0, 480.0, 540.0, 600.0, 660.0, 720.0, 780.0, 840.0, 900.0, 960.0, 1020.0, 1080.0, 1140.0, 1200.0, 1260.0, 1320.0, 1380.0, 1440.0, 1500.0, 1560.0, 1620.0, 1680.0, 1740.0, 1800.0, 1860.0, 1920.0, 1980.0, 2040.0, 2100.0, 2160.0, 2220.0, 2280.0, 2340.0, 2400.0, 2460.0, 2520.0, 2580.0, 2640.0, 2700.0, 2760.0, 2820.0, 2880.0, 2940.0, 3000.0]
/////////////////////////
PROCESSING:  TTM1800TZTZ
/////////////////////////
plotTreeName: Tprime2_DeepAK8_Mass
Flavour: E #tag: isV_tZtZ #algo: DeepAK8
Weights: 1 * 1 * 1 * pileupWeight * 1 * lepIdSF * EGammaGsfSF * 1 * (MCWeight_singleLepCalc/abs(MCWeight_singleLepCalc)) * 9.7394922041e-06
Cuts: (leptonPt_singleLepCalc > 50) && (corr_met_singleLepCalc > 55) && (AK4HT > 480) && (minDR_lepJet > 0.4 || ptRel_lepJet > 40) && (NJetsAK8_JetSubCalc > 2) && (minDR_leadAK8otherAK8 < 3.0) && DataPastTrigger == 1 && isElectron==1
****************************************************************************************************
****************************************************************************************************
DISTRIBUTION: Tp2Mass
            -name in ljmet trees: Tprime2_ALGO_Mass
            -x-axis label is set to: ;M(T) [GeV])
            -using the binning as: [0.0, 60.0, 120.0, 180.0, 240.0, 300.0, 360.0, 420.0, 480.0, 540.0, 600.0, 660.0, 720.0, 780.0, 840.0, 900.0, 960.0, 1020.0, 1080.0, 1140.0, 1200.0, 1260.0, 1320.0, 1380.0, 1440.0, 1500.0, 1560.0, 1620.0, 1680.0, 1740.0, 1800.0, 1860.0, 1920.0, 1980.0, 2040.0, 2100.0, 2160.0, 2220.0, 2280.0, 2340.0, 2400.0, 2460.0, 2520.0, 2580.0, 2640.0, 2700.0, 2760.0, 2820.0, 2880.0, 2940.0, 3000.0]
/////////////////////////
PROCESSING:  TTM1800TZBW
/////////////////////////
plotTreeName: Tprime2_DeepAK8_Mass
Flavour: E #tag: isV_tZtZ #algo: DeepAK8
Weights: 1 * 1 * 1 * pileupWeight * 1 * lepIdSF * EGammaGsfSF * 1 * (MCWeight_singleLepCalc/abs(MCWeight_singleLepCalc)) * 1.94789844082e-05
Cuts: (leptonPt_singleLepCalc > 50) && (corr_met_singleLepCalc > 55) && (AK4HT > 480) && (minDR_lepJet > 0.4 || ptRel_lepJet > 40) && (NJetsAK8_JetSubCalc > 2) && (minDR_leadAK8otherAK8 < 3.0) && DataPastTrigger == 1 && isElectron==1
****************************************************************************************************
****************************************************************************************************
DISTRIBUTION: Tp2Mass
            -name in ljmet trees: Tprime2_ALGO_Mass
            -x-axis label is set to: ;M(T) [GeV])
            -using the binning as: [0.0, 60.0, 120.0, 180.0, 240.0, 300.0, 360.0, 420.0, 480.0, 540.0, 600.0, 660.0, 720.0, 780.0, 840.0, 900.0, 960.0, 1020.0, 1080.0, 1140.0, 1200.0, 1260.0, 1320.0, 1380.0, 1440.0, 1500.0, 1560.0, 1620.0, 1680.0, 1740.0, 1800.0, 1860.0, 1920.0, 1980.0, 2040.0, 2100.0, 2160.0, 2220.0, 2280.0, 2340.0, 2400.0, 2460.0, 2520.0, 2580.0, 2640.0, 2700.0, 2760.0, 2820.0, 2880.0, 2940.0, 3000.0]
/////////////////////////
PROCESSING:  TTM1800THBW
/////////////////////////
plotTreeName: Tprime2_DeepAK8_Mass
Flavour: E #tag: isV_tZtZ #algo: DeepAK8
Weights: 1 * 1 * 1 * pileupWeight * 1 * lepIdSF * EGammaGsfSF * 1 * (MCWeight_singleLepCalc/abs(MCWeight_singleLepCalc)) * 1.94789844082e-05
Cuts: (leptonPt_singleLepCalc > 50) && (corr_met_singleLepCalc > 55) && (AK4HT > 480) && (minDR_lepJet > 0.4 || ptRel_lepJet > 40) && (NJetsAK8_JetSubCalc > 2) && (minDR_leadAK8otherAK8 < 3.0) && DataPastTrigger == 1 && isElectron==1
****************************************************************************************************
****************************************************************************************************
DISTRIBUTION: Tp2Mass
            -name in ljmet trees: Tprime2_ALGO_Mass
            -x-axis label is set to: ;M(T) [GeV])
            -using the binning as: [0.0, 60.0, 120.0, 180.0, 240.0, 300.0, 360.0, 420.0, 480.0, 540.0, 600.0, 660.0, 720.0, 780.0, 840.0, 900.0, 960.0, 1020.0, 1080.0, 1140.0, 1200.0, 1260.0, 1320.0, 1380.0, 1440.0, 1500.0, 1560.0, 1620.0, 1680.0, 1740.0, 1800.0, 1860.0, 1920.0, 1980.0, 2040.0, 2100.0, 2160.0, 2220.0, 2280.0, 2340.0, 2400.0, 2460.0, 2520.0, 2580.0, 2640.0, 2700.0, 2760.0, 2820.0, 2880.0, 2940.0, 3000.0]
/////////////////////////
PROCESSING:  TTM1800TZTH
/////////////////////////
plotTreeName: Tprime2_DeepAK8_Mass
Flavour: E #tag: isV_tZtZ #algo: DeepAK8
Weights: 1 * 1 * 1 * pileupWeight * 1 * lepIdSF * EGammaGsfSF * 1 * (MCWeight_singleLepCalc/abs(MCWeight_singleLepCalc)) * 9.7394922041e-06
Cuts: (leptonPt_singleLepCalc > 50) && (corr_met_singleLepCalc > 55) && (AK4HT > 480) && (minDR_lepJet > 0.4 || ptRel_lepJet > 40) && (NJetsAK8_JetSubCalc > 2) && (minDR_leadAK8otherAK8 < 3.0) && DataPastTrigger == 1 && isElectron==1
****************************************************************************************************
****************************************************************************************************
DISTRIBUTION: Tp2Mass
            -name in ljmet trees: Tprime2_ALGO_Mass
            -x-axis label is set to: ;M(T) [GeV])
            -using the binning as: [0.0, 60.0, 120.0, 180.0, 240.0, 300.0, 360.0, 420.0, 480.0, 540.0, 600.0, 660.0, 720.0, 780.0, 840.0, 900.0, 960.0, 1020.0, 1080.0, 1140.0, 1200.0, 1260.0, 1320.0, 1380.0, 1440.0, 1500.0, 1560.0, 1620.0, 1680.0, 1740.0, 1800.0, 1860.0, 1920.0, 1980.0, 2040.0, 2100.0, 2160.0, 2220.0, 2280.0, 2340.0, 2400.0, 2460.0, 2520.0, 2580.0, 2640.0, 2700.0, 2760.0, 2820.0, 2880.0, 2940.0, 3000.0]
/////////////////////////
PROCESSING:  WJetsMG400
/////////////////////////
plotTreeName: Tprime2_DeepAK8_decorr_Mass
Flavour: E #tag: isV_tZtZ #algo: DeepAK8_decorr
Weights: 1 * HTSF_Pol * 1 * pileupWeight * 1 * lepIdSF * EGammaGsfSF * 1 * (MCWeight_singleLepCalc/abs(MCWeight_singleLepCalc)) * 0.280770227538
Cuts: (leptonPt_singleLepCalc > 50) && (corr_met_singleLepCalc > 55) && (AK4HT > 480) && (minDR_lepJet > 0.4 || ptRel_lepJet > 40) && (NJetsAK8_JetSubCalc > 2) && (minDR_leadAK8otherAK8 < 3.0) && DataPastTrigger == 1 && isElectron==1
****************************************************************************************************
****************************************************************************************************
DISTRIBUTION: Tp2Mass
            -name in ljmet trees: Tprime2_ALGO_Mass
            -x-axis label is set to: ;M(T) [GeV])
            -using the binning as: [0.0, 60.0, 120.0, 180.0, 240.0, 300.0, 360.0, 420.0, 480.0, 540.0, 600.0, 660.0, 720.0, 780.0, 840.0, 900.0, 960.0, 1020.0, 1080.0, 1140.0, 1200.0, 1260.0, 1320.0, 1380.0, 1440.0, 1500.0, 1560.0, 1620.0, 1680.0, 1740.0, 1800.0, 1860.0, 1920.0, 1980.0, 2040.0, 2100.0, 2160.0, 2220.0, 2280.0, 2340.0, 2400.0, 2460.0, 2520.0, 2580.0, 2640.0, 2700.0, 2760.0, 2820.0, 2880.0, 2940.0, 3000.0]
/////////////////////////
PROCESSING:  WJetsMG600
/////////////////////////
plotTreeName: Tprime2_DeepAK8_decorr_Mass
Flavour: E #tag: isV_tZtZ #algo: DeepAK8_decorr
Weights: 1 * HTSF_Pol * 1 * pileupWeight * 1 * lepIdSF * EGammaGsfSF * 1 * (MCWeight_singleLepCalc/abs(MCWeight_singleLepCalc)) * 0.0287233231554
Cuts: (leptonPt_singleLepCalc > 50) && (corr_met_singleLepCalc > 55) && (AK4HT > 480) && (minDR_lepJet > 0.4 || ptRel_lepJet > 40) && (NJetsAK8_JetSubCalc > 2) && (minDR_leadAK8otherAK8 < 3.0) && DataPastTrigger == 1 && isElectron==1
****************************************************************************************************
****************************************************************************************************
DISTRIBUTION: Tp2Mass
            -name in ljmet trees: Tprime2_ALGO_Mass
            -x-axis label is set to: ;M(T) [GeV])
            -using the binning as: [0.0, 60.0, 120.0, 180.0, 240.0, 300.0, 360.0, 420.0, 480.0, 540.0, 600.0, 660.0, 720.0, 780.0, 840.0, 900.0, 960.0, 1020.0, 1080.0, 1140.0, 1200.0, 1260.0, 1320.0, 1380.0, 1440.0, 1500.0, 1560.0, 1620.0, 1680.0, 1740.0, 1800.0, 1860.0, 1920.0, 1980.0, 2040.0, 2100.0, 2160.0, 2220.0, 2280.0, 2340.0, 2400.0, 2460.0, 2520.0, 2580.0, 2640.0, 2700.0, 2760.0, 2820.0, 2880.0, 2940.0, 3000.0]
/////////////////////////
PROCESSING:  WJetsMG800
/////////////////////////
plotTreeName: Tprime2_DeepAK8_decorr_Mass
Flavour: E #tag: isV_tZtZ #algo: DeepAK8_decorr
Weights: 1 * HTSF_Pol * 1 * pileupWeight * 1 * lepIdSF * EGammaGsfSF * 1 * (MCWeight_singleLepCalc/abs(MCWeight_singleLepCalc)) * 0.0316367902594
Cuts: (leptonPt_singleLepCalc > 50) && (corr_met_singleLepCalc > 55) && (AK4HT > 480) && (minDR_lepJet > 0.4 || ptRel_lepJet > 40) && (NJetsAK8_JetSubCalc > 2) && (minDR_leadAK8otherAK8 < 3.0) && DataPastTrigger == 1 && isElectron==1
****************************************************************************************************
****************************************************************************************************
DISTRIBUTION: Tp2Mass
            -name in ljmet trees: Tprime2_ALGO_Mass
            -x-axis label is set to: ;M(T) [GeV])
            -using the binning as: [0.0, 60.0, 120.0, 180.0, 240.0, 300.0, 360.0, 420.0, 480.0, 540.0, 600.0, 660.0, 720.0, 780.0, 840.0, 900.0, 960.0, 1020.0, 1080.0, 1140.0, 1200.0, 1260.0, 1320.0, 1380.0, 1440.0, 1500.0, 1560.0, 1620.0, 1680.0, 1740.0, 1800.0, 1860.0, 1920.0, 1980.0, 2040.0, 2100.0, 2160.0, 2220.0, 2280.0, 2340.0, 2400.0, 2460.0, 2520.0, 2580.0, 2640.0, 2700.0, 2760.0, 2820.0, 2880.0, 2940.0, 3000.0]
/////////////////////////
PROCESSING:  WJetsMG1200
/////////////////////////
plotTreeName: Tprime2_DeepAK8_decorr_Mass
Flavour: E #tag: isV_tZtZ #algo: DeepAK8_decorr
Weights: 1 * HTSF_Pol * 1 * pileupWeight * 1 * lepIdSF * EGammaGsfSF * 1 * (MCWeight_singleLepCalc/abs(MCWeight_singleLepCalc)) * 0.00861414819858
Cuts: (leptonPt_singleLepCalc > 50) && (corr_met_singleLepCalc > 55) && (AK4HT > 480) && (minDR_lepJet > 0.4 || ptRel_lepJet > 40) && (NJetsAK8_JetSubCalc > 2) && (minDR_leadAK8otherAK8 < 3.0) && DataPastTrigger == 1 && isElectron==1
****************************************************************************************************
****************************************************************************************************
DISTRIBUTION: Tp2Mass
            -name in ljmet trees: Tprime2_ALGO_Mass
            -x-axis label is set to: ;M(T) [GeV])
            -using the binning as: [0.0, 60.0, 120.0, 180.0, 240.0, 300.0, 360.0, 420.0, 480.0, 540.0, 600.0, 660.0, 720.0, 780.0, 840.0, 900.0, 960.0, 1020.0, 1080.0, 1140.0, 1200.0, 1260.0, 1320.0, 1380.0, 1440.0, 1500.0, 1560.0, 1620.0, 1680.0, 1740.0, 1800.0, 1860.0, 1920.0, 1980.0, 2040.0, 2100.0, 2160.0, 2220.0, 2280.0, 2340.0, 2400.0, 2460.0, 2520.0, 2580.0, 2640.0, 2700.0, 2760.0, 2820.0, 2880.0, 2940.0, 3000.0]
/////////////////////////
PROCESSING:  WJetsMG2500
/////////////////////////
plotTreeName: Tprime2_DeepAK8_decorr_Mass
Flavour: E #tag: isV_tZtZ #algo: DeepAK8_decorr
Weights: 1 * HTSF_Pol * 1 * pileupWeight * 1 * lepIdSF * EGammaGsfSF * 1 * (MCWeight_singleLepCalc/abs(MCWeight_singleLepCalc)) * 0.00054308661217
Cuts: (leptonPt_singleLepCalc > 50) && (corr_met_singleLepCalc > 55) && (AK4HT > 480) && (minDR_lepJet > 0.4 || ptRel_lepJet > 40) && (NJetsAK8_JetSubCalc > 2) && (minDR_leadAK8otherAK8 < 3.0) && DataPastTrigger == 1 && isElectron==1
****************************************************************************************************
****************************************************************************************************
DISTRIBUTION: Tp2Mass
            -name in ljmet trees: Tprime2_ALGO_Mass
            -x-axis label is set to: ;M(T) [GeV])
            -using the binning as: [0.0, 60.0, 120.0, 180.0, 240.0, 300.0, 360.0, 420.0, 480.0, 540.0, 600.0, 660.0, 720.0, 780.0, 840.0, 900.0, 960.0, 1020.0, 1080.0, 1140.0, 1200.0, 1260.0, 1320.0, 1380.0, 1440.0, 1500.0, 1560.0, 1620.0, 1680.0, 1740.0, 1800.0, 1860.0, 1920.0, 1980.0, 2040.0, 2100.0, 2160.0, 2220.0, 2280.0, 2340.0, 2400.0, 2460.0, 2520.0, 2580.0, 2640.0, 2700.0, 2760.0, 2820.0, 2880.0, 2940.0, 3000.0]
/////////////////////////
PROCESSING:  TTM1100BWBW
/////////////////////////
plotTreeName: Tprime2_DeepAK8_decorr_Mass
Flavour: E #tag: isV_tZtZ #algo: DeepAK8_decorr
Weights: 1 * 1 * 1 * pileupWeight * 1 * lepIdSF * EGammaGsfSF * 1 * (MCWeight_singleLepCalc/abs(MCWeight_singleLepCalc)) * 0.00223239916536
Cuts: (leptonPt_singleLepCalc > 50) && (corr_met_singleLepCalc > 55) && (AK4HT > 480) && (minDR_lepJet > 0.4 || ptRel_lepJet > 40) && (NJetsAK8_JetSubCalc > 2) && (minDR_leadAK8otherAK8 < 3.0) && DataPastTrigger == 1 && isElectron==1
****************************************************************************************************
****************************************************************************************************
DISTRIBUTION: Tp2Mass
            -name in ljmet trees: Tprime2_ALGO_Mass
            -x-axis label is set to: ;M(T) [GeV])
            -using the binning as: [0.0, 60.0, 120.0, 180.0, 240.0, 300.0, 360.0, 420.0, 480.0, 540.0, 600.0, 660.0, 720.0, 780.0, 840.0, 900.0, 960.0, 1020.0, 1080.0, 1140.0, 1200.0, 1260.0, 1320.0, 1380.0, 1440.0, 1500.0, 1560.0, 1620.0, 1680.0, 1740.0, 1800.0, 1860.0, 1920.0, 1980.0, 2040.0, 2100.0, 2160.0, 2220.0, 2280.0, 2340.0, 2400.0, 2460.0, 2520.0, 2580.0, 2640.0, 2700.0, 2760.0, 2820.0, 2880.0, 2940.0, 3000.0]
/////////////////////////
PROCESSING:  TTM1100THTH
/////////////////////////
plotTreeName: Tprime2_DeepAK8_decorr_Mass
Flavour: E #tag: isV_tZtZ #algo: DeepAK8_decorr
Weights: 1 * 1 * 1 * pileupWeight * 1 * lepIdSF * EGammaGsfSF * 1 * (MCWeight_singleLepCalc/abs(MCWeight_singleLepCalc)) * 0.000558099791339
Cuts: (leptonPt_singleLepCalc > 50) && (corr_met_singleLepCalc > 55) && (AK4HT > 480) && (minDR_lepJet > 0.4 || ptRel_lepJet > 40) && (NJetsAK8_JetSubCalc > 2) && (minDR_leadAK8otherAK8 < 3.0) && DataPastTrigger == 1 && isElectron==1
****************************************************************************************************
****************************************************************************************************
DISTRIBUTION: Tp2Mass
            -name in ljmet trees: Tprime2_ALGO_Mass
            -x-axis label is set to: ;M(T) [GeV])
            -using the binning as: [0.0, 60.0, 120.0, 180.0, 240.0, 300.0, 360.0, 420.0, 480.0, 540.0, 600.0, 660.0, 720.0, 780.0, 840.0, 900.0, 960.0, 1020.0, 1080.0, 1140.0, 1200.0, 1260.0, 1320.0, 1380.0, 1440.0, 1500.0, 1560.0, 1620.0, 1680.0, 1740.0, 1800.0, 1860.0, 1920.0, 1980.0, 2040.0, 2100.0, 2160.0, 2220.0, 2280.0, 2340.0, 2400.0, 2460.0, 2520.0, 2580.0, 2640.0, 2700.0, 2760.0, 2820.0, 2880.0, 2940.0, 3000.0]
/////////////////////////
PROCESSING:  TTM1100TZTZ
/////////////////////////
plotTreeName: Tprime2_DeepAK8_decorr_Mass
Flavour: E #tag: isV_tZtZ #algo: DeepAK8_decorr
Weights: 1 * 1 * 1 * pileupWeight * 1 * lepIdSF * EGammaGsfSF * 1 * (MCWeight_singleLepCalc/abs(MCWeight_singleLepCalc)) * 0.000558099791339
Cuts: (leptonPt_singleLepCalc > 50) && (corr_met_singleLepCalc > 55) && (AK4HT > 480) && (minDR_lepJet > 0.4 || ptRel_lepJet > 40) && (NJetsAK8_JetSubCalc > 2) && (minDR_leadAK8otherAK8 < 3.0) && DataPastTrigger == 1 && isElectron==1
****************************************************************************************************
****************************************************************************************************
DISTRIBUTION: Tp2Mass
            -name in ljmet trees: Tprime2_ALGO_Mass
            -x-axis label is set to: ;M(T) [GeV])
            -using the binning as: [0.0, 60.0, 120.0, 180.0, 240.0, 300.0, 360.0, 420.0, 480.0, 540.0, 600.0, 660.0, 720.0, 780.0, 840.0, 900.0, 960.0, 1020.0, 1080.0, 1140.0, 1200.0, 1260.0, 1320.0, 1380.0, 1440.0, 1500.0, 1560.0, 1620.0, 1680.0, 1740.0, 1800.0, 1860.0, 1920.0, 1980.0, 2040.0, 2100.0, 2160.0, 2220.0, 2280.0, 2340.0, 2400.0, 2460.0, 2520.0, 2580.0, 2640.0, 2700.0, 2760.0, 2820.0, 2880.0, 2940.0, 3000.0]
/////////////////////////
PROCESSING:  TTM1100TZBW
/////////////////////////
plotTreeName: Tprime2_DeepAK8_decorr_Mass
Flavour: E #tag: isV_tZtZ #algo: DeepAK8_decorr
Weights: 1 * 1 * 1 * pileupWeight * 1 * lepIdSF * EGammaGsfSF * 1 * (MCWeight_singleLepCalc/abs(MCWeight_singleLepCalc)) * 0.00111619958268
Cuts: (leptonPt_singleLepCalc > 50) && (corr_met_singleLepCalc > 55) && (AK4HT > 480) && (minDR_lepJet > 0.4 || ptRel_lepJet > 40) && (NJetsAK8_JetSubCalc > 2) && (minDR_leadAK8otherAK8 < 3.0) && DataPastTrigger == 1 && isElectron==1
****************************************************************************************************
****************************************************************************************************
DISTRIBUTION: Tp2Mass
            -name in ljmet trees: Tprime2_ALGO_Mass
            -x-axis label is set to: ;M(T) [GeV])
            -using the binning as: [0.0, 60.0, 120.0, 180.0, 240.0, 300.0, 360.0, 420.0, 480.0, 540.0, 600.0, 660.0, 720.0, 780.0, 840.0, 900.0, 960.0, 1020.0, 1080.0, 1140.0, 1200.0, 1260.0, 1320.0, 1380.0, 1440.0, 1500.0, 1560.0, 1620.0, 1680.0, 1740.0, 1800.0, 1860.0, 1920.0, 1980.0, 2040.0, 2100.0, 2160.0, 2220.0, 2280.0, 2340.0, 2400.0, 2460.0, 2520.0, 2580.0, 2640.0, 2700.0, 2760.0, 2820.0, 2880.0, 2940.0, 3000.0]
/////////////////////////
PROCESSING:  TTM1100THBW
/////////////////////////
plotTreeName: Tprime2_DeepAK8_decorr_Mass
Flavour: E #tag: isV_tZtZ #algo: DeepAK8_decorr
Weights: 1 * 1 * 1 * pileupWeight * 1 * lepIdSF * EGammaGsfSF * 1 * (MCWeight_singleLepCalc/abs(MCWeight_singleLepCalc)) * 0.00111619958268
Cuts: (leptonPt_singleLepCalc > 50) && (corr_met_singleLepCalc > 55) && (AK4HT > 480) && (minDR_lepJet > 0.4 || ptRel_lepJet > 40) && (NJetsAK8_JetSubCalc > 2) && (minDR_leadAK8otherAK8 < 3.0) && DataPastTrigger == 1 && isElectron==1
****************************************************************************************************
****************************************************************************************************
DISTRIBUTION: Tp2Mass
            -name in ljmet trees: Tprime2_ALGO_Mass
            -x-axis label is set to: ;M(T) [GeV])
            -using the binning as: [0.0, 60.0, 120.0, 180.0, 240.0, 300.0, 360.0, 420.0, 480.0, 540.0, 600.0, 660.0, 720.0, 780.0, 840.0, 900.0, 960.0, 1020.0, 1080.0, 1140.0, 1200.0, 1260.0, 1320.0, 1380.0, 1440.0, 1500.0, 1560.0, 1620.0, 1680.0, 1740.0, 1800.0, 1860.0, 1920.0, 1980.0, 2040.0, 2100.0, 2160.0, 2220.0, 2280.0, 2340.0, 2400.0, 2460.0, 2520.0, 2580.0, 2640.0, 2700.0, 2760.0, 2820.0, 2880.0, 2940.0, 3000.0]
/////////////////////////
PROCESSING:  TTM1100TZTH
/////////////////////////
plotTreeName: Tprime2_DeepAK8_decorr_Mass
Flavour: E #tag: isV_tZtZ #algo: DeepAK8_decorr
Weights: 1 * 1 * 1 * pileupWeight * 1 * lepIdSF * EGammaGsfSF * 1 * (MCWeight_singleLepCalc/abs(MCWeight_singleLepCalc)) * 0.000558099791339
Cuts: (leptonPt_singleLepCalc > 50) && (corr_met_singleLepCalc > 55) && (AK4HT > 480) && (minDR_lepJet > 0.4 || ptRel_lepJet > 40) && (NJetsAK8_JetSubCalc > 2) && (minDR_leadAK8otherAK8 < 3.0) && DataPastTrigger == 1 && isElectron==1
****************************************************************************************************
****************************************************************************************************
DISTRIBUTION: Tp2Mass
            -name in ljmet trees: Tprime2_ALGO_Mass
            -x-axis label is set to: ;M(T) [GeV])
            -using the binning as: [0.0, 60.0, 120.0, 180.0, 240.0, 300.0, 360.0, 420.0, 480.0, 540.0, 600.0, 660.0, 720.0, 780.0, 840.0, 900.0, 960.0, 1020.0, 1080.0, 1140.0, 1200.0, 1260.0, 1320.0, 1380.0, 1440.0, 1500.0, 1560.0, 1620.0, 1680.0, 1740.0, 1800.0, 1860.0, 1920.0, 1980.0, 2040.0, 2100.0, 2160.0, 2220.0, 2280.0, 2340.0, 2400.0, 2460.0, 2520.0, 2580.0, 2640.0, 2700.0, 2760.0, 2820.0, 2880.0, 2940.0, 3000.0]
/////////////////////////
PROCESSING:  TTM1200BWBW
/////////////////////////
plotTreeName: Tprime2_DeepAK8_decorr_Mass
Flavour: E #tag: isV_tZtZ #algo: DeepAK8_decorr
Weights: 1 * 1 * 1 * pileupWeight * 1 * lepIdSF * EGammaGsfSF * 1 * (MCWeight_singleLepCalc/abs(MCWeight_singleLepCalc)) * 0.00117627847652
Cuts: (leptonPt_singleLepCalc > 50) && (corr_met_singleLepCalc > 55) && (AK4HT > 480) && (minDR_lepJet > 0.4 || ptRel_lepJet > 40) && (NJetsAK8_JetSubCalc > 2) && (minDR_leadAK8otherAK8 < 3.0) && DataPastTrigger == 1 && isElectron==1
****************************************************************************************************
****************************************************************************************************
DISTRIBUTION: Tp2Mass
            -name in ljmet trees: Tprime2_ALGO_Mass
            -x-axis label is set to: ;M(T) [GeV])
            -using the binning as: [0.0, 60.0, 120.0, 180.0, 240.0, 300.0, 360.0, 420.0, 480.0, 540.0, 600.0, 660.0, 720.0, 780.0, 840.0, 900.0, 960.0, 1020.0, 1080.0, 1140.0, 1200.0, 1260.0, 1320.0, 1380.0, 1440.0, 1500.0, 1560.0, 1620.0, 1680.0, 1740.0, 1800.0, 1860.0, 1920.0, 1980.0, 2040.0, 2100.0, 2160.0, 2220.0, 2280.0, 2340.0, 2400.0, 2460.0, 2520.0, 2580.0, 2640.0, 2700.0, 2760.0, 2820.0, 2880.0, 2940.0, 3000.0]
/////////////////////////
PROCESSING:  TTM1200THTH
/////////////////////////
plotTreeName: Tprime2_DeepAK8_decorr_Mass
Flavour: E #tag: isV_tZtZ #algo: DeepAK8_decorr
Weights: 1 * 1 * 1 * pileupWeight * 1 * lepIdSF * EGammaGsfSF * 1 * (MCWeight_singleLepCalc/abs(MCWeight_singleLepCalc)) * 0.00029406961913
Cuts: (leptonPt_singleLepCalc > 50) && (corr_met_singleLepCalc > 55) && (AK4HT > 480) && (minDR_lepJet > 0.4 || ptRel_lepJet > 40) && (NJetsAK8_JetSubCalc > 2) && (minDR_leadAK8otherAK8 < 3.0) && DataPastTrigger == 1 && isElectron==1
****************************************************************************************************
****************************************************************************************************
DISTRIBUTION: Tp2Mass
            -name in ljmet trees: Tprime2_ALGO_Mass
            -x-axis label is set to: ;M(T) [GeV])
            -using the binning as: [0.0, 60.0, 120.0, 180.0, 240.0, 300.0, 360.0, 420.0, 480.0, 540.0, 600.0, 660.0, 720.0, 780.0, 840.0, 900.0, 960.0, 1020.0, 1080.0, 1140.0, 1200.0, 1260.0, 1320.0, 1380.0, 1440.0, 1500.0, 1560.0, 1620.0, 1680.0, 1740.0, 1800.0, 1860.0, 1920.0, 1980.0, 2040.0, 2100.0, 2160.0, 2220.0, 2280.0, 2340.0, 2400.0, 2460.0, 2520.0, 2580.0, 2640.0, 2700.0, 2760.0, 2820.0, 2880.0, 2940.0, 3000.0]
/////////////////////////
PROCESSING:  TTM1200TZTZ
/////////////////////////
plotTreeName: Tprime2_DeepAK8_decorr_Mass
Flavour: E #tag: isV_tZtZ #algo: DeepAK8_decorr
Weights: 1 * 1 * 1 * pileupWeight * 1 * lepIdSF * EGammaGsfSF * 1 * (MCWeight_singleLepCalc/abs(MCWeight_singleLepCalc)) * 0.00029406961913
Cuts: (leptonPt_singleLepCalc > 50) && (corr_met_singleLepCalc > 55) && (AK4HT > 480) && (minDR_lepJet > 0.4 || ptRel_lepJet > 40) && (NJetsAK8_JetSubCalc > 2) && (minDR_leadAK8otherAK8 < 3.0) && DataPastTrigger == 1 && isElectron==1
****************************************************************************************************
****************************************************************************************************
DISTRIBUTION: Tp2Mass
            -name in ljmet trees: Tprime2_ALGO_Mass
            -x-axis label is set to: ;M(T) [GeV])
            -using the binning as: [0.0, 60.0, 120.0, 180.0, 240.0, 300.0, 360.0, 420.0, 480.0, 540.0, 600.0, 660.0, 720.0, 780.0, 840.0, 900.0, 960.0, 1020.0, 1080.0, 1140.0, 1200.0, 1260.0, 1320.0, 1380.0, 1440.0, 1500.0, 1560.0, 1620.0, 1680.0, 1740.0, 1800.0, 1860.0, 1920.0, 1980.0, 2040.0, 2100.0, 2160.0, 2220.0, 2280.0, 2340.0, 2400.0, 2460.0, 2520.0, 2580.0, 2640.0, 2700.0, 2760.0, 2820.0, 2880.0, 2940.0, 3000.0]
/////////////////////////
PROCESSING:  TTM1200TZBW
/////////////////////////
plotTreeName: Tprime2_DeepAK8_decorr_Mass
Flavour: E #tag: isV_tZtZ #algo: DeepAK8_decorr
Weights: 1 * 1 * 1 * pileupWeight * 1 * lepIdSF * EGammaGsfSF * 1 * (MCWeight_singleLepCalc/abs(MCWeight_singleLepCalc)) * 0.000588139238259
Cuts: (leptonPt_singleLepCalc > 50) && (corr_met_singleLepCalc > 55) && (AK4HT > 480) && (minDR_lepJet > 0.4 || ptRel_lepJet > 40) && (NJetsAK8_JetSubCalc > 2) && (minDR_leadAK8otherAK8 < 3.0) && DataPastTrigger == 1 && isElectron==1
****************************************************************************************************
****************************************************************************************************
DISTRIBUTION: Tp2Mass
            -name in ljmet trees: Tprime2_ALGO_Mass
            -x-axis label is set to: ;M(T) [GeV])
            -using the binning as: [0.0, 60.0, 120.0, 180.0, 240.0, 300.0, 360.0, 420.0, 480.0, 540.0, 600.0, 660.0, 720.0, 780.0, 840.0, 900.0, 960.0, 1020.0, 1080.0, 1140.0, 1200.0, 1260.0, 1320.0, 1380.0, 1440.0, 1500.0, 1560.0, 1620.0, 1680.0, 1740.0, 1800.0, 1860.0, 1920.0, 1980.0, 2040.0, 2100.0, 2160.0, 2220.0, 2280.0, 2340.0, 2400.0, 2460.0, 2520.0, 2580.0, 2640.0, 2700.0, 2760.0, 2820.0, 2880.0, 2940.0, 3000.0]
/////////////////////////
PROCESSING:  TTM1200THBW
/////////////////////////
plotTreeName: Tprime2_DeepAK8_decorr_Mass
Flavour: E #tag: isV_tZtZ #algo: DeepAK8_decorr
Weights: 1 * 1 * 1 * pileupWeight * 1 * lepIdSF * EGammaGsfSF * 1 * (MCWeight_singleLepCalc/abs(MCWeight_singleLepCalc)) * 0.000588139238259
Cuts: (leptonPt_singleLepCalc > 50) && (corr_met_singleLepCalc > 55) && (AK4HT > 480) && (minDR_lepJet > 0.4 || ptRel_lepJet > 40) && (NJetsAK8_JetSubCalc > 2) && (minDR_leadAK8otherAK8 < 3.0) && DataPastTrigger == 1 && isElectron==1
****************************************************************************************************
****************************************************************************************************
DISTRIBUTION: Tp2Mass
            -name in ljmet trees: Tprime2_ALGO_Mass
            -x-axis label is set to: ;M(T) [GeV])
            -using the binning as: [0.0, 60.0, 120.0, 180.0, 240.0, 300.0, 360.0, 420.0, 480.0, 540.0, 600.0, 660.0, 720.0, 780.0, 840.0, 900.0, 960.0, 1020.0, 1080.0, 1140.0, 1200.0, 1260.0, 1320.0, 1380.0, 1440.0, 1500.0, 1560.0, 1620.0, 1680.0, 1740.0, 1800.0, 1860.0, 1920.0, 1980.0, 2040.0, 2100.0, 2160.0, 2220.0, 2280.0, 2340.0, 2400.0, 2460.0, 2520.0, 2580.0, 2640.0, 2700.0, 2760.0, 2820.0, 2880.0, 2940.0, 3000.0]
/////////////////////////
PROCESSING:  TTM1200TZTH
/////////////////////////
plotTreeName: Tprime2_DeepAK8_decorr_Mass
Flavour: E #tag: isV_tZtZ #algo: DeepAK8_decorr
Weights: 1 * 1 * 1 * pileupWeight * 1 * lepIdSF * EGammaGsfSF * 1 * (MCWeight_singleLepCalc/abs(MCWeight_singleLepCalc)) * 0.00029406961913
Cuts: (leptonPt_singleLepCalc > 50) && (corr_met_singleLepCalc > 55) && (AK4HT > 480) && (minDR_lepJet > 0.4 || ptRel_lepJet > 40) && (NJetsAK8_JetSubCalc > 2) && (minDR_leadAK8otherAK8 < 3.0) && DataPastTrigger == 1 && isElectron==1
****************************************************************************************************
****************************************************************************************************
DISTRIBUTION: Tp2Mass
            -name in ljmet trees: Tprime2_ALGO_Mass
            -x-axis label is set to: ;M(T) [GeV])
            -using the binning as: [0.0, 60.0, 120.0, 180.0, 240.0, 300.0, 360.0, 420.0, 480.0, 540.0, 600.0, 660.0, 720.0, 780.0, 840.0, 900.0, 960.0, 1020.0, 1080.0, 1140.0, 1200.0, 1260.0, 1320.0, 1380.0, 1440.0, 1500.0, 1560.0, 1620.0, 1680.0, 1740.0, 1800.0, 1860.0, 1920.0, 1980.0, 2040.0, 2100.0, 2160.0, 2220.0, 2280.0, 2340.0, 2400.0, 2460.0, 2520.0, 2580.0, 2640.0, 2700.0, 2760.0, 2820.0, 2880.0, 2940.0, 3000.0]
/////////////////////////
PROCESSING:  TTM1300BWBW
/////////////////////////
plotTreeName: Tprime2_DeepAK8_decorr_Mass
Flavour: E #tag: isV_tZtZ #algo: DeepAK8_decorr
Weights: 1 * 1 * 1 * pileupWeight * 1 * lepIdSF * EGammaGsfSF * 1 * (MCWeight_singleLepCalc/abs(MCWeight_singleLepCalc)) * 0.00063821114509
Cuts: (leptonPt_singleLepCalc > 50) && (corr_met_singleLepCalc > 55) && (AK4HT > 480) && (minDR_lepJet > 0.4 || ptRel_lepJet > 40) && (NJetsAK8_JetSubCalc > 2) && (minDR_leadAK8otherAK8 < 3.0) && DataPastTrigger == 1 && isElectron==1
****************************************************************************************************
****************************************************************************************************
DISTRIBUTION: Tp2Mass
            -name in ljmet trees: Tprime2_ALGO_Mass
            -x-axis label is set to: ;M(T) [GeV])
            -using the binning as: [0.0, 60.0, 120.0, 180.0, 240.0, 300.0, 360.0, 420.0, 480.0, 540.0, 600.0, 660.0, 720.0, 780.0, 840.0, 900.0, 960.0, 1020.0, 1080.0, 1140.0, 1200.0, 1260.0, 1320.0, 1380.0, 1440.0, 1500.0, 1560.0, 1620.0, 1680.0, 1740.0, 1800.0, 1860.0, 1920.0, 1980.0, 2040.0, 2100.0, 2160.0, 2220.0, 2280.0, 2340.0, 2400.0, 2460.0, 2520.0, 2580.0, 2640.0, 2700.0, 2760.0, 2820.0, 2880.0, 2940.0, 3000.0]
/////////////////////////
PROCESSING:  TTM1300THTH
/////////////////////////
plotTreeName: Tprime2_DeepAK8_decorr_Mass
Flavour: E #tag: isV_tZtZ #algo: DeepAK8_decorr
Weights: 1 * 1 * 1 * pileupWeight * 1 * lepIdSF * EGammaGsfSF * 1 * (MCWeight_singleLepCalc/abs(MCWeight_singleLepCalc)) * 0.000159552786272
Cuts: (leptonPt_singleLepCalc > 50) && (corr_met_singleLepCalc > 55) && (AK4HT > 480) && (minDR_lepJet > 0.4 || ptRel_lepJet > 40) && (NJetsAK8_JetSubCalc > 2) && (minDR_leadAK8otherAK8 < 3.0) && DataPastTrigger == 1 && isElectron==1
****************************************************************************************************
****************************************************************************************************
DISTRIBUTION: Tp2Mass
            -name in ljmet trees: Tprime2_ALGO_Mass
            -x-axis label is set to: ;M(T) [GeV])
            -using the binning as: [0.0, 60.0, 120.0, 180.0, 240.0, 300.0, 360.0, 420.0, 480.0, 540.0, 600.0, 660.0, 720.0, 780.0, 840.0, 900.0, 960.0, 1020.0, 1080.0, 1140.0, 1200.0, 1260.0, 1320.0, 1380.0, 1440.0, 1500.0, 1560.0, 1620.0, 1680.0, 1740.0, 1800.0, 1860.0, 1920.0, 1980.0, 2040.0, 2100.0, 2160.0, 2220.0, 2280.0, 2340.0, 2400.0, 2460.0, 2520.0, 2580.0, 2640.0, 2700.0, 2760.0, 2820.0, 2880.0, 2940.0, 3000.0]
/////////////////////////
PROCESSING:  TTM1300TZTZ
/////////////////////////
plotTreeName: Tprime2_DeepAK8_decorr_Mass
Flavour: E #tag: isV_tZtZ #algo: DeepAK8_decorr
Weights: 1 * 1 * 1 * pileupWeight * 1 * lepIdSF * EGammaGsfSF * 1 * (MCWeight_singleLepCalc/abs(MCWeight_singleLepCalc)) * 0.000159552786272
Cuts: (leptonPt_singleLepCalc > 50) && (corr_met_singleLepCalc > 55) && (AK4HT > 480) && (minDR_lepJet > 0.4 || ptRel_lepJet > 40) && (NJetsAK8_JetSubCalc > 2) && (minDR_leadAK8otherAK8 < 3.0) && DataPastTrigger == 1 && isElectron==1
****************************************************************************************************
****************************************************************************************************
DISTRIBUTION: Tp2Mass
            -name in ljmet trees: Tprime2_ALGO_Mass
            -x-axis label is set to: ;M(T) [GeV])
            -using the binning as: [0.0, 60.0, 120.0, 180.0, 240.0, 300.0, 360.0, 420.0, 480.0, 540.0, 600.0, 660.0, 720.0, 780.0, 840.0, 900.0, 960.0, 1020.0, 1080.0, 1140.0, 1200.0, 1260.0, 1320.0, 1380.0, 1440.0, 1500.0, 1560.0, 1620.0, 1680.0, 1740.0, 1800.0, 1860.0, 1920.0, 1980.0, 2040.0, 2100.0, 2160.0, 2220.0, 2280.0, 2340.0, 2400.0, 2460.0, 2520.0, 2580.0, 2640.0, 2700.0, 2760.0, 2820.0, 2880.0, 2940.0, 3000.0]
/////////////////////////
PROCESSING:  TTM1300TZBW
/////////////////////////
plotTreeName: Tprime2_DeepAK8_decorr_Mass
Flavour: E #tag: isV_tZtZ #algo: DeepAK8_decorr
Weights: 1 * 1 * 1 * pileupWeight * 1 * lepIdSF * EGammaGsfSF * 1 * (MCWeight_singleLepCalc/abs(MCWeight_singleLepCalc)) * 0.000319105572545
Cuts: (leptonPt_singleLepCalc > 50) && (corr_met_singleLepCalc > 55) && (AK4HT > 480) && (minDR_lepJet > 0.4 || ptRel_lepJet > 40) && (NJetsAK8_JetSubCalc > 2) && (minDR_leadAK8otherAK8 < 3.0) && DataPastTrigger == 1 && isElectron==1
****************************************************************************************************
****************************************************************************************************
DISTRIBUTION: Tp2Mass
            -name in ljmet trees: Tprime2_ALGO_Mass
            -x-axis label is set to: ;M(T) [GeV])
            -using the binning as: [0.0, 60.0, 120.0, 180.0, 240.0, 300.0, 360.0, 420.0, 480.0, 540.0, 600.0, 660.0, 720.0, 780.0, 840.0, 900.0, 960.0, 1020.0, 1080.0, 1140.0, 1200.0, 1260.0, 1320.0, 1380.0, 1440.0, 1500.0, 1560.0, 1620.0, 1680.0, 1740.0, 1800.0, 1860.0, 1920.0, 1980.0, 2040.0, 2100.0, 2160.0, 2220.0, 2280.0, 2340.0, 2400.0, 2460.0, 2520.0, 2580.0, 2640.0, 2700.0, 2760.0, 2820.0, 2880.0, 2940.0, 3000.0]
/////////////////////////
PROCESSING:  TTM1300THBW
/////////////////////////
plotTreeName: Tprime2_DeepAK8_decorr_Mass
Flavour: E #tag: isV_tZtZ #algo: DeepAK8_decorr
Weights: 1 * 1 * 1 * pileupWeight * 1 * lepIdSF * EGammaGsfSF * 1 * (MCWeight_singleLepCalc/abs(MCWeight_singleLepCalc)) * 0.000319105572545
Cuts: (leptonPt_singleLepCalc > 50) && (corr_met_singleLepCalc > 55) && (AK4HT > 480) && (minDR_lepJet > 0.4 || ptRel_lepJet > 40) && (NJetsAK8_JetSubCalc > 2) && (minDR_leadAK8otherAK8 < 3.0) && DataPastTrigger == 1 && isElectron==1
****************************************************************************************************
****************************************************************************************************
DISTRIBUTION: Tp2Mass
            -name in ljmet trees: Tprime2_ALGO_Mass
            -x-axis label is set to: ;M(T) [GeV])
            -using the binning as: [0.0, 60.0, 120.0, 180.0, 240.0, 300.0, 360.0, 420.0, 480.0, 540.0, 600.0, 660.0, 720.0, 780.0, 840.0, 900.0, 960.0, 1020.0, 1080.0, 1140.0, 1200.0, 1260.0, 1320.0, 1380.0, 1440.0, 1500.0, 1560.0, 1620.0, 1680.0, 1740.0, 1800.0, 1860.0, 1920.0, 1980.0, 2040.0, 2100.0, 2160.0, 2220.0, 2280.0, 2340.0, 2400.0, 2460.0, 2520.0, 2580.0, 2640.0, 2700.0, 2760.0, 2820.0, 2880.0, 2940.0, 3000.0]
/////////////////////////
PROCESSING:  TTM1300TZTH
/////////////////////////
plotTreeName: Tprime2_DeepAK8_decorr_Mass
Flavour: E #tag: isV_tZtZ #algo: DeepAK8_decorr
Weights: 1 * 1 * 1 * pileupWeight * 1 * lepIdSF * EGammaGsfSF * 1 * (MCWeight_singleLepCalc/abs(MCWeight_singleLepCalc)) * 0.000159552786272
Cuts: (leptonPt_singleLepCalc > 50) && (corr_met_singleLepCalc > 55) && (AK4HT > 480) && (minDR_lepJet > 0.4 || ptRel_lepJet > 40) && (NJetsAK8_JetSubCalc > 2) && (minDR_leadAK8otherAK8 < 3.0) && DataPastTrigger == 1 && isElectron==1
****************************************************************************************************
****************************************************************************************************
DISTRIBUTION: Tp2Mass
            -name in ljmet trees: Tprime2_ALGO_Mass
            -x-axis label is set to: ;M(T) [GeV])
            -using the binning as: [0.0, 60.0, 120.0, 180.0, 240.0, 300.0, 360.0, 420.0, 480.0, 540.0, 600.0, 660.0, 720.0, 780.0, 840.0, 900.0, 960.0, 1020.0, 1080.0, 1140.0, 1200.0, 1260.0, 1320.0, 1380.0, 1440.0, 1500.0, 1560.0, 1620.0, 1680.0, 1740.0, 1800.0, 1860.0, 1920.0, 1980.0, 2040.0, 2100.0, 2160.0, 2220.0, 2280.0, 2340.0, 2400.0, 2460.0, 2520.0, 2580.0, 2640.0, 2700.0, 2760.0, 2820.0, 2880.0, 2940.0, 3000.0]
/////////////////////////
PROCESSING:  TTM1400BWBW
/////////////////////////
plotTreeName: Tprime2_DeepAK8_decorr_Mass
Flavour: E #tag: isV_tZtZ #algo: DeepAK8_decorr
Weights: 1 * 1 * 1 * pileupWeight * 1 * lepIdSF * EGammaGsfSF * 1 * (MCWeight_singleLepCalc/abs(MCWeight_singleLepCalc)) * 0.000352883542956
Cuts: (leptonPt_singleLepCalc > 50) && (corr_met_singleLepCalc > 55) && (AK4HT > 480) && (minDR_lepJet > 0.4 || ptRel_lepJet > 40) && (NJetsAK8_JetSubCalc > 2) && (minDR_leadAK8otherAK8 < 3.0) && DataPastTrigger == 1 && isElectron==1
****************************************************************************************************
****************************************************************************************************
DISTRIBUTION: Tp2Mass
            -name in ljmet trees: Tprime2_ALGO_Mass
            -x-axis label is set to: ;M(T) [GeV])
            -using the binning as: [0.0, 60.0, 120.0, 180.0, 240.0, 300.0, 360.0, 420.0, 480.0, 540.0, 600.0, 660.0, 720.0, 780.0, 840.0, 900.0, 960.0, 1020.0, 1080.0, 1140.0, 1200.0, 1260.0, 1320.0, 1380.0, 1440.0, 1500.0, 1560.0, 1620.0, 1680.0, 1740.0, 1800.0, 1860.0, 1920.0, 1980.0, 2040.0, 2100.0, 2160.0, 2220.0, 2280.0, 2340.0, 2400.0, 2460.0, 2520.0, 2580.0, 2640.0, 2700.0, 2760.0, 2820.0, 2880.0, 2940.0, 3000.0]
/////////////////////////
PROCESSING:  TTM1400THTH
/////////////////////////
plotTreeName: Tprime2_DeepAK8_decorr_Mass
Flavour: E #tag: isV_tZtZ #algo: DeepAK8_decorr
Weights: 1 * 1 * 1 * pileupWeight * 1 * lepIdSF * EGammaGsfSF * 1 * (MCWeight_singleLepCalc/abs(MCWeight_singleLepCalc)) * 8.82208857389e-05
Cuts: (leptonPt_singleLepCalc > 50) && (corr_met_singleLepCalc > 55) && (AK4HT > 480) && (minDR_lepJet > 0.4 || ptRel_lepJet > 40) && (NJetsAK8_JetSubCalc > 2) && (minDR_leadAK8otherAK8 < 3.0) && DataPastTrigger == 1 && isElectron==1
****************************************************************************************************
****************************************************************************************************
DISTRIBUTION: Tp2Mass
            -name in ljmet trees: Tprime2_ALGO_Mass
            -x-axis label is set to: ;M(T) [GeV])
            -using the binning as: [0.0, 60.0, 120.0, 180.0, 240.0, 300.0, 360.0, 420.0, 480.0, 540.0, 600.0, 660.0, 720.0, 780.0, 840.0, 900.0, 960.0, 1020.0, 1080.0, 1140.0, 1200.0, 1260.0, 1320.0, 1380.0, 1440.0, 1500.0, 1560.0, 1620.0, 1680.0, 1740.0, 1800.0, 1860.0, 1920.0, 1980.0, 2040.0, 2100.0, 2160.0, 2220.0, 2280.0, 2340.0, 2400.0, 2460.0, 2520.0, 2580.0, 2640.0, 2700.0, 2760.0, 2820.0, 2880.0, 2940.0, 3000.0]
/////////////////////////
PROCESSING:  TTM1400TZTZ
/////////////////////////
plotTreeName: Tprime2_DeepAK8_decorr_Mass
Flavour: E #tag: isV_tZtZ #algo: DeepAK8_decorr
Weights: 1 * 1 * 1 * pileupWeight * 1 * lepIdSF * EGammaGsfSF * 1 * (MCWeight_singleLepCalc/abs(MCWeight_singleLepCalc)) * 8.82208857389e-05
Cuts: (leptonPt_singleLepCalc > 50) && (corr_met_singleLepCalc > 55) && (AK4HT > 480) && (minDR_lepJet > 0.4 || ptRel_lepJet > 40) && (NJetsAK8_JetSubCalc > 2) && (minDR_leadAK8otherAK8 < 3.0) && DataPastTrigger == 1 && isElectron==1
****************************************************************************************************
****************************************************************************************************
DISTRIBUTION: Tp2Mass
            -name in ljmet trees: Tprime2_ALGO_Mass
            -x-axis label is set to: ;M(T) [GeV])
            -using the binning as: [0.0, 60.0, 120.0, 180.0, 240.0, 300.0, 360.0, 420.0, 480.0, 540.0, 600.0, 660.0, 720.0, 780.0, 840.0, 900.0, 960.0, 1020.0, 1080.0, 1140.0, 1200.0, 1260.0, 1320.0, 1380.0, 1440.0, 1500.0, 1560.0, 1620.0, 1680.0, 1740.0, 1800.0, 1860.0, 1920.0, 1980.0, 2040.0, 2100.0, 2160.0, 2220.0, 2280.0, 2340.0, 2400.0, 2460.0, 2520.0, 2580.0, 2640.0, 2700.0, 2760.0, 2820.0, 2880.0, 2940.0, 3000.0]
/////////////////////////
PROCESSING:  TTM1400TZBW
/////////////////////////
plotTreeName: Tprime2_DeepAK8_decorr_Mass
Flavour: E #tag: isV_tZtZ #algo: DeepAK8_decorr
Weights: 1 * 1 * 1 * pileupWeight * 1 * lepIdSF * EGammaGsfSF * 1 * (MCWeight_singleLepCalc/abs(MCWeight_singleLepCalc)) * 0.000176441771478
Cuts: (leptonPt_singleLepCalc > 50) && (corr_met_singleLepCalc > 55) && (AK4HT > 480) && (minDR_lepJet > 0.4 || ptRel_lepJet > 40) && (NJetsAK8_JetSubCalc > 2) && (minDR_leadAK8otherAK8 < 3.0) && DataPastTrigger == 1 && isElectron==1
****************************************************************************************************
****************************************************************************************************
DISTRIBUTION: Tp2Mass
            -name in ljmet trees: Tprime2_ALGO_Mass
            -x-axis label is set to: ;M(T) [GeV])
            -using the binning as: [0.0, 60.0, 120.0, 180.0, 240.0, 300.0, 360.0, 420.0, 480.0, 540.0, 600.0, 660.0, 720.0, 780.0, 840.0, 900.0, 960.0, 1020.0, 1080.0, 1140.0, 1200.0, 1260.0, 1320.0, 1380.0, 1440.0, 1500.0, 1560.0, 1620.0, 1680.0, 1740.0, 1800.0, 1860.0, 1920.0, 1980.0, 2040.0, 2100.0, 2160.0, 2220.0, 2280.0, 2340.0, 2400.0, 2460.0, 2520.0, 2580.0, 2640.0, 2700.0, 2760.0, 2820.0, 2880.0, 2940.0, 3000.0]
/////////////////////////
PROCESSING:  TTM1400THBW
/////////////////////////
plotTreeName: Tprime2_DeepAK8_decorr_Mass
Flavour: E #tag: isV_tZtZ #algo: DeepAK8_decorr
Weights: 1 * 1 * 1 * pileupWeight * 1 * lepIdSF * EGammaGsfSF * 1 * (MCWeight_singleLepCalc/abs(MCWeight_singleLepCalc)) * 0.000176441771478
Cuts: (leptonPt_singleLepCalc > 50) && (corr_met_singleLepCalc > 55) && (AK4HT > 480) && (minDR_lepJet > 0.4 || ptRel_lepJet > 40) && (NJetsAK8_JetSubCalc > 2) && (minDR_leadAK8otherAK8 < 3.0) && DataPastTrigger == 1 && isElectron==1
****************************************************************************************************
****************************************************************************************************
DISTRIBUTION: Tp2Mass
            -name in ljmet trees: Tprime2_ALGO_Mass
            -x-axis label is set to: ;M(T) [GeV])
            -using the binning as: [0.0, 60.0, 120.0, 180.0, 240.0, 300.0, 360.0, 420.0, 480.0, 540.0, 600.0, 660.0, 720.0, 780.0, 840.0, 900.0, 960.0, 1020.0, 1080.0, 1140.0, 1200.0, 1260.0, 1320.0, 1380.0, 1440.0, 1500.0, 1560.0, 1620.0, 1680.0, 1740.0, 1800.0, 1860.0, 1920.0, 1980.0, 2040.0, 2100.0, 2160.0, 2220.0, 2280.0, 2340.0, 2400.0, 2460.0, 2520.0, 2580.0, 2640.0, 2700.0, 2760.0, 2820.0, 2880.0, 2940.0, 3000.0]
/////////////////////////
PROCESSING:  TTM1400TZTH
/////////////////////////
plotTreeName: Tprime2_DeepAK8_decorr_Mass
Flavour: E #tag: isV_tZtZ #algo: DeepAK8_decorr
Weights: 1 * 1 * 1 * pileupWeight * 1 * lepIdSF * EGammaGsfSF * 1 * (MCWeight_singleLepCalc/abs(MCWeight_singleLepCalc)) * 8.82208857389e-05
Cuts: (leptonPt_singleLepCalc > 50) && (corr_met_singleLepCalc > 55) && (AK4HT > 480) && (minDR_lepJet > 0.4 || ptRel_lepJet > 40) && (NJetsAK8_JetSubCalc > 2) && (minDR_leadAK8otherAK8 < 3.0) && DataPastTrigger == 1 && isElectron==1
****************************************************************************************************
****************************************************************************************************
DISTRIBUTION: Tp2Mass
            -name in ljmet trees: Tprime2_ALGO_Mass
            -x-axis label is set to: ;M(T) [GeV])
            -using the binning as: [0.0, 60.0, 120.0, 180.0, 240.0, 300.0, 360.0, 420.0, 480.0, 540.0, 600.0, 660.0, 720.0, 780.0, 840.0, 900.0, 960.0, 1020.0, 1080.0, 1140.0, 1200.0, 1260.0, 1320.0, 1380.0, 1440.0, 1500.0, 1560.0, 1620.0, 1680.0, 1740.0, 1800.0, 1860.0, 1920.0, 1980.0, 2040.0, 2100.0, 2160.0, 2220.0, 2280.0, 2340.0, 2400.0, 2460.0, 2520.0, 2580.0, 2640.0, 2700.0, 2760.0, 2820.0, 2880.0, 2940.0, 3000.0]
/////////////////////////
PROCESSING:  TTM1500BWBW
/////////////////////////
plotTreeName: Tprime2_DeepAK8_decorr_Mass
Flavour: E #tag: isV_tZtZ #algo: DeepAK8_decorr
Weights: 1 * 1 * 1 * pileupWeight * 1 * lepIdSF * EGammaGsfSF * 1 * (MCWeight_singleLepCalc/abs(MCWeight_singleLepCalc)) * 0.00019932135405
Cuts: (leptonPt_singleLepCalc > 50) && (corr_met_singleLepCalc > 55) && (AK4HT > 480) && (minDR_lepJet > 0.4 || ptRel_lepJet > 40) && (NJetsAK8_JetSubCalc > 2) && (minDR_leadAK8otherAK8 < 3.0) && DataPastTrigger == 1 && isElectron==1
****************************************************************************************************
****************************************************************************************************
DISTRIBUTION: Tp2Mass
            -name in ljmet trees: Tprime2_ALGO_Mass
            -x-axis label is set to: ;M(T) [GeV])
            -using the binning as: [0.0, 60.0, 120.0, 180.0, 240.0, 300.0, 360.0, 420.0, 480.0, 540.0, 600.0, 660.0, 720.0, 780.0, 840.0, 900.0, 960.0, 1020.0, 1080.0, 1140.0, 1200.0, 1260.0, 1320.0, 1380.0, 1440.0, 1500.0, 1560.0, 1620.0, 1680.0, 1740.0, 1800.0, 1860.0, 1920.0, 1980.0, 2040.0, 2100.0, 2160.0, 2220.0, 2280.0, 2340.0, 2400.0, 2460.0, 2520.0, 2580.0, 2640.0, 2700.0, 2760.0, 2820.0, 2880.0, 2940.0, 3000.0]
/////////////////////////
PROCESSING:  TTM1500THTH
/////////////////////////
plotTreeName: Tprime2_DeepAK8_decorr_Mass
Flavour: E #tag: isV_tZtZ #algo: DeepAK8_decorr
Weights: 1 * 1 * 1 * pileupWeight * 1 * lepIdSF * EGammaGsfSF * 1 * (MCWeight_singleLepCalc/abs(MCWeight_singleLepCalc)) * 4.98303385124e-05
Cuts: (leptonPt_singleLepCalc > 50) && (corr_met_singleLepCalc > 55) && (AK4HT > 480) && (minDR_lepJet > 0.4 || ptRel_lepJet > 40) && (NJetsAK8_JetSubCalc > 2) && (minDR_leadAK8otherAK8 < 3.0) && DataPastTrigger == 1 && isElectron==1
****************************************************************************************************
****************************************************************************************************
DISTRIBUTION: Tp2Mass
            -name in ljmet trees: Tprime2_ALGO_Mass
            -x-axis label is set to: ;M(T) [GeV])
            -using the binning as: [0.0, 60.0, 120.0, 180.0, 240.0, 300.0, 360.0, 420.0, 480.0, 540.0, 600.0, 660.0, 720.0, 780.0, 840.0, 900.0, 960.0, 1020.0, 1080.0, 1140.0, 1200.0, 1260.0, 1320.0, 1380.0, 1440.0, 1500.0, 1560.0, 1620.0, 1680.0, 1740.0, 1800.0, 1860.0, 1920.0, 1980.0, 2040.0, 2100.0, 2160.0, 2220.0, 2280.0, 2340.0, 2400.0, 2460.0, 2520.0, 2580.0, 2640.0, 2700.0, 2760.0, 2820.0, 2880.0, 2940.0, 3000.0]
/////////////////////////
PROCESSING:  TTM1500TZTZ
/////////////////////////
plotTreeName: Tprime2_DeepAK8_decorr_Mass
Flavour: E #tag: isV_tZtZ #algo: DeepAK8_decorr
Weights: 1 * 1 * 1 * pileupWeight * 1 * lepIdSF * EGammaGsfSF * 1 * (MCWeight_singleLepCalc/abs(MCWeight_singleLepCalc)) * 4.98303385124e-05
Cuts: (leptonPt_singleLepCalc > 50) && (corr_met_singleLepCalc > 55) && (AK4HT > 480) && (minDR_lepJet > 0.4 || ptRel_lepJet > 40) && (NJetsAK8_JetSubCalc > 2) && (minDR_leadAK8otherAK8 < 3.0) && DataPastTrigger == 1 && isElectron==1
****************************************************************************************************
****************************************************************************************************
DISTRIBUTION: Tp2Mass
            -name in ljmet trees: Tprime2_ALGO_Mass
            -x-axis label is set to: ;M(T) [GeV])
            -using the binning as: [0.0, 60.0, 120.0, 180.0, 240.0, 300.0, 360.0, 420.0, 480.0, 540.0, 600.0, 660.0, 720.0, 780.0, 840.0, 900.0, 960.0, 1020.0, 1080.0, 1140.0, 1200.0, 1260.0, 1320.0, 1380.0, 1440.0, 1500.0, 1560.0, 1620.0, 1680.0, 1740.0, 1800.0, 1860.0, 1920.0, 1980.0, 2040.0, 2100.0, 2160.0, 2220.0, 2280.0, 2340.0, 2400.0, 2460.0, 2520.0, 2580.0, 2640.0, 2700.0, 2760.0, 2820.0, 2880.0, 2940.0, 3000.0]
/////////////////////////
PROCESSING:  TTM1500TZBW
/////////////////////////
plotTreeName: Tprime2_DeepAK8_decorr_Mass
Flavour: E #tag: isV_tZtZ #algo: DeepAK8_decorr
Weights: 1 * 1 * 1 * pileupWeight * 1 * lepIdSF * EGammaGsfSF * 1 * (MCWeight_singleLepCalc/abs(MCWeight_singleLepCalc)) * 9.96606770248e-05
Cuts: (leptonPt_singleLepCalc > 50) && (corr_met_singleLepCalc > 55) && (AK4HT > 480) && (minDR_lepJet > 0.4 || ptRel_lepJet > 40) && (NJetsAK8_JetSubCalc > 2) && (minDR_leadAK8otherAK8 < 3.0) && DataPastTrigger == 1 && isElectron==1
****************************************************************************************************
****************************************************************************************************
DISTRIBUTION: Tp2Mass
            -name in ljmet trees: Tprime2_ALGO_Mass
            -x-axis label is set to: ;M(T) [GeV])
            -using the binning as: [0.0, 60.0, 120.0, 180.0, 240.0, 300.0, 360.0, 420.0, 480.0, 540.0, 600.0, 660.0, 720.0, 780.0, 840.0, 900.0, 960.0, 1020.0, 1080.0, 1140.0, 1200.0, 1260.0, 1320.0, 1380.0, 1440.0, 1500.0, 1560.0, 1620.0, 1680.0, 1740.0, 1800.0, 1860.0, 1920.0, 1980.0, 2040.0, 2100.0, 2160.0, 2220.0, 2280.0, 2340.0, 2400.0, 2460.0, 2520.0, 2580.0, 2640.0, 2700.0, 2760.0, 2820.0, 2880.0, 2940.0, 3000.0]
/////////////////////////
PROCESSING:  TTM1500THBW
/////////////////////////
plotTreeName: Tprime2_DeepAK8_decorr_Mass
Flavour: E #tag: isV_tZtZ #algo: DeepAK8_decorr
Weights: 1 * 1 * 1 * pileupWeight * 1 * lepIdSF * EGammaGsfSF * 1 * (MCWeight_singleLepCalc/abs(MCWeight_singleLepCalc)) * 9.96606770248e-05
Cuts: (leptonPt_singleLepCalc > 50) && (corr_met_singleLepCalc > 55) && (AK4HT > 480) && (minDR_lepJet > 0.4 || ptRel_lepJet > 40) && (NJetsAK8_JetSubCalc > 2) && (minDR_leadAK8otherAK8 < 3.0) && DataPastTrigger == 1 && isElectron==1
****************************************************************************************************
****************************************************************************************************
DISTRIBUTION: Tp2Mass
            -name in ljmet trees: Tprime2_ALGO_Mass
            -x-axis label is set to: ;M(T) [GeV])
            -using the binning as: [0.0, 60.0, 120.0, 180.0, 240.0, 300.0, 360.0, 420.0, 480.0, 540.0, 600.0, 660.0, 720.0, 780.0, 840.0, 900.0, 960.0, 1020.0, 1080.0, 1140.0, 1200.0, 1260.0, 1320.0, 1380.0, 1440.0, 1500.0, 1560.0, 1620.0, 1680.0, 1740.0, 1800.0, 1860.0, 1920.0, 1980.0, 2040.0, 2100.0, 2160.0, 2220.0, 2280.0, 2340.0, 2400.0, 2460.0, 2520.0, 2580.0, 2640.0, 2700.0, 2760.0, 2820.0, 2880.0, 2940.0, 3000.0]
/////////////////////////
PROCESSING:  TTM1500TZTH
/////////////////////////
plotTreeName: Tprime2_DeepAK8_decorr_Mass
Flavour: E #tag: isV_tZtZ #algo: DeepAK8_decorr
Weights: 1 * 1 * 1 * pileupWeight * 1 * lepIdSF * EGammaGsfSF * 1 * (MCWeight_singleLepCalc/abs(MCWeight_singleLepCalc)) * 4.98303385124e-05
Cuts: (leptonPt_singleLepCalc > 50) && (corr_met_singleLepCalc > 55) && (AK4HT > 480) && (minDR_lepJet > 0.4 || ptRel_lepJet > 40) && (NJetsAK8_JetSubCalc > 2) && (minDR_leadAK8otherAK8 < 3.0) && DataPastTrigger == 1 && isElectron==1
****************************************************************************************************
****************************************************************************************************
DISTRIBUTION: Tp2Mass
            -name in ljmet trees: Tprime2_ALGO_Mass
            -x-axis label is set to: ;M(T) [GeV])
            -using the binning as: [0.0, 60.0, 120.0, 180.0, 240.0, 300.0, 360.0, 420.0, 480.0, 540.0, 600.0, 660.0, 720.0, 780.0, 840.0, 900.0, 960.0, 1020.0, 1080.0, 1140.0, 1200.0, 1260.0, 1320.0, 1380.0, 1440.0, 1500.0, 1560.0, 1620.0, 1680.0, 1740.0, 1800.0, 1860.0, 1920.0, 1980.0, 2040.0, 2100.0, 2160.0, 2220.0, 2280.0, 2340.0, 2400.0, 2460.0, 2520.0, 2580.0, 2640.0, 2700.0, 2760.0, 2820.0, 2880.0, 2940.0, 3000.0]
/////////////////////////
PROCESSING:  TTM1600BWBW
/////////////////////////
plotTreeName: Tprime2_DeepAK8_decorr_Mass
Flavour: E #tag: isV_tZtZ #algo: DeepAK8_decorr
Weights: 1 * 1 * 1 * pileupWeight * 1 * lepIdSF * EGammaGsfSF * 1 * (MCWeight_singleLepCalc/abs(MCWeight_singleLepCalc)) * 0.000114437939919
Cuts: (leptonPt_singleLepCalc > 50) && (corr_met_singleLepCalc > 55) && (AK4HT > 480) && (minDR_lepJet > 0.4 || ptRel_lepJet > 40) && (NJetsAK8_JetSubCalc > 2) && (minDR_leadAK8otherAK8 < 3.0) && DataPastTrigger == 1 && isElectron==1
****************************************************************************************************
****************************************************************************************************
DISTRIBUTION: Tp2Mass
            -name in ljmet trees: Tprime2_ALGO_Mass
            -x-axis label is set to: ;M(T) [GeV])
            -using the binning as: [0.0, 60.0, 120.0, 180.0, 240.0, 300.0, 360.0, 420.0, 480.0, 540.0, 600.0, 660.0, 720.0, 780.0, 840.0, 900.0, 960.0, 1020.0, 1080.0, 1140.0, 1200.0, 1260.0, 1320.0, 1380.0, 1440.0, 1500.0, 1560.0, 1620.0, 1680.0, 1740.0, 1800.0, 1860.0, 1920.0, 1980.0, 2040.0, 2100.0, 2160.0, 2220.0, 2280.0, 2340.0, 2400.0, 2460.0, 2520.0, 2580.0, 2640.0, 2700.0, 2760.0, 2820.0, 2880.0, 2940.0, 3000.0]
/////////////////////////
PROCESSING:  TTM1600THTH
/////////////////////////
plotTreeName: Tprime2_DeepAK8_decorr_Mass
Flavour: E #tag: isV_tZtZ #algo: DeepAK8_decorr
Weights: 1 * 1 * 1 * pileupWeight * 1 * lepIdSF * EGammaGsfSF * 1 * (MCWeight_singleLepCalc/abs(MCWeight_singleLepCalc)) * 2.86094849797e-05
Cuts: (leptonPt_singleLepCalc > 50) && (corr_met_singleLepCalc > 55) && (AK4HT > 480) && (minDR_lepJet > 0.4 || ptRel_lepJet > 40) && (NJetsAK8_JetSubCalc > 2) && (minDR_leadAK8otherAK8 < 3.0) && DataPastTrigger == 1 && isElectron==1
****************************************************************************************************
****************************************************************************************************
DISTRIBUTION: Tp2Mass
            -name in ljmet trees: Tprime2_ALGO_Mass
            -x-axis label is set to: ;M(T) [GeV])
            -using the binning as: [0.0, 60.0, 120.0, 180.0, 240.0, 300.0, 360.0, 420.0, 480.0, 540.0, 600.0, 660.0, 720.0, 780.0, 840.0, 900.0, 960.0, 1020.0, 1080.0, 1140.0, 1200.0, 1260.0, 1320.0, 1380.0, 1440.0, 1500.0, 1560.0, 1620.0, 1680.0, 1740.0, 1800.0, 1860.0, 1920.0, 1980.0, 2040.0, 2100.0, 2160.0, 2220.0, 2280.0, 2340.0, 2400.0, 2460.0, 2520.0, 2580.0, 2640.0, 2700.0, 2760.0, 2820.0, 2880.0, 2940.0, 3000.0]
/////////////////////////
PROCESSING:  TTM1600TZTZ
/////////////////////////
plotTreeName: Tprime2_DeepAK8_decorr_Mass
Flavour: E #tag: isV_tZtZ #algo: DeepAK8_decorr
Weights: 1 * 1 * 1 * pileupWeight * 1 * lepIdSF * EGammaGsfSF * 1 * (MCWeight_singleLepCalc/abs(MCWeight_singleLepCalc)) * 2.86094849797e-05
Cuts: (leptonPt_singleLepCalc > 50) && (corr_met_singleLepCalc > 55) && (AK4HT > 480) && (minDR_lepJet > 0.4 || ptRel_lepJet > 40) && (NJetsAK8_JetSubCalc > 2) && (minDR_leadAK8otherAK8 < 3.0) && DataPastTrigger == 1 && isElectron==1
****************************************************************************************************
****************************************************************************************************
DISTRIBUTION: Tp2Mass
            -name in ljmet trees: Tprime2_ALGO_Mass
            -x-axis label is set to: ;M(T) [GeV])
            -using the binning as: [0.0, 60.0, 120.0, 180.0, 240.0, 300.0, 360.0, 420.0, 480.0, 540.0, 600.0, 660.0, 720.0, 780.0, 840.0, 900.0, 960.0, 1020.0, 1080.0, 1140.0, 1200.0, 1260.0, 1320.0, 1380.0, 1440.0, 1500.0, 1560.0, 1620.0, 1680.0, 1740.0, 1800.0, 1860.0, 1920.0, 1980.0, 2040.0, 2100.0, 2160.0, 2220.0, 2280.0, 2340.0, 2400.0, 2460.0, 2520.0, 2580.0, 2640.0, 2700.0, 2760.0, 2820.0, 2880.0, 2940.0, 3000.0]
/////////////////////////
PROCESSING:  TTM1600TZBW
/////////////////////////
plotTreeName: Tprime2_DeepAK8_decorr_Mass
Flavour: E #tag: isV_tZtZ #algo: DeepAK8_decorr
Weights: 1 * 1 * 1 * pileupWeight * 1 * lepIdSF * EGammaGsfSF * 1 * (MCWeight_singleLepCalc/abs(MCWeight_singleLepCalc)) * 5.72189699595e-05
Cuts: (leptonPt_singleLepCalc > 50) && (corr_met_singleLepCalc > 55) && (AK4HT > 480) && (minDR_lepJet > 0.4 || ptRel_lepJet > 40) && (NJetsAK8_JetSubCalc > 2) && (minDR_leadAK8otherAK8 < 3.0) && DataPastTrigger == 1 && isElectron==1
****************************************************************************************************
****************************************************************************************************
DISTRIBUTION: Tp2Mass
            -name in ljmet trees: Tprime2_ALGO_Mass
            -x-axis label is set to: ;M(T) [GeV])
            -using the binning as: [0.0, 60.0, 120.0, 180.0, 240.0, 300.0, 360.0, 420.0, 480.0, 540.0, 600.0, 660.0, 720.0, 780.0, 840.0, 900.0, 960.0, 1020.0, 1080.0, 1140.0, 1200.0, 1260.0, 1320.0, 1380.0, 1440.0, 1500.0, 1560.0, 1620.0, 1680.0, 1740.0, 1800.0, 1860.0, 1920.0, 1980.0, 2040.0, 2100.0, 2160.0, 2220.0, 2280.0, 2340.0, 2400.0, 2460.0, 2520.0, 2580.0, 2640.0, 2700.0, 2760.0, 2820.0, 2880.0, 2940.0, 3000.0]
/////////////////////////
PROCESSING:  TTM1600THBW
/////////////////////////
plotTreeName: Tprime2_DeepAK8_decorr_Mass
Flavour: E #tag: isV_tZtZ #algo: DeepAK8_decorr
Weights: 1 * 1 * 1 * pileupWeight * 1 * lepIdSF * EGammaGsfSF * 1 * (MCWeight_singleLepCalc/abs(MCWeight_singleLepCalc)) * 5.72189699595e-05
Cuts: (leptonPt_singleLepCalc > 50) && (corr_met_singleLepCalc > 55) && (AK4HT > 480) && (minDR_lepJet > 0.4 || ptRel_lepJet > 40) && (NJetsAK8_JetSubCalc > 2) && (minDR_leadAK8otherAK8 < 3.0) && DataPastTrigger == 1 && isElectron==1
****************************************************************************************************
****************************************************************************************************
DISTRIBUTION: Tp2Mass
            -name in ljmet trees: Tprime2_ALGO_Mass
            -x-axis label is set to: ;M(T) [GeV])
            -using the binning as: [0.0, 60.0, 120.0, 180.0, 240.0, 300.0, 360.0, 420.0, 480.0, 540.0, 600.0, 660.0, 720.0, 780.0, 840.0, 900.0, 960.0, 1020.0, 1080.0, 1140.0, 1200.0, 1260.0, 1320.0, 1380.0, 1440.0, 1500.0, 1560.0, 1620.0, 1680.0, 1740.0, 1800.0, 1860.0, 1920.0, 1980.0, 2040.0, 2100.0, 2160.0, 2220.0, 2280.0, 2340.0, 2400.0, 2460.0, 2520.0, 2580.0, 2640.0, 2700.0, 2760.0, 2820.0, 2880.0, 2940.0, 3000.0]
/////////////////////////
PROCESSING:  TTM1600TZTH
/////////////////////////
plotTreeName: Tprime2_DeepAK8_decorr_Mass
Flavour: E #tag: isV_tZtZ #algo: DeepAK8_decorr
Weights: 1 * 1 * 1 * pileupWeight * 1 * lepIdSF * EGammaGsfSF * 1 * (MCWeight_singleLepCalc/abs(MCWeight_singleLepCalc)) * 2.86094849797e-05
Cuts: (leptonPt_singleLepCalc > 50) && (corr_met_singleLepCalc > 55) && (AK4HT > 480) && (minDR_lepJet > 0.4 || ptRel_lepJet > 40) && (NJetsAK8_JetSubCalc > 2) && (minDR_leadAK8otherAK8 < 3.0) && DataPastTrigger == 1 && isElectron==1
****************************************************************************************************
****************************************************************************************************
DISTRIBUTION: Tp2Mass
            -name in ljmet trees: Tprime2_ALGO_Mass
            -x-axis label is set to: ;M(T) [GeV])
            -using the binning as: [0.0, 60.0, 120.0, 180.0, 240.0, 300.0, 360.0, 420.0, 480.0, 540.0, 600.0, 660.0, 720.0, 780.0, 840.0, 900.0, 960.0, 1020.0, 1080.0, 1140.0, 1200.0, 1260.0, 1320.0, 1380.0, 1440.0, 1500.0, 1560.0, 1620.0, 1680.0, 1740.0, 1800.0, 1860.0, 1920.0, 1980.0, 2040.0, 2100.0, 2160.0, 2220.0, 2280.0, 2340.0, 2400.0, 2460.0, 2520.0, 2580.0, 2640.0, 2700.0, 2760.0, 2820.0, 2880.0, 2940.0, 3000.0]
/////////////////////////
PROCESSING:  TTM1700BWBW
/////////////////////////
plotTreeName: Tprime2_DeepAK8_decorr_Mass
Flavour: E #tag: isV_tZtZ #algo: DeepAK8_decorr
Weights: 1 * 1 * 1 * pileupWeight * 1 * lepIdSF * EGammaGsfSF * 1 * (MCWeight_singleLepCalc/abs(MCWeight_singleLepCalc)) * 6.93554282011e-05
Cuts: (leptonPt_singleLepCalc > 50) && (corr_met_singleLepCalc > 55) && (AK4HT > 480) && (minDR_lepJet > 0.4 || ptRel_lepJet > 40) && (NJetsAK8_JetSubCalc > 2) && (minDR_leadAK8otherAK8 < 3.0) && DataPastTrigger == 1 && isElectron==1
****************************************************************************************************
****************************************************************************************************
DISTRIBUTION: Tp2Mass
            -name in ljmet trees: Tprime2_ALGO_Mass
            -x-axis label is set to: ;M(T) [GeV])
            -using the binning as: [0.0, 60.0, 120.0, 180.0, 240.0, 300.0, 360.0, 420.0, 480.0, 540.0, 600.0, 660.0, 720.0, 780.0, 840.0, 900.0, 960.0, 1020.0, 1080.0, 1140.0, 1200.0, 1260.0, 1320.0, 1380.0, 1440.0, 1500.0, 1560.0, 1620.0, 1680.0, 1740.0, 1800.0, 1860.0, 1920.0, 1980.0, 2040.0, 2100.0, 2160.0, 2220.0, 2280.0, 2340.0, 2400.0, 2460.0, 2520.0, 2580.0, 2640.0, 2700.0, 2760.0, 2820.0, 2880.0, 2940.0, 3000.0]
/////////////////////////
PROCESSING:  TTM1700THTH
/////////////////////////
plotTreeName: Tprime2_DeepAK8_decorr_Mass
Flavour: E #tag: isV_tZtZ #algo: DeepAK8_decorr
Weights: 1 * 1 * 1 * pileupWeight * 1 * lepIdSF * EGammaGsfSF * 1 * (MCWeight_singleLepCalc/abs(MCWeight_singleLepCalc)) * 1.73388570503e-05
Cuts: (leptonPt_singleLepCalc > 50) && (corr_met_singleLepCalc > 55) && (AK4HT > 480) && (minDR_lepJet > 0.4 || ptRel_lepJet > 40) && (NJetsAK8_JetSubCalc > 2) && (minDR_leadAK8otherAK8 < 3.0) && DataPastTrigger == 1 && isElectron==1
****************************************************************************************************
****************************************************************************************************
DISTRIBUTION: Tp2Mass
            -name in ljmet trees: Tprime2_ALGO_Mass
            -x-axis label is set to: ;M(T) [GeV])
            -using the binning as: [0.0, 60.0, 120.0, 180.0, 240.0, 300.0, 360.0, 420.0, 480.0, 540.0, 600.0, 660.0, 720.0, 780.0, 840.0, 900.0, 960.0, 1020.0, 1080.0, 1140.0, 1200.0, 1260.0, 1320.0, 1380.0, 1440.0, 1500.0, 1560.0, 1620.0, 1680.0, 1740.0, 1800.0, 1860.0, 1920.0, 1980.0, 2040.0, 2100.0, 2160.0, 2220.0, 2280.0, 2340.0, 2400.0, 2460.0, 2520.0, 2580.0, 2640.0, 2700.0, 2760.0, 2820.0, 2880.0, 2940.0, 3000.0]
/////////////////////////
PROCESSING:  TTM1700TZTZ
/////////////////////////
plotTreeName: Tprime2_DeepAK8_decorr_Mass
Flavour: E #tag: isV_tZtZ #algo: DeepAK8_decorr
Weights: 1 * 1 * 1 * pileupWeight * 1 * lepIdSF * EGammaGsfSF * 1 * (MCWeight_singleLepCalc/abs(MCWeight_singleLepCalc)) * 1.73388570503e-05
Cuts: (leptonPt_singleLepCalc > 50) && (corr_met_singleLepCalc > 55) && (AK4HT > 480) && (minDR_lepJet > 0.4 || ptRel_lepJet > 40) && (NJetsAK8_JetSubCalc > 2) && (minDR_leadAK8otherAK8 < 3.0) && DataPastTrigger == 1 && isElectron==1
****************************************************************************************************
****************************************************************************************************
DISTRIBUTION: Tp2Mass
            -name in ljmet trees: Tprime2_ALGO_Mass
            -x-axis label is set to: ;M(T) [GeV])
            -using the binning as: [0.0, 60.0, 120.0, 180.0, 240.0, 300.0, 360.0, 420.0, 480.0, 540.0, 600.0, 660.0, 720.0, 780.0, 840.0, 900.0, 960.0, 1020.0, 1080.0, 1140.0, 1200.0, 1260.0, 1320.0, 1380.0, 1440.0, 1500.0, 1560.0, 1620.0, 1680.0, 1740.0, 1800.0, 1860.0, 1920.0, 1980.0, 2040.0, 2100.0, 2160.0, 2220.0, 2280.0, 2340.0, 2400.0, 2460.0, 2520.0, 2580.0, 2640.0, 2700.0, 2760.0, 2820.0, 2880.0, 2940.0, 3000.0]
/////////////////////////
PROCESSING:  TTM1700TZBW
/////////////////////////
plotTreeName: Tprime2_DeepAK8_decorr_Mass
Flavour: E #tag: isV_tZtZ #algo: DeepAK8_decorr
Weights: 1 * 1 * 1 * pileupWeight * 1 * lepIdSF * EGammaGsfSF * 1 * (MCWeight_singleLepCalc/abs(MCWeight_singleLepCalc)) * 3.46777141005e-05
Cuts: (leptonPt_singleLepCalc > 50) && (corr_met_singleLepCalc > 55) && (AK4HT > 480) && (minDR_lepJet > 0.4 || ptRel_lepJet > 40) && (NJetsAK8_JetSubCalc > 2) && (minDR_leadAK8otherAK8 < 3.0) && DataPastTrigger == 1 && isElectron==1
****************************************************************************************************
****************************************************************************************************
DISTRIBUTION: Tp2Mass
            -name in ljmet trees: Tprime2_ALGO_Mass
            -x-axis label is set to: ;M(T) [GeV])
            -using the binning as: [0.0, 60.0, 120.0, 180.0, 240.0, 300.0, 360.0, 420.0, 480.0, 540.0, 600.0, 660.0, 720.0, 780.0, 840.0, 900.0, 960.0, 1020.0, 1080.0, 1140.0, 1200.0, 1260.0, 1320.0, 1380.0, 1440.0, 1500.0, 1560.0, 1620.0, 1680.0, 1740.0, 1800.0, 1860.0, 1920.0, 1980.0, 2040.0, 2100.0, 2160.0, 2220.0, 2280.0, 2340.0, 2400.0, 2460.0, 2520.0, 2580.0, 2640.0, 2700.0, 2760.0, 2820.0, 2880.0, 2940.0, 3000.0]
/////////////////////////
PROCESSING:  TTM1700THBW
/////////////////////////
plotTreeName: Tprime2_DeepAK8_decorr_Mass
Flavour: E #tag: isV_tZtZ #algo: DeepAK8_decorr
Weights: 1 * 1 * 1 * pileupWeight * 1 * lepIdSF * EGammaGsfSF * 1 * (MCWeight_singleLepCalc/abs(MCWeight_singleLepCalc)) * 3.46777141005e-05
Cuts: (leptonPt_singleLepCalc > 50) && (corr_met_singleLepCalc > 55) && (AK4HT > 480) && (minDR_lepJet > 0.4 || ptRel_lepJet > 40) && (NJetsAK8_JetSubCalc > 2) && (minDR_leadAK8otherAK8 < 3.0) && DataPastTrigger == 1 && isElectron==1
****************************************************************************************************
****************************************************************************************************
DISTRIBUTION: Tp2Mass
            -name in ljmet trees: Tprime2_ALGO_Mass
            -x-axis label is set to: ;M(T) [GeV])
            -using the binning as: [0.0, 60.0, 120.0, 180.0, 240.0, 300.0, 360.0, 420.0, 480.0, 540.0, 600.0, 660.0, 720.0, 780.0, 840.0, 900.0, 960.0, 1020.0, 1080.0, 1140.0, 1200.0, 1260.0, 1320.0, 1380.0, 1440.0, 1500.0, 1560.0, 1620.0, 1680.0, 1740.0, 1800.0, 1860.0, 1920.0, 1980.0, 2040.0, 2100.0, 2160.0, 2220.0, 2280.0, 2340.0, 2400.0, 2460.0, 2520.0, 2580.0, 2640.0, 2700.0, 2760.0, 2820.0, 2880.0, 2940.0, 3000.0]
/////////////////////////
PROCESSING:  TTM1700TZTH
/////////////////////////
plotTreeName: Tprime2_DeepAK8_decorr_Mass
Flavour: E #tag: isV_tZtZ #algo: DeepAK8_decorr
Weights: 1 * 1 * 1 * pileupWeight * 1 * lepIdSF * EGammaGsfSF * 1 * (MCWeight_singleLepCalc/abs(MCWeight_singleLepCalc)) * 1.73388570503e-05
Cuts: (leptonPt_singleLepCalc > 50) && (corr_met_singleLepCalc > 55) && (AK4HT > 480) && (minDR_lepJet > 0.4 || ptRel_lepJet > 40) && (NJetsAK8_JetSubCalc > 2) && (minDR_leadAK8otherAK8 < 3.0) && DataPastTrigger == 1 && isElectron==1
****************************************************************************************************
****************************************************************************************************
DISTRIBUTION: Tp2Mass
            -name in ljmet trees: Tprime2_ALGO_Mass
            -x-axis label is set to: ;M(T) [GeV])
            -using the binning as: [0.0, 60.0, 120.0, 180.0, 240.0, 300.0, 360.0, 420.0, 480.0, 540.0, 600.0, 660.0, 720.0, 780.0, 840.0, 900.0, 960.0, 1020.0, 1080.0, 1140.0, 1200.0, 1260.0, 1320.0, 1380.0, 1440.0, 1500.0, 1560.0, 1620.0, 1680.0, 1740.0, 1800.0, 1860.0, 1920.0, 1980.0, 2040.0, 2100.0, 2160.0, 2220.0, 2280.0, 2340.0, 2400.0, 2460.0, 2520.0, 2580.0, 2640.0, 2700.0, 2760.0, 2820.0, 2880.0, 2940.0, 3000.0]
/////////////////////////
PROCESSING:  TTM1800BWBW
/////////////////////////
plotTreeName: Tprime2_DeepAK8_decorr_Mass
Flavour: E #tag: isV_tZtZ #algo: DeepAK8_decorr
Weights: 1 * 1 * 1 * pileupWeight * 1 * lepIdSF * EGammaGsfSF * 1 * (MCWeight_singleLepCalc/abs(MCWeight_singleLepCalc)) * 3.89579688164e-05
Cuts: (leptonPt_singleLepCalc > 50) && (corr_met_singleLepCalc > 55) && (AK4HT > 480) && (minDR_lepJet > 0.4 || ptRel_lepJet > 40) && (NJetsAK8_JetSubCalc > 2) && (minDR_leadAK8otherAK8 < 3.0) && DataPastTrigger == 1 && isElectron==1
****************************************************************************************************
****************************************************************************************************
DISTRIBUTION: Tp2Mass
            -name in ljmet trees: Tprime2_ALGO_Mass
            -x-axis label is set to: ;M(T) [GeV])
            -using the binning as: [0.0, 60.0, 120.0, 180.0, 240.0, 300.0, 360.0, 420.0, 480.0, 540.0, 600.0, 660.0, 720.0, 780.0, 840.0, 900.0, 960.0, 1020.0, 1080.0, 1140.0, 1200.0, 1260.0, 1320.0, 1380.0, 1440.0, 1500.0, 1560.0, 1620.0, 1680.0, 1740.0, 1800.0, 1860.0, 1920.0, 1980.0, 2040.0, 2100.0, 2160.0, 2220.0, 2280.0, 2340.0, 2400.0, 2460.0, 2520.0, 2580.0, 2640.0, 2700.0, 2760.0, 2820.0, 2880.0, 2940.0, 3000.0]
/////////////////////////
PROCESSING:  TTM1800THTH
/////////////////////////
plotTreeName: Tprime2_DeepAK8_decorr_Mass
Flavour: E #tag: isV_tZtZ #algo: DeepAK8_decorr
Weights: 1 * 1 * 1 * pileupWeight * 1 * lepIdSF * EGammaGsfSF * 1 * (MCWeight_singleLepCalc/abs(MCWeight_singleLepCalc)) * 9.7394922041e-06
Cuts: (leptonPt_singleLepCalc > 50) && (corr_met_singleLepCalc > 55) && (AK4HT > 480) && (minDR_lepJet > 0.4 || ptRel_lepJet > 40) && (NJetsAK8_JetSubCalc > 2) && (minDR_leadAK8otherAK8 < 3.0) && DataPastTrigger == 1 && isElectron==1
****************************************************************************************************
****************************************************************************************************
DISTRIBUTION: Tp2Mass
            -name in ljmet trees: Tprime2_ALGO_Mass
            -x-axis label is set to: ;M(T) [GeV])
            -using the binning as: [0.0, 60.0, 120.0, 180.0, 240.0, 300.0, 360.0, 420.0, 480.0, 540.0, 600.0, 660.0, 720.0, 780.0, 840.0, 900.0, 960.0, 1020.0, 1080.0, 1140.0, 1200.0, 1260.0, 1320.0, 1380.0, 1440.0, 1500.0, 1560.0, 1620.0, 1680.0, 1740.0, 1800.0, 1860.0, 1920.0, 1980.0, 2040.0, 2100.0, 2160.0, 2220.0, 2280.0, 2340.0, 2400.0, 2460.0, 2520.0, 2580.0, 2640.0, 2700.0, 2760.0, 2820.0, 2880.0, 2940.0, 3000.0]
/////////////////////////
PROCESSING:  TTM1800TZTZ
/////////////////////////
plotTreeName: Tprime2_DeepAK8_decorr_Mass
Flavour: E #tag: isV_tZtZ #algo: DeepAK8_decorr
Weights: 1 * 1 * 1 * pileupWeight * 1 * lepIdSF * EGammaGsfSF * 1 * (MCWeight_singleLepCalc/abs(MCWeight_singleLepCalc)) * 9.7394922041e-06
Cuts: (leptonPt_singleLepCalc > 50) && (corr_met_singleLepCalc > 55) && (AK4HT > 480) && (minDR_lepJet > 0.4 || ptRel_lepJet > 40) && (NJetsAK8_JetSubCalc > 2) && (minDR_leadAK8otherAK8 < 3.0) && DataPastTrigger == 1 && isElectron==1
****************************************************************************************************
****************************************************************************************************
DISTRIBUTION: Tp2Mass
            -name in ljmet trees: Tprime2_ALGO_Mass
            -x-axis label is set to: ;M(T) [GeV])
            -using the binning as: [0.0, 60.0, 120.0, 180.0, 240.0, 300.0, 360.0, 420.0, 480.0, 540.0, 600.0, 660.0, 720.0, 780.0, 840.0, 900.0, 960.0, 1020.0, 1080.0, 1140.0, 1200.0, 1260.0, 1320.0, 1380.0, 1440.0, 1500.0, 1560.0, 1620.0, 1680.0, 1740.0, 1800.0, 1860.0, 1920.0, 1980.0, 2040.0, 2100.0, 2160.0, 2220.0, 2280.0, 2340.0, 2400.0, 2460.0, 2520.0, 2580.0, 2640.0, 2700.0, 2760.0, 2820.0, 2880.0, 2940.0, 3000.0]
/////////////////////////
PROCESSING:  TTM1800TZBW
/////////////////////////
plotTreeName: Tprime2_DeepAK8_decorr_Mass
Flavour: E #tag: isV_tZtZ #algo: DeepAK8_decorr
Weights: 1 * 1 * 1 * pileupWeight * 1 * lepIdSF * EGammaGsfSF * 1 * (MCWeight_singleLepCalc/abs(MCWeight_singleLepCalc)) * 1.94789844082e-05
Cuts: (leptonPt_singleLepCalc > 50) && (corr_met_singleLepCalc > 55) && (AK4HT > 480) && (minDR_lepJet > 0.4 || ptRel_lepJet > 40) && (NJetsAK8_JetSubCalc > 2) && (minDR_leadAK8otherAK8 < 3.0) && DataPastTrigger == 1 && isElectron==1
****************************************************************************************************
****************************************************************************************************
DISTRIBUTION: Tp2Mass
            -name in ljmet trees: Tprime2_ALGO_Mass
            -x-axis label is set to: ;M(T) [GeV])
            -using the binning as: [0.0, 60.0, 120.0, 180.0, 240.0, 300.0, 360.0, 420.0, 480.0, 540.0, 600.0, 660.0, 720.0, 780.0, 840.0, 900.0, 960.0, 1020.0, 1080.0, 1140.0, 1200.0, 1260.0, 1320.0, 1380.0, 1440.0, 1500.0, 1560.0, 1620.0, 1680.0, 1740.0, 1800.0, 1860.0, 1920.0, 1980.0, 2040.0, 2100.0, 2160.0, 2220.0, 2280.0, 2340.0, 2400.0, 2460.0, 2520.0, 2580.0, 2640.0, 2700.0, 2760.0, 2820.0, 2880.0, 2940.0, 3000.0]
/////////////////////////
PROCESSING:  TTM1800THBW
/////////////////////////
plotTreeName: Tprime2_DeepAK8_decorr_Mass
Flavour: E #tag: isV_tZtZ #algo: DeepAK8_decorr
Weights: 1 * 1 * 1 * pileupWeight * 1 * lepIdSF * EGammaGsfSF * 1 * (MCWeight_singleLepCalc/abs(MCWeight_singleLepCalc)) * 1.94789844082e-05
Cuts: (leptonPt_singleLepCalc > 50) && (corr_met_singleLepCalc > 55) && (AK4HT > 480) && (minDR_lepJet > 0.4 || ptRel_lepJet > 40) && (NJetsAK8_JetSubCalc > 2) && (minDR_leadAK8otherAK8 < 3.0) && DataPastTrigger == 1 && isElectron==1
****************************************************************************************************
****************************************************************************************************
DISTRIBUTION: Tp2Mass
            -name in ljmet trees: Tprime2_ALGO_Mass
            -x-axis label is set to: ;M(T) [GeV])
            -using the binning as: [0.0, 60.0, 120.0, 180.0, 240.0, 300.0, 360.0, 420.0, 480.0, 540.0, 600.0, 660.0, 720.0, 780.0, 840.0, 900.0, 960.0, 1020.0, 1080.0, 1140.0, 1200.0, 1260.0, 1320.0, 1380.0, 1440.0, 1500.0, 1560.0, 1620.0, 1680.0, 1740.0, 1800.0, 1860.0, 1920.0, 1980.0, 2040.0, 2100.0, 2160.0, 2220.0, 2280.0, 2340.0, 2400.0, 2460.0, 2520.0, 2580.0, 2640.0, 2700.0, 2760.0, 2820.0, 2880.0, 2940.0, 3000.0]
/////////////////////////
PROCESSING:  TTM1800TZTH
/////////////////////////
plotTreeName: Tprime2_DeepAK8_decorr_Mass
Flavour: E #tag: isV_tZtZ #algo: DeepAK8_decorr
Weights: 1 * 1 * 1 * pileupWeight * 1 * lepIdSF * EGammaGsfSF * 1 * (MCWeight_singleLepCalc/abs(MCWeight_singleLepCalc)) * 9.7394922041e-06
Cuts: (leptonPt_singleLepCalc > 50) && (corr_met_singleLepCalc > 55) && (AK4HT > 480) && (minDR_lepJet > 0.4 || ptRel_lepJet > 40) && (NJetsAK8_JetSubCalc > 2) && (minDR_leadAK8otherAK8 < 3.0) && DataPastTrigger == 1 && isElectron==1
****************************************************************************************************
****************************************************************************************************
DISTRIBUTION: Tp2Mass
            -name in ljmet trees: Tprime2_ALGO_Mass
            -x-axis label is set to: ;M(T) [GeV])
            -using the binning as: [0.0, 60.0, 120.0, 180.0, 240.0, 300.0, 360.0, 420.0, 480.0, 540.0, 600.0, 660.0, 720.0, 780.0, 840.0, 900.0, 960.0, 1020.0, 1080.0, 1140.0, 1200.0, 1260.0, 1320.0, 1380.0, 1440.0, 1500.0, 1560.0, 1620.0, 1680.0, 1740.0, 1800.0, 1860.0, 1920.0, 1980.0, 2040.0, 2100.0, 2160.0, 2220.0, 2280.0, 2340.0, 2400.0, 2460.0, 2520.0, 2580.0, 2640.0, 2700.0, 2760.0, 2820.0, 2880.0, 2940.0, 3000.0]
/////////////////////////
PROCESSING:  WJetsMG400
/////////////////////////
plotTreeName: Tprime2_BEST_Mass
Flavour: E #tag: notV #algo: BEST
Weights: 1 * HTSF_Pol * 1 * pileupWeight * 1 * lepIdSF * EGammaGsfSF * 1 * (MCWeight_singleLepCalc/abs(MCWeight_singleLepCalc)) * 0.280770227538
Cuts: (leptonPt_singleLepCalc > 50) && (corr_met_singleLepCalc > 55) && (AK4HT > 480) && (minDR_lepJet > 0.4 || ptRel_lepJet > 40) && (NJetsAK8_JetSubCalc > 2) && (minDR_leadAK8otherAK8 < 3.0) && DataPastTrigger == 1 && isElectron==1
****************************************************************************************************
****************************************************************************************************
DISTRIBUTION: Tp2Mass
            -name in ljmet trees: Tprime2_ALGO_Mass
            -x-axis label is set to: ;M(T) [GeV])
            -using the binning as: [0.0, 60.0, 120.0, 180.0, 240.0, 300.0, 360.0, 420.0, 480.0, 540.0, 600.0, 660.0, 720.0, 780.0, 840.0, 900.0, 960.0, 1020.0, 1080.0, 1140.0, 1200.0, 1260.0, 1320.0, 1380.0, 1440.0, 1500.0, 1560.0, 1620.0, 1680.0, 1740.0, 1800.0, 1860.0, 1920.0, 1980.0, 2040.0, 2100.0, 2160.0, 2220.0, 2280.0, 2340.0, 2400.0, 2460.0, 2520.0, 2580.0, 2640.0, 2700.0, 2760.0, 2820.0, 2880.0, 2940.0, 3000.0]
/////////////////////////
PROCESSING:  WJetsMG600
/////////////////////////
plotTreeName: Tprime2_BEST_Mass
Flavour: E #tag: notV #algo: BEST
Weights: 1 * HTSF_Pol * 1 * pileupWeight * 1 * lepIdSF * EGammaGsfSF * 1 * (MCWeight_singleLepCalc/abs(MCWeight_singleLepCalc)) * 0.0287233231554
Cuts: (leptonPt_singleLepCalc > 50) && (corr_met_singleLepCalc > 55) && (AK4HT > 480) && (minDR_lepJet > 0.4 || ptRel_lepJet > 40) && (NJetsAK8_JetSubCalc > 2) && (minDR_leadAK8otherAK8 < 3.0) && DataPastTrigger == 1 && isElectron==1
****************************************************************************************************
****************************************************************************************************
DISTRIBUTION: Tp2Mass
            -name in ljmet trees: Tprime2_ALGO_Mass
            -x-axis label is set to: ;M(T) [GeV])
            -using the binning as: [0.0, 60.0, 120.0, 180.0, 240.0, 300.0, 360.0, 420.0, 480.0, 540.0, 600.0, 660.0, 720.0, 780.0, 840.0, 900.0, 960.0, 1020.0, 1080.0, 1140.0, 1200.0, 1260.0, 1320.0, 1380.0, 1440.0, 1500.0, 1560.0, 1620.0, 1680.0, 1740.0, 1800.0, 1860.0, 1920.0, 1980.0, 2040.0, 2100.0, 2160.0, 2220.0, 2280.0, 2340.0, 2400.0, 2460.0, 2520.0, 2580.0, 2640.0, 2700.0, 2760.0, 2820.0, 2880.0, 2940.0, 3000.0]
/////////////////////////
PROCESSING:  WJetsMG800
/////////////////////////
plotTreeName: Tprime2_BEST_Mass
Flavour: E #tag: notV #algo: BEST
Weights: 1 * HTSF_Pol * 1 * pileupWeight * 1 * lepIdSF * EGammaGsfSF * 1 * (MCWeight_singleLepCalc/abs(MCWeight_singleLepCalc)) * 0.0316367902594
Cuts: (leptonPt_singleLepCalc > 50) && (corr_met_singleLepCalc > 55) && (AK4HT > 480) && (minDR_lepJet > 0.4 || ptRel_lepJet > 40) && (NJetsAK8_JetSubCalc > 2) && (minDR_leadAK8otherAK8 < 3.0) && DataPastTrigger == 1 && isElectron==1
****************************************************************************************************
****************************************************************************************************
DISTRIBUTION: Tp2Mass
            -name in ljmet trees: Tprime2_ALGO_Mass
            -x-axis label is set to: ;M(T) [GeV])
            -using the binning as: [0.0, 60.0, 120.0, 180.0, 240.0, 300.0, 360.0, 420.0, 480.0, 540.0, 600.0, 660.0, 720.0, 780.0, 840.0, 900.0, 960.0, 1020.0, 1080.0, 1140.0, 1200.0, 1260.0, 1320.0, 1380.0, 1440.0, 1500.0, 1560.0, 1620.0, 1680.0, 1740.0, 1800.0, 1860.0, 1920.0, 1980.0, 2040.0, 2100.0, 2160.0, 2220.0, 2280.0, 2340.0, 2400.0, 2460.0, 2520.0, 2580.0, 2640.0, 2700.0, 2760.0, 2820.0, 2880.0, 2940.0, 3000.0]
/////////////////////////
PROCESSING:  WJetsMG1200
/////////////////////////
plotTreeName: Tprime2_BEST_Mass
Flavour: E #tag: notV #algo: BEST
Weights: 1 * HTSF_Pol * 1 * pileupWeight * 1 * lepIdSF * EGammaGsfSF * 1 * (MCWeight_singleLepCalc/abs(MCWeight_singleLepCalc)) * 0.00861414819858
Cuts: (leptonPt_singleLepCalc > 50) && (corr_met_singleLepCalc > 55) && (AK4HT > 480) && (minDR_lepJet > 0.4 || ptRel_lepJet > 40) && (NJetsAK8_JetSubCalc > 2) && (minDR_leadAK8otherAK8 < 3.0) && DataPastTrigger == 1 && isElectron==1
****************************************************************************************************
****************************************************************************************************
DISTRIBUTION: Tp2Mass
            -name in ljmet trees: Tprime2_ALGO_Mass
            -x-axis label is set to: ;M(T) [GeV])
            -using the binning as: [0.0, 60.0, 120.0, 180.0, 240.0, 300.0, 360.0, 420.0, 480.0, 540.0, 600.0, 660.0, 720.0, 780.0, 840.0, 900.0, 960.0, 1020.0, 1080.0, 1140.0, 1200.0, 1260.0, 1320.0, 1380.0, 1440.0, 1500.0, 1560.0, 1620.0, 1680.0, 1740.0, 1800.0, 1860.0, 1920.0, 1980.0, 2040.0, 2100.0, 2160.0, 2220.0, 2280.0, 2340.0, 2400.0, 2460.0, 2520.0, 2580.0, 2640.0, 2700.0, 2760.0, 2820.0, 2880.0, 2940.0, 3000.0]
/////////////////////////
PROCESSING:  WJetsMG2500
/////////////////////////
plotTreeName: Tprime2_BEST_Mass
Flavour: E #tag: notV #algo: BEST
Weights: 1 * HTSF_Pol * 1 * pileupWeight * 1 * lepIdSF * EGammaGsfSF * 1 * (MCWeight_singleLepCalc/abs(MCWeight_singleLepCalc)) * 0.00054308661217
Cuts: (leptonPt_singleLepCalc > 50) && (corr_met_singleLepCalc > 55) && (AK4HT > 480) && (minDR_lepJet > 0.4 || ptRel_lepJet > 40) && (NJetsAK8_JetSubCalc > 2) && (minDR_leadAK8otherAK8 < 3.0) && DataPastTrigger == 1 && isElectron==1
****************************************************************************************************
****************************************************************************************************
DISTRIBUTION: Tp2Mass
            -name in ljmet trees: Tprime2_ALGO_Mass
            -x-axis label is set to: ;M(T) [GeV])
            -using the binning as: [0.0, 60.0, 120.0, 180.0, 240.0, 300.0, 360.0, 420.0, 480.0, 540.0, 600.0, 660.0, 720.0, 780.0, 840.0, 900.0, 960.0, 1020.0, 1080.0, 1140.0, 1200.0, 1260.0, 1320.0, 1380.0, 1440.0, 1500.0, 1560.0, 1620.0, 1680.0, 1740.0, 1800.0, 1860.0, 1920.0, 1980.0, 2040.0, 2100.0, 2160.0, 2220.0, 2280.0, 2340.0, 2400.0, 2460.0, 2520.0, 2580.0, 2640.0, 2700.0, 2760.0, 2820.0, 2880.0, 2940.0, 3000.0]
/////////////////////////
PROCESSING:  TTM1100BWBW
/////////////////////////
plotTreeName: Tprime2_BEST_Mass
Flavour: E #tag: notV #algo: BEST
Weights: 1 * 1 * 1 * pileupWeight * 1 * lepIdSF * EGammaGsfSF * 1 * (MCWeight_singleLepCalc/abs(MCWeight_singleLepCalc)) * 0.00223239916536
Cuts: (leptonPt_singleLepCalc > 50) && (corr_met_singleLepCalc > 55) && (AK4HT > 480) && (minDR_lepJet > 0.4 || ptRel_lepJet > 40) && (NJetsAK8_JetSubCalc > 2) && (minDR_leadAK8otherAK8 < 3.0) && DataPastTrigger == 1 && isElectron==1
****************************************************************************************************
****************************************************************************************************
DISTRIBUTION: Tp2Mass
            -name in ljmet trees: Tprime2_ALGO_Mass
            -x-axis label is set to: ;M(T) [GeV])
            -using the binning as: [0.0, 60.0, 120.0, 180.0, 240.0, 300.0, 360.0, 420.0, 480.0, 540.0, 600.0, 660.0, 720.0, 780.0, 840.0, 900.0, 960.0, 1020.0, 1080.0, 1140.0, 1200.0, 1260.0, 1320.0, 1380.0, 1440.0, 1500.0, 1560.0, 1620.0, 1680.0, 1740.0, 1800.0, 1860.0, 1920.0, 1980.0, 2040.0, 2100.0, 2160.0, 2220.0, 2280.0, 2340.0, 2400.0, 2460.0, 2520.0, 2580.0, 2640.0, 2700.0, 2760.0, 2820.0, 2880.0, 2940.0, 3000.0]
/////////////////////////
PROCESSING:  TTM1100THTH
/////////////////////////
plotTreeName: Tprime2_BEST_Mass
Flavour: E #tag: notV #algo: BEST
Weights: 1 * 1 * 1 * pileupWeight * 1 * lepIdSF * EGammaGsfSF * 1 * (MCWeight_singleLepCalc/abs(MCWeight_singleLepCalc)) * 0.000558099791339
Cuts: (leptonPt_singleLepCalc > 50) && (corr_met_singleLepCalc > 55) && (AK4HT > 480) && (minDR_lepJet > 0.4 || ptRel_lepJet > 40) && (NJetsAK8_JetSubCalc > 2) && (minDR_leadAK8otherAK8 < 3.0) && DataPastTrigger == 1 && isElectron==1
****************************************************************************************************
****************************************************************************************************
DISTRIBUTION: Tp2Mass
            -name in ljmet trees: Tprime2_ALGO_Mass
            -x-axis label is set to: ;M(T) [GeV])
            -using the binning as: [0.0, 60.0, 120.0, 180.0, 240.0, 300.0, 360.0, 420.0, 480.0, 540.0, 600.0, 660.0, 720.0, 780.0, 840.0, 900.0, 960.0, 1020.0, 1080.0, 1140.0, 1200.0, 1260.0, 1320.0, 1380.0, 1440.0, 1500.0, 1560.0, 1620.0, 1680.0, 1740.0, 1800.0, 1860.0, 1920.0, 1980.0, 2040.0, 2100.0, 2160.0, 2220.0, 2280.0, 2340.0, 2400.0, 2460.0, 2520.0, 2580.0, 2640.0, 2700.0, 2760.0, 2820.0, 2880.0, 2940.0, 3000.0]
/////////////////////////
PROCESSING:  TTM1100TZTZ
/////////////////////////
plotTreeName: Tprime2_BEST_Mass
Flavour: E #tag: notV #algo: BEST
Weights: 1 * 1 * 1 * pileupWeight * 1 * lepIdSF * EGammaGsfSF * 1 * (MCWeight_singleLepCalc/abs(MCWeight_singleLepCalc)) * 0.000558099791339
Cuts: (leptonPt_singleLepCalc > 50) && (corr_met_singleLepCalc > 55) && (AK4HT > 480) && (minDR_lepJet > 0.4 || ptRel_lepJet > 40) && (NJetsAK8_JetSubCalc > 2) && (minDR_leadAK8otherAK8 < 3.0) && DataPastTrigger == 1 && isElectron==1
****************************************************************************************************
****************************************************************************************************
DISTRIBUTION: Tp2Mass
            -name in ljmet trees: Tprime2_ALGO_Mass
            -x-axis label is set to: ;M(T) [GeV])
            -using the binning as: [0.0, 60.0, 120.0, 180.0, 240.0, 300.0, 360.0, 420.0, 480.0, 540.0, 600.0, 660.0, 720.0, 780.0, 840.0, 900.0, 960.0, 1020.0, 1080.0, 1140.0, 1200.0, 1260.0, 1320.0, 1380.0, 1440.0, 1500.0, 1560.0, 1620.0, 1680.0, 1740.0, 1800.0, 1860.0, 1920.0, 1980.0, 2040.0, 2100.0, 2160.0, 2220.0, 2280.0, 2340.0, 2400.0, 2460.0, 2520.0, 2580.0, 2640.0, 2700.0, 2760.0, 2820.0, 2880.0, 2940.0, 3000.0]
/////////////////////////
PROCESSING:  TTM1100TZBW
/////////////////////////
plotTreeName: Tprime2_BEST_Mass
Flavour: E #tag: notV #algo: BEST
Weights: 1 * 1 * 1 * pileupWeight * 1 * lepIdSF * EGammaGsfSF * 1 * (MCWeight_singleLepCalc/abs(MCWeight_singleLepCalc)) * 0.00111619958268
Cuts: (leptonPt_singleLepCalc > 50) && (corr_met_singleLepCalc > 55) && (AK4HT > 480) && (minDR_lepJet > 0.4 || ptRel_lepJet > 40) && (NJetsAK8_JetSubCalc > 2) && (minDR_leadAK8otherAK8 < 3.0) && DataPastTrigger == 1 && isElectron==1
****************************************************************************************************
****************************************************************************************************
DISTRIBUTION: Tp2Mass
            -name in ljmet trees: Tprime2_ALGO_Mass
            -x-axis label is set to: ;M(T) [GeV])
            -using the binning as: [0.0, 60.0, 120.0, 180.0, 240.0, 300.0, 360.0, 420.0, 480.0, 540.0, 600.0, 660.0, 720.0, 780.0, 840.0, 900.0, 960.0, 1020.0, 1080.0, 1140.0, 1200.0, 1260.0, 1320.0, 1380.0, 1440.0, 1500.0, 1560.0, 1620.0, 1680.0, 1740.0, 1800.0, 1860.0, 1920.0, 1980.0, 2040.0, 2100.0, 2160.0, 2220.0, 2280.0, 2340.0, 2400.0, 2460.0, 2520.0, 2580.0, 2640.0, 2700.0, 2760.0, 2820.0, 2880.0, 2940.0, 3000.0]
/////////////////////////
PROCESSING:  TTM1100THBW
/////////////////////////
plotTreeName: Tprime2_BEST_Mass
Flavour: E #tag: notV #algo: BEST
Weights: 1 * 1 * 1 * pileupWeight * 1 * lepIdSF * EGammaGsfSF * 1 * (MCWeight_singleLepCalc/abs(MCWeight_singleLepCalc)) * 0.00111619958268
Cuts: (leptonPt_singleLepCalc > 50) && (corr_met_singleLepCalc > 55) && (AK4HT > 480) && (minDR_lepJet > 0.4 || ptRel_lepJet > 40) && (NJetsAK8_JetSubCalc > 2) && (minDR_leadAK8otherAK8 < 3.0) && DataPastTrigger == 1 && isElectron==1
****************************************************************************************************
****************************************************************************************************
DISTRIBUTION: Tp2Mass
            -name in ljmet trees: Tprime2_ALGO_Mass
            -x-axis label is set to: ;M(T) [GeV])
            -using the binning as: [0.0, 60.0, 120.0, 180.0, 240.0, 300.0, 360.0, 420.0, 480.0, 540.0, 600.0, 660.0, 720.0, 780.0, 840.0, 900.0, 960.0, 1020.0, 1080.0, 1140.0, 1200.0, 1260.0, 1320.0, 1380.0, 1440.0, 1500.0, 1560.0, 1620.0, 1680.0, 1740.0, 1800.0, 1860.0, 1920.0, 1980.0, 2040.0, 2100.0, 2160.0, 2220.0, 2280.0, 2340.0, 2400.0, 2460.0, 2520.0, 2580.0, 2640.0, 2700.0, 2760.0, 2820.0, 2880.0, 2940.0, 3000.0]
/////////////////////////
PROCESSING:  TTM1100TZTH
/////////////////////////
plotTreeName: Tprime2_BEST_Mass
Flavour: E #tag: notV #algo: BEST
Weights: 1 * 1 * 1 * pileupWeight * 1 * lepIdSF * EGammaGsfSF * 1 * (MCWeight_singleLepCalc/abs(MCWeight_singleLepCalc)) * 0.000558099791339
Cuts: (leptonPt_singleLepCalc > 50) && (corr_met_singleLepCalc > 55) && (AK4HT > 480) && (minDR_lepJet > 0.4 || ptRel_lepJet > 40) && (NJetsAK8_JetSubCalc > 2) && (minDR_leadAK8otherAK8 < 3.0) && DataPastTrigger == 1 && isElectron==1
****************************************************************************************************
****************************************************************************************************
DISTRIBUTION: Tp2Mass
            -name in ljmet trees: Tprime2_ALGO_Mass
            -x-axis label is set to: ;M(T) [GeV])
            -using the binning as: [0.0, 60.0, 120.0, 180.0, 240.0, 300.0, 360.0, 420.0, 480.0, 540.0, 600.0, 660.0, 720.0, 780.0, 840.0, 900.0, 960.0, 1020.0, 1080.0, 1140.0, 1200.0, 1260.0, 1320.0, 1380.0, 1440.0, 1500.0, 1560.0, 1620.0, 1680.0, 1740.0, 1800.0, 1860.0, 1920.0, 1980.0, 2040.0, 2100.0, 2160.0, 2220.0, 2280.0, 2340.0, 2400.0, 2460.0, 2520.0, 2580.0, 2640.0, 2700.0, 2760.0, 2820.0, 2880.0, 2940.0, 3000.0]
/////////////////////////
PROCESSING:  TTM1200BWBW
/////////////////////////
plotTreeName: Tprime2_BEST_Mass
Flavour: E #tag: notV #algo: BEST
Weights: 1 * 1 * 1 * pileupWeight * 1 * lepIdSF * EGammaGsfSF * 1 * (MCWeight_singleLepCalc/abs(MCWeight_singleLepCalc)) * 0.00117627847652
Cuts: (leptonPt_singleLepCalc > 50) && (corr_met_singleLepCalc > 55) && (AK4HT > 480) && (minDR_lepJet > 0.4 || ptRel_lepJet > 40) && (NJetsAK8_JetSubCalc > 2) && (minDR_leadAK8otherAK8 < 3.0) && DataPastTrigger == 1 && isElectron==1
****************************************************************************************************
****************************************************************************************************
DISTRIBUTION: Tp2Mass
            -name in ljmet trees: Tprime2_ALGO_Mass
            -x-axis label is set to: ;M(T) [GeV])
            -using the binning as: [0.0, 60.0, 120.0, 180.0, 240.0, 300.0, 360.0, 420.0, 480.0, 540.0, 600.0, 660.0, 720.0, 780.0, 840.0, 900.0, 960.0, 1020.0, 1080.0, 1140.0, 1200.0, 1260.0, 1320.0, 1380.0, 1440.0, 1500.0, 1560.0, 1620.0, 1680.0, 1740.0, 1800.0, 1860.0, 1920.0, 1980.0, 2040.0, 2100.0, 2160.0, 2220.0, 2280.0, 2340.0, 2400.0, 2460.0, 2520.0, 2580.0, 2640.0, 2700.0, 2760.0, 2820.0, 2880.0, 2940.0, 3000.0]
/////////////////////////
PROCESSING:  TTM1200THTH
/////////////////////////
plotTreeName: Tprime2_BEST_Mass
Flavour: E #tag: notV #algo: BEST
Weights: 1 * 1 * 1 * pileupWeight * 1 * lepIdSF * EGammaGsfSF * 1 * (MCWeight_singleLepCalc/abs(MCWeight_singleLepCalc)) * 0.00029406961913
Cuts: (leptonPt_singleLepCalc > 50) && (corr_met_singleLepCalc > 55) && (AK4HT > 480) && (minDR_lepJet > 0.4 || ptRel_lepJet > 40) && (NJetsAK8_JetSubCalc > 2) && (minDR_leadAK8otherAK8 < 3.0) && DataPastTrigger == 1 && isElectron==1
****************************************************************************************************
****************************************************************************************************
DISTRIBUTION: Tp2Mass
            -name in ljmet trees: Tprime2_ALGO_Mass
            -x-axis label is set to: ;M(T) [GeV])
            -using the binning as: [0.0, 60.0, 120.0, 180.0, 240.0, 300.0, 360.0, 420.0, 480.0, 540.0, 600.0, 660.0, 720.0, 780.0, 840.0, 900.0, 960.0, 1020.0, 1080.0, 1140.0, 1200.0, 1260.0, 1320.0, 1380.0, 1440.0, 1500.0, 1560.0, 1620.0, 1680.0, 1740.0, 1800.0, 1860.0, 1920.0, 1980.0, 2040.0, 2100.0, 2160.0, 2220.0, 2280.0, 2340.0, 2400.0, 2460.0, 2520.0, 2580.0, 2640.0, 2700.0, 2760.0, 2820.0, 2880.0, 2940.0, 3000.0]
/////////////////////////
PROCESSING:  TTM1200TZTZ
/////////////////////////
plotTreeName: Tprime2_BEST_Mass
Flavour: E #tag: notV #algo: BEST
Weights: 1 * 1 * 1 * pileupWeight * 1 * lepIdSF * EGammaGsfSF * 1 * (MCWeight_singleLepCalc/abs(MCWeight_singleLepCalc)) * 0.00029406961913
Cuts: (leptonPt_singleLepCalc > 50) && (corr_met_singleLepCalc > 55) && (AK4HT > 480) && (minDR_lepJet > 0.4 || ptRel_lepJet > 40) && (NJetsAK8_JetSubCalc > 2) && (minDR_leadAK8otherAK8 < 3.0) && DataPastTrigger == 1 && isElectron==1
****************************************************************************************************
****************************************************************************************************
DISTRIBUTION: Tp2Mass
            -name in ljmet trees: Tprime2_ALGO_Mass
            -x-axis label is set to: ;M(T) [GeV])
            -using the binning as: [0.0, 60.0, 120.0, 180.0, 240.0, 300.0, 360.0, 420.0, 480.0, 540.0, 600.0, 660.0, 720.0, 780.0, 840.0, 900.0, 960.0, 1020.0, 1080.0, 1140.0, 1200.0, 1260.0, 1320.0, 1380.0, 1440.0, 1500.0, 1560.0, 1620.0, 1680.0, 1740.0, 1800.0, 1860.0, 1920.0, 1980.0, 2040.0, 2100.0, 2160.0, 2220.0, 2280.0, 2340.0, 2400.0, 2460.0, 2520.0, 2580.0, 2640.0, 2700.0, 2760.0, 2820.0, 2880.0, 2940.0, 3000.0]
/////////////////////////
PROCESSING:  TTM1200TZBW
/////////////////////////
plotTreeName: Tprime2_BEST_Mass
Flavour: E #tag: notV #algo: BEST
Weights: 1 * 1 * 1 * pileupWeight * 1 * lepIdSF * EGammaGsfSF * 1 * (MCWeight_singleLepCalc/abs(MCWeight_singleLepCalc)) * 0.000588139238259
Cuts: (leptonPt_singleLepCalc > 50) && (corr_met_singleLepCalc > 55) && (AK4HT > 480) && (minDR_lepJet > 0.4 || ptRel_lepJet > 40) && (NJetsAK8_JetSubCalc > 2) && (minDR_leadAK8otherAK8 < 3.0) && DataPastTrigger == 1 && isElectron==1
****************************************************************************************************
****************************************************************************************************
DISTRIBUTION: Tp2Mass
            -name in ljmet trees: Tprime2_ALGO_Mass
            -x-axis label is set to: ;M(T) [GeV])
            -using the binning as: [0.0, 60.0, 120.0, 180.0, 240.0, 300.0, 360.0, 420.0, 480.0, 540.0, 600.0, 660.0, 720.0, 780.0, 840.0, 900.0, 960.0, 1020.0, 1080.0, 1140.0, 1200.0, 1260.0, 1320.0, 1380.0, 1440.0, 1500.0, 1560.0, 1620.0, 1680.0, 1740.0, 1800.0, 1860.0, 1920.0, 1980.0, 2040.0, 2100.0, 2160.0, 2220.0, 2280.0, 2340.0, 2400.0, 2460.0, 2520.0, 2580.0, 2640.0, 2700.0, 2760.0, 2820.0, 2880.0, 2940.0, 3000.0]
/////////////////////////
PROCESSING:  TTM1200THBW
/////////////////////////
plotTreeName: Tprime2_BEST_Mass
Flavour: E #tag: notV #algo: BEST
Weights: 1 * 1 * 1 * pileupWeight * 1 * lepIdSF * EGammaGsfSF * 1 * (MCWeight_singleLepCalc/abs(MCWeight_singleLepCalc)) * 0.000588139238259
Cuts: (leptonPt_singleLepCalc > 50) && (corr_met_singleLepCalc > 55) && (AK4HT > 480) && (minDR_lepJet > 0.4 || ptRel_lepJet > 40) && (NJetsAK8_JetSubCalc > 2) && (minDR_leadAK8otherAK8 < 3.0) && DataPastTrigger == 1 && isElectron==1
****************************************************************************************************
****************************************************************************************************
DISTRIBUTION: Tp2Mass
            -name in ljmet trees: Tprime2_ALGO_Mass
            -x-axis label is set to: ;M(T) [GeV])
            -using the binning as: [0.0, 60.0, 120.0, 180.0, 240.0, 300.0, 360.0, 420.0, 480.0, 540.0, 600.0, 660.0, 720.0, 780.0, 840.0, 900.0, 960.0, 1020.0, 1080.0, 1140.0, 1200.0, 1260.0, 1320.0, 1380.0, 1440.0, 1500.0, 1560.0, 1620.0, 1680.0, 1740.0, 1800.0, 1860.0, 1920.0, 1980.0, 2040.0, 2100.0, 2160.0, 2220.0, 2280.0, 2340.0, 2400.0, 2460.0, 2520.0, 2580.0, 2640.0, 2700.0, 2760.0, 2820.0, 2880.0, 2940.0, 3000.0]
/////////////////////////
PROCESSING:  TTM1200TZTH
/////////////////////////
plotTreeName: Tprime2_BEST_Mass
Flavour: E #tag: notV #algo: BEST
Weights: 1 * 1 * 1 * pileupWeight * 1 * lepIdSF * EGammaGsfSF * 1 * (MCWeight_singleLepCalc/abs(MCWeight_singleLepCalc)) * 0.00029406961913
Cuts: (leptonPt_singleLepCalc > 50) && (corr_met_singleLepCalc > 55) && (AK4HT > 480) && (minDR_lepJet > 0.4 || ptRel_lepJet > 40) && (NJetsAK8_JetSubCalc > 2) && (minDR_leadAK8otherAK8 < 3.0) && DataPastTrigger == 1 && isElectron==1
****************************************************************************************************
****************************************************************************************************
DISTRIBUTION: Tp2Mass
            -name in ljmet trees: Tprime2_ALGO_Mass
            -x-axis label is set to: ;M(T) [GeV])
            -using the binning as: [0.0, 60.0, 120.0, 180.0, 240.0, 300.0, 360.0, 420.0, 480.0, 540.0, 600.0, 660.0, 720.0, 780.0, 840.0, 900.0, 960.0, 1020.0, 1080.0, 1140.0, 1200.0, 1260.0, 1320.0, 1380.0, 1440.0, 1500.0, 1560.0, 1620.0, 1680.0, 1740.0, 1800.0, 1860.0, 1920.0, 1980.0, 2040.0, 2100.0, 2160.0, 2220.0, 2280.0, 2340.0, 2400.0, 2460.0, 2520.0, 2580.0, 2640.0, 2700.0, 2760.0, 2820.0, 2880.0, 2940.0, 3000.0]
/////////////////////////
PROCESSING:  TTM1300BWBW
/////////////////////////
plotTreeName: Tprime2_BEST_Mass
Flavour: E #tag: notV #algo: BEST
Weights: 1 * 1 * 1 * pileupWeight * 1 * lepIdSF * EGammaGsfSF * 1 * (MCWeight_singleLepCalc/abs(MCWeight_singleLepCalc)) * 0.00063821114509
Cuts: (leptonPt_singleLepCalc > 50) && (corr_met_singleLepCalc > 55) && (AK4HT > 480) && (minDR_lepJet > 0.4 || ptRel_lepJet > 40) && (NJetsAK8_JetSubCalc > 2) && (minDR_leadAK8otherAK8 < 3.0) && DataPastTrigger == 1 && isElectron==1
****************************************************************************************************
****************************************************************************************************
DISTRIBUTION: Tp2Mass
            -name in ljmet trees: Tprime2_ALGO_Mass
            -x-axis label is set to: ;M(T) [GeV])
            -using the binning as: [0.0, 60.0, 120.0, 180.0, 240.0, 300.0, 360.0, 420.0, 480.0, 540.0, 600.0, 660.0, 720.0, 780.0, 840.0, 900.0, 960.0, 1020.0, 1080.0, 1140.0, 1200.0, 1260.0, 1320.0, 1380.0, 1440.0, 1500.0, 1560.0, 1620.0, 1680.0, 1740.0, 1800.0, 1860.0, 1920.0, 1980.0, 2040.0, 2100.0, 2160.0, 2220.0, 2280.0, 2340.0, 2400.0, 2460.0, 2520.0, 2580.0, 2640.0, 2700.0, 2760.0, 2820.0, 2880.0, 2940.0, 3000.0]
/////////////////////////
PROCESSING:  TTM1300THTH
/////////////////////////
plotTreeName: Tprime2_BEST_Mass
Flavour: E #tag: notV #algo: BEST
Weights: 1 * 1 * 1 * pileupWeight * 1 * lepIdSF * EGammaGsfSF * 1 * (MCWeight_singleLepCalc/abs(MCWeight_singleLepCalc)) * 0.000159552786272
Cuts: (leptonPt_singleLepCalc > 50) && (corr_met_singleLepCalc > 55) && (AK4HT > 480) && (minDR_lepJet > 0.4 || ptRel_lepJet > 40) && (NJetsAK8_JetSubCalc > 2) && (minDR_leadAK8otherAK8 < 3.0) && DataPastTrigger == 1 && isElectron==1
****************************************************************************************************
****************************************************************************************************
DISTRIBUTION: Tp2Mass
            -name in ljmet trees: Tprime2_ALGO_Mass
            -x-axis label is set to: ;M(T) [GeV])
            -using the binning as: [0.0, 60.0, 120.0, 180.0, 240.0, 300.0, 360.0, 420.0, 480.0, 540.0, 600.0, 660.0, 720.0, 780.0, 840.0, 900.0, 960.0, 1020.0, 1080.0, 1140.0, 1200.0, 1260.0, 1320.0, 1380.0, 1440.0, 1500.0, 1560.0, 1620.0, 1680.0, 1740.0, 1800.0, 1860.0, 1920.0, 1980.0, 2040.0, 2100.0, 2160.0, 2220.0, 2280.0, 2340.0, 2400.0, 2460.0, 2520.0, 2580.0, 2640.0, 2700.0, 2760.0, 2820.0, 2880.0, 2940.0, 3000.0]
/////////////////////////
PROCESSING:  TTM1300TZTZ
/////////////////////////
plotTreeName: Tprime2_BEST_Mass
Flavour: E #tag: notV #algo: BEST
Weights: 1 * 1 * 1 * pileupWeight * 1 * lepIdSF * EGammaGsfSF * 1 * (MCWeight_singleLepCalc/abs(MCWeight_singleLepCalc)) * 0.000159552786272
Cuts: (leptonPt_singleLepCalc > 50) && (corr_met_singleLepCalc > 55) && (AK4HT > 480) && (minDR_lepJet > 0.4 || ptRel_lepJet > 40) && (NJetsAK8_JetSubCalc > 2) && (minDR_leadAK8otherAK8 < 3.0) && DataPastTrigger == 1 && isElectron==1
****************************************************************************************************
****************************************************************************************************
DISTRIBUTION: Tp2Mass
            -name in ljmet trees: Tprime2_ALGO_Mass
            -x-axis label is set to: ;M(T) [GeV])
            -using the binning as: [0.0, 60.0, 120.0, 180.0, 240.0, 300.0, 360.0, 420.0, 480.0, 540.0, 600.0, 660.0, 720.0, 780.0, 840.0, 900.0, 960.0, 1020.0, 1080.0, 1140.0, 1200.0, 1260.0, 1320.0, 1380.0, 1440.0, 1500.0, 1560.0, 1620.0, 1680.0, 1740.0, 1800.0, 1860.0, 1920.0, 1980.0, 2040.0, 2100.0, 2160.0, 2220.0, 2280.0, 2340.0, 2400.0, 2460.0, 2520.0, 2580.0, 2640.0, 2700.0, 2760.0, 2820.0, 2880.0, 2940.0, 3000.0]
/////////////////////////
PROCESSING:  TTM1300TZBW
/////////////////////////
plotTreeName: Tprime2_BEST_Mass
Flavour: E #tag: notV #algo: BEST
Weights: 1 * 1 * 1 * pileupWeight * 1 * lepIdSF * EGammaGsfSF * 1 * (MCWeight_singleLepCalc/abs(MCWeight_singleLepCalc)) * 0.000319105572545
Cuts: (leptonPt_singleLepCalc > 50) && (corr_met_singleLepCalc > 55) && (AK4HT > 480) && (minDR_lepJet > 0.4 || ptRel_lepJet > 40) && (NJetsAK8_JetSubCalc > 2) && (minDR_leadAK8otherAK8 < 3.0) && DataPastTrigger == 1 && isElectron==1
****************************************************************************************************
****************************************************************************************************
DISTRIBUTION: Tp2Mass
            -name in ljmet trees: Tprime2_ALGO_Mass
            -x-axis label is set to: ;M(T) [GeV])
            -using the binning as: [0.0, 60.0, 120.0, 180.0, 240.0, 300.0, 360.0, 420.0, 480.0, 540.0, 600.0, 660.0, 720.0, 780.0, 840.0, 900.0, 960.0, 1020.0, 1080.0, 1140.0, 1200.0, 1260.0, 1320.0, 1380.0, 1440.0, 1500.0, 1560.0, 1620.0, 1680.0, 1740.0, 1800.0, 1860.0, 1920.0, 1980.0, 2040.0, 2100.0, 2160.0, 2220.0, 2280.0, 2340.0, 2400.0, 2460.0, 2520.0, 2580.0, 2640.0, 2700.0, 2760.0, 2820.0, 2880.0, 2940.0, 3000.0]
/////////////////////////
PROCESSING:  TTM1300THBW
/////////////////////////
plotTreeName: Tprime2_BEST_Mass
Flavour: E #tag: notV #algo: BEST
Weights: 1 * 1 * 1 * pileupWeight * 1 * lepIdSF * EGammaGsfSF * 1 * (MCWeight_singleLepCalc/abs(MCWeight_singleLepCalc)) * 0.000319105572545
Cuts: (leptonPt_singleLepCalc > 50) && (corr_met_singleLepCalc > 55) && (AK4HT > 480) && (minDR_lepJet > 0.4 || ptRel_lepJet > 40) && (NJetsAK8_JetSubCalc > 2) && (minDR_leadAK8otherAK8 < 3.0) && DataPastTrigger == 1 && isElectron==1
****************************************************************************************************
****************************************************************************************************
DISTRIBUTION: Tp2Mass
            -name in ljmet trees: Tprime2_ALGO_Mass
            -x-axis label is set to: ;M(T) [GeV])
            -using the binning as: [0.0, 60.0, 120.0, 180.0, 240.0, 300.0, 360.0, 420.0, 480.0, 540.0, 600.0, 660.0, 720.0, 780.0, 840.0, 900.0, 960.0, 1020.0, 1080.0, 1140.0, 1200.0, 1260.0, 1320.0, 1380.0, 1440.0, 1500.0, 1560.0, 1620.0, 1680.0, 1740.0, 1800.0, 1860.0, 1920.0, 1980.0, 2040.0, 2100.0, 2160.0, 2220.0, 2280.0, 2340.0, 2400.0, 2460.0, 2520.0, 2580.0, 2640.0, 2700.0, 2760.0, 2820.0, 2880.0, 2940.0, 3000.0]
/////////////////////////
PROCESSING:  TTM1300TZTH
/////////////////////////
plotTreeName: Tprime2_BEST_Mass
Flavour: E #tag: notV #algo: BEST
Weights: 1 * 1 * 1 * pileupWeight * 1 * lepIdSF * EGammaGsfSF * 1 * (MCWeight_singleLepCalc/abs(MCWeight_singleLepCalc)) * 0.000159552786272
Cuts: (leptonPt_singleLepCalc > 50) && (corr_met_singleLepCalc > 55) && (AK4HT > 480) && (minDR_lepJet > 0.4 || ptRel_lepJet > 40) && (NJetsAK8_JetSubCalc > 2) && (minDR_leadAK8otherAK8 < 3.0) && DataPastTrigger == 1 && isElectron==1
****************************************************************************************************
****************************************************************************************************
DISTRIBUTION: Tp2Mass
            -name in ljmet trees: Tprime2_ALGO_Mass
            -x-axis label is set to: ;M(T) [GeV])
            -using the binning as: [0.0, 60.0, 120.0, 180.0, 240.0, 300.0, 360.0, 420.0, 480.0, 540.0, 600.0, 660.0, 720.0, 780.0, 840.0, 900.0, 960.0, 1020.0, 1080.0, 1140.0, 1200.0, 1260.0, 1320.0, 1380.0, 1440.0, 1500.0, 1560.0, 1620.0, 1680.0, 1740.0, 1800.0, 1860.0, 1920.0, 1980.0, 2040.0, 2100.0, 2160.0, 2220.0, 2280.0, 2340.0, 2400.0, 2460.0, 2520.0, 2580.0, 2640.0, 2700.0, 2760.0, 2820.0, 2880.0, 2940.0, 3000.0]
/////////////////////////
PROCESSING:  TTM1400BWBW
/////////////////////////
plotTreeName: Tprime2_BEST_Mass
Flavour: E #tag: notV #algo: BEST
Weights: 1 * 1 * 1 * pileupWeight * 1 * lepIdSF * EGammaGsfSF * 1 * (MCWeight_singleLepCalc/abs(MCWeight_singleLepCalc)) * 0.000352883542956
Cuts: (leptonPt_singleLepCalc > 50) && (corr_met_singleLepCalc > 55) && (AK4HT > 480) && (minDR_lepJet > 0.4 || ptRel_lepJet > 40) && (NJetsAK8_JetSubCalc > 2) && (minDR_leadAK8otherAK8 < 3.0) && DataPastTrigger == 1 && isElectron==1
****************************************************************************************************
****************************************************************************************************
DISTRIBUTION: Tp2Mass
            -name in ljmet trees: Tprime2_ALGO_Mass
            -x-axis label is set to: ;M(T) [GeV])
            -using the binning as: [0.0, 60.0, 120.0, 180.0, 240.0, 300.0, 360.0, 420.0, 480.0, 540.0, 600.0, 660.0, 720.0, 780.0, 840.0, 900.0, 960.0, 1020.0, 1080.0, 1140.0, 1200.0, 1260.0, 1320.0, 1380.0, 1440.0, 1500.0, 1560.0, 1620.0, 1680.0, 1740.0, 1800.0, 1860.0, 1920.0, 1980.0, 2040.0, 2100.0, 2160.0, 2220.0, 2280.0, 2340.0, 2400.0, 2460.0, 2520.0, 2580.0, 2640.0, 2700.0, 2760.0, 2820.0, 2880.0, 2940.0, 3000.0]
/////////////////////////
PROCESSING:  TTM1400THTH
/////////////////////////
plotTreeName: Tprime2_BEST_Mass
Flavour: E #tag: notV #algo: BEST
Weights: 1 * 1 * 1 * pileupWeight * 1 * lepIdSF * EGammaGsfSF * 1 * (MCWeight_singleLepCalc/abs(MCWeight_singleLepCalc)) * 8.82208857389e-05
Cuts: (leptonPt_singleLepCalc > 50) && (corr_met_singleLepCalc > 55) && (AK4HT > 480) && (minDR_lepJet > 0.4 || ptRel_lepJet > 40) && (NJetsAK8_JetSubCalc > 2) && (minDR_leadAK8otherAK8 < 3.0) && DataPastTrigger == 1 && isElectron==1
****************************************************************************************************
****************************************************************************************************
DISTRIBUTION: Tp2Mass
            -name in ljmet trees: Tprime2_ALGO_Mass
            -x-axis label is set to: ;M(T) [GeV])
            -using the binning as: [0.0, 60.0, 120.0, 180.0, 240.0, 300.0, 360.0, 420.0, 480.0, 540.0, 600.0, 660.0, 720.0, 780.0, 840.0, 900.0, 960.0, 1020.0, 1080.0, 1140.0, 1200.0, 1260.0, 1320.0, 1380.0, 1440.0, 1500.0, 1560.0, 1620.0, 1680.0, 1740.0, 1800.0, 1860.0, 1920.0, 1980.0, 2040.0, 2100.0, 2160.0, 2220.0, 2280.0, 2340.0, 2400.0, 2460.0, 2520.0, 2580.0, 2640.0, 2700.0, 2760.0, 2820.0, 2880.0, 2940.0, 3000.0]
/////////////////////////
PROCESSING:  TTM1400TZTZ
/////////////////////////
plotTreeName: Tprime2_BEST_Mass
Flavour: E #tag: notV #algo: BEST
Weights: 1 * 1 * 1 * pileupWeight * 1 * lepIdSF * EGammaGsfSF * 1 * (MCWeight_singleLepCalc/abs(MCWeight_singleLepCalc)) * 8.82208857389e-05
Cuts: (leptonPt_singleLepCalc > 50) && (corr_met_singleLepCalc > 55) && (AK4HT > 480) && (minDR_lepJet > 0.4 || ptRel_lepJet > 40) && (NJetsAK8_JetSubCalc > 2) && (minDR_leadAK8otherAK8 < 3.0) && DataPastTrigger == 1 && isElectron==1
****************************************************************************************************
****************************************************************************************************
DISTRIBUTION: Tp2Mass
            -name in ljmet trees: Tprime2_ALGO_Mass
            -x-axis label is set to: ;M(T) [GeV])
            -using the binning as: [0.0, 60.0, 120.0, 180.0, 240.0, 300.0, 360.0, 420.0, 480.0, 540.0, 600.0, 660.0, 720.0, 780.0, 840.0, 900.0, 960.0, 1020.0, 1080.0, 1140.0, 1200.0, 1260.0, 1320.0, 1380.0, 1440.0, 1500.0, 1560.0, 1620.0, 1680.0, 1740.0, 1800.0, 1860.0, 1920.0, 1980.0, 2040.0, 2100.0, 2160.0, 2220.0, 2280.0, 2340.0, 2400.0, 2460.0, 2520.0, 2580.0, 2640.0, 2700.0, 2760.0, 2820.0, 2880.0, 2940.0, 3000.0]
/////////////////////////
PROCESSING:  TTM1400TZBW
/////////////////////////
plotTreeName: Tprime2_BEST_Mass
Flavour: E #tag: notV #algo: BEST
Weights: 1 * 1 * 1 * pileupWeight * 1 * lepIdSF * EGammaGsfSF * 1 * (MCWeight_singleLepCalc/abs(MCWeight_singleLepCalc)) * 0.000176441771478
Cuts: (leptonPt_singleLepCalc > 50) && (corr_met_singleLepCalc > 55) && (AK4HT > 480) && (minDR_lepJet > 0.4 || ptRel_lepJet > 40) && (NJetsAK8_JetSubCalc > 2) && (minDR_leadAK8otherAK8 < 3.0) && DataPastTrigger == 1 && isElectron==1
****************************************************************************************************
****************************************************************************************************
DISTRIBUTION: Tp2Mass
            -name in ljmet trees: Tprime2_ALGO_Mass
            -x-axis label is set to: ;M(T) [GeV])
            -using the binning as: [0.0, 60.0, 120.0, 180.0, 240.0, 300.0, 360.0, 420.0, 480.0, 540.0, 600.0, 660.0, 720.0, 780.0, 840.0, 900.0, 960.0, 1020.0, 1080.0, 1140.0, 1200.0, 1260.0, 1320.0, 1380.0, 1440.0, 1500.0, 1560.0, 1620.0, 1680.0, 1740.0, 1800.0, 1860.0, 1920.0, 1980.0, 2040.0, 2100.0, 2160.0, 2220.0, 2280.0, 2340.0, 2400.0, 2460.0, 2520.0, 2580.0, 2640.0, 2700.0, 2760.0, 2820.0, 2880.0, 2940.0, 3000.0]
/////////////////////////
PROCESSING:  TTM1400THBW
/////////////////////////
plotTreeName: Tprime2_BEST_Mass
Flavour: E #tag: notV #algo: BEST
Weights: 1 * 1 * 1 * pileupWeight * 1 * lepIdSF * EGammaGsfSF * 1 * (MCWeight_singleLepCalc/abs(MCWeight_singleLepCalc)) * 0.000176441771478
Cuts: (leptonPt_singleLepCalc > 50) && (corr_met_singleLepCalc > 55) && (AK4HT > 480) && (minDR_lepJet > 0.4 || ptRel_lepJet > 40) && (NJetsAK8_JetSubCalc > 2) && (minDR_leadAK8otherAK8 < 3.0) && DataPastTrigger == 1 && isElectron==1
****************************************************************************************************
****************************************************************************************************
DISTRIBUTION: Tp2Mass
            -name in ljmet trees: Tprime2_ALGO_Mass
            -x-axis label is set to: ;M(T) [GeV])
            -using the binning as: [0.0, 60.0, 120.0, 180.0, 240.0, 300.0, 360.0, 420.0, 480.0, 540.0, 600.0, 660.0, 720.0, 780.0, 840.0, 900.0, 960.0, 1020.0, 1080.0, 1140.0, 1200.0, 1260.0, 1320.0, 1380.0, 1440.0, 1500.0, 1560.0, 1620.0, 1680.0, 1740.0, 1800.0, 1860.0, 1920.0, 1980.0, 2040.0, 2100.0, 2160.0, 2220.0, 2280.0, 2340.0, 2400.0, 2460.0, 2520.0, 2580.0, 2640.0, 2700.0, 2760.0, 2820.0, 2880.0, 2940.0, 3000.0]
/////////////////////////
PROCESSING:  TTM1400TZTH
/////////////////////////
plotTreeName: Tprime2_BEST_Mass
Flavour: E #tag: notV #algo: BEST
Weights: 1 * 1 * 1 * pileupWeight * 1 * lepIdSF * EGammaGsfSF * 1 * (MCWeight_singleLepCalc/abs(MCWeight_singleLepCalc)) * 8.82208857389e-05
Cuts: (leptonPt_singleLepCalc > 50) && (corr_met_singleLepCalc > 55) && (AK4HT > 480) && (minDR_lepJet > 0.4 || ptRel_lepJet > 40) && (NJetsAK8_JetSubCalc > 2) && (minDR_leadAK8otherAK8 < 3.0) && DataPastTrigger == 1 && isElectron==1
****************************************************************************************************
****************************************************************************************************
DISTRIBUTION: Tp2Mass
            -name in ljmet trees: Tprime2_ALGO_Mass
            -x-axis label is set to: ;M(T) [GeV])
            -using the binning as: [0.0, 60.0, 120.0, 180.0, 240.0, 300.0, 360.0, 420.0, 480.0, 540.0, 600.0, 660.0, 720.0, 780.0, 840.0, 900.0, 960.0, 1020.0, 1080.0, 1140.0, 1200.0, 1260.0, 1320.0, 1380.0, 1440.0, 1500.0, 1560.0, 1620.0, 1680.0, 1740.0, 1800.0, 1860.0, 1920.0, 1980.0, 2040.0, 2100.0, 2160.0, 2220.0, 2280.0, 2340.0, 2400.0, 2460.0, 2520.0, 2580.0, 2640.0, 2700.0, 2760.0, 2820.0, 2880.0, 2940.0, 3000.0]
/////////////////////////
PROCESSING:  TTM1500BWBW
/////////////////////////
plotTreeName: Tprime2_BEST_Mass
Flavour: E #tag: notV #algo: BEST
Weights: 1 * 1 * 1 * pileupWeight * 1 * lepIdSF * EGammaGsfSF * 1 * (MCWeight_singleLepCalc/abs(MCWeight_singleLepCalc)) * 0.00019932135405
Cuts: (leptonPt_singleLepCalc > 50) && (corr_met_singleLepCalc > 55) && (AK4HT > 480) && (minDR_lepJet > 0.4 || ptRel_lepJet > 40) && (NJetsAK8_JetSubCalc > 2) && (minDR_leadAK8otherAK8 < 3.0) && DataPastTrigger == 1 && isElectron==1
****************************************************************************************************
****************************************************************************************************
DISTRIBUTION: Tp2Mass
            -name in ljmet trees: Tprime2_ALGO_Mass
            -x-axis label is set to: ;M(T) [GeV])
            -using the binning as: [0.0, 60.0, 120.0, 180.0, 240.0, 300.0, 360.0, 420.0, 480.0, 540.0, 600.0, 660.0, 720.0, 780.0, 840.0, 900.0, 960.0, 1020.0, 1080.0, 1140.0, 1200.0, 1260.0, 1320.0, 1380.0, 1440.0, 1500.0, 1560.0, 1620.0, 1680.0, 1740.0, 1800.0, 1860.0, 1920.0, 1980.0, 2040.0, 2100.0, 2160.0, 2220.0, 2280.0, 2340.0, 2400.0, 2460.0, 2520.0, 2580.0, 2640.0, 2700.0, 2760.0, 2820.0, 2880.0, 2940.0, 3000.0]
/////////////////////////
PROCESSING:  TTM1500THTH
/////////////////////////
plotTreeName: Tprime2_BEST_Mass
Flavour: E #tag: notV #algo: BEST
Weights: 1 * 1 * 1 * pileupWeight * 1 * lepIdSF * EGammaGsfSF * 1 * (MCWeight_singleLepCalc/abs(MCWeight_singleLepCalc)) * 4.98303385124e-05
Cuts: (leptonPt_singleLepCalc > 50) && (corr_met_singleLepCalc > 55) && (AK4HT > 480) && (minDR_lepJet > 0.4 || ptRel_lepJet > 40) && (NJetsAK8_JetSubCalc > 2) && (minDR_leadAK8otherAK8 < 3.0) && DataPastTrigger == 1 && isElectron==1
****************************************************************************************************
****************************************************************************************************
DISTRIBUTION: Tp2Mass
            -name in ljmet trees: Tprime2_ALGO_Mass
            -x-axis label is set to: ;M(T) [GeV])
            -using the binning as: [0.0, 60.0, 120.0, 180.0, 240.0, 300.0, 360.0, 420.0, 480.0, 540.0, 600.0, 660.0, 720.0, 780.0, 840.0, 900.0, 960.0, 1020.0, 1080.0, 1140.0, 1200.0, 1260.0, 1320.0, 1380.0, 1440.0, 1500.0, 1560.0, 1620.0, 1680.0, 1740.0, 1800.0, 1860.0, 1920.0, 1980.0, 2040.0, 2100.0, 2160.0, 2220.0, 2280.0, 2340.0, 2400.0, 2460.0, 2520.0, 2580.0, 2640.0, 2700.0, 2760.0, 2820.0, 2880.0, 2940.0, 3000.0]
/////////////////////////
PROCESSING:  TTM1500TZTZ
/////////////////////////
plotTreeName: Tprime2_BEST_Mass
Flavour: E #tag: notV #algo: BEST
Weights: 1 * 1 * 1 * pileupWeight * 1 * lepIdSF * EGammaGsfSF * 1 * (MCWeight_singleLepCalc/abs(MCWeight_singleLepCalc)) * 4.98303385124e-05
Cuts: (leptonPt_singleLepCalc > 50) && (corr_met_singleLepCalc > 55) && (AK4HT > 480) && (minDR_lepJet > 0.4 || ptRel_lepJet > 40) && (NJetsAK8_JetSubCalc > 2) && (minDR_leadAK8otherAK8 < 3.0) && DataPastTrigger == 1 && isElectron==1
****************************************************************************************************
****************************************************************************************************
DISTRIBUTION: Tp2Mass
            -name in ljmet trees: Tprime2_ALGO_Mass
            -x-axis label is set to: ;M(T) [GeV])
            -using the binning as: [0.0, 60.0, 120.0, 180.0, 240.0, 300.0, 360.0, 420.0, 480.0, 540.0, 600.0, 660.0, 720.0, 780.0, 840.0, 900.0, 960.0, 1020.0, 1080.0, 1140.0, 1200.0, 1260.0, 1320.0, 1380.0, 1440.0, 1500.0, 1560.0, 1620.0, 1680.0, 1740.0, 1800.0, 1860.0, 1920.0, 1980.0, 2040.0, 2100.0, 2160.0, 2220.0, 2280.0, 2340.0, 2400.0, 2460.0, 2520.0, 2580.0, 2640.0, 2700.0, 2760.0, 2820.0, 2880.0, 2940.0, 3000.0]
/////////////////////////
PROCESSING:  TTM1500TZBW
/////////////////////////
plotTreeName: Tprime2_BEST_Mass
Flavour: E #tag: notV #algo: BEST
Weights: 1 * 1 * 1 * pileupWeight * 1 * lepIdSF * EGammaGsfSF * 1 * (MCWeight_singleLepCalc/abs(MCWeight_singleLepCalc)) * 9.96606770248e-05
Cuts: (leptonPt_singleLepCalc > 50) && (corr_met_singleLepCalc > 55) && (AK4HT > 480) && (minDR_lepJet > 0.4 || ptRel_lepJet > 40) && (NJetsAK8_JetSubCalc > 2) && (minDR_leadAK8otherAK8 < 3.0) && DataPastTrigger == 1 && isElectron==1
****************************************************************************************************
****************************************************************************************************
DISTRIBUTION: Tp2Mass
            -name in ljmet trees: Tprime2_ALGO_Mass
            -x-axis label is set to: ;M(T) [GeV])
            -using the binning as: [0.0, 60.0, 120.0, 180.0, 240.0, 300.0, 360.0, 420.0, 480.0, 540.0, 600.0, 660.0, 720.0, 780.0, 840.0, 900.0, 960.0, 1020.0, 1080.0, 1140.0, 1200.0, 1260.0, 1320.0, 1380.0, 1440.0, 1500.0, 1560.0, 1620.0, 1680.0, 1740.0, 1800.0, 1860.0, 1920.0, 1980.0, 2040.0, 2100.0, 2160.0, 2220.0, 2280.0, 2340.0, 2400.0, 2460.0, 2520.0, 2580.0, 2640.0, 2700.0, 2760.0, 2820.0, 2880.0, 2940.0, 3000.0]
/////////////////////////
PROCESSING:  TTM1500THBW
/////////////////////////
plotTreeName: Tprime2_BEST_Mass
Flavour: E #tag: notV #algo: BEST
Weights: 1 * 1 * 1 * pileupWeight * 1 * lepIdSF * EGammaGsfSF * 1 * (MCWeight_singleLepCalc/abs(MCWeight_singleLepCalc)) * 9.96606770248e-05
Cuts: (leptonPt_singleLepCalc > 50) && (corr_met_singleLepCalc > 55) && (AK4HT > 480) && (minDR_lepJet > 0.4 || ptRel_lepJet > 40) && (NJetsAK8_JetSubCalc > 2) && (minDR_leadAK8otherAK8 < 3.0) && DataPastTrigger == 1 && isElectron==1
****************************************************************************************************
****************************************************************************************************
DISTRIBUTION: Tp2Mass
            -name in ljmet trees: Tprime2_ALGO_Mass
            -x-axis label is set to: ;M(T) [GeV])
            -using the binning as: [0.0, 60.0, 120.0, 180.0, 240.0, 300.0, 360.0, 420.0, 480.0, 540.0, 600.0, 660.0, 720.0, 780.0, 840.0, 900.0, 960.0, 1020.0, 1080.0, 1140.0, 1200.0, 1260.0, 1320.0, 1380.0, 1440.0, 1500.0, 1560.0, 1620.0, 1680.0, 1740.0, 1800.0, 1860.0, 1920.0, 1980.0, 2040.0, 2100.0, 2160.0, 2220.0, 2280.0, 2340.0, 2400.0, 2460.0, 2520.0, 2580.0, 2640.0, 2700.0, 2760.0, 2820.0, 2880.0, 2940.0, 3000.0]
/////////////////////////
PROCESSING:  TTM1500TZTH
/////////////////////////
plotTreeName: Tprime2_BEST_Mass
Flavour: E #tag: notV #algo: BEST
Weights: 1 * 1 * 1 * pileupWeight * 1 * lepIdSF * EGammaGsfSF * 1 * (MCWeight_singleLepCalc/abs(MCWeight_singleLepCalc)) * 4.98303385124e-05
Cuts: (leptonPt_singleLepCalc > 50) && (corr_met_singleLepCalc > 55) && (AK4HT > 480) && (minDR_lepJet > 0.4 || ptRel_lepJet > 40) && (NJetsAK8_JetSubCalc > 2) && (minDR_leadAK8otherAK8 < 3.0) && DataPastTrigger == 1 && isElectron==1
****************************************************************************************************
****************************************************************************************************
DISTRIBUTION: Tp2Mass
            -name in ljmet trees: Tprime2_ALGO_Mass
            -x-axis label is set to: ;M(T) [GeV])
            -using the binning as: [0.0, 60.0, 120.0, 180.0, 240.0, 300.0, 360.0, 420.0, 480.0, 540.0, 600.0, 660.0, 720.0, 780.0, 840.0, 900.0, 960.0, 1020.0, 1080.0, 1140.0, 1200.0, 1260.0, 1320.0, 1380.0, 1440.0, 1500.0, 1560.0, 1620.0, 1680.0, 1740.0, 1800.0, 1860.0, 1920.0, 1980.0, 2040.0, 2100.0, 2160.0, 2220.0, 2280.0, 2340.0, 2400.0, 2460.0, 2520.0, 2580.0, 2640.0, 2700.0, 2760.0, 2820.0, 2880.0, 2940.0, 3000.0]
/////////////////////////
PROCESSING:  TTM1600BWBW
/////////////////////////
plotTreeName: Tprime2_BEST_Mass
Flavour: E #tag: notV #algo: BEST
Weights: 1 * 1 * 1 * pileupWeight * 1 * lepIdSF * EGammaGsfSF * 1 * (MCWeight_singleLepCalc/abs(MCWeight_singleLepCalc)) * 0.000114437939919
Cuts: (leptonPt_singleLepCalc > 50) && (corr_met_singleLepCalc > 55) && (AK4HT > 480) && (minDR_lepJet > 0.4 || ptRel_lepJet > 40) && (NJetsAK8_JetSubCalc > 2) && (minDR_leadAK8otherAK8 < 3.0) && DataPastTrigger == 1 && isElectron==1
****************************************************************************************************
****************************************************************************************************
DISTRIBUTION: Tp2Mass
            -name in ljmet trees: Tprime2_ALGO_Mass
            -x-axis label is set to: ;M(T) [GeV])
            -using the binning as: [0.0, 60.0, 120.0, 180.0, 240.0, 300.0, 360.0, 420.0, 480.0, 540.0, 600.0, 660.0, 720.0, 780.0, 840.0, 900.0, 960.0, 1020.0, 1080.0, 1140.0, 1200.0, 1260.0, 1320.0, 1380.0, 1440.0, 1500.0, 1560.0, 1620.0, 1680.0, 1740.0, 1800.0, 1860.0, 1920.0, 1980.0, 2040.0, 2100.0, 2160.0, 2220.0, 2280.0, 2340.0, 2400.0, 2460.0, 2520.0, 2580.0, 2640.0, 2700.0, 2760.0, 2820.0, 2880.0, 2940.0, 3000.0]
/////////////////////////
PROCESSING:  TTM1600THTH
/////////////////////////
plotTreeName: Tprime2_BEST_Mass
Flavour: E #tag: notV #algo: BEST
Weights: 1 * 1 * 1 * pileupWeight * 1 * lepIdSF * EGammaGsfSF * 1 * (MCWeight_singleLepCalc/abs(MCWeight_singleLepCalc)) * 2.86094849797e-05
Cuts: (leptonPt_singleLepCalc > 50) && (corr_met_singleLepCalc > 55) && (AK4HT > 480) && (minDR_lepJet > 0.4 || ptRel_lepJet > 40) && (NJetsAK8_JetSubCalc > 2) && (minDR_leadAK8otherAK8 < 3.0) && DataPastTrigger == 1 && isElectron==1
****************************************************************************************************
****************************************************************************************************
DISTRIBUTION: Tp2Mass
            -name in ljmet trees: Tprime2_ALGO_Mass
            -x-axis label is set to: ;M(T) [GeV])
            -using the binning as: [0.0, 60.0, 120.0, 180.0, 240.0, 300.0, 360.0, 420.0, 480.0, 540.0, 600.0, 660.0, 720.0, 780.0, 840.0, 900.0, 960.0, 1020.0, 1080.0, 1140.0, 1200.0, 1260.0, 1320.0, 1380.0, 1440.0, 1500.0, 1560.0, 1620.0, 1680.0, 1740.0, 1800.0, 1860.0, 1920.0, 1980.0, 2040.0, 2100.0, 2160.0, 2220.0, 2280.0, 2340.0, 2400.0, 2460.0, 2520.0, 2580.0, 2640.0, 2700.0, 2760.0, 2820.0, 2880.0, 2940.0, 3000.0]
/////////////////////////
PROCESSING:  TTM1600TZTZ
/////////////////////////
plotTreeName: Tprime2_BEST_Mass
Flavour: E #tag: notV #algo: BEST
Weights: 1 * 1 * 1 * pileupWeight * 1 * lepIdSF * EGammaGsfSF * 1 * (MCWeight_singleLepCalc/abs(MCWeight_singleLepCalc)) * 2.86094849797e-05
Cuts: (leptonPt_singleLepCalc > 50) && (corr_met_singleLepCalc > 55) && (AK4HT > 480) && (minDR_lepJet > 0.4 || ptRel_lepJet > 40) && (NJetsAK8_JetSubCalc > 2) && (minDR_leadAK8otherAK8 < 3.0) && DataPastTrigger == 1 && isElectron==1
****************************************************************************************************
****************************************************************************************************
DISTRIBUTION: Tp2Mass
            -name in ljmet trees: Tprime2_ALGO_Mass
            -x-axis label is set to: ;M(T) [GeV])
            -using the binning as: [0.0, 60.0, 120.0, 180.0, 240.0, 300.0, 360.0, 420.0, 480.0, 540.0, 600.0, 660.0, 720.0, 780.0, 840.0, 900.0, 960.0, 1020.0, 1080.0, 1140.0, 1200.0, 1260.0, 1320.0, 1380.0, 1440.0, 1500.0, 1560.0, 1620.0, 1680.0, 1740.0, 1800.0, 1860.0, 1920.0, 1980.0, 2040.0, 2100.0, 2160.0, 2220.0, 2280.0, 2340.0, 2400.0, 2460.0, 2520.0, 2580.0, 2640.0, 2700.0, 2760.0, 2820.0, 2880.0, 2940.0, 3000.0]
/////////////////////////
PROCESSING:  TTM1600TZBW
/////////////////////////
plotTreeName: Tprime2_BEST_Mass
Flavour: E #tag: notV #algo: BEST
Weights: 1 * 1 * 1 * pileupWeight * 1 * lepIdSF * EGammaGsfSF * 1 * (MCWeight_singleLepCalc/abs(MCWeight_singleLepCalc)) * 5.72189699595e-05
Cuts: (leptonPt_singleLepCalc > 50) && (corr_met_singleLepCalc > 55) && (AK4HT > 480) && (minDR_lepJet > 0.4 || ptRel_lepJet > 40) && (NJetsAK8_JetSubCalc > 2) && (minDR_leadAK8otherAK8 < 3.0) && DataPastTrigger == 1 && isElectron==1
****************************************************************************************************
****************************************************************************************************
DISTRIBUTION: Tp2Mass
            -name in ljmet trees: Tprime2_ALGO_Mass
            -x-axis label is set to: ;M(T) [GeV])
            -using the binning as: [0.0, 60.0, 120.0, 180.0, 240.0, 300.0, 360.0, 420.0, 480.0, 540.0, 600.0, 660.0, 720.0, 780.0, 840.0, 900.0, 960.0, 1020.0, 1080.0, 1140.0, 1200.0, 1260.0, 1320.0, 1380.0, 1440.0, 1500.0, 1560.0, 1620.0, 1680.0, 1740.0, 1800.0, 1860.0, 1920.0, 1980.0, 2040.0, 2100.0, 2160.0, 2220.0, 2280.0, 2340.0, 2400.0, 2460.0, 2520.0, 2580.0, 2640.0, 2700.0, 2760.0, 2820.0, 2880.0, 2940.0, 3000.0]
/////////////////////////
PROCESSING:  TTM1600THBW
/////////////////////////
plotTreeName: Tprime2_BEST_Mass
Flavour: E #tag: notV #algo: BEST
Weights: 1 * 1 * 1 * pileupWeight * 1 * lepIdSF * EGammaGsfSF * 1 * (MCWeight_singleLepCalc/abs(MCWeight_singleLepCalc)) * 5.72189699595e-05
Cuts: (leptonPt_singleLepCalc > 50) && (corr_met_singleLepCalc > 55) && (AK4HT > 480) && (minDR_lepJet > 0.4 || ptRel_lepJet > 40) && (NJetsAK8_JetSubCalc > 2) && (minDR_leadAK8otherAK8 < 3.0) && DataPastTrigger == 1 && isElectron==1
****************************************************************************************************
****************************************************************************************************
DISTRIBUTION: Tp2Mass
            -name in ljmet trees: Tprime2_ALGO_Mass
            -x-axis label is set to: ;M(T) [GeV])
            -using the binning as: [0.0, 60.0, 120.0, 180.0, 240.0, 300.0, 360.0, 420.0, 480.0, 540.0, 600.0, 660.0, 720.0, 780.0, 840.0, 900.0, 960.0, 1020.0, 1080.0, 1140.0, 1200.0, 1260.0, 1320.0, 1380.0, 1440.0, 1500.0, 1560.0, 1620.0, 1680.0, 1740.0, 1800.0, 1860.0, 1920.0, 1980.0, 2040.0, 2100.0, 2160.0, 2220.0, 2280.0, 2340.0, 2400.0, 2460.0, 2520.0, 2580.0, 2640.0, 2700.0, 2760.0, 2820.0, 2880.0, 2940.0, 3000.0]
/////////////////////////
PROCESSING:  TTM1600TZTH
/////////////////////////
plotTreeName: Tprime2_BEST_Mass
Flavour: E #tag: notV #algo: BEST
Weights: 1 * 1 * 1 * pileupWeight * 1 * lepIdSF * EGammaGsfSF * 1 * (MCWeight_singleLepCalc/abs(MCWeight_singleLepCalc)) * 2.86094849797e-05
Cuts: (leptonPt_singleLepCalc > 50) && (corr_met_singleLepCalc > 55) && (AK4HT > 480) && (minDR_lepJet > 0.4 || ptRel_lepJet > 40) && (NJetsAK8_JetSubCalc > 2) && (minDR_leadAK8otherAK8 < 3.0) && DataPastTrigger == 1 && isElectron==1
****************************************************************************************************
****************************************************************************************************
DISTRIBUTION: Tp2Mass
            -name in ljmet trees: Tprime2_ALGO_Mass
            -x-axis label is set to: ;M(T) [GeV])
            -using the binning as: [0.0, 60.0, 120.0, 180.0, 240.0, 300.0, 360.0, 420.0, 480.0, 540.0, 600.0, 660.0, 720.0, 780.0, 840.0, 900.0, 960.0, 1020.0, 1080.0, 1140.0, 1200.0, 1260.0, 1320.0, 1380.0, 1440.0, 1500.0, 1560.0, 1620.0, 1680.0, 1740.0, 1800.0, 1860.0, 1920.0, 1980.0, 2040.0, 2100.0, 2160.0, 2220.0, 2280.0, 2340.0, 2400.0, 2460.0, 2520.0, 2580.0, 2640.0, 2700.0, 2760.0, 2820.0, 2880.0, 2940.0, 3000.0]
/////////////////////////
PROCESSING:  TTM1700BWBW
/////////////////////////
plotTreeName: Tprime2_BEST_Mass
Flavour: E #tag: notV #algo: BEST
Weights: 1 * 1 * 1 * pileupWeight * 1 * lepIdSF * EGammaGsfSF * 1 * (MCWeight_singleLepCalc/abs(MCWeight_singleLepCalc)) * 6.93554282011e-05
Cuts: (leptonPt_singleLepCalc > 50) && (corr_met_singleLepCalc > 55) && (AK4HT > 480) && (minDR_lepJet > 0.4 || ptRel_lepJet > 40) && (NJetsAK8_JetSubCalc > 2) && (minDR_leadAK8otherAK8 < 3.0) && DataPastTrigger == 1 && isElectron==1
****************************************************************************************************
****************************************************************************************************
DISTRIBUTION: Tp2Mass
            -name in ljmet trees: Tprime2_ALGO_Mass
            -x-axis label is set to: ;M(T) [GeV])
            -using the binning as: [0.0, 60.0, 120.0, 180.0, 240.0, 300.0, 360.0, 420.0, 480.0, 540.0, 600.0, 660.0, 720.0, 780.0, 840.0, 900.0, 960.0, 1020.0, 1080.0, 1140.0, 1200.0, 1260.0, 1320.0, 1380.0, 1440.0, 1500.0, 1560.0, 1620.0, 1680.0, 1740.0, 1800.0, 1860.0, 1920.0, 1980.0, 2040.0, 2100.0, 2160.0, 2220.0, 2280.0, 2340.0, 2400.0, 2460.0, 2520.0, 2580.0, 2640.0, 2700.0, 2760.0, 2820.0, 2880.0, 2940.0, 3000.0]
/////////////////////////
PROCESSING:  TTM1700THTH
/////////////////////////
plotTreeName: Tprime2_BEST_Mass
Flavour: E #tag: notV #algo: BEST
Weights: 1 * 1 * 1 * pileupWeight * 1 * lepIdSF * EGammaGsfSF * 1 * (MCWeight_singleLepCalc/abs(MCWeight_singleLepCalc)) * 1.73388570503e-05
Cuts: (leptonPt_singleLepCalc > 50) && (corr_met_singleLepCalc > 55) && (AK4HT > 480) && (minDR_lepJet > 0.4 || ptRel_lepJet > 40) && (NJetsAK8_JetSubCalc > 2) && (minDR_leadAK8otherAK8 < 3.0) && DataPastTrigger == 1 && isElectron==1
****************************************************************************************************
****************************************************************************************************
DISTRIBUTION: Tp2Mass
            -name in ljmet trees: Tprime2_ALGO_Mass
            -x-axis label is set to: ;M(T) [GeV])
            -using the binning as: [0.0, 60.0, 120.0, 180.0, 240.0, 300.0, 360.0, 420.0, 480.0, 540.0, 600.0, 660.0, 720.0, 780.0, 840.0, 900.0, 960.0, 1020.0, 1080.0, 1140.0, 1200.0, 1260.0, 1320.0, 1380.0, 1440.0, 1500.0, 1560.0, 1620.0, 1680.0, 1740.0, 1800.0, 1860.0, 1920.0, 1980.0, 2040.0, 2100.0, 2160.0, 2220.0, 2280.0, 2340.0, 2400.0, 2460.0, 2520.0, 2580.0, 2640.0, 2700.0, 2760.0, 2820.0, 2880.0, 2940.0, 3000.0]
/////////////////////////
PROCESSING:  TTM1700TZTZ
/////////////////////////
plotTreeName: Tprime2_BEST_Mass
Flavour: E #tag: notV #algo: BEST
Weights: 1 * 1 * 1 * pileupWeight * 1 * lepIdSF * EGammaGsfSF * 1 * (MCWeight_singleLepCalc/abs(MCWeight_singleLepCalc)) * 1.73388570503e-05
Cuts: (leptonPt_singleLepCalc > 50) && (corr_met_singleLepCalc > 55) && (AK4HT > 480) && (minDR_lepJet > 0.4 || ptRel_lepJet > 40) && (NJetsAK8_JetSubCalc > 2) && (minDR_leadAK8otherAK8 < 3.0) && DataPastTrigger == 1 && isElectron==1
****************************************************************************************************
****************************************************************************************************
DISTRIBUTION: Tp2Mass
            -name in ljmet trees: Tprime2_ALGO_Mass
            -x-axis label is set to: ;M(T) [GeV])
            -using the binning as: [0.0, 60.0, 120.0, 180.0, 240.0, 300.0, 360.0, 420.0, 480.0, 540.0, 600.0, 660.0, 720.0, 780.0, 840.0, 900.0, 960.0, 1020.0, 1080.0, 1140.0, 1200.0, 1260.0, 1320.0, 1380.0, 1440.0, 1500.0, 1560.0, 1620.0, 1680.0, 1740.0, 1800.0, 1860.0, 1920.0, 1980.0, 2040.0, 2100.0, 2160.0, 2220.0, 2280.0, 2340.0, 2400.0, 2460.0, 2520.0, 2580.0, 2640.0, 2700.0, 2760.0, 2820.0, 2880.0, 2940.0, 3000.0]
/////////////////////////
PROCESSING:  TTM1700TZBW
/////////////////////////
plotTreeName: Tprime2_BEST_Mass
Flavour: E #tag: notV #algo: BEST
Weights: 1 * 1 * 1 * pileupWeight * 1 * lepIdSF * EGammaGsfSF * 1 * (MCWeight_singleLepCalc/abs(MCWeight_singleLepCalc)) * 3.46777141005e-05
Cuts: (leptonPt_singleLepCalc > 50) && (corr_met_singleLepCalc > 55) && (AK4HT > 480) && (minDR_lepJet > 0.4 || ptRel_lepJet > 40) && (NJetsAK8_JetSubCalc > 2) && (minDR_leadAK8otherAK8 < 3.0) && DataPastTrigger == 1 && isElectron==1
****************************************************************************************************
****************************************************************************************************
DISTRIBUTION: Tp2Mass
            -name in ljmet trees: Tprime2_ALGO_Mass
            -x-axis label is set to: ;M(T) [GeV])
            -using the binning as: [0.0, 60.0, 120.0, 180.0, 240.0, 300.0, 360.0, 420.0, 480.0, 540.0, 600.0, 660.0, 720.0, 780.0, 840.0, 900.0, 960.0, 1020.0, 1080.0, 1140.0, 1200.0, 1260.0, 1320.0, 1380.0, 1440.0, 1500.0, 1560.0, 1620.0, 1680.0, 1740.0, 1800.0, 1860.0, 1920.0, 1980.0, 2040.0, 2100.0, 2160.0, 2220.0, 2280.0, 2340.0, 2400.0, 2460.0, 2520.0, 2580.0, 2640.0, 2700.0, 2760.0, 2820.0, 2880.0, 2940.0, 3000.0]
/////////////////////////
PROCESSING:  TTM1700THBW
/////////////////////////
plotTreeName: Tprime2_BEST_Mass
Flavour: E #tag: notV #algo: BEST
Weights: 1 * 1 * 1 * pileupWeight * 1 * lepIdSF * EGammaGsfSF * 1 * (MCWeight_singleLepCalc/abs(MCWeight_singleLepCalc)) * 3.46777141005e-05
Cuts: (leptonPt_singleLepCalc > 50) && (corr_met_singleLepCalc > 55) && (AK4HT > 480) && (minDR_lepJet > 0.4 || ptRel_lepJet > 40) && (NJetsAK8_JetSubCalc > 2) && (minDR_leadAK8otherAK8 < 3.0) && DataPastTrigger == 1 && isElectron==1
****************************************************************************************************
****************************************************************************************************
DISTRIBUTION: Tp2Mass
            -name in ljmet trees: Tprime2_ALGO_Mass
            -x-axis label is set to: ;M(T) [GeV])
            -using the binning as: [0.0, 60.0, 120.0, 180.0, 240.0, 300.0, 360.0, 420.0, 480.0, 540.0, 600.0, 660.0, 720.0, 780.0, 840.0, 900.0, 960.0, 1020.0, 1080.0, 1140.0, 1200.0, 1260.0, 1320.0, 1380.0, 1440.0, 1500.0, 1560.0, 1620.0, 1680.0, 1740.0, 1800.0, 1860.0, 1920.0, 1980.0, 2040.0, 2100.0, 2160.0, 2220.0, 2280.0, 2340.0, 2400.0, 2460.0, 2520.0, 2580.0, 2640.0, 2700.0, 2760.0, 2820.0, 2880.0, 2940.0, 3000.0]
/////////////////////////
PROCESSING:  TTM1700TZTH
/////////////////////////
plotTreeName: Tprime2_BEST_Mass
Flavour: E #tag: notV #algo: BEST
Weights: 1 * 1 * 1 * pileupWeight * 1 * lepIdSF * EGammaGsfSF * 1 * (MCWeight_singleLepCalc/abs(MCWeight_singleLepCalc)) * 1.73388570503e-05
Cuts: (leptonPt_singleLepCalc > 50) && (corr_met_singleLepCalc > 55) && (AK4HT > 480) && (minDR_lepJet > 0.4 || ptRel_lepJet > 40) && (NJetsAK8_JetSubCalc > 2) && (minDR_leadAK8otherAK8 < 3.0) && DataPastTrigger == 1 && isElectron==1
****************************************************************************************************
****************************************************************************************************
DISTRIBUTION: Tp2Mass
            -name in ljmet trees: Tprime2_ALGO_Mass
            -x-axis label is set to: ;M(T) [GeV])
            -using the binning as: [0.0, 60.0, 120.0, 180.0, 240.0, 300.0, 360.0, 420.0, 480.0, 540.0, 600.0, 660.0, 720.0, 780.0, 840.0, 900.0, 960.0, 1020.0, 1080.0, 1140.0, 1200.0, 1260.0, 1320.0, 1380.0, 1440.0, 1500.0, 1560.0, 1620.0, 1680.0, 1740.0, 1800.0, 1860.0, 1920.0, 1980.0, 2040.0, 2100.0, 2160.0, 2220.0, 2280.0, 2340.0, 2400.0, 2460.0, 2520.0, 2580.0, 2640.0, 2700.0, 2760.0, 2820.0, 2880.0, 2940.0, 3000.0]
/////////////////////////
PROCESSING:  TTM1800BWBW
/////////////////////////
plotTreeName: Tprime2_BEST_Mass
Flavour: E #tag: notV #algo: BEST
Weights: 1 * 1 * 1 * pileupWeight * 1 * lepIdSF * EGammaGsfSF * 1 * (MCWeight_singleLepCalc/abs(MCWeight_singleLepCalc)) * 3.89579688164e-05
Cuts: (leptonPt_singleLepCalc > 50) && (corr_met_singleLepCalc > 55) && (AK4HT > 480) && (minDR_lepJet > 0.4 || ptRel_lepJet > 40) && (NJetsAK8_JetSubCalc > 2) && (minDR_leadAK8otherAK8 < 3.0) && DataPastTrigger == 1 && isElectron==1
****************************************************************************************************
****************************************************************************************************
DISTRIBUTION: Tp2Mass
            -name in ljmet trees: Tprime2_ALGO_Mass
            -x-axis label is set to: ;M(T) [GeV])
            -using the binning as: [0.0, 60.0, 120.0, 180.0, 240.0, 300.0, 360.0, 420.0, 480.0, 540.0, 600.0, 660.0, 720.0, 780.0, 840.0, 900.0, 960.0, 1020.0, 1080.0, 1140.0, 1200.0, 1260.0, 1320.0, 1380.0, 1440.0, 1500.0, 1560.0, 1620.0, 1680.0, 1740.0, 1800.0, 1860.0, 1920.0, 1980.0, 2040.0, 2100.0, 2160.0, 2220.0, 2280.0, 2340.0, 2400.0, 2460.0, 2520.0, 2580.0, 2640.0, 2700.0, 2760.0, 2820.0, 2880.0, 2940.0, 3000.0]
/////////////////////////
PROCESSING:  TTM1800THTH
/////////////////////////
plotTreeName: Tprime2_BEST_Mass
Flavour: E #tag: notV #algo: BEST
Weights: 1 * 1 * 1 * pileupWeight * 1 * lepIdSF * EGammaGsfSF * 1 * (MCWeight_singleLepCalc/abs(MCWeight_singleLepCalc)) * 9.7394922041e-06
Cuts: (leptonPt_singleLepCalc > 50) && (corr_met_singleLepCalc > 55) && (AK4HT > 480) && (minDR_lepJet > 0.4 || ptRel_lepJet > 40) && (NJetsAK8_JetSubCalc > 2) && (minDR_leadAK8otherAK8 < 3.0) && DataPastTrigger == 1 && isElectron==1
****************************************************************************************************
****************************************************************************************************
DISTRIBUTION: Tp2Mass
            -name in ljmet trees: Tprime2_ALGO_Mass
            -x-axis label is set to: ;M(T) [GeV])
            -using the binning as: [0.0, 60.0, 120.0, 180.0, 240.0, 300.0, 360.0, 420.0, 480.0, 540.0, 600.0, 660.0, 720.0, 780.0, 840.0, 900.0, 960.0, 1020.0, 1080.0, 1140.0, 1200.0, 1260.0, 1320.0, 1380.0, 1440.0, 1500.0, 1560.0, 1620.0, 1680.0, 1740.0, 1800.0, 1860.0, 1920.0, 1980.0, 2040.0, 2100.0, 2160.0, 2220.0, 2280.0, 2340.0, 2400.0, 2460.0, 2520.0, 2580.0, 2640.0, 2700.0, 2760.0, 2820.0, 2880.0, 2940.0, 3000.0]
/////////////////////////
PROCESSING:  TTM1800TZTZ
/////////////////////////
plotTreeName: Tprime2_BEST_Mass
Flavour: E #tag: notV #algo: BEST
Weights: 1 * 1 * 1 * pileupWeight * 1 * lepIdSF * EGammaGsfSF * 1 * (MCWeight_singleLepCalc/abs(MCWeight_singleLepCalc)) * 9.7394922041e-06
Cuts: (leptonPt_singleLepCalc > 50) && (corr_met_singleLepCalc > 55) && (AK4HT > 480) && (minDR_lepJet > 0.4 || ptRel_lepJet > 40) && (NJetsAK8_JetSubCalc > 2) && (minDR_leadAK8otherAK8 < 3.0) && DataPastTrigger == 1 && isElectron==1
****************************************************************************************************
****************************************************************************************************
DISTRIBUTION: Tp2Mass
            -name in ljmet trees: Tprime2_ALGO_Mass
            -x-axis label is set to: ;M(T) [GeV])
            -using the binning as: [0.0, 60.0, 120.0, 180.0, 240.0, 300.0, 360.0, 420.0, 480.0, 540.0, 600.0, 660.0, 720.0, 780.0, 840.0, 900.0, 960.0, 1020.0, 1080.0, 1140.0, 1200.0, 1260.0, 1320.0, 1380.0, 1440.0, 1500.0, 1560.0, 1620.0, 1680.0, 1740.0, 1800.0, 1860.0, 1920.0, 1980.0, 2040.0, 2100.0, 2160.0, 2220.0, 2280.0, 2340.0, 2400.0, 2460.0, 2520.0, 2580.0, 2640.0, 2700.0, 2760.0, 2820.0, 2880.0, 2940.0, 3000.0]
/////////////////////////
PROCESSING:  TTM1800TZBW
/////////////////////////
plotTreeName: Tprime2_BEST_Mass
Flavour: E #tag: notV #algo: BEST
Weights: 1 * 1 * 1 * pileupWeight * 1 * lepIdSF * EGammaGsfSF * 1 * (MCWeight_singleLepCalc/abs(MCWeight_singleLepCalc)) * 1.94789844082e-05
Cuts: (leptonPt_singleLepCalc > 50) && (corr_met_singleLepCalc > 55) && (AK4HT > 480) && (minDR_lepJet > 0.4 || ptRel_lepJet > 40) && (NJetsAK8_JetSubCalc > 2) && (minDR_leadAK8otherAK8 < 3.0) && DataPastTrigger == 1 && isElectron==1
****************************************************************************************************
****************************************************************************************************
DISTRIBUTION: Tp2Mass
            -name in ljmet trees: Tprime2_ALGO_Mass
            -x-axis label is set to: ;M(T) [GeV])
            -using the binning as: [0.0, 60.0, 120.0, 180.0, 240.0, 300.0, 360.0, 420.0, 480.0, 540.0, 600.0, 660.0, 720.0, 780.0, 840.0, 900.0, 960.0, 1020.0, 1080.0, 1140.0, 1200.0, 1260.0, 1320.0, 1380.0, 1440.0, 1500.0, 1560.0, 1620.0, 1680.0, 1740.0, 1800.0, 1860.0, 1920.0, 1980.0, 2040.0, 2100.0, 2160.0, 2220.0, 2280.0, 2340.0, 2400.0, 2460.0, 2520.0, 2580.0, 2640.0, 2700.0, 2760.0, 2820.0, 2880.0, 2940.0, 3000.0]
/////////////////////////
PROCESSING:  TTM1800THBW
/////////////////////////
plotTreeName: Tprime2_BEST_Mass
Flavour: E #tag: notV #algo: BEST
Weights: 1 * 1 * 1 * pileupWeight * 1 * lepIdSF * EGammaGsfSF * 1 * (MCWeight_singleLepCalc/abs(MCWeight_singleLepCalc)) * 1.94789844082e-05
Cuts: (leptonPt_singleLepCalc > 50) && (corr_met_singleLepCalc > 55) && (AK4HT > 480) && (minDR_lepJet > 0.4 || ptRel_lepJet > 40) && (NJetsAK8_JetSubCalc > 2) && (minDR_leadAK8otherAK8 < 3.0) && DataPastTrigger == 1 && isElectron==1
****************************************************************************************************
****************************************************************************************************
DISTRIBUTION: Tp2Mass
            -name in ljmet trees: Tprime2_ALGO_Mass
            -x-axis label is set to: ;M(T) [GeV])
            -using the binning as: [0.0, 60.0, 120.0, 180.0, 240.0, 300.0, 360.0, 420.0, 480.0, 540.0, 600.0, 660.0, 720.0, 780.0, 840.0, 900.0, 960.0, 1020.0, 1080.0, 1140.0, 1200.0, 1260.0, 1320.0, 1380.0, 1440.0, 1500.0, 1560.0, 1620.0, 1680.0, 1740.0, 1800.0, 1860.0, 1920.0, 1980.0, 2040.0, 2100.0, 2160.0, 2220.0, 2280.0, 2340.0, 2400.0, 2460.0, 2520.0, 2580.0, 2640.0, 2700.0, 2760.0, 2820.0, 2880.0, 2940.0, 3000.0]
/////////////////////////
PROCESSING:  TTM1800TZTH
/////////////////////////
plotTreeName: Tprime2_BEST_Mass
Flavour: E #tag: notV #algo: BEST
Weights: 1 * 1 * 1 * pileupWeight * 1 * lepIdSF * EGammaGsfSF * 1 * (MCWeight_singleLepCalc/abs(MCWeight_singleLepCalc)) * 9.7394922041e-06
Cuts: (leptonPt_singleLepCalc > 50) && (corr_met_singleLepCalc > 55) && (AK4HT > 480) && (minDR_lepJet > 0.4 || ptRel_lepJet > 40) && (NJetsAK8_JetSubCalc > 2) && (minDR_leadAK8otherAK8 < 3.0) && DataPastTrigger == 1 && isElectron==1
****************************************************************************************************
****************************************************************************************************
DISTRIBUTION: Tp2Mass
            -name in ljmet trees: Tprime2_ALGO_Mass
            -x-axis label is set to: ;M(T) [GeV])
            -using the binning as: [0.0, 60.0, 120.0, 180.0, 240.0, 300.0, 360.0, 420.0, 480.0, 540.0, 600.0, 660.0, 720.0, 780.0, 840.0, 900.0, 960.0, 1020.0, 1080.0, 1140.0, 1200.0, 1260.0, 1320.0, 1380.0, 1440.0, 1500.0, 1560.0, 1620.0, 1680.0, 1740.0, 1800.0, 1860.0, 1920.0, 1980.0, 2040.0, 2100.0, 2160.0, 2220.0, 2280.0, 2340.0, 2400.0, 2460.0, 2520.0, 2580.0, 2640.0, 2700.0, 2760.0, 2820.0, 2880.0, 2940.0, 3000.0]
/////////////////////////
PROCESSING:  WJetsMG400
/////////////////////////
plotTreeName: Tprime2_DeepAK8_Mass
Flavour: E #tag: notV #algo: DeepAK8
Weights: 1 * HTSF_Pol * 1 * pileupWeight * 1 * lepIdSF * EGammaGsfSF * 1 * (MCWeight_singleLepCalc/abs(MCWeight_singleLepCalc)) * 0.280770227538
Cuts: (leptonPt_singleLepCalc > 50) && (corr_met_singleLepCalc > 55) && (AK4HT > 480) && (minDR_lepJet > 0.4 || ptRel_lepJet > 40) && (NJetsAK8_JetSubCalc > 2) && (minDR_leadAK8otherAK8 < 3.0) && DataPastTrigger == 1 && isElectron==1
****************************************************************************************************
****************************************************************************************************
DISTRIBUTION: Tp2Mass
            -name in ljmet trees: Tprime2_ALGO_Mass
            -x-axis label is set to: ;M(T) [GeV])
            -using the binning as: [0.0, 60.0, 120.0, 180.0, 240.0, 300.0, 360.0, 420.0, 480.0, 540.0, 600.0, 660.0, 720.0, 780.0, 840.0, 900.0, 960.0, 1020.0, 1080.0, 1140.0, 1200.0, 1260.0, 1320.0, 1380.0, 1440.0, 1500.0, 1560.0, 1620.0, 1680.0, 1740.0, 1800.0, 1860.0, 1920.0, 1980.0, 2040.0, 2100.0, 2160.0, 2220.0, 2280.0, 2340.0, 2400.0, 2460.0, 2520.0, 2580.0, 2640.0, 2700.0, 2760.0, 2820.0, 2880.0, 2940.0, 3000.0]
/////////////////////////
PROCESSING:  WJetsMG600
/////////////////////////
plotTreeName: Tprime2_DeepAK8_Mass
Flavour: E #tag: notV #algo: DeepAK8
Weights: 1 * HTSF_Pol * 1 * pileupWeight * 1 * lepIdSF * EGammaGsfSF * 1 * (MCWeight_singleLepCalc/abs(MCWeight_singleLepCalc)) * 0.0287233231554
Cuts: (leptonPt_singleLepCalc > 50) && (corr_met_singleLepCalc > 55) && (AK4HT > 480) && (minDR_lepJet > 0.4 || ptRel_lepJet > 40) && (NJetsAK8_JetSubCalc > 2) && (minDR_leadAK8otherAK8 < 3.0) && DataPastTrigger == 1 && isElectron==1
****************************************************************************************************
****************************************************************************************************
DISTRIBUTION: Tp2Mass
            -name in ljmet trees: Tprime2_ALGO_Mass
            -x-axis label is set to: ;M(T) [GeV])
            -using the binning as: [0.0, 60.0, 120.0, 180.0, 240.0, 300.0, 360.0, 420.0, 480.0, 540.0, 600.0, 660.0, 720.0, 780.0, 840.0, 900.0, 960.0, 1020.0, 1080.0, 1140.0, 1200.0, 1260.0, 1320.0, 1380.0, 1440.0, 1500.0, 1560.0, 1620.0, 1680.0, 1740.0, 1800.0, 1860.0, 1920.0, 1980.0, 2040.0, 2100.0, 2160.0, 2220.0, 2280.0, 2340.0, 2400.0, 2460.0, 2520.0, 2580.0, 2640.0, 2700.0, 2760.0, 2820.0, 2880.0, 2940.0, 3000.0]
/////////////////////////
PROCESSING:  WJetsMG800
/////////////////////////
plotTreeName: Tprime2_DeepAK8_Mass
Flavour: E #tag: notV #algo: DeepAK8
Weights: 1 * HTSF_Pol * 1 * pileupWeight * 1 * lepIdSF * EGammaGsfSF * 1 * (MCWeight_singleLepCalc/abs(MCWeight_singleLepCalc)) * 0.0316367902594
Cuts: (leptonPt_singleLepCalc > 50) && (corr_met_singleLepCalc > 55) && (AK4HT > 480) && (minDR_lepJet > 0.4 || ptRel_lepJet > 40) && (NJetsAK8_JetSubCalc > 2) && (minDR_leadAK8otherAK8 < 3.0) && DataPastTrigger == 1 && isElectron==1
****************************************************************************************************
****************************************************************************************************
DISTRIBUTION: Tp2Mass
            -name in ljmet trees: Tprime2_ALGO_Mass
            -x-axis label is set to: ;M(T) [GeV])
            -using the binning as: [0.0, 60.0, 120.0, 180.0, 240.0, 300.0, 360.0, 420.0, 480.0, 540.0, 600.0, 660.0, 720.0, 780.0, 840.0, 900.0, 960.0, 1020.0, 1080.0, 1140.0, 1200.0, 1260.0, 1320.0, 1380.0, 1440.0, 1500.0, 1560.0, 1620.0, 1680.0, 1740.0, 1800.0, 1860.0, 1920.0, 1980.0, 2040.0, 2100.0, 2160.0, 2220.0, 2280.0, 2340.0, 2400.0, 2460.0, 2520.0, 2580.0, 2640.0, 2700.0, 2760.0, 2820.0, 2880.0, 2940.0, 3000.0]
/////////////////////////
PROCESSING:  WJetsMG1200
/////////////////////////
plotTreeName: Tprime2_DeepAK8_Mass
Flavour: E #tag: notV #algo: DeepAK8
Weights: 1 * HTSF_Pol * 1 * pileupWeight * 1 * lepIdSF * EGammaGsfSF * 1 * (MCWeight_singleLepCalc/abs(MCWeight_singleLepCalc)) * 0.00861414819858
Cuts: (leptonPt_singleLepCalc > 50) && (corr_met_singleLepCalc > 55) && (AK4HT > 480) && (minDR_lepJet > 0.4 || ptRel_lepJet > 40) && (NJetsAK8_JetSubCalc > 2) && (minDR_leadAK8otherAK8 < 3.0) && DataPastTrigger == 1 && isElectron==1
****************************************************************************************************
****************************************************************************************************
DISTRIBUTION: Tp2Mass
            -name in ljmet trees: Tprime2_ALGO_Mass
            -x-axis label is set to: ;M(T) [GeV])
            -using the binning as: [0.0, 60.0, 120.0, 180.0, 240.0, 300.0, 360.0, 420.0, 480.0, 540.0, 600.0, 660.0, 720.0, 780.0, 840.0, 900.0, 960.0, 1020.0, 1080.0, 1140.0, 1200.0, 1260.0, 1320.0, 1380.0, 1440.0, 1500.0, 1560.0, 1620.0, 1680.0, 1740.0, 1800.0, 1860.0, 1920.0, 1980.0, 2040.0, 2100.0, 2160.0, 2220.0, 2280.0, 2340.0, 2400.0, 2460.0, 2520.0, 2580.0, 2640.0, 2700.0, 2760.0, 2820.0, 2880.0, 2940.0, 3000.0]
/////////////////////////
PROCESSING:  WJetsMG2500
/////////////////////////
plotTreeName: Tprime2_DeepAK8_Mass
Flavour: E #tag: notV #algo: DeepAK8
Weights: 1 * HTSF_Pol * 1 * pileupWeight * 1 * lepIdSF * EGammaGsfSF * 1 * (MCWeight_singleLepCalc/abs(MCWeight_singleLepCalc)) * 0.00054308661217
Cuts: (leptonPt_singleLepCalc > 50) && (corr_met_singleLepCalc > 55) && (AK4HT > 480) && (minDR_lepJet > 0.4 || ptRel_lepJet > 40) && (NJetsAK8_JetSubCalc > 2) && (minDR_leadAK8otherAK8 < 3.0) && DataPastTrigger == 1 && isElectron==1
****************************************************************************************************
****************************************************************************************************
DISTRIBUTION: Tp2Mass
            -name in ljmet trees: Tprime2_ALGO_Mass
            -x-axis label is set to: ;M(T) [GeV])
            -using the binning as: [0.0, 60.0, 120.0, 180.0, 240.0, 300.0, 360.0, 420.0, 480.0, 540.0, 600.0, 660.0, 720.0, 780.0, 840.0, 900.0, 960.0, 1020.0, 1080.0, 1140.0, 1200.0, 1260.0, 1320.0, 1380.0, 1440.0, 1500.0, 1560.0, 1620.0, 1680.0, 1740.0, 1800.0, 1860.0, 1920.0, 1980.0, 2040.0, 2100.0, 2160.0, 2220.0, 2280.0, 2340.0, 2400.0, 2460.0, 2520.0, 2580.0, 2640.0, 2700.0, 2760.0, 2820.0, 2880.0, 2940.0, 3000.0]
/////////////////////////
PROCESSING:  TTM1100BWBW
/////////////////////////
plotTreeName: Tprime2_DeepAK8_Mass
Flavour: E #tag: notV #algo: DeepAK8
Weights: 1 * 1 * 1 * pileupWeight * 1 * lepIdSF * EGammaGsfSF * 1 * (MCWeight_singleLepCalc/abs(MCWeight_singleLepCalc)) * 0.00223239916536
Cuts: (leptonPt_singleLepCalc > 50) && (corr_met_singleLepCalc > 55) && (AK4HT > 480) && (minDR_lepJet > 0.4 || ptRel_lepJet > 40) && (NJetsAK8_JetSubCalc > 2) && (minDR_leadAK8otherAK8 < 3.0) && DataPastTrigger == 1 && isElectron==1
****************************************************************************************************
****************************************************************************************************
DISTRIBUTION: Tp2Mass
            -name in ljmet trees: Tprime2_ALGO_Mass
            -x-axis label is set to: ;M(T) [GeV])
            -using the binning as: [0.0, 60.0, 120.0, 180.0, 240.0, 300.0, 360.0, 420.0, 480.0, 540.0, 600.0, 660.0, 720.0, 780.0, 840.0, 900.0, 960.0, 1020.0, 1080.0, 1140.0, 1200.0, 1260.0, 1320.0, 1380.0, 1440.0, 1500.0, 1560.0, 1620.0, 1680.0, 1740.0, 1800.0, 1860.0, 1920.0, 1980.0, 2040.0, 2100.0, 2160.0, 2220.0, 2280.0, 2340.0, 2400.0, 2460.0, 2520.0, 2580.0, 2640.0, 2700.0, 2760.0, 2820.0, 2880.0, 2940.0, 3000.0]
/////////////////////////
PROCESSING:  TTM1100THTH
/////////////////////////
plotTreeName: Tprime2_DeepAK8_Mass
Flavour: E #tag: notV #algo: DeepAK8
Weights: 1 * 1 * 1 * pileupWeight * 1 * lepIdSF * EGammaGsfSF * 1 * (MCWeight_singleLepCalc/abs(MCWeight_singleLepCalc)) * 0.000558099791339
Cuts: (leptonPt_singleLepCalc > 50) && (corr_met_singleLepCalc > 55) && (AK4HT > 480) && (minDR_lepJet > 0.4 || ptRel_lepJet > 40) && (NJetsAK8_JetSubCalc > 2) && (minDR_leadAK8otherAK8 < 3.0) && DataPastTrigger == 1 && isElectron==1
****************************************************************************************************
****************************************************************************************************
DISTRIBUTION: Tp2Mass
            -name in ljmet trees: Tprime2_ALGO_Mass
            -x-axis label is set to: ;M(T) [GeV])
            -using the binning as: [0.0, 60.0, 120.0, 180.0, 240.0, 300.0, 360.0, 420.0, 480.0, 540.0, 600.0, 660.0, 720.0, 780.0, 840.0, 900.0, 960.0, 1020.0, 1080.0, 1140.0, 1200.0, 1260.0, 1320.0, 1380.0, 1440.0, 1500.0, 1560.0, 1620.0, 1680.0, 1740.0, 1800.0, 1860.0, 1920.0, 1980.0, 2040.0, 2100.0, 2160.0, 2220.0, 2280.0, 2340.0, 2400.0, 2460.0, 2520.0, 2580.0, 2640.0, 2700.0, 2760.0, 2820.0, 2880.0, 2940.0, 3000.0]
/////////////////////////
PROCESSING:  TTM1100TZTZ
/////////////////////////
plotTreeName: Tprime2_DeepAK8_Mass
Flavour: E #tag: notV #algo: DeepAK8
Weights: 1 * 1 * 1 * pileupWeight * 1 * lepIdSF * EGammaGsfSF * 1 * (MCWeight_singleLepCalc/abs(MCWeight_singleLepCalc)) * 0.000558099791339
Cuts: (leptonPt_singleLepCalc > 50) && (corr_met_singleLepCalc > 55) && (AK4HT > 480) && (minDR_lepJet > 0.4 || ptRel_lepJet > 40) && (NJetsAK8_JetSubCalc > 2) && (minDR_leadAK8otherAK8 < 3.0) && DataPastTrigger == 1 && isElectron==1
****************************************************************************************************
****************************************************************************************************
DISTRIBUTION: Tp2Mass
            -name in ljmet trees: Tprime2_ALGO_Mass
            -x-axis label is set to: ;M(T) [GeV])
            -using the binning as: [0.0, 60.0, 120.0, 180.0, 240.0, 300.0, 360.0, 420.0, 480.0, 540.0, 600.0, 660.0, 720.0, 780.0, 840.0, 900.0, 960.0, 1020.0, 1080.0, 1140.0, 1200.0, 1260.0, 1320.0, 1380.0, 1440.0, 1500.0, 1560.0, 1620.0, 1680.0, 1740.0, 1800.0, 1860.0, 1920.0, 1980.0, 2040.0, 2100.0, 2160.0, 2220.0, 2280.0, 2340.0, 2400.0, 2460.0, 2520.0, 2580.0, 2640.0, 2700.0, 2760.0, 2820.0, 2880.0, 2940.0, 3000.0]
/////////////////////////
PROCESSING:  TTM1100TZBW
/////////////////////////
plotTreeName: Tprime2_DeepAK8_Mass
Flavour: E #tag: notV #algo: DeepAK8
Weights: 1 * 1 * 1 * pileupWeight * 1 * lepIdSF * EGammaGsfSF * 1 * (MCWeight_singleLepCalc/abs(MCWeight_singleLepCalc)) * 0.00111619958268
Cuts: (leptonPt_singleLepCalc > 50) && (corr_met_singleLepCalc > 55) && (AK4HT > 480) && (minDR_lepJet > 0.4 || ptRel_lepJet > 40) && (NJetsAK8_JetSubCalc > 2) && (minDR_leadAK8otherAK8 < 3.0) && DataPastTrigger == 1 && isElectron==1
****************************************************************************************************
****************************************************************************************************
DISTRIBUTION: Tp2Mass
            -name in ljmet trees: Tprime2_ALGO_Mass
            -x-axis label is set to: ;M(T) [GeV])
            -using the binning as: [0.0, 60.0, 120.0, 180.0, 240.0, 300.0, 360.0, 420.0, 480.0, 540.0, 600.0, 660.0, 720.0, 780.0, 840.0, 900.0, 960.0, 1020.0, 1080.0, 1140.0, 1200.0, 1260.0, 1320.0, 1380.0, 1440.0, 1500.0, 1560.0, 1620.0, 1680.0, 1740.0, 1800.0, 1860.0, 1920.0, 1980.0, 2040.0, 2100.0, 2160.0, 2220.0, 2280.0, 2340.0, 2400.0, 2460.0, 2520.0, 2580.0, 2640.0, 2700.0, 2760.0, 2820.0, 2880.0, 2940.0, 3000.0]
/////////////////////////
PROCESSING:  TTM1100THBW
/////////////////////////
plotTreeName: Tprime2_DeepAK8_Mass
Flavour: E #tag: notV #algo: DeepAK8
Weights: 1 * 1 * 1 * pileupWeight * 1 * lepIdSF * EGammaGsfSF * 1 * (MCWeight_singleLepCalc/abs(MCWeight_singleLepCalc)) * 0.00111619958268
Cuts: (leptonPt_singleLepCalc > 50) && (corr_met_singleLepCalc > 55) && (AK4HT > 480) && (minDR_lepJet > 0.4 || ptRel_lepJet > 40) && (NJetsAK8_JetSubCalc > 2) && (minDR_leadAK8otherAK8 < 3.0) && DataPastTrigger == 1 && isElectron==1
****************************************************************************************************
****************************************************************************************************
DISTRIBUTION: Tp2Mass
            -name in ljmet trees: Tprime2_ALGO_Mass
            -x-axis label is set to: ;M(T) [GeV])
            -using the binning as: [0.0, 60.0, 120.0, 180.0, 240.0, 300.0, 360.0, 420.0, 480.0, 540.0, 600.0, 660.0, 720.0, 780.0, 840.0, 900.0, 960.0, 1020.0, 1080.0, 1140.0, 1200.0, 1260.0, 1320.0, 1380.0, 1440.0, 1500.0, 1560.0, 1620.0, 1680.0, 1740.0, 1800.0, 1860.0, 1920.0, 1980.0, 2040.0, 2100.0, 2160.0, 2220.0, 2280.0, 2340.0, 2400.0, 2460.0, 2520.0, 2580.0, 2640.0, 2700.0, 2760.0, 2820.0, 2880.0, 2940.0, 3000.0]
/////////////////////////
PROCESSING:  TTM1100TZTH
/////////////////////////
plotTreeName: Tprime2_DeepAK8_Mass
Flavour: E #tag: notV #algo: DeepAK8
Weights: 1 * 1 * 1 * pileupWeight * 1 * lepIdSF * EGammaGsfSF * 1 * (MCWeight_singleLepCalc/abs(MCWeight_singleLepCalc)) * 0.000558099791339
Cuts: (leptonPt_singleLepCalc > 50) && (corr_met_singleLepCalc > 55) && (AK4HT > 480) && (minDR_lepJet > 0.4 || ptRel_lepJet > 40) && (NJetsAK8_JetSubCalc > 2) && (minDR_leadAK8otherAK8 < 3.0) && DataPastTrigger == 1 && isElectron==1
****************************************************************************************************
****************************************************************************************************
DISTRIBUTION: Tp2Mass
            -name in ljmet trees: Tprime2_ALGO_Mass
            -x-axis label is set to: ;M(T) [GeV])
            -using the binning as: [0.0, 60.0, 120.0, 180.0, 240.0, 300.0, 360.0, 420.0, 480.0, 540.0, 600.0, 660.0, 720.0, 780.0, 840.0, 900.0, 960.0, 1020.0, 1080.0, 1140.0, 1200.0, 1260.0, 1320.0, 1380.0, 1440.0, 1500.0, 1560.0, 1620.0, 1680.0, 1740.0, 1800.0, 1860.0, 1920.0, 1980.0, 2040.0, 2100.0, 2160.0, 2220.0, 2280.0, 2340.0, 2400.0, 2460.0, 2520.0, 2580.0, 2640.0, 2700.0, 2760.0, 2820.0, 2880.0, 2940.0, 3000.0]
/////////////////////////
PROCESSING:  TTM1200BWBW
/////////////////////////
plotTreeName: Tprime2_DeepAK8_Mass
Flavour: E #tag: notV #algo: DeepAK8
Weights: 1 * 1 * 1 * pileupWeight * 1 * lepIdSF * EGammaGsfSF * 1 * (MCWeight_singleLepCalc/abs(MCWeight_singleLepCalc)) * 0.00117627847652
Cuts: (leptonPt_singleLepCalc > 50) && (corr_met_singleLepCalc > 55) && (AK4HT > 480) && (minDR_lepJet > 0.4 || ptRel_lepJet > 40) && (NJetsAK8_JetSubCalc > 2) && (minDR_leadAK8otherAK8 < 3.0) && DataPastTrigger == 1 && isElectron==1
****************************************************************************************************
****************************************************************************************************
DISTRIBUTION: Tp2Mass
            -name in ljmet trees: Tprime2_ALGO_Mass
            -x-axis label is set to: ;M(T) [GeV])
            -using the binning as: [0.0, 60.0, 120.0, 180.0, 240.0, 300.0, 360.0, 420.0, 480.0, 540.0, 600.0, 660.0, 720.0, 780.0, 840.0, 900.0, 960.0, 1020.0, 1080.0, 1140.0, 1200.0, 1260.0, 1320.0, 1380.0, 1440.0, 1500.0, 1560.0, 1620.0, 1680.0, 1740.0, 1800.0, 1860.0, 1920.0, 1980.0, 2040.0, 2100.0, 2160.0, 2220.0, 2280.0, 2340.0, 2400.0, 2460.0, 2520.0, 2580.0, 2640.0, 2700.0, 2760.0, 2820.0, 2880.0, 2940.0, 3000.0]
/////////////////////////
PROCESSING:  TTM1200THTH
/////////////////////////
plotTreeName: Tprime2_DeepAK8_Mass
Flavour: E #tag: notV #algo: DeepAK8
Weights: 1 * 1 * 1 * pileupWeight * 1 * lepIdSF * EGammaGsfSF * 1 * (MCWeight_singleLepCalc/abs(MCWeight_singleLepCalc)) * 0.00029406961913
Cuts: (leptonPt_singleLepCalc > 50) && (corr_met_singleLepCalc > 55) && (AK4HT > 480) && (minDR_lepJet > 0.4 || ptRel_lepJet > 40) && (NJetsAK8_JetSubCalc > 2) && (minDR_leadAK8otherAK8 < 3.0) && DataPastTrigger == 1 && isElectron==1
****************************************************************************************************
****************************************************************************************************
DISTRIBUTION: Tp2Mass
            -name in ljmet trees: Tprime2_ALGO_Mass
            -x-axis label is set to: ;M(T) [GeV])
            -using the binning as: [0.0, 60.0, 120.0, 180.0, 240.0, 300.0, 360.0, 420.0, 480.0, 540.0, 600.0, 660.0, 720.0, 780.0, 840.0, 900.0, 960.0, 1020.0, 1080.0, 1140.0, 1200.0, 1260.0, 1320.0, 1380.0, 1440.0, 1500.0, 1560.0, 1620.0, 1680.0, 1740.0, 1800.0, 1860.0, 1920.0, 1980.0, 2040.0, 2100.0, 2160.0, 2220.0, 2280.0, 2340.0, 2400.0, 2460.0, 2520.0, 2580.0, 2640.0, 2700.0, 2760.0, 2820.0, 2880.0, 2940.0, 3000.0]
/////////////////////////
PROCESSING:  TTM1200TZTZ
/////////////////////////
plotTreeName: Tprime2_DeepAK8_Mass
Flavour: E #tag: notV #algo: DeepAK8
Weights: 1 * 1 * 1 * pileupWeight * 1 * lepIdSF * EGammaGsfSF * 1 * (MCWeight_singleLepCalc/abs(MCWeight_singleLepCalc)) * 0.00029406961913
Cuts: (leptonPt_singleLepCalc > 50) && (corr_met_singleLepCalc > 55) && (AK4HT > 480) && (minDR_lepJet > 0.4 || ptRel_lepJet > 40) && (NJetsAK8_JetSubCalc > 2) && (minDR_leadAK8otherAK8 < 3.0) && DataPastTrigger == 1 && isElectron==1
****************************************************************************************************
****************************************************************************************************
DISTRIBUTION: Tp2Mass
            -name in ljmet trees: Tprime2_ALGO_Mass
            -x-axis label is set to: ;M(T) [GeV])
            -using the binning as: [0.0, 60.0, 120.0, 180.0, 240.0, 300.0, 360.0, 420.0, 480.0, 540.0, 600.0, 660.0, 720.0, 780.0, 840.0, 900.0, 960.0, 1020.0, 1080.0, 1140.0, 1200.0, 1260.0, 1320.0, 1380.0, 1440.0, 1500.0, 1560.0, 1620.0, 1680.0, 1740.0, 1800.0, 1860.0, 1920.0, 1980.0, 2040.0, 2100.0, 2160.0, 2220.0, 2280.0, 2340.0, 2400.0, 2460.0, 2520.0, 2580.0, 2640.0, 2700.0, 2760.0, 2820.0, 2880.0, 2940.0, 3000.0]
/////////////////////////
PROCESSING:  TTM1200TZBW
/////////////////////////
plotTreeName: Tprime2_DeepAK8_Mass
Flavour: E #tag: notV #algo: DeepAK8
Weights: 1 * 1 * 1 * pileupWeight * 1 * lepIdSF * EGammaGsfSF * 1 * (MCWeight_singleLepCalc/abs(MCWeight_singleLepCalc)) * 0.000588139238259
Cuts: (leptonPt_singleLepCalc > 50) && (corr_met_singleLepCalc > 55) && (AK4HT > 480) && (minDR_lepJet > 0.4 || ptRel_lepJet > 40) && (NJetsAK8_JetSubCalc > 2) && (minDR_leadAK8otherAK8 < 3.0) && DataPastTrigger == 1 && isElectron==1
****************************************************************************************************
****************************************************************************************************
DISTRIBUTION: Tp2Mass
            -name in ljmet trees: Tprime2_ALGO_Mass
            -x-axis label is set to: ;M(T) [GeV])
            -using the binning as: [0.0, 60.0, 120.0, 180.0, 240.0, 300.0, 360.0, 420.0, 480.0, 540.0, 600.0, 660.0, 720.0, 780.0, 840.0, 900.0, 960.0, 1020.0, 1080.0, 1140.0, 1200.0, 1260.0, 1320.0, 1380.0, 1440.0, 1500.0, 1560.0, 1620.0, 1680.0, 1740.0, 1800.0, 1860.0, 1920.0, 1980.0, 2040.0, 2100.0, 2160.0, 2220.0, 2280.0, 2340.0, 2400.0, 2460.0, 2520.0, 2580.0, 2640.0, 2700.0, 2760.0, 2820.0, 2880.0, 2940.0, 3000.0]
/////////////////////////
PROCESSING:  TTM1200THBW
/////////////////////////
plotTreeName: Tprime2_DeepAK8_Mass
Flavour: E #tag: notV #algo: DeepAK8
Weights: 1 * 1 * 1 * pileupWeight * 1 * lepIdSF * EGammaGsfSF * 1 * (MCWeight_singleLepCalc/abs(MCWeight_singleLepCalc)) * 0.000588139238259
Cuts: (leptonPt_singleLepCalc > 50) && (corr_met_singleLepCalc > 55) && (AK4HT > 480) && (minDR_lepJet > 0.4 || ptRel_lepJet > 40) && (NJetsAK8_JetSubCalc > 2) && (minDR_leadAK8otherAK8 < 3.0) && DataPastTrigger == 1 && isElectron==1
****************************************************************************************************
****************************************************************************************************
DISTRIBUTION: Tp2Mass
            -name in ljmet trees: Tprime2_ALGO_Mass
            -x-axis label is set to: ;M(T) [GeV])
            -using the binning as: [0.0, 60.0, 120.0, 180.0, 240.0, 300.0, 360.0, 420.0, 480.0, 540.0, 600.0, 660.0, 720.0, 780.0, 840.0, 900.0, 960.0, 1020.0, 1080.0, 1140.0, 1200.0, 1260.0, 1320.0, 1380.0, 1440.0, 1500.0, 1560.0, 1620.0, 1680.0, 1740.0, 1800.0, 1860.0, 1920.0, 1980.0, 2040.0, 2100.0, 2160.0, 2220.0, 2280.0, 2340.0, 2400.0, 2460.0, 2520.0, 2580.0, 2640.0, 2700.0, 2760.0, 2820.0, 2880.0, 2940.0, 3000.0]
/////////////////////////
PROCESSING:  TTM1200TZTH
/////////////////////////
plotTreeName: Tprime2_DeepAK8_Mass
Flavour: E #tag: notV #algo: DeepAK8
Weights: 1 * 1 * 1 * pileupWeight * 1 * lepIdSF * EGammaGsfSF * 1 * (MCWeight_singleLepCalc/abs(MCWeight_singleLepCalc)) * 0.00029406961913
Cuts: (leptonPt_singleLepCalc > 50) && (corr_met_singleLepCalc > 55) && (AK4HT > 480) && (minDR_lepJet > 0.4 || ptRel_lepJet > 40) && (NJetsAK8_JetSubCalc > 2) && (minDR_leadAK8otherAK8 < 3.0) && DataPastTrigger == 1 && isElectron==1
****************************************************************************************************
****************************************************************************************************
DISTRIBUTION: Tp2Mass
            -name in ljmet trees: Tprime2_ALGO_Mass
            -x-axis label is set to: ;M(T) [GeV])
            -using the binning as: [0.0, 60.0, 120.0, 180.0, 240.0, 300.0, 360.0, 420.0, 480.0, 540.0, 600.0, 660.0, 720.0, 780.0, 840.0, 900.0, 960.0, 1020.0, 1080.0, 1140.0, 1200.0, 1260.0, 1320.0, 1380.0, 1440.0, 1500.0, 1560.0, 1620.0, 1680.0, 1740.0, 1800.0, 1860.0, 1920.0, 1980.0, 2040.0, 2100.0, 2160.0, 2220.0, 2280.0, 2340.0, 2400.0, 2460.0, 2520.0, 2580.0, 2640.0, 2700.0, 2760.0, 2820.0, 2880.0, 2940.0, 3000.0]
/////////////////////////
PROCESSING:  TTM1300BWBW
/////////////////////////
plotTreeName: Tprime2_DeepAK8_Mass
Flavour: E #tag: notV #algo: DeepAK8
Weights: 1 * 1 * 1 * pileupWeight * 1 * lepIdSF * EGammaGsfSF * 1 * (MCWeight_singleLepCalc/abs(MCWeight_singleLepCalc)) * 0.00063821114509
Cuts: (leptonPt_singleLepCalc > 50) && (corr_met_singleLepCalc > 55) && (AK4HT > 480) && (minDR_lepJet > 0.4 || ptRel_lepJet > 40) && (NJetsAK8_JetSubCalc > 2) && (minDR_leadAK8otherAK8 < 3.0) && DataPastTrigger == 1 && isElectron==1
****************************************************************************************************
****************************************************************************************************
DISTRIBUTION: Tp2Mass
            -name in ljmet trees: Tprime2_ALGO_Mass
            -x-axis label is set to: ;M(T) [GeV])
            -using the binning as: [0.0, 60.0, 120.0, 180.0, 240.0, 300.0, 360.0, 420.0, 480.0, 540.0, 600.0, 660.0, 720.0, 780.0, 840.0, 900.0, 960.0, 1020.0, 1080.0, 1140.0, 1200.0, 1260.0, 1320.0, 1380.0, 1440.0, 1500.0, 1560.0, 1620.0, 1680.0, 1740.0, 1800.0, 1860.0, 1920.0, 1980.0, 2040.0, 2100.0, 2160.0, 2220.0, 2280.0, 2340.0, 2400.0, 2460.0, 2520.0, 2580.0, 2640.0, 2700.0, 2760.0, 2820.0, 2880.0, 2940.0, 3000.0]
/////////////////////////
PROCESSING:  TTM1300THTH
/////////////////////////
plotTreeName: Tprime2_DeepAK8_Mass
Flavour: E #tag: notV #algo: DeepAK8
Weights: 1 * 1 * 1 * pileupWeight * 1 * lepIdSF * EGammaGsfSF * 1 * (MCWeight_singleLepCalc/abs(MCWeight_singleLepCalc)) * 0.000159552786272
Cuts: (leptonPt_singleLepCalc > 50) && (corr_met_singleLepCalc > 55) && (AK4HT > 480) && (minDR_lepJet > 0.4 || ptRel_lepJet > 40) && (NJetsAK8_JetSubCalc > 2) && (minDR_leadAK8otherAK8 < 3.0) && DataPastTrigger == 1 && isElectron==1
****************************************************************************************************
****************************************************************************************************
DISTRIBUTION: Tp2Mass
            -name in ljmet trees: Tprime2_ALGO_Mass
            -x-axis label is set to: ;M(T) [GeV])
            -using the binning as: [0.0, 60.0, 120.0, 180.0, 240.0, 300.0, 360.0, 420.0, 480.0, 540.0, 600.0, 660.0, 720.0, 780.0, 840.0, 900.0, 960.0, 1020.0, 1080.0, 1140.0, 1200.0, 1260.0, 1320.0, 1380.0, 1440.0, 1500.0, 1560.0, 1620.0, 1680.0, 1740.0, 1800.0, 1860.0, 1920.0, 1980.0, 2040.0, 2100.0, 2160.0, 2220.0, 2280.0, 2340.0, 2400.0, 2460.0, 2520.0, 2580.0, 2640.0, 2700.0, 2760.0, 2820.0, 2880.0, 2940.0, 3000.0]
/////////////////////////
PROCESSING:  TTM1300TZTZ
/////////////////////////
plotTreeName: Tprime2_DeepAK8_Mass
Flavour: E #tag: notV #algo: DeepAK8
Weights: 1 * 1 * 1 * pileupWeight * 1 * lepIdSF * EGammaGsfSF * 1 * (MCWeight_singleLepCalc/abs(MCWeight_singleLepCalc)) * 0.000159552786272
Cuts: (leptonPt_singleLepCalc > 50) && (corr_met_singleLepCalc > 55) && (AK4HT > 480) && (minDR_lepJet > 0.4 || ptRel_lepJet > 40) && (NJetsAK8_JetSubCalc > 2) && (minDR_leadAK8otherAK8 < 3.0) && DataPastTrigger == 1 && isElectron==1
****************************************************************************************************
****************************************************************************************************
DISTRIBUTION: Tp2Mass
            -name in ljmet trees: Tprime2_ALGO_Mass
            -x-axis label is set to: ;M(T) [GeV])
            -using the binning as: [0.0, 60.0, 120.0, 180.0, 240.0, 300.0, 360.0, 420.0, 480.0, 540.0, 600.0, 660.0, 720.0, 780.0, 840.0, 900.0, 960.0, 1020.0, 1080.0, 1140.0, 1200.0, 1260.0, 1320.0, 1380.0, 1440.0, 1500.0, 1560.0, 1620.0, 1680.0, 1740.0, 1800.0, 1860.0, 1920.0, 1980.0, 2040.0, 2100.0, 2160.0, 2220.0, 2280.0, 2340.0, 2400.0, 2460.0, 2520.0, 2580.0, 2640.0, 2700.0, 2760.0, 2820.0, 2880.0, 2940.0, 3000.0]
/////////////////////////
PROCESSING:  TTM1300TZBW
/////////////////////////
plotTreeName: Tprime2_DeepAK8_Mass
Flavour: E #tag: notV #algo: DeepAK8
Weights: 1 * 1 * 1 * pileupWeight * 1 * lepIdSF * EGammaGsfSF * 1 * (MCWeight_singleLepCalc/abs(MCWeight_singleLepCalc)) * 0.000319105572545
Cuts: (leptonPt_singleLepCalc > 50) && (corr_met_singleLepCalc > 55) && (AK4HT > 480) && (minDR_lepJet > 0.4 || ptRel_lepJet > 40) && (NJetsAK8_JetSubCalc > 2) && (minDR_leadAK8otherAK8 < 3.0) && DataPastTrigger == 1 && isElectron==1
****************************************************************************************************
****************************************************************************************************
DISTRIBUTION: Tp2Mass
            -name in ljmet trees: Tprime2_ALGO_Mass
            -x-axis label is set to: ;M(T) [GeV])
            -using the binning as: [0.0, 60.0, 120.0, 180.0, 240.0, 300.0, 360.0, 420.0, 480.0, 540.0, 600.0, 660.0, 720.0, 780.0, 840.0, 900.0, 960.0, 1020.0, 1080.0, 1140.0, 1200.0, 1260.0, 1320.0, 1380.0, 1440.0, 1500.0, 1560.0, 1620.0, 1680.0, 1740.0, 1800.0, 1860.0, 1920.0, 1980.0, 2040.0, 2100.0, 2160.0, 2220.0, 2280.0, 2340.0, 2400.0, 2460.0, 2520.0, 2580.0, 2640.0, 2700.0, 2760.0, 2820.0, 2880.0, 2940.0, 3000.0]
/////////////////////////
PROCESSING:  TTM1300THBW
/////////////////////////
plotTreeName: Tprime2_DeepAK8_Mass
Flavour: E #tag: notV #algo: DeepAK8
Weights: 1 * 1 * 1 * pileupWeight * 1 * lepIdSF * EGammaGsfSF * 1 * (MCWeight_singleLepCalc/abs(MCWeight_singleLepCalc)) * 0.000319105572545
Cuts: (leptonPt_singleLepCalc > 50) && (corr_met_singleLepCalc > 55) && (AK4HT > 480) && (minDR_lepJet > 0.4 || ptRel_lepJet > 40) && (NJetsAK8_JetSubCalc > 2) && (minDR_leadAK8otherAK8 < 3.0) && DataPastTrigger == 1 && isElectron==1
****************************************************************************************************
****************************************************************************************************
DISTRIBUTION: Tp2Mass
            -name in ljmet trees: Tprime2_ALGO_Mass
            -x-axis label is set to: ;M(T) [GeV])
            -using the binning as: [0.0, 60.0, 120.0, 180.0, 240.0, 300.0, 360.0, 420.0, 480.0, 540.0, 600.0, 660.0, 720.0, 780.0, 840.0, 900.0, 960.0, 1020.0, 1080.0, 1140.0, 1200.0, 1260.0, 1320.0, 1380.0, 1440.0, 1500.0, 1560.0, 1620.0, 1680.0, 1740.0, 1800.0, 1860.0, 1920.0, 1980.0, 2040.0, 2100.0, 2160.0, 2220.0, 2280.0, 2340.0, 2400.0, 2460.0, 2520.0, 2580.0, 2640.0, 2700.0, 2760.0, 2820.0, 2880.0, 2940.0, 3000.0]
/////////////////////////
PROCESSING:  TTM1300TZTH
/////////////////////////
plotTreeName: Tprime2_DeepAK8_Mass
Flavour: E #tag: notV #algo: DeepAK8
Weights: 1 * 1 * 1 * pileupWeight * 1 * lepIdSF * EGammaGsfSF * 1 * (MCWeight_singleLepCalc/abs(MCWeight_singleLepCalc)) * 0.000159552786272
Cuts: (leptonPt_singleLepCalc > 50) && (corr_met_singleLepCalc > 55) && (AK4HT > 480) && (minDR_lepJet > 0.4 || ptRel_lepJet > 40) && (NJetsAK8_JetSubCalc > 2) && (minDR_leadAK8otherAK8 < 3.0) && DataPastTrigger == 1 && isElectron==1
****************************************************************************************************
****************************************************************************************************
DISTRIBUTION: Tp2Mass
            -name in ljmet trees: Tprime2_ALGO_Mass
            -x-axis label is set to: ;M(T) [GeV])
            -using the binning as: [0.0, 60.0, 120.0, 180.0, 240.0, 300.0, 360.0, 420.0, 480.0, 540.0, 600.0, 660.0, 720.0, 780.0, 840.0, 900.0, 960.0, 1020.0, 1080.0, 1140.0, 1200.0, 1260.0, 1320.0, 1380.0, 1440.0, 1500.0, 1560.0, 1620.0, 1680.0, 1740.0, 1800.0, 1860.0, 1920.0, 1980.0, 2040.0, 2100.0, 2160.0, 2220.0, 2280.0, 2340.0, 2400.0, 2460.0, 2520.0, 2580.0, 2640.0, 2700.0, 2760.0, 2820.0, 2880.0, 2940.0, 3000.0]
/////////////////////////
PROCESSING:  TTM1400BWBW
/////////////////////////
plotTreeName: Tprime2_DeepAK8_Mass
Flavour: E #tag: notV #algo: DeepAK8
Weights: 1 * 1 * 1 * pileupWeight * 1 * lepIdSF * EGammaGsfSF * 1 * (MCWeight_singleLepCalc/abs(MCWeight_singleLepCalc)) * 0.000352883542956
Cuts: (leptonPt_singleLepCalc > 50) && (corr_met_singleLepCalc > 55) && (AK4HT > 480) && (minDR_lepJet > 0.4 || ptRel_lepJet > 40) && (NJetsAK8_JetSubCalc > 2) && (minDR_leadAK8otherAK8 < 3.0) && DataPastTrigger == 1 && isElectron==1
****************************************************************************************************
****************************************************************************************************
DISTRIBUTION: Tp2Mass
            -name in ljmet trees: Tprime2_ALGO_Mass
            -x-axis label is set to: ;M(T) [GeV])
            -using the binning as: [0.0, 60.0, 120.0, 180.0, 240.0, 300.0, 360.0, 420.0, 480.0, 540.0, 600.0, 660.0, 720.0, 780.0, 840.0, 900.0, 960.0, 1020.0, 1080.0, 1140.0, 1200.0, 1260.0, 1320.0, 1380.0, 1440.0, 1500.0, 1560.0, 1620.0, 1680.0, 1740.0, 1800.0, 1860.0, 1920.0, 1980.0, 2040.0, 2100.0, 2160.0, 2220.0, 2280.0, 2340.0, 2400.0, 2460.0, 2520.0, 2580.0, 2640.0, 2700.0, 2760.0, 2820.0, 2880.0, 2940.0, 3000.0]
/////////////////////////
PROCESSING:  TTM1400THTH
/////////////////////////
plotTreeName: Tprime2_DeepAK8_Mass
Flavour: E #tag: notV #algo: DeepAK8
Weights: 1 * 1 * 1 * pileupWeight * 1 * lepIdSF * EGammaGsfSF * 1 * (MCWeight_singleLepCalc/abs(MCWeight_singleLepCalc)) * 8.82208857389e-05
Cuts: (leptonPt_singleLepCalc > 50) && (corr_met_singleLepCalc > 55) && (AK4HT > 480) && (minDR_lepJet > 0.4 || ptRel_lepJet > 40) && (NJetsAK8_JetSubCalc > 2) && (minDR_leadAK8otherAK8 < 3.0) && DataPastTrigger == 1 && isElectron==1
****************************************************************************************************
****************************************************************************************************
DISTRIBUTION: Tp2Mass
            -name in ljmet trees: Tprime2_ALGO_Mass
            -x-axis label is set to: ;M(T) [GeV])
            -using the binning as: [0.0, 60.0, 120.0, 180.0, 240.0, 300.0, 360.0, 420.0, 480.0, 540.0, 600.0, 660.0, 720.0, 780.0, 840.0, 900.0, 960.0, 1020.0, 1080.0, 1140.0, 1200.0, 1260.0, 1320.0, 1380.0, 1440.0, 1500.0, 1560.0, 1620.0, 1680.0, 1740.0, 1800.0, 1860.0, 1920.0, 1980.0, 2040.0, 2100.0, 2160.0, 2220.0, 2280.0, 2340.0, 2400.0, 2460.0, 2520.0, 2580.0, 2640.0, 2700.0, 2760.0, 2820.0, 2880.0, 2940.0, 3000.0]
/////////////////////////
PROCESSING:  TTM1400TZTZ
/////////////////////////
plotTreeName: Tprime2_DeepAK8_Mass
Flavour: E #tag: notV #algo: DeepAK8
Weights: 1 * 1 * 1 * pileupWeight * 1 * lepIdSF * EGammaGsfSF * 1 * (MCWeight_singleLepCalc/abs(MCWeight_singleLepCalc)) * 8.82208857389e-05
Cuts: (leptonPt_singleLepCalc > 50) && (corr_met_singleLepCalc > 55) && (AK4HT > 480) && (minDR_lepJet > 0.4 || ptRel_lepJet > 40) && (NJetsAK8_JetSubCalc > 2) && (minDR_leadAK8otherAK8 < 3.0) && DataPastTrigger == 1 && isElectron==1
****************************************************************************************************
****************************************************************************************************
DISTRIBUTION: Tp2Mass
            -name in ljmet trees: Tprime2_ALGO_Mass
            -x-axis label is set to: ;M(T) [GeV])
            -using the binning as: [0.0, 60.0, 120.0, 180.0, 240.0, 300.0, 360.0, 420.0, 480.0, 540.0, 600.0, 660.0, 720.0, 780.0, 840.0, 900.0, 960.0, 1020.0, 1080.0, 1140.0, 1200.0, 1260.0, 1320.0, 1380.0, 1440.0, 1500.0, 1560.0, 1620.0, 1680.0, 1740.0, 1800.0, 1860.0, 1920.0, 1980.0, 2040.0, 2100.0, 2160.0, 2220.0, 2280.0, 2340.0, 2400.0, 2460.0, 2520.0, 2580.0, 2640.0, 2700.0, 2760.0, 2820.0, 2880.0, 2940.0, 3000.0]
/////////////////////////
PROCESSING:  TTM1400TZBW
/////////////////////////
plotTreeName: Tprime2_DeepAK8_Mass
Flavour: E #tag: notV #algo: DeepAK8
Weights: 1 * 1 * 1 * pileupWeight * 1 * lepIdSF * EGammaGsfSF * 1 * (MCWeight_singleLepCalc/abs(MCWeight_singleLepCalc)) * 0.000176441771478
Cuts: (leptonPt_singleLepCalc > 50) && (corr_met_singleLepCalc > 55) && (AK4HT > 480) && (minDR_lepJet > 0.4 || ptRel_lepJet > 40) && (NJetsAK8_JetSubCalc > 2) && (minDR_leadAK8otherAK8 < 3.0) && DataPastTrigger == 1 && isElectron==1
****************************************************************************************************
****************************************************************************************************
DISTRIBUTION: Tp2Mass
            -name in ljmet trees: Tprime2_ALGO_Mass
            -x-axis label is set to: ;M(T) [GeV])
            -using the binning as: [0.0, 60.0, 120.0, 180.0, 240.0, 300.0, 360.0, 420.0, 480.0, 540.0, 600.0, 660.0, 720.0, 780.0, 840.0, 900.0, 960.0, 1020.0, 1080.0, 1140.0, 1200.0, 1260.0, 1320.0, 1380.0, 1440.0, 1500.0, 1560.0, 1620.0, 1680.0, 1740.0, 1800.0, 1860.0, 1920.0, 1980.0, 2040.0, 2100.0, 2160.0, 2220.0, 2280.0, 2340.0, 2400.0, 2460.0, 2520.0, 2580.0, 2640.0, 2700.0, 2760.0, 2820.0, 2880.0, 2940.0, 3000.0]
/////////////////////////
PROCESSING:  TTM1400THBW
/////////////////////////
plotTreeName: Tprime2_DeepAK8_Mass
Flavour: E #tag: notV #algo: DeepAK8
Weights: 1 * 1 * 1 * pileupWeight * 1 * lepIdSF * EGammaGsfSF * 1 * (MCWeight_singleLepCalc/abs(MCWeight_singleLepCalc)) * 0.000176441771478
Cuts: (leptonPt_singleLepCalc > 50) && (corr_met_singleLepCalc > 55) && (AK4HT > 480) && (minDR_lepJet > 0.4 || ptRel_lepJet > 40) && (NJetsAK8_JetSubCalc > 2) && (minDR_leadAK8otherAK8 < 3.0) && DataPastTrigger == 1 && isElectron==1
****************************************************************************************************
****************************************************************************************************
DISTRIBUTION: Tp2Mass
            -name in ljmet trees: Tprime2_ALGO_Mass
            -x-axis label is set to: ;M(T) [GeV])
            -using the binning as: [0.0, 60.0, 120.0, 180.0, 240.0, 300.0, 360.0, 420.0, 480.0, 540.0, 600.0, 660.0, 720.0, 780.0, 840.0, 900.0, 960.0, 1020.0, 1080.0, 1140.0, 1200.0, 1260.0, 1320.0, 1380.0, 1440.0, 1500.0, 1560.0, 1620.0, 1680.0, 1740.0, 1800.0, 1860.0, 1920.0, 1980.0, 2040.0, 2100.0, 2160.0, 2220.0, 2280.0, 2340.0, 2400.0, 2460.0, 2520.0, 2580.0, 2640.0, 2700.0, 2760.0, 2820.0, 2880.0, 2940.0, 3000.0]
/////////////////////////
PROCESSING:  TTM1400TZTH
/////////////////////////
plotTreeName: Tprime2_DeepAK8_Mass
Flavour: E #tag: notV #algo: DeepAK8
Weights: 1 * 1 * 1 * pileupWeight * 1 * lepIdSF * EGammaGsfSF * 1 * (MCWeight_singleLepCalc/abs(MCWeight_singleLepCalc)) * 8.82208857389e-05
Cuts: (leptonPt_singleLepCalc > 50) && (corr_met_singleLepCalc > 55) && (AK4HT > 480) && (minDR_lepJet > 0.4 || ptRel_lepJet > 40) && (NJetsAK8_JetSubCalc > 2) && (minDR_leadAK8otherAK8 < 3.0) && DataPastTrigger == 1 && isElectron==1
****************************************************************************************************
****************************************************************************************************
DISTRIBUTION: Tp2Mass
            -name in ljmet trees: Tprime2_ALGO_Mass
            -x-axis label is set to: ;M(T) [GeV])
            -using the binning as: [0.0, 60.0, 120.0, 180.0, 240.0, 300.0, 360.0, 420.0, 480.0, 540.0, 600.0, 660.0, 720.0, 780.0, 840.0, 900.0, 960.0, 1020.0, 1080.0, 1140.0, 1200.0, 1260.0, 1320.0, 1380.0, 1440.0, 1500.0, 1560.0, 1620.0, 1680.0, 1740.0, 1800.0, 1860.0, 1920.0, 1980.0, 2040.0, 2100.0, 2160.0, 2220.0, 2280.0, 2340.0, 2400.0, 2460.0, 2520.0, 2580.0, 2640.0, 2700.0, 2760.0, 2820.0, 2880.0, 2940.0, 3000.0]
/////////////////////////
PROCESSING:  TTM1500BWBW
/////////////////////////
plotTreeName: Tprime2_DeepAK8_Mass
Flavour: E #tag: notV #algo: DeepAK8
Weights: 1 * 1 * 1 * pileupWeight * 1 * lepIdSF * EGammaGsfSF * 1 * (MCWeight_singleLepCalc/abs(MCWeight_singleLepCalc)) * 0.00019932135405
Cuts: (leptonPt_singleLepCalc > 50) && (corr_met_singleLepCalc > 55) && (AK4HT > 480) && (minDR_lepJet > 0.4 || ptRel_lepJet > 40) && (NJetsAK8_JetSubCalc > 2) && (minDR_leadAK8otherAK8 < 3.0) && DataPastTrigger == 1 && isElectron==1
****************************************************************************************************
****************************************************************************************************
DISTRIBUTION: Tp2Mass
            -name in ljmet trees: Tprime2_ALGO_Mass
            -x-axis label is set to: ;M(T) [GeV])
            -using the binning as: [0.0, 60.0, 120.0, 180.0, 240.0, 300.0, 360.0, 420.0, 480.0, 540.0, 600.0, 660.0, 720.0, 780.0, 840.0, 900.0, 960.0, 1020.0, 1080.0, 1140.0, 1200.0, 1260.0, 1320.0, 1380.0, 1440.0, 1500.0, 1560.0, 1620.0, 1680.0, 1740.0, 1800.0, 1860.0, 1920.0, 1980.0, 2040.0, 2100.0, 2160.0, 2220.0, 2280.0, 2340.0, 2400.0, 2460.0, 2520.0, 2580.0, 2640.0, 2700.0, 2760.0, 2820.0, 2880.0, 2940.0, 3000.0]
/////////////////////////
PROCESSING:  TTM1500THTH
/////////////////////////
plotTreeName: Tprime2_DeepAK8_Mass
Flavour: E #tag: notV #algo: DeepAK8
Weights: 1 * 1 * 1 * pileupWeight * 1 * lepIdSF * EGammaGsfSF * 1 * (MCWeight_singleLepCalc/abs(MCWeight_singleLepCalc)) * 4.98303385124e-05
Cuts: (leptonPt_singleLepCalc > 50) && (corr_met_singleLepCalc > 55) && (AK4HT > 480) && (minDR_lepJet > 0.4 || ptRel_lepJet > 40) && (NJetsAK8_JetSubCalc > 2) && (minDR_leadAK8otherAK8 < 3.0) && DataPastTrigger == 1 && isElectron==1
****************************************************************************************************
****************************************************************************************************
DISTRIBUTION: Tp2Mass
            -name in ljmet trees: Tprime2_ALGO_Mass
            -x-axis label is set to: ;M(T) [GeV])
            -using the binning as: [0.0, 60.0, 120.0, 180.0, 240.0, 300.0, 360.0, 420.0, 480.0, 540.0, 600.0, 660.0, 720.0, 780.0, 840.0, 900.0, 960.0, 1020.0, 1080.0, 1140.0, 1200.0, 1260.0, 1320.0, 1380.0, 1440.0, 1500.0, 1560.0, 1620.0, 1680.0, 1740.0, 1800.0, 1860.0, 1920.0, 1980.0, 2040.0, 2100.0, 2160.0, 2220.0, 2280.0, 2340.0, 2400.0, 2460.0, 2520.0, 2580.0, 2640.0, 2700.0, 2760.0, 2820.0, 2880.0, 2940.0, 3000.0]
/////////////////////////
PROCESSING:  TTM1500TZTZ
/////////////////////////
plotTreeName: Tprime2_DeepAK8_Mass
Flavour: E #tag: notV #algo: DeepAK8
Weights: 1 * 1 * 1 * pileupWeight * 1 * lepIdSF * EGammaGsfSF * 1 * (MCWeight_singleLepCalc/abs(MCWeight_singleLepCalc)) * 4.98303385124e-05
Cuts: (leptonPt_singleLepCalc > 50) && (corr_met_singleLepCalc > 55) && (AK4HT > 480) && (minDR_lepJet > 0.4 || ptRel_lepJet > 40) && (NJetsAK8_JetSubCalc > 2) && (minDR_leadAK8otherAK8 < 3.0) && DataPastTrigger == 1 && isElectron==1
****************************************************************************************************
****************************************************************************************************
DISTRIBUTION: Tp2Mass
            -name in ljmet trees: Tprime2_ALGO_Mass
            -x-axis label is set to: ;M(T) [GeV])
            -using the binning as: [0.0, 60.0, 120.0, 180.0, 240.0, 300.0, 360.0, 420.0, 480.0, 540.0, 600.0, 660.0, 720.0, 780.0, 840.0, 900.0, 960.0, 1020.0, 1080.0, 1140.0, 1200.0, 1260.0, 1320.0, 1380.0, 1440.0, 1500.0, 1560.0, 1620.0, 1680.0, 1740.0, 1800.0, 1860.0, 1920.0, 1980.0, 2040.0, 2100.0, 2160.0, 2220.0, 2280.0, 2340.0, 2400.0, 2460.0, 2520.0, 2580.0, 2640.0, 2700.0, 2760.0, 2820.0, 2880.0, 2940.0, 3000.0]
/////////////////////////
PROCESSING:  TTM1500TZBW
/////////////////////////
plotTreeName: Tprime2_DeepAK8_Mass
Flavour: E #tag: notV #algo: DeepAK8
Weights: 1 * 1 * 1 * pileupWeight * 1 * lepIdSF * EGammaGsfSF * 1 * (MCWeight_singleLepCalc/abs(MCWeight_singleLepCalc)) * 9.96606770248e-05
Cuts: (leptonPt_singleLepCalc > 50) && (corr_met_singleLepCalc > 55) && (AK4HT > 480) && (minDR_lepJet > 0.4 || ptRel_lepJet > 40) && (NJetsAK8_JetSubCalc > 2) && (minDR_leadAK8otherAK8 < 3.0) && DataPastTrigger == 1 && isElectron==1
****************************************************************************************************
****************************************************************************************************
DISTRIBUTION: Tp2Mass
            -name in ljmet trees: Tprime2_ALGO_Mass
            -x-axis label is set to: ;M(T) [GeV])
            -using the binning as: [0.0, 60.0, 120.0, 180.0, 240.0, 300.0, 360.0, 420.0, 480.0, 540.0, 600.0, 660.0, 720.0, 780.0, 840.0, 900.0, 960.0, 1020.0, 1080.0, 1140.0, 1200.0, 1260.0, 1320.0, 1380.0, 1440.0, 1500.0, 1560.0, 1620.0, 1680.0, 1740.0, 1800.0, 1860.0, 1920.0, 1980.0, 2040.0, 2100.0, 2160.0, 2220.0, 2280.0, 2340.0, 2400.0, 2460.0, 2520.0, 2580.0, 2640.0, 2700.0, 2760.0, 2820.0, 2880.0, 2940.0, 3000.0]
/////////////////////////
PROCESSING:  TTM1500THBW
/////////////////////////
plotTreeName: Tprime2_DeepAK8_Mass
Flavour: E #tag: notV #algo: DeepAK8
Weights: 1 * 1 * 1 * pileupWeight * 1 * lepIdSF * EGammaGsfSF * 1 * (MCWeight_singleLepCalc/abs(MCWeight_singleLepCalc)) * 9.96606770248e-05
Cuts: (leptonPt_singleLepCalc > 50) && (corr_met_singleLepCalc > 55) && (AK4HT > 480) && (minDR_lepJet > 0.4 || ptRel_lepJet > 40) && (NJetsAK8_JetSubCalc > 2) && (minDR_leadAK8otherAK8 < 3.0) && DataPastTrigger == 1 && isElectron==1
****************************************************************************************************
****************************************************************************************************
DISTRIBUTION: Tp2Mass
            -name in ljmet trees: Tprime2_ALGO_Mass
            -x-axis label is set to: ;M(T) [GeV])
            -using the binning as: [0.0, 60.0, 120.0, 180.0, 240.0, 300.0, 360.0, 420.0, 480.0, 540.0, 600.0, 660.0, 720.0, 780.0, 840.0, 900.0, 960.0, 1020.0, 1080.0, 1140.0, 1200.0, 1260.0, 1320.0, 1380.0, 1440.0, 1500.0, 1560.0, 1620.0, 1680.0, 1740.0, 1800.0, 1860.0, 1920.0, 1980.0, 2040.0, 2100.0, 2160.0, 2220.0, 2280.0, 2340.0, 2400.0, 2460.0, 2520.0, 2580.0, 2640.0, 2700.0, 2760.0, 2820.0, 2880.0, 2940.0, 3000.0]
/////////////////////////
PROCESSING:  TTM1500TZTH
/////////////////////////
plotTreeName: Tprime2_DeepAK8_Mass
Flavour: E #tag: notV #algo: DeepAK8
Weights: 1 * 1 * 1 * pileupWeight * 1 * lepIdSF * EGammaGsfSF * 1 * (MCWeight_singleLepCalc/abs(MCWeight_singleLepCalc)) * 4.98303385124e-05
Cuts: (leptonPt_singleLepCalc > 50) && (corr_met_singleLepCalc > 55) && (AK4HT > 480) && (minDR_lepJet > 0.4 || ptRel_lepJet > 40) && (NJetsAK8_JetSubCalc > 2) && (minDR_leadAK8otherAK8 < 3.0) && DataPastTrigger == 1 && isElectron==1
****************************************************************************************************
****************************************************************************************************
DISTRIBUTION: Tp2Mass
            -name in ljmet trees: Tprime2_ALGO_Mass
            -x-axis label is set to: ;M(T) [GeV])
            -using the binning as: [0.0, 60.0, 120.0, 180.0, 240.0, 300.0, 360.0, 420.0, 480.0, 540.0, 600.0, 660.0, 720.0, 780.0, 840.0, 900.0, 960.0, 1020.0, 1080.0, 1140.0, 1200.0, 1260.0, 1320.0, 1380.0, 1440.0, 1500.0, 1560.0, 1620.0, 1680.0, 1740.0, 1800.0, 1860.0, 1920.0, 1980.0, 2040.0, 2100.0, 2160.0, 2220.0, 2280.0, 2340.0, 2400.0, 2460.0, 2520.0, 2580.0, 2640.0, 2700.0, 2760.0, 2820.0, 2880.0, 2940.0, 3000.0]
/////////////////////////
PROCESSING:  TTM1600BWBW
/////////////////////////
plotTreeName: Tprime2_DeepAK8_Mass
Flavour: E #tag: notV #algo: DeepAK8
Weights: 1 * 1 * 1 * pileupWeight * 1 * lepIdSF * EGammaGsfSF * 1 * (MCWeight_singleLepCalc/abs(MCWeight_singleLepCalc)) * 0.000114437939919
Cuts: (leptonPt_singleLepCalc > 50) && (corr_met_singleLepCalc > 55) && (AK4HT > 480) && (minDR_lepJet > 0.4 || ptRel_lepJet > 40) && (NJetsAK8_JetSubCalc > 2) && (minDR_leadAK8otherAK8 < 3.0) && DataPastTrigger == 1 && isElectron==1
****************************************************************************************************
****************************************************************************************************
DISTRIBUTION: Tp2Mass
            -name in ljmet trees: Tprime2_ALGO_Mass
            -x-axis label is set to: ;M(T) [GeV])
            -using the binning as: [0.0, 60.0, 120.0, 180.0, 240.0, 300.0, 360.0, 420.0, 480.0, 540.0, 600.0, 660.0, 720.0, 780.0, 840.0, 900.0, 960.0, 1020.0, 1080.0, 1140.0, 1200.0, 1260.0, 1320.0, 1380.0, 1440.0, 1500.0, 1560.0, 1620.0, 1680.0, 1740.0, 1800.0, 1860.0, 1920.0, 1980.0, 2040.0, 2100.0, 2160.0, 2220.0, 2280.0, 2340.0, 2400.0, 2460.0, 2520.0, 2580.0, 2640.0, 2700.0, 2760.0, 2820.0, 2880.0, 2940.0, 3000.0]
/////////////////////////
PROCESSING:  TTM1600THTH
/////////////////////////
plotTreeName: Tprime2_DeepAK8_Mass
Flavour: E #tag: notV #algo: DeepAK8
Weights: 1 * 1 * 1 * pileupWeight * 1 * lepIdSF * EGammaGsfSF * 1 * (MCWeight_singleLepCalc/abs(MCWeight_singleLepCalc)) * 2.86094849797e-05
Cuts: (leptonPt_singleLepCalc > 50) && (corr_met_singleLepCalc > 55) && (AK4HT > 480) && (minDR_lepJet > 0.4 || ptRel_lepJet > 40) && (NJetsAK8_JetSubCalc > 2) && (minDR_leadAK8otherAK8 < 3.0) && DataPastTrigger == 1 && isElectron==1
****************************************************************************************************
****************************************************************************************************
DISTRIBUTION: Tp2Mass
            -name in ljmet trees: Tprime2_ALGO_Mass
            -x-axis label is set to: ;M(T) [GeV])
            -using the binning as: [0.0, 60.0, 120.0, 180.0, 240.0, 300.0, 360.0, 420.0, 480.0, 540.0, 600.0, 660.0, 720.0, 780.0, 840.0, 900.0, 960.0, 1020.0, 1080.0, 1140.0, 1200.0, 1260.0, 1320.0, 1380.0, 1440.0, 1500.0, 1560.0, 1620.0, 1680.0, 1740.0, 1800.0, 1860.0, 1920.0, 1980.0, 2040.0, 2100.0, 2160.0, 2220.0, 2280.0, 2340.0, 2400.0, 2460.0, 2520.0, 2580.0, 2640.0, 2700.0, 2760.0, 2820.0, 2880.0, 2940.0, 3000.0]
/////////////////////////
PROCESSING:  TTM1600TZTZ
/////////////////////////
plotTreeName: Tprime2_DeepAK8_Mass
Flavour: E #tag: notV #algo: DeepAK8
Weights: 1 * 1 * 1 * pileupWeight * 1 * lepIdSF * EGammaGsfSF * 1 * (MCWeight_singleLepCalc/abs(MCWeight_singleLepCalc)) * 2.86094849797e-05
Cuts: (leptonPt_singleLepCalc > 50) && (corr_met_singleLepCalc > 55) && (AK4HT > 480) && (minDR_lepJet > 0.4 || ptRel_lepJet > 40) && (NJetsAK8_JetSubCalc > 2) && (minDR_leadAK8otherAK8 < 3.0) && DataPastTrigger == 1 && isElectron==1
****************************************************************************************************
****************************************************************************************************
DISTRIBUTION: Tp2Mass
            -name in ljmet trees: Tprime2_ALGO_Mass
            -x-axis label is set to: ;M(T) [GeV])
            -using the binning as: [0.0, 60.0, 120.0, 180.0, 240.0, 300.0, 360.0, 420.0, 480.0, 540.0, 600.0, 660.0, 720.0, 780.0, 840.0, 900.0, 960.0, 1020.0, 1080.0, 1140.0, 1200.0, 1260.0, 1320.0, 1380.0, 1440.0, 1500.0, 1560.0, 1620.0, 1680.0, 1740.0, 1800.0, 1860.0, 1920.0, 1980.0, 2040.0, 2100.0, 2160.0, 2220.0, 2280.0, 2340.0, 2400.0, 2460.0, 2520.0, 2580.0, 2640.0, 2700.0, 2760.0, 2820.0, 2880.0, 2940.0, 3000.0]
/////////////////////////
PROCESSING:  TTM1600TZBW
/////////////////////////
plotTreeName: Tprime2_DeepAK8_Mass
Flavour: E #tag: notV #algo: DeepAK8
Weights: 1 * 1 * 1 * pileupWeight * 1 * lepIdSF * EGammaGsfSF * 1 * (MCWeight_singleLepCalc/abs(MCWeight_singleLepCalc)) * 5.72189699595e-05
Cuts: (leptonPt_singleLepCalc > 50) && (corr_met_singleLepCalc > 55) && (AK4HT > 480) && (minDR_lepJet > 0.4 || ptRel_lepJet > 40) && (NJetsAK8_JetSubCalc > 2) && (minDR_leadAK8otherAK8 < 3.0) && DataPastTrigger == 1 && isElectron==1
****************************************************************************************************
****************************************************************************************************
DISTRIBUTION: Tp2Mass
            -name in ljmet trees: Tprime2_ALGO_Mass
            -x-axis label is set to: ;M(T) [GeV])
            -using the binning as: [0.0, 60.0, 120.0, 180.0, 240.0, 300.0, 360.0, 420.0, 480.0, 540.0, 600.0, 660.0, 720.0, 780.0, 840.0, 900.0, 960.0, 1020.0, 1080.0, 1140.0, 1200.0, 1260.0, 1320.0, 1380.0, 1440.0, 1500.0, 1560.0, 1620.0, 1680.0, 1740.0, 1800.0, 1860.0, 1920.0, 1980.0, 2040.0, 2100.0, 2160.0, 2220.0, 2280.0, 2340.0, 2400.0, 2460.0, 2520.0, 2580.0, 2640.0, 2700.0, 2760.0, 2820.0, 2880.0, 2940.0, 3000.0]
/////////////////////////
PROCESSING:  TTM1600THBW
/////////////////////////
plotTreeName: Tprime2_DeepAK8_Mass
Flavour: E #tag: notV #algo: DeepAK8
Weights: 1 * 1 * 1 * pileupWeight * 1 * lepIdSF * EGammaGsfSF * 1 * (MCWeight_singleLepCalc/abs(MCWeight_singleLepCalc)) * 5.72189699595e-05
Cuts: (leptonPt_singleLepCalc > 50) && (corr_met_singleLepCalc > 55) && (AK4HT > 480) && (minDR_lepJet > 0.4 || ptRel_lepJet > 40) && (NJetsAK8_JetSubCalc > 2) && (minDR_leadAK8otherAK8 < 3.0) && DataPastTrigger == 1 && isElectron==1
****************************************************************************************************
****************************************************************************************************
DISTRIBUTION: Tp2Mass
            -name in ljmet trees: Tprime2_ALGO_Mass
            -x-axis label is set to: ;M(T) [GeV])
            -using the binning as: [0.0, 60.0, 120.0, 180.0, 240.0, 300.0, 360.0, 420.0, 480.0, 540.0, 600.0, 660.0, 720.0, 780.0, 840.0, 900.0, 960.0, 1020.0, 1080.0, 1140.0, 1200.0, 1260.0, 1320.0, 1380.0, 1440.0, 1500.0, 1560.0, 1620.0, 1680.0, 1740.0, 1800.0, 1860.0, 1920.0, 1980.0, 2040.0, 2100.0, 2160.0, 2220.0, 2280.0, 2340.0, 2400.0, 2460.0, 2520.0, 2580.0, 2640.0, 2700.0, 2760.0, 2820.0, 2880.0, 2940.0, 3000.0]
/////////////////////////
PROCESSING:  TTM1600TZTH
/////////////////////////
plotTreeName: Tprime2_DeepAK8_Mass
Flavour: E #tag: notV #algo: DeepAK8
Weights: 1 * 1 * 1 * pileupWeight * 1 * lepIdSF * EGammaGsfSF * 1 * (MCWeight_singleLepCalc/abs(MCWeight_singleLepCalc)) * 2.86094849797e-05
Cuts: (leptonPt_singleLepCalc > 50) && (corr_met_singleLepCalc > 55) && (AK4HT > 480) && (minDR_lepJet > 0.4 || ptRel_lepJet > 40) && (NJetsAK8_JetSubCalc > 2) && (minDR_leadAK8otherAK8 < 3.0) && DataPastTrigger == 1 && isElectron==1
****************************************************************************************************
****************************************************************************************************
DISTRIBUTION: Tp2Mass
            -name in ljmet trees: Tprime2_ALGO_Mass
            -x-axis label is set to: ;M(T) [GeV])
            -using the binning as: [0.0, 60.0, 120.0, 180.0, 240.0, 300.0, 360.0, 420.0, 480.0, 540.0, 600.0, 660.0, 720.0, 780.0, 840.0, 900.0, 960.0, 1020.0, 1080.0, 1140.0, 1200.0, 1260.0, 1320.0, 1380.0, 1440.0, 1500.0, 1560.0, 1620.0, 1680.0, 1740.0, 1800.0, 1860.0, 1920.0, 1980.0, 2040.0, 2100.0, 2160.0, 2220.0, 2280.0, 2340.0, 2400.0, 2460.0, 2520.0, 2580.0, 2640.0, 2700.0, 2760.0, 2820.0, 2880.0, 2940.0, 3000.0]
/////////////////////////
PROCESSING:  TTM1700BWBW
/////////////////////////
plotTreeName: Tprime2_DeepAK8_Mass
Flavour: E #tag: notV #algo: DeepAK8
Weights: 1 * 1 * 1 * pileupWeight * 1 * lepIdSF * EGammaGsfSF * 1 * (MCWeight_singleLepCalc/abs(MCWeight_singleLepCalc)) * 6.93554282011e-05
Cuts: (leptonPt_singleLepCalc > 50) && (corr_met_singleLepCalc > 55) && (AK4HT > 480) && (minDR_lepJet > 0.4 || ptRel_lepJet > 40) && (NJetsAK8_JetSubCalc > 2) && (minDR_leadAK8otherAK8 < 3.0) && DataPastTrigger == 1 && isElectron==1
****************************************************************************************************
****************************************************************************************************
DISTRIBUTION: Tp2Mass
            -name in ljmet trees: Tprime2_ALGO_Mass
            -x-axis label is set to: ;M(T) [GeV])
            -using the binning as: [0.0, 60.0, 120.0, 180.0, 240.0, 300.0, 360.0, 420.0, 480.0, 540.0, 600.0, 660.0, 720.0, 780.0, 840.0, 900.0, 960.0, 1020.0, 1080.0, 1140.0, 1200.0, 1260.0, 1320.0, 1380.0, 1440.0, 1500.0, 1560.0, 1620.0, 1680.0, 1740.0, 1800.0, 1860.0, 1920.0, 1980.0, 2040.0, 2100.0, 2160.0, 2220.0, 2280.0, 2340.0, 2400.0, 2460.0, 2520.0, 2580.0, 2640.0, 2700.0, 2760.0, 2820.0, 2880.0, 2940.0, 3000.0]
/////////////////////////
PROCESSING:  TTM1700THTH
/////////////////////////
plotTreeName: Tprime2_DeepAK8_Mass
Flavour: E #tag: notV #algo: DeepAK8
Weights: 1 * 1 * 1 * pileupWeight * 1 * lepIdSF * EGammaGsfSF * 1 * (MCWeight_singleLepCalc/abs(MCWeight_singleLepCalc)) * 1.73388570503e-05
Cuts: (leptonPt_singleLepCalc > 50) && (corr_met_singleLepCalc > 55) && (AK4HT > 480) && (minDR_lepJet > 0.4 || ptRel_lepJet > 40) && (NJetsAK8_JetSubCalc > 2) && (minDR_leadAK8otherAK8 < 3.0) && DataPastTrigger == 1 && isElectron==1
****************************************************************************************************
****************************************************************************************************
DISTRIBUTION: Tp2Mass
            -name in ljmet trees: Tprime2_ALGO_Mass
            -x-axis label is set to: ;M(T) [GeV])
            -using the binning as: [0.0, 60.0, 120.0, 180.0, 240.0, 300.0, 360.0, 420.0, 480.0, 540.0, 600.0, 660.0, 720.0, 780.0, 840.0, 900.0, 960.0, 1020.0, 1080.0, 1140.0, 1200.0, 1260.0, 1320.0, 1380.0, 1440.0, 1500.0, 1560.0, 1620.0, 1680.0, 1740.0, 1800.0, 1860.0, 1920.0, 1980.0, 2040.0, 2100.0, 2160.0, 2220.0, 2280.0, 2340.0, 2400.0, 2460.0, 2520.0, 2580.0, 2640.0, 2700.0, 2760.0, 2820.0, 2880.0, 2940.0, 3000.0]
/////////////////////////
PROCESSING:  TTM1700TZTZ
/////////////////////////
plotTreeName: Tprime2_DeepAK8_Mass
Flavour: E #tag: notV #algo: DeepAK8
Weights: 1 * 1 * 1 * pileupWeight * 1 * lepIdSF * EGammaGsfSF * 1 * (MCWeight_singleLepCalc/abs(MCWeight_singleLepCalc)) * 1.73388570503e-05
Cuts: (leptonPt_singleLepCalc > 50) && (corr_met_singleLepCalc > 55) && (AK4HT > 480) && (minDR_lepJet > 0.4 || ptRel_lepJet > 40) && (NJetsAK8_JetSubCalc > 2) && (minDR_leadAK8otherAK8 < 3.0) && DataPastTrigger == 1 && isElectron==1
****************************************************************************************************
****************************************************************************************************
DISTRIBUTION: Tp2Mass
            -name in ljmet trees: Tprime2_ALGO_Mass
            -x-axis label is set to: ;M(T) [GeV])
            -using the binning as: [0.0, 60.0, 120.0, 180.0, 240.0, 300.0, 360.0, 420.0, 480.0, 540.0, 600.0, 660.0, 720.0, 780.0, 840.0, 900.0, 960.0, 1020.0, 1080.0, 1140.0, 1200.0, 1260.0, 1320.0, 1380.0, 1440.0, 1500.0, 1560.0, 1620.0, 1680.0, 1740.0, 1800.0, 1860.0, 1920.0, 1980.0, 2040.0, 2100.0, 2160.0, 2220.0, 2280.0, 2340.0, 2400.0, 2460.0, 2520.0, 2580.0, 2640.0, 2700.0, 2760.0, 2820.0, 2880.0, 2940.0, 3000.0]
/////////////////////////
PROCESSING:  TTM1700TZBW
/////////////////////////
plotTreeName: Tprime2_DeepAK8_Mass
Flavour: E #tag: notV #algo: DeepAK8
Weights: 1 * 1 * 1 * pileupWeight * 1 * lepIdSF * EGammaGsfSF * 1 * (MCWeight_singleLepCalc/abs(MCWeight_singleLepCalc)) * 3.46777141005e-05
Cuts: (leptonPt_singleLepCalc > 50) && (corr_met_singleLepCalc > 55) && (AK4HT > 480) && (minDR_lepJet > 0.4 || ptRel_lepJet > 40) && (NJetsAK8_JetSubCalc > 2) && (minDR_leadAK8otherAK8 < 3.0) && DataPastTrigger == 1 && isElectron==1
****************************************************************************************************
****************************************************************************************************
DISTRIBUTION: Tp2Mass
            -name in ljmet trees: Tprime2_ALGO_Mass
            -x-axis label is set to: ;M(T) [GeV])
            -using the binning as: [0.0, 60.0, 120.0, 180.0, 240.0, 300.0, 360.0, 420.0, 480.0, 540.0, 600.0, 660.0, 720.0, 780.0, 840.0, 900.0, 960.0, 1020.0, 1080.0, 1140.0, 1200.0, 1260.0, 1320.0, 1380.0, 1440.0, 1500.0, 1560.0, 1620.0, 1680.0, 1740.0, 1800.0, 1860.0, 1920.0, 1980.0, 2040.0, 2100.0, 2160.0, 2220.0, 2280.0, 2340.0, 2400.0, 2460.0, 2520.0, 2580.0, 2640.0, 2700.0, 2760.0, 2820.0, 2880.0, 2940.0, 3000.0]
/////////////////////////
PROCESSING:  TTM1700THBW
/////////////////////////
plotTreeName: Tprime2_DeepAK8_Mass
Flavour: E #tag: notV #algo: DeepAK8
Weights: 1 * 1 * 1 * pileupWeight * 1 * lepIdSF * EGammaGsfSF * 1 * (MCWeight_singleLepCalc/abs(MCWeight_singleLepCalc)) * 3.46777141005e-05
Cuts: (leptonPt_singleLepCalc > 50) && (corr_met_singleLepCalc > 55) && (AK4HT > 480) && (minDR_lepJet > 0.4 || ptRel_lepJet > 40) && (NJetsAK8_JetSubCalc > 2) && (minDR_leadAK8otherAK8 < 3.0) && DataPastTrigger == 1 && isElectron==1
****************************************************************************************************
****************************************************************************************************
DISTRIBUTION: Tp2Mass
            -name in ljmet trees: Tprime2_ALGO_Mass
            -x-axis label is set to: ;M(T) [GeV])
            -using the binning as: [0.0, 60.0, 120.0, 180.0, 240.0, 300.0, 360.0, 420.0, 480.0, 540.0, 600.0, 660.0, 720.0, 780.0, 840.0, 900.0, 960.0, 1020.0, 1080.0, 1140.0, 1200.0, 1260.0, 1320.0, 1380.0, 1440.0, 1500.0, 1560.0, 1620.0, 1680.0, 1740.0, 1800.0, 1860.0, 1920.0, 1980.0, 2040.0, 2100.0, 2160.0, 2220.0, 2280.0, 2340.0, 2400.0, 2460.0, 2520.0, 2580.0, 2640.0, 2700.0, 2760.0, 2820.0, 2880.0, 2940.0, 3000.0]
/////////////////////////
PROCESSING:  TTM1700TZTH
/////////////////////////
plotTreeName: Tprime2_DeepAK8_Mass
Flavour: E #tag: notV #algo: DeepAK8
Weights: 1 * 1 * 1 * pileupWeight * 1 * lepIdSF * EGammaGsfSF * 1 * (MCWeight_singleLepCalc/abs(MCWeight_singleLepCalc)) * 1.73388570503e-05
Cuts: (leptonPt_singleLepCalc > 50) && (corr_met_singleLepCalc > 55) && (AK4HT > 480) && (minDR_lepJet > 0.4 || ptRel_lepJet > 40) && (NJetsAK8_JetSubCalc > 2) && (minDR_leadAK8otherAK8 < 3.0) && DataPastTrigger == 1 && isElectron==1
****************************************************************************************************
****************************************************************************************************
DISTRIBUTION: Tp2Mass
            -name in ljmet trees: Tprime2_ALGO_Mass
            -x-axis label is set to: ;M(T) [GeV])
            -using the binning as: [0.0, 60.0, 120.0, 180.0, 240.0, 300.0, 360.0, 420.0, 480.0, 540.0, 600.0, 660.0, 720.0, 780.0, 840.0, 900.0, 960.0, 1020.0, 1080.0, 1140.0, 1200.0, 1260.0, 1320.0, 1380.0, 1440.0, 1500.0, 1560.0, 1620.0, 1680.0, 1740.0, 1800.0, 1860.0, 1920.0, 1980.0, 2040.0, 2100.0, 2160.0, 2220.0, 2280.0, 2340.0, 2400.0, 2460.0, 2520.0, 2580.0, 2640.0, 2700.0, 2760.0, 2820.0, 2880.0, 2940.0, 3000.0]
/////////////////////////
PROCESSING:  TTM1800BWBW
/////////////////////////
plotTreeName: Tprime2_DeepAK8_Mass
Flavour: E #tag: notV #algo: DeepAK8
Weights: 1 * 1 * 1 * pileupWeight * 1 * lepIdSF * EGammaGsfSF * 1 * (MCWeight_singleLepCalc/abs(MCWeight_singleLepCalc)) * 3.89579688164e-05
Cuts: (leptonPt_singleLepCalc > 50) && (corr_met_singleLepCalc > 55) && (AK4HT > 480) && (minDR_lepJet > 0.4 || ptRel_lepJet > 40) && (NJetsAK8_JetSubCalc > 2) && (minDR_leadAK8otherAK8 < 3.0) && DataPastTrigger == 1 && isElectron==1
****************************************************************************************************
****************************************************************************************************
DISTRIBUTION: Tp2Mass
            -name in ljmet trees: Tprime2_ALGO_Mass
            -x-axis label is set to: ;M(T) [GeV])
            -using the binning as: [0.0, 60.0, 120.0, 180.0, 240.0, 300.0, 360.0, 420.0, 480.0, 540.0, 600.0, 660.0, 720.0, 780.0, 840.0, 900.0, 960.0, 1020.0, 1080.0, 1140.0, 1200.0, 1260.0, 1320.0, 1380.0, 1440.0, 1500.0, 1560.0, 1620.0, 1680.0, 1740.0, 1800.0, 1860.0, 1920.0, 1980.0, 2040.0, 2100.0, 2160.0, 2220.0, 2280.0, 2340.0, 2400.0, 2460.0, 2520.0, 2580.0, 2640.0, 2700.0, 2760.0, 2820.0, 2880.0, 2940.0, 3000.0]
/////////////////////////
PROCESSING:  TTM1800THTH
/////////////////////////
plotTreeName: Tprime2_DeepAK8_Mass
Flavour: E #tag: notV #algo: DeepAK8
Weights: 1 * 1 * 1 * pileupWeight * 1 * lepIdSF * EGammaGsfSF * 1 * (MCWeight_singleLepCalc/abs(MCWeight_singleLepCalc)) * 9.7394922041e-06
Cuts: (leptonPt_singleLepCalc > 50) && (corr_met_singleLepCalc > 55) && (AK4HT > 480) && (minDR_lepJet > 0.4 || ptRel_lepJet > 40) && (NJetsAK8_JetSubCalc > 2) && (minDR_leadAK8otherAK8 < 3.0) && DataPastTrigger == 1 && isElectron==1
****************************************************************************************************
****************************************************************************************************
DISTRIBUTION: Tp2Mass
            -name in ljmet trees: Tprime2_ALGO_Mass
            -x-axis label is set to: ;M(T) [GeV])
            -using the binning as: [0.0, 60.0, 120.0, 180.0, 240.0, 300.0, 360.0, 420.0, 480.0, 540.0, 600.0, 660.0, 720.0, 780.0, 840.0, 900.0, 960.0, 1020.0, 1080.0, 1140.0, 1200.0, 1260.0, 1320.0, 1380.0, 1440.0, 1500.0, 1560.0, 1620.0, 1680.0, 1740.0, 1800.0, 1860.0, 1920.0, 1980.0, 2040.0, 2100.0, 2160.0, 2220.0, 2280.0, 2340.0, 2400.0, 2460.0, 2520.0, 2580.0, 2640.0, 2700.0, 2760.0, 2820.0, 2880.0, 2940.0, 3000.0]
/////////////////////////
PROCESSING:  TTM1800TZTZ
/////////////////////////
plotTreeName: Tprime2_DeepAK8_Mass
Flavour: E #tag: notV #algo: DeepAK8
Weights: 1 * 1 * 1 * pileupWeight * 1 * lepIdSF * EGammaGsfSF * 1 * (MCWeight_singleLepCalc/abs(MCWeight_singleLepCalc)) * 9.7394922041e-06
Cuts: (leptonPt_singleLepCalc > 50) && (corr_met_singleLepCalc > 55) && (AK4HT > 480) && (minDR_lepJet > 0.4 || ptRel_lepJet > 40) && (NJetsAK8_JetSubCalc > 2) && (minDR_leadAK8otherAK8 < 3.0) && DataPastTrigger == 1 && isElectron==1
****************************************************************************************************
****************************************************************************************************
DISTRIBUTION: Tp2Mass
            -name in ljmet trees: Tprime2_ALGO_Mass
            -x-axis label is set to: ;M(T) [GeV])
            -using the binning as: [0.0, 60.0, 120.0, 180.0, 240.0, 300.0, 360.0, 420.0, 480.0, 540.0, 600.0, 660.0, 720.0, 780.0, 840.0, 900.0, 960.0, 1020.0, 1080.0, 1140.0, 1200.0, 1260.0, 1320.0, 1380.0, 1440.0, 1500.0, 1560.0, 1620.0, 1680.0, 1740.0, 1800.0, 1860.0, 1920.0, 1980.0, 2040.0, 2100.0, 2160.0, 2220.0, 2280.0, 2340.0, 2400.0, 2460.0, 2520.0, 2580.0, 2640.0, 2700.0, 2760.0, 2820.0, 2880.0, 2940.0, 3000.0]
/////////////////////////
PROCESSING:  TTM1800TZBW
/////////////////////////
plotTreeName: Tprime2_DeepAK8_Mass
Flavour: E #tag: notV #algo: DeepAK8
Weights: 1 * 1 * 1 * pileupWeight * 1 * lepIdSF * EGammaGsfSF * 1 * (MCWeight_singleLepCalc/abs(MCWeight_singleLepCalc)) * 1.94789844082e-05
Cuts: (leptonPt_singleLepCalc > 50) && (corr_met_singleLepCalc > 55) && (AK4HT > 480) && (minDR_lepJet > 0.4 || ptRel_lepJet > 40) && (NJetsAK8_JetSubCalc > 2) && (minDR_leadAK8otherAK8 < 3.0) && DataPastTrigger == 1 && isElectron==1
****************************************************************************************************
****************************************************************************************************
DISTRIBUTION: Tp2Mass
            -name in ljmet trees: Tprime2_ALGO_Mass
            -x-axis label is set to: ;M(T) [GeV])
            -using the binning as: [0.0, 60.0, 120.0, 180.0, 240.0, 300.0, 360.0, 420.0, 480.0, 540.0, 600.0, 660.0, 720.0, 780.0, 840.0, 900.0, 960.0, 1020.0, 1080.0, 1140.0, 1200.0, 1260.0, 1320.0, 1380.0, 1440.0, 1500.0, 1560.0, 1620.0, 1680.0, 1740.0, 1800.0, 1860.0, 1920.0, 1980.0, 2040.0, 2100.0, 2160.0, 2220.0, 2280.0, 2340.0, 2400.0, 2460.0, 2520.0, 2580.0, 2640.0, 2700.0, 2760.0, 2820.0, 2880.0, 2940.0, 3000.0]
/////////////////////////
PROCESSING:  TTM1800THBW
/////////////////////////
plotTreeName: Tprime2_DeepAK8_Mass
Flavour: E #tag: notV #algo: DeepAK8
Weights: 1 * 1 * 1 * pileupWeight * 1 * lepIdSF * EGammaGsfSF * 1 * (MCWeight_singleLepCalc/abs(MCWeight_singleLepCalc)) * 1.94789844082e-05
Cuts: (leptonPt_singleLepCalc > 50) && (corr_met_singleLepCalc > 55) && (AK4HT > 480) && (minDR_lepJet > 0.4 || ptRel_lepJet > 40) && (NJetsAK8_JetSubCalc > 2) && (minDR_leadAK8otherAK8 < 3.0) && DataPastTrigger == 1 && isElectron==1
****************************************************************************************************
****************************************************************************************************
DISTRIBUTION: Tp2Mass
            -name in ljmet trees: Tprime2_ALGO_Mass
            -x-axis label is set to: ;M(T) [GeV])
            -using the binning as: [0.0, 60.0, 120.0, 180.0, 240.0, 300.0, 360.0, 420.0, 480.0, 540.0, 600.0, 660.0, 720.0, 780.0, 840.0, 900.0, 960.0, 1020.0, 1080.0, 1140.0, 1200.0, 1260.0, 1320.0, 1380.0, 1440.0, 1500.0, 1560.0, 1620.0, 1680.0, 1740.0, 1800.0, 1860.0, 1920.0, 1980.0, 2040.0, 2100.0, 2160.0, 2220.0, 2280.0, 2340.0, 2400.0, 2460.0, 2520.0, 2580.0, 2640.0, 2700.0, 2760.0, 2820.0, 2880.0, 2940.0, 3000.0]
/////////////////////////
PROCESSING:  TTM1800TZTH
/////////////////////////
plotTreeName: Tprime2_DeepAK8_Mass
Flavour: E #tag: notV #algo: DeepAK8
Weights: 1 * 1 * 1 * pileupWeight * 1 * lepIdSF * EGammaGsfSF * 1 * (MCWeight_singleLepCalc/abs(MCWeight_singleLepCalc)) * 9.7394922041e-06
Cuts: (leptonPt_singleLepCalc > 50) && (corr_met_singleLepCalc > 55) && (AK4HT > 480) && (minDR_lepJet > 0.4 || ptRel_lepJet > 40) && (NJetsAK8_JetSubCalc > 2) && (minDR_leadAK8otherAK8 < 3.0) && DataPastTrigger == 1 && isElectron==1
****************************************************************************************************
****************************************************************************************************
DISTRIBUTION: Tp2Mass
            -name in ljmet trees: Tprime2_ALGO_Mass
            -x-axis label is set to: ;M(T) [GeV])
            -using the binning as: [0.0, 60.0, 120.0, 180.0, 240.0, 300.0, 360.0, 420.0, 480.0, 540.0, 600.0, 660.0, 720.0, 780.0, 840.0, 900.0, 960.0, 1020.0, 1080.0, 1140.0, 1200.0, 1260.0, 1320.0, 1380.0, 1440.0, 1500.0, 1560.0, 1620.0, 1680.0, 1740.0, 1800.0, 1860.0, 1920.0, 1980.0, 2040.0, 2100.0, 2160.0, 2220.0, 2280.0, 2340.0, 2400.0, 2460.0, 2520.0, 2580.0, 2640.0, 2700.0, 2760.0, 2820.0, 2880.0, 2940.0, 3000.0]
/////////////////////////
PROCESSING:  WJetsMG400
/////////////////////////
plotTreeName: Tprime2_DeepAK8_decorr_Mass
Flavour: E #tag: notV #algo: DeepAK8_decorr
Weights: 1 * HTSF_Pol * 1 * pileupWeight * 1 * lepIdSF * EGammaGsfSF * 1 * (MCWeight_singleLepCalc/abs(MCWeight_singleLepCalc)) * 0.280770227538
Cuts: (leptonPt_singleLepCalc > 50) && (corr_met_singleLepCalc > 55) && (AK4HT > 480) && (minDR_lepJet > 0.4 || ptRel_lepJet > 40) && (NJetsAK8_JetSubCalc > 2) && (minDR_leadAK8otherAK8 < 3.0) && DataPastTrigger == 1 && isElectron==1
****************************************************************************************************
****************************************************************************************************
DISTRIBUTION: Tp2Mass
            -name in ljmet trees: Tprime2_ALGO_Mass
            -x-axis label is set to: ;M(T) [GeV])
            -using the binning as: [0.0, 60.0, 120.0, 180.0, 240.0, 300.0, 360.0, 420.0, 480.0, 540.0, 600.0, 660.0, 720.0, 780.0, 840.0, 900.0, 960.0, 1020.0, 1080.0, 1140.0, 1200.0, 1260.0, 1320.0, 1380.0, 1440.0, 1500.0, 1560.0, 1620.0, 1680.0, 1740.0, 1800.0, 1860.0, 1920.0, 1980.0, 2040.0, 2100.0, 2160.0, 2220.0, 2280.0, 2340.0, 2400.0, 2460.0, 2520.0, 2580.0, 2640.0, 2700.0, 2760.0, 2820.0, 2880.0, 2940.0, 3000.0]
/////////////////////////
PROCESSING:  WJetsMG600
/////////////////////////
plotTreeName: Tprime2_DeepAK8_decorr_Mass
Flavour: E #tag: notV #algo: DeepAK8_decorr
Weights: 1 * HTSF_Pol * 1 * pileupWeight * 1 * lepIdSF * EGammaGsfSF * 1 * (MCWeight_singleLepCalc/abs(MCWeight_singleLepCalc)) * 0.0287233231554
Cuts: (leptonPt_singleLepCalc > 50) && (corr_met_singleLepCalc > 55) && (AK4HT > 480) && (minDR_lepJet > 0.4 || ptRel_lepJet > 40) && (NJetsAK8_JetSubCalc > 2) && (minDR_leadAK8otherAK8 < 3.0) && DataPastTrigger == 1 && isElectron==1
****************************************************************************************************
****************************************************************************************************
DISTRIBUTION: Tp2Mass
            -name in ljmet trees: Tprime2_ALGO_Mass
            -x-axis label is set to: ;M(T) [GeV])
            -using the binning as: [0.0, 60.0, 120.0, 180.0, 240.0, 300.0, 360.0, 420.0, 480.0, 540.0, 600.0, 660.0, 720.0, 780.0, 840.0, 900.0, 960.0, 1020.0, 1080.0, 1140.0, 1200.0, 1260.0, 1320.0, 1380.0, 1440.0, 1500.0, 1560.0, 1620.0, 1680.0, 1740.0, 1800.0, 1860.0, 1920.0, 1980.0, 2040.0, 2100.0, 2160.0, 2220.0, 2280.0, 2340.0, 2400.0, 2460.0, 2520.0, 2580.0, 2640.0, 2700.0, 2760.0, 2820.0, 2880.0, 2940.0, 3000.0]
/////////////////////////
PROCESSING:  WJetsMG800
/////////////////////////
plotTreeName: Tprime2_DeepAK8_decorr_Mass
Flavour: E #tag: notV #algo: DeepAK8_decorr
Weights: 1 * HTSF_Pol * 1 * pileupWeight * 1 * lepIdSF * EGammaGsfSF * 1 * (MCWeight_singleLepCalc/abs(MCWeight_singleLepCalc)) * 0.0316367902594
Cuts: (leptonPt_singleLepCalc > 50) && (corr_met_singleLepCalc > 55) && (AK4HT > 480) && (minDR_lepJet > 0.4 || ptRel_lepJet > 40) && (NJetsAK8_JetSubCalc > 2) && (minDR_leadAK8otherAK8 < 3.0) && DataPastTrigger == 1 && isElectron==1
****************************************************************************************************
****************************************************************************************************
DISTRIBUTION: Tp2Mass
            -name in ljmet trees: Tprime2_ALGO_Mass
            -x-axis label is set to: ;M(T) [GeV])
            -using the binning as: [0.0, 60.0, 120.0, 180.0, 240.0, 300.0, 360.0, 420.0, 480.0, 540.0, 600.0, 660.0, 720.0, 780.0, 840.0, 900.0, 960.0, 1020.0, 1080.0, 1140.0, 1200.0, 1260.0, 1320.0, 1380.0, 1440.0, 1500.0, 1560.0, 1620.0, 1680.0, 1740.0, 1800.0, 1860.0, 1920.0, 1980.0, 2040.0, 2100.0, 2160.0, 2220.0, 2280.0, 2340.0, 2400.0, 2460.0, 2520.0, 2580.0, 2640.0, 2700.0, 2760.0, 2820.0, 2880.0, 2940.0, 3000.0]
/////////////////////////
PROCESSING:  WJetsMG1200
/////////////////////////
plotTreeName: Tprime2_DeepAK8_decorr_Mass
Flavour: E #tag: notV #algo: DeepAK8_decorr
Weights: 1 * HTSF_Pol * 1 * pileupWeight * 1 * lepIdSF * EGammaGsfSF * 1 * (MCWeight_singleLepCalc/abs(MCWeight_singleLepCalc)) * 0.00861414819858
Cuts: (leptonPt_singleLepCalc > 50) && (corr_met_singleLepCalc > 55) && (AK4HT > 480) && (minDR_lepJet > 0.4 || ptRel_lepJet > 40) && (NJetsAK8_JetSubCalc > 2) && (minDR_leadAK8otherAK8 < 3.0) && DataPastTrigger == 1 && isElectron==1
****************************************************************************************************
****************************************************************************************************
DISTRIBUTION: Tp2Mass
            -name in ljmet trees: Tprime2_ALGO_Mass
            -x-axis label is set to: ;M(T) [GeV])
            -using the binning as: [0.0, 60.0, 120.0, 180.0, 240.0, 300.0, 360.0, 420.0, 480.0, 540.0, 600.0, 660.0, 720.0, 780.0, 840.0, 900.0, 960.0, 1020.0, 1080.0, 1140.0, 1200.0, 1260.0, 1320.0, 1380.0, 1440.0, 1500.0, 1560.0, 1620.0, 1680.0, 1740.0, 1800.0, 1860.0, 1920.0, 1980.0, 2040.0, 2100.0, 2160.0, 2220.0, 2280.0, 2340.0, 2400.0, 2460.0, 2520.0, 2580.0, 2640.0, 2700.0, 2760.0, 2820.0, 2880.0, 2940.0, 3000.0]
/////////////////////////
PROCESSING:  WJetsMG2500
/////////////////////////
plotTreeName: Tprime2_DeepAK8_decorr_Mass
Flavour: E #tag: notV #algo: DeepAK8_decorr
Weights: 1 * HTSF_Pol * 1 * pileupWeight * 1 * lepIdSF * EGammaGsfSF * 1 * (MCWeight_singleLepCalc/abs(MCWeight_singleLepCalc)) * 0.00054308661217
Cuts: (leptonPt_singleLepCalc > 50) && (corr_met_singleLepCalc > 55) && (AK4HT > 480) && (minDR_lepJet > 0.4 || ptRel_lepJet > 40) && (NJetsAK8_JetSubCalc > 2) && (minDR_leadAK8otherAK8 < 3.0) && DataPastTrigger == 1 && isElectron==1
****************************************************************************************************
****************************************************************************************************
DISTRIBUTION: Tp2Mass
            -name in ljmet trees: Tprime2_ALGO_Mass
            -x-axis label is set to: ;M(T) [GeV])
            -using the binning as: [0.0, 60.0, 120.0, 180.0, 240.0, 300.0, 360.0, 420.0, 480.0, 540.0, 600.0, 660.0, 720.0, 780.0, 840.0, 900.0, 960.0, 1020.0, 1080.0, 1140.0, 1200.0, 1260.0, 1320.0, 1380.0, 1440.0, 1500.0, 1560.0, 1620.0, 1680.0, 1740.0, 1800.0, 1860.0, 1920.0, 1980.0, 2040.0, 2100.0, 2160.0, 2220.0, 2280.0, 2340.0, 2400.0, 2460.0, 2520.0, 2580.0, 2640.0, 2700.0, 2760.0, 2820.0, 2880.0, 2940.0, 3000.0]
/////////////////////////
PROCESSING:  TTM1100BWBW
/////////////////////////
plotTreeName: Tprime2_DeepAK8_decorr_Mass
Flavour: E #tag: notV #algo: DeepAK8_decorr
Weights: 1 * 1 * 1 * pileupWeight * 1 * lepIdSF * EGammaGsfSF * 1 * (MCWeight_singleLepCalc/abs(MCWeight_singleLepCalc)) * 0.00223239916536
Cuts: (leptonPt_singleLepCalc > 50) && (corr_met_singleLepCalc > 55) && (AK4HT > 480) && (minDR_lepJet > 0.4 || ptRel_lepJet > 40) && (NJetsAK8_JetSubCalc > 2) && (minDR_leadAK8otherAK8 < 3.0) && DataPastTrigger == 1 && isElectron==1
****************************************************************************************************
****************************************************************************************************
DISTRIBUTION: Tp2Mass
            -name in ljmet trees: Tprime2_ALGO_Mass
            -x-axis label is set to: ;M(T) [GeV])
            -using the binning as: [0.0, 60.0, 120.0, 180.0, 240.0, 300.0, 360.0, 420.0, 480.0, 540.0, 600.0, 660.0, 720.0, 780.0, 840.0, 900.0, 960.0, 1020.0, 1080.0, 1140.0, 1200.0, 1260.0, 1320.0, 1380.0, 1440.0, 1500.0, 1560.0, 1620.0, 1680.0, 1740.0, 1800.0, 1860.0, 1920.0, 1980.0, 2040.0, 2100.0, 2160.0, 2220.0, 2280.0, 2340.0, 2400.0, 2460.0, 2520.0, 2580.0, 2640.0, 2700.0, 2760.0, 2820.0, 2880.0, 2940.0, 3000.0]
/////////////////////////
PROCESSING:  TTM1100THTH
/////////////////////////
plotTreeName: Tprime2_DeepAK8_decorr_Mass
Flavour: E #tag: notV #algo: DeepAK8_decorr
Weights: 1 * 1 * 1 * pileupWeight * 1 * lepIdSF * EGammaGsfSF * 1 * (MCWeight_singleLepCalc/abs(MCWeight_singleLepCalc)) * 0.000558099791339
Cuts: (leptonPt_singleLepCalc > 50) && (corr_met_singleLepCalc > 55) && (AK4HT > 480) && (minDR_lepJet > 0.4 || ptRel_lepJet > 40) && (NJetsAK8_JetSubCalc > 2) && (minDR_leadAK8otherAK8 < 3.0) && DataPastTrigger == 1 && isElectron==1
****************************************************************************************************
****************************************************************************************************
DISTRIBUTION: Tp2Mass
            -name in ljmet trees: Tprime2_ALGO_Mass
            -x-axis label is set to: ;M(T) [GeV])
            -using the binning as: [0.0, 60.0, 120.0, 180.0, 240.0, 300.0, 360.0, 420.0, 480.0, 540.0, 600.0, 660.0, 720.0, 780.0, 840.0, 900.0, 960.0, 1020.0, 1080.0, 1140.0, 1200.0, 1260.0, 1320.0, 1380.0, 1440.0, 1500.0, 1560.0, 1620.0, 1680.0, 1740.0, 1800.0, 1860.0, 1920.0, 1980.0, 2040.0, 2100.0, 2160.0, 2220.0, 2280.0, 2340.0, 2400.0, 2460.0, 2520.0, 2580.0, 2640.0, 2700.0, 2760.0, 2820.0, 2880.0, 2940.0, 3000.0]
/////////////////////////
PROCESSING:  TTM1100TZTZ
/////////////////////////
plotTreeName: Tprime2_DeepAK8_decorr_Mass
Flavour: E #tag: notV #algo: DeepAK8_decorr
Weights: 1 * 1 * 1 * pileupWeight * 1 * lepIdSF * EGammaGsfSF * 1 * (MCWeight_singleLepCalc/abs(MCWeight_singleLepCalc)) * 0.000558099791339
Cuts: (leptonPt_singleLepCalc > 50) && (corr_met_singleLepCalc > 55) && (AK4HT > 480) && (minDR_lepJet > 0.4 || ptRel_lepJet > 40) && (NJetsAK8_JetSubCalc > 2) && (minDR_leadAK8otherAK8 < 3.0) && DataPastTrigger == 1 && isElectron==1
****************************************************************************************************
****************************************************************************************************
DISTRIBUTION: Tp2Mass
            -name in ljmet trees: Tprime2_ALGO_Mass
            -x-axis label is set to: ;M(T) [GeV])
            -using the binning as: [0.0, 60.0, 120.0, 180.0, 240.0, 300.0, 360.0, 420.0, 480.0, 540.0, 600.0, 660.0, 720.0, 780.0, 840.0, 900.0, 960.0, 1020.0, 1080.0, 1140.0, 1200.0, 1260.0, 1320.0, 1380.0, 1440.0, 1500.0, 1560.0, 1620.0, 1680.0, 1740.0, 1800.0, 1860.0, 1920.0, 1980.0, 2040.0, 2100.0, 2160.0, 2220.0, 2280.0, 2340.0, 2400.0, 2460.0, 2520.0, 2580.0, 2640.0, 2700.0, 2760.0, 2820.0, 2880.0, 2940.0, 3000.0]
/////////////////////////
PROCESSING:  TTM1100TZBW
/////////////////////////
plotTreeName: Tprime2_DeepAK8_decorr_Mass
Flavour: E #tag: notV #algo: DeepAK8_decorr
Weights: 1 * 1 * 1 * pileupWeight * 1 * lepIdSF * EGammaGsfSF * 1 * (MCWeight_singleLepCalc/abs(MCWeight_singleLepCalc)) * 0.00111619958268
Cuts: (leptonPt_singleLepCalc > 50) && (corr_met_singleLepCalc > 55) && (AK4HT > 480) && (minDR_lepJet > 0.4 || ptRel_lepJet > 40) && (NJetsAK8_JetSubCalc > 2) && (minDR_leadAK8otherAK8 < 3.0) && DataPastTrigger == 1 && isElectron==1
****************************************************************************************************
****************************************************************************************************
DISTRIBUTION: Tp2Mass
            -name in ljmet trees: Tprime2_ALGO_Mass
            -x-axis label is set to: ;M(T) [GeV])
            -using the binning as: [0.0, 60.0, 120.0, 180.0, 240.0, 300.0, 360.0, 420.0, 480.0, 540.0, 600.0, 660.0, 720.0, 780.0, 840.0, 900.0, 960.0, 1020.0, 1080.0, 1140.0, 1200.0, 1260.0, 1320.0, 1380.0, 1440.0, 1500.0, 1560.0, 1620.0, 1680.0, 1740.0, 1800.0, 1860.0, 1920.0, 1980.0, 2040.0, 2100.0, 2160.0, 2220.0, 2280.0, 2340.0, 2400.0, 2460.0, 2520.0, 2580.0, 2640.0, 2700.0, 2760.0, 2820.0, 2880.0, 2940.0, 3000.0]
/////////////////////////
PROCESSING:  TTM1100THBW
/////////////////////////
plotTreeName: Tprime2_DeepAK8_decorr_Mass
Flavour: E #tag: notV #algo: DeepAK8_decorr
Weights: 1 * 1 * 1 * pileupWeight * 1 * lepIdSF * EGammaGsfSF * 1 * (MCWeight_singleLepCalc/abs(MCWeight_singleLepCalc)) * 0.00111619958268
Cuts: (leptonPt_singleLepCalc > 50) && (corr_met_singleLepCalc > 55) && (AK4HT > 480) && (minDR_lepJet > 0.4 || ptRel_lepJet > 40) && (NJetsAK8_JetSubCalc > 2) && (minDR_leadAK8otherAK8 < 3.0) && DataPastTrigger == 1 && isElectron==1
****************************************************************************************************
****************************************************************************************************
DISTRIBUTION: Tp2Mass
            -name in ljmet trees: Tprime2_ALGO_Mass
            -x-axis label is set to: ;M(T) [GeV])
            -using the binning as: [0.0, 60.0, 120.0, 180.0, 240.0, 300.0, 360.0, 420.0, 480.0, 540.0, 600.0, 660.0, 720.0, 780.0, 840.0, 900.0, 960.0, 1020.0, 1080.0, 1140.0, 1200.0, 1260.0, 1320.0, 1380.0, 1440.0, 1500.0, 1560.0, 1620.0, 1680.0, 1740.0, 1800.0, 1860.0, 1920.0, 1980.0, 2040.0, 2100.0, 2160.0, 2220.0, 2280.0, 2340.0, 2400.0, 2460.0, 2520.0, 2580.0, 2640.0, 2700.0, 2760.0, 2820.0, 2880.0, 2940.0, 3000.0]
/////////////////////////
PROCESSING:  TTM1100TZTH
/////////////////////////
plotTreeName: Tprime2_DeepAK8_decorr_Mass
Flavour: E #tag: notV #algo: DeepAK8_decorr
Weights: 1 * 1 * 1 * pileupWeight * 1 * lepIdSF * EGammaGsfSF * 1 * (MCWeight_singleLepCalc/abs(MCWeight_singleLepCalc)) * 0.000558099791339
Cuts: (leptonPt_singleLepCalc > 50) && (corr_met_singleLepCalc > 55) && (AK4HT > 480) && (minDR_lepJet > 0.4 || ptRel_lepJet > 40) && (NJetsAK8_JetSubCalc > 2) && (minDR_leadAK8otherAK8 < 3.0) && DataPastTrigger == 1 && isElectron==1
****************************************************************************************************
****************************************************************************************************
DISTRIBUTION: Tp2Mass
            -name in ljmet trees: Tprime2_ALGO_Mass
            -x-axis label is set to: ;M(T) [GeV])
            -using the binning as: [0.0, 60.0, 120.0, 180.0, 240.0, 300.0, 360.0, 420.0, 480.0, 540.0, 600.0, 660.0, 720.0, 780.0, 840.0, 900.0, 960.0, 1020.0, 1080.0, 1140.0, 1200.0, 1260.0, 1320.0, 1380.0, 1440.0, 1500.0, 1560.0, 1620.0, 1680.0, 1740.0, 1800.0, 1860.0, 1920.0, 1980.0, 2040.0, 2100.0, 2160.0, 2220.0, 2280.0, 2340.0, 2400.0, 2460.0, 2520.0, 2580.0, 2640.0, 2700.0, 2760.0, 2820.0, 2880.0, 2940.0, 3000.0]
/////////////////////////
PROCESSING:  TTM1200BWBW
/////////////////////////
plotTreeName: Tprime2_DeepAK8_decorr_Mass
Flavour: E #tag: notV #algo: DeepAK8_decorr
Weights: 1 * 1 * 1 * pileupWeight * 1 * lepIdSF * EGammaGsfSF * 1 * (MCWeight_singleLepCalc/abs(MCWeight_singleLepCalc)) * 0.00117627847652
Cuts: (leptonPt_singleLepCalc > 50) && (corr_met_singleLepCalc > 55) && (AK4HT > 480) && (minDR_lepJet > 0.4 || ptRel_lepJet > 40) && (NJetsAK8_JetSubCalc > 2) && (minDR_leadAK8otherAK8 < 3.0) && DataPastTrigger == 1 && isElectron==1
****************************************************************************************************
****************************************************************************************************
DISTRIBUTION: Tp2Mass
            -name in ljmet trees: Tprime2_ALGO_Mass
            -x-axis label is set to: ;M(T) [GeV])
            -using the binning as: [0.0, 60.0, 120.0, 180.0, 240.0, 300.0, 360.0, 420.0, 480.0, 540.0, 600.0, 660.0, 720.0, 780.0, 840.0, 900.0, 960.0, 1020.0, 1080.0, 1140.0, 1200.0, 1260.0, 1320.0, 1380.0, 1440.0, 1500.0, 1560.0, 1620.0, 1680.0, 1740.0, 1800.0, 1860.0, 1920.0, 1980.0, 2040.0, 2100.0, 2160.0, 2220.0, 2280.0, 2340.0, 2400.0, 2460.0, 2520.0, 2580.0, 2640.0, 2700.0, 2760.0, 2820.0, 2880.0, 2940.0, 3000.0]
/////////////////////////
PROCESSING:  TTM1200THTH
/////////////////////////
plotTreeName: Tprime2_DeepAK8_decorr_Mass
Flavour: E #tag: notV #algo: DeepAK8_decorr
Weights: 1 * 1 * 1 * pileupWeight * 1 * lepIdSF * EGammaGsfSF * 1 * (MCWeight_singleLepCalc/abs(MCWeight_singleLepCalc)) * 0.00029406961913
Cuts: (leptonPt_singleLepCalc > 50) && (corr_met_singleLepCalc > 55) && (AK4HT > 480) && (minDR_lepJet > 0.4 || ptRel_lepJet > 40) && (NJetsAK8_JetSubCalc > 2) && (minDR_leadAK8otherAK8 < 3.0) && DataPastTrigger == 1 && isElectron==1
****************************************************************************************************
****************************************************************************************************
DISTRIBUTION: Tp2Mass
            -name in ljmet trees: Tprime2_ALGO_Mass
            -x-axis label is set to: ;M(T) [GeV])
            -using the binning as: [0.0, 60.0, 120.0, 180.0, 240.0, 300.0, 360.0, 420.0, 480.0, 540.0, 600.0, 660.0, 720.0, 780.0, 840.0, 900.0, 960.0, 1020.0, 1080.0, 1140.0, 1200.0, 1260.0, 1320.0, 1380.0, 1440.0, 1500.0, 1560.0, 1620.0, 1680.0, 1740.0, 1800.0, 1860.0, 1920.0, 1980.0, 2040.0, 2100.0, 2160.0, 2220.0, 2280.0, 2340.0, 2400.0, 2460.0, 2520.0, 2580.0, 2640.0, 2700.0, 2760.0, 2820.0, 2880.0, 2940.0, 3000.0]
/////////////////////////
PROCESSING:  TTM1200TZTZ
/////////////////////////
plotTreeName: Tprime2_DeepAK8_decorr_Mass
Flavour: E #tag: notV #algo: DeepAK8_decorr
Weights: 1 * 1 * 1 * pileupWeight * 1 * lepIdSF * EGammaGsfSF * 1 * (MCWeight_singleLepCalc/abs(MCWeight_singleLepCalc)) * 0.00029406961913
Cuts: (leptonPt_singleLepCalc > 50) && (corr_met_singleLepCalc > 55) && (AK4HT > 480) && (minDR_lepJet > 0.4 || ptRel_lepJet > 40) && (NJetsAK8_JetSubCalc > 2) && (minDR_leadAK8otherAK8 < 3.0) && DataPastTrigger == 1 && isElectron==1
****************************************************************************************************
****************************************************************************************************
DISTRIBUTION: Tp2Mass
            -name in ljmet trees: Tprime2_ALGO_Mass
            -x-axis label is set to: ;M(T) [GeV])
            -using the binning as: [0.0, 60.0, 120.0, 180.0, 240.0, 300.0, 360.0, 420.0, 480.0, 540.0, 600.0, 660.0, 720.0, 780.0, 840.0, 900.0, 960.0, 1020.0, 1080.0, 1140.0, 1200.0, 1260.0, 1320.0, 1380.0, 1440.0, 1500.0, 1560.0, 1620.0, 1680.0, 1740.0, 1800.0, 1860.0, 1920.0, 1980.0, 2040.0, 2100.0, 2160.0, 2220.0, 2280.0, 2340.0, 2400.0, 2460.0, 2520.0, 2580.0, 2640.0, 2700.0, 2760.0, 2820.0, 2880.0, 2940.0, 3000.0]
/////////////////////////
PROCESSING:  TTM1200TZBW
/////////////////////////
plotTreeName: Tprime2_DeepAK8_decorr_Mass
Flavour: E #tag: notV #algo: DeepAK8_decorr
Weights: 1 * 1 * 1 * pileupWeight * 1 * lepIdSF * EGammaGsfSF * 1 * (MCWeight_singleLepCalc/abs(MCWeight_singleLepCalc)) * 0.000588139238259
Cuts: (leptonPt_singleLepCalc > 50) && (corr_met_singleLepCalc > 55) && (AK4HT > 480) && (minDR_lepJet > 0.4 || ptRel_lepJet > 40) && (NJetsAK8_JetSubCalc > 2) && (minDR_leadAK8otherAK8 < 3.0) && DataPastTrigger == 1 && isElectron==1
****************************************************************************************************
****************************************************************************************************
DISTRIBUTION: Tp2Mass
            -name in ljmet trees: Tprime2_ALGO_Mass
            -x-axis label is set to: ;M(T) [GeV])
            -using the binning as: [0.0, 60.0, 120.0, 180.0, 240.0, 300.0, 360.0, 420.0, 480.0, 540.0, 600.0, 660.0, 720.0, 780.0, 840.0, 900.0, 960.0, 1020.0, 1080.0, 1140.0, 1200.0, 1260.0, 1320.0, 1380.0, 1440.0, 1500.0, 1560.0, 1620.0, 1680.0, 1740.0, 1800.0, 1860.0, 1920.0, 1980.0, 2040.0, 2100.0, 2160.0, 2220.0, 2280.0, 2340.0, 2400.0, 2460.0, 2520.0, 2580.0, 2640.0, 2700.0, 2760.0, 2820.0, 2880.0, 2940.0, 3000.0]
/////////////////////////
PROCESSING:  TTM1200THBW
/////////////////////////
plotTreeName: Tprime2_DeepAK8_decorr_Mass
Flavour: E #tag: notV #algo: DeepAK8_decorr
Weights: 1 * 1 * 1 * pileupWeight * 1 * lepIdSF * EGammaGsfSF * 1 * (MCWeight_singleLepCalc/abs(MCWeight_singleLepCalc)) * 0.000588139238259
Cuts: (leptonPt_singleLepCalc > 50) && (corr_met_singleLepCalc > 55) && (AK4HT > 480) && (minDR_lepJet > 0.4 || ptRel_lepJet > 40) && (NJetsAK8_JetSubCalc > 2) && (minDR_leadAK8otherAK8 < 3.0) && DataPastTrigger == 1 && isElectron==1
****************************************************************************************************
****************************************************************************************************
DISTRIBUTION: Tp2Mass
            -name in ljmet trees: Tprime2_ALGO_Mass
            -x-axis label is set to: ;M(T) [GeV])
            -using the binning as: [0.0, 60.0, 120.0, 180.0, 240.0, 300.0, 360.0, 420.0, 480.0, 540.0, 600.0, 660.0, 720.0, 780.0, 840.0, 900.0, 960.0, 1020.0, 1080.0, 1140.0, 1200.0, 1260.0, 1320.0, 1380.0, 1440.0, 1500.0, 1560.0, 1620.0, 1680.0, 1740.0, 1800.0, 1860.0, 1920.0, 1980.0, 2040.0, 2100.0, 2160.0, 2220.0, 2280.0, 2340.0, 2400.0, 2460.0, 2520.0, 2580.0, 2640.0, 2700.0, 2760.0, 2820.0, 2880.0, 2940.0, 3000.0]
/////////////////////////
PROCESSING:  TTM1200TZTH
/////////////////////////
plotTreeName: Tprime2_DeepAK8_decorr_Mass
Flavour: E #tag: notV #algo: DeepAK8_decorr
Weights: 1 * 1 * 1 * pileupWeight * 1 * lepIdSF * EGammaGsfSF * 1 * (MCWeight_singleLepCalc/abs(MCWeight_singleLepCalc)) * 0.00029406961913
Cuts: (leptonPt_singleLepCalc > 50) && (corr_met_singleLepCalc > 55) && (AK4HT > 480) && (minDR_lepJet > 0.4 || ptRel_lepJet > 40) && (NJetsAK8_JetSubCalc > 2) && (minDR_leadAK8otherAK8 < 3.0) && DataPastTrigger == 1 && isElectron==1
****************************************************************************************************
****************************************************************************************************
DISTRIBUTION: Tp2Mass
            -name in ljmet trees: Tprime2_ALGO_Mass
            -x-axis label is set to: ;M(T) [GeV])
            -using the binning as: [0.0, 60.0, 120.0, 180.0, 240.0, 300.0, 360.0, 420.0, 480.0, 540.0, 600.0, 660.0, 720.0, 780.0, 840.0, 900.0, 960.0, 1020.0, 1080.0, 1140.0, 1200.0, 1260.0, 1320.0, 1380.0, 1440.0, 1500.0, 1560.0, 1620.0, 1680.0, 1740.0, 1800.0, 1860.0, 1920.0, 1980.0, 2040.0, 2100.0, 2160.0, 2220.0, 2280.0, 2340.0, 2400.0, 2460.0, 2520.0, 2580.0, 2640.0, 2700.0, 2760.0, 2820.0, 2880.0, 2940.0, 3000.0]
/////////////////////////
PROCESSING:  TTM1300BWBW
/////////////////////////
plotTreeName: Tprime2_DeepAK8_decorr_Mass
Flavour: E #tag: notV #algo: DeepAK8_decorr
Weights: 1 * 1 * 1 * pileupWeight * 1 * lepIdSF * EGammaGsfSF * 1 * (MCWeight_singleLepCalc/abs(MCWeight_singleLepCalc)) * 0.00063821114509
Cuts: (leptonPt_singleLepCalc > 50) && (corr_met_singleLepCalc > 55) && (AK4HT > 480) && (minDR_lepJet > 0.4 || ptRel_lepJet > 40) && (NJetsAK8_JetSubCalc > 2) && (minDR_leadAK8otherAK8 < 3.0) && DataPastTrigger == 1 && isElectron==1
****************************************************************************************************
****************************************************************************************************
DISTRIBUTION: Tp2Mass
            -name in ljmet trees: Tprime2_ALGO_Mass
            -x-axis label is set to: ;M(T) [GeV])
            -using the binning as: [0.0, 60.0, 120.0, 180.0, 240.0, 300.0, 360.0, 420.0, 480.0, 540.0, 600.0, 660.0, 720.0, 780.0, 840.0, 900.0, 960.0, 1020.0, 1080.0, 1140.0, 1200.0, 1260.0, 1320.0, 1380.0, 1440.0, 1500.0, 1560.0, 1620.0, 1680.0, 1740.0, 1800.0, 1860.0, 1920.0, 1980.0, 2040.0, 2100.0, 2160.0, 2220.0, 2280.0, 2340.0, 2400.0, 2460.0, 2520.0, 2580.0, 2640.0, 2700.0, 2760.0, 2820.0, 2880.0, 2940.0, 3000.0]
/////////////////////////
PROCESSING:  TTM1300THTH
/////////////////////////
plotTreeName: Tprime2_DeepAK8_decorr_Mass
Flavour: E #tag: notV #algo: DeepAK8_decorr
Weights: 1 * 1 * 1 * pileupWeight * 1 * lepIdSF * EGammaGsfSF * 1 * (MCWeight_singleLepCalc/abs(MCWeight_singleLepCalc)) * 0.000159552786272
Cuts: (leptonPt_singleLepCalc > 50) && (corr_met_singleLepCalc > 55) && (AK4HT > 480) && (minDR_lepJet > 0.4 || ptRel_lepJet > 40) && (NJetsAK8_JetSubCalc > 2) && (minDR_leadAK8otherAK8 < 3.0) && DataPastTrigger == 1 && isElectron==1
****************************************************************************************************
****************************************************************************************************
DISTRIBUTION: Tp2Mass
            -name in ljmet trees: Tprime2_ALGO_Mass
            -x-axis label is set to: ;M(T) [GeV])
            -using the binning as: [0.0, 60.0, 120.0, 180.0, 240.0, 300.0, 360.0, 420.0, 480.0, 540.0, 600.0, 660.0, 720.0, 780.0, 840.0, 900.0, 960.0, 1020.0, 1080.0, 1140.0, 1200.0, 1260.0, 1320.0, 1380.0, 1440.0, 1500.0, 1560.0, 1620.0, 1680.0, 1740.0, 1800.0, 1860.0, 1920.0, 1980.0, 2040.0, 2100.0, 2160.0, 2220.0, 2280.0, 2340.0, 2400.0, 2460.0, 2520.0, 2580.0, 2640.0, 2700.0, 2760.0, 2820.0, 2880.0, 2940.0, 3000.0]
/////////////////////////
PROCESSING:  TTM1300TZTZ
/////////////////////////
plotTreeName: Tprime2_DeepAK8_decorr_Mass
Flavour: E #tag: notV #algo: DeepAK8_decorr
Weights: 1 * 1 * 1 * pileupWeight * 1 * lepIdSF * EGammaGsfSF * 1 * (MCWeight_singleLepCalc/abs(MCWeight_singleLepCalc)) * 0.000159552786272
Cuts: (leptonPt_singleLepCalc > 50) && (corr_met_singleLepCalc > 55) && (AK4HT > 480) && (minDR_lepJet > 0.4 || ptRel_lepJet > 40) && (NJetsAK8_JetSubCalc > 2) && (minDR_leadAK8otherAK8 < 3.0) && DataPastTrigger == 1 && isElectron==1
****************************************************************************************************
****************************************************************************************************
DISTRIBUTION: Tp2Mass
            -name in ljmet trees: Tprime2_ALGO_Mass
            -x-axis label is set to: ;M(T) [GeV])
            -using the binning as: [0.0, 60.0, 120.0, 180.0, 240.0, 300.0, 360.0, 420.0, 480.0, 540.0, 600.0, 660.0, 720.0, 780.0, 840.0, 900.0, 960.0, 1020.0, 1080.0, 1140.0, 1200.0, 1260.0, 1320.0, 1380.0, 1440.0, 1500.0, 1560.0, 1620.0, 1680.0, 1740.0, 1800.0, 1860.0, 1920.0, 1980.0, 2040.0, 2100.0, 2160.0, 2220.0, 2280.0, 2340.0, 2400.0, 2460.0, 2520.0, 2580.0, 2640.0, 2700.0, 2760.0, 2820.0, 2880.0, 2940.0, 3000.0]
/////////////////////////
PROCESSING:  TTM1300TZBW
/////////////////////////
plotTreeName: Tprime2_DeepAK8_decorr_Mass
Flavour: E #tag: notV #algo: DeepAK8_decorr
Weights: 1 * 1 * 1 * pileupWeight * 1 * lepIdSF * EGammaGsfSF * 1 * (MCWeight_singleLepCalc/abs(MCWeight_singleLepCalc)) * 0.000319105572545
Cuts: (leptonPt_singleLepCalc > 50) && (corr_met_singleLepCalc > 55) && (AK4HT > 480) && (minDR_lepJet > 0.4 || ptRel_lepJet > 40) && (NJetsAK8_JetSubCalc > 2) && (minDR_leadAK8otherAK8 < 3.0) && DataPastTrigger == 1 && isElectron==1
****************************************************************************************************
****************************************************************************************************
DISTRIBUTION: Tp2Mass
            -name in ljmet trees: Tprime2_ALGO_Mass
            -x-axis label is set to: ;M(T) [GeV])
            -using the binning as: [0.0, 60.0, 120.0, 180.0, 240.0, 300.0, 360.0, 420.0, 480.0, 540.0, 600.0, 660.0, 720.0, 780.0, 840.0, 900.0, 960.0, 1020.0, 1080.0, 1140.0, 1200.0, 1260.0, 1320.0, 1380.0, 1440.0, 1500.0, 1560.0, 1620.0, 1680.0, 1740.0, 1800.0, 1860.0, 1920.0, 1980.0, 2040.0, 2100.0, 2160.0, 2220.0, 2280.0, 2340.0, 2400.0, 2460.0, 2520.0, 2580.0, 2640.0, 2700.0, 2760.0, 2820.0, 2880.0, 2940.0, 3000.0]
/////////////////////////
PROCESSING:  TTM1300THBW
/////////////////////////
plotTreeName: Tprime2_DeepAK8_decorr_Mass
Flavour: E #tag: notV #algo: DeepAK8_decorr
Weights: 1 * 1 * 1 * pileupWeight * 1 * lepIdSF * EGammaGsfSF * 1 * (MCWeight_singleLepCalc/abs(MCWeight_singleLepCalc)) * 0.000319105572545
Cuts: (leptonPt_singleLepCalc > 50) && (corr_met_singleLepCalc > 55) && (AK4HT > 480) && (minDR_lepJet > 0.4 || ptRel_lepJet > 40) && (NJetsAK8_JetSubCalc > 2) && (minDR_leadAK8otherAK8 < 3.0) && DataPastTrigger == 1 && isElectron==1
****************************************************************************************************
****************************************************************************************************
DISTRIBUTION: Tp2Mass
            -name in ljmet trees: Tprime2_ALGO_Mass
            -x-axis label is set to: ;M(T) [GeV])
            -using the binning as: [0.0, 60.0, 120.0, 180.0, 240.0, 300.0, 360.0, 420.0, 480.0, 540.0, 600.0, 660.0, 720.0, 780.0, 840.0, 900.0, 960.0, 1020.0, 1080.0, 1140.0, 1200.0, 1260.0, 1320.0, 1380.0, 1440.0, 1500.0, 1560.0, 1620.0, 1680.0, 1740.0, 1800.0, 1860.0, 1920.0, 1980.0, 2040.0, 2100.0, 2160.0, 2220.0, 2280.0, 2340.0, 2400.0, 2460.0, 2520.0, 2580.0, 2640.0, 2700.0, 2760.0, 2820.0, 2880.0, 2940.0, 3000.0]
/////////////////////////
PROCESSING:  TTM1300TZTH
/////////////////////////
plotTreeName: Tprime2_DeepAK8_decorr_Mass
Flavour: E #tag: notV #algo: DeepAK8_decorr
Weights: 1 * 1 * 1 * pileupWeight * 1 * lepIdSF * EGammaGsfSF * 1 * (MCWeight_singleLepCalc/abs(MCWeight_singleLepCalc)) * 0.000159552786272
Cuts: (leptonPt_singleLepCalc > 50) && (corr_met_singleLepCalc > 55) && (AK4HT > 480) && (minDR_lepJet > 0.4 || ptRel_lepJet > 40) && (NJetsAK8_JetSubCalc > 2) && (minDR_leadAK8otherAK8 < 3.0) && DataPastTrigger == 1 && isElectron==1
****************************************************************************************************
****************************************************************************************************
DISTRIBUTION: Tp2Mass
            -name in ljmet trees: Tprime2_ALGO_Mass
            -x-axis label is set to: ;M(T) [GeV])
            -using the binning as: [0.0, 60.0, 120.0, 180.0, 240.0, 300.0, 360.0, 420.0, 480.0, 540.0, 600.0, 660.0, 720.0, 780.0, 840.0, 900.0, 960.0, 1020.0, 1080.0, 1140.0, 1200.0, 1260.0, 1320.0, 1380.0, 1440.0, 1500.0, 1560.0, 1620.0, 1680.0, 1740.0, 1800.0, 1860.0, 1920.0, 1980.0, 2040.0, 2100.0, 2160.0, 2220.0, 2280.0, 2340.0, 2400.0, 2460.0, 2520.0, 2580.0, 2640.0, 2700.0, 2760.0, 2820.0, 2880.0, 2940.0, 3000.0]
/////////////////////////
PROCESSING:  TTM1400BWBW
/////////////////////////
plotTreeName: Tprime2_DeepAK8_decorr_Mass
Flavour: E #tag: notV #algo: DeepAK8_decorr
Weights: 1 * 1 * 1 * pileupWeight * 1 * lepIdSF * EGammaGsfSF * 1 * (MCWeight_singleLepCalc/abs(MCWeight_singleLepCalc)) * 0.000352883542956
Cuts: (leptonPt_singleLepCalc > 50) && (corr_met_singleLepCalc > 55) && (AK4HT > 480) && (minDR_lepJet > 0.4 || ptRel_lepJet > 40) && (NJetsAK8_JetSubCalc > 2) && (minDR_leadAK8otherAK8 < 3.0) && DataPastTrigger == 1 && isElectron==1
****************************************************************************************************
****************************************************************************************************
DISTRIBUTION: Tp2Mass
            -name in ljmet trees: Tprime2_ALGO_Mass
            -x-axis label is set to: ;M(T) [GeV])
            -using the binning as: [0.0, 60.0, 120.0, 180.0, 240.0, 300.0, 360.0, 420.0, 480.0, 540.0, 600.0, 660.0, 720.0, 780.0, 840.0, 900.0, 960.0, 1020.0, 1080.0, 1140.0, 1200.0, 1260.0, 1320.0, 1380.0, 1440.0, 1500.0, 1560.0, 1620.0, 1680.0, 1740.0, 1800.0, 1860.0, 1920.0, 1980.0, 2040.0, 2100.0, 2160.0, 2220.0, 2280.0, 2340.0, 2400.0, 2460.0, 2520.0, 2580.0, 2640.0, 2700.0, 2760.0, 2820.0, 2880.0, 2940.0, 3000.0]
/////////////////////////
PROCESSING:  TTM1400THTH
/////////////////////////
plotTreeName: Tprime2_DeepAK8_decorr_Mass
Flavour: E #tag: notV #algo: DeepAK8_decorr
Weights: 1 * 1 * 1 * pileupWeight * 1 * lepIdSF * EGammaGsfSF * 1 * (MCWeight_singleLepCalc/abs(MCWeight_singleLepCalc)) * 8.82208857389e-05
Cuts: (leptonPt_singleLepCalc > 50) && (corr_met_singleLepCalc > 55) && (AK4HT > 480) && (minDR_lepJet > 0.4 || ptRel_lepJet > 40) && (NJetsAK8_JetSubCalc > 2) && (minDR_leadAK8otherAK8 < 3.0) && DataPastTrigger == 1 && isElectron==1
****************************************************************************************************
****************************************************************************************************
DISTRIBUTION: Tp2Mass
            -name in ljmet trees: Tprime2_ALGO_Mass
            -x-axis label is set to: ;M(T) [GeV])
            -using the binning as: [0.0, 60.0, 120.0, 180.0, 240.0, 300.0, 360.0, 420.0, 480.0, 540.0, 600.0, 660.0, 720.0, 780.0, 840.0, 900.0, 960.0, 1020.0, 1080.0, 1140.0, 1200.0, 1260.0, 1320.0, 1380.0, 1440.0, 1500.0, 1560.0, 1620.0, 1680.0, 1740.0, 1800.0, 1860.0, 1920.0, 1980.0, 2040.0, 2100.0, 2160.0, 2220.0, 2280.0, 2340.0, 2400.0, 2460.0, 2520.0, 2580.0, 2640.0, 2700.0, 2760.0, 2820.0, 2880.0, 2940.0, 3000.0]
/////////////////////////
PROCESSING:  TTM1400TZTZ
/////////////////////////
plotTreeName: Tprime2_DeepAK8_decorr_Mass
Flavour: E #tag: notV #algo: DeepAK8_decorr
Weights: 1 * 1 * 1 * pileupWeight * 1 * lepIdSF * EGammaGsfSF * 1 * (MCWeight_singleLepCalc/abs(MCWeight_singleLepCalc)) * 8.82208857389e-05
Cuts: (leptonPt_singleLepCalc > 50) && (corr_met_singleLepCalc > 55) && (AK4HT > 480) && (minDR_lepJet > 0.4 || ptRel_lepJet > 40) && (NJetsAK8_JetSubCalc > 2) && (minDR_leadAK8otherAK8 < 3.0) && DataPastTrigger == 1 && isElectron==1
****************************************************************************************************
****************************************************************************************************
DISTRIBUTION: Tp2Mass
            -name in ljmet trees: Tprime2_ALGO_Mass
            -x-axis label is set to: ;M(T) [GeV])
            -using the binning as: [0.0, 60.0, 120.0, 180.0, 240.0, 300.0, 360.0, 420.0, 480.0, 540.0, 600.0, 660.0, 720.0, 780.0, 840.0, 900.0, 960.0, 1020.0, 1080.0, 1140.0, 1200.0, 1260.0, 1320.0, 1380.0, 1440.0, 1500.0, 1560.0, 1620.0, 1680.0, 1740.0, 1800.0, 1860.0, 1920.0, 1980.0, 2040.0, 2100.0, 2160.0, 2220.0, 2280.0, 2340.0, 2400.0, 2460.0, 2520.0, 2580.0, 2640.0, 2700.0, 2760.0, 2820.0, 2880.0, 2940.0, 3000.0]
/////////////////////////
PROCESSING:  TTM1400TZBW
/////////////////////////
plotTreeName: Tprime2_DeepAK8_decorr_Mass
Flavour: E #tag: notV #algo: DeepAK8_decorr
Weights: 1 * 1 * 1 * pileupWeight * 1 * lepIdSF * EGammaGsfSF * 1 * (MCWeight_singleLepCalc/abs(MCWeight_singleLepCalc)) * 0.000176441771478
Cuts: (leptonPt_singleLepCalc > 50) && (corr_met_singleLepCalc > 55) && (AK4HT > 480) && (minDR_lepJet > 0.4 || ptRel_lepJet > 40) && (NJetsAK8_JetSubCalc > 2) && (minDR_leadAK8otherAK8 < 3.0) && DataPastTrigger == 1 && isElectron==1
****************************************************************************************************
****************************************************************************************************
DISTRIBUTION: Tp2Mass
            -name in ljmet trees: Tprime2_ALGO_Mass
            -x-axis label is set to: ;M(T) [GeV])
            -using the binning as: [0.0, 60.0, 120.0, 180.0, 240.0, 300.0, 360.0, 420.0, 480.0, 540.0, 600.0, 660.0, 720.0, 780.0, 840.0, 900.0, 960.0, 1020.0, 1080.0, 1140.0, 1200.0, 1260.0, 1320.0, 1380.0, 1440.0, 1500.0, 1560.0, 1620.0, 1680.0, 1740.0, 1800.0, 1860.0, 1920.0, 1980.0, 2040.0, 2100.0, 2160.0, 2220.0, 2280.0, 2340.0, 2400.0, 2460.0, 2520.0, 2580.0, 2640.0, 2700.0, 2760.0, 2820.0, 2880.0, 2940.0, 3000.0]
/////////////////////////
PROCESSING:  TTM1400THBW
/////////////////////////
plotTreeName: Tprime2_DeepAK8_decorr_Mass
Flavour: E #tag: notV #algo: DeepAK8_decorr
Weights: 1 * 1 * 1 * pileupWeight * 1 * lepIdSF * EGammaGsfSF * 1 * (MCWeight_singleLepCalc/abs(MCWeight_singleLepCalc)) * 0.000176441771478
Cuts: (leptonPt_singleLepCalc > 50) && (corr_met_singleLepCalc > 55) && (AK4HT > 480) && (minDR_lepJet > 0.4 || ptRel_lepJet > 40) && (NJetsAK8_JetSubCalc > 2) && (minDR_leadAK8otherAK8 < 3.0) && DataPastTrigger == 1 && isElectron==1
****************************************************************************************************
****************************************************************************************************
DISTRIBUTION: Tp2Mass
            -name in ljmet trees: Tprime2_ALGO_Mass
            -x-axis label is set to: ;M(T) [GeV])
            -using the binning as: [0.0, 60.0, 120.0, 180.0, 240.0, 300.0, 360.0, 420.0, 480.0, 540.0, 600.0, 660.0, 720.0, 780.0, 840.0, 900.0, 960.0, 1020.0, 1080.0, 1140.0, 1200.0, 1260.0, 1320.0, 1380.0, 1440.0, 1500.0, 1560.0, 1620.0, 1680.0, 1740.0, 1800.0, 1860.0, 1920.0, 1980.0, 2040.0, 2100.0, 2160.0, 2220.0, 2280.0, 2340.0, 2400.0, 2460.0, 2520.0, 2580.0, 2640.0, 2700.0, 2760.0, 2820.0, 2880.0, 2940.0, 3000.0]
/////////////////////////
PROCESSING:  TTM1400TZTH
/////////////////////////
plotTreeName: Tprime2_DeepAK8_decorr_Mass
Flavour: E #tag: notV #algo: DeepAK8_decorr
Weights: 1 * 1 * 1 * pileupWeight * 1 * lepIdSF * EGammaGsfSF * 1 * (MCWeight_singleLepCalc/abs(MCWeight_singleLepCalc)) * 8.82208857389e-05
Cuts: (leptonPt_singleLepCalc > 50) && (corr_met_singleLepCalc > 55) && (AK4HT > 480) && (minDR_lepJet > 0.4 || ptRel_lepJet > 40) && (NJetsAK8_JetSubCalc > 2) && (minDR_leadAK8otherAK8 < 3.0) && DataPastTrigger == 1 && isElectron==1
****************************************************************************************************
****************************************************************************************************
DISTRIBUTION: Tp2Mass
            -name in ljmet trees: Tprime2_ALGO_Mass
            -x-axis label is set to: ;M(T) [GeV])
            -using the binning as: [0.0, 60.0, 120.0, 180.0, 240.0, 300.0, 360.0, 420.0, 480.0, 540.0, 600.0, 660.0, 720.0, 780.0, 840.0, 900.0, 960.0, 1020.0, 1080.0, 1140.0, 1200.0, 1260.0, 1320.0, 1380.0, 1440.0, 1500.0, 1560.0, 1620.0, 1680.0, 1740.0, 1800.0, 1860.0, 1920.0, 1980.0, 2040.0, 2100.0, 2160.0, 2220.0, 2280.0, 2340.0, 2400.0, 2460.0, 2520.0, 2580.0, 2640.0, 2700.0, 2760.0, 2820.0, 2880.0, 2940.0, 3000.0]
/////////////////////////
PROCESSING:  TTM1500BWBW
/////////////////////////
plotTreeName: Tprime2_DeepAK8_decorr_Mass
Flavour: E #tag: notV #algo: DeepAK8_decorr
Weights: 1 * 1 * 1 * pileupWeight * 1 * lepIdSF * EGammaGsfSF * 1 * (MCWeight_singleLepCalc/abs(MCWeight_singleLepCalc)) * 0.00019932135405
Cuts: (leptonPt_singleLepCalc > 50) && (corr_met_singleLepCalc > 55) && (AK4HT > 480) && (minDR_lepJet > 0.4 || ptRel_lepJet > 40) && (NJetsAK8_JetSubCalc > 2) && (minDR_leadAK8otherAK8 < 3.0) && DataPastTrigger == 1 && isElectron==1
****************************************************************************************************
****************************************************************************************************
DISTRIBUTION: Tp2Mass
            -name in ljmet trees: Tprime2_ALGO_Mass
            -x-axis label is set to: ;M(T) [GeV])
            -using the binning as: [0.0, 60.0, 120.0, 180.0, 240.0, 300.0, 360.0, 420.0, 480.0, 540.0, 600.0, 660.0, 720.0, 780.0, 840.0, 900.0, 960.0, 1020.0, 1080.0, 1140.0, 1200.0, 1260.0, 1320.0, 1380.0, 1440.0, 1500.0, 1560.0, 1620.0, 1680.0, 1740.0, 1800.0, 1860.0, 1920.0, 1980.0, 2040.0, 2100.0, 2160.0, 2220.0, 2280.0, 2340.0, 2400.0, 2460.0, 2520.0, 2580.0, 2640.0, 2700.0, 2760.0, 2820.0, 2880.0, 2940.0, 3000.0]
/////////////////////////
PROCESSING:  TTM1500THTH
/////////////////////////
plotTreeName: Tprime2_DeepAK8_decorr_Mass
Flavour: E #tag: notV #algo: DeepAK8_decorr
Weights: 1 * 1 * 1 * pileupWeight * 1 * lepIdSF * EGammaGsfSF * 1 * (MCWeight_singleLepCalc/abs(MCWeight_singleLepCalc)) * 4.98303385124e-05
Cuts: (leptonPt_singleLepCalc > 50) && (corr_met_singleLepCalc > 55) && (AK4HT > 480) && (minDR_lepJet > 0.4 || ptRel_lepJet > 40) && (NJetsAK8_JetSubCalc > 2) && (minDR_leadAK8otherAK8 < 3.0) && DataPastTrigger == 1 && isElectron==1
****************************************************************************************************
****************************************************************************************************
DISTRIBUTION: Tp2Mass
            -name in ljmet trees: Tprime2_ALGO_Mass
            -x-axis label is set to: ;M(T) [GeV])
            -using the binning as: [0.0, 60.0, 120.0, 180.0, 240.0, 300.0, 360.0, 420.0, 480.0, 540.0, 600.0, 660.0, 720.0, 780.0, 840.0, 900.0, 960.0, 1020.0, 1080.0, 1140.0, 1200.0, 1260.0, 1320.0, 1380.0, 1440.0, 1500.0, 1560.0, 1620.0, 1680.0, 1740.0, 1800.0, 1860.0, 1920.0, 1980.0, 2040.0, 2100.0, 2160.0, 2220.0, 2280.0, 2340.0, 2400.0, 2460.0, 2520.0, 2580.0, 2640.0, 2700.0, 2760.0, 2820.0, 2880.0, 2940.0, 3000.0]
/////////////////////////
PROCESSING:  TTM1500TZTZ
/////////////////////////
plotTreeName: Tprime2_DeepAK8_decorr_Mass
Flavour: E #tag: notV #algo: DeepAK8_decorr
Weights: 1 * 1 * 1 * pileupWeight * 1 * lepIdSF * EGammaGsfSF * 1 * (MCWeight_singleLepCalc/abs(MCWeight_singleLepCalc)) * 4.98303385124e-05
Cuts: (leptonPt_singleLepCalc > 50) && (corr_met_singleLepCalc > 55) && (AK4HT > 480) && (minDR_lepJet > 0.4 || ptRel_lepJet > 40) && (NJetsAK8_JetSubCalc > 2) && (minDR_leadAK8otherAK8 < 3.0) && DataPastTrigger == 1 && isElectron==1
****************************************************************************************************
****************************************************************************************************
DISTRIBUTION: Tp2Mass
            -name in ljmet trees: Tprime2_ALGO_Mass
            -x-axis label is set to: ;M(T) [GeV])
            -using the binning as: [0.0, 60.0, 120.0, 180.0, 240.0, 300.0, 360.0, 420.0, 480.0, 540.0, 600.0, 660.0, 720.0, 780.0, 840.0, 900.0, 960.0, 1020.0, 1080.0, 1140.0, 1200.0, 1260.0, 1320.0, 1380.0, 1440.0, 1500.0, 1560.0, 1620.0, 1680.0, 1740.0, 1800.0, 1860.0, 1920.0, 1980.0, 2040.0, 2100.0, 2160.0, 2220.0, 2280.0, 2340.0, 2400.0, 2460.0, 2520.0, 2580.0, 2640.0, 2700.0, 2760.0, 2820.0, 2880.0, 2940.0, 3000.0]
/////////////////////////
PROCESSING:  TTM1500TZBW
/////////////////////////
plotTreeName: Tprime2_DeepAK8_decorr_Mass
Flavour: E #tag: notV #algo: DeepAK8_decorr
Weights: 1 * 1 * 1 * pileupWeight * 1 * lepIdSF * EGammaGsfSF * 1 * (MCWeight_singleLepCalc/abs(MCWeight_singleLepCalc)) * 9.96606770248e-05
Cuts: (leptonPt_singleLepCalc > 50) && (corr_met_singleLepCalc > 55) && (AK4HT > 480) && (minDR_lepJet > 0.4 || ptRel_lepJet > 40) && (NJetsAK8_JetSubCalc > 2) && (minDR_leadAK8otherAK8 < 3.0) && DataPastTrigger == 1 && isElectron==1
****************************************************************************************************
****************************************************************************************************
DISTRIBUTION: Tp2Mass
            -name in ljmet trees: Tprime2_ALGO_Mass
            -x-axis label is set to: ;M(T) [GeV])
            -using the binning as: [0.0, 60.0, 120.0, 180.0, 240.0, 300.0, 360.0, 420.0, 480.0, 540.0, 600.0, 660.0, 720.0, 780.0, 840.0, 900.0, 960.0, 1020.0, 1080.0, 1140.0, 1200.0, 1260.0, 1320.0, 1380.0, 1440.0, 1500.0, 1560.0, 1620.0, 1680.0, 1740.0, 1800.0, 1860.0, 1920.0, 1980.0, 2040.0, 2100.0, 2160.0, 2220.0, 2280.0, 2340.0, 2400.0, 2460.0, 2520.0, 2580.0, 2640.0, 2700.0, 2760.0, 2820.0, 2880.0, 2940.0, 3000.0]
/////////////////////////
PROCESSING:  TTM1500THBW
/////////////////////////
plotTreeName: Tprime2_DeepAK8_decorr_Mass
Flavour: E #tag: notV #algo: DeepAK8_decorr
Weights: 1 * 1 * 1 * pileupWeight * 1 * lepIdSF * EGammaGsfSF * 1 * (MCWeight_singleLepCalc/abs(MCWeight_singleLepCalc)) * 9.96606770248e-05
Cuts: (leptonPt_singleLepCalc > 50) && (corr_met_singleLepCalc > 55) && (AK4HT > 480) && (minDR_lepJet > 0.4 || ptRel_lepJet > 40) && (NJetsAK8_JetSubCalc > 2) && (minDR_leadAK8otherAK8 < 3.0) && DataPastTrigger == 1 && isElectron==1
****************************************************************************************************
****************************************************************************************************
DISTRIBUTION: Tp2Mass
            -name in ljmet trees: Tprime2_ALGO_Mass
            -x-axis label is set to: ;M(T) [GeV])
            -using the binning as: [0.0, 60.0, 120.0, 180.0, 240.0, 300.0, 360.0, 420.0, 480.0, 540.0, 600.0, 660.0, 720.0, 780.0, 840.0, 900.0, 960.0, 1020.0, 1080.0, 1140.0, 1200.0, 1260.0, 1320.0, 1380.0, 1440.0, 1500.0, 1560.0, 1620.0, 1680.0, 1740.0, 1800.0, 1860.0, 1920.0, 1980.0, 2040.0, 2100.0, 2160.0, 2220.0, 2280.0, 2340.0, 2400.0, 2460.0, 2520.0, 2580.0, 2640.0, 2700.0, 2760.0, 2820.0, 2880.0, 2940.0, 3000.0]
/////////////////////////
PROCESSING:  TTM1500TZTH
/////////////////////////
plotTreeName: Tprime2_DeepAK8_decorr_Mass
Flavour: E #tag: notV #algo: DeepAK8_decorr
Weights: 1 * 1 * 1 * pileupWeight * 1 * lepIdSF * EGammaGsfSF * 1 * (MCWeight_singleLepCalc/abs(MCWeight_singleLepCalc)) * 4.98303385124e-05
Cuts: (leptonPt_singleLepCalc > 50) && (corr_met_singleLepCalc > 55) && (AK4HT > 480) && (minDR_lepJet > 0.4 || ptRel_lepJet > 40) && (NJetsAK8_JetSubCalc > 2) && (minDR_leadAK8otherAK8 < 3.0) && DataPastTrigger == 1 && isElectron==1
****************************************************************************************************
****************************************************************************************************
DISTRIBUTION: Tp2Mass
            -name in ljmet trees: Tprime2_ALGO_Mass
            -x-axis label is set to: ;M(T) [GeV])
            -using the binning as: [0.0, 60.0, 120.0, 180.0, 240.0, 300.0, 360.0, 420.0, 480.0, 540.0, 600.0, 660.0, 720.0, 780.0, 840.0, 900.0, 960.0, 1020.0, 1080.0, 1140.0, 1200.0, 1260.0, 1320.0, 1380.0, 1440.0, 1500.0, 1560.0, 1620.0, 1680.0, 1740.0, 1800.0, 1860.0, 1920.0, 1980.0, 2040.0, 2100.0, 2160.0, 2220.0, 2280.0, 2340.0, 2400.0, 2460.0, 2520.0, 2580.0, 2640.0, 2700.0, 2760.0, 2820.0, 2880.0, 2940.0, 3000.0]
/////////////////////////
PROCESSING:  TTM1600BWBW
/////////////////////////
plotTreeName: Tprime2_DeepAK8_decorr_Mass
Flavour: E #tag: notV #algo: DeepAK8_decorr
Weights: 1 * 1 * 1 * pileupWeight * 1 * lepIdSF * EGammaGsfSF * 1 * (MCWeight_singleLepCalc/abs(MCWeight_singleLepCalc)) * 0.000114437939919
Cuts: (leptonPt_singleLepCalc > 50) && (corr_met_singleLepCalc > 55) && (AK4HT > 480) && (minDR_lepJet > 0.4 || ptRel_lepJet > 40) && (NJetsAK8_JetSubCalc > 2) && (minDR_leadAK8otherAK8 < 3.0) && DataPastTrigger == 1 && isElectron==1
****************************************************************************************************
****************************************************************************************************
DISTRIBUTION: Tp2Mass
            -name in ljmet trees: Tprime2_ALGO_Mass
            -x-axis label is set to: ;M(T) [GeV])
            -using the binning as: [0.0, 60.0, 120.0, 180.0, 240.0, 300.0, 360.0, 420.0, 480.0, 540.0, 600.0, 660.0, 720.0, 780.0, 840.0, 900.0, 960.0, 1020.0, 1080.0, 1140.0, 1200.0, 1260.0, 1320.0, 1380.0, 1440.0, 1500.0, 1560.0, 1620.0, 1680.0, 1740.0, 1800.0, 1860.0, 1920.0, 1980.0, 2040.0, 2100.0, 2160.0, 2220.0, 2280.0, 2340.0, 2400.0, 2460.0, 2520.0, 2580.0, 2640.0, 2700.0, 2760.0, 2820.0, 2880.0, 2940.0, 3000.0]
/////////////////////////
PROCESSING:  TTM1600THTH
/////////////////////////
plotTreeName: Tprime2_DeepAK8_decorr_Mass
Flavour: E #tag: notV #algo: DeepAK8_decorr
Weights: 1 * 1 * 1 * pileupWeight * 1 * lepIdSF * EGammaGsfSF * 1 * (MCWeight_singleLepCalc/abs(MCWeight_singleLepCalc)) * 2.86094849797e-05
Cuts: (leptonPt_singleLepCalc > 50) && (corr_met_singleLepCalc > 55) && (AK4HT > 480) && (minDR_lepJet > 0.4 || ptRel_lepJet > 40) && (NJetsAK8_JetSubCalc > 2) && (minDR_leadAK8otherAK8 < 3.0) && DataPastTrigger == 1 && isElectron==1
****************************************************************************************************
****************************************************************************************************
DISTRIBUTION: Tp2Mass
            -name in ljmet trees: Tprime2_ALGO_Mass
            -x-axis label is set to: ;M(T) [GeV])
            -using the binning as: [0.0, 60.0, 120.0, 180.0, 240.0, 300.0, 360.0, 420.0, 480.0, 540.0, 600.0, 660.0, 720.0, 780.0, 840.0, 900.0, 960.0, 1020.0, 1080.0, 1140.0, 1200.0, 1260.0, 1320.0, 1380.0, 1440.0, 1500.0, 1560.0, 1620.0, 1680.0, 1740.0, 1800.0, 1860.0, 1920.0, 1980.0, 2040.0, 2100.0, 2160.0, 2220.0, 2280.0, 2340.0, 2400.0, 2460.0, 2520.0, 2580.0, 2640.0, 2700.0, 2760.0, 2820.0, 2880.0, 2940.0, 3000.0]
/////////////////////////
PROCESSING:  TTM1600TZTZ
/////////////////////////
plotTreeName: Tprime2_DeepAK8_decorr_Mass
Flavour: E #tag: notV #algo: DeepAK8_decorr
Weights: 1 * 1 * 1 * pileupWeight * 1 * lepIdSF * EGammaGsfSF * 1 * (MCWeight_singleLepCalc/abs(MCWeight_singleLepCalc)) * 2.86094849797e-05
Cuts: (leptonPt_singleLepCalc > 50) && (corr_met_singleLepCalc > 55) && (AK4HT > 480) && (minDR_lepJet > 0.4 || ptRel_lepJet > 40) && (NJetsAK8_JetSubCalc > 2) && (minDR_leadAK8otherAK8 < 3.0) && DataPastTrigger == 1 && isElectron==1
****************************************************************************************************
****************************************************************************************************
DISTRIBUTION: Tp2Mass
            -name in ljmet trees: Tprime2_ALGO_Mass
            -x-axis label is set to: ;M(T) [GeV])
            -using the binning as: [0.0, 60.0, 120.0, 180.0, 240.0, 300.0, 360.0, 420.0, 480.0, 540.0, 600.0, 660.0, 720.0, 780.0, 840.0, 900.0, 960.0, 1020.0, 1080.0, 1140.0, 1200.0, 1260.0, 1320.0, 1380.0, 1440.0, 1500.0, 1560.0, 1620.0, 1680.0, 1740.0, 1800.0, 1860.0, 1920.0, 1980.0, 2040.0, 2100.0, 2160.0, 2220.0, 2280.0, 2340.0, 2400.0, 2460.0, 2520.0, 2580.0, 2640.0, 2700.0, 2760.0, 2820.0, 2880.0, 2940.0, 3000.0]
/////////////////////////
PROCESSING:  TTM1600TZBW
/////////////////////////
plotTreeName: Tprime2_DeepAK8_decorr_Mass
Flavour: E #tag: notV #algo: DeepAK8_decorr
Weights: 1 * 1 * 1 * pileupWeight * 1 * lepIdSF * EGammaGsfSF * 1 * (MCWeight_singleLepCalc/abs(MCWeight_singleLepCalc)) * 5.72189699595e-05
Cuts: (leptonPt_singleLepCalc > 50) && (corr_met_singleLepCalc > 55) && (AK4HT > 480) && (minDR_lepJet > 0.4 || ptRel_lepJet > 40) && (NJetsAK8_JetSubCalc > 2) && (minDR_leadAK8otherAK8 < 3.0) && DataPastTrigger == 1 && isElectron==1
****************************************************************************************************
****************************************************************************************************
DISTRIBUTION: Tp2Mass
            -name in ljmet trees: Tprime2_ALGO_Mass
            -x-axis label is set to: ;M(T) [GeV])
            -using the binning as: [0.0, 60.0, 120.0, 180.0, 240.0, 300.0, 360.0, 420.0, 480.0, 540.0, 600.0, 660.0, 720.0, 780.0, 840.0, 900.0, 960.0, 1020.0, 1080.0, 1140.0, 1200.0, 1260.0, 1320.0, 1380.0, 1440.0, 1500.0, 1560.0, 1620.0, 1680.0, 1740.0, 1800.0, 1860.0, 1920.0, 1980.0, 2040.0, 2100.0, 2160.0, 2220.0, 2280.0, 2340.0, 2400.0, 2460.0, 2520.0, 2580.0, 2640.0, 2700.0, 2760.0, 2820.0, 2880.0, 2940.0, 3000.0]
/////////////////////////
PROCESSING:  TTM1600THBW
/////////////////////////
plotTreeName: Tprime2_DeepAK8_decorr_Mass
Flavour: E #tag: notV #algo: DeepAK8_decorr
Weights: 1 * 1 * 1 * pileupWeight * 1 * lepIdSF * EGammaGsfSF * 1 * (MCWeight_singleLepCalc/abs(MCWeight_singleLepCalc)) * 5.72189699595e-05
Cuts: (leptonPt_singleLepCalc > 50) && (corr_met_singleLepCalc > 55) && (AK4HT > 480) && (minDR_lepJet > 0.4 || ptRel_lepJet > 40) && (NJetsAK8_JetSubCalc > 2) && (minDR_leadAK8otherAK8 < 3.0) && DataPastTrigger == 1 && isElectron==1
****************************************************************************************************
****************************************************************************************************
DISTRIBUTION: Tp2Mass
            -name in ljmet trees: Tprime2_ALGO_Mass
            -x-axis label is set to: ;M(T) [GeV])
            -using the binning as: [0.0, 60.0, 120.0, 180.0, 240.0, 300.0, 360.0, 420.0, 480.0, 540.0, 600.0, 660.0, 720.0, 780.0, 840.0, 900.0, 960.0, 1020.0, 1080.0, 1140.0, 1200.0, 1260.0, 1320.0, 1380.0, 1440.0, 1500.0, 1560.0, 1620.0, 1680.0, 1740.0, 1800.0, 1860.0, 1920.0, 1980.0, 2040.0, 2100.0, 2160.0, 2220.0, 2280.0, 2340.0, 2400.0, 2460.0, 2520.0, 2580.0, 2640.0, 2700.0, 2760.0, 2820.0, 2880.0, 2940.0, 3000.0]
/////////////////////////
PROCESSING:  TTM1600TZTH
/////////////////////////
plotTreeName: Tprime2_DeepAK8_decorr_Mass
Flavour: E #tag: notV #algo: DeepAK8_decorr
Weights: 1 * 1 * 1 * pileupWeight * 1 * lepIdSF * EGammaGsfSF * 1 * (MCWeight_singleLepCalc/abs(MCWeight_singleLepCalc)) * 2.86094849797e-05
Cuts: (leptonPt_singleLepCalc > 50) && (corr_met_singleLepCalc > 55) && (AK4HT > 480) && (minDR_lepJet > 0.4 || ptRel_lepJet > 40) && (NJetsAK8_JetSubCalc > 2) && (minDR_leadAK8otherAK8 < 3.0) && DataPastTrigger == 1 && isElectron==1
****************************************************************************************************
****************************************************************************************************
DISTRIBUTION: Tp2Mass
            -name in ljmet trees: Tprime2_ALGO_Mass
            -x-axis label is set to: ;M(T) [GeV])
            -using the binning as: [0.0, 60.0, 120.0, 180.0, 240.0, 300.0, 360.0, 420.0, 480.0, 540.0, 600.0, 660.0, 720.0, 780.0, 840.0, 900.0, 960.0, 1020.0, 1080.0, 1140.0, 1200.0, 1260.0, 1320.0, 1380.0, 1440.0, 1500.0, 1560.0, 1620.0, 1680.0, 1740.0, 1800.0, 1860.0, 1920.0, 1980.0, 2040.0, 2100.0, 2160.0, 2220.0, 2280.0, 2340.0, 2400.0, 2460.0, 2520.0, 2580.0, 2640.0, 2700.0, 2760.0, 2820.0, 2880.0, 2940.0, 3000.0]
/////////////////////////
PROCESSING:  TTM1700BWBW
/////////////////////////
plotTreeName: Tprime2_DeepAK8_decorr_Mass
Flavour: E #tag: notV #algo: DeepAK8_decorr
Weights: 1 * 1 * 1 * pileupWeight * 1 * lepIdSF * EGammaGsfSF * 1 * (MCWeight_singleLepCalc/abs(MCWeight_singleLepCalc)) * 6.93554282011e-05
Cuts: (leptonPt_singleLepCalc > 50) && (corr_met_singleLepCalc > 55) && (AK4HT > 480) && (minDR_lepJet > 0.4 || ptRel_lepJet > 40) && (NJetsAK8_JetSubCalc > 2) && (minDR_leadAK8otherAK8 < 3.0) && DataPastTrigger == 1 && isElectron==1
****************************************************************************************************
****************************************************************************************************
DISTRIBUTION: Tp2Mass
            -name in ljmet trees: Tprime2_ALGO_Mass
            -x-axis label is set to: ;M(T) [GeV])
            -using the binning as: [0.0, 60.0, 120.0, 180.0, 240.0, 300.0, 360.0, 420.0, 480.0, 540.0, 600.0, 660.0, 720.0, 780.0, 840.0, 900.0, 960.0, 1020.0, 1080.0, 1140.0, 1200.0, 1260.0, 1320.0, 1380.0, 1440.0, 1500.0, 1560.0, 1620.0, 1680.0, 1740.0, 1800.0, 1860.0, 1920.0, 1980.0, 2040.0, 2100.0, 2160.0, 2220.0, 2280.0, 2340.0, 2400.0, 2460.0, 2520.0, 2580.0, 2640.0, 2700.0, 2760.0, 2820.0, 2880.0, 2940.0, 3000.0]
/////////////////////////
PROCESSING:  TTM1700THTH
/////////////////////////
plotTreeName: Tprime2_DeepAK8_decorr_Mass
Flavour: E #tag: notV #algo: DeepAK8_decorr
Weights: 1 * 1 * 1 * pileupWeight * 1 * lepIdSF * EGammaGsfSF * 1 * (MCWeight_singleLepCalc/abs(MCWeight_singleLepCalc)) * 1.73388570503e-05
Cuts: (leptonPt_singleLepCalc > 50) && (corr_met_singleLepCalc > 55) && (AK4HT > 480) && (minDR_lepJet > 0.4 || ptRel_lepJet > 40) && (NJetsAK8_JetSubCalc > 2) && (minDR_leadAK8otherAK8 < 3.0) && DataPastTrigger == 1 && isElectron==1
****************************************************************************************************
****************************************************************************************************
DISTRIBUTION: Tp2Mass
            -name in ljmet trees: Tprime2_ALGO_Mass
            -x-axis label is set to: ;M(T) [GeV])
            -using the binning as: [0.0, 60.0, 120.0, 180.0, 240.0, 300.0, 360.0, 420.0, 480.0, 540.0, 600.0, 660.0, 720.0, 780.0, 840.0, 900.0, 960.0, 1020.0, 1080.0, 1140.0, 1200.0, 1260.0, 1320.0, 1380.0, 1440.0, 1500.0, 1560.0, 1620.0, 1680.0, 1740.0, 1800.0, 1860.0, 1920.0, 1980.0, 2040.0, 2100.0, 2160.0, 2220.0, 2280.0, 2340.0, 2400.0, 2460.0, 2520.0, 2580.0, 2640.0, 2700.0, 2760.0, 2820.0, 2880.0, 2940.0, 3000.0]
/////////////////////////
PROCESSING:  TTM1700TZTZ
/////////////////////////
plotTreeName: Tprime2_DeepAK8_decorr_Mass
Flavour: E #tag: notV #algo: DeepAK8_decorr
Weights: 1 * 1 * 1 * pileupWeight * 1 * lepIdSF * EGammaGsfSF * 1 * (MCWeight_singleLepCalc/abs(MCWeight_singleLepCalc)) * 1.73388570503e-05
Cuts: (leptonPt_singleLepCalc > 50) && (corr_met_singleLepCalc > 55) && (AK4HT > 480) && (minDR_lepJet > 0.4 || ptRel_lepJet > 40) && (NJetsAK8_JetSubCalc > 2) && (minDR_leadAK8otherAK8 < 3.0) && DataPastTrigger == 1 && isElectron==1
****************************************************************************************************
****************************************************************************************************
DISTRIBUTION: Tp2Mass
            -name in ljmet trees: Tprime2_ALGO_Mass
            -x-axis label is set to: ;M(T) [GeV])
            -using the binning as: [0.0, 60.0, 120.0, 180.0, 240.0, 300.0, 360.0, 420.0, 480.0, 540.0, 600.0, 660.0, 720.0, 780.0, 840.0, 900.0, 960.0, 1020.0, 1080.0, 1140.0, 1200.0, 1260.0, 1320.0, 1380.0, 1440.0, 1500.0, 1560.0, 1620.0, 1680.0, 1740.0, 1800.0, 1860.0, 1920.0, 1980.0, 2040.0, 2100.0, 2160.0, 2220.0, 2280.0, 2340.0, 2400.0, 2460.0, 2520.0, 2580.0, 2640.0, 2700.0, 2760.0, 2820.0, 2880.0, 2940.0, 3000.0]
/////////////////////////
PROCESSING:  TTM1700TZBW
/////////////////////////
plotTreeName: Tprime2_DeepAK8_decorr_Mass
Flavour: E #tag: notV #algo: DeepAK8_decorr
Weights: 1 * 1 * 1 * pileupWeight * 1 * lepIdSF * EGammaGsfSF * 1 * (MCWeight_singleLepCalc/abs(MCWeight_singleLepCalc)) * 3.46777141005e-05
Cuts: (leptonPt_singleLepCalc > 50) && (corr_met_singleLepCalc > 55) && (AK4HT > 480) && (minDR_lepJet > 0.4 || ptRel_lepJet > 40) && (NJetsAK8_JetSubCalc > 2) && (minDR_leadAK8otherAK8 < 3.0) && DataPastTrigger == 1 && isElectron==1
****************************************************************************************************
****************************************************************************************************
DISTRIBUTION: Tp2Mass
            -name in ljmet trees: Tprime2_ALGO_Mass
            -x-axis label is set to: ;M(T) [GeV])
            -using the binning as: [0.0, 60.0, 120.0, 180.0, 240.0, 300.0, 360.0, 420.0, 480.0, 540.0, 600.0, 660.0, 720.0, 780.0, 840.0, 900.0, 960.0, 1020.0, 1080.0, 1140.0, 1200.0, 1260.0, 1320.0, 1380.0, 1440.0, 1500.0, 1560.0, 1620.0, 1680.0, 1740.0, 1800.0, 1860.0, 1920.0, 1980.0, 2040.0, 2100.0, 2160.0, 2220.0, 2280.0, 2340.0, 2400.0, 2460.0, 2520.0, 2580.0, 2640.0, 2700.0, 2760.0, 2820.0, 2880.0, 2940.0, 3000.0]
/////////////////////////
PROCESSING:  TTM1700THBW
/////////////////////////
plotTreeName: Tprime2_DeepAK8_decorr_Mass
Flavour: E #tag: notV #algo: DeepAK8_decorr
Weights: 1 * 1 * 1 * pileupWeight * 1 * lepIdSF * EGammaGsfSF * 1 * (MCWeight_singleLepCalc/abs(MCWeight_singleLepCalc)) * 3.46777141005e-05
Cuts: (leptonPt_singleLepCalc > 50) && (corr_met_singleLepCalc > 55) && (AK4HT > 480) && (minDR_lepJet > 0.4 || ptRel_lepJet > 40) && (NJetsAK8_JetSubCalc > 2) && (minDR_leadAK8otherAK8 < 3.0) && DataPastTrigger == 1 && isElectron==1
****************************************************************************************************
****************************************************************************************************
DISTRIBUTION: Tp2Mass
            -name in ljmet trees: Tprime2_ALGO_Mass
            -x-axis label is set to: ;M(T) [GeV])
            -using the binning as: [0.0, 60.0, 120.0, 180.0, 240.0, 300.0, 360.0, 420.0, 480.0, 540.0, 600.0, 660.0, 720.0, 780.0, 840.0, 900.0, 960.0, 1020.0, 1080.0, 1140.0, 1200.0, 1260.0, 1320.0, 1380.0, 1440.0, 1500.0, 1560.0, 1620.0, 1680.0, 1740.0, 1800.0, 1860.0, 1920.0, 1980.0, 2040.0, 2100.0, 2160.0, 2220.0, 2280.0, 2340.0, 2400.0, 2460.0, 2520.0, 2580.0, 2640.0, 2700.0, 2760.0, 2820.0, 2880.0, 2940.0, 3000.0]
/////////////////////////
PROCESSING:  TTM1700TZTH
/////////////////////////
plotTreeName: Tprime2_DeepAK8_decorr_Mass
Flavour: E #tag: notV #algo: DeepAK8_decorr
Weights: 1 * 1 * 1 * pileupWeight * 1 * lepIdSF * EGammaGsfSF * 1 * (MCWeight_singleLepCalc/abs(MCWeight_singleLepCalc)) * 1.73388570503e-05
Cuts: (leptonPt_singleLepCalc > 50) && (corr_met_singleLepCalc > 55) && (AK4HT > 480) && (minDR_lepJet > 0.4 || ptRel_lepJet > 40) && (NJetsAK8_JetSubCalc > 2) && (minDR_leadAK8otherAK8 < 3.0) && DataPastTrigger == 1 && isElectron==1
****************************************************************************************************
****************************************************************************************************
DISTRIBUTION: Tp2Mass
            -name in ljmet trees: Tprime2_ALGO_Mass
            -x-axis label is set to: ;M(T) [GeV])
            -using the binning as: [0.0, 60.0, 120.0, 180.0, 240.0, 300.0, 360.0, 420.0, 480.0, 540.0, 600.0, 660.0, 720.0, 780.0, 840.0, 900.0, 960.0, 1020.0, 1080.0, 1140.0, 1200.0, 1260.0, 1320.0, 1380.0, 1440.0, 1500.0, 1560.0, 1620.0, 1680.0, 1740.0, 1800.0, 1860.0, 1920.0, 1980.0, 2040.0, 2100.0, 2160.0, 2220.0, 2280.0, 2340.0, 2400.0, 2460.0, 2520.0, 2580.0, 2640.0, 2700.0, 2760.0, 2820.0, 2880.0, 2940.0, 3000.0]
/////////////////////////
PROCESSING:  TTM1800BWBW
/////////////////////////
plotTreeName: Tprime2_DeepAK8_decorr_Mass
Flavour: E #tag: notV #algo: DeepAK8_decorr
Weights: 1 * 1 * 1 * pileupWeight * 1 * lepIdSF * EGammaGsfSF * 1 * (MCWeight_singleLepCalc/abs(MCWeight_singleLepCalc)) * 3.89579688164e-05
Cuts: (leptonPt_singleLepCalc > 50) && (corr_met_singleLepCalc > 55) && (AK4HT > 480) && (minDR_lepJet > 0.4 || ptRel_lepJet > 40) && (NJetsAK8_JetSubCalc > 2) && (minDR_leadAK8otherAK8 < 3.0) && DataPastTrigger == 1 && isElectron==1
****************************************************************************************************
****************************************************************************************************
DISTRIBUTION: Tp2Mass
            -name in ljmet trees: Tprime2_ALGO_Mass
            -x-axis label is set to: ;M(T) [GeV])
            -using the binning as: [0.0, 60.0, 120.0, 180.0, 240.0, 300.0, 360.0, 420.0, 480.0, 540.0, 600.0, 660.0, 720.0, 780.0, 840.0, 900.0, 960.0, 1020.0, 1080.0, 1140.0, 1200.0, 1260.0, 1320.0, 1380.0, 1440.0, 1500.0, 1560.0, 1620.0, 1680.0, 1740.0, 1800.0, 1860.0, 1920.0, 1980.0, 2040.0, 2100.0, 2160.0, 2220.0, 2280.0, 2340.0, 2400.0, 2460.0, 2520.0, 2580.0, 2640.0, 2700.0, 2760.0, 2820.0, 2880.0, 2940.0, 3000.0]
/////////////////////////
PROCESSING:  TTM1800THTH
/////////////////////////
plotTreeName: Tprime2_DeepAK8_decorr_Mass
Flavour: E #tag: notV #algo: DeepAK8_decorr
Weights: 1 * 1 * 1 * pileupWeight * 1 * lepIdSF * EGammaGsfSF * 1 * (MCWeight_singleLepCalc/abs(MCWeight_singleLepCalc)) * 9.7394922041e-06
Cuts: (leptonPt_singleLepCalc > 50) && (corr_met_singleLepCalc > 55) && (AK4HT > 480) && (minDR_lepJet > 0.4 || ptRel_lepJet > 40) && (NJetsAK8_JetSubCalc > 2) && (minDR_leadAK8otherAK8 < 3.0) && DataPastTrigger == 1 && isElectron==1
****************************************************************************************************
****************************************************************************************************
DISTRIBUTION: Tp2Mass
            -name in ljmet trees: Tprime2_ALGO_Mass
            -x-axis label is set to: ;M(T) [GeV])
            -using the binning as: [0.0, 60.0, 120.0, 180.0, 240.0, 300.0, 360.0, 420.0, 480.0, 540.0, 600.0, 660.0, 720.0, 780.0, 840.0, 900.0, 960.0, 1020.0, 1080.0, 1140.0, 1200.0, 1260.0, 1320.0, 1380.0, 1440.0, 1500.0, 1560.0, 1620.0, 1680.0, 1740.0, 1800.0, 1860.0, 1920.0, 1980.0, 2040.0, 2100.0, 2160.0, 2220.0, 2280.0, 2340.0, 2400.0, 2460.0, 2520.0, 2580.0, 2640.0, 2700.0, 2760.0, 2820.0, 2880.0, 2940.0, 3000.0]
/////////////////////////
PROCESSING:  TTM1800TZTZ
/////////////////////////
plotTreeName: Tprime2_DeepAK8_decorr_Mass
Flavour: E #tag: notV #algo: DeepAK8_decorr
Weights: 1 * 1 * 1 * pileupWeight * 1 * lepIdSF * EGammaGsfSF * 1 * (MCWeight_singleLepCalc/abs(MCWeight_singleLepCalc)) * 9.7394922041e-06
Cuts: (leptonPt_singleLepCalc > 50) && (corr_met_singleLepCalc > 55) && (AK4HT > 480) && (minDR_lepJet > 0.4 || ptRel_lepJet > 40) && (NJetsAK8_JetSubCalc > 2) && (minDR_leadAK8otherAK8 < 3.0) && DataPastTrigger == 1 && isElectron==1
****************************************************************************************************
****************************************************************************************************
DISTRIBUTION: Tp2Mass
            -name in ljmet trees: Tprime2_ALGO_Mass
            -x-axis label is set to: ;M(T) [GeV])
            -using the binning as: [0.0, 60.0, 120.0, 180.0, 240.0, 300.0, 360.0, 420.0, 480.0, 540.0, 600.0, 660.0, 720.0, 780.0, 840.0, 900.0, 960.0, 1020.0, 1080.0, 1140.0, 1200.0, 1260.0, 1320.0, 1380.0, 1440.0, 1500.0, 1560.0, 1620.0, 1680.0, 1740.0, 1800.0, 1860.0, 1920.0, 1980.0, 2040.0, 2100.0, 2160.0, 2220.0, 2280.0, 2340.0, 2400.0, 2460.0, 2520.0, 2580.0, 2640.0, 2700.0, 2760.0, 2820.0, 2880.0, 2940.0, 3000.0]
/////////////////////////
PROCESSING:  TTM1800TZBW
/////////////////////////
plotTreeName: Tprime2_DeepAK8_decorr_Mass
Flavour: E #tag: notV #algo: DeepAK8_decorr
Weights: 1 * 1 * 1 * pileupWeight * 1 * lepIdSF * EGammaGsfSF * 1 * (MCWeight_singleLepCalc/abs(MCWeight_singleLepCalc)) * 1.94789844082e-05
Cuts: (leptonPt_singleLepCalc > 50) && (corr_met_singleLepCalc > 55) && (AK4HT > 480) && (minDR_lepJet > 0.4 || ptRel_lepJet > 40) && (NJetsAK8_JetSubCalc > 2) && (minDR_leadAK8otherAK8 < 3.0) && DataPastTrigger == 1 && isElectron==1
****************************************************************************************************
****************************************************************************************************
DISTRIBUTION: Tp2Mass
            -name in ljmet trees: Tprime2_ALGO_Mass
            -x-axis label is set to: ;M(T) [GeV])
            -using the binning as: [0.0, 60.0, 120.0, 180.0, 240.0, 300.0, 360.0, 420.0, 480.0, 540.0, 600.0, 660.0, 720.0, 780.0, 840.0, 900.0, 960.0, 1020.0, 1080.0, 1140.0, 1200.0, 1260.0, 1320.0, 1380.0, 1440.0, 1500.0, 1560.0, 1620.0, 1680.0, 1740.0, 1800.0, 1860.0, 1920.0, 1980.0, 2040.0, 2100.0, 2160.0, 2220.0, 2280.0, 2340.0, 2400.0, 2460.0, 2520.0, 2580.0, 2640.0, 2700.0, 2760.0, 2820.0, 2880.0, 2940.0, 3000.0]
/////////////////////////
PROCESSING:  TTM1800THBW
/////////////////////////
plotTreeName: Tprime2_DeepAK8_decorr_Mass
Flavour: E #tag: notV #algo: DeepAK8_decorr
Weights: 1 * 1 * 1 * pileupWeight * 1 * lepIdSF * EGammaGsfSF * 1 * (MCWeight_singleLepCalc/abs(MCWeight_singleLepCalc)) * 1.94789844082e-05
Cuts: (leptonPt_singleLepCalc > 50) && (corr_met_singleLepCalc > 55) && (AK4HT > 480) && (minDR_lepJet > 0.4 || ptRel_lepJet > 40) && (NJetsAK8_JetSubCalc > 2) && (minDR_leadAK8otherAK8 < 3.0) && DataPastTrigger == 1 && isElectron==1
****************************************************************************************************
****************************************************************************************************
DISTRIBUTION: Tp2Mass
            -name in ljmet trees: Tprime2_ALGO_Mass
            -x-axis label is set to: ;M(T) [GeV])
            -using the binning as: [0.0, 60.0, 120.0, 180.0, 240.0, 300.0, 360.0, 420.0, 480.0, 540.0, 600.0, 660.0, 720.0, 780.0, 840.0, 900.0, 960.0, 1020.0, 1080.0, 1140.0, 1200.0, 1260.0, 1320.0, 1380.0, 1440.0, 1500.0, 1560.0, 1620.0, 1680.0, 1740.0, 1800.0, 1860.0, 1920.0, 1980.0, 2040.0, 2100.0, 2160.0, 2220.0, 2280.0, 2340.0, 2400.0, 2460.0, 2520.0, 2580.0, 2640.0, 2700.0, 2760.0, 2820.0, 2880.0, 2940.0, 3000.0]
/////////////////////////
PROCESSING:  TTM1800TZTH
/////////////////////////
plotTreeName: Tprime2_DeepAK8_decorr_Mass
Flavour: E #tag: notV #algo: DeepAK8_decorr
Weights: 1 * 1 * 1 * pileupWeight * 1 * lepIdSF * EGammaGsfSF * 1 * (MCWeight_singleLepCalc/abs(MCWeight_singleLepCalc)) * 9.7394922041e-06
Cuts: (leptonPt_singleLepCalc > 50) && (corr_met_singleLepCalc > 55) && (AK4HT > 480) && (minDR_lepJet > 0.4 || ptRel_lepJet > 40) && (NJetsAK8_JetSubCalc > 2) && (minDR_leadAK8otherAK8 < 3.0) && DataPastTrigger == 1 && isElectron==1
****************************************************************************************************
****************************************************************************************************
DISTRIBUTION: Tp2Mass
            -name in ljmet trees: Tprime2_ALGO_Mass
            -x-axis label is set to: ;M(T) [GeV])
            -using the binning as: [0.0, 60.0, 120.0, 180.0, 240.0, 300.0, 360.0, 420.0, 480.0, 540.0, 600.0, 660.0, 720.0, 780.0, 840.0, 900.0, 960.0, 1020.0, 1080.0, 1140.0, 1200.0, 1260.0, 1320.0, 1380.0, 1440.0, 1500.0, 1560.0, 1620.0, 1680.0, 1740.0, 1800.0, 1860.0, 1920.0, 1980.0, 2040.0, 2100.0, 2160.0, 2220.0, 2280.0, 2340.0, 2400.0, 2460.0, 2520.0, 2580.0, 2640.0, 2700.0, 2760.0, 2820.0, 2880.0, 2940.0, 3000.0]
/////////////////////////
PROCESSING:  WJetsMG400
/////////////////////////
plotTreeName: Tprime2_BEST_Mass
Flavour: M #tag: isV_bWbW #algo: BEST
Weights: 1 * HTSF_Pol * 1 * pileupWeight * 1 * lepIdSF * EGammaGsfSF * 1 * (MCWeight_singleLepCalc/abs(MCWeight_singleLepCalc)) * 0.280770227538
Cuts: (leptonPt_singleLepCalc > 50) && (corr_met_singleLepCalc > 55) && (AK4HT > 480) && (minDR_lepJet > 0.4 || ptRel_lepJet > 40) && (NJetsAK8_JetSubCalc > 2) && (minDR_leadAK8otherAK8 < 3.0) && DataPastTrigger == 1 && isMuon==1
****************************************************************************************************
****************************************************************************************************
DISTRIBUTION: Tp2Mass
            -name in ljmet trees: Tprime2_ALGO_Mass
            -x-axis label is set to: ;M(T) [GeV])
            -using the binning as: [0.0, 60.0, 120.0, 180.0, 240.0, 300.0, 360.0, 420.0, 480.0, 540.0, 600.0, 660.0, 720.0, 780.0, 840.0, 900.0, 960.0, 1020.0, 1080.0, 1140.0, 1200.0, 1260.0, 1320.0, 1380.0, 1440.0, 1500.0, 1560.0, 1620.0, 1680.0, 1740.0, 1800.0, 1860.0, 1920.0, 1980.0, 2040.0, 2100.0, 2160.0, 2220.0, 2280.0, 2340.0, 2400.0, 2460.0, 2520.0, 2580.0, 2640.0, 2700.0, 2760.0, 2820.0, 2880.0, 2940.0, 3000.0]
/////////////////////////
PROCESSING:  WJetsMG600
/////////////////////////
plotTreeName: Tprime2_BEST_Mass
Flavour: M #tag: isV_bWbW #algo: BEST
Weights: 1 * HTSF_Pol * 1 * pileupWeight * 1 * lepIdSF * EGammaGsfSF * 1 * (MCWeight_singleLepCalc/abs(MCWeight_singleLepCalc)) * 0.0287233231554
Cuts: (leptonPt_singleLepCalc > 50) && (corr_met_singleLepCalc > 55) && (AK4HT > 480) && (minDR_lepJet > 0.4 || ptRel_lepJet > 40) && (NJetsAK8_JetSubCalc > 2) && (minDR_leadAK8otherAK8 < 3.0) && DataPastTrigger == 1 && isMuon==1
****************************************************************************************************
****************************************************************************************************
DISTRIBUTION: Tp2Mass
            -name in ljmet trees: Tprime2_ALGO_Mass
            -x-axis label is set to: ;M(T) [GeV])
            -using the binning as: [0.0, 60.0, 120.0, 180.0, 240.0, 300.0, 360.0, 420.0, 480.0, 540.0, 600.0, 660.0, 720.0, 780.0, 840.0, 900.0, 960.0, 1020.0, 1080.0, 1140.0, 1200.0, 1260.0, 1320.0, 1380.0, 1440.0, 1500.0, 1560.0, 1620.0, 1680.0, 1740.0, 1800.0, 1860.0, 1920.0, 1980.0, 2040.0, 2100.0, 2160.0, 2220.0, 2280.0, 2340.0, 2400.0, 2460.0, 2520.0, 2580.0, 2640.0, 2700.0, 2760.0, 2820.0, 2880.0, 2940.0, 3000.0]
/////////////////////////
PROCESSING:  WJetsMG800
/////////////////////////
plotTreeName: Tprime2_BEST_Mass
Flavour: M #tag: isV_bWbW #algo: BEST
Weights: 1 * HTSF_Pol * 1 * pileupWeight * 1 * lepIdSF * EGammaGsfSF * 1 * (MCWeight_singleLepCalc/abs(MCWeight_singleLepCalc)) * 0.0316367902594
Cuts: (leptonPt_singleLepCalc > 50) && (corr_met_singleLepCalc > 55) && (AK4HT > 480) && (minDR_lepJet > 0.4 || ptRel_lepJet > 40) && (NJetsAK8_JetSubCalc > 2) && (minDR_leadAK8otherAK8 < 3.0) && DataPastTrigger == 1 && isMuon==1
****************************************************************************************************
****************************************************************************************************
DISTRIBUTION: Tp2Mass
            -name in ljmet trees: Tprime2_ALGO_Mass
            -x-axis label is set to: ;M(T) [GeV])
            -using the binning as: [0.0, 60.0, 120.0, 180.0, 240.0, 300.0, 360.0, 420.0, 480.0, 540.0, 600.0, 660.0, 720.0, 780.0, 840.0, 900.0, 960.0, 1020.0, 1080.0, 1140.0, 1200.0, 1260.0, 1320.0, 1380.0, 1440.0, 1500.0, 1560.0, 1620.0, 1680.0, 1740.0, 1800.0, 1860.0, 1920.0, 1980.0, 2040.0, 2100.0, 2160.0, 2220.0, 2280.0, 2340.0, 2400.0, 2460.0, 2520.0, 2580.0, 2640.0, 2700.0, 2760.0, 2820.0, 2880.0, 2940.0, 3000.0]
/////////////////////////
PROCESSING:  WJetsMG1200
/////////////////////////
plotTreeName: Tprime2_BEST_Mass
Flavour: M #tag: isV_bWbW #algo: BEST
Weights: 1 * HTSF_Pol * 1 * pileupWeight * 1 * lepIdSF * EGammaGsfSF * 1 * (MCWeight_singleLepCalc/abs(MCWeight_singleLepCalc)) * 0.00861414819858
Cuts: (leptonPt_singleLepCalc > 50) && (corr_met_singleLepCalc > 55) && (AK4HT > 480) && (minDR_lepJet > 0.4 || ptRel_lepJet > 40) && (NJetsAK8_JetSubCalc > 2) && (minDR_leadAK8otherAK8 < 3.0) && DataPastTrigger == 1 && isMuon==1
****************************************************************************************************
****************************************************************************************************
DISTRIBUTION: Tp2Mass
            -name in ljmet trees: Tprime2_ALGO_Mass
            -x-axis label is set to: ;M(T) [GeV])
            -using the binning as: [0.0, 60.0, 120.0, 180.0, 240.0, 300.0, 360.0, 420.0, 480.0, 540.0, 600.0, 660.0, 720.0, 780.0, 840.0, 900.0, 960.0, 1020.0, 1080.0, 1140.0, 1200.0, 1260.0, 1320.0, 1380.0, 1440.0, 1500.0, 1560.0, 1620.0, 1680.0, 1740.0, 1800.0, 1860.0, 1920.0, 1980.0, 2040.0, 2100.0, 2160.0, 2220.0, 2280.0, 2340.0, 2400.0, 2460.0, 2520.0, 2580.0, 2640.0, 2700.0, 2760.0, 2820.0, 2880.0, 2940.0, 3000.0]
/////////////////////////
PROCESSING:  WJetsMG2500
/////////////////////////
plotTreeName: Tprime2_BEST_Mass
Flavour: M #tag: isV_bWbW #algo: BEST
Weights: 1 * HTSF_Pol * 1 * pileupWeight * 1 * lepIdSF * EGammaGsfSF * 1 * (MCWeight_singleLepCalc/abs(MCWeight_singleLepCalc)) * 0.00054308661217
Cuts: (leptonPt_singleLepCalc > 50) && (corr_met_singleLepCalc > 55) && (AK4HT > 480) && (minDR_lepJet > 0.4 || ptRel_lepJet > 40) && (NJetsAK8_JetSubCalc > 2) && (minDR_leadAK8otherAK8 < 3.0) && DataPastTrigger == 1 && isMuon==1
****************************************************************************************************
****************************************************************************************************
DISTRIBUTION: Tp2Mass
            -name in ljmet trees: Tprime2_ALGO_Mass
            -x-axis label is set to: ;M(T) [GeV])
            -using the binning as: [0.0, 60.0, 120.0, 180.0, 240.0, 300.0, 360.0, 420.0, 480.0, 540.0, 600.0, 660.0, 720.0, 780.0, 840.0, 900.0, 960.0, 1020.0, 1080.0, 1140.0, 1200.0, 1260.0, 1320.0, 1380.0, 1440.0, 1500.0, 1560.0, 1620.0, 1680.0, 1740.0, 1800.0, 1860.0, 1920.0, 1980.0, 2040.0, 2100.0, 2160.0, 2220.0, 2280.0, 2340.0, 2400.0, 2460.0, 2520.0, 2580.0, 2640.0, 2700.0, 2760.0, 2820.0, 2880.0, 2940.0, 3000.0]
/////////////////////////
PROCESSING:  TTM1100BWBW
/////////////////////////
plotTreeName: Tprime2_BEST_Mass
Flavour: M #tag: isV_bWbW #algo: BEST
Weights: 1 * 1 * 1 * pileupWeight * 1 * lepIdSF * EGammaGsfSF * 1 * (MCWeight_singleLepCalc/abs(MCWeight_singleLepCalc)) * 0.00223239916536
Cuts: (leptonPt_singleLepCalc > 50) && (corr_met_singleLepCalc > 55) && (AK4HT > 480) && (minDR_lepJet > 0.4 || ptRel_lepJet > 40) && (NJetsAK8_JetSubCalc > 2) && (minDR_leadAK8otherAK8 < 3.0) && DataPastTrigger == 1 && isMuon==1
****************************************************************************************************
****************************************************************************************************
DISTRIBUTION: Tp2Mass
            -name in ljmet trees: Tprime2_ALGO_Mass
            -x-axis label is set to: ;M(T) [GeV])
            -using the binning as: [0.0, 60.0, 120.0, 180.0, 240.0, 300.0, 360.0, 420.0, 480.0, 540.0, 600.0, 660.0, 720.0, 780.0, 840.0, 900.0, 960.0, 1020.0, 1080.0, 1140.0, 1200.0, 1260.0, 1320.0, 1380.0, 1440.0, 1500.0, 1560.0, 1620.0, 1680.0, 1740.0, 1800.0, 1860.0, 1920.0, 1980.0, 2040.0, 2100.0, 2160.0, 2220.0, 2280.0, 2340.0, 2400.0, 2460.0, 2520.0, 2580.0, 2640.0, 2700.0, 2760.0, 2820.0, 2880.0, 2940.0, 3000.0]
/////////////////////////
PROCESSING:  TTM1100THTH
/////////////////////////
plotTreeName: Tprime2_BEST_Mass
Flavour: M #tag: isV_bWbW #algo: BEST
Weights: 1 * 1 * 1 * pileupWeight * 1 * lepIdSF * EGammaGsfSF * 1 * (MCWeight_singleLepCalc/abs(MCWeight_singleLepCalc)) * 0.000558099791339
Cuts: (leptonPt_singleLepCalc > 50) && (corr_met_singleLepCalc > 55) && (AK4HT > 480) && (minDR_lepJet > 0.4 || ptRel_lepJet > 40) && (NJetsAK8_JetSubCalc > 2) && (minDR_leadAK8otherAK8 < 3.0) && DataPastTrigger == 1 && isMuon==1
****************************************************************************************************
****************************************************************************************************
DISTRIBUTION: Tp2Mass
            -name in ljmet trees: Tprime2_ALGO_Mass
            -x-axis label is set to: ;M(T) [GeV])
            -using the binning as: [0.0, 60.0, 120.0, 180.0, 240.0, 300.0, 360.0, 420.0, 480.0, 540.0, 600.0, 660.0, 720.0, 780.0, 840.0, 900.0, 960.0, 1020.0, 1080.0, 1140.0, 1200.0, 1260.0, 1320.0, 1380.0, 1440.0, 1500.0, 1560.0, 1620.0, 1680.0, 1740.0, 1800.0, 1860.0, 1920.0, 1980.0, 2040.0, 2100.0, 2160.0, 2220.0, 2280.0, 2340.0, 2400.0, 2460.0, 2520.0, 2580.0, 2640.0, 2700.0, 2760.0, 2820.0, 2880.0, 2940.0, 3000.0]
/////////////////////////
PROCESSING:  TTM1100TZTZ
/////////////////////////
plotTreeName: Tprime2_BEST_Mass
Flavour: M #tag: isV_bWbW #algo: BEST
Weights: 1 * 1 * 1 * pileupWeight * 1 * lepIdSF * EGammaGsfSF * 1 * (MCWeight_singleLepCalc/abs(MCWeight_singleLepCalc)) * 0.000558099791339
Cuts: (leptonPt_singleLepCalc > 50) && (corr_met_singleLepCalc > 55) && (AK4HT > 480) && (minDR_lepJet > 0.4 || ptRel_lepJet > 40) && (NJetsAK8_JetSubCalc > 2) && (minDR_leadAK8otherAK8 < 3.0) && DataPastTrigger == 1 && isMuon==1
****************************************************************************************************
****************************************************************************************************
DISTRIBUTION: Tp2Mass
            -name in ljmet trees: Tprime2_ALGO_Mass
            -x-axis label is set to: ;M(T) [GeV])
            -using the binning as: [0.0, 60.0, 120.0, 180.0, 240.0, 300.0, 360.0, 420.0, 480.0, 540.0, 600.0, 660.0, 720.0, 780.0, 840.0, 900.0, 960.0, 1020.0, 1080.0, 1140.0, 1200.0, 1260.0, 1320.0, 1380.0, 1440.0, 1500.0, 1560.0, 1620.0, 1680.0, 1740.0, 1800.0, 1860.0, 1920.0, 1980.0, 2040.0, 2100.0, 2160.0, 2220.0, 2280.0, 2340.0, 2400.0, 2460.0, 2520.0, 2580.0, 2640.0, 2700.0, 2760.0, 2820.0, 2880.0, 2940.0, 3000.0]
/////////////////////////
PROCESSING:  TTM1100TZBW
/////////////////////////
plotTreeName: Tprime2_BEST_Mass
Flavour: M #tag: isV_bWbW #algo: BEST
Weights: 1 * 1 * 1 * pileupWeight * 1 * lepIdSF * EGammaGsfSF * 1 * (MCWeight_singleLepCalc/abs(MCWeight_singleLepCalc)) * 0.00111619958268
Cuts: (leptonPt_singleLepCalc > 50) && (corr_met_singleLepCalc > 55) && (AK4HT > 480) && (minDR_lepJet > 0.4 || ptRel_lepJet > 40) && (NJetsAK8_JetSubCalc > 2) && (minDR_leadAK8otherAK8 < 3.0) && DataPastTrigger == 1 && isMuon==1
****************************************************************************************************
****************************************************************************************************
DISTRIBUTION: Tp2Mass
            -name in ljmet trees: Tprime2_ALGO_Mass
            -x-axis label is set to: ;M(T) [GeV])
            -using the binning as: [0.0, 60.0, 120.0, 180.0, 240.0, 300.0, 360.0, 420.0, 480.0, 540.0, 600.0, 660.0, 720.0, 780.0, 840.0, 900.0, 960.0, 1020.0, 1080.0, 1140.0, 1200.0, 1260.0, 1320.0, 1380.0, 1440.0, 1500.0, 1560.0, 1620.0, 1680.0, 1740.0, 1800.0, 1860.0, 1920.0, 1980.0, 2040.0, 2100.0, 2160.0, 2220.0, 2280.0, 2340.0, 2400.0, 2460.0, 2520.0, 2580.0, 2640.0, 2700.0, 2760.0, 2820.0, 2880.0, 2940.0, 3000.0]
/////////////////////////
PROCESSING:  TTM1100THBW
/////////////////////////
plotTreeName: Tprime2_BEST_Mass
Flavour: M #tag: isV_bWbW #algo: BEST
Weights: 1 * 1 * 1 * pileupWeight * 1 * lepIdSF * EGammaGsfSF * 1 * (MCWeight_singleLepCalc/abs(MCWeight_singleLepCalc)) * 0.00111619958268
Cuts: (leptonPt_singleLepCalc > 50) && (corr_met_singleLepCalc > 55) && (AK4HT > 480) && (minDR_lepJet > 0.4 || ptRel_lepJet > 40) && (NJetsAK8_JetSubCalc > 2) && (minDR_leadAK8otherAK8 < 3.0) && DataPastTrigger == 1 && isMuon==1
****************************************************************************************************
****************************************************************************************************
DISTRIBUTION: Tp2Mass
            -name in ljmet trees: Tprime2_ALGO_Mass
            -x-axis label is set to: ;M(T) [GeV])
            -using the binning as: [0.0, 60.0, 120.0, 180.0, 240.0, 300.0, 360.0, 420.0, 480.0, 540.0, 600.0, 660.0, 720.0, 780.0, 840.0, 900.0, 960.0, 1020.0, 1080.0, 1140.0, 1200.0, 1260.0, 1320.0, 1380.0, 1440.0, 1500.0, 1560.0, 1620.0, 1680.0, 1740.0, 1800.0, 1860.0, 1920.0, 1980.0, 2040.0, 2100.0, 2160.0, 2220.0, 2280.0, 2340.0, 2400.0, 2460.0, 2520.0, 2580.0, 2640.0, 2700.0, 2760.0, 2820.0, 2880.0, 2940.0, 3000.0]
/////////////////////////
PROCESSING:  TTM1100TZTH
/////////////////////////
plotTreeName: Tprime2_BEST_Mass
Flavour: M #tag: isV_bWbW #algo: BEST
Weights: 1 * 1 * 1 * pileupWeight * 1 * lepIdSF * EGammaGsfSF * 1 * (MCWeight_singleLepCalc/abs(MCWeight_singleLepCalc)) * 0.000558099791339
Cuts: (leptonPt_singleLepCalc > 50) && (corr_met_singleLepCalc > 55) && (AK4HT > 480) && (minDR_lepJet > 0.4 || ptRel_lepJet > 40) && (NJetsAK8_JetSubCalc > 2) && (minDR_leadAK8otherAK8 < 3.0) && DataPastTrigger == 1 && isMuon==1
****************************************************************************************************
****************************************************************************************************
DISTRIBUTION: Tp2Mass
            -name in ljmet trees: Tprime2_ALGO_Mass
            -x-axis label is set to: ;M(T) [GeV])
            -using the binning as: [0.0, 60.0, 120.0, 180.0, 240.0, 300.0, 360.0, 420.0, 480.0, 540.0, 600.0, 660.0, 720.0, 780.0, 840.0, 900.0, 960.0, 1020.0, 1080.0, 1140.0, 1200.0, 1260.0, 1320.0, 1380.0, 1440.0, 1500.0, 1560.0, 1620.0, 1680.0, 1740.0, 1800.0, 1860.0, 1920.0, 1980.0, 2040.0, 2100.0, 2160.0, 2220.0, 2280.0, 2340.0, 2400.0, 2460.0, 2520.0, 2580.0, 2640.0, 2700.0, 2760.0, 2820.0, 2880.0, 2940.0, 3000.0]
/////////////////////////
PROCESSING:  TTM1200BWBW
/////////////////////////
plotTreeName: Tprime2_BEST_Mass
Flavour: M #tag: isV_bWbW #algo: BEST
Weights: 1 * 1 * 1 * pileupWeight * 1 * lepIdSF * EGammaGsfSF * 1 * (MCWeight_singleLepCalc/abs(MCWeight_singleLepCalc)) * 0.00117627847652
Cuts: (leptonPt_singleLepCalc > 50) && (corr_met_singleLepCalc > 55) && (AK4HT > 480) && (minDR_lepJet > 0.4 || ptRel_lepJet > 40) && (NJetsAK8_JetSubCalc > 2) && (minDR_leadAK8otherAK8 < 3.0) && DataPastTrigger == 1 && isMuon==1
****************************************************************************************************
****************************************************************************************************
DISTRIBUTION: Tp2Mass
            -name in ljmet trees: Tprime2_ALGO_Mass
            -x-axis label is set to: ;M(T) [GeV])
            -using the binning as: [0.0, 60.0, 120.0, 180.0, 240.0, 300.0, 360.0, 420.0, 480.0, 540.0, 600.0, 660.0, 720.0, 780.0, 840.0, 900.0, 960.0, 1020.0, 1080.0, 1140.0, 1200.0, 1260.0, 1320.0, 1380.0, 1440.0, 1500.0, 1560.0, 1620.0, 1680.0, 1740.0, 1800.0, 1860.0, 1920.0, 1980.0, 2040.0, 2100.0, 2160.0, 2220.0, 2280.0, 2340.0, 2400.0, 2460.0, 2520.0, 2580.0, 2640.0, 2700.0, 2760.0, 2820.0, 2880.0, 2940.0, 3000.0]
/////////////////////////
PROCESSING:  TTM1200THTH
/////////////////////////
plotTreeName: Tprime2_BEST_Mass
Flavour: M #tag: isV_bWbW #algo: BEST
Weights: 1 * 1 * 1 * pileupWeight * 1 * lepIdSF * EGammaGsfSF * 1 * (MCWeight_singleLepCalc/abs(MCWeight_singleLepCalc)) * 0.00029406961913
Cuts: (leptonPt_singleLepCalc > 50) && (corr_met_singleLepCalc > 55) && (AK4HT > 480) && (minDR_lepJet > 0.4 || ptRel_lepJet > 40) && (NJetsAK8_JetSubCalc > 2) && (minDR_leadAK8otherAK8 < 3.0) && DataPastTrigger == 1 && isMuon==1
****************************************************************************************************
****************************************************************************************************
DISTRIBUTION: Tp2Mass
            -name in ljmet trees: Tprime2_ALGO_Mass
            -x-axis label is set to: ;M(T) [GeV])
            -using the binning as: [0.0, 60.0, 120.0, 180.0, 240.0, 300.0, 360.0, 420.0, 480.0, 540.0, 600.0, 660.0, 720.0, 780.0, 840.0, 900.0, 960.0, 1020.0, 1080.0, 1140.0, 1200.0, 1260.0, 1320.0, 1380.0, 1440.0, 1500.0, 1560.0, 1620.0, 1680.0, 1740.0, 1800.0, 1860.0, 1920.0, 1980.0, 2040.0, 2100.0, 2160.0, 2220.0, 2280.0, 2340.0, 2400.0, 2460.0, 2520.0, 2580.0, 2640.0, 2700.0, 2760.0, 2820.0, 2880.0, 2940.0, 3000.0]
/////////////////////////
PROCESSING:  TTM1200TZTZ
/////////////////////////
plotTreeName: Tprime2_BEST_Mass
Flavour: M #tag: isV_bWbW #algo: BEST
Weights: 1 * 1 * 1 * pileupWeight * 1 * lepIdSF * EGammaGsfSF * 1 * (MCWeight_singleLepCalc/abs(MCWeight_singleLepCalc)) * 0.00029406961913
Cuts: (leptonPt_singleLepCalc > 50) && (corr_met_singleLepCalc > 55) && (AK4HT > 480) && (minDR_lepJet > 0.4 || ptRel_lepJet > 40) && (NJetsAK8_JetSubCalc > 2) && (minDR_leadAK8otherAK8 < 3.0) && DataPastTrigger == 1 && isMuon==1
****************************************************************************************************
****************************************************************************************************
DISTRIBUTION: Tp2Mass
            -name in ljmet trees: Tprime2_ALGO_Mass
            -x-axis label is set to: ;M(T) [GeV])
            -using the binning as: [0.0, 60.0, 120.0, 180.0, 240.0, 300.0, 360.0, 420.0, 480.0, 540.0, 600.0, 660.0, 720.0, 780.0, 840.0, 900.0, 960.0, 1020.0, 1080.0, 1140.0, 1200.0, 1260.0, 1320.0, 1380.0, 1440.0, 1500.0, 1560.0, 1620.0, 1680.0, 1740.0, 1800.0, 1860.0, 1920.0, 1980.0, 2040.0, 2100.0, 2160.0, 2220.0, 2280.0, 2340.0, 2400.0, 2460.0, 2520.0, 2580.0, 2640.0, 2700.0, 2760.0, 2820.0, 2880.0, 2940.0, 3000.0]
/////////////////////////
PROCESSING:  TTM1200TZBW
/////////////////////////
plotTreeName: Tprime2_BEST_Mass
Flavour: M #tag: isV_bWbW #algo: BEST
Weights: 1 * 1 * 1 * pileupWeight * 1 * lepIdSF * EGammaGsfSF * 1 * (MCWeight_singleLepCalc/abs(MCWeight_singleLepCalc)) * 0.000588139238259
Cuts: (leptonPt_singleLepCalc > 50) && (corr_met_singleLepCalc > 55) && (AK4HT > 480) && (minDR_lepJet > 0.4 || ptRel_lepJet > 40) && (NJetsAK8_JetSubCalc > 2) && (minDR_leadAK8otherAK8 < 3.0) && DataPastTrigger == 1 && isMuon==1
****************************************************************************************************
****************************************************************************************************
DISTRIBUTION: Tp2Mass
            -name in ljmet trees: Tprime2_ALGO_Mass
            -x-axis label is set to: ;M(T) [GeV])
            -using the binning as: [0.0, 60.0, 120.0, 180.0, 240.0, 300.0, 360.0, 420.0, 480.0, 540.0, 600.0, 660.0, 720.0, 780.0, 840.0, 900.0, 960.0, 1020.0, 1080.0, 1140.0, 1200.0, 1260.0, 1320.0, 1380.0, 1440.0, 1500.0, 1560.0, 1620.0, 1680.0, 1740.0, 1800.0, 1860.0, 1920.0, 1980.0, 2040.0, 2100.0, 2160.0, 2220.0, 2280.0, 2340.0, 2400.0, 2460.0, 2520.0, 2580.0, 2640.0, 2700.0, 2760.0, 2820.0, 2880.0, 2940.0, 3000.0]
/////////////////////////
PROCESSING:  TTM1200THBW
/////////////////////////
plotTreeName: Tprime2_BEST_Mass
Flavour: M #tag: isV_bWbW #algo: BEST
Weights: 1 * 1 * 1 * pileupWeight * 1 * lepIdSF * EGammaGsfSF * 1 * (MCWeight_singleLepCalc/abs(MCWeight_singleLepCalc)) * 0.000588139238259
Cuts: (leptonPt_singleLepCalc > 50) && (corr_met_singleLepCalc > 55) && (AK4HT > 480) && (minDR_lepJet > 0.4 || ptRel_lepJet > 40) && (NJetsAK8_JetSubCalc > 2) && (minDR_leadAK8otherAK8 < 3.0) && DataPastTrigger == 1 && isMuon==1
****************************************************************************************************
****************************************************************************************************
DISTRIBUTION: Tp2Mass
            -name in ljmet trees: Tprime2_ALGO_Mass
            -x-axis label is set to: ;M(T) [GeV])
            -using the binning as: [0.0, 60.0, 120.0, 180.0, 240.0, 300.0, 360.0, 420.0, 480.0, 540.0, 600.0, 660.0, 720.0, 780.0, 840.0, 900.0, 960.0, 1020.0, 1080.0, 1140.0, 1200.0, 1260.0, 1320.0, 1380.0, 1440.0, 1500.0, 1560.0, 1620.0, 1680.0, 1740.0, 1800.0, 1860.0, 1920.0, 1980.0, 2040.0, 2100.0, 2160.0, 2220.0, 2280.0, 2340.0, 2400.0, 2460.0, 2520.0, 2580.0, 2640.0, 2700.0, 2760.0, 2820.0, 2880.0, 2940.0, 3000.0]
/////////////////////////
PROCESSING:  TTM1200TZTH
/////////////////////////
plotTreeName: Tprime2_BEST_Mass
Flavour: M #tag: isV_bWbW #algo: BEST
Weights: 1 * 1 * 1 * pileupWeight * 1 * lepIdSF * EGammaGsfSF * 1 * (MCWeight_singleLepCalc/abs(MCWeight_singleLepCalc)) * 0.00029406961913
Cuts: (leptonPt_singleLepCalc > 50) && (corr_met_singleLepCalc > 55) && (AK4HT > 480) && (minDR_lepJet > 0.4 || ptRel_lepJet > 40) && (NJetsAK8_JetSubCalc > 2) && (minDR_leadAK8otherAK8 < 3.0) && DataPastTrigger == 1 && isMuon==1
****************************************************************************************************
****************************************************************************************************
DISTRIBUTION: Tp2Mass
            -name in ljmet trees: Tprime2_ALGO_Mass
            -x-axis label is set to: ;M(T) [GeV])
            -using the binning as: [0.0, 60.0, 120.0, 180.0, 240.0, 300.0, 360.0, 420.0, 480.0, 540.0, 600.0, 660.0, 720.0, 780.0, 840.0, 900.0, 960.0, 1020.0, 1080.0, 1140.0, 1200.0, 1260.0, 1320.0, 1380.0, 1440.0, 1500.0, 1560.0, 1620.0, 1680.0, 1740.0, 1800.0, 1860.0, 1920.0, 1980.0, 2040.0, 2100.0, 2160.0, 2220.0, 2280.0, 2340.0, 2400.0, 2460.0, 2520.0, 2580.0, 2640.0, 2700.0, 2760.0, 2820.0, 2880.0, 2940.0, 3000.0]
/////////////////////////
PROCESSING:  TTM1300BWBW
/////////////////////////
plotTreeName: Tprime2_BEST_Mass
Flavour: M #tag: isV_bWbW #algo: BEST
Weights: 1 * 1 * 1 * pileupWeight * 1 * lepIdSF * EGammaGsfSF * 1 * (MCWeight_singleLepCalc/abs(MCWeight_singleLepCalc)) * 0.00063821114509
Cuts: (leptonPt_singleLepCalc > 50) && (corr_met_singleLepCalc > 55) && (AK4HT > 480) && (minDR_lepJet > 0.4 || ptRel_lepJet > 40) && (NJetsAK8_JetSubCalc > 2) && (minDR_leadAK8otherAK8 < 3.0) && DataPastTrigger == 1 && isMuon==1
****************************************************************************************************
****************************************************************************************************
DISTRIBUTION: Tp2Mass
            -name in ljmet trees: Tprime2_ALGO_Mass
            -x-axis label is set to: ;M(T) [GeV])
            -using the binning as: [0.0, 60.0, 120.0, 180.0, 240.0, 300.0, 360.0, 420.0, 480.0, 540.0, 600.0, 660.0, 720.0, 780.0, 840.0, 900.0, 960.0, 1020.0, 1080.0, 1140.0, 1200.0, 1260.0, 1320.0, 1380.0, 1440.0, 1500.0, 1560.0, 1620.0, 1680.0, 1740.0, 1800.0, 1860.0, 1920.0, 1980.0, 2040.0, 2100.0, 2160.0, 2220.0, 2280.0, 2340.0, 2400.0, 2460.0, 2520.0, 2580.0, 2640.0, 2700.0, 2760.0, 2820.0, 2880.0, 2940.0, 3000.0]
/////////////////////////
PROCESSING:  TTM1300THTH
/////////////////////////
plotTreeName: Tprime2_BEST_Mass
Flavour: M #tag: isV_bWbW #algo: BEST
Weights: 1 * 1 * 1 * pileupWeight * 1 * lepIdSF * EGammaGsfSF * 1 * (MCWeight_singleLepCalc/abs(MCWeight_singleLepCalc)) * 0.000159552786272
Cuts: (leptonPt_singleLepCalc > 50) && (corr_met_singleLepCalc > 55) && (AK4HT > 480) && (minDR_lepJet > 0.4 || ptRel_lepJet > 40) && (NJetsAK8_JetSubCalc > 2) && (minDR_leadAK8otherAK8 < 3.0) && DataPastTrigger == 1 && isMuon==1
****************************************************************************************************
****************************************************************************************************
DISTRIBUTION: Tp2Mass
            -name in ljmet trees: Tprime2_ALGO_Mass
            -x-axis label is set to: ;M(T) [GeV])
            -using the binning as: [0.0, 60.0, 120.0, 180.0, 240.0, 300.0, 360.0, 420.0, 480.0, 540.0, 600.0, 660.0, 720.0, 780.0, 840.0, 900.0, 960.0, 1020.0, 1080.0, 1140.0, 1200.0, 1260.0, 1320.0, 1380.0, 1440.0, 1500.0, 1560.0, 1620.0, 1680.0, 1740.0, 1800.0, 1860.0, 1920.0, 1980.0, 2040.0, 2100.0, 2160.0, 2220.0, 2280.0, 2340.0, 2400.0, 2460.0, 2520.0, 2580.0, 2640.0, 2700.0, 2760.0, 2820.0, 2880.0, 2940.0, 3000.0]
/////////////////////////
PROCESSING:  TTM1300TZTZ
/////////////////////////
plotTreeName: Tprime2_BEST_Mass
Flavour: M #tag: isV_bWbW #algo: BEST
Weights: 1 * 1 * 1 * pileupWeight * 1 * lepIdSF * EGammaGsfSF * 1 * (MCWeight_singleLepCalc/abs(MCWeight_singleLepCalc)) * 0.000159552786272
Cuts: (leptonPt_singleLepCalc > 50) && (corr_met_singleLepCalc > 55) && (AK4HT > 480) && (minDR_lepJet > 0.4 || ptRel_lepJet > 40) && (NJetsAK8_JetSubCalc > 2) && (minDR_leadAK8otherAK8 < 3.0) && DataPastTrigger == 1 && isMuon==1
****************************************************************************************************
****************************************************************************************************
DISTRIBUTION: Tp2Mass
            -name in ljmet trees: Tprime2_ALGO_Mass
            -x-axis label is set to: ;M(T) [GeV])
            -using the binning as: [0.0, 60.0, 120.0, 180.0, 240.0, 300.0, 360.0, 420.0, 480.0, 540.0, 600.0, 660.0, 720.0, 780.0, 840.0, 900.0, 960.0, 1020.0, 1080.0, 1140.0, 1200.0, 1260.0, 1320.0, 1380.0, 1440.0, 1500.0, 1560.0, 1620.0, 1680.0, 1740.0, 1800.0, 1860.0, 1920.0, 1980.0, 2040.0, 2100.0, 2160.0, 2220.0, 2280.0, 2340.0, 2400.0, 2460.0, 2520.0, 2580.0, 2640.0, 2700.0, 2760.0, 2820.0, 2880.0, 2940.0, 3000.0]
/////////////////////////
PROCESSING:  TTM1300TZBW
/////////////////////////
plotTreeName: Tprime2_BEST_Mass
Flavour: M #tag: isV_bWbW #algo: BEST
Weights: 1 * 1 * 1 * pileupWeight * 1 * lepIdSF * EGammaGsfSF * 1 * (MCWeight_singleLepCalc/abs(MCWeight_singleLepCalc)) * 0.000319105572545
Cuts: (leptonPt_singleLepCalc > 50) && (corr_met_singleLepCalc > 55) && (AK4HT > 480) && (minDR_lepJet > 0.4 || ptRel_lepJet > 40) && (NJetsAK8_JetSubCalc > 2) && (minDR_leadAK8otherAK8 < 3.0) && DataPastTrigger == 1 && isMuon==1
****************************************************************************************************
****************************************************************************************************
DISTRIBUTION: Tp2Mass
            -name in ljmet trees: Tprime2_ALGO_Mass
            -x-axis label is set to: ;M(T) [GeV])
            -using the binning as: [0.0, 60.0, 120.0, 180.0, 240.0, 300.0, 360.0, 420.0, 480.0, 540.0, 600.0, 660.0, 720.0, 780.0, 840.0, 900.0, 960.0, 1020.0, 1080.0, 1140.0, 1200.0, 1260.0, 1320.0, 1380.0, 1440.0, 1500.0, 1560.0, 1620.0, 1680.0, 1740.0, 1800.0, 1860.0, 1920.0, 1980.0, 2040.0, 2100.0, 2160.0, 2220.0, 2280.0, 2340.0, 2400.0, 2460.0, 2520.0, 2580.0, 2640.0, 2700.0, 2760.0, 2820.0, 2880.0, 2940.0, 3000.0]
/////////////////////////
PROCESSING:  TTM1300THBW
/////////////////////////
plotTreeName: Tprime2_BEST_Mass
Flavour: M #tag: isV_bWbW #algo: BEST
Weights: 1 * 1 * 1 * pileupWeight * 1 * lepIdSF * EGammaGsfSF * 1 * (MCWeight_singleLepCalc/abs(MCWeight_singleLepCalc)) * 0.000319105572545
Cuts: (leptonPt_singleLepCalc > 50) && (corr_met_singleLepCalc > 55) && (AK4HT > 480) && (minDR_lepJet > 0.4 || ptRel_lepJet > 40) && (NJetsAK8_JetSubCalc > 2) && (minDR_leadAK8otherAK8 < 3.0) && DataPastTrigger == 1 && isMuon==1
****************************************************************************************************
****************************************************************************************************
DISTRIBUTION: Tp2Mass
            -name in ljmet trees: Tprime2_ALGO_Mass
            -x-axis label is set to: ;M(T) [GeV])
            -using the binning as: [0.0, 60.0, 120.0, 180.0, 240.0, 300.0, 360.0, 420.0, 480.0, 540.0, 600.0, 660.0, 720.0, 780.0, 840.0, 900.0, 960.0, 1020.0, 1080.0, 1140.0, 1200.0, 1260.0, 1320.0, 1380.0, 1440.0, 1500.0, 1560.0, 1620.0, 1680.0, 1740.0, 1800.0, 1860.0, 1920.0, 1980.0, 2040.0, 2100.0, 2160.0, 2220.0, 2280.0, 2340.0, 2400.0, 2460.0, 2520.0, 2580.0, 2640.0, 2700.0, 2760.0, 2820.0, 2880.0, 2940.0, 3000.0]
/////////////////////////
PROCESSING:  TTM1300TZTH
/////////////////////////
plotTreeName: Tprime2_BEST_Mass
Flavour: M #tag: isV_bWbW #algo: BEST
Weights: 1 * 1 * 1 * pileupWeight * 1 * lepIdSF * EGammaGsfSF * 1 * (MCWeight_singleLepCalc/abs(MCWeight_singleLepCalc)) * 0.000159552786272
Cuts: (leptonPt_singleLepCalc > 50) && (corr_met_singleLepCalc > 55) && (AK4HT > 480) && (minDR_lepJet > 0.4 || ptRel_lepJet > 40) && (NJetsAK8_JetSubCalc > 2) && (minDR_leadAK8otherAK8 < 3.0) && DataPastTrigger == 1 && isMuon==1
****************************************************************************************************
****************************************************************************************************
DISTRIBUTION: Tp2Mass
            -name in ljmet trees: Tprime2_ALGO_Mass
            -x-axis label is set to: ;M(T) [GeV])
            -using the binning as: [0.0, 60.0, 120.0, 180.0, 240.0, 300.0, 360.0, 420.0, 480.0, 540.0, 600.0, 660.0, 720.0, 780.0, 840.0, 900.0, 960.0, 1020.0, 1080.0, 1140.0, 1200.0, 1260.0, 1320.0, 1380.0, 1440.0, 1500.0, 1560.0, 1620.0, 1680.0, 1740.0, 1800.0, 1860.0, 1920.0, 1980.0, 2040.0, 2100.0, 2160.0, 2220.0, 2280.0, 2340.0, 2400.0, 2460.0, 2520.0, 2580.0, 2640.0, 2700.0, 2760.0, 2820.0, 2880.0, 2940.0, 3000.0]
/////////////////////////
PROCESSING:  TTM1400BWBW
/////////////////////////
plotTreeName: Tprime2_BEST_Mass
Flavour: M #tag: isV_bWbW #algo: BEST
Weights: 1 * 1 * 1 * pileupWeight * 1 * lepIdSF * EGammaGsfSF * 1 * (MCWeight_singleLepCalc/abs(MCWeight_singleLepCalc)) * 0.000352883542956
Cuts: (leptonPt_singleLepCalc > 50) && (corr_met_singleLepCalc > 55) && (AK4HT > 480) && (minDR_lepJet > 0.4 || ptRel_lepJet > 40) && (NJetsAK8_JetSubCalc > 2) && (minDR_leadAK8otherAK8 < 3.0) && DataPastTrigger == 1 && isMuon==1
****************************************************************************************************
****************************************************************************************************
DISTRIBUTION: Tp2Mass
            -name in ljmet trees: Tprime2_ALGO_Mass
            -x-axis label is set to: ;M(T) [GeV])
            -using the binning as: [0.0, 60.0, 120.0, 180.0, 240.0, 300.0, 360.0, 420.0, 480.0, 540.0, 600.0, 660.0, 720.0, 780.0, 840.0, 900.0, 960.0, 1020.0, 1080.0, 1140.0, 1200.0, 1260.0, 1320.0, 1380.0, 1440.0, 1500.0, 1560.0, 1620.0, 1680.0, 1740.0, 1800.0, 1860.0, 1920.0, 1980.0, 2040.0, 2100.0, 2160.0, 2220.0, 2280.0, 2340.0, 2400.0, 2460.0, 2520.0, 2580.0, 2640.0, 2700.0, 2760.0, 2820.0, 2880.0, 2940.0, 3000.0]
/////////////////////////
PROCESSING:  TTM1400THTH
/////////////////////////
plotTreeName: Tprime2_BEST_Mass
Flavour: M #tag: isV_bWbW #algo: BEST
Weights: 1 * 1 * 1 * pileupWeight * 1 * lepIdSF * EGammaGsfSF * 1 * (MCWeight_singleLepCalc/abs(MCWeight_singleLepCalc)) * 8.82208857389e-05
Cuts: (leptonPt_singleLepCalc > 50) && (corr_met_singleLepCalc > 55) && (AK4HT > 480) && (minDR_lepJet > 0.4 || ptRel_lepJet > 40) && (NJetsAK8_JetSubCalc > 2) && (minDR_leadAK8otherAK8 < 3.0) && DataPastTrigger == 1 && isMuon==1
****************************************************************************************************
****************************************************************************************************
DISTRIBUTION: Tp2Mass
            -name in ljmet trees: Tprime2_ALGO_Mass
            -x-axis label is set to: ;M(T) [GeV])
            -using the binning as: [0.0, 60.0, 120.0, 180.0, 240.0, 300.0, 360.0, 420.0, 480.0, 540.0, 600.0, 660.0, 720.0, 780.0, 840.0, 900.0, 960.0, 1020.0, 1080.0, 1140.0, 1200.0, 1260.0, 1320.0, 1380.0, 1440.0, 1500.0, 1560.0, 1620.0, 1680.0, 1740.0, 1800.0, 1860.0, 1920.0, 1980.0, 2040.0, 2100.0, 2160.0, 2220.0, 2280.0, 2340.0, 2400.0, 2460.0, 2520.0, 2580.0, 2640.0, 2700.0, 2760.0, 2820.0, 2880.0, 2940.0, 3000.0]
/////////////////////////
PROCESSING:  TTM1400TZTZ
/////////////////////////
plotTreeName: Tprime2_BEST_Mass
Flavour: M #tag: isV_bWbW #algo: BEST
Weights: 1 * 1 * 1 * pileupWeight * 1 * lepIdSF * EGammaGsfSF * 1 * (MCWeight_singleLepCalc/abs(MCWeight_singleLepCalc)) * 8.82208857389e-05
Cuts: (leptonPt_singleLepCalc > 50) && (corr_met_singleLepCalc > 55) && (AK4HT > 480) && (minDR_lepJet > 0.4 || ptRel_lepJet > 40) && (NJetsAK8_JetSubCalc > 2) && (minDR_leadAK8otherAK8 < 3.0) && DataPastTrigger == 1 && isMuon==1
****************************************************************************************************
****************************************************************************************************
DISTRIBUTION: Tp2Mass
            -name in ljmet trees: Tprime2_ALGO_Mass
            -x-axis label is set to: ;M(T) [GeV])
            -using the binning as: [0.0, 60.0, 120.0, 180.0, 240.0, 300.0, 360.0, 420.0, 480.0, 540.0, 600.0, 660.0, 720.0, 780.0, 840.0, 900.0, 960.0, 1020.0, 1080.0, 1140.0, 1200.0, 1260.0, 1320.0, 1380.0, 1440.0, 1500.0, 1560.0, 1620.0, 1680.0, 1740.0, 1800.0, 1860.0, 1920.0, 1980.0, 2040.0, 2100.0, 2160.0, 2220.0, 2280.0, 2340.0, 2400.0, 2460.0, 2520.0, 2580.0, 2640.0, 2700.0, 2760.0, 2820.0, 2880.0, 2940.0, 3000.0]
/////////////////////////
PROCESSING:  TTM1400TZBW
/////////////////////////
plotTreeName: Tprime2_BEST_Mass
Flavour: M #tag: isV_bWbW #algo: BEST
Weights: 1 * 1 * 1 * pileupWeight * 1 * lepIdSF * EGammaGsfSF * 1 * (MCWeight_singleLepCalc/abs(MCWeight_singleLepCalc)) * 0.000176441771478
Cuts: (leptonPt_singleLepCalc > 50) && (corr_met_singleLepCalc > 55) && (AK4HT > 480) && (minDR_lepJet > 0.4 || ptRel_lepJet > 40) && (NJetsAK8_JetSubCalc > 2) && (minDR_leadAK8otherAK8 < 3.0) && DataPastTrigger == 1 && isMuon==1
****************************************************************************************************
****************************************************************************************************
DISTRIBUTION: Tp2Mass
            -name in ljmet trees: Tprime2_ALGO_Mass
            -x-axis label is set to: ;M(T) [GeV])
            -using the binning as: [0.0, 60.0, 120.0, 180.0, 240.0, 300.0, 360.0, 420.0, 480.0, 540.0, 600.0, 660.0, 720.0, 780.0, 840.0, 900.0, 960.0, 1020.0, 1080.0, 1140.0, 1200.0, 1260.0, 1320.0, 1380.0, 1440.0, 1500.0, 1560.0, 1620.0, 1680.0, 1740.0, 1800.0, 1860.0, 1920.0, 1980.0, 2040.0, 2100.0, 2160.0, 2220.0, 2280.0, 2340.0, 2400.0, 2460.0, 2520.0, 2580.0, 2640.0, 2700.0, 2760.0, 2820.0, 2880.0, 2940.0, 3000.0]
/////////////////////////
PROCESSING:  TTM1400THBW
/////////////////////////
plotTreeName: Tprime2_BEST_Mass
Flavour: M #tag: isV_bWbW #algo: BEST
Weights: 1 * 1 * 1 * pileupWeight * 1 * lepIdSF * EGammaGsfSF * 1 * (MCWeight_singleLepCalc/abs(MCWeight_singleLepCalc)) * 0.000176441771478
Cuts: (leptonPt_singleLepCalc > 50) && (corr_met_singleLepCalc > 55) && (AK4HT > 480) && (minDR_lepJet > 0.4 || ptRel_lepJet > 40) && (NJetsAK8_JetSubCalc > 2) && (minDR_leadAK8otherAK8 < 3.0) && DataPastTrigger == 1 && isMuon==1
****************************************************************************************************
****************************************************************************************************
DISTRIBUTION: Tp2Mass
            -name in ljmet trees: Tprime2_ALGO_Mass
            -x-axis label is set to: ;M(T) [GeV])
            -using the binning as: [0.0, 60.0, 120.0, 180.0, 240.0, 300.0, 360.0, 420.0, 480.0, 540.0, 600.0, 660.0, 720.0, 780.0, 840.0, 900.0, 960.0, 1020.0, 1080.0, 1140.0, 1200.0, 1260.0, 1320.0, 1380.0, 1440.0, 1500.0, 1560.0, 1620.0, 1680.0, 1740.0, 1800.0, 1860.0, 1920.0, 1980.0, 2040.0, 2100.0, 2160.0, 2220.0, 2280.0, 2340.0, 2400.0, 2460.0, 2520.0, 2580.0, 2640.0, 2700.0, 2760.0, 2820.0, 2880.0, 2940.0, 3000.0]
/////////////////////////
PROCESSING:  TTM1400TZTH
/////////////////////////
plotTreeName: Tprime2_BEST_Mass
Flavour: M #tag: isV_bWbW #algo: BEST
Weights: 1 * 1 * 1 * pileupWeight * 1 * lepIdSF * EGammaGsfSF * 1 * (MCWeight_singleLepCalc/abs(MCWeight_singleLepCalc)) * 8.82208857389e-05
Cuts: (leptonPt_singleLepCalc > 50) && (corr_met_singleLepCalc > 55) && (AK4HT > 480) && (minDR_lepJet > 0.4 || ptRel_lepJet > 40) && (NJetsAK8_JetSubCalc > 2) && (minDR_leadAK8otherAK8 < 3.0) && DataPastTrigger == 1 && isMuon==1
****************************************************************************************************
****************************************************************************************************
DISTRIBUTION: Tp2Mass
            -name in ljmet trees: Tprime2_ALGO_Mass
            -x-axis label is set to: ;M(T) [GeV])
            -using the binning as: [0.0, 60.0, 120.0, 180.0, 240.0, 300.0, 360.0, 420.0, 480.0, 540.0, 600.0, 660.0, 720.0, 780.0, 840.0, 900.0, 960.0, 1020.0, 1080.0, 1140.0, 1200.0, 1260.0, 1320.0, 1380.0, 1440.0, 1500.0, 1560.0, 1620.0, 1680.0, 1740.0, 1800.0, 1860.0, 1920.0, 1980.0, 2040.0, 2100.0, 2160.0, 2220.0, 2280.0, 2340.0, 2400.0, 2460.0, 2520.0, 2580.0, 2640.0, 2700.0, 2760.0, 2820.0, 2880.0, 2940.0, 3000.0]
/////////////////////////
PROCESSING:  TTM1500BWBW
/////////////////////////
plotTreeName: Tprime2_BEST_Mass
Flavour: M #tag: isV_bWbW #algo: BEST
Weights: 1 * 1 * 1 * pileupWeight * 1 * lepIdSF * EGammaGsfSF * 1 * (MCWeight_singleLepCalc/abs(MCWeight_singleLepCalc)) * 0.00019932135405
Cuts: (leptonPt_singleLepCalc > 50) && (corr_met_singleLepCalc > 55) && (AK4HT > 480) && (minDR_lepJet > 0.4 || ptRel_lepJet > 40) && (NJetsAK8_JetSubCalc > 2) && (minDR_leadAK8otherAK8 < 3.0) && DataPastTrigger == 1 && isMuon==1
****************************************************************************************************
****************************************************************************************************
DISTRIBUTION: Tp2Mass
            -name in ljmet trees: Tprime2_ALGO_Mass
            -x-axis label is set to: ;M(T) [GeV])
            -using the binning as: [0.0, 60.0, 120.0, 180.0, 240.0, 300.0, 360.0, 420.0, 480.0, 540.0, 600.0, 660.0, 720.0, 780.0, 840.0, 900.0, 960.0, 1020.0, 1080.0, 1140.0, 1200.0, 1260.0, 1320.0, 1380.0, 1440.0, 1500.0, 1560.0, 1620.0, 1680.0, 1740.0, 1800.0, 1860.0, 1920.0, 1980.0, 2040.0, 2100.0, 2160.0, 2220.0, 2280.0, 2340.0, 2400.0, 2460.0, 2520.0, 2580.0, 2640.0, 2700.0, 2760.0, 2820.0, 2880.0, 2940.0, 3000.0]
/////////////////////////
PROCESSING:  TTM1500THTH
/////////////////////////
plotTreeName: Tprime2_BEST_Mass
Flavour: M #tag: isV_bWbW #algo: BEST
Weights: 1 * 1 * 1 * pileupWeight * 1 * lepIdSF * EGammaGsfSF * 1 * (MCWeight_singleLepCalc/abs(MCWeight_singleLepCalc)) * 4.98303385124e-05
Cuts: (leptonPt_singleLepCalc > 50) && (corr_met_singleLepCalc > 55) && (AK4HT > 480) && (minDR_lepJet > 0.4 || ptRel_lepJet > 40) && (NJetsAK8_JetSubCalc > 2) && (minDR_leadAK8otherAK8 < 3.0) && DataPastTrigger == 1 && isMuon==1
****************************************************************************************************
****************************************************************************************************
DISTRIBUTION: Tp2Mass
            -name in ljmet trees: Tprime2_ALGO_Mass
            -x-axis label is set to: ;M(T) [GeV])
            -using the binning as: [0.0, 60.0, 120.0, 180.0, 240.0, 300.0, 360.0, 420.0, 480.0, 540.0, 600.0, 660.0, 720.0, 780.0, 840.0, 900.0, 960.0, 1020.0, 1080.0, 1140.0, 1200.0, 1260.0, 1320.0, 1380.0, 1440.0, 1500.0, 1560.0, 1620.0, 1680.0, 1740.0, 1800.0, 1860.0, 1920.0, 1980.0, 2040.0, 2100.0, 2160.0, 2220.0, 2280.0, 2340.0, 2400.0, 2460.0, 2520.0, 2580.0, 2640.0, 2700.0, 2760.0, 2820.0, 2880.0, 2940.0, 3000.0]
/////////////////////////
PROCESSING:  TTM1500TZTZ
/////////////////////////
plotTreeName: Tprime2_BEST_Mass
Flavour: M #tag: isV_bWbW #algo: BEST
Weights: 1 * 1 * 1 * pileupWeight * 1 * lepIdSF * EGammaGsfSF * 1 * (MCWeight_singleLepCalc/abs(MCWeight_singleLepCalc)) * 4.98303385124e-05
Cuts: (leptonPt_singleLepCalc > 50) && (corr_met_singleLepCalc > 55) && (AK4HT > 480) && (minDR_lepJet > 0.4 || ptRel_lepJet > 40) && (NJetsAK8_JetSubCalc > 2) && (minDR_leadAK8otherAK8 < 3.0) && DataPastTrigger == 1 && isMuon==1
****************************************************************************************************
****************************************************************************************************
DISTRIBUTION: Tp2Mass
            -name in ljmet trees: Tprime2_ALGO_Mass
            -x-axis label is set to: ;M(T) [GeV])
            -using the binning as: [0.0, 60.0, 120.0, 180.0, 240.0, 300.0, 360.0, 420.0, 480.0, 540.0, 600.0, 660.0, 720.0, 780.0, 840.0, 900.0, 960.0, 1020.0, 1080.0, 1140.0, 1200.0, 1260.0, 1320.0, 1380.0, 1440.0, 1500.0, 1560.0, 1620.0, 1680.0, 1740.0, 1800.0, 1860.0, 1920.0, 1980.0, 2040.0, 2100.0, 2160.0, 2220.0, 2280.0, 2340.0, 2400.0, 2460.0, 2520.0, 2580.0, 2640.0, 2700.0, 2760.0, 2820.0, 2880.0, 2940.0, 3000.0]
/////////////////////////
PROCESSING:  TTM1500TZBW
/////////////////////////
plotTreeName: Tprime2_BEST_Mass
Flavour: M #tag: isV_bWbW #algo: BEST
Weights: 1 * 1 * 1 * pileupWeight * 1 * lepIdSF * EGammaGsfSF * 1 * (MCWeight_singleLepCalc/abs(MCWeight_singleLepCalc)) * 9.96606770248e-05
Cuts: (leptonPt_singleLepCalc > 50) && (corr_met_singleLepCalc > 55) && (AK4HT > 480) && (minDR_lepJet > 0.4 || ptRel_lepJet > 40) && (NJetsAK8_JetSubCalc > 2) && (minDR_leadAK8otherAK8 < 3.0) && DataPastTrigger == 1 && isMuon==1
****************************************************************************************************
****************************************************************************************************
DISTRIBUTION: Tp2Mass
            -name in ljmet trees: Tprime2_ALGO_Mass
            -x-axis label is set to: ;M(T) [GeV])
            -using the binning as: [0.0, 60.0, 120.0, 180.0, 240.0, 300.0, 360.0, 420.0, 480.0, 540.0, 600.0, 660.0, 720.0, 780.0, 840.0, 900.0, 960.0, 1020.0, 1080.0, 1140.0, 1200.0, 1260.0, 1320.0, 1380.0, 1440.0, 1500.0, 1560.0, 1620.0, 1680.0, 1740.0, 1800.0, 1860.0, 1920.0, 1980.0, 2040.0, 2100.0, 2160.0, 2220.0, 2280.0, 2340.0, 2400.0, 2460.0, 2520.0, 2580.0, 2640.0, 2700.0, 2760.0, 2820.0, 2880.0, 2940.0, 3000.0]
/////////////////////////
PROCESSING:  TTM1500THBW
/////////////////////////
plotTreeName: Tprime2_BEST_Mass
Flavour: M #tag: isV_bWbW #algo: BEST
Weights: 1 * 1 * 1 * pileupWeight * 1 * lepIdSF * EGammaGsfSF * 1 * (MCWeight_singleLepCalc/abs(MCWeight_singleLepCalc)) * 9.96606770248e-05
Cuts: (leptonPt_singleLepCalc > 50) && (corr_met_singleLepCalc > 55) && (AK4HT > 480) && (minDR_lepJet > 0.4 || ptRel_lepJet > 40) && (NJetsAK8_JetSubCalc > 2) && (minDR_leadAK8otherAK8 < 3.0) && DataPastTrigger == 1 && isMuon==1
****************************************************************************************************
****************************************************************************************************
DISTRIBUTION: Tp2Mass
            -name in ljmet trees: Tprime2_ALGO_Mass
            -x-axis label is set to: ;M(T) [GeV])
            -using the binning as: [0.0, 60.0, 120.0, 180.0, 240.0, 300.0, 360.0, 420.0, 480.0, 540.0, 600.0, 660.0, 720.0, 780.0, 840.0, 900.0, 960.0, 1020.0, 1080.0, 1140.0, 1200.0, 1260.0, 1320.0, 1380.0, 1440.0, 1500.0, 1560.0, 1620.0, 1680.0, 1740.0, 1800.0, 1860.0, 1920.0, 1980.0, 2040.0, 2100.0, 2160.0, 2220.0, 2280.0, 2340.0, 2400.0, 2460.0, 2520.0, 2580.0, 2640.0, 2700.0, 2760.0, 2820.0, 2880.0, 2940.0, 3000.0]
/////////////////////////
PROCESSING:  TTM1500TZTH
/////////////////////////
plotTreeName: Tprime2_BEST_Mass
Flavour: M #tag: isV_bWbW #algo: BEST
Weights: 1 * 1 * 1 * pileupWeight * 1 * lepIdSF * EGammaGsfSF * 1 * (MCWeight_singleLepCalc/abs(MCWeight_singleLepCalc)) * 4.98303385124e-05
Cuts: (leptonPt_singleLepCalc > 50) && (corr_met_singleLepCalc > 55) && (AK4HT > 480) && (minDR_lepJet > 0.4 || ptRel_lepJet > 40) && (NJetsAK8_JetSubCalc > 2) && (minDR_leadAK8otherAK8 < 3.0) && DataPastTrigger == 1 && isMuon==1
****************************************************************************************************
****************************************************************************************************
DISTRIBUTION: Tp2Mass
            -name in ljmet trees: Tprime2_ALGO_Mass
            -x-axis label is set to: ;M(T) [GeV])
            -using the binning as: [0.0, 60.0, 120.0, 180.0, 240.0, 300.0, 360.0, 420.0, 480.0, 540.0, 600.0, 660.0, 720.0, 780.0, 840.0, 900.0, 960.0, 1020.0, 1080.0, 1140.0, 1200.0, 1260.0, 1320.0, 1380.0, 1440.0, 1500.0, 1560.0, 1620.0, 1680.0, 1740.0, 1800.0, 1860.0, 1920.0, 1980.0, 2040.0, 2100.0, 2160.0, 2220.0, 2280.0, 2340.0, 2400.0, 2460.0, 2520.0, 2580.0, 2640.0, 2700.0, 2760.0, 2820.0, 2880.0, 2940.0, 3000.0]
/////////////////////////
PROCESSING:  TTM1600BWBW
/////////////////////////
plotTreeName: Tprime2_BEST_Mass
Flavour: M #tag: isV_bWbW #algo: BEST
Weights: 1 * 1 * 1 * pileupWeight * 1 * lepIdSF * EGammaGsfSF * 1 * (MCWeight_singleLepCalc/abs(MCWeight_singleLepCalc)) * 0.000114437939919
Cuts: (leptonPt_singleLepCalc > 50) && (corr_met_singleLepCalc > 55) && (AK4HT > 480) && (minDR_lepJet > 0.4 || ptRel_lepJet > 40) && (NJetsAK8_JetSubCalc > 2) && (minDR_leadAK8otherAK8 < 3.0) && DataPastTrigger == 1 && isMuon==1
****************************************************************************************************
****************************************************************************************************
DISTRIBUTION: Tp2Mass
            -name in ljmet trees: Tprime2_ALGO_Mass
            -x-axis label is set to: ;M(T) [GeV])
            -using the binning as: [0.0, 60.0, 120.0, 180.0, 240.0, 300.0, 360.0, 420.0, 480.0, 540.0, 600.0, 660.0, 720.0, 780.0, 840.0, 900.0, 960.0, 1020.0, 1080.0, 1140.0, 1200.0, 1260.0, 1320.0, 1380.0, 1440.0, 1500.0, 1560.0, 1620.0, 1680.0, 1740.0, 1800.0, 1860.0, 1920.0, 1980.0, 2040.0, 2100.0, 2160.0, 2220.0, 2280.0, 2340.0, 2400.0, 2460.0, 2520.0, 2580.0, 2640.0, 2700.0, 2760.0, 2820.0, 2880.0, 2940.0, 3000.0]
/////////////////////////
PROCESSING:  TTM1600THTH
/////////////////////////
plotTreeName: Tprime2_BEST_Mass
Flavour: M #tag: isV_bWbW #algo: BEST
Weights: 1 * 1 * 1 * pileupWeight * 1 * lepIdSF * EGammaGsfSF * 1 * (MCWeight_singleLepCalc/abs(MCWeight_singleLepCalc)) * 2.86094849797e-05
Cuts: (leptonPt_singleLepCalc > 50) && (corr_met_singleLepCalc > 55) && (AK4HT > 480) && (minDR_lepJet > 0.4 || ptRel_lepJet > 40) && (NJetsAK8_JetSubCalc > 2) && (minDR_leadAK8otherAK8 < 3.0) && DataPastTrigger == 1 && isMuon==1
****************************************************************************************************
****************************************************************************************************
DISTRIBUTION: Tp2Mass
            -name in ljmet trees: Tprime2_ALGO_Mass
            -x-axis label is set to: ;M(T) [GeV])
            -using the binning as: [0.0, 60.0, 120.0, 180.0, 240.0, 300.0, 360.0, 420.0, 480.0, 540.0, 600.0, 660.0, 720.0, 780.0, 840.0, 900.0, 960.0, 1020.0, 1080.0, 1140.0, 1200.0, 1260.0, 1320.0, 1380.0, 1440.0, 1500.0, 1560.0, 1620.0, 1680.0, 1740.0, 1800.0, 1860.0, 1920.0, 1980.0, 2040.0, 2100.0, 2160.0, 2220.0, 2280.0, 2340.0, 2400.0, 2460.0, 2520.0, 2580.0, 2640.0, 2700.0, 2760.0, 2820.0, 2880.0, 2940.0, 3000.0]
/////////////////////////
PROCESSING:  TTM1600TZTZ
/////////////////////////
plotTreeName: Tprime2_BEST_Mass
Flavour: M #tag: isV_bWbW #algo: BEST
Weights: 1 * 1 * 1 * pileupWeight * 1 * lepIdSF * EGammaGsfSF * 1 * (MCWeight_singleLepCalc/abs(MCWeight_singleLepCalc)) * 2.86094849797e-05
Cuts: (leptonPt_singleLepCalc > 50) && (corr_met_singleLepCalc > 55) && (AK4HT > 480) && (minDR_lepJet > 0.4 || ptRel_lepJet > 40) && (NJetsAK8_JetSubCalc > 2) && (minDR_leadAK8otherAK8 < 3.0) && DataPastTrigger == 1 && isMuon==1
****************************************************************************************************
****************************************************************************************************
DISTRIBUTION: Tp2Mass
            -name in ljmet trees: Tprime2_ALGO_Mass
            -x-axis label is set to: ;M(T) [GeV])
            -using the binning as: [0.0, 60.0, 120.0, 180.0, 240.0, 300.0, 360.0, 420.0, 480.0, 540.0, 600.0, 660.0, 720.0, 780.0, 840.0, 900.0, 960.0, 1020.0, 1080.0, 1140.0, 1200.0, 1260.0, 1320.0, 1380.0, 1440.0, 1500.0, 1560.0, 1620.0, 1680.0, 1740.0, 1800.0, 1860.0, 1920.0, 1980.0, 2040.0, 2100.0, 2160.0, 2220.0, 2280.0, 2340.0, 2400.0, 2460.0, 2520.0, 2580.0, 2640.0, 2700.0, 2760.0, 2820.0, 2880.0, 2940.0, 3000.0]
/////////////////////////
PROCESSING:  TTM1600TZBW
/////////////////////////
plotTreeName: Tprime2_BEST_Mass
Flavour: M #tag: isV_bWbW #algo: BEST
Weights: 1 * 1 * 1 * pileupWeight * 1 * lepIdSF * EGammaGsfSF * 1 * (MCWeight_singleLepCalc/abs(MCWeight_singleLepCalc)) * 5.72189699595e-05
Cuts: (leptonPt_singleLepCalc > 50) && (corr_met_singleLepCalc > 55) && (AK4HT > 480) && (minDR_lepJet > 0.4 || ptRel_lepJet > 40) && (NJetsAK8_JetSubCalc > 2) && (minDR_leadAK8otherAK8 < 3.0) && DataPastTrigger == 1 && isMuon==1
****************************************************************************************************
****************************************************************************************************
DISTRIBUTION: Tp2Mass
            -name in ljmet trees: Tprime2_ALGO_Mass
            -x-axis label is set to: ;M(T) [GeV])
            -using the binning as: [0.0, 60.0, 120.0, 180.0, 240.0, 300.0, 360.0, 420.0, 480.0, 540.0, 600.0, 660.0, 720.0, 780.0, 840.0, 900.0, 960.0, 1020.0, 1080.0, 1140.0, 1200.0, 1260.0, 1320.0, 1380.0, 1440.0, 1500.0, 1560.0, 1620.0, 1680.0, 1740.0, 1800.0, 1860.0, 1920.0, 1980.0, 2040.0, 2100.0, 2160.0, 2220.0, 2280.0, 2340.0, 2400.0, 2460.0, 2520.0, 2580.0, 2640.0, 2700.0, 2760.0, 2820.0, 2880.0, 2940.0, 3000.0]
/////////////////////////
PROCESSING:  TTM1600THBW
/////////////////////////
plotTreeName: Tprime2_BEST_Mass
Flavour: M #tag: isV_bWbW #algo: BEST
Weights: 1 * 1 * 1 * pileupWeight * 1 * lepIdSF * EGammaGsfSF * 1 * (MCWeight_singleLepCalc/abs(MCWeight_singleLepCalc)) * 5.72189699595e-05
Cuts: (leptonPt_singleLepCalc > 50) && (corr_met_singleLepCalc > 55) && (AK4HT > 480) && (minDR_lepJet > 0.4 || ptRel_lepJet > 40) && (NJetsAK8_JetSubCalc > 2) && (minDR_leadAK8otherAK8 < 3.0) && DataPastTrigger == 1 && isMuon==1
****************************************************************************************************
****************************************************************************************************
DISTRIBUTION: Tp2Mass
            -name in ljmet trees: Tprime2_ALGO_Mass
            -x-axis label is set to: ;M(T) [GeV])
            -using the binning as: [0.0, 60.0, 120.0, 180.0, 240.0, 300.0, 360.0, 420.0, 480.0, 540.0, 600.0, 660.0, 720.0, 780.0, 840.0, 900.0, 960.0, 1020.0, 1080.0, 1140.0, 1200.0, 1260.0, 1320.0, 1380.0, 1440.0, 1500.0, 1560.0, 1620.0, 1680.0, 1740.0, 1800.0, 1860.0, 1920.0, 1980.0, 2040.0, 2100.0, 2160.0, 2220.0, 2280.0, 2340.0, 2400.0, 2460.0, 2520.0, 2580.0, 2640.0, 2700.0, 2760.0, 2820.0, 2880.0, 2940.0, 3000.0]
/////////////////////////
PROCESSING:  TTM1600TZTH
/////////////////////////
plotTreeName: Tprime2_BEST_Mass
Flavour: M #tag: isV_bWbW #algo: BEST
Weights: 1 * 1 * 1 * pileupWeight * 1 * lepIdSF * EGammaGsfSF * 1 * (MCWeight_singleLepCalc/abs(MCWeight_singleLepCalc)) * 2.86094849797e-05
Cuts: (leptonPt_singleLepCalc > 50) && (corr_met_singleLepCalc > 55) && (AK4HT > 480) && (minDR_lepJet > 0.4 || ptRel_lepJet > 40) && (NJetsAK8_JetSubCalc > 2) && (minDR_leadAK8otherAK8 < 3.0) && DataPastTrigger == 1 && isMuon==1
****************************************************************************************************
****************************************************************************************************
DISTRIBUTION: Tp2Mass
            -name in ljmet trees: Tprime2_ALGO_Mass
            -x-axis label is set to: ;M(T) [GeV])
            -using the binning as: [0.0, 60.0, 120.0, 180.0, 240.0, 300.0, 360.0, 420.0, 480.0, 540.0, 600.0, 660.0, 720.0, 780.0, 840.0, 900.0, 960.0, 1020.0, 1080.0, 1140.0, 1200.0, 1260.0, 1320.0, 1380.0, 1440.0, 1500.0, 1560.0, 1620.0, 1680.0, 1740.0, 1800.0, 1860.0, 1920.0, 1980.0, 2040.0, 2100.0, 2160.0, 2220.0, 2280.0, 2340.0, 2400.0, 2460.0, 2520.0, 2580.0, 2640.0, 2700.0, 2760.0, 2820.0, 2880.0, 2940.0, 3000.0]
/////////////////////////
PROCESSING:  TTM1700BWBW
/////////////////////////
plotTreeName: Tprime2_BEST_Mass
Flavour: M #tag: isV_bWbW #algo: BEST
Weights: 1 * 1 * 1 * pileupWeight * 1 * lepIdSF * EGammaGsfSF * 1 * (MCWeight_singleLepCalc/abs(MCWeight_singleLepCalc)) * 6.93554282011e-05
Cuts: (leptonPt_singleLepCalc > 50) && (corr_met_singleLepCalc > 55) && (AK4HT > 480) && (minDR_lepJet > 0.4 || ptRel_lepJet > 40) && (NJetsAK8_JetSubCalc > 2) && (minDR_leadAK8otherAK8 < 3.0) && DataPastTrigger == 1 && isMuon==1
****************************************************************************************************
****************************************************************************************************
DISTRIBUTION: Tp2Mass
            -name in ljmet trees: Tprime2_ALGO_Mass
            -x-axis label is set to: ;M(T) [GeV])
            -using the binning as: [0.0, 60.0, 120.0, 180.0, 240.0, 300.0, 360.0, 420.0, 480.0, 540.0, 600.0, 660.0, 720.0, 780.0, 840.0, 900.0, 960.0, 1020.0, 1080.0, 1140.0, 1200.0, 1260.0, 1320.0, 1380.0, 1440.0, 1500.0, 1560.0, 1620.0, 1680.0, 1740.0, 1800.0, 1860.0, 1920.0, 1980.0, 2040.0, 2100.0, 2160.0, 2220.0, 2280.0, 2340.0, 2400.0, 2460.0, 2520.0, 2580.0, 2640.0, 2700.0, 2760.0, 2820.0, 2880.0, 2940.0, 3000.0]
/////////////////////////
PROCESSING:  TTM1700THTH
/////////////////////////
plotTreeName: Tprime2_BEST_Mass
Flavour: M #tag: isV_bWbW #algo: BEST
Weights: 1 * 1 * 1 * pileupWeight * 1 * lepIdSF * EGammaGsfSF * 1 * (MCWeight_singleLepCalc/abs(MCWeight_singleLepCalc)) * 1.73388570503e-05
Cuts: (leptonPt_singleLepCalc > 50) && (corr_met_singleLepCalc > 55) && (AK4HT > 480) && (minDR_lepJet > 0.4 || ptRel_lepJet > 40) && (NJetsAK8_JetSubCalc > 2) && (minDR_leadAK8otherAK8 < 3.0) && DataPastTrigger == 1 && isMuon==1
****************************************************************************************************
****************************************************************************************************
DISTRIBUTION: Tp2Mass
            -name in ljmet trees: Tprime2_ALGO_Mass
            -x-axis label is set to: ;M(T) [GeV])
            -using the binning as: [0.0, 60.0, 120.0, 180.0, 240.0, 300.0, 360.0, 420.0, 480.0, 540.0, 600.0, 660.0, 720.0, 780.0, 840.0, 900.0, 960.0, 1020.0, 1080.0, 1140.0, 1200.0, 1260.0, 1320.0, 1380.0, 1440.0, 1500.0, 1560.0, 1620.0, 1680.0, 1740.0, 1800.0, 1860.0, 1920.0, 1980.0, 2040.0, 2100.0, 2160.0, 2220.0, 2280.0, 2340.0, 2400.0, 2460.0, 2520.0, 2580.0, 2640.0, 2700.0, 2760.0, 2820.0, 2880.0, 2940.0, 3000.0]
/////////////////////////
PROCESSING:  TTM1700TZTZ
/////////////////////////
plotTreeName: Tprime2_BEST_Mass
Flavour: M #tag: isV_bWbW #algo: BEST
Weights: 1 * 1 * 1 * pileupWeight * 1 * lepIdSF * EGammaGsfSF * 1 * (MCWeight_singleLepCalc/abs(MCWeight_singleLepCalc)) * 1.73388570503e-05
Cuts: (leptonPt_singleLepCalc > 50) && (corr_met_singleLepCalc > 55) && (AK4HT > 480) && (minDR_lepJet > 0.4 || ptRel_lepJet > 40) && (NJetsAK8_JetSubCalc > 2) && (minDR_leadAK8otherAK8 < 3.0) && DataPastTrigger == 1 && isMuon==1
****************************************************************************************************
****************************************************************************************************
DISTRIBUTION: Tp2Mass
            -name in ljmet trees: Tprime2_ALGO_Mass
            -x-axis label is set to: ;M(T) [GeV])
            -using the binning as: [0.0, 60.0, 120.0, 180.0, 240.0, 300.0, 360.0, 420.0, 480.0, 540.0, 600.0, 660.0, 720.0, 780.0, 840.0, 900.0, 960.0, 1020.0, 1080.0, 1140.0, 1200.0, 1260.0, 1320.0, 1380.0, 1440.0, 1500.0, 1560.0, 1620.0, 1680.0, 1740.0, 1800.0, 1860.0, 1920.0, 1980.0, 2040.0, 2100.0, 2160.0, 2220.0, 2280.0, 2340.0, 2400.0, 2460.0, 2520.0, 2580.0, 2640.0, 2700.0, 2760.0, 2820.0, 2880.0, 2940.0, 3000.0]
/////////////////////////
PROCESSING:  TTM1700TZBW
/////////////////////////
plotTreeName: Tprime2_BEST_Mass
Flavour: M #tag: isV_bWbW #algo: BEST
Weights: 1 * 1 * 1 * pileupWeight * 1 * lepIdSF * EGammaGsfSF * 1 * (MCWeight_singleLepCalc/abs(MCWeight_singleLepCalc)) * 3.46777141005e-05
Cuts: (leptonPt_singleLepCalc > 50) && (corr_met_singleLepCalc > 55) && (AK4HT > 480) && (minDR_lepJet > 0.4 || ptRel_lepJet > 40) && (NJetsAK8_JetSubCalc > 2) && (minDR_leadAK8otherAK8 < 3.0) && DataPastTrigger == 1 && isMuon==1
****************************************************************************************************
****************************************************************************************************
DISTRIBUTION: Tp2Mass
            -name in ljmet trees: Tprime2_ALGO_Mass
            -x-axis label is set to: ;M(T) [GeV])
            -using the binning as: [0.0, 60.0, 120.0, 180.0, 240.0, 300.0, 360.0, 420.0, 480.0, 540.0, 600.0, 660.0, 720.0, 780.0, 840.0, 900.0, 960.0, 1020.0, 1080.0, 1140.0, 1200.0, 1260.0, 1320.0, 1380.0, 1440.0, 1500.0, 1560.0, 1620.0, 1680.0, 1740.0, 1800.0, 1860.0, 1920.0, 1980.0, 2040.0, 2100.0, 2160.0, 2220.0, 2280.0, 2340.0, 2400.0, 2460.0, 2520.0, 2580.0, 2640.0, 2700.0, 2760.0, 2820.0, 2880.0, 2940.0, 3000.0]
/////////////////////////
PROCESSING:  TTM1700THBW
/////////////////////////
plotTreeName: Tprime2_BEST_Mass
Flavour: M #tag: isV_bWbW #algo: BEST
Weights: 1 * 1 * 1 * pileupWeight * 1 * lepIdSF * EGammaGsfSF * 1 * (MCWeight_singleLepCalc/abs(MCWeight_singleLepCalc)) * 3.46777141005e-05
Cuts: (leptonPt_singleLepCalc > 50) && (corr_met_singleLepCalc > 55) && (AK4HT > 480) && (minDR_lepJet > 0.4 || ptRel_lepJet > 40) && (NJetsAK8_JetSubCalc > 2) && (minDR_leadAK8otherAK8 < 3.0) && DataPastTrigger == 1 && isMuon==1
****************************************************************************************************
****************************************************************************************************
DISTRIBUTION: Tp2Mass
            -name in ljmet trees: Tprime2_ALGO_Mass
            -x-axis label is set to: ;M(T) [GeV])
            -using the binning as: [0.0, 60.0, 120.0, 180.0, 240.0, 300.0, 360.0, 420.0, 480.0, 540.0, 600.0, 660.0, 720.0, 780.0, 840.0, 900.0, 960.0, 1020.0, 1080.0, 1140.0, 1200.0, 1260.0, 1320.0, 1380.0, 1440.0, 1500.0, 1560.0, 1620.0, 1680.0, 1740.0, 1800.0, 1860.0, 1920.0, 1980.0, 2040.0, 2100.0, 2160.0, 2220.0, 2280.0, 2340.0, 2400.0, 2460.0, 2520.0, 2580.0, 2640.0, 2700.0, 2760.0, 2820.0, 2880.0, 2940.0, 3000.0]
/////////////////////////
PROCESSING:  TTM1700TZTH
/////////////////////////
plotTreeName: Tprime2_BEST_Mass
Flavour: M #tag: isV_bWbW #algo: BEST
Weights: 1 * 1 * 1 * pileupWeight * 1 * lepIdSF * EGammaGsfSF * 1 * (MCWeight_singleLepCalc/abs(MCWeight_singleLepCalc)) * 1.73388570503e-05
Cuts: (leptonPt_singleLepCalc > 50) && (corr_met_singleLepCalc > 55) && (AK4HT > 480) && (minDR_lepJet > 0.4 || ptRel_lepJet > 40) && (NJetsAK8_JetSubCalc > 2) && (minDR_leadAK8otherAK8 < 3.0) && DataPastTrigger == 1 && isMuon==1
****************************************************************************************************
****************************************************************************************************
DISTRIBUTION: Tp2Mass
            -name in ljmet trees: Tprime2_ALGO_Mass
            -x-axis label is set to: ;M(T) [GeV])
            -using the binning as: [0.0, 60.0, 120.0, 180.0, 240.0, 300.0, 360.0, 420.0, 480.0, 540.0, 600.0, 660.0, 720.0, 780.0, 840.0, 900.0, 960.0, 1020.0, 1080.0, 1140.0, 1200.0, 1260.0, 1320.0, 1380.0, 1440.0, 1500.0, 1560.0, 1620.0, 1680.0, 1740.0, 1800.0, 1860.0, 1920.0, 1980.0, 2040.0, 2100.0, 2160.0, 2220.0, 2280.0, 2340.0, 2400.0, 2460.0, 2520.0, 2580.0, 2640.0, 2700.0, 2760.0, 2820.0, 2880.0, 2940.0, 3000.0]
/////////////////////////
PROCESSING:  TTM1800BWBW
/////////////////////////
plotTreeName: Tprime2_BEST_Mass
Flavour: M #tag: isV_bWbW #algo: BEST
Weights: 1 * 1 * 1 * pileupWeight * 1 * lepIdSF * EGammaGsfSF * 1 * (MCWeight_singleLepCalc/abs(MCWeight_singleLepCalc)) * 3.89579688164e-05
Cuts: (leptonPt_singleLepCalc > 50) && (corr_met_singleLepCalc > 55) && (AK4HT > 480) && (minDR_lepJet > 0.4 || ptRel_lepJet > 40) && (NJetsAK8_JetSubCalc > 2) && (minDR_leadAK8otherAK8 < 3.0) && DataPastTrigger == 1 && isMuon==1
****************************************************************************************************
****************************************************************************************************
DISTRIBUTION: Tp2Mass
            -name in ljmet trees: Tprime2_ALGO_Mass
            -x-axis label is set to: ;M(T) [GeV])
            -using the binning as: [0.0, 60.0, 120.0, 180.0, 240.0, 300.0, 360.0, 420.0, 480.0, 540.0, 600.0, 660.0, 720.0, 780.0, 840.0, 900.0, 960.0, 1020.0, 1080.0, 1140.0, 1200.0, 1260.0, 1320.0, 1380.0, 1440.0, 1500.0, 1560.0, 1620.0, 1680.0, 1740.0, 1800.0, 1860.0, 1920.0, 1980.0, 2040.0, 2100.0, 2160.0, 2220.0, 2280.0, 2340.0, 2400.0, 2460.0, 2520.0, 2580.0, 2640.0, 2700.0, 2760.0, 2820.0, 2880.0, 2940.0, 3000.0]
/////////////////////////
PROCESSING:  TTM1800THTH
/////////////////////////
plotTreeName: Tprime2_BEST_Mass
Flavour: M #tag: isV_bWbW #algo: BEST
Weights: 1 * 1 * 1 * pileupWeight * 1 * lepIdSF * EGammaGsfSF * 1 * (MCWeight_singleLepCalc/abs(MCWeight_singleLepCalc)) * 9.7394922041e-06
Cuts: (leptonPt_singleLepCalc > 50) && (corr_met_singleLepCalc > 55) && (AK4HT > 480) && (minDR_lepJet > 0.4 || ptRel_lepJet > 40) && (NJetsAK8_JetSubCalc > 2) && (minDR_leadAK8otherAK8 < 3.0) && DataPastTrigger == 1 && isMuon==1
****************************************************************************************************
****************************************************************************************************
DISTRIBUTION: Tp2Mass
            -name in ljmet trees: Tprime2_ALGO_Mass
            -x-axis label is set to: ;M(T) [GeV])
            -using the binning as: [0.0, 60.0, 120.0, 180.0, 240.0, 300.0, 360.0, 420.0, 480.0, 540.0, 600.0, 660.0, 720.0, 780.0, 840.0, 900.0, 960.0, 1020.0, 1080.0, 1140.0, 1200.0, 1260.0, 1320.0, 1380.0, 1440.0, 1500.0, 1560.0, 1620.0, 1680.0, 1740.0, 1800.0, 1860.0, 1920.0, 1980.0, 2040.0, 2100.0, 2160.0, 2220.0, 2280.0, 2340.0, 2400.0, 2460.0, 2520.0, 2580.0, 2640.0, 2700.0, 2760.0, 2820.0, 2880.0, 2940.0, 3000.0]
/////////////////////////
PROCESSING:  TTM1800TZTZ
/////////////////////////
plotTreeName: Tprime2_BEST_Mass
Flavour: M #tag: isV_bWbW #algo: BEST
Weights: 1 * 1 * 1 * pileupWeight * 1 * lepIdSF * EGammaGsfSF * 1 * (MCWeight_singleLepCalc/abs(MCWeight_singleLepCalc)) * 9.7394922041e-06
Cuts: (leptonPt_singleLepCalc > 50) && (corr_met_singleLepCalc > 55) && (AK4HT > 480) && (minDR_lepJet > 0.4 || ptRel_lepJet > 40) && (NJetsAK8_JetSubCalc > 2) && (minDR_leadAK8otherAK8 < 3.0) && DataPastTrigger == 1 && isMuon==1
****************************************************************************************************
****************************************************************************************************
DISTRIBUTION: Tp2Mass
            -name in ljmet trees: Tprime2_ALGO_Mass
            -x-axis label is set to: ;M(T) [GeV])
            -using the binning as: [0.0, 60.0, 120.0, 180.0, 240.0, 300.0, 360.0, 420.0, 480.0, 540.0, 600.0, 660.0, 720.0, 780.0, 840.0, 900.0, 960.0, 1020.0, 1080.0, 1140.0, 1200.0, 1260.0, 1320.0, 1380.0, 1440.0, 1500.0, 1560.0, 1620.0, 1680.0, 1740.0, 1800.0, 1860.0, 1920.0, 1980.0, 2040.0, 2100.0, 2160.0, 2220.0, 2280.0, 2340.0, 2400.0, 2460.0, 2520.0, 2580.0, 2640.0, 2700.0, 2760.0, 2820.0, 2880.0, 2940.0, 3000.0]
/////////////////////////
PROCESSING:  TTM1800TZBW
/////////////////////////
plotTreeName: Tprime2_BEST_Mass
Flavour: M #tag: isV_bWbW #algo: BEST
Weights: 1 * 1 * 1 * pileupWeight * 1 * lepIdSF * EGammaGsfSF * 1 * (MCWeight_singleLepCalc/abs(MCWeight_singleLepCalc)) * 1.94789844082e-05
Cuts: (leptonPt_singleLepCalc > 50) && (corr_met_singleLepCalc > 55) && (AK4HT > 480) && (minDR_lepJet > 0.4 || ptRel_lepJet > 40) && (NJetsAK8_JetSubCalc > 2) && (minDR_leadAK8otherAK8 < 3.0) && DataPastTrigger == 1 && isMuon==1
****************************************************************************************************
****************************************************************************************************
DISTRIBUTION: Tp2Mass
            -name in ljmet trees: Tprime2_ALGO_Mass
            -x-axis label is set to: ;M(T) [GeV])
            -using the binning as: [0.0, 60.0, 120.0, 180.0, 240.0, 300.0, 360.0, 420.0, 480.0, 540.0, 600.0, 660.0, 720.0, 780.0, 840.0, 900.0, 960.0, 1020.0, 1080.0, 1140.0, 1200.0, 1260.0, 1320.0, 1380.0, 1440.0, 1500.0, 1560.0, 1620.0, 1680.0, 1740.0, 1800.0, 1860.0, 1920.0, 1980.0, 2040.0, 2100.0, 2160.0, 2220.0, 2280.0, 2340.0, 2400.0, 2460.0, 2520.0, 2580.0, 2640.0, 2700.0, 2760.0, 2820.0, 2880.0, 2940.0, 3000.0]
/////////////////////////
PROCESSING:  TTM1800THBW
/////////////////////////
plotTreeName: Tprime2_BEST_Mass
Flavour: M #tag: isV_bWbW #algo: BEST
Weights: 1 * 1 * 1 * pileupWeight * 1 * lepIdSF * EGammaGsfSF * 1 * (MCWeight_singleLepCalc/abs(MCWeight_singleLepCalc)) * 1.94789844082e-05
Cuts: (leptonPt_singleLepCalc > 50) && (corr_met_singleLepCalc > 55) && (AK4HT > 480) && (minDR_lepJet > 0.4 || ptRel_lepJet > 40) && (NJetsAK8_JetSubCalc > 2) && (minDR_leadAK8otherAK8 < 3.0) && DataPastTrigger == 1 && isMuon==1
****************************************************************************************************
****************************************************************************************************
DISTRIBUTION: Tp2Mass
            -name in ljmet trees: Tprime2_ALGO_Mass
            -x-axis label is set to: ;M(T) [GeV])
            -using the binning as: [0.0, 60.0, 120.0, 180.0, 240.0, 300.0, 360.0, 420.0, 480.0, 540.0, 600.0, 660.0, 720.0, 780.0, 840.0, 900.0, 960.0, 1020.0, 1080.0, 1140.0, 1200.0, 1260.0, 1320.0, 1380.0, 1440.0, 1500.0, 1560.0, 1620.0, 1680.0, 1740.0, 1800.0, 1860.0, 1920.0, 1980.0, 2040.0, 2100.0, 2160.0, 2220.0, 2280.0, 2340.0, 2400.0, 2460.0, 2520.0, 2580.0, 2640.0, 2700.0, 2760.0, 2820.0, 2880.0, 2940.0, 3000.0]
/////////////////////////
PROCESSING:  TTM1800TZTH
/////////////////////////
plotTreeName: Tprime2_BEST_Mass
Flavour: M #tag: isV_bWbW #algo: BEST
Weights: 1 * 1 * 1 * pileupWeight * 1 * lepIdSF * EGammaGsfSF * 1 * (MCWeight_singleLepCalc/abs(MCWeight_singleLepCalc)) * 9.7394922041e-06
Cuts: (leptonPt_singleLepCalc > 50) && (corr_met_singleLepCalc > 55) && (AK4HT > 480) && (minDR_lepJet > 0.4 || ptRel_lepJet > 40) && (NJetsAK8_JetSubCalc > 2) && (minDR_leadAK8otherAK8 < 3.0) && DataPastTrigger == 1 && isMuon==1
****************************************************************************************************
****************************************************************************************************
DISTRIBUTION: Tp2Mass
            -name in ljmet trees: Tprime2_ALGO_Mass
            -x-axis label is set to: ;M(T) [GeV])
            -using the binning as: [0.0, 60.0, 120.0, 180.0, 240.0, 300.0, 360.0, 420.0, 480.0, 540.0, 600.0, 660.0, 720.0, 780.0, 840.0, 900.0, 960.0, 1020.0, 1080.0, 1140.0, 1200.0, 1260.0, 1320.0, 1380.0, 1440.0, 1500.0, 1560.0, 1620.0, 1680.0, 1740.0, 1800.0, 1860.0, 1920.0, 1980.0, 2040.0, 2100.0, 2160.0, 2220.0, 2280.0, 2340.0, 2400.0, 2460.0, 2520.0, 2580.0, 2640.0, 2700.0, 2760.0, 2820.0, 2880.0, 2940.0, 3000.0]
/////////////////////////
PROCESSING:  WJetsMG400
/////////////////////////
plotTreeName: Tprime2_DeepAK8_Mass
Flavour: M #tag: isV_bWbW #algo: DeepAK8
Weights: 1 * HTSF_Pol * 1 * pileupWeight * 1 * lepIdSF * EGammaGsfSF * 1 * (MCWeight_singleLepCalc/abs(MCWeight_singleLepCalc)) * 0.280770227538
Cuts: (leptonPt_singleLepCalc > 50) && (corr_met_singleLepCalc > 55) && (AK4HT > 480) && (minDR_lepJet > 0.4 || ptRel_lepJet > 40) && (NJetsAK8_JetSubCalc > 2) && (minDR_leadAK8otherAK8 < 3.0) && DataPastTrigger == 1 && isMuon==1
****************************************************************************************************
****************************************************************************************************
DISTRIBUTION: Tp2Mass
            -name in ljmet trees: Tprime2_ALGO_Mass
            -x-axis label is set to: ;M(T) [GeV])
            -using the binning as: [0.0, 60.0, 120.0, 180.0, 240.0, 300.0, 360.0, 420.0, 480.0, 540.0, 600.0, 660.0, 720.0, 780.0, 840.0, 900.0, 960.0, 1020.0, 1080.0, 1140.0, 1200.0, 1260.0, 1320.0, 1380.0, 1440.0, 1500.0, 1560.0, 1620.0, 1680.0, 1740.0, 1800.0, 1860.0, 1920.0, 1980.0, 2040.0, 2100.0, 2160.0, 2220.0, 2280.0, 2340.0, 2400.0, 2460.0, 2520.0, 2580.0, 2640.0, 2700.0, 2760.0, 2820.0, 2880.0, 2940.0, 3000.0]
/////////////////////////
PROCESSING:  WJetsMG600
/////////////////////////
plotTreeName: Tprime2_DeepAK8_Mass
Flavour: M #tag: isV_bWbW #algo: DeepAK8
Weights: 1 * HTSF_Pol * 1 * pileupWeight * 1 * lepIdSF * EGammaGsfSF * 1 * (MCWeight_singleLepCalc/abs(MCWeight_singleLepCalc)) * 0.0287233231554
Cuts: (leptonPt_singleLepCalc > 50) && (corr_met_singleLepCalc > 55) && (AK4HT > 480) && (minDR_lepJet > 0.4 || ptRel_lepJet > 40) && (NJetsAK8_JetSubCalc > 2) && (minDR_leadAK8otherAK8 < 3.0) && DataPastTrigger == 1 && isMuon==1
****************************************************************************************************
****************************************************************************************************
DISTRIBUTION: Tp2Mass
            -name in ljmet trees: Tprime2_ALGO_Mass
            -x-axis label is set to: ;M(T) [GeV])
            -using the binning as: [0.0, 60.0, 120.0, 180.0, 240.0, 300.0, 360.0, 420.0, 480.0, 540.0, 600.0, 660.0, 720.0, 780.0, 840.0, 900.0, 960.0, 1020.0, 1080.0, 1140.0, 1200.0, 1260.0, 1320.0, 1380.0, 1440.0, 1500.0, 1560.0, 1620.0, 1680.0, 1740.0, 1800.0, 1860.0, 1920.0, 1980.0, 2040.0, 2100.0, 2160.0, 2220.0, 2280.0, 2340.0, 2400.0, 2460.0, 2520.0, 2580.0, 2640.0, 2700.0, 2760.0, 2820.0, 2880.0, 2940.0, 3000.0]
/////////////////////////
PROCESSING:  WJetsMG800
/////////////////////////
plotTreeName: Tprime2_DeepAK8_Mass
Flavour: M #tag: isV_bWbW #algo: DeepAK8
Weights: 1 * HTSF_Pol * 1 * pileupWeight * 1 * lepIdSF * EGammaGsfSF * 1 * (MCWeight_singleLepCalc/abs(MCWeight_singleLepCalc)) * 0.0316367902594
Cuts: (leptonPt_singleLepCalc > 50) && (corr_met_singleLepCalc > 55) && (AK4HT > 480) && (minDR_lepJet > 0.4 || ptRel_lepJet > 40) && (NJetsAK8_JetSubCalc > 2) && (minDR_leadAK8otherAK8 < 3.0) && DataPastTrigger == 1 && isMuon==1
****************************************************************************************************
****************************************************************************************************
DISTRIBUTION: Tp2Mass
            -name in ljmet trees: Tprime2_ALGO_Mass
            -x-axis label is set to: ;M(T) [GeV])
            -using the binning as: [0.0, 60.0, 120.0, 180.0, 240.0, 300.0, 360.0, 420.0, 480.0, 540.0, 600.0, 660.0, 720.0, 780.0, 840.0, 900.0, 960.0, 1020.0, 1080.0, 1140.0, 1200.0, 1260.0, 1320.0, 1380.0, 1440.0, 1500.0, 1560.0, 1620.0, 1680.0, 1740.0, 1800.0, 1860.0, 1920.0, 1980.0, 2040.0, 2100.0, 2160.0, 2220.0, 2280.0, 2340.0, 2400.0, 2460.0, 2520.0, 2580.0, 2640.0, 2700.0, 2760.0, 2820.0, 2880.0, 2940.0, 3000.0]
/////////////////////////
PROCESSING:  WJetsMG1200
/////////////////////////
plotTreeName: Tprime2_DeepAK8_Mass
Flavour: M #tag: isV_bWbW #algo: DeepAK8
Weights: 1 * HTSF_Pol * 1 * pileupWeight * 1 * lepIdSF * EGammaGsfSF * 1 * (MCWeight_singleLepCalc/abs(MCWeight_singleLepCalc)) * 0.00861414819858
Cuts: (leptonPt_singleLepCalc > 50) && (corr_met_singleLepCalc > 55) && (AK4HT > 480) && (minDR_lepJet > 0.4 || ptRel_lepJet > 40) && (NJetsAK8_JetSubCalc > 2) && (minDR_leadAK8otherAK8 < 3.0) && DataPastTrigger == 1 && isMuon==1
****************************************************************************************************
****************************************************************************************************
DISTRIBUTION: Tp2Mass
            -name in ljmet trees: Tprime2_ALGO_Mass
            -x-axis label is set to: ;M(T) [GeV])
            -using the binning as: [0.0, 60.0, 120.0, 180.0, 240.0, 300.0, 360.0, 420.0, 480.0, 540.0, 600.0, 660.0, 720.0, 780.0, 840.0, 900.0, 960.0, 1020.0, 1080.0, 1140.0, 1200.0, 1260.0, 1320.0, 1380.0, 1440.0, 1500.0, 1560.0, 1620.0, 1680.0, 1740.0, 1800.0, 1860.0, 1920.0, 1980.0, 2040.0, 2100.0, 2160.0, 2220.0, 2280.0, 2340.0, 2400.0, 2460.0, 2520.0, 2580.0, 2640.0, 2700.0, 2760.0, 2820.0, 2880.0, 2940.0, 3000.0]
/////////////////////////
PROCESSING:  WJetsMG2500
/////////////////////////
plotTreeName: Tprime2_DeepAK8_Mass
Flavour: M #tag: isV_bWbW #algo: DeepAK8
Weights: 1 * HTSF_Pol * 1 * pileupWeight * 1 * lepIdSF * EGammaGsfSF * 1 * (MCWeight_singleLepCalc/abs(MCWeight_singleLepCalc)) * 0.00054308661217
Cuts: (leptonPt_singleLepCalc > 50) && (corr_met_singleLepCalc > 55) && (AK4HT > 480) && (minDR_lepJet > 0.4 || ptRel_lepJet > 40) && (NJetsAK8_JetSubCalc > 2) && (minDR_leadAK8otherAK8 < 3.0) && DataPastTrigger == 1 && isMuon==1
****************************************************************************************************
****************************************************************************************************
DISTRIBUTION: Tp2Mass
            -name in ljmet trees: Tprime2_ALGO_Mass
            -x-axis label is set to: ;M(T) [GeV])
            -using the binning as: [0.0, 60.0, 120.0, 180.0, 240.0, 300.0, 360.0, 420.0, 480.0, 540.0, 600.0, 660.0, 720.0, 780.0, 840.0, 900.0, 960.0, 1020.0, 1080.0, 1140.0, 1200.0, 1260.0, 1320.0, 1380.0, 1440.0, 1500.0, 1560.0, 1620.0, 1680.0, 1740.0, 1800.0, 1860.0, 1920.0, 1980.0, 2040.0, 2100.0, 2160.0, 2220.0, 2280.0, 2340.0, 2400.0, 2460.0, 2520.0, 2580.0, 2640.0, 2700.0, 2760.0, 2820.0, 2880.0, 2940.0, 3000.0]
/////////////////////////
PROCESSING:  TTM1100BWBW
/////////////////////////
plotTreeName: Tprime2_DeepAK8_Mass
Flavour: M #tag: isV_bWbW #algo: DeepAK8
Weights: 1 * 1 * 1 * pileupWeight * 1 * lepIdSF * EGammaGsfSF * 1 * (MCWeight_singleLepCalc/abs(MCWeight_singleLepCalc)) * 0.00223239916536
Cuts: (leptonPt_singleLepCalc > 50) && (corr_met_singleLepCalc > 55) && (AK4HT > 480) && (minDR_lepJet > 0.4 || ptRel_lepJet > 40) && (NJetsAK8_JetSubCalc > 2) && (minDR_leadAK8otherAK8 < 3.0) && DataPastTrigger == 1 && isMuon==1
****************************************************************************************************
****************************************************************************************************
DISTRIBUTION: Tp2Mass
            -name in ljmet trees: Tprime2_ALGO_Mass
            -x-axis label is set to: ;M(T) [GeV])
            -using the binning as: [0.0, 60.0, 120.0, 180.0, 240.0, 300.0, 360.0, 420.0, 480.0, 540.0, 600.0, 660.0, 720.0, 780.0, 840.0, 900.0, 960.0, 1020.0, 1080.0, 1140.0, 1200.0, 1260.0, 1320.0, 1380.0, 1440.0, 1500.0, 1560.0, 1620.0, 1680.0, 1740.0, 1800.0, 1860.0, 1920.0, 1980.0, 2040.0, 2100.0, 2160.0, 2220.0, 2280.0, 2340.0, 2400.0, 2460.0, 2520.0, 2580.0, 2640.0, 2700.0, 2760.0, 2820.0, 2880.0, 2940.0, 3000.0]
/////////////////////////
PROCESSING:  TTM1100THTH
/////////////////////////
plotTreeName: Tprime2_DeepAK8_Mass
Flavour: M #tag: isV_bWbW #algo: DeepAK8
Weights: 1 * 1 * 1 * pileupWeight * 1 * lepIdSF * EGammaGsfSF * 1 * (MCWeight_singleLepCalc/abs(MCWeight_singleLepCalc)) * 0.000558099791339
Cuts: (leptonPt_singleLepCalc > 50) && (corr_met_singleLepCalc > 55) && (AK4HT > 480) && (minDR_lepJet > 0.4 || ptRel_lepJet > 40) && (NJetsAK8_JetSubCalc > 2) && (minDR_leadAK8otherAK8 < 3.0) && DataPastTrigger == 1 && isMuon==1
****************************************************************************************************
****************************************************************************************************
DISTRIBUTION: Tp2Mass
            -name in ljmet trees: Tprime2_ALGO_Mass
            -x-axis label is set to: ;M(T) [GeV])
            -using the binning as: [0.0, 60.0, 120.0, 180.0, 240.0, 300.0, 360.0, 420.0, 480.0, 540.0, 600.0, 660.0, 720.0, 780.0, 840.0, 900.0, 960.0, 1020.0, 1080.0, 1140.0, 1200.0, 1260.0, 1320.0, 1380.0, 1440.0, 1500.0, 1560.0, 1620.0, 1680.0, 1740.0, 1800.0, 1860.0, 1920.0, 1980.0, 2040.0, 2100.0, 2160.0, 2220.0, 2280.0, 2340.0, 2400.0, 2460.0, 2520.0, 2580.0, 2640.0, 2700.0, 2760.0, 2820.0, 2880.0, 2940.0, 3000.0]
/////////////////////////
PROCESSING:  TTM1100TZTZ
/////////////////////////
plotTreeName: Tprime2_DeepAK8_Mass
Flavour: M #tag: isV_bWbW #algo: DeepAK8
Weights: 1 * 1 * 1 * pileupWeight * 1 * lepIdSF * EGammaGsfSF * 1 * (MCWeight_singleLepCalc/abs(MCWeight_singleLepCalc)) * 0.000558099791339
Cuts: (leptonPt_singleLepCalc > 50) && (corr_met_singleLepCalc > 55) && (AK4HT > 480) && (minDR_lepJet > 0.4 || ptRel_lepJet > 40) && (NJetsAK8_JetSubCalc > 2) && (minDR_leadAK8otherAK8 < 3.0) && DataPastTrigger == 1 && isMuon==1
****************************************************************************************************
****************************************************************************************************
DISTRIBUTION: Tp2Mass
            -name in ljmet trees: Tprime2_ALGO_Mass
            -x-axis label is set to: ;M(T) [GeV])
            -using the binning as: [0.0, 60.0, 120.0, 180.0, 240.0, 300.0, 360.0, 420.0, 480.0, 540.0, 600.0, 660.0, 720.0, 780.0, 840.0, 900.0, 960.0, 1020.0, 1080.0, 1140.0, 1200.0, 1260.0, 1320.0, 1380.0, 1440.0, 1500.0, 1560.0, 1620.0, 1680.0, 1740.0, 1800.0, 1860.0, 1920.0, 1980.0, 2040.0, 2100.0, 2160.0, 2220.0, 2280.0, 2340.0, 2400.0, 2460.0, 2520.0, 2580.0, 2640.0, 2700.0, 2760.0, 2820.0, 2880.0, 2940.0, 3000.0]
/////////////////////////
PROCESSING:  TTM1100TZBW
/////////////////////////
plotTreeName: Tprime2_DeepAK8_Mass
Flavour: M #tag: isV_bWbW #algo: DeepAK8
Weights: 1 * 1 * 1 * pileupWeight * 1 * lepIdSF * EGammaGsfSF * 1 * (MCWeight_singleLepCalc/abs(MCWeight_singleLepCalc)) * 0.00111619958268
Cuts: (leptonPt_singleLepCalc > 50) && (corr_met_singleLepCalc > 55) && (AK4HT > 480) && (minDR_lepJet > 0.4 || ptRel_lepJet > 40) && (NJetsAK8_JetSubCalc > 2) && (minDR_leadAK8otherAK8 < 3.0) && DataPastTrigger == 1 && isMuon==1
****************************************************************************************************
****************************************************************************************************
DISTRIBUTION: Tp2Mass
            -name in ljmet trees: Tprime2_ALGO_Mass
            -x-axis label is set to: ;M(T) [GeV])
            -using the binning as: [0.0, 60.0, 120.0, 180.0, 240.0, 300.0, 360.0, 420.0, 480.0, 540.0, 600.0, 660.0, 720.0, 780.0, 840.0, 900.0, 960.0, 1020.0, 1080.0, 1140.0, 1200.0, 1260.0, 1320.0, 1380.0, 1440.0, 1500.0, 1560.0, 1620.0, 1680.0, 1740.0, 1800.0, 1860.0, 1920.0, 1980.0, 2040.0, 2100.0, 2160.0, 2220.0, 2280.0, 2340.0, 2400.0, 2460.0, 2520.0, 2580.0, 2640.0, 2700.0, 2760.0, 2820.0, 2880.0, 2940.0, 3000.0]
/////////////////////////
PROCESSING:  TTM1100THBW
/////////////////////////
plotTreeName: Tprime2_DeepAK8_Mass
Flavour: M #tag: isV_bWbW #algo: DeepAK8
Weights: 1 * 1 * 1 * pileupWeight * 1 * lepIdSF * EGammaGsfSF * 1 * (MCWeight_singleLepCalc/abs(MCWeight_singleLepCalc)) * 0.00111619958268
Cuts: (leptonPt_singleLepCalc > 50) && (corr_met_singleLepCalc > 55) && (AK4HT > 480) && (minDR_lepJet > 0.4 || ptRel_lepJet > 40) && (NJetsAK8_JetSubCalc > 2) && (minDR_leadAK8otherAK8 < 3.0) && DataPastTrigger == 1 && isMuon==1
****************************************************************************************************
****************************************************************************************************
DISTRIBUTION: Tp2Mass
            -name in ljmet trees: Tprime2_ALGO_Mass
            -x-axis label is set to: ;M(T) [GeV])
            -using the binning as: [0.0, 60.0, 120.0, 180.0, 240.0, 300.0, 360.0, 420.0, 480.0, 540.0, 600.0, 660.0, 720.0, 780.0, 840.0, 900.0, 960.0, 1020.0, 1080.0, 1140.0, 1200.0, 1260.0, 1320.0, 1380.0, 1440.0, 1500.0, 1560.0, 1620.0, 1680.0, 1740.0, 1800.0, 1860.0, 1920.0, 1980.0, 2040.0, 2100.0, 2160.0, 2220.0, 2280.0, 2340.0, 2400.0, 2460.0, 2520.0, 2580.0, 2640.0, 2700.0, 2760.0, 2820.0, 2880.0, 2940.0, 3000.0]
/////////////////////////
PROCESSING:  TTM1100TZTH
/////////////////////////
plotTreeName: Tprime2_DeepAK8_Mass
Flavour: M #tag: isV_bWbW #algo: DeepAK8
Weights: 1 * 1 * 1 * pileupWeight * 1 * lepIdSF * EGammaGsfSF * 1 * (MCWeight_singleLepCalc/abs(MCWeight_singleLepCalc)) * 0.000558099791339
Cuts: (leptonPt_singleLepCalc > 50) && (corr_met_singleLepCalc > 55) && (AK4HT > 480) && (minDR_lepJet > 0.4 || ptRel_lepJet > 40) && (NJetsAK8_JetSubCalc > 2) && (minDR_leadAK8otherAK8 < 3.0) && DataPastTrigger == 1 && isMuon==1
****************************************************************************************************
****************************************************************************************************
DISTRIBUTION: Tp2Mass
            -name in ljmet trees: Tprime2_ALGO_Mass
            -x-axis label is set to: ;M(T) [GeV])
            -using the binning as: [0.0, 60.0, 120.0, 180.0, 240.0, 300.0, 360.0, 420.0, 480.0, 540.0, 600.0, 660.0, 720.0, 780.0, 840.0, 900.0, 960.0, 1020.0, 1080.0, 1140.0, 1200.0, 1260.0, 1320.0, 1380.0, 1440.0, 1500.0, 1560.0, 1620.0, 1680.0, 1740.0, 1800.0, 1860.0, 1920.0, 1980.0, 2040.0, 2100.0, 2160.0, 2220.0, 2280.0, 2340.0, 2400.0, 2460.0, 2520.0, 2580.0, 2640.0, 2700.0, 2760.0, 2820.0, 2880.0, 2940.0, 3000.0]
/////////////////////////
PROCESSING:  TTM1200BWBW
/////////////////////////
plotTreeName: Tprime2_DeepAK8_Mass
Flavour: M #tag: isV_bWbW #algo: DeepAK8
Weights: 1 * 1 * 1 * pileupWeight * 1 * lepIdSF * EGammaGsfSF * 1 * (MCWeight_singleLepCalc/abs(MCWeight_singleLepCalc)) * 0.00117627847652
Cuts: (leptonPt_singleLepCalc > 50) && (corr_met_singleLepCalc > 55) && (AK4HT > 480) && (minDR_lepJet > 0.4 || ptRel_lepJet > 40) && (NJetsAK8_JetSubCalc > 2) && (minDR_leadAK8otherAK8 < 3.0) && DataPastTrigger == 1 && isMuon==1
****************************************************************************************************
****************************************************************************************************
DISTRIBUTION: Tp2Mass
            -name in ljmet trees: Tprime2_ALGO_Mass
            -x-axis label is set to: ;M(T) [GeV])
            -using the binning as: [0.0, 60.0, 120.0, 180.0, 240.0, 300.0, 360.0, 420.0, 480.0, 540.0, 600.0, 660.0, 720.0, 780.0, 840.0, 900.0, 960.0, 1020.0, 1080.0, 1140.0, 1200.0, 1260.0, 1320.0, 1380.0, 1440.0, 1500.0, 1560.0, 1620.0, 1680.0, 1740.0, 1800.0, 1860.0, 1920.0, 1980.0, 2040.0, 2100.0, 2160.0, 2220.0, 2280.0, 2340.0, 2400.0, 2460.0, 2520.0, 2580.0, 2640.0, 2700.0, 2760.0, 2820.0, 2880.0, 2940.0, 3000.0]
/////////////////////////
PROCESSING:  TTM1200THTH
/////////////////////////
plotTreeName: Tprime2_DeepAK8_Mass
Flavour: M #tag: isV_bWbW #algo: DeepAK8
Weights: 1 * 1 * 1 * pileupWeight * 1 * lepIdSF * EGammaGsfSF * 1 * (MCWeight_singleLepCalc/abs(MCWeight_singleLepCalc)) * 0.00029406961913
Cuts: (leptonPt_singleLepCalc > 50) && (corr_met_singleLepCalc > 55) && (AK4HT > 480) && (minDR_lepJet > 0.4 || ptRel_lepJet > 40) && (NJetsAK8_JetSubCalc > 2) && (minDR_leadAK8otherAK8 < 3.0) && DataPastTrigger == 1 && isMuon==1
****************************************************************************************************
****************************************************************************************************
DISTRIBUTION: Tp2Mass
            -name in ljmet trees: Tprime2_ALGO_Mass
            -x-axis label is set to: ;M(T) [GeV])
            -using the binning as: [0.0, 60.0, 120.0, 180.0, 240.0, 300.0, 360.0, 420.0, 480.0, 540.0, 600.0, 660.0, 720.0, 780.0, 840.0, 900.0, 960.0, 1020.0, 1080.0, 1140.0, 1200.0, 1260.0, 1320.0, 1380.0, 1440.0, 1500.0, 1560.0, 1620.0, 1680.0, 1740.0, 1800.0, 1860.0, 1920.0, 1980.0, 2040.0, 2100.0, 2160.0, 2220.0, 2280.0, 2340.0, 2400.0, 2460.0, 2520.0, 2580.0, 2640.0, 2700.0, 2760.0, 2820.0, 2880.0, 2940.0, 3000.0]
/////////////////////////
PROCESSING:  TTM1200TZTZ
/////////////////////////
plotTreeName: Tprime2_DeepAK8_Mass
Flavour: M #tag: isV_bWbW #algo: DeepAK8
Weights: 1 * 1 * 1 * pileupWeight * 1 * lepIdSF * EGammaGsfSF * 1 * (MCWeight_singleLepCalc/abs(MCWeight_singleLepCalc)) * 0.00029406961913
Cuts: (leptonPt_singleLepCalc > 50) && (corr_met_singleLepCalc > 55) && (AK4HT > 480) && (minDR_lepJet > 0.4 || ptRel_lepJet > 40) && (NJetsAK8_JetSubCalc > 2) && (minDR_leadAK8otherAK8 < 3.0) && DataPastTrigger == 1 && isMuon==1
****************************************************************************************************
****************************************************************************************************
DISTRIBUTION: Tp2Mass
            -name in ljmet trees: Tprime2_ALGO_Mass
            -x-axis label is set to: ;M(T) [GeV])
            -using the binning as: [0.0, 60.0, 120.0, 180.0, 240.0, 300.0, 360.0, 420.0, 480.0, 540.0, 600.0, 660.0, 720.0, 780.0, 840.0, 900.0, 960.0, 1020.0, 1080.0, 1140.0, 1200.0, 1260.0, 1320.0, 1380.0, 1440.0, 1500.0, 1560.0, 1620.0, 1680.0, 1740.0, 1800.0, 1860.0, 1920.0, 1980.0, 2040.0, 2100.0, 2160.0, 2220.0, 2280.0, 2340.0, 2400.0, 2460.0, 2520.0, 2580.0, 2640.0, 2700.0, 2760.0, 2820.0, 2880.0, 2940.0, 3000.0]
/////////////////////////
PROCESSING:  TTM1200TZBW
/////////////////////////
plotTreeName: Tprime2_DeepAK8_Mass
Flavour: M #tag: isV_bWbW #algo: DeepAK8
Weights: 1 * 1 * 1 * pileupWeight * 1 * lepIdSF * EGammaGsfSF * 1 * (MCWeight_singleLepCalc/abs(MCWeight_singleLepCalc)) * 0.000588139238259
Cuts: (leptonPt_singleLepCalc > 50) && (corr_met_singleLepCalc > 55) && (AK4HT > 480) && (minDR_lepJet > 0.4 || ptRel_lepJet > 40) && (NJetsAK8_JetSubCalc > 2) && (minDR_leadAK8otherAK8 < 3.0) && DataPastTrigger == 1 && isMuon==1
****************************************************************************************************
****************************************************************************************************
DISTRIBUTION: Tp2Mass
            -name in ljmet trees: Tprime2_ALGO_Mass
            -x-axis label is set to: ;M(T) [GeV])
            -using the binning as: [0.0, 60.0, 120.0, 180.0, 240.0, 300.0, 360.0, 420.0, 480.0, 540.0, 600.0, 660.0, 720.0, 780.0, 840.0, 900.0, 960.0, 1020.0, 1080.0, 1140.0, 1200.0, 1260.0, 1320.0, 1380.0, 1440.0, 1500.0, 1560.0, 1620.0, 1680.0, 1740.0, 1800.0, 1860.0, 1920.0, 1980.0, 2040.0, 2100.0, 2160.0, 2220.0, 2280.0, 2340.0, 2400.0, 2460.0, 2520.0, 2580.0, 2640.0, 2700.0, 2760.0, 2820.0, 2880.0, 2940.0, 3000.0]
/////////////////////////
PROCESSING:  TTM1200THBW
/////////////////////////
plotTreeName: Tprime2_DeepAK8_Mass
Flavour: M #tag: isV_bWbW #algo: DeepAK8
Weights: 1 * 1 * 1 * pileupWeight * 1 * lepIdSF * EGammaGsfSF * 1 * (MCWeight_singleLepCalc/abs(MCWeight_singleLepCalc)) * 0.000588139238259
Cuts: (leptonPt_singleLepCalc > 50) && (corr_met_singleLepCalc > 55) && (AK4HT > 480) && (minDR_lepJet > 0.4 || ptRel_lepJet > 40) && (NJetsAK8_JetSubCalc > 2) && (minDR_leadAK8otherAK8 < 3.0) && DataPastTrigger == 1 && isMuon==1
****************************************************************************************************
****************************************************************************************************
DISTRIBUTION: Tp2Mass
            -name in ljmet trees: Tprime2_ALGO_Mass
            -x-axis label is set to: ;M(T) [GeV])
            -using the binning as: [0.0, 60.0, 120.0, 180.0, 240.0, 300.0, 360.0, 420.0, 480.0, 540.0, 600.0, 660.0, 720.0, 780.0, 840.0, 900.0, 960.0, 1020.0, 1080.0, 1140.0, 1200.0, 1260.0, 1320.0, 1380.0, 1440.0, 1500.0, 1560.0, 1620.0, 1680.0, 1740.0, 1800.0, 1860.0, 1920.0, 1980.0, 2040.0, 2100.0, 2160.0, 2220.0, 2280.0, 2340.0, 2400.0, 2460.0, 2520.0, 2580.0, 2640.0, 2700.0, 2760.0, 2820.0, 2880.0, 2940.0, 3000.0]
/////////////////////////
PROCESSING:  TTM1200TZTH
/////////////////////////
plotTreeName: Tprime2_DeepAK8_Mass
Flavour: M #tag: isV_bWbW #algo: DeepAK8
Weights: 1 * 1 * 1 * pileupWeight * 1 * lepIdSF * EGammaGsfSF * 1 * (MCWeight_singleLepCalc/abs(MCWeight_singleLepCalc)) * 0.00029406961913
Cuts: (leptonPt_singleLepCalc > 50) && (corr_met_singleLepCalc > 55) && (AK4HT > 480) && (minDR_lepJet > 0.4 || ptRel_lepJet > 40) && (NJetsAK8_JetSubCalc > 2) && (minDR_leadAK8otherAK8 < 3.0) && DataPastTrigger == 1 && isMuon==1
****************************************************************************************************
****************************************************************************************************
DISTRIBUTION: Tp2Mass
            -name in ljmet trees: Tprime2_ALGO_Mass
            -x-axis label is set to: ;M(T) [GeV])
            -using the binning as: [0.0, 60.0, 120.0, 180.0, 240.0, 300.0, 360.0, 420.0, 480.0, 540.0, 600.0, 660.0, 720.0, 780.0, 840.0, 900.0, 960.0, 1020.0, 1080.0, 1140.0, 1200.0, 1260.0, 1320.0, 1380.0, 1440.0, 1500.0, 1560.0, 1620.0, 1680.0, 1740.0, 1800.0, 1860.0, 1920.0, 1980.0, 2040.0, 2100.0, 2160.0, 2220.0, 2280.0, 2340.0, 2400.0, 2460.0, 2520.0, 2580.0, 2640.0, 2700.0, 2760.0, 2820.0, 2880.0, 2940.0, 3000.0]
/////////////////////////
PROCESSING:  TTM1300BWBW
/////////////////////////
plotTreeName: Tprime2_DeepAK8_Mass
Flavour: M #tag: isV_bWbW #algo: DeepAK8
Weights: 1 * 1 * 1 * pileupWeight * 1 * lepIdSF * EGammaGsfSF * 1 * (MCWeight_singleLepCalc/abs(MCWeight_singleLepCalc)) * 0.00063821114509
Cuts: (leptonPt_singleLepCalc > 50) && (corr_met_singleLepCalc > 55) && (AK4HT > 480) && (minDR_lepJet > 0.4 || ptRel_lepJet > 40) && (NJetsAK8_JetSubCalc > 2) && (minDR_leadAK8otherAK8 < 3.0) && DataPastTrigger == 1 && isMuon==1
****************************************************************************************************
****************************************************************************************************
DISTRIBUTION: Tp2Mass
            -name in ljmet trees: Tprime2_ALGO_Mass
            -x-axis label is set to: ;M(T) [GeV])
            -using the binning as: [0.0, 60.0, 120.0, 180.0, 240.0, 300.0, 360.0, 420.0, 480.0, 540.0, 600.0, 660.0, 720.0, 780.0, 840.0, 900.0, 960.0, 1020.0, 1080.0, 1140.0, 1200.0, 1260.0, 1320.0, 1380.0, 1440.0, 1500.0, 1560.0, 1620.0, 1680.0, 1740.0, 1800.0, 1860.0, 1920.0, 1980.0, 2040.0, 2100.0, 2160.0, 2220.0, 2280.0, 2340.0, 2400.0, 2460.0, 2520.0, 2580.0, 2640.0, 2700.0, 2760.0, 2820.0, 2880.0, 2940.0, 3000.0]
/////////////////////////
PROCESSING:  TTM1300THTH
/////////////////////////
plotTreeName: Tprime2_DeepAK8_Mass
Flavour: M #tag: isV_bWbW #algo: DeepAK8
Weights: 1 * 1 * 1 * pileupWeight * 1 * lepIdSF * EGammaGsfSF * 1 * (MCWeight_singleLepCalc/abs(MCWeight_singleLepCalc)) * 0.000159552786272
Cuts: (leptonPt_singleLepCalc > 50) && (corr_met_singleLepCalc > 55) && (AK4HT > 480) && (minDR_lepJet > 0.4 || ptRel_lepJet > 40) && (NJetsAK8_JetSubCalc > 2) && (minDR_leadAK8otherAK8 < 3.0) && DataPastTrigger == 1 && isMuon==1
****************************************************************************************************
****************************************************************************************************
DISTRIBUTION: Tp2Mass
            -name in ljmet trees: Tprime2_ALGO_Mass
            -x-axis label is set to: ;M(T) [GeV])
            -using the binning as: [0.0, 60.0, 120.0, 180.0, 240.0, 300.0, 360.0, 420.0, 480.0, 540.0, 600.0, 660.0, 720.0, 780.0, 840.0, 900.0, 960.0, 1020.0, 1080.0, 1140.0, 1200.0, 1260.0, 1320.0, 1380.0, 1440.0, 1500.0, 1560.0, 1620.0, 1680.0, 1740.0, 1800.0, 1860.0, 1920.0, 1980.0, 2040.0, 2100.0, 2160.0, 2220.0, 2280.0, 2340.0, 2400.0, 2460.0, 2520.0, 2580.0, 2640.0, 2700.0, 2760.0, 2820.0, 2880.0, 2940.0, 3000.0]
/////////////////////////
PROCESSING:  TTM1300TZTZ
/////////////////////////
plotTreeName: Tprime2_DeepAK8_Mass
Flavour: M #tag: isV_bWbW #algo: DeepAK8
Weights: 1 * 1 * 1 * pileupWeight * 1 * lepIdSF * EGammaGsfSF * 1 * (MCWeight_singleLepCalc/abs(MCWeight_singleLepCalc)) * 0.000159552786272
Cuts: (leptonPt_singleLepCalc > 50) && (corr_met_singleLepCalc > 55) && (AK4HT > 480) && (minDR_lepJet > 0.4 || ptRel_lepJet > 40) && (NJetsAK8_JetSubCalc > 2) && (minDR_leadAK8otherAK8 < 3.0) && DataPastTrigger == 1 && isMuon==1
****************************************************************************************************
****************************************************************************************************
DISTRIBUTION: Tp2Mass
            -name in ljmet trees: Tprime2_ALGO_Mass
            -x-axis label is set to: ;M(T) [GeV])
            -using the binning as: [0.0, 60.0, 120.0, 180.0, 240.0, 300.0, 360.0, 420.0, 480.0, 540.0, 600.0, 660.0, 720.0, 780.0, 840.0, 900.0, 960.0, 1020.0, 1080.0, 1140.0, 1200.0, 1260.0, 1320.0, 1380.0, 1440.0, 1500.0, 1560.0, 1620.0, 1680.0, 1740.0, 1800.0, 1860.0, 1920.0, 1980.0, 2040.0, 2100.0, 2160.0, 2220.0, 2280.0, 2340.0, 2400.0, 2460.0, 2520.0, 2580.0, 2640.0, 2700.0, 2760.0, 2820.0, 2880.0, 2940.0, 3000.0]
/////////////////////////
PROCESSING:  TTM1300TZBW
/////////////////////////
plotTreeName: Tprime2_DeepAK8_Mass
Flavour: M #tag: isV_bWbW #algo: DeepAK8
Weights: 1 * 1 * 1 * pileupWeight * 1 * lepIdSF * EGammaGsfSF * 1 * (MCWeight_singleLepCalc/abs(MCWeight_singleLepCalc)) * 0.000319105572545
Cuts: (leptonPt_singleLepCalc > 50) && (corr_met_singleLepCalc > 55) && (AK4HT > 480) && (minDR_lepJet > 0.4 || ptRel_lepJet > 40) && (NJetsAK8_JetSubCalc > 2) && (minDR_leadAK8otherAK8 < 3.0) && DataPastTrigger == 1 && isMuon==1
****************************************************************************************************
****************************************************************************************************
DISTRIBUTION: Tp2Mass
            -name in ljmet trees: Tprime2_ALGO_Mass
            -x-axis label is set to: ;M(T) [GeV])
            -using the binning as: [0.0, 60.0, 120.0, 180.0, 240.0, 300.0, 360.0, 420.0, 480.0, 540.0, 600.0, 660.0, 720.0, 780.0, 840.0, 900.0, 960.0, 1020.0, 1080.0, 1140.0, 1200.0, 1260.0, 1320.0, 1380.0, 1440.0, 1500.0, 1560.0, 1620.0, 1680.0, 1740.0, 1800.0, 1860.0, 1920.0, 1980.0, 2040.0, 2100.0, 2160.0, 2220.0, 2280.0, 2340.0, 2400.0, 2460.0, 2520.0, 2580.0, 2640.0, 2700.0, 2760.0, 2820.0, 2880.0, 2940.0, 3000.0]
/////////////////////////
PROCESSING:  TTM1300THBW
/////////////////////////
plotTreeName: Tprime2_DeepAK8_Mass
Flavour: M #tag: isV_bWbW #algo: DeepAK8
Weights: 1 * 1 * 1 * pileupWeight * 1 * lepIdSF * EGammaGsfSF * 1 * (MCWeight_singleLepCalc/abs(MCWeight_singleLepCalc)) * 0.000319105572545
Cuts: (leptonPt_singleLepCalc > 50) && (corr_met_singleLepCalc > 55) && (AK4HT > 480) && (minDR_lepJet > 0.4 || ptRel_lepJet > 40) && (NJetsAK8_JetSubCalc > 2) && (minDR_leadAK8otherAK8 < 3.0) && DataPastTrigger == 1 && isMuon==1
****************************************************************************************************
****************************************************************************************************
DISTRIBUTION: Tp2Mass
            -name in ljmet trees: Tprime2_ALGO_Mass
            -x-axis label is set to: ;M(T) [GeV])
            -using the binning as: [0.0, 60.0, 120.0, 180.0, 240.0, 300.0, 360.0, 420.0, 480.0, 540.0, 600.0, 660.0, 720.0, 780.0, 840.0, 900.0, 960.0, 1020.0, 1080.0, 1140.0, 1200.0, 1260.0, 1320.0, 1380.0, 1440.0, 1500.0, 1560.0, 1620.0, 1680.0, 1740.0, 1800.0, 1860.0, 1920.0, 1980.0, 2040.0, 2100.0, 2160.0, 2220.0, 2280.0, 2340.0, 2400.0, 2460.0, 2520.0, 2580.0, 2640.0, 2700.0, 2760.0, 2820.0, 2880.0, 2940.0, 3000.0]
/////////////////////////
PROCESSING:  TTM1300TZTH
/////////////////////////
plotTreeName: Tprime2_DeepAK8_Mass
Flavour: M #tag: isV_bWbW #algo: DeepAK8
Weights: 1 * 1 * 1 * pileupWeight * 1 * lepIdSF * EGammaGsfSF * 1 * (MCWeight_singleLepCalc/abs(MCWeight_singleLepCalc)) * 0.000159552786272
Cuts: (leptonPt_singleLepCalc > 50) && (corr_met_singleLepCalc > 55) && (AK4HT > 480) && (minDR_lepJet > 0.4 || ptRel_lepJet > 40) && (NJetsAK8_JetSubCalc > 2) && (minDR_leadAK8otherAK8 < 3.0) && DataPastTrigger == 1 && isMuon==1
****************************************************************************************************
****************************************************************************************************
DISTRIBUTION: Tp2Mass
            -name in ljmet trees: Tprime2_ALGO_Mass
            -x-axis label is set to: ;M(T) [GeV])
            -using the binning as: [0.0, 60.0, 120.0, 180.0, 240.0, 300.0, 360.0, 420.0, 480.0, 540.0, 600.0, 660.0, 720.0, 780.0, 840.0, 900.0, 960.0, 1020.0, 1080.0, 1140.0, 1200.0, 1260.0, 1320.0, 1380.0, 1440.0, 1500.0, 1560.0, 1620.0, 1680.0, 1740.0, 1800.0, 1860.0, 1920.0, 1980.0, 2040.0, 2100.0, 2160.0, 2220.0, 2280.0, 2340.0, 2400.0, 2460.0, 2520.0, 2580.0, 2640.0, 2700.0, 2760.0, 2820.0, 2880.0, 2940.0, 3000.0]
/////////////////////////
PROCESSING:  TTM1400BWBW
/////////////////////////
plotTreeName: Tprime2_DeepAK8_Mass
Flavour: M #tag: isV_bWbW #algo: DeepAK8
Weights: 1 * 1 * 1 * pileupWeight * 1 * lepIdSF * EGammaGsfSF * 1 * (MCWeight_singleLepCalc/abs(MCWeight_singleLepCalc)) * 0.000352883542956
Cuts: (leptonPt_singleLepCalc > 50) && (corr_met_singleLepCalc > 55) && (AK4HT > 480) && (minDR_lepJet > 0.4 || ptRel_lepJet > 40) && (NJetsAK8_JetSubCalc > 2) && (minDR_leadAK8otherAK8 < 3.0) && DataPastTrigger == 1 && isMuon==1
****************************************************************************************************
****************************************************************************************************
DISTRIBUTION: Tp2Mass
            -name in ljmet trees: Tprime2_ALGO_Mass
            -x-axis label is set to: ;M(T) [GeV])
            -using the binning as: [0.0, 60.0, 120.0, 180.0, 240.0, 300.0, 360.0, 420.0, 480.0, 540.0, 600.0, 660.0, 720.0, 780.0, 840.0, 900.0, 960.0, 1020.0, 1080.0, 1140.0, 1200.0, 1260.0, 1320.0, 1380.0, 1440.0, 1500.0, 1560.0, 1620.0, 1680.0, 1740.0, 1800.0, 1860.0, 1920.0, 1980.0, 2040.0, 2100.0, 2160.0, 2220.0, 2280.0, 2340.0, 2400.0, 2460.0, 2520.0, 2580.0, 2640.0, 2700.0, 2760.0, 2820.0, 2880.0, 2940.0, 3000.0]
/////////////////////////
PROCESSING:  TTM1400THTH
/////////////////////////
plotTreeName: Tprime2_DeepAK8_Mass
Flavour: M #tag: isV_bWbW #algo: DeepAK8
Weights: 1 * 1 * 1 * pileupWeight * 1 * lepIdSF * EGammaGsfSF * 1 * (MCWeight_singleLepCalc/abs(MCWeight_singleLepCalc)) * 8.82208857389e-05
Cuts: (leptonPt_singleLepCalc > 50) && (corr_met_singleLepCalc > 55) && (AK4HT > 480) && (minDR_lepJet > 0.4 || ptRel_lepJet > 40) && (NJetsAK8_JetSubCalc > 2) && (minDR_leadAK8otherAK8 < 3.0) && DataPastTrigger == 1 && isMuon==1
****************************************************************************************************
****************************************************************************************************
DISTRIBUTION: Tp2Mass
            -name in ljmet trees: Tprime2_ALGO_Mass
            -x-axis label is set to: ;M(T) [GeV])
            -using the binning as: [0.0, 60.0, 120.0, 180.0, 240.0, 300.0, 360.0, 420.0, 480.0, 540.0, 600.0, 660.0, 720.0, 780.0, 840.0, 900.0, 960.0, 1020.0, 1080.0, 1140.0, 1200.0, 1260.0, 1320.0, 1380.0, 1440.0, 1500.0, 1560.0, 1620.0, 1680.0, 1740.0, 1800.0, 1860.0, 1920.0, 1980.0, 2040.0, 2100.0, 2160.0, 2220.0, 2280.0, 2340.0, 2400.0, 2460.0, 2520.0, 2580.0, 2640.0, 2700.0, 2760.0, 2820.0, 2880.0, 2940.0, 3000.0]
/////////////////////////
PROCESSING:  TTM1400TZTZ
/////////////////////////
plotTreeName: Tprime2_DeepAK8_Mass
Flavour: M #tag: isV_bWbW #algo: DeepAK8
Weights: 1 * 1 * 1 * pileupWeight * 1 * lepIdSF * EGammaGsfSF * 1 * (MCWeight_singleLepCalc/abs(MCWeight_singleLepCalc)) * 8.82208857389e-05
Cuts: (leptonPt_singleLepCalc > 50) && (corr_met_singleLepCalc > 55) && (AK4HT > 480) && (minDR_lepJet > 0.4 || ptRel_lepJet > 40) && (NJetsAK8_JetSubCalc > 2) && (minDR_leadAK8otherAK8 < 3.0) && DataPastTrigger == 1 && isMuon==1
****************************************************************************************************
****************************************************************************************************
DISTRIBUTION: Tp2Mass
            -name in ljmet trees: Tprime2_ALGO_Mass
            -x-axis label is set to: ;M(T) [GeV])
            -using the binning as: [0.0, 60.0, 120.0, 180.0, 240.0, 300.0, 360.0, 420.0, 480.0, 540.0, 600.0, 660.0, 720.0, 780.0, 840.0, 900.0, 960.0, 1020.0, 1080.0, 1140.0, 1200.0, 1260.0, 1320.0, 1380.0, 1440.0, 1500.0, 1560.0, 1620.0, 1680.0, 1740.0, 1800.0, 1860.0, 1920.0, 1980.0, 2040.0, 2100.0, 2160.0, 2220.0, 2280.0, 2340.0, 2400.0, 2460.0, 2520.0, 2580.0, 2640.0, 2700.0, 2760.0, 2820.0, 2880.0, 2940.0, 3000.0]
/////////////////////////
PROCESSING:  TTM1400TZBW
/////////////////////////
plotTreeName: Tprime2_DeepAK8_Mass
Flavour: M #tag: isV_bWbW #algo: DeepAK8
Weights: 1 * 1 * 1 * pileupWeight * 1 * lepIdSF * EGammaGsfSF * 1 * (MCWeight_singleLepCalc/abs(MCWeight_singleLepCalc)) * 0.000176441771478
Cuts: (leptonPt_singleLepCalc > 50) && (corr_met_singleLepCalc > 55) && (AK4HT > 480) && (minDR_lepJet > 0.4 || ptRel_lepJet > 40) && (NJetsAK8_JetSubCalc > 2) && (minDR_leadAK8otherAK8 < 3.0) && DataPastTrigger == 1 && isMuon==1
****************************************************************************************************
****************************************************************************************************
DISTRIBUTION: Tp2Mass
            -name in ljmet trees: Tprime2_ALGO_Mass
            -x-axis label is set to: ;M(T) [GeV])
            -using the binning as: [0.0, 60.0, 120.0, 180.0, 240.0, 300.0, 360.0, 420.0, 480.0, 540.0, 600.0, 660.0, 720.0, 780.0, 840.0, 900.0, 960.0, 1020.0, 1080.0, 1140.0, 1200.0, 1260.0, 1320.0, 1380.0, 1440.0, 1500.0, 1560.0, 1620.0, 1680.0, 1740.0, 1800.0, 1860.0, 1920.0, 1980.0, 2040.0, 2100.0, 2160.0, 2220.0, 2280.0, 2340.0, 2400.0, 2460.0, 2520.0, 2580.0, 2640.0, 2700.0, 2760.0, 2820.0, 2880.0, 2940.0, 3000.0]
/////////////////////////
PROCESSING:  TTM1400THBW
/////////////////////////
plotTreeName: Tprime2_DeepAK8_Mass
Flavour: M #tag: isV_bWbW #algo: DeepAK8
Weights: 1 * 1 * 1 * pileupWeight * 1 * lepIdSF * EGammaGsfSF * 1 * (MCWeight_singleLepCalc/abs(MCWeight_singleLepCalc)) * 0.000176441771478
Cuts: (leptonPt_singleLepCalc > 50) && (corr_met_singleLepCalc > 55) && (AK4HT > 480) && (minDR_lepJet > 0.4 || ptRel_lepJet > 40) && (NJetsAK8_JetSubCalc > 2) && (minDR_leadAK8otherAK8 < 3.0) && DataPastTrigger == 1 && isMuon==1
****************************************************************************************************
****************************************************************************************************
DISTRIBUTION: Tp2Mass
            -name in ljmet trees: Tprime2_ALGO_Mass
            -x-axis label is set to: ;M(T) [GeV])
            -using the binning as: [0.0, 60.0, 120.0, 180.0, 240.0, 300.0, 360.0, 420.0, 480.0, 540.0, 600.0, 660.0, 720.0, 780.0, 840.0, 900.0, 960.0, 1020.0, 1080.0, 1140.0, 1200.0, 1260.0, 1320.0, 1380.0, 1440.0, 1500.0, 1560.0, 1620.0, 1680.0, 1740.0, 1800.0, 1860.0, 1920.0, 1980.0, 2040.0, 2100.0, 2160.0, 2220.0, 2280.0, 2340.0, 2400.0, 2460.0, 2520.0, 2580.0, 2640.0, 2700.0, 2760.0, 2820.0, 2880.0, 2940.0, 3000.0]
/////////////////////////
PROCESSING:  TTM1400TZTH
/////////////////////////
plotTreeName: Tprime2_DeepAK8_Mass
Flavour: M #tag: isV_bWbW #algo: DeepAK8
Weights: 1 * 1 * 1 * pileupWeight * 1 * lepIdSF * EGammaGsfSF * 1 * (MCWeight_singleLepCalc/abs(MCWeight_singleLepCalc)) * 8.82208857389e-05
Cuts: (leptonPt_singleLepCalc > 50) && (corr_met_singleLepCalc > 55) && (AK4HT > 480) && (minDR_lepJet > 0.4 || ptRel_lepJet > 40) && (NJetsAK8_JetSubCalc > 2) && (minDR_leadAK8otherAK8 < 3.0) && DataPastTrigger == 1 && isMuon==1
****************************************************************************************************
****************************************************************************************************
DISTRIBUTION: Tp2Mass
            -name in ljmet trees: Tprime2_ALGO_Mass
            -x-axis label is set to: ;M(T) [GeV])
            -using the binning as: [0.0, 60.0, 120.0, 180.0, 240.0, 300.0, 360.0, 420.0, 480.0, 540.0, 600.0, 660.0, 720.0, 780.0, 840.0, 900.0, 960.0, 1020.0, 1080.0, 1140.0, 1200.0, 1260.0, 1320.0, 1380.0, 1440.0, 1500.0, 1560.0, 1620.0, 1680.0, 1740.0, 1800.0, 1860.0, 1920.0, 1980.0, 2040.0, 2100.0, 2160.0, 2220.0, 2280.0, 2340.0, 2400.0, 2460.0, 2520.0, 2580.0, 2640.0, 2700.0, 2760.0, 2820.0, 2880.0, 2940.0, 3000.0]
/////////////////////////
PROCESSING:  TTM1500BWBW
/////////////////////////
plotTreeName: Tprime2_DeepAK8_Mass
Flavour: M #tag: isV_bWbW #algo: DeepAK8
Weights: 1 * 1 * 1 * pileupWeight * 1 * lepIdSF * EGammaGsfSF * 1 * (MCWeight_singleLepCalc/abs(MCWeight_singleLepCalc)) * 0.00019932135405
Cuts: (leptonPt_singleLepCalc > 50) && (corr_met_singleLepCalc > 55) && (AK4HT > 480) && (minDR_lepJet > 0.4 || ptRel_lepJet > 40) && (NJetsAK8_JetSubCalc > 2) && (minDR_leadAK8otherAK8 < 3.0) && DataPastTrigger == 1 && isMuon==1
****************************************************************************************************
****************************************************************************************************
DISTRIBUTION: Tp2Mass
            -name in ljmet trees: Tprime2_ALGO_Mass
            -x-axis label is set to: ;M(T) [GeV])
            -using the binning as: [0.0, 60.0, 120.0, 180.0, 240.0, 300.0, 360.0, 420.0, 480.0, 540.0, 600.0, 660.0, 720.0, 780.0, 840.0, 900.0, 960.0, 1020.0, 1080.0, 1140.0, 1200.0, 1260.0, 1320.0, 1380.0, 1440.0, 1500.0, 1560.0, 1620.0, 1680.0, 1740.0, 1800.0, 1860.0, 1920.0, 1980.0, 2040.0, 2100.0, 2160.0, 2220.0, 2280.0, 2340.0, 2400.0, 2460.0, 2520.0, 2580.0, 2640.0, 2700.0, 2760.0, 2820.0, 2880.0, 2940.0, 3000.0]
/////////////////////////
PROCESSING:  TTM1500THTH
/////////////////////////
plotTreeName: Tprime2_DeepAK8_Mass
Flavour: M #tag: isV_bWbW #algo: DeepAK8
Weights: 1 * 1 * 1 * pileupWeight * 1 * lepIdSF * EGammaGsfSF * 1 * (MCWeight_singleLepCalc/abs(MCWeight_singleLepCalc)) * 4.98303385124e-05
Cuts: (leptonPt_singleLepCalc > 50) && (corr_met_singleLepCalc > 55) && (AK4HT > 480) && (minDR_lepJet > 0.4 || ptRel_lepJet > 40) && (NJetsAK8_JetSubCalc > 2) && (minDR_leadAK8otherAK8 < 3.0) && DataPastTrigger == 1 && isMuon==1
****************************************************************************************************
****************************************************************************************************
DISTRIBUTION: Tp2Mass
            -name in ljmet trees: Tprime2_ALGO_Mass
            -x-axis label is set to: ;M(T) [GeV])
            -using the binning as: [0.0, 60.0, 120.0, 180.0, 240.0, 300.0, 360.0, 420.0, 480.0, 540.0, 600.0, 660.0, 720.0, 780.0, 840.0, 900.0, 960.0, 1020.0, 1080.0, 1140.0, 1200.0, 1260.0, 1320.0, 1380.0, 1440.0, 1500.0, 1560.0, 1620.0, 1680.0, 1740.0, 1800.0, 1860.0, 1920.0, 1980.0, 2040.0, 2100.0, 2160.0, 2220.0, 2280.0, 2340.0, 2400.0, 2460.0, 2520.0, 2580.0, 2640.0, 2700.0, 2760.0, 2820.0, 2880.0, 2940.0, 3000.0]
/////////////////////////
PROCESSING:  TTM1500TZTZ
/////////////////////////
plotTreeName: Tprime2_DeepAK8_Mass
Flavour: M #tag: isV_bWbW #algo: DeepAK8
Weights: 1 * 1 * 1 * pileupWeight * 1 * lepIdSF * EGammaGsfSF * 1 * (MCWeight_singleLepCalc/abs(MCWeight_singleLepCalc)) * 4.98303385124e-05
Cuts: (leptonPt_singleLepCalc > 50) && (corr_met_singleLepCalc > 55) && (AK4HT > 480) && (minDR_lepJet > 0.4 || ptRel_lepJet > 40) && (NJetsAK8_JetSubCalc > 2) && (minDR_leadAK8otherAK8 < 3.0) && DataPastTrigger == 1 && isMuon==1
****************************************************************************************************
****************************************************************************************************
DISTRIBUTION: Tp2Mass
            -name in ljmet trees: Tprime2_ALGO_Mass
            -x-axis label is set to: ;M(T) [GeV])
            -using the binning as: [0.0, 60.0, 120.0, 180.0, 240.0, 300.0, 360.0, 420.0, 480.0, 540.0, 600.0, 660.0, 720.0, 780.0, 840.0, 900.0, 960.0, 1020.0, 1080.0, 1140.0, 1200.0, 1260.0, 1320.0, 1380.0, 1440.0, 1500.0, 1560.0, 1620.0, 1680.0, 1740.0, 1800.0, 1860.0, 1920.0, 1980.0, 2040.0, 2100.0, 2160.0, 2220.0, 2280.0, 2340.0, 2400.0, 2460.0, 2520.0, 2580.0, 2640.0, 2700.0, 2760.0, 2820.0, 2880.0, 2940.0, 3000.0]
/////////////////////////
PROCESSING:  TTM1500TZBW
/////////////////////////
plotTreeName: Tprime2_DeepAK8_Mass
Flavour: M #tag: isV_bWbW #algo: DeepAK8
Weights: 1 * 1 * 1 * pileupWeight * 1 * lepIdSF * EGammaGsfSF * 1 * (MCWeight_singleLepCalc/abs(MCWeight_singleLepCalc)) * 9.96606770248e-05
Cuts: (leptonPt_singleLepCalc > 50) && (corr_met_singleLepCalc > 55) && (AK4HT > 480) && (minDR_lepJet > 0.4 || ptRel_lepJet > 40) && (NJetsAK8_JetSubCalc > 2) && (minDR_leadAK8otherAK8 < 3.0) && DataPastTrigger == 1 && isMuon==1
****************************************************************************************************
****************************************************************************************************
DISTRIBUTION: Tp2Mass
            -name in ljmet trees: Tprime2_ALGO_Mass
            -x-axis label is set to: ;M(T) [GeV])
            -using the binning as: [0.0, 60.0, 120.0, 180.0, 240.0, 300.0, 360.0, 420.0, 480.0, 540.0, 600.0, 660.0, 720.0, 780.0, 840.0, 900.0, 960.0, 1020.0, 1080.0, 1140.0, 1200.0, 1260.0, 1320.0, 1380.0, 1440.0, 1500.0, 1560.0, 1620.0, 1680.0, 1740.0, 1800.0, 1860.0, 1920.0, 1980.0, 2040.0, 2100.0, 2160.0, 2220.0, 2280.0, 2340.0, 2400.0, 2460.0, 2520.0, 2580.0, 2640.0, 2700.0, 2760.0, 2820.0, 2880.0, 2940.0, 3000.0]
/////////////////////////
PROCESSING:  TTM1500THBW
/////////////////////////
plotTreeName: Tprime2_DeepAK8_Mass
Flavour: M #tag: isV_bWbW #algo: DeepAK8
Weights: 1 * 1 * 1 * pileupWeight * 1 * lepIdSF * EGammaGsfSF * 1 * (MCWeight_singleLepCalc/abs(MCWeight_singleLepCalc)) * 9.96606770248e-05
Cuts: (leptonPt_singleLepCalc > 50) && (corr_met_singleLepCalc > 55) && (AK4HT > 480) && (minDR_lepJet > 0.4 || ptRel_lepJet > 40) && (NJetsAK8_JetSubCalc > 2) && (minDR_leadAK8otherAK8 < 3.0) && DataPastTrigger == 1 && isMuon==1
****************************************************************************************************
****************************************************************************************************
DISTRIBUTION: Tp2Mass
            -name in ljmet trees: Tprime2_ALGO_Mass
            -x-axis label is set to: ;M(T) [GeV])
            -using the binning as: [0.0, 60.0, 120.0, 180.0, 240.0, 300.0, 360.0, 420.0, 480.0, 540.0, 600.0, 660.0, 720.0, 780.0, 840.0, 900.0, 960.0, 1020.0, 1080.0, 1140.0, 1200.0, 1260.0, 1320.0, 1380.0, 1440.0, 1500.0, 1560.0, 1620.0, 1680.0, 1740.0, 1800.0, 1860.0, 1920.0, 1980.0, 2040.0, 2100.0, 2160.0, 2220.0, 2280.0, 2340.0, 2400.0, 2460.0, 2520.0, 2580.0, 2640.0, 2700.0, 2760.0, 2820.0, 2880.0, 2940.0, 3000.0]
/////////////////////////
PROCESSING:  TTM1500TZTH
/////////////////////////
plotTreeName: Tprime2_DeepAK8_Mass
Flavour: M #tag: isV_bWbW #algo: DeepAK8
Weights: 1 * 1 * 1 * pileupWeight * 1 * lepIdSF * EGammaGsfSF * 1 * (MCWeight_singleLepCalc/abs(MCWeight_singleLepCalc)) * 4.98303385124e-05
Cuts: (leptonPt_singleLepCalc > 50) && (corr_met_singleLepCalc > 55) && (AK4HT > 480) && (minDR_lepJet > 0.4 || ptRel_lepJet > 40) && (NJetsAK8_JetSubCalc > 2) && (minDR_leadAK8otherAK8 < 3.0) && DataPastTrigger == 1 && isMuon==1
****************************************************************************************************
****************************************************************************************************
DISTRIBUTION: Tp2Mass
            -name in ljmet trees: Tprime2_ALGO_Mass
            -x-axis label is set to: ;M(T) [GeV])
            -using the binning as: [0.0, 60.0, 120.0, 180.0, 240.0, 300.0, 360.0, 420.0, 480.0, 540.0, 600.0, 660.0, 720.0, 780.0, 840.0, 900.0, 960.0, 1020.0, 1080.0, 1140.0, 1200.0, 1260.0, 1320.0, 1380.0, 1440.0, 1500.0, 1560.0, 1620.0, 1680.0, 1740.0, 1800.0, 1860.0, 1920.0, 1980.0, 2040.0, 2100.0, 2160.0, 2220.0, 2280.0, 2340.0, 2400.0, 2460.0, 2520.0, 2580.0, 2640.0, 2700.0, 2760.0, 2820.0, 2880.0, 2940.0, 3000.0]
/////////////////////////
PROCESSING:  TTM1600BWBW
/////////////////////////
plotTreeName: Tprime2_DeepAK8_Mass
Flavour: M #tag: isV_bWbW #algo: DeepAK8
Weights: 1 * 1 * 1 * pileupWeight * 1 * lepIdSF * EGammaGsfSF * 1 * (MCWeight_singleLepCalc/abs(MCWeight_singleLepCalc)) * 0.000114437939919
Cuts: (leptonPt_singleLepCalc > 50) && (corr_met_singleLepCalc > 55) && (AK4HT > 480) && (minDR_lepJet > 0.4 || ptRel_lepJet > 40) && (NJetsAK8_JetSubCalc > 2) && (minDR_leadAK8otherAK8 < 3.0) && DataPastTrigger == 1 && isMuon==1
****************************************************************************************************
****************************************************************************************************
DISTRIBUTION: Tp2Mass
            -name in ljmet trees: Tprime2_ALGO_Mass
            -x-axis label is set to: ;M(T) [GeV])
            -using the binning as: [0.0, 60.0, 120.0, 180.0, 240.0, 300.0, 360.0, 420.0, 480.0, 540.0, 600.0, 660.0, 720.0, 780.0, 840.0, 900.0, 960.0, 1020.0, 1080.0, 1140.0, 1200.0, 1260.0, 1320.0, 1380.0, 1440.0, 1500.0, 1560.0, 1620.0, 1680.0, 1740.0, 1800.0, 1860.0, 1920.0, 1980.0, 2040.0, 2100.0, 2160.0, 2220.0, 2280.0, 2340.0, 2400.0, 2460.0, 2520.0, 2580.0, 2640.0, 2700.0, 2760.0, 2820.0, 2880.0, 2940.0, 3000.0]
/////////////////////////
PROCESSING:  TTM1600THTH
/////////////////////////
plotTreeName: Tprime2_DeepAK8_Mass
Flavour: M #tag: isV_bWbW #algo: DeepAK8
Weights: 1 * 1 * 1 * pileupWeight * 1 * lepIdSF * EGammaGsfSF * 1 * (MCWeight_singleLepCalc/abs(MCWeight_singleLepCalc)) * 2.86094849797e-05
Cuts: (leptonPt_singleLepCalc > 50) && (corr_met_singleLepCalc > 55) && (AK4HT > 480) && (minDR_lepJet > 0.4 || ptRel_lepJet > 40) && (NJetsAK8_JetSubCalc > 2) && (minDR_leadAK8otherAK8 < 3.0) && DataPastTrigger == 1 && isMuon==1
****************************************************************************************************
****************************************************************************************************
DISTRIBUTION: Tp2Mass
            -name in ljmet trees: Tprime2_ALGO_Mass
            -x-axis label is set to: ;M(T) [GeV])
            -using the binning as: [0.0, 60.0, 120.0, 180.0, 240.0, 300.0, 360.0, 420.0, 480.0, 540.0, 600.0, 660.0, 720.0, 780.0, 840.0, 900.0, 960.0, 1020.0, 1080.0, 1140.0, 1200.0, 1260.0, 1320.0, 1380.0, 1440.0, 1500.0, 1560.0, 1620.0, 1680.0, 1740.0, 1800.0, 1860.0, 1920.0, 1980.0, 2040.0, 2100.0, 2160.0, 2220.0, 2280.0, 2340.0, 2400.0, 2460.0, 2520.0, 2580.0, 2640.0, 2700.0, 2760.0, 2820.0, 2880.0, 2940.0, 3000.0]
/////////////////////////
PROCESSING:  TTM1600TZTZ
/////////////////////////
plotTreeName: Tprime2_DeepAK8_Mass
Flavour: M #tag: isV_bWbW #algo: DeepAK8
Weights: 1 * 1 * 1 * pileupWeight * 1 * lepIdSF * EGammaGsfSF * 1 * (MCWeight_singleLepCalc/abs(MCWeight_singleLepCalc)) * 2.86094849797e-05
Cuts: (leptonPt_singleLepCalc > 50) && (corr_met_singleLepCalc > 55) && (AK4HT > 480) && (minDR_lepJet > 0.4 || ptRel_lepJet > 40) && (NJetsAK8_JetSubCalc > 2) && (minDR_leadAK8otherAK8 < 3.0) && DataPastTrigger == 1 && isMuon==1
****************************************************************************************************
****************************************************************************************************
DISTRIBUTION: Tp2Mass
            -name in ljmet trees: Tprime2_ALGO_Mass
            -x-axis label is set to: ;M(T) [GeV])
            -using the binning as: [0.0, 60.0, 120.0, 180.0, 240.0, 300.0, 360.0, 420.0, 480.0, 540.0, 600.0, 660.0, 720.0, 780.0, 840.0, 900.0, 960.0, 1020.0, 1080.0, 1140.0, 1200.0, 1260.0, 1320.0, 1380.0, 1440.0, 1500.0, 1560.0, 1620.0, 1680.0, 1740.0, 1800.0, 1860.0, 1920.0, 1980.0, 2040.0, 2100.0, 2160.0, 2220.0, 2280.0, 2340.0, 2400.0, 2460.0, 2520.0, 2580.0, 2640.0, 2700.0, 2760.0, 2820.0, 2880.0, 2940.0, 3000.0]
/////////////////////////
PROCESSING:  TTM1600TZBW
/////////////////////////
plotTreeName: Tprime2_DeepAK8_Mass
Flavour: M #tag: isV_bWbW #algo: DeepAK8
Weights: 1 * 1 * 1 * pileupWeight * 1 * lepIdSF * EGammaGsfSF * 1 * (MCWeight_singleLepCalc/abs(MCWeight_singleLepCalc)) * 5.72189699595e-05
Cuts: (leptonPt_singleLepCalc > 50) && (corr_met_singleLepCalc > 55) && (AK4HT > 480) && (minDR_lepJet > 0.4 || ptRel_lepJet > 40) && (NJetsAK8_JetSubCalc > 2) && (minDR_leadAK8otherAK8 < 3.0) && DataPastTrigger == 1 && isMuon==1
****************************************************************************************************
****************************************************************************************************
DISTRIBUTION: Tp2Mass
            -name in ljmet trees: Tprime2_ALGO_Mass
            -x-axis label is set to: ;M(T) [GeV])
            -using the binning as: [0.0, 60.0, 120.0, 180.0, 240.0, 300.0, 360.0, 420.0, 480.0, 540.0, 600.0, 660.0, 720.0, 780.0, 840.0, 900.0, 960.0, 1020.0, 1080.0, 1140.0, 1200.0, 1260.0, 1320.0, 1380.0, 1440.0, 1500.0, 1560.0, 1620.0, 1680.0, 1740.0, 1800.0, 1860.0, 1920.0, 1980.0, 2040.0, 2100.0, 2160.0, 2220.0, 2280.0, 2340.0, 2400.0, 2460.0, 2520.0, 2580.0, 2640.0, 2700.0, 2760.0, 2820.0, 2880.0, 2940.0, 3000.0]
/////////////////////////
PROCESSING:  TTM1600THBW
/////////////////////////
plotTreeName: Tprime2_DeepAK8_Mass
Flavour: M #tag: isV_bWbW #algo: DeepAK8
Weights: 1 * 1 * 1 * pileupWeight * 1 * lepIdSF * EGammaGsfSF * 1 * (MCWeight_singleLepCalc/abs(MCWeight_singleLepCalc)) * 5.72189699595e-05
Cuts: (leptonPt_singleLepCalc > 50) && (corr_met_singleLepCalc > 55) && (AK4HT > 480) && (minDR_lepJet > 0.4 || ptRel_lepJet > 40) && (NJetsAK8_JetSubCalc > 2) && (minDR_leadAK8otherAK8 < 3.0) && DataPastTrigger == 1 && isMuon==1
****************************************************************************************************
****************************************************************************************************
DISTRIBUTION: Tp2Mass
            -name in ljmet trees: Tprime2_ALGO_Mass
            -x-axis label is set to: ;M(T) [GeV])
            -using the binning as: [0.0, 60.0, 120.0, 180.0, 240.0, 300.0, 360.0, 420.0, 480.0, 540.0, 600.0, 660.0, 720.0, 780.0, 840.0, 900.0, 960.0, 1020.0, 1080.0, 1140.0, 1200.0, 1260.0, 1320.0, 1380.0, 1440.0, 1500.0, 1560.0, 1620.0, 1680.0, 1740.0, 1800.0, 1860.0, 1920.0, 1980.0, 2040.0, 2100.0, 2160.0, 2220.0, 2280.0, 2340.0, 2400.0, 2460.0, 2520.0, 2580.0, 2640.0, 2700.0, 2760.0, 2820.0, 2880.0, 2940.0, 3000.0]
/////////////////////////
PROCESSING:  TTM1600TZTH
/////////////////////////
plotTreeName: Tprime2_DeepAK8_Mass
Flavour: M #tag: isV_bWbW #algo: DeepAK8
Weights: 1 * 1 * 1 * pileupWeight * 1 * lepIdSF * EGammaGsfSF * 1 * (MCWeight_singleLepCalc/abs(MCWeight_singleLepCalc)) * 2.86094849797e-05
Cuts: (leptonPt_singleLepCalc > 50) && (corr_met_singleLepCalc > 55) && (AK4HT > 480) && (minDR_lepJet > 0.4 || ptRel_lepJet > 40) && (NJetsAK8_JetSubCalc > 2) && (minDR_leadAK8otherAK8 < 3.0) && DataPastTrigger == 1 && isMuon==1
****************************************************************************************************
****************************************************************************************************
DISTRIBUTION: Tp2Mass
            -name in ljmet trees: Tprime2_ALGO_Mass
            -x-axis label is set to: ;M(T) [GeV])
            -using the binning as: [0.0, 60.0, 120.0, 180.0, 240.0, 300.0, 360.0, 420.0, 480.0, 540.0, 600.0, 660.0, 720.0, 780.0, 840.0, 900.0, 960.0, 1020.0, 1080.0, 1140.0, 1200.0, 1260.0, 1320.0, 1380.0, 1440.0, 1500.0, 1560.0, 1620.0, 1680.0, 1740.0, 1800.0, 1860.0, 1920.0, 1980.0, 2040.0, 2100.0, 2160.0, 2220.0, 2280.0, 2340.0, 2400.0, 2460.0, 2520.0, 2580.0, 2640.0, 2700.0, 2760.0, 2820.0, 2880.0, 2940.0, 3000.0]
/////////////////////////
PROCESSING:  TTM1700BWBW
/////////////////////////
plotTreeName: Tprime2_DeepAK8_Mass
Flavour: M #tag: isV_bWbW #algo: DeepAK8
Weights: 1 * 1 * 1 * pileupWeight * 1 * lepIdSF * EGammaGsfSF * 1 * (MCWeight_singleLepCalc/abs(MCWeight_singleLepCalc)) * 6.93554282011e-05
Cuts: (leptonPt_singleLepCalc > 50) && (corr_met_singleLepCalc > 55) && (AK4HT > 480) && (minDR_lepJet > 0.4 || ptRel_lepJet > 40) && (NJetsAK8_JetSubCalc > 2) && (minDR_leadAK8otherAK8 < 3.0) && DataPastTrigger == 1 && isMuon==1
****************************************************************************************************
****************************************************************************************************
DISTRIBUTION: Tp2Mass
            -name in ljmet trees: Tprime2_ALGO_Mass
            -x-axis label is set to: ;M(T) [GeV])
            -using the binning as: [0.0, 60.0, 120.0, 180.0, 240.0, 300.0, 360.0, 420.0, 480.0, 540.0, 600.0, 660.0, 720.0, 780.0, 840.0, 900.0, 960.0, 1020.0, 1080.0, 1140.0, 1200.0, 1260.0, 1320.0, 1380.0, 1440.0, 1500.0, 1560.0, 1620.0, 1680.0, 1740.0, 1800.0, 1860.0, 1920.0, 1980.0, 2040.0, 2100.0, 2160.0, 2220.0, 2280.0, 2340.0, 2400.0, 2460.0, 2520.0, 2580.0, 2640.0, 2700.0, 2760.0, 2820.0, 2880.0, 2940.0, 3000.0]
/////////////////////////
PROCESSING:  TTM1700THTH
/////////////////////////
plotTreeName: Tprime2_DeepAK8_Mass
Flavour: M #tag: isV_bWbW #algo: DeepAK8
Weights: 1 * 1 * 1 * pileupWeight * 1 * lepIdSF * EGammaGsfSF * 1 * (MCWeight_singleLepCalc/abs(MCWeight_singleLepCalc)) * 1.73388570503e-05
Cuts: (leptonPt_singleLepCalc > 50) && (corr_met_singleLepCalc > 55) && (AK4HT > 480) && (minDR_lepJet > 0.4 || ptRel_lepJet > 40) && (NJetsAK8_JetSubCalc > 2) && (minDR_leadAK8otherAK8 < 3.0) && DataPastTrigger == 1 && isMuon==1
****************************************************************************************************
****************************************************************************************************
DISTRIBUTION: Tp2Mass
            -name in ljmet trees: Tprime2_ALGO_Mass
            -x-axis label is set to: ;M(T) [GeV])
            -using the binning as: [0.0, 60.0, 120.0, 180.0, 240.0, 300.0, 360.0, 420.0, 480.0, 540.0, 600.0, 660.0, 720.0, 780.0, 840.0, 900.0, 960.0, 1020.0, 1080.0, 1140.0, 1200.0, 1260.0, 1320.0, 1380.0, 1440.0, 1500.0, 1560.0, 1620.0, 1680.0, 1740.0, 1800.0, 1860.0, 1920.0, 1980.0, 2040.0, 2100.0, 2160.0, 2220.0, 2280.0, 2340.0, 2400.0, 2460.0, 2520.0, 2580.0, 2640.0, 2700.0, 2760.0, 2820.0, 2880.0, 2940.0, 3000.0]
/////////////////////////
PROCESSING:  TTM1700TZTZ
/////////////////////////
plotTreeName: Tprime2_DeepAK8_Mass
Flavour: M #tag: isV_bWbW #algo: DeepAK8
Weights: 1 * 1 * 1 * pileupWeight * 1 * lepIdSF * EGammaGsfSF * 1 * (MCWeight_singleLepCalc/abs(MCWeight_singleLepCalc)) * 1.73388570503e-05
Cuts: (leptonPt_singleLepCalc > 50) && (corr_met_singleLepCalc > 55) && (AK4HT > 480) && (minDR_lepJet > 0.4 || ptRel_lepJet > 40) && (NJetsAK8_JetSubCalc > 2) && (minDR_leadAK8otherAK8 < 3.0) && DataPastTrigger == 1 && isMuon==1
****************************************************************************************************
****************************************************************************************************
DISTRIBUTION: Tp2Mass
            -name in ljmet trees: Tprime2_ALGO_Mass
            -x-axis label is set to: ;M(T) [GeV])
            -using the binning as: [0.0, 60.0, 120.0, 180.0, 240.0, 300.0, 360.0, 420.0, 480.0, 540.0, 600.0, 660.0, 720.0, 780.0, 840.0, 900.0, 960.0, 1020.0, 1080.0, 1140.0, 1200.0, 1260.0, 1320.0, 1380.0, 1440.0, 1500.0, 1560.0, 1620.0, 1680.0, 1740.0, 1800.0, 1860.0, 1920.0, 1980.0, 2040.0, 2100.0, 2160.0, 2220.0, 2280.0, 2340.0, 2400.0, 2460.0, 2520.0, 2580.0, 2640.0, 2700.0, 2760.0, 2820.0, 2880.0, 2940.0, 3000.0]
/////////////////////////
PROCESSING:  TTM1700TZBW
/////////////////////////
plotTreeName: Tprime2_DeepAK8_Mass
Flavour: M #tag: isV_bWbW #algo: DeepAK8
Weights: 1 * 1 * 1 * pileupWeight * 1 * lepIdSF * EGammaGsfSF * 1 * (MCWeight_singleLepCalc/abs(MCWeight_singleLepCalc)) * 3.46777141005e-05
Cuts: (leptonPt_singleLepCalc > 50) && (corr_met_singleLepCalc > 55) && (AK4HT > 480) && (minDR_lepJet > 0.4 || ptRel_lepJet > 40) && (NJetsAK8_JetSubCalc > 2) && (minDR_leadAK8otherAK8 < 3.0) && DataPastTrigger == 1 && isMuon==1
****************************************************************************************************
****************************************************************************************************
DISTRIBUTION: Tp2Mass
            -name in ljmet trees: Tprime2_ALGO_Mass
            -x-axis label is set to: ;M(T) [GeV])
            -using the binning as: [0.0, 60.0, 120.0, 180.0, 240.0, 300.0, 360.0, 420.0, 480.0, 540.0, 600.0, 660.0, 720.0, 780.0, 840.0, 900.0, 960.0, 1020.0, 1080.0, 1140.0, 1200.0, 1260.0, 1320.0, 1380.0, 1440.0, 1500.0, 1560.0, 1620.0, 1680.0, 1740.0, 1800.0, 1860.0, 1920.0, 1980.0, 2040.0, 2100.0, 2160.0, 2220.0, 2280.0, 2340.0, 2400.0, 2460.0, 2520.0, 2580.0, 2640.0, 2700.0, 2760.0, 2820.0, 2880.0, 2940.0, 3000.0]
/////////////////////////
PROCESSING:  TTM1700THBW
/////////////////////////
plotTreeName: Tprime2_DeepAK8_Mass
Flavour: M #tag: isV_bWbW #algo: DeepAK8
Weights: 1 * 1 * 1 * pileupWeight * 1 * lepIdSF * EGammaGsfSF * 1 * (MCWeight_singleLepCalc/abs(MCWeight_singleLepCalc)) * 3.46777141005e-05
Cuts: (leptonPt_singleLepCalc > 50) && (corr_met_singleLepCalc > 55) && (AK4HT > 480) && (minDR_lepJet > 0.4 || ptRel_lepJet > 40) && (NJetsAK8_JetSubCalc > 2) && (minDR_leadAK8otherAK8 < 3.0) && DataPastTrigger == 1 && isMuon==1
****************************************************************************************************
****************************************************************************************************
DISTRIBUTION: Tp2Mass
            -name in ljmet trees: Tprime2_ALGO_Mass
            -x-axis label is set to: ;M(T) [GeV])
            -using the binning as: [0.0, 60.0, 120.0, 180.0, 240.0, 300.0, 360.0, 420.0, 480.0, 540.0, 600.0, 660.0, 720.0, 780.0, 840.0, 900.0, 960.0, 1020.0, 1080.0, 1140.0, 1200.0, 1260.0, 1320.0, 1380.0, 1440.0, 1500.0, 1560.0, 1620.0, 1680.0, 1740.0, 1800.0, 1860.0, 1920.0, 1980.0, 2040.0, 2100.0, 2160.0, 2220.0, 2280.0, 2340.0, 2400.0, 2460.0, 2520.0, 2580.0, 2640.0, 2700.0, 2760.0, 2820.0, 2880.0, 2940.0, 3000.0]
/////////////////////////
PROCESSING:  TTM1700TZTH
/////////////////////////
plotTreeName: Tprime2_DeepAK8_Mass
Flavour: M #tag: isV_bWbW #algo: DeepAK8
Weights: 1 * 1 * 1 * pileupWeight * 1 * lepIdSF * EGammaGsfSF * 1 * (MCWeight_singleLepCalc/abs(MCWeight_singleLepCalc)) * 1.73388570503e-05
Cuts: (leptonPt_singleLepCalc > 50) && (corr_met_singleLepCalc > 55) && (AK4HT > 480) && (minDR_lepJet > 0.4 || ptRel_lepJet > 40) && (NJetsAK8_JetSubCalc > 2) && (minDR_leadAK8otherAK8 < 3.0) && DataPastTrigger == 1 && isMuon==1
****************************************************************************************************
****************************************************************************************************
DISTRIBUTION: Tp2Mass
            -name in ljmet trees: Tprime2_ALGO_Mass
            -x-axis label is set to: ;M(T) [GeV])
            -using the binning as: [0.0, 60.0, 120.0, 180.0, 240.0, 300.0, 360.0, 420.0, 480.0, 540.0, 600.0, 660.0, 720.0, 780.0, 840.0, 900.0, 960.0, 1020.0, 1080.0, 1140.0, 1200.0, 1260.0, 1320.0, 1380.0, 1440.0, 1500.0, 1560.0, 1620.0, 1680.0, 1740.0, 1800.0, 1860.0, 1920.0, 1980.0, 2040.0, 2100.0, 2160.0, 2220.0, 2280.0, 2340.0, 2400.0, 2460.0, 2520.0, 2580.0, 2640.0, 2700.0, 2760.0, 2820.0, 2880.0, 2940.0, 3000.0]
/////////////////////////
PROCESSING:  TTM1800BWBW
/////////////////////////
plotTreeName: Tprime2_DeepAK8_Mass
Flavour: M #tag: isV_bWbW #algo: DeepAK8
Weights: 1 * 1 * 1 * pileupWeight * 1 * lepIdSF * EGammaGsfSF * 1 * (MCWeight_singleLepCalc/abs(MCWeight_singleLepCalc)) * 3.89579688164e-05
Cuts: (leptonPt_singleLepCalc > 50) && (corr_met_singleLepCalc > 55) && (AK4HT > 480) && (minDR_lepJet > 0.4 || ptRel_lepJet > 40) && (NJetsAK8_JetSubCalc > 2) && (minDR_leadAK8otherAK8 < 3.0) && DataPastTrigger == 1 && isMuon==1
****************************************************************************************************
****************************************************************************************************
DISTRIBUTION: Tp2Mass
            -name in ljmet trees: Tprime2_ALGO_Mass
            -x-axis label is set to: ;M(T) [GeV])
            -using the binning as: [0.0, 60.0, 120.0, 180.0, 240.0, 300.0, 360.0, 420.0, 480.0, 540.0, 600.0, 660.0, 720.0, 780.0, 840.0, 900.0, 960.0, 1020.0, 1080.0, 1140.0, 1200.0, 1260.0, 1320.0, 1380.0, 1440.0, 1500.0, 1560.0, 1620.0, 1680.0, 1740.0, 1800.0, 1860.0, 1920.0, 1980.0, 2040.0, 2100.0, 2160.0, 2220.0, 2280.0, 2340.0, 2400.0, 2460.0, 2520.0, 2580.0, 2640.0, 2700.0, 2760.0, 2820.0, 2880.0, 2940.0, 3000.0]
/////////////////////////
PROCESSING:  TTM1800THTH
/////////////////////////
plotTreeName: Tprime2_DeepAK8_Mass
Flavour: M #tag: isV_bWbW #algo: DeepAK8
Weights: 1 * 1 * 1 * pileupWeight * 1 * lepIdSF * EGammaGsfSF * 1 * (MCWeight_singleLepCalc/abs(MCWeight_singleLepCalc)) * 9.7394922041e-06
Cuts: (leptonPt_singleLepCalc > 50) && (corr_met_singleLepCalc > 55) && (AK4HT > 480) && (minDR_lepJet > 0.4 || ptRel_lepJet > 40) && (NJetsAK8_JetSubCalc > 2) && (minDR_leadAK8otherAK8 < 3.0) && DataPastTrigger == 1 && isMuon==1
****************************************************************************************************
****************************************************************************************************
DISTRIBUTION: Tp2Mass
            -name in ljmet trees: Tprime2_ALGO_Mass
            -x-axis label is set to: ;M(T) [GeV])
            -using the binning as: [0.0, 60.0, 120.0, 180.0, 240.0, 300.0, 360.0, 420.0, 480.0, 540.0, 600.0, 660.0, 720.0, 780.0, 840.0, 900.0, 960.0, 1020.0, 1080.0, 1140.0, 1200.0, 1260.0, 1320.0, 1380.0, 1440.0, 1500.0, 1560.0, 1620.0, 1680.0, 1740.0, 1800.0, 1860.0, 1920.0, 1980.0, 2040.0, 2100.0, 2160.0, 2220.0, 2280.0, 2340.0, 2400.0, 2460.0, 2520.0, 2580.0, 2640.0, 2700.0, 2760.0, 2820.0, 2880.0, 2940.0, 3000.0]
/////////////////////////
PROCESSING:  TTM1800TZTZ
/////////////////////////
plotTreeName: Tprime2_DeepAK8_Mass
Flavour: M #tag: isV_bWbW #algo: DeepAK8
Weights: 1 * 1 * 1 * pileupWeight * 1 * lepIdSF * EGammaGsfSF * 1 * (MCWeight_singleLepCalc/abs(MCWeight_singleLepCalc)) * 9.7394922041e-06
Cuts: (leptonPt_singleLepCalc > 50) && (corr_met_singleLepCalc > 55) && (AK4HT > 480) && (minDR_lepJet > 0.4 || ptRel_lepJet > 40) && (NJetsAK8_JetSubCalc > 2) && (minDR_leadAK8otherAK8 < 3.0) && DataPastTrigger == 1 && isMuon==1
****************************************************************************************************
****************************************************************************************************
DISTRIBUTION: Tp2Mass
            -name in ljmet trees: Tprime2_ALGO_Mass
            -x-axis label is set to: ;M(T) [GeV])
            -using the binning as: [0.0, 60.0, 120.0, 180.0, 240.0, 300.0, 360.0, 420.0, 480.0, 540.0, 600.0, 660.0, 720.0, 780.0, 840.0, 900.0, 960.0, 1020.0, 1080.0, 1140.0, 1200.0, 1260.0, 1320.0, 1380.0, 1440.0, 1500.0, 1560.0, 1620.0, 1680.0, 1740.0, 1800.0, 1860.0, 1920.0, 1980.0, 2040.0, 2100.0, 2160.0, 2220.0, 2280.0, 2340.0, 2400.0, 2460.0, 2520.0, 2580.0, 2640.0, 2700.0, 2760.0, 2820.0, 2880.0, 2940.0, 3000.0]
/////////////////////////
PROCESSING:  TTM1800TZBW
/////////////////////////
plotTreeName: Tprime2_DeepAK8_Mass
Flavour: M #tag: isV_bWbW #algo: DeepAK8
Weights: 1 * 1 * 1 * pileupWeight * 1 * lepIdSF * EGammaGsfSF * 1 * (MCWeight_singleLepCalc/abs(MCWeight_singleLepCalc)) * 1.94789844082e-05
Cuts: (leptonPt_singleLepCalc > 50) && (corr_met_singleLepCalc > 55) && (AK4HT > 480) && (minDR_lepJet > 0.4 || ptRel_lepJet > 40) && (NJetsAK8_JetSubCalc > 2) && (minDR_leadAK8otherAK8 < 3.0) && DataPastTrigger == 1 && isMuon==1
****************************************************************************************************
****************************************************************************************************
DISTRIBUTION: Tp2Mass
            -name in ljmet trees: Tprime2_ALGO_Mass
            -x-axis label is set to: ;M(T) [GeV])
            -using the binning as: [0.0, 60.0, 120.0, 180.0, 240.0, 300.0, 360.0, 420.0, 480.0, 540.0, 600.0, 660.0, 720.0, 780.0, 840.0, 900.0, 960.0, 1020.0, 1080.0, 1140.0, 1200.0, 1260.0, 1320.0, 1380.0, 1440.0, 1500.0, 1560.0, 1620.0, 1680.0, 1740.0, 1800.0, 1860.0, 1920.0, 1980.0, 2040.0, 2100.0, 2160.0, 2220.0, 2280.0, 2340.0, 2400.0, 2460.0, 2520.0, 2580.0, 2640.0, 2700.0, 2760.0, 2820.0, 2880.0, 2940.0, 3000.0]
/////////////////////////
PROCESSING:  TTM1800THBW
/////////////////////////
plotTreeName: Tprime2_DeepAK8_Mass
Flavour: M #tag: isV_bWbW #algo: DeepAK8
Weights: 1 * 1 * 1 * pileupWeight * 1 * lepIdSF * EGammaGsfSF * 1 * (MCWeight_singleLepCalc/abs(MCWeight_singleLepCalc)) * 1.94789844082e-05
Cuts: (leptonPt_singleLepCalc > 50) && (corr_met_singleLepCalc > 55) && (AK4HT > 480) && (minDR_lepJet > 0.4 || ptRel_lepJet > 40) && (NJetsAK8_JetSubCalc > 2) && (minDR_leadAK8otherAK8 < 3.0) && DataPastTrigger == 1 && isMuon==1
****************************************************************************************************
****************************************************************************************************
DISTRIBUTION: Tp2Mass
            -name in ljmet trees: Tprime2_ALGO_Mass
            -x-axis label is set to: ;M(T) [GeV])
            -using the binning as: [0.0, 60.0, 120.0, 180.0, 240.0, 300.0, 360.0, 420.0, 480.0, 540.0, 600.0, 660.0, 720.0, 780.0, 840.0, 900.0, 960.0, 1020.0, 1080.0, 1140.0, 1200.0, 1260.0, 1320.0, 1380.0, 1440.0, 1500.0, 1560.0, 1620.0, 1680.0, 1740.0, 1800.0, 1860.0, 1920.0, 1980.0, 2040.0, 2100.0, 2160.0, 2220.0, 2280.0, 2340.0, 2400.0, 2460.0, 2520.0, 2580.0, 2640.0, 2700.0, 2760.0, 2820.0, 2880.0, 2940.0, 3000.0]
/////////////////////////
PROCESSING:  TTM1800TZTH
/////////////////////////
plotTreeName: Tprime2_DeepAK8_Mass
Flavour: M #tag: isV_bWbW #algo: DeepAK8
Weights: 1 * 1 * 1 * pileupWeight * 1 * lepIdSF * EGammaGsfSF * 1 * (MCWeight_singleLepCalc/abs(MCWeight_singleLepCalc)) * 9.7394922041e-06
Cuts: (leptonPt_singleLepCalc > 50) && (corr_met_singleLepCalc > 55) && (AK4HT > 480) && (minDR_lepJet > 0.4 || ptRel_lepJet > 40) && (NJetsAK8_JetSubCalc > 2) && (minDR_leadAK8otherAK8 < 3.0) && DataPastTrigger == 1 && isMuon==1
****************************************************************************************************
****************************************************************************************************
DISTRIBUTION: Tp2Mass
            -name in ljmet trees: Tprime2_ALGO_Mass
            -x-axis label is set to: ;M(T) [GeV])
            -using the binning as: [0.0, 60.0, 120.0, 180.0, 240.0, 300.0, 360.0, 420.0, 480.0, 540.0, 600.0, 660.0, 720.0, 780.0, 840.0, 900.0, 960.0, 1020.0, 1080.0, 1140.0, 1200.0, 1260.0, 1320.0, 1380.0, 1440.0, 1500.0, 1560.0, 1620.0, 1680.0, 1740.0, 1800.0, 1860.0, 1920.0, 1980.0, 2040.0, 2100.0, 2160.0, 2220.0, 2280.0, 2340.0, 2400.0, 2460.0, 2520.0, 2580.0, 2640.0, 2700.0, 2760.0, 2820.0, 2880.0, 2940.0, 3000.0]
/////////////////////////
PROCESSING:  WJetsMG400
/////////////////////////
plotTreeName: Tprime2_DeepAK8_decorr_Mass
Flavour: M #tag: isV_bWbW #algo: DeepAK8_decorr
Weights: 1 * HTSF_Pol * 1 * pileupWeight * 1 * lepIdSF * EGammaGsfSF * 1 * (MCWeight_singleLepCalc/abs(MCWeight_singleLepCalc)) * 0.280770227538
Cuts: (leptonPt_singleLepCalc > 50) && (corr_met_singleLepCalc > 55) && (AK4HT > 480) && (minDR_lepJet > 0.4 || ptRel_lepJet > 40) && (NJetsAK8_JetSubCalc > 2) && (minDR_leadAK8otherAK8 < 3.0) && DataPastTrigger == 1 && isMuon==1
****************************************************************************************************
****************************************************************************************************
DISTRIBUTION: Tp2Mass
            -name in ljmet trees: Tprime2_ALGO_Mass
            -x-axis label is set to: ;M(T) [GeV])
            -using the binning as: [0.0, 60.0, 120.0, 180.0, 240.0, 300.0, 360.0, 420.0, 480.0, 540.0, 600.0, 660.0, 720.0, 780.0, 840.0, 900.0, 960.0, 1020.0, 1080.0, 1140.0, 1200.0, 1260.0, 1320.0, 1380.0, 1440.0, 1500.0, 1560.0, 1620.0, 1680.0, 1740.0, 1800.0, 1860.0, 1920.0, 1980.0, 2040.0, 2100.0, 2160.0, 2220.0, 2280.0, 2340.0, 2400.0, 2460.0, 2520.0, 2580.0, 2640.0, 2700.0, 2760.0, 2820.0, 2880.0, 2940.0, 3000.0]
/////////////////////////
PROCESSING:  WJetsMG600
/////////////////////////
plotTreeName: Tprime2_DeepAK8_decorr_Mass
Flavour: M #tag: isV_bWbW #algo: DeepAK8_decorr
Weights: 1 * HTSF_Pol * 1 * pileupWeight * 1 * lepIdSF * EGammaGsfSF * 1 * (MCWeight_singleLepCalc/abs(MCWeight_singleLepCalc)) * 0.0287233231554
Cuts: (leptonPt_singleLepCalc > 50) && (corr_met_singleLepCalc > 55) && (AK4HT > 480) && (minDR_lepJet > 0.4 || ptRel_lepJet > 40) && (NJetsAK8_JetSubCalc > 2) && (minDR_leadAK8otherAK8 < 3.0) && DataPastTrigger == 1 && isMuon==1
****************************************************************************************************
****************************************************************************************************
DISTRIBUTION: Tp2Mass
            -name in ljmet trees: Tprime2_ALGO_Mass
            -x-axis label is set to: ;M(T) [GeV])
            -using the binning as: [0.0, 60.0, 120.0, 180.0, 240.0, 300.0, 360.0, 420.0, 480.0, 540.0, 600.0, 660.0, 720.0, 780.0, 840.0, 900.0, 960.0, 1020.0, 1080.0, 1140.0, 1200.0, 1260.0, 1320.0, 1380.0, 1440.0, 1500.0, 1560.0, 1620.0, 1680.0, 1740.0, 1800.0, 1860.0, 1920.0, 1980.0, 2040.0, 2100.0, 2160.0, 2220.0, 2280.0, 2340.0, 2400.0, 2460.0, 2520.0, 2580.0, 2640.0, 2700.0, 2760.0, 2820.0, 2880.0, 2940.0, 3000.0]
/////////////////////////
PROCESSING:  WJetsMG800
/////////////////////////
plotTreeName: Tprime2_DeepAK8_decorr_Mass
Flavour: M #tag: isV_bWbW #algo: DeepAK8_decorr
Weights: 1 * HTSF_Pol * 1 * pileupWeight * 1 * lepIdSF * EGammaGsfSF * 1 * (MCWeight_singleLepCalc/abs(MCWeight_singleLepCalc)) * 0.0316367902594
Cuts: (leptonPt_singleLepCalc > 50) && (corr_met_singleLepCalc > 55) && (AK4HT > 480) && (minDR_lepJet > 0.4 || ptRel_lepJet > 40) && (NJetsAK8_JetSubCalc > 2) && (minDR_leadAK8otherAK8 < 3.0) && DataPastTrigger == 1 && isMuon==1
****************************************************************************************************
****************************************************************************************************
DISTRIBUTION: Tp2Mass
            -name in ljmet trees: Tprime2_ALGO_Mass
            -x-axis label is set to: ;M(T) [GeV])
            -using the binning as: [0.0, 60.0, 120.0, 180.0, 240.0, 300.0, 360.0, 420.0, 480.0, 540.0, 600.0, 660.0, 720.0, 780.0, 840.0, 900.0, 960.0, 1020.0, 1080.0, 1140.0, 1200.0, 1260.0, 1320.0, 1380.0, 1440.0, 1500.0, 1560.0, 1620.0, 1680.0, 1740.0, 1800.0, 1860.0, 1920.0, 1980.0, 2040.0, 2100.0, 2160.0, 2220.0, 2280.0, 2340.0, 2400.0, 2460.0, 2520.0, 2580.0, 2640.0, 2700.0, 2760.0, 2820.0, 2880.0, 2940.0, 3000.0]
/////////////////////////
PROCESSING:  WJetsMG1200
/////////////////////////
plotTreeName: Tprime2_DeepAK8_decorr_Mass
Flavour: M #tag: isV_bWbW #algo: DeepAK8_decorr
Weights: 1 * HTSF_Pol * 1 * pileupWeight * 1 * lepIdSF * EGammaGsfSF * 1 * (MCWeight_singleLepCalc/abs(MCWeight_singleLepCalc)) * 0.00861414819858
Cuts: (leptonPt_singleLepCalc > 50) && (corr_met_singleLepCalc > 55) && (AK4HT > 480) && (minDR_lepJet > 0.4 || ptRel_lepJet > 40) && (NJetsAK8_JetSubCalc > 2) && (minDR_leadAK8otherAK8 < 3.0) && DataPastTrigger == 1 && isMuon==1
****************************************************************************************************
****************************************************************************************************
DISTRIBUTION: Tp2Mass
            -name in ljmet trees: Tprime2_ALGO_Mass
            -x-axis label is set to: ;M(T) [GeV])
            -using the binning as: [0.0, 60.0, 120.0, 180.0, 240.0, 300.0, 360.0, 420.0, 480.0, 540.0, 600.0, 660.0, 720.0, 780.0, 840.0, 900.0, 960.0, 1020.0, 1080.0, 1140.0, 1200.0, 1260.0, 1320.0, 1380.0, 1440.0, 1500.0, 1560.0, 1620.0, 1680.0, 1740.0, 1800.0, 1860.0, 1920.0, 1980.0, 2040.0, 2100.0, 2160.0, 2220.0, 2280.0, 2340.0, 2400.0, 2460.0, 2520.0, 2580.0, 2640.0, 2700.0, 2760.0, 2820.0, 2880.0, 2940.0, 3000.0]
/////////////////////////
PROCESSING:  WJetsMG2500
/////////////////////////
plotTreeName: Tprime2_DeepAK8_decorr_Mass
Flavour: M #tag: isV_bWbW #algo: DeepAK8_decorr
Weights: 1 * HTSF_Pol * 1 * pileupWeight * 1 * lepIdSF * EGammaGsfSF * 1 * (MCWeight_singleLepCalc/abs(MCWeight_singleLepCalc)) * 0.00054308661217
Cuts: (leptonPt_singleLepCalc > 50) && (corr_met_singleLepCalc > 55) && (AK4HT > 480) && (minDR_lepJet > 0.4 || ptRel_lepJet > 40) && (NJetsAK8_JetSubCalc > 2) && (minDR_leadAK8otherAK8 < 3.0) && DataPastTrigger == 1 && isMuon==1
****************************************************************************************************
****************************************************************************************************
DISTRIBUTION: Tp2Mass
            -name in ljmet trees: Tprime2_ALGO_Mass
            -x-axis label is set to: ;M(T) [GeV])
            -using the binning as: [0.0, 60.0, 120.0, 180.0, 240.0, 300.0, 360.0, 420.0, 480.0, 540.0, 600.0, 660.0, 720.0, 780.0, 840.0, 900.0, 960.0, 1020.0, 1080.0, 1140.0, 1200.0, 1260.0, 1320.0, 1380.0, 1440.0, 1500.0, 1560.0, 1620.0, 1680.0, 1740.0, 1800.0, 1860.0, 1920.0, 1980.0, 2040.0, 2100.0, 2160.0, 2220.0, 2280.0, 2340.0, 2400.0, 2460.0, 2520.0, 2580.0, 2640.0, 2700.0, 2760.0, 2820.0, 2880.0, 2940.0, 3000.0]
/////////////////////////
PROCESSING:  TTM1100BWBW
/////////////////////////
plotTreeName: Tprime2_DeepAK8_decorr_Mass
Flavour: M #tag: isV_bWbW #algo: DeepAK8_decorr
Weights: 1 * 1 * 1 * pileupWeight * 1 * lepIdSF * EGammaGsfSF * 1 * (MCWeight_singleLepCalc/abs(MCWeight_singleLepCalc)) * 0.00223239916536
Cuts: (leptonPt_singleLepCalc > 50) && (corr_met_singleLepCalc > 55) && (AK4HT > 480) && (minDR_lepJet > 0.4 || ptRel_lepJet > 40) && (NJetsAK8_JetSubCalc > 2) && (minDR_leadAK8otherAK8 < 3.0) && DataPastTrigger == 1 && isMuon==1
****************************************************************************************************
****************************************************************************************************
DISTRIBUTION: Tp2Mass
            -name in ljmet trees: Tprime2_ALGO_Mass
            -x-axis label is set to: ;M(T) [GeV])
            -using the binning as: [0.0, 60.0, 120.0, 180.0, 240.0, 300.0, 360.0, 420.0, 480.0, 540.0, 600.0, 660.0, 720.0, 780.0, 840.0, 900.0, 960.0, 1020.0, 1080.0, 1140.0, 1200.0, 1260.0, 1320.0, 1380.0, 1440.0, 1500.0, 1560.0, 1620.0, 1680.0, 1740.0, 1800.0, 1860.0, 1920.0, 1980.0, 2040.0, 2100.0, 2160.0, 2220.0, 2280.0, 2340.0, 2400.0, 2460.0, 2520.0, 2580.0, 2640.0, 2700.0, 2760.0, 2820.0, 2880.0, 2940.0, 3000.0]
/////////////////////////
PROCESSING:  TTM1100THTH
/////////////////////////
plotTreeName: Tprime2_DeepAK8_decorr_Mass
Flavour: M #tag: isV_bWbW #algo: DeepAK8_decorr
Weights: 1 * 1 * 1 * pileupWeight * 1 * lepIdSF * EGammaGsfSF * 1 * (MCWeight_singleLepCalc/abs(MCWeight_singleLepCalc)) * 0.000558099791339
Cuts: (leptonPt_singleLepCalc > 50) && (corr_met_singleLepCalc > 55) && (AK4HT > 480) && (minDR_lepJet > 0.4 || ptRel_lepJet > 40) && (NJetsAK8_JetSubCalc > 2) && (minDR_leadAK8otherAK8 < 3.0) && DataPastTrigger == 1 && isMuon==1
****************************************************************************************************
****************************************************************************************************
DISTRIBUTION: Tp2Mass
            -name in ljmet trees: Tprime2_ALGO_Mass
            -x-axis label is set to: ;M(T) [GeV])
            -using the binning as: [0.0, 60.0, 120.0, 180.0, 240.0, 300.0, 360.0, 420.0, 480.0, 540.0, 600.0, 660.0, 720.0, 780.0, 840.0, 900.0, 960.0, 1020.0, 1080.0, 1140.0, 1200.0, 1260.0, 1320.0, 1380.0, 1440.0, 1500.0, 1560.0, 1620.0, 1680.0, 1740.0, 1800.0, 1860.0, 1920.0, 1980.0, 2040.0, 2100.0, 2160.0, 2220.0, 2280.0, 2340.0, 2400.0, 2460.0, 2520.0, 2580.0, 2640.0, 2700.0, 2760.0, 2820.0, 2880.0, 2940.0, 3000.0]
/////////////////////////
PROCESSING:  TTM1100TZTZ
/////////////////////////
plotTreeName: Tprime2_DeepAK8_decorr_Mass
Flavour: M #tag: isV_bWbW #algo: DeepAK8_decorr
Weights: 1 * 1 * 1 * pileupWeight * 1 * lepIdSF * EGammaGsfSF * 1 * (MCWeight_singleLepCalc/abs(MCWeight_singleLepCalc)) * 0.000558099791339
Cuts: (leptonPt_singleLepCalc > 50) && (corr_met_singleLepCalc > 55) && (AK4HT > 480) && (minDR_lepJet > 0.4 || ptRel_lepJet > 40) && (NJetsAK8_JetSubCalc > 2) && (minDR_leadAK8otherAK8 < 3.0) && DataPastTrigger == 1 && isMuon==1
****************************************************************************************************
****************************************************************************************************
DISTRIBUTION: Tp2Mass
            -name in ljmet trees: Tprime2_ALGO_Mass
            -x-axis label is set to: ;M(T) [GeV])
            -using the binning as: [0.0, 60.0, 120.0, 180.0, 240.0, 300.0, 360.0, 420.0, 480.0, 540.0, 600.0, 660.0, 720.0, 780.0, 840.0, 900.0, 960.0, 1020.0, 1080.0, 1140.0, 1200.0, 1260.0, 1320.0, 1380.0, 1440.0, 1500.0, 1560.0, 1620.0, 1680.0, 1740.0, 1800.0, 1860.0, 1920.0, 1980.0, 2040.0, 2100.0, 2160.0, 2220.0, 2280.0, 2340.0, 2400.0, 2460.0, 2520.0, 2580.0, 2640.0, 2700.0, 2760.0, 2820.0, 2880.0, 2940.0, 3000.0]
/////////////////////////
PROCESSING:  TTM1100TZBW
/////////////////////////
plotTreeName: Tprime2_DeepAK8_decorr_Mass
Flavour: M #tag: isV_bWbW #algo: DeepAK8_decorr
Weights: 1 * 1 * 1 * pileupWeight * 1 * lepIdSF * EGammaGsfSF * 1 * (MCWeight_singleLepCalc/abs(MCWeight_singleLepCalc)) * 0.00111619958268
Cuts: (leptonPt_singleLepCalc > 50) && (corr_met_singleLepCalc > 55) && (AK4HT > 480) && (minDR_lepJet > 0.4 || ptRel_lepJet > 40) && (NJetsAK8_JetSubCalc > 2) && (minDR_leadAK8otherAK8 < 3.0) && DataPastTrigger == 1 && isMuon==1
****************************************************************************************************
****************************************************************************************************
DISTRIBUTION: Tp2Mass
            -name in ljmet trees: Tprime2_ALGO_Mass
            -x-axis label is set to: ;M(T) [GeV])
            -using the binning as: [0.0, 60.0, 120.0, 180.0, 240.0, 300.0, 360.0, 420.0, 480.0, 540.0, 600.0, 660.0, 720.0, 780.0, 840.0, 900.0, 960.0, 1020.0, 1080.0, 1140.0, 1200.0, 1260.0, 1320.0, 1380.0, 1440.0, 1500.0, 1560.0, 1620.0, 1680.0, 1740.0, 1800.0, 1860.0, 1920.0, 1980.0, 2040.0, 2100.0, 2160.0, 2220.0, 2280.0, 2340.0, 2400.0, 2460.0, 2520.0, 2580.0, 2640.0, 2700.0, 2760.0, 2820.0, 2880.0, 2940.0, 3000.0]
/////////////////////////
PROCESSING:  TTM1100THBW
/////////////////////////
plotTreeName: Tprime2_DeepAK8_decorr_Mass
Flavour: M #tag: isV_bWbW #algo: DeepAK8_decorr
Weights: 1 * 1 * 1 * pileupWeight * 1 * lepIdSF * EGammaGsfSF * 1 * (MCWeight_singleLepCalc/abs(MCWeight_singleLepCalc)) * 0.00111619958268
Cuts: (leptonPt_singleLepCalc > 50) && (corr_met_singleLepCalc > 55) && (AK4HT > 480) && (minDR_lepJet > 0.4 || ptRel_lepJet > 40) && (NJetsAK8_JetSubCalc > 2) && (minDR_leadAK8otherAK8 < 3.0) && DataPastTrigger == 1 && isMuon==1
****************************************************************************************************
****************************************************************************************************
DISTRIBUTION: Tp2Mass
            -name in ljmet trees: Tprime2_ALGO_Mass
            -x-axis label is set to: ;M(T) [GeV])
            -using the binning as: [0.0, 60.0, 120.0, 180.0, 240.0, 300.0, 360.0, 420.0, 480.0, 540.0, 600.0, 660.0, 720.0, 780.0, 840.0, 900.0, 960.0, 1020.0, 1080.0, 1140.0, 1200.0, 1260.0, 1320.0, 1380.0, 1440.0, 1500.0, 1560.0, 1620.0, 1680.0, 1740.0, 1800.0, 1860.0, 1920.0, 1980.0, 2040.0, 2100.0, 2160.0, 2220.0, 2280.0, 2340.0, 2400.0, 2460.0, 2520.0, 2580.0, 2640.0, 2700.0, 2760.0, 2820.0, 2880.0, 2940.0, 3000.0]
/////////////////////////
PROCESSING:  TTM1100TZTH
/////////////////////////
plotTreeName: Tprime2_DeepAK8_decorr_Mass
Flavour: M #tag: isV_bWbW #algo: DeepAK8_decorr
Weights: 1 * 1 * 1 * pileupWeight * 1 * lepIdSF * EGammaGsfSF * 1 * (MCWeight_singleLepCalc/abs(MCWeight_singleLepCalc)) * 0.000558099791339
Cuts: (leptonPt_singleLepCalc > 50) && (corr_met_singleLepCalc > 55) && (AK4HT > 480) && (minDR_lepJet > 0.4 || ptRel_lepJet > 40) && (NJetsAK8_JetSubCalc > 2) && (minDR_leadAK8otherAK8 < 3.0) && DataPastTrigger == 1 && isMuon==1
****************************************************************************************************
****************************************************************************************************
DISTRIBUTION: Tp2Mass
            -name in ljmet trees: Tprime2_ALGO_Mass
            -x-axis label is set to: ;M(T) [GeV])
            -using the binning as: [0.0, 60.0, 120.0, 180.0, 240.0, 300.0, 360.0, 420.0, 480.0, 540.0, 600.0, 660.0, 720.0, 780.0, 840.0, 900.0, 960.0, 1020.0, 1080.0, 1140.0, 1200.0, 1260.0, 1320.0, 1380.0, 1440.0, 1500.0, 1560.0, 1620.0, 1680.0, 1740.0, 1800.0, 1860.0, 1920.0, 1980.0, 2040.0, 2100.0, 2160.0, 2220.0, 2280.0, 2340.0, 2400.0, 2460.0, 2520.0, 2580.0, 2640.0, 2700.0, 2760.0, 2820.0, 2880.0, 2940.0, 3000.0]
/////////////////////////
PROCESSING:  TTM1200BWBW
/////////////////////////
plotTreeName: Tprime2_DeepAK8_decorr_Mass
Flavour: M #tag: isV_bWbW #algo: DeepAK8_decorr
Weights: 1 * 1 * 1 * pileupWeight * 1 * lepIdSF * EGammaGsfSF * 1 * (MCWeight_singleLepCalc/abs(MCWeight_singleLepCalc)) * 0.00117627847652
Cuts: (leptonPt_singleLepCalc > 50) && (corr_met_singleLepCalc > 55) && (AK4HT > 480) && (minDR_lepJet > 0.4 || ptRel_lepJet > 40) && (NJetsAK8_JetSubCalc > 2) && (minDR_leadAK8otherAK8 < 3.0) && DataPastTrigger == 1 && isMuon==1
****************************************************************************************************
****************************************************************************************************
DISTRIBUTION: Tp2Mass
            -name in ljmet trees: Tprime2_ALGO_Mass
            -x-axis label is set to: ;M(T) [GeV])
            -using the binning as: [0.0, 60.0, 120.0, 180.0, 240.0, 300.0, 360.0, 420.0, 480.0, 540.0, 600.0, 660.0, 720.0, 780.0, 840.0, 900.0, 960.0, 1020.0, 1080.0, 1140.0, 1200.0, 1260.0, 1320.0, 1380.0, 1440.0, 1500.0, 1560.0, 1620.0, 1680.0, 1740.0, 1800.0, 1860.0, 1920.0, 1980.0, 2040.0, 2100.0, 2160.0, 2220.0, 2280.0, 2340.0, 2400.0, 2460.0, 2520.0, 2580.0, 2640.0, 2700.0, 2760.0, 2820.0, 2880.0, 2940.0, 3000.0]
/////////////////////////
PROCESSING:  TTM1200THTH
/////////////////////////
plotTreeName: Tprime2_DeepAK8_decorr_Mass
Flavour: M #tag: isV_bWbW #algo: DeepAK8_decorr
Weights: 1 * 1 * 1 * pileupWeight * 1 * lepIdSF * EGammaGsfSF * 1 * (MCWeight_singleLepCalc/abs(MCWeight_singleLepCalc)) * 0.00029406961913
Cuts: (leptonPt_singleLepCalc > 50) && (corr_met_singleLepCalc > 55) && (AK4HT > 480) && (minDR_lepJet > 0.4 || ptRel_lepJet > 40) && (NJetsAK8_JetSubCalc > 2) && (minDR_leadAK8otherAK8 < 3.0) && DataPastTrigger == 1 && isMuon==1
****************************************************************************************************
****************************************************************************************************
DISTRIBUTION: Tp2Mass
            -name in ljmet trees: Tprime2_ALGO_Mass
            -x-axis label is set to: ;M(T) [GeV])
            -using the binning as: [0.0, 60.0, 120.0, 180.0, 240.0, 300.0, 360.0, 420.0, 480.0, 540.0, 600.0, 660.0, 720.0, 780.0, 840.0, 900.0, 960.0, 1020.0, 1080.0, 1140.0, 1200.0, 1260.0, 1320.0, 1380.0, 1440.0, 1500.0, 1560.0, 1620.0, 1680.0, 1740.0, 1800.0, 1860.0, 1920.0, 1980.0, 2040.0, 2100.0, 2160.0, 2220.0, 2280.0, 2340.0, 2400.0, 2460.0, 2520.0, 2580.0, 2640.0, 2700.0, 2760.0, 2820.0, 2880.0, 2940.0, 3000.0]
/////////////////////////
PROCESSING:  TTM1200TZTZ
/////////////////////////
plotTreeName: Tprime2_DeepAK8_decorr_Mass
Flavour: M #tag: isV_bWbW #algo: DeepAK8_decorr
Weights: 1 * 1 * 1 * pileupWeight * 1 * lepIdSF * EGammaGsfSF * 1 * (MCWeight_singleLepCalc/abs(MCWeight_singleLepCalc)) * 0.00029406961913
Cuts: (leptonPt_singleLepCalc > 50) && (corr_met_singleLepCalc > 55) && (AK4HT > 480) && (minDR_lepJet > 0.4 || ptRel_lepJet > 40) && (NJetsAK8_JetSubCalc > 2) && (minDR_leadAK8otherAK8 < 3.0) && DataPastTrigger == 1 && isMuon==1
****************************************************************************************************
****************************************************************************************************
DISTRIBUTION: Tp2Mass
            -name in ljmet trees: Tprime2_ALGO_Mass
            -x-axis label is set to: ;M(T) [GeV])
            -using the binning as: [0.0, 60.0, 120.0, 180.0, 240.0, 300.0, 360.0, 420.0, 480.0, 540.0, 600.0, 660.0, 720.0, 780.0, 840.0, 900.0, 960.0, 1020.0, 1080.0, 1140.0, 1200.0, 1260.0, 1320.0, 1380.0, 1440.0, 1500.0, 1560.0, 1620.0, 1680.0, 1740.0, 1800.0, 1860.0, 1920.0, 1980.0, 2040.0, 2100.0, 2160.0, 2220.0, 2280.0, 2340.0, 2400.0, 2460.0, 2520.0, 2580.0, 2640.0, 2700.0, 2760.0, 2820.0, 2880.0, 2940.0, 3000.0]
/////////////////////////
PROCESSING:  TTM1200TZBW
/////////////////////////
plotTreeName: Tprime2_DeepAK8_decorr_Mass
Flavour: M #tag: isV_bWbW #algo: DeepAK8_decorr
Weights: 1 * 1 * 1 * pileupWeight * 1 * lepIdSF * EGammaGsfSF * 1 * (MCWeight_singleLepCalc/abs(MCWeight_singleLepCalc)) * 0.000588139238259
Cuts: (leptonPt_singleLepCalc > 50) && (corr_met_singleLepCalc > 55) && (AK4HT > 480) && (minDR_lepJet > 0.4 || ptRel_lepJet > 40) && (NJetsAK8_JetSubCalc > 2) && (minDR_leadAK8otherAK8 < 3.0) && DataPastTrigger == 1 && isMuon==1
****************************************************************************************************
****************************************************************************************************
DISTRIBUTION: Tp2Mass
            -name in ljmet trees: Tprime2_ALGO_Mass
            -x-axis label is set to: ;M(T) [GeV])
            -using the binning as: [0.0, 60.0, 120.0, 180.0, 240.0, 300.0, 360.0, 420.0, 480.0, 540.0, 600.0, 660.0, 720.0, 780.0, 840.0, 900.0, 960.0, 1020.0, 1080.0, 1140.0, 1200.0, 1260.0, 1320.0, 1380.0, 1440.0, 1500.0, 1560.0, 1620.0, 1680.0, 1740.0, 1800.0, 1860.0, 1920.0, 1980.0, 2040.0, 2100.0, 2160.0, 2220.0, 2280.0, 2340.0, 2400.0, 2460.0, 2520.0, 2580.0, 2640.0, 2700.0, 2760.0, 2820.0, 2880.0, 2940.0, 3000.0]
/////////////////////////
PROCESSING:  TTM1200THBW
/////////////////////////
plotTreeName: Tprime2_DeepAK8_decorr_Mass
Flavour: M #tag: isV_bWbW #algo: DeepAK8_decorr
Weights: 1 * 1 * 1 * pileupWeight * 1 * lepIdSF * EGammaGsfSF * 1 * (MCWeight_singleLepCalc/abs(MCWeight_singleLepCalc)) * 0.000588139238259
Cuts: (leptonPt_singleLepCalc > 50) && (corr_met_singleLepCalc > 55) && (AK4HT > 480) && (minDR_lepJet > 0.4 || ptRel_lepJet > 40) && (NJetsAK8_JetSubCalc > 2) && (minDR_leadAK8otherAK8 < 3.0) && DataPastTrigger == 1 && isMuon==1
****************************************************************************************************
****************************************************************************************************
DISTRIBUTION: Tp2Mass
            -name in ljmet trees: Tprime2_ALGO_Mass
            -x-axis label is set to: ;M(T) [GeV])
            -using the binning as: [0.0, 60.0, 120.0, 180.0, 240.0, 300.0, 360.0, 420.0, 480.0, 540.0, 600.0, 660.0, 720.0, 780.0, 840.0, 900.0, 960.0, 1020.0, 1080.0, 1140.0, 1200.0, 1260.0, 1320.0, 1380.0, 1440.0, 1500.0, 1560.0, 1620.0, 1680.0, 1740.0, 1800.0, 1860.0, 1920.0, 1980.0, 2040.0, 2100.0, 2160.0, 2220.0, 2280.0, 2340.0, 2400.0, 2460.0, 2520.0, 2580.0, 2640.0, 2700.0, 2760.0, 2820.0, 2880.0, 2940.0, 3000.0]
/////////////////////////
PROCESSING:  TTM1200TZTH
/////////////////////////
plotTreeName: Tprime2_DeepAK8_decorr_Mass
Flavour: M #tag: isV_bWbW #algo: DeepAK8_decorr
Weights: 1 * 1 * 1 * pileupWeight * 1 * lepIdSF * EGammaGsfSF * 1 * (MCWeight_singleLepCalc/abs(MCWeight_singleLepCalc)) * 0.00029406961913
Cuts: (leptonPt_singleLepCalc > 50) && (corr_met_singleLepCalc > 55) && (AK4HT > 480) && (minDR_lepJet > 0.4 || ptRel_lepJet > 40) && (NJetsAK8_JetSubCalc > 2) && (minDR_leadAK8otherAK8 < 3.0) && DataPastTrigger == 1 && isMuon==1
****************************************************************************************************
****************************************************************************************************
DISTRIBUTION: Tp2Mass
            -name in ljmet trees: Tprime2_ALGO_Mass
            -x-axis label is set to: ;M(T) [GeV])
            -using the binning as: [0.0, 60.0, 120.0, 180.0, 240.0, 300.0, 360.0, 420.0, 480.0, 540.0, 600.0, 660.0, 720.0, 780.0, 840.0, 900.0, 960.0, 1020.0, 1080.0, 1140.0, 1200.0, 1260.0, 1320.0, 1380.0, 1440.0, 1500.0, 1560.0, 1620.0, 1680.0, 1740.0, 1800.0, 1860.0, 1920.0, 1980.0, 2040.0, 2100.0, 2160.0, 2220.0, 2280.0, 2340.0, 2400.0, 2460.0, 2520.0, 2580.0, 2640.0, 2700.0, 2760.0, 2820.0, 2880.0, 2940.0, 3000.0]
/////////////////////////
PROCESSING:  TTM1300BWBW
/////////////////////////
plotTreeName: Tprime2_DeepAK8_decorr_Mass
Flavour: M #tag: isV_bWbW #algo: DeepAK8_decorr
Weights: 1 * 1 * 1 * pileupWeight * 1 * lepIdSF * EGammaGsfSF * 1 * (MCWeight_singleLepCalc/abs(MCWeight_singleLepCalc)) * 0.00063821114509
Cuts: (leptonPt_singleLepCalc > 50) && (corr_met_singleLepCalc > 55) && (AK4HT > 480) && (minDR_lepJet > 0.4 || ptRel_lepJet > 40) && (NJetsAK8_JetSubCalc > 2) && (minDR_leadAK8otherAK8 < 3.0) && DataPastTrigger == 1 && isMuon==1
****************************************************************************************************
****************************************************************************************************
DISTRIBUTION: Tp2Mass
            -name in ljmet trees: Tprime2_ALGO_Mass
            -x-axis label is set to: ;M(T) [GeV])
            -using the binning as: [0.0, 60.0, 120.0, 180.0, 240.0, 300.0, 360.0, 420.0, 480.0, 540.0, 600.0, 660.0, 720.0, 780.0, 840.0, 900.0, 960.0, 1020.0, 1080.0, 1140.0, 1200.0, 1260.0, 1320.0, 1380.0, 1440.0, 1500.0, 1560.0, 1620.0, 1680.0, 1740.0, 1800.0, 1860.0, 1920.0, 1980.0, 2040.0, 2100.0, 2160.0, 2220.0, 2280.0, 2340.0, 2400.0, 2460.0, 2520.0, 2580.0, 2640.0, 2700.0, 2760.0, 2820.0, 2880.0, 2940.0, 3000.0]
/////////////////////////
PROCESSING:  TTM1300THTH
/////////////////////////
plotTreeName: Tprime2_DeepAK8_decorr_Mass
Flavour: M #tag: isV_bWbW #algo: DeepAK8_decorr
Weights: 1 * 1 * 1 * pileupWeight * 1 * lepIdSF * EGammaGsfSF * 1 * (MCWeight_singleLepCalc/abs(MCWeight_singleLepCalc)) * 0.000159552786272
Cuts: (leptonPt_singleLepCalc > 50) && (corr_met_singleLepCalc > 55) && (AK4HT > 480) && (minDR_lepJet > 0.4 || ptRel_lepJet > 40) && (NJetsAK8_JetSubCalc > 2) && (minDR_leadAK8otherAK8 < 3.0) && DataPastTrigger == 1 && isMuon==1
****************************************************************************************************
****************************************************************************************************
DISTRIBUTION: Tp2Mass
            -name in ljmet trees: Tprime2_ALGO_Mass
            -x-axis label is set to: ;M(T) [GeV])
            -using the binning as: [0.0, 60.0, 120.0, 180.0, 240.0, 300.0, 360.0, 420.0, 480.0, 540.0, 600.0, 660.0, 720.0, 780.0, 840.0, 900.0, 960.0, 1020.0, 1080.0, 1140.0, 1200.0, 1260.0, 1320.0, 1380.0, 1440.0, 1500.0, 1560.0, 1620.0, 1680.0, 1740.0, 1800.0, 1860.0, 1920.0, 1980.0, 2040.0, 2100.0, 2160.0, 2220.0, 2280.0, 2340.0, 2400.0, 2460.0, 2520.0, 2580.0, 2640.0, 2700.0, 2760.0, 2820.0, 2880.0, 2940.0, 3000.0]
/////////////////////////
PROCESSING:  TTM1300TZTZ
/////////////////////////
plotTreeName: Tprime2_DeepAK8_decorr_Mass
Flavour: M #tag: isV_bWbW #algo: DeepAK8_decorr
Weights: 1 * 1 * 1 * pileupWeight * 1 * lepIdSF * EGammaGsfSF * 1 * (MCWeight_singleLepCalc/abs(MCWeight_singleLepCalc)) * 0.000159552786272
Cuts: (leptonPt_singleLepCalc > 50) && (corr_met_singleLepCalc > 55) && (AK4HT > 480) && (minDR_lepJet > 0.4 || ptRel_lepJet > 40) && (NJetsAK8_JetSubCalc > 2) && (minDR_leadAK8otherAK8 < 3.0) && DataPastTrigger == 1 && isMuon==1
****************************************************************************************************
****************************************************************************************************
DISTRIBUTION: Tp2Mass
            -name in ljmet trees: Tprime2_ALGO_Mass
            -x-axis label is set to: ;M(T) [GeV])
            -using the binning as: [0.0, 60.0, 120.0, 180.0, 240.0, 300.0, 360.0, 420.0, 480.0, 540.0, 600.0, 660.0, 720.0, 780.0, 840.0, 900.0, 960.0, 1020.0, 1080.0, 1140.0, 1200.0, 1260.0, 1320.0, 1380.0, 1440.0, 1500.0, 1560.0, 1620.0, 1680.0, 1740.0, 1800.0, 1860.0, 1920.0, 1980.0, 2040.0, 2100.0, 2160.0, 2220.0, 2280.0, 2340.0, 2400.0, 2460.0, 2520.0, 2580.0, 2640.0, 2700.0, 2760.0, 2820.0, 2880.0, 2940.0, 3000.0]
/////////////////////////
PROCESSING:  TTM1300TZBW
/////////////////////////
plotTreeName: Tprime2_DeepAK8_decorr_Mass
Flavour: M #tag: isV_bWbW #algo: DeepAK8_decorr
Weights: 1 * 1 * 1 * pileupWeight * 1 * lepIdSF * EGammaGsfSF * 1 * (MCWeight_singleLepCalc/abs(MCWeight_singleLepCalc)) * 0.000319105572545
Cuts: (leptonPt_singleLepCalc > 50) && (corr_met_singleLepCalc > 55) && (AK4HT > 480) && (minDR_lepJet > 0.4 || ptRel_lepJet > 40) && (NJetsAK8_JetSubCalc > 2) && (minDR_leadAK8otherAK8 < 3.0) && DataPastTrigger == 1 && isMuon==1
****************************************************************************************************
****************************************************************************************************
DISTRIBUTION: Tp2Mass
            -name in ljmet trees: Tprime2_ALGO_Mass
            -x-axis label is set to: ;M(T) [GeV])
            -using the binning as: [0.0, 60.0, 120.0, 180.0, 240.0, 300.0, 360.0, 420.0, 480.0, 540.0, 600.0, 660.0, 720.0, 780.0, 840.0, 900.0, 960.0, 1020.0, 1080.0, 1140.0, 1200.0, 1260.0, 1320.0, 1380.0, 1440.0, 1500.0, 1560.0, 1620.0, 1680.0, 1740.0, 1800.0, 1860.0, 1920.0, 1980.0, 2040.0, 2100.0, 2160.0, 2220.0, 2280.0, 2340.0, 2400.0, 2460.0, 2520.0, 2580.0, 2640.0, 2700.0, 2760.0, 2820.0, 2880.0, 2940.0, 3000.0]
/////////////////////////
PROCESSING:  TTM1300THBW
/////////////////////////
plotTreeName: Tprime2_DeepAK8_decorr_Mass
Flavour: M #tag: isV_bWbW #algo: DeepAK8_decorr
Weights: 1 * 1 * 1 * pileupWeight * 1 * lepIdSF * EGammaGsfSF * 1 * (MCWeight_singleLepCalc/abs(MCWeight_singleLepCalc)) * 0.000319105572545
Cuts: (leptonPt_singleLepCalc > 50) && (corr_met_singleLepCalc > 55) && (AK4HT > 480) && (minDR_lepJet > 0.4 || ptRel_lepJet > 40) && (NJetsAK8_JetSubCalc > 2) && (minDR_leadAK8otherAK8 < 3.0) && DataPastTrigger == 1 && isMuon==1
****************************************************************************************************
****************************************************************************************************
DISTRIBUTION: Tp2Mass
            -name in ljmet trees: Tprime2_ALGO_Mass
            -x-axis label is set to: ;M(T) [GeV])
            -using the binning as: [0.0, 60.0, 120.0, 180.0, 240.0, 300.0, 360.0, 420.0, 480.0, 540.0, 600.0, 660.0, 720.0, 780.0, 840.0, 900.0, 960.0, 1020.0, 1080.0, 1140.0, 1200.0, 1260.0, 1320.0, 1380.0, 1440.0, 1500.0, 1560.0, 1620.0, 1680.0, 1740.0, 1800.0, 1860.0, 1920.0, 1980.0, 2040.0, 2100.0, 2160.0, 2220.0, 2280.0, 2340.0, 2400.0, 2460.0, 2520.0, 2580.0, 2640.0, 2700.0, 2760.0, 2820.0, 2880.0, 2940.0, 3000.0]
/////////////////////////
PROCESSING:  TTM1300TZTH
/////////////////////////
plotTreeName: Tprime2_DeepAK8_decorr_Mass
Flavour: M #tag: isV_bWbW #algo: DeepAK8_decorr
Weights: 1 * 1 * 1 * pileupWeight * 1 * lepIdSF * EGammaGsfSF * 1 * (MCWeight_singleLepCalc/abs(MCWeight_singleLepCalc)) * 0.000159552786272
Cuts: (leptonPt_singleLepCalc > 50) && (corr_met_singleLepCalc > 55) && (AK4HT > 480) && (minDR_lepJet > 0.4 || ptRel_lepJet > 40) && (NJetsAK8_JetSubCalc > 2) && (minDR_leadAK8otherAK8 < 3.0) && DataPastTrigger == 1 && isMuon==1
****************************************************************************************************
****************************************************************************************************
DISTRIBUTION: Tp2Mass
            -name in ljmet trees: Tprime2_ALGO_Mass
            -x-axis label is set to: ;M(T) [GeV])
            -using the binning as: [0.0, 60.0, 120.0, 180.0, 240.0, 300.0, 360.0, 420.0, 480.0, 540.0, 600.0, 660.0, 720.0, 780.0, 840.0, 900.0, 960.0, 1020.0, 1080.0, 1140.0, 1200.0, 1260.0, 1320.0, 1380.0, 1440.0, 1500.0, 1560.0, 1620.0, 1680.0, 1740.0, 1800.0, 1860.0, 1920.0, 1980.0, 2040.0, 2100.0, 2160.0, 2220.0, 2280.0, 2340.0, 2400.0, 2460.0, 2520.0, 2580.0, 2640.0, 2700.0, 2760.0, 2820.0, 2880.0, 2940.0, 3000.0]
/////////////////////////
PROCESSING:  TTM1400BWBW
/////////////////////////
plotTreeName: Tprime2_DeepAK8_decorr_Mass
Flavour: M #tag: isV_bWbW #algo: DeepAK8_decorr
Weights: 1 * 1 * 1 * pileupWeight * 1 * lepIdSF * EGammaGsfSF * 1 * (MCWeight_singleLepCalc/abs(MCWeight_singleLepCalc)) * 0.000352883542956
Cuts: (leptonPt_singleLepCalc > 50) && (corr_met_singleLepCalc > 55) && (AK4HT > 480) && (minDR_lepJet > 0.4 || ptRel_lepJet > 40) && (NJetsAK8_JetSubCalc > 2) && (minDR_leadAK8otherAK8 < 3.0) && DataPastTrigger == 1 && isMuon==1
****************************************************************************************************
****************************************************************************************************
DISTRIBUTION: Tp2Mass
            -name in ljmet trees: Tprime2_ALGO_Mass
            -x-axis label is set to: ;M(T) [GeV])
            -using the binning as: [0.0, 60.0, 120.0, 180.0, 240.0, 300.0, 360.0, 420.0, 480.0, 540.0, 600.0, 660.0, 720.0, 780.0, 840.0, 900.0, 960.0, 1020.0, 1080.0, 1140.0, 1200.0, 1260.0, 1320.0, 1380.0, 1440.0, 1500.0, 1560.0, 1620.0, 1680.0, 1740.0, 1800.0, 1860.0, 1920.0, 1980.0, 2040.0, 2100.0, 2160.0, 2220.0, 2280.0, 2340.0, 2400.0, 2460.0, 2520.0, 2580.0, 2640.0, 2700.0, 2760.0, 2820.0, 2880.0, 2940.0, 3000.0]
/////////////////////////
PROCESSING:  TTM1400THTH
/////////////////////////
plotTreeName: Tprime2_DeepAK8_decorr_Mass
Flavour: M #tag: isV_bWbW #algo: DeepAK8_decorr
Weights: 1 * 1 * 1 * pileupWeight * 1 * lepIdSF * EGammaGsfSF * 1 * (MCWeight_singleLepCalc/abs(MCWeight_singleLepCalc)) * 8.82208857389e-05
Cuts: (leptonPt_singleLepCalc > 50) && (corr_met_singleLepCalc > 55) && (AK4HT > 480) && (minDR_lepJet > 0.4 || ptRel_lepJet > 40) && (NJetsAK8_JetSubCalc > 2) && (minDR_leadAK8otherAK8 < 3.0) && DataPastTrigger == 1 && isMuon==1
****************************************************************************************************
****************************************************************************************************
DISTRIBUTION: Tp2Mass
            -name in ljmet trees: Tprime2_ALGO_Mass
            -x-axis label is set to: ;M(T) [GeV])
            -using the binning as: [0.0, 60.0, 120.0, 180.0, 240.0, 300.0, 360.0, 420.0, 480.0, 540.0, 600.0, 660.0, 720.0, 780.0, 840.0, 900.0, 960.0, 1020.0, 1080.0, 1140.0, 1200.0, 1260.0, 1320.0, 1380.0, 1440.0, 1500.0, 1560.0, 1620.0, 1680.0, 1740.0, 1800.0, 1860.0, 1920.0, 1980.0, 2040.0, 2100.0, 2160.0, 2220.0, 2280.0, 2340.0, 2400.0, 2460.0, 2520.0, 2580.0, 2640.0, 2700.0, 2760.0, 2820.0, 2880.0, 2940.0, 3000.0]
/////////////////////////
PROCESSING:  TTM1400TZTZ
/////////////////////////
plotTreeName: Tprime2_DeepAK8_decorr_Mass
Flavour: M #tag: isV_bWbW #algo: DeepAK8_decorr
Weights: 1 * 1 * 1 * pileupWeight * 1 * lepIdSF * EGammaGsfSF * 1 * (MCWeight_singleLepCalc/abs(MCWeight_singleLepCalc)) * 8.82208857389e-05
Cuts: (leptonPt_singleLepCalc > 50) && (corr_met_singleLepCalc > 55) && (AK4HT > 480) && (minDR_lepJet > 0.4 || ptRel_lepJet > 40) && (NJetsAK8_JetSubCalc > 2) && (minDR_leadAK8otherAK8 < 3.0) && DataPastTrigger == 1 && isMuon==1
****************************************************************************************************
****************************************************************************************************
DISTRIBUTION: Tp2Mass
            -name in ljmet trees: Tprime2_ALGO_Mass
            -x-axis label is set to: ;M(T) [GeV])
            -using the binning as: [0.0, 60.0, 120.0, 180.0, 240.0, 300.0, 360.0, 420.0, 480.0, 540.0, 600.0, 660.0, 720.0, 780.0, 840.0, 900.0, 960.0, 1020.0, 1080.0, 1140.0, 1200.0, 1260.0, 1320.0, 1380.0, 1440.0, 1500.0, 1560.0, 1620.0, 1680.0, 1740.0, 1800.0, 1860.0, 1920.0, 1980.0, 2040.0, 2100.0, 2160.0, 2220.0, 2280.0, 2340.0, 2400.0, 2460.0, 2520.0, 2580.0, 2640.0, 2700.0, 2760.0, 2820.0, 2880.0, 2940.0, 3000.0]
/////////////////////////
PROCESSING:  TTM1400TZBW
/////////////////////////
plotTreeName: Tprime2_DeepAK8_decorr_Mass
Flavour: M #tag: isV_bWbW #algo: DeepAK8_decorr
Weights: 1 * 1 * 1 * pileupWeight * 1 * lepIdSF * EGammaGsfSF * 1 * (MCWeight_singleLepCalc/abs(MCWeight_singleLepCalc)) * 0.000176441771478
Cuts: (leptonPt_singleLepCalc > 50) && (corr_met_singleLepCalc > 55) && (AK4HT > 480) && (minDR_lepJet > 0.4 || ptRel_lepJet > 40) && (NJetsAK8_JetSubCalc > 2) && (minDR_leadAK8otherAK8 < 3.0) && DataPastTrigger == 1 && isMuon==1
****************************************************************************************************
****************************************************************************************************
DISTRIBUTION: Tp2Mass
            -name in ljmet trees: Tprime2_ALGO_Mass
            -x-axis label is set to: ;M(T) [GeV])
            -using the binning as: [0.0, 60.0, 120.0, 180.0, 240.0, 300.0, 360.0, 420.0, 480.0, 540.0, 600.0, 660.0, 720.0, 780.0, 840.0, 900.0, 960.0, 1020.0, 1080.0, 1140.0, 1200.0, 1260.0, 1320.0, 1380.0, 1440.0, 1500.0, 1560.0, 1620.0, 1680.0, 1740.0, 1800.0, 1860.0, 1920.0, 1980.0, 2040.0, 2100.0, 2160.0, 2220.0, 2280.0, 2340.0, 2400.0, 2460.0, 2520.0, 2580.0, 2640.0, 2700.0, 2760.0, 2820.0, 2880.0, 2940.0, 3000.0]
/////////////////////////
PROCESSING:  TTM1400THBW
/////////////////////////
plotTreeName: Tprime2_DeepAK8_decorr_Mass
Flavour: M #tag: isV_bWbW #algo: DeepAK8_decorr
Weights: 1 * 1 * 1 * pileupWeight * 1 * lepIdSF * EGammaGsfSF * 1 * (MCWeight_singleLepCalc/abs(MCWeight_singleLepCalc)) * 0.000176441771478
Cuts: (leptonPt_singleLepCalc > 50) && (corr_met_singleLepCalc > 55) && (AK4HT > 480) && (minDR_lepJet > 0.4 || ptRel_lepJet > 40) && (NJetsAK8_JetSubCalc > 2) && (minDR_leadAK8otherAK8 < 3.0) && DataPastTrigger == 1 && isMuon==1
****************************************************************************************************
****************************************************************************************************
DISTRIBUTION: Tp2Mass
            -name in ljmet trees: Tprime2_ALGO_Mass
            -x-axis label is set to: ;M(T) [GeV])
            -using the binning as: [0.0, 60.0, 120.0, 180.0, 240.0, 300.0, 360.0, 420.0, 480.0, 540.0, 600.0, 660.0, 720.0, 780.0, 840.0, 900.0, 960.0, 1020.0, 1080.0, 1140.0, 1200.0, 1260.0, 1320.0, 1380.0, 1440.0, 1500.0, 1560.0, 1620.0, 1680.0, 1740.0, 1800.0, 1860.0, 1920.0, 1980.0, 2040.0, 2100.0, 2160.0, 2220.0, 2280.0, 2340.0, 2400.0, 2460.0, 2520.0, 2580.0, 2640.0, 2700.0, 2760.0, 2820.0, 2880.0, 2940.0, 3000.0]
/////////////////////////
PROCESSING:  TTM1400TZTH
/////////////////////////
plotTreeName: Tprime2_DeepAK8_decorr_Mass
Flavour: M #tag: isV_bWbW #algo: DeepAK8_decorr
Weights: 1 * 1 * 1 * pileupWeight * 1 * lepIdSF * EGammaGsfSF * 1 * (MCWeight_singleLepCalc/abs(MCWeight_singleLepCalc)) * 8.82208857389e-05
Cuts: (leptonPt_singleLepCalc > 50) && (corr_met_singleLepCalc > 55) && (AK4HT > 480) && (minDR_lepJet > 0.4 || ptRel_lepJet > 40) && (NJetsAK8_JetSubCalc > 2) && (minDR_leadAK8otherAK8 < 3.0) && DataPastTrigger == 1 && isMuon==1
****************************************************************************************************
****************************************************************************************************
DISTRIBUTION: Tp2Mass
            -name in ljmet trees: Tprime2_ALGO_Mass
            -x-axis label is set to: ;M(T) [GeV])
            -using the binning as: [0.0, 60.0, 120.0, 180.0, 240.0, 300.0, 360.0, 420.0, 480.0, 540.0, 600.0, 660.0, 720.0, 780.0, 840.0, 900.0, 960.0, 1020.0, 1080.0, 1140.0, 1200.0, 1260.0, 1320.0, 1380.0, 1440.0, 1500.0, 1560.0, 1620.0, 1680.0, 1740.0, 1800.0, 1860.0, 1920.0, 1980.0, 2040.0, 2100.0, 2160.0, 2220.0, 2280.0, 2340.0, 2400.0, 2460.0, 2520.0, 2580.0, 2640.0, 2700.0, 2760.0, 2820.0, 2880.0, 2940.0, 3000.0]
/////////////////////////
PROCESSING:  TTM1500BWBW
/////////////////////////
plotTreeName: Tprime2_DeepAK8_decorr_Mass
Flavour: M #tag: isV_bWbW #algo: DeepAK8_decorr
Weights: 1 * 1 * 1 * pileupWeight * 1 * lepIdSF * EGammaGsfSF * 1 * (MCWeight_singleLepCalc/abs(MCWeight_singleLepCalc)) * 0.00019932135405
Cuts: (leptonPt_singleLepCalc > 50) && (corr_met_singleLepCalc > 55) && (AK4HT > 480) && (minDR_lepJet > 0.4 || ptRel_lepJet > 40) && (NJetsAK8_JetSubCalc > 2) && (minDR_leadAK8otherAK8 < 3.0) && DataPastTrigger == 1 && isMuon==1
****************************************************************************************************
****************************************************************************************************
DISTRIBUTION: Tp2Mass
            -name in ljmet trees: Tprime2_ALGO_Mass
            -x-axis label is set to: ;M(T) [GeV])
            -using the binning as: [0.0, 60.0, 120.0, 180.0, 240.0, 300.0, 360.0, 420.0, 480.0, 540.0, 600.0, 660.0, 720.0, 780.0, 840.0, 900.0, 960.0, 1020.0, 1080.0, 1140.0, 1200.0, 1260.0, 1320.0, 1380.0, 1440.0, 1500.0, 1560.0, 1620.0, 1680.0, 1740.0, 1800.0, 1860.0, 1920.0, 1980.0, 2040.0, 2100.0, 2160.0, 2220.0, 2280.0, 2340.0, 2400.0, 2460.0, 2520.0, 2580.0, 2640.0, 2700.0, 2760.0, 2820.0, 2880.0, 2940.0, 3000.0]
/////////////////////////
PROCESSING:  TTM1500THTH
/////////////////////////
plotTreeName: Tprime2_DeepAK8_decorr_Mass
Flavour: M #tag: isV_bWbW #algo: DeepAK8_decorr
Weights: 1 * 1 * 1 * pileupWeight * 1 * lepIdSF * EGammaGsfSF * 1 * (MCWeight_singleLepCalc/abs(MCWeight_singleLepCalc)) * 4.98303385124e-05
Cuts: (leptonPt_singleLepCalc > 50) && (corr_met_singleLepCalc > 55) && (AK4HT > 480) && (minDR_lepJet > 0.4 || ptRel_lepJet > 40) && (NJetsAK8_JetSubCalc > 2) && (minDR_leadAK8otherAK8 < 3.0) && DataPastTrigger == 1 && isMuon==1
****************************************************************************************************
****************************************************************************************************
DISTRIBUTION: Tp2Mass
            -name in ljmet trees: Tprime2_ALGO_Mass
            -x-axis label is set to: ;M(T) [GeV])
            -using the binning as: [0.0, 60.0, 120.0, 180.0, 240.0, 300.0, 360.0, 420.0, 480.0, 540.0, 600.0, 660.0, 720.0, 780.0, 840.0, 900.0, 960.0, 1020.0, 1080.0, 1140.0, 1200.0, 1260.0, 1320.0, 1380.0, 1440.0, 1500.0, 1560.0, 1620.0, 1680.0, 1740.0, 1800.0, 1860.0, 1920.0, 1980.0, 2040.0, 2100.0, 2160.0, 2220.0, 2280.0, 2340.0, 2400.0, 2460.0, 2520.0, 2580.0, 2640.0, 2700.0, 2760.0, 2820.0, 2880.0, 2940.0, 3000.0]
/////////////////////////
PROCESSING:  TTM1500TZTZ
/////////////////////////
plotTreeName: Tprime2_DeepAK8_decorr_Mass
Flavour: M #tag: isV_bWbW #algo: DeepAK8_decorr
Weights: 1 * 1 * 1 * pileupWeight * 1 * lepIdSF * EGammaGsfSF * 1 * (MCWeight_singleLepCalc/abs(MCWeight_singleLepCalc)) * 4.98303385124e-05
Cuts: (leptonPt_singleLepCalc > 50) && (corr_met_singleLepCalc > 55) && (AK4HT > 480) && (minDR_lepJet > 0.4 || ptRel_lepJet > 40) && (NJetsAK8_JetSubCalc > 2) && (minDR_leadAK8otherAK8 < 3.0) && DataPastTrigger == 1 && isMuon==1
****************************************************************************************************
****************************************************************************************************
DISTRIBUTION: Tp2Mass
            -name in ljmet trees: Tprime2_ALGO_Mass
            -x-axis label is set to: ;M(T) [GeV])
            -using the binning as: [0.0, 60.0, 120.0, 180.0, 240.0, 300.0, 360.0, 420.0, 480.0, 540.0, 600.0, 660.0, 720.0, 780.0, 840.0, 900.0, 960.0, 1020.0, 1080.0, 1140.0, 1200.0, 1260.0, 1320.0, 1380.0, 1440.0, 1500.0, 1560.0, 1620.0, 1680.0, 1740.0, 1800.0, 1860.0, 1920.0, 1980.0, 2040.0, 2100.0, 2160.0, 2220.0, 2280.0, 2340.0, 2400.0, 2460.0, 2520.0, 2580.0, 2640.0, 2700.0, 2760.0, 2820.0, 2880.0, 2940.0, 3000.0]
/////////////////////////
PROCESSING:  TTM1500TZBW
/////////////////////////
plotTreeName: Tprime2_DeepAK8_decorr_Mass
Flavour: M #tag: isV_bWbW #algo: DeepAK8_decorr
Weights: 1 * 1 * 1 * pileupWeight * 1 * lepIdSF * EGammaGsfSF * 1 * (MCWeight_singleLepCalc/abs(MCWeight_singleLepCalc)) * 9.96606770248e-05
Cuts: (leptonPt_singleLepCalc > 50) && (corr_met_singleLepCalc > 55) && (AK4HT > 480) && (minDR_lepJet > 0.4 || ptRel_lepJet > 40) && (NJetsAK8_JetSubCalc > 2) && (minDR_leadAK8otherAK8 < 3.0) && DataPastTrigger == 1 && isMuon==1
****************************************************************************************************
****************************************************************************************************
DISTRIBUTION: Tp2Mass
            -name in ljmet trees: Tprime2_ALGO_Mass
            -x-axis label is set to: ;M(T) [GeV])
            -using the binning as: [0.0, 60.0, 120.0, 180.0, 240.0, 300.0, 360.0, 420.0, 480.0, 540.0, 600.0, 660.0, 720.0, 780.0, 840.0, 900.0, 960.0, 1020.0, 1080.0, 1140.0, 1200.0, 1260.0, 1320.0, 1380.0, 1440.0, 1500.0, 1560.0, 1620.0, 1680.0, 1740.0, 1800.0, 1860.0, 1920.0, 1980.0, 2040.0, 2100.0, 2160.0, 2220.0, 2280.0, 2340.0, 2400.0, 2460.0, 2520.0, 2580.0, 2640.0, 2700.0, 2760.0, 2820.0, 2880.0, 2940.0, 3000.0]
/////////////////////////
PROCESSING:  TTM1500THBW
/////////////////////////
plotTreeName: Tprime2_DeepAK8_decorr_Mass
Flavour: M #tag: isV_bWbW #algo: DeepAK8_decorr
Weights: 1 * 1 * 1 * pileupWeight * 1 * lepIdSF * EGammaGsfSF * 1 * (MCWeight_singleLepCalc/abs(MCWeight_singleLepCalc)) * 9.96606770248e-05
Cuts: (leptonPt_singleLepCalc > 50) && (corr_met_singleLepCalc > 55) && (AK4HT > 480) && (minDR_lepJet > 0.4 || ptRel_lepJet > 40) && (NJetsAK8_JetSubCalc > 2) && (minDR_leadAK8otherAK8 < 3.0) && DataPastTrigger == 1 && isMuon==1
****************************************************************************************************
****************************************************************************************************
DISTRIBUTION: Tp2Mass
            -name in ljmet trees: Tprime2_ALGO_Mass
            -x-axis label is set to: ;M(T) [GeV])
            -using the binning as: [0.0, 60.0, 120.0, 180.0, 240.0, 300.0, 360.0, 420.0, 480.0, 540.0, 600.0, 660.0, 720.0, 780.0, 840.0, 900.0, 960.0, 1020.0, 1080.0, 1140.0, 1200.0, 1260.0, 1320.0, 1380.0, 1440.0, 1500.0, 1560.0, 1620.0, 1680.0, 1740.0, 1800.0, 1860.0, 1920.0, 1980.0, 2040.0, 2100.0, 2160.0, 2220.0, 2280.0, 2340.0, 2400.0, 2460.0, 2520.0, 2580.0, 2640.0, 2700.0, 2760.0, 2820.0, 2880.0, 2940.0, 3000.0]
/////////////////////////
PROCESSING:  TTM1500TZTH
/////////////////////////
plotTreeName: Tprime2_DeepAK8_decorr_Mass
Flavour: M #tag: isV_bWbW #algo: DeepAK8_decorr
Weights: 1 * 1 * 1 * pileupWeight * 1 * lepIdSF * EGammaGsfSF * 1 * (MCWeight_singleLepCalc/abs(MCWeight_singleLepCalc)) * 4.98303385124e-05
Cuts: (leptonPt_singleLepCalc > 50) && (corr_met_singleLepCalc > 55) && (AK4HT > 480) && (minDR_lepJet > 0.4 || ptRel_lepJet > 40) && (NJetsAK8_JetSubCalc > 2) && (minDR_leadAK8otherAK8 < 3.0) && DataPastTrigger == 1 && isMuon==1
****************************************************************************************************
****************************************************************************************************
DISTRIBUTION: Tp2Mass
            -name in ljmet trees: Tprime2_ALGO_Mass
            -x-axis label is set to: ;M(T) [GeV])
            -using the binning as: [0.0, 60.0, 120.0, 180.0, 240.0, 300.0, 360.0, 420.0, 480.0, 540.0, 600.0, 660.0, 720.0, 780.0, 840.0, 900.0, 960.0, 1020.0, 1080.0, 1140.0, 1200.0, 1260.0, 1320.0, 1380.0, 1440.0, 1500.0, 1560.0, 1620.0, 1680.0, 1740.0, 1800.0, 1860.0, 1920.0, 1980.0, 2040.0, 2100.0, 2160.0, 2220.0, 2280.0, 2340.0, 2400.0, 2460.0, 2520.0, 2580.0, 2640.0, 2700.0, 2760.0, 2820.0, 2880.0, 2940.0, 3000.0]
/////////////////////////
PROCESSING:  TTM1600BWBW
/////////////////////////
plotTreeName: Tprime2_DeepAK8_decorr_Mass
Flavour: M #tag: isV_bWbW #algo: DeepAK8_decorr
Weights: 1 * 1 * 1 * pileupWeight * 1 * lepIdSF * EGammaGsfSF * 1 * (MCWeight_singleLepCalc/abs(MCWeight_singleLepCalc)) * 0.000114437939919
Cuts: (leptonPt_singleLepCalc > 50) && (corr_met_singleLepCalc > 55) && (AK4HT > 480) && (minDR_lepJet > 0.4 || ptRel_lepJet > 40) && (NJetsAK8_JetSubCalc > 2) && (minDR_leadAK8otherAK8 < 3.0) && DataPastTrigger == 1 && isMuon==1
****************************************************************************************************
****************************************************************************************************
DISTRIBUTION: Tp2Mass
            -name in ljmet trees: Tprime2_ALGO_Mass
            -x-axis label is set to: ;M(T) [GeV])
            -using the binning as: [0.0, 60.0, 120.0, 180.0, 240.0, 300.0, 360.0, 420.0, 480.0, 540.0, 600.0, 660.0, 720.0, 780.0, 840.0, 900.0, 960.0, 1020.0, 1080.0, 1140.0, 1200.0, 1260.0, 1320.0, 1380.0, 1440.0, 1500.0, 1560.0, 1620.0, 1680.0, 1740.0, 1800.0, 1860.0, 1920.0, 1980.0, 2040.0, 2100.0, 2160.0, 2220.0, 2280.0, 2340.0, 2400.0, 2460.0, 2520.0, 2580.0, 2640.0, 2700.0, 2760.0, 2820.0, 2880.0, 2940.0, 3000.0]
/////////////////////////
PROCESSING:  TTM1600THTH
/////////////////////////
plotTreeName: Tprime2_DeepAK8_decorr_Mass
Flavour: M #tag: isV_bWbW #algo: DeepAK8_decorr
Weights: 1 * 1 * 1 * pileupWeight * 1 * lepIdSF * EGammaGsfSF * 1 * (MCWeight_singleLepCalc/abs(MCWeight_singleLepCalc)) * 2.86094849797e-05
Cuts: (leptonPt_singleLepCalc > 50) && (corr_met_singleLepCalc > 55) && (AK4HT > 480) && (minDR_lepJet > 0.4 || ptRel_lepJet > 40) && (NJetsAK8_JetSubCalc > 2) && (minDR_leadAK8otherAK8 < 3.0) && DataPastTrigger == 1 && isMuon==1
****************************************************************************************************
****************************************************************************************************
DISTRIBUTION: Tp2Mass
            -name in ljmet trees: Tprime2_ALGO_Mass
            -x-axis label is set to: ;M(T) [GeV])
            -using the binning as: [0.0, 60.0, 120.0, 180.0, 240.0, 300.0, 360.0, 420.0, 480.0, 540.0, 600.0, 660.0, 720.0, 780.0, 840.0, 900.0, 960.0, 1020.0, 1080.0, 1140.0, 1200.0, 1260.0, 1320.0, 1380.0, 1440.0, 1500.0, 1560.0, 1620.0, 1680.0, 1740.0, 1800.0, 1860.0, 1920.0, 1980.0, 2040.0, 2100.0, 2160.0, 2220.0, 2280.0, 2340.0, 2400.0, 2460.0, 2520.0, 2580.0, 2640.0, 2700.0, 2760.0, 2820.0, 2880.0, 2940.0, 3000.0]
/////////////////////////
PROCESSING:  TTM1600TZTZ
/////////////////////////
plotTreeName: Tprime2_DeepAK8_decorr_Mass
Flavour: M #tag: isV_bWbW #algo: DeepAK8_decorr
Weights: 1 * 1 * 1 * pileupWeight * 1 * lepIdSF * EGammaGsfSF * 1 * (MCWeight_singleLepCalc/abs(MCWeight_singleLepCalc)) * 2.86094849797e-05
Cuts: (leptonPt_singleLepCalc > 50) && (corr_met_singleLepCalc > 55) && (AK4HT > 480) && (minDR_lepJet > 0.4 || ptRel_lepJet > 40) && (NJetsAK8_JetSubCalc > 2) && (minDR_leadAK8otherAK8 < 3.0) && DataPastTrigger == 1 && isMuon==1
****************************************************************************************************
****************************************************************************************************
DISTRIBUTION: Tp2Mass
            -name in ljmet trees: Tprime2_ALGO_Mass
            -x-axis label is set to: ;M(T) [GeV])
            -using the binning as: [0.0, 60.0, 120.0, 180.0, 240.0, 300.0, 360.0, 420.0, 480.0, 540.0, 600.0, 660.0, 720.0, 780.0, 840.0, 900.0, 960.0, 1020.0, 1080.0, 1140.0, 1200.0, 1260.0, 1320.0, 1380.0, 1440.0, 1500.0, 1560.0, 1620.0, 1680.0, 1740.0, 1800.0, 1860.0, 1920.0, 1980.0, 2040.0, 2100.0, 2160.0, 2220.0, 2280.0, 2340.0, 2400.0, 2460.0, 2520.0, 2580.0, 2640.0, 2700.0, 2760.0, 2820.0, 2880.0, 2940.0, 3000.0]
/////////////////////////
PROCESSING:  TTM1600TZBW
/////////////////////////
plotTreeName: Tprime2_DeepAK8_decorr_Mass
Flavour: M #tag: isV_bWbW #algo: DeepAK8_decorr
Weights: 1 * 1 * 1 * pileupWeight * 1 * lepIdSF * EGammaGsfSF * 1 * (MCWeight_singleLepCalc/abs(MCWeight_singleLepCalc)) * 5.72189699595e-05
Cuts: (leptonPt_singleLepCalc > 50) && (corr_met_singleLepCalc > 55) && (AK4HT > 480) && (minDR_lepJet > 0.4 || ptRel_lepJet > 40) && (NJetsAK8_JetSubCalc > 2) && (minDR_leadAK8otherAK8 < 3.0) && DataPastTrigger == 1 && isMuon==1
****************************************************************************************************
****************************************************************************************************
DISTRIBUTION: Tp2Mass
            -name in ljmet trees: Tprime2_ALGO_Mass
            -x-axis label is set to: ;M(T) [GeV])
            -using the binning as: [0.0, 60.0, 120.0, 180.0, 240.0, 300.0, 360.0, 420.0, 480.0, 540.0, 600.0, 660.0, 720.0, 780.0, 840.0, 900.0, 960.0, 1020.0, 1080.0, 1140.0, 1200.0, 1260.0, 1320.0, 1380.0, 1440.0, 1500.0, 1560.0, 1620.0, 1680.0, 1740.0, 1800.0, 1860.0, 1920.0, 1980.0, 2040.0, 2100.0, 2160.0, 2220.0, 2280.0, 2340.0, 2400.0, 2460.0, 2520.0, 2580.0, 2640.0, 2700.0, 2760.0, 2820.0, 2880.0, 2940.0, 3000.0]
/////////////////////////
PROCESSING:  TTM1600THBW
/////////////////////////
plotTreeName: Tprime2_DeepAK8_decorr_Mass
Flavour: M #tag: isV_bWbW #algo: DeepAK8_decorr
Weights: 1 * 1 * 1 * pileupWeight * 1 * lepIdSF * EGammaGsfSF * 1 * (MCWeight_singleLepCalc/abs(MCWeight_singleLepCalc)) * 5.72189699595e-05
Cuts: (leptonPt_singleLepCalc > 50) && (corr_met_singleLepCalc > 55) && (AK4HT > 480) && (minDR_lepJet > 0.4 || ptRel_lepJet > 40) && (NJetsAK8_JetSubCalc > 2) && (minDR_leadAK8otherAK8 < 3.0) && DataPastTrigger == 1 && isMuon==1
****************************************************************************************************
****************************************************************************************************
DISTRIBUTION: Tp2Mass
            -name in ljmet trees: Tprime2_ALGO_Mass
            -x-axis label is set to: ;M(T) [GeV])
            -using the binning as: [0.0, 60.0, 120.0, 180.0, 240.0, 300.0, 360.0, 420.0, 480.0, 540.0, 600.0, 660.0, 720.0, 780.0, 840.0, 900.0, 960.0, 1020.0, 1080.0, 1140.0, 1200.0, 1260.0, 1320.0, 1380.0, 1440.0, 1500.0, 1560.0, 1620.0, 1680.0, 1740.0, 1800.0, 1860.0, 1920.0, 1980.0, 2040.0, 2100.0, 2160.0, 2220.0, 2280.0, 2340.0, 2400.0, 2460.0, 2520.0, 2580.0, 2640.0, 2700.0, 2760.0, 2820.0, 2880.0, 2940.0, 3000.0]
/////////////////////////
PROCESSING:  TTM1600TZTH
/////////////////////////
plotTreeName: Tprime2_DeepAK8_decorr_Mass
Flavour: M #tag: isV_bWbW #algo: DeepAK8_decorr
Weights: 1 * 1 * 1 * pileupWeight * 1 * lepIdSF * EGammaGsfSF * 1 * (MCWeight_singleLepCalc/abs(MCWeight_singleLepCalc)) * 2.86094849797e-05
Cuts: (leptonPt_singleLepCalc > 50) && (corr_met_singleLepCalc > 55) && (AK4HT > 480) && (minDR_lepJet > 0.4 || ptRel_lepJet > 40) && (NJetsAK8_JetSubCalc > 2) && (minDR_leadAK8otherAK8 < 3.0) && DataPastTrigger == 1 && isMuon==1
****************************************************************************************************
****************************************************************************************************
DISTRIBUTION: Tp2Mass
            -name in ljmet trees: Tprime2_ALGO_Mass
            -x-axis label is set to: ;M(T) [GeV])
            -using the binning as: [0.0, 60.0, 120.0, 180.0, 240.0, 300.0, 360.0, 420.0, 480.0, 540.0, 600.0, 660.0, 720.0, 780.0, 840.0, 900.0, 960.0, 1020.0, 1080.0, 1140.0, 1200.0, 1260.0, 1320.0, 1380.0, 1440.0, 1500.0, 1560.0, 1620.0, 1680.0, 1740.0, 1800.0, 1860.0, 1920.0, 1980.0, 2040.0, 2100.0, 2160.0, 2220.0, 2280.0, 2340.0, 2400.0, 2460.0, 2520.0, 2580.0, 2640.0, 2700.0, 2760.0, 2820.0, 2880.0, 2940.0, 3000.0]
/////////////////////////
PROCESSING:  TTM1700BWBW
/////////////////////////
plotTreeName: Tprime2_DeepAK8_decorr_Mass
Flavour: M #tag: isV_bWbW #algo: DeepAK8_decorr
Weights: 1 * 1 * 1 * pileupWeight * 1 * lepIdSF * EGammaGsfSF * 1 * (MCWeight_singleLepCalc/abs(MCWeight_singleLepCalc)) * 6.93554282011e-05
Cuts: (leptonPt_singleLepCalc > 50) && (corr_met_singleLepCalc > 55) && (AK4HT > 480) && (minDR_lepJet > 0.4 || ptRel_lepJet > 40) && (NJetsAK8_JetSubCalc > 2) && (minDR_leadAK8otherAK8 < 3.0) && DataPastTrigger == 1 && isMuon==1
****************************************************************************************************
****************************************************************************************************
DISTRIBUTION: Tp2Mass
            -name in ljmet trees: Tprime2_ALGO_Mass
            -x-axis label is set to: ;M(T) [GeV])
            -using the binning as: [0.0, 60.0, 120.0, 180.0, 240.0, 300.0, 360.0, 420.0, 480.0, 540.0, 600.0, 660.0, 720.0, 780.0, 840.0, 900.0, 960.0, 1020.0, 1080.0, 1140.0, 1200.0, 1260.0, 1320.0, 1380.0, 1440.0, 1500.0, 1560.0, 1620.0, 1680.0, 1740.0, 1800.0, 1860.0, 1920.0, 1980.0, 2040.0, 2100.0, 2160.0, 2220.0, 2280.0, 2340.0, 2400.0, 2460.0, 2520.0, 2580.0, 2640.0, 2700.0, 2760.0, 2820.0, 2880.0, 2940.0, 3000.0]
/////////////////////////
PROCESSING:  TTM1700THTH
/////////////////////////
plotTreeName: Tprime2_DeepAK8_decorr_Mass
Flavour: M #tag: isV_bWbW #algo: DeepAK8_decorr
Weights: 1 * 1 * 1 * pileupWeight * 1 * lepIdSF * EGammaGsfSF * 1 * (MCWeight_singleLepCalc/abs(MCWeight_singleLepCalc)) * 1.73388570503e-05
Cuts: (leptonPt_singleLepCalc > 50) && (corr_met_singleLepCalc > 55) && (AK4HT > 480) && (minDR_lepJet > 0.4 || ptRel_lepJet > 40) && (NJetsAK8_JetSubCalc > 2) && (minDR_leadAK8otherAK8 < 3.0) && DataPastTrigger == 1 && isMuon==1
****************************************************************************************************
****************************************************************************************************
DISTRIBUTION: Tp2Mass
            -name in ljmet trees: Tprime2_ALGO_Mass
            -x-axis label is set to: ;M(T) [GeV])
            -using the binning as: [0.0, 60.0, 120.0, 180.0, 240.0, 300.0, 360.0, 420.0, 480.0, 540.0, 600.0, 660.0, 720.0, 780.0, 840.0, 900.0, 960.0, 1020.0, 1080.0, 1140.0, 1200.0, 1260.0, 1320.0, 1380.0, 1440.0, 1500.0, 1560.0, 1620.0, 1680.0, 1740.0, 1800.0, 1860.0, 1920.0, 1980.0, 2040.0, 2100.0, 2160.0, 2220.0, 2280.0, 2340.0, 2400.0, 2460.0, 2520.0, 2580.0, 2640.0, 2700.0, 2760.0, 2820.0, 2880.0, 2940.0, 3000.0]
/////////////////////////
PROCESSING:  TTM1700TZTZ
/////////////////////////
plotTreeName: Tprime2_DeepAK8_decorr_Mass
Flavour: M #tag: isV_bWbW #algo: DeepAK8_decorr
Weights: 1 * 1 * 1 * pileupWeight * 1 * lepIdSF * EGammaGsfSF * 1 * (MCWeight_singleLepCalc/abs(MCWeight_singleLepCalc)) * 1.73388570503e-05
Cuts: (leptonPt_singleLepCalc > 50) && (corr_met_singleLepCalc > 55) && (AK4HT > 480) && (minDR_lepJet > 0.4 || ptRel_lepJet > 40) && (NJetsAK8_JetSubCalc > 2) && (minDR_leadAK8otherAK8 < 3.0) && DataPastTrigger == 1 && isMuon==1
****************************************************************************************************
****************************************************************************************************
DISTRIBUTION: Tp2Mass
            -name in ljmet trees: Tprime2_ALGO_Mass
            -x-axis label is set to: ;M(T) [GeV])
            -using the binning as: [0.0, 60.0, 120.0, 180.0, 240.0, 300.0, 360.0, 420.0, 480.0, 540.0, 600.0, 660.0, 720.0, 780.0, 840.0, 900.0, 960.0, 1020.0, 1080.0, 1140.0, 1200.0, 1260.0, 1320.0, 1380.0, 1440.0, 1500.0, 1560.0, 1620.0, 1680.0, 1740.0, 1800.0, 1860.0, 1920.0, 1980.0, 2040.0, 2100.0, 2160.0, 2220.0, 2280.0, 2340.0, 2400.0, 2460.0, 2520.0, 2580.0, 2640.0, 2700.0, 2760.0, 2820.0, 2880.0, 2940.0, 3000.0]
/////////////////////////
PROCESSING:  TTM1700TZBW
/////////////////////////
plotTreeName: Tprime2_DeepAK8_decorr_Mass
Flavour: M #tag: isV_bWbW #algo: DeepAK8_decorr
Weights: 1 * 1 * 1 * pileupWeight * 1 * lepIdSF * EGammaGsfSF * 1 * (MCWeight_singleLepCalc/abs(MCWeight_singleLepCalc)) * 3.46777141005e-05
Cuts: (leptonPt_singleLepCalc > 50) && (corr_met_singleLepCalc > 55) && (AK4HT > 480) && (minDR_lepJet > 0.4 || ptRel_lepJet > 40) && (NJetsAK8_JetSubCalc > 2) && (minDR_leadAK8otherAK8 < 3.0) && DataPastTrigger == 1 && isMuon==1
****************************************************************************************************
****************************************************************************************************
DISTRIBUTION: Tp2Mass
            -name in ljmet trees: Tprime2_ALGO_Mass
            -x-axis label is set to: ;M(T) [GeV])
            -using the binning as: [0.0, 60.0, 120.0, 180.0, 240.0, 300.0, 360.0, 420.0, 480.0, 540.0, 600.0, 660.0, 720.0, 780.0, 840.0, 900.0, 960.0, 1020.0, 1080.0, 1140.0, 1200.0, 1260.0, 1320.0, 1380.0, 1440.0, 1500.0, 1560.0, 1620.0, 1680.0, 1740.0, 1800.0, 1860.0, 1920.0, 1980.0, 2040.0, 2100.0, 2160.0, 2220.0, 2280.0, 2340.0, 2400.0, 2460.0, 2520.0, 2580.0, 2640.0, 2700.0, 2760.0, 2820.0, 2880.0, 2940.0, 3000.0]
/////////////////////////
PROCESSING:  TTM1700THBW
/////////////////////////
plotTreeName: Tprime2_DeepAK8_decorr_Mass
Flavour: M #tag: isV_bWbW #algo: DeepAK8_decorr
Weights: 1 * 1 * 1 * pileupWeight * 1 * lepIdSF * EGammaGsfSF * 1 * (MCWeight_singleLepCalc/abs(MCWeight_singleLepCalc)) * 3.46777141005e-05
Cuts: (leptonPt_singleLepCalc > 50) && (corr_met_singleLepCalc > 55) && (AK4HT > 480) && (minDR_lepJet > 0.4 || ptRel_lepJet > 40) && (NJetsAK8_JetSubCalc > 2) && (minDR_leadAK8otherAK8 < 3.0) && DataPastTrigger == 1 && isMuon==1
****************************************************************************************************
****************************************************************************************************
DISTRIBUTION: Tp2Mass
            -name in ljmet trees: Tprime2_ALGO_Mass
            -x-axis label is set to: ;M(T) [GeV])
            -using the binning as: [0.0, 60.0, 120.0, 180.0, 240.0, 300.0, 360.0, 420.0, 480.0, 540.0, 600.0, 660.0, 720.0, 780.0, 840.0, 900.0, 960.0, 1020.0, 1080.0, 1140.0, 1200.0, 1260.0, 1320.0, 1380.0, 1440.0, 1500.0, 1560.0, 1620.0, 1680.0, 1740.0, 1800.0, 1860.0, 1920.0, 1980.0, 2040.0, 2100.0, 2160.0, 2220.0, 2280.0, 2340.0, 2400.0, 2460.0, 2520.0, 2580.0, 2640.0, 2700.0, 2760.0, 2820.0, 2880.0, 2940.0, 3000.0]
/////////////////////////
PROCESSING:  TTM1700TZTH
/////////////////////////
plotTreeName: Tprime2_DeepAK8_decorr_Mass
Flavour: M #tag: isV_bWbW #algo: DeepAK8_decorr
Weights: 1 * 1 * 1 * pileupWeight * 1 * lepIdSF * EGammaGsfSF * 1 * (MCWeight_singleLepCalc/abs(MCWeight_singleLepCalc)) * 1.73388570503e-05
Cuts: (leptonPt_singleLepCalc > 50) && (corr_met_singleLepCalc > 55) && (AK4HT > 480) && (minDR_lepJet > 0.4 || ptRel_lepJet > 40) && (NJetsAK8_JetSubCalc > 2) && (minDR_leadAK8otherAK8 < 3.0) && DataPastTrigger == 1 && isMuon==1
****************************************************************************************************
****************************************************************************************************
DISTRIBUTION: Tp2Mass
            -name in ljmet trees: Tprime2_ALGO_Mass
            -x-axis label is set to: ;M(T) [GeV])
            -using the binning as: [0.0, 60.0, 120.0, 180.0, 240.0, 300.0, 360.0, 420.0, 480.0, 540.0, 600.0, 660.0, 720.0, 780.0, 840.0, 900.0, 960.0, 1020.0, 1080.0, 1140.0, 1200.0, 1260.0, 1320.0, 1380.0, 1440.0, 1500.0, 1560.0, 1620.0, 1680.0, 1740.0, 1800.0, 1860.0, 1920.0, 1980.0, 2040.0, 2100.0, 2160.0, 2220.0, 2280.0, 2340.0, 2400.0, 2460.0, 2520.0, 2580.0, 2640.0, 2700.0, 2760.0, 2820.0, 2880.0, 2940.0, 3000.0]
/////////////////////////
PROCESSING:  TTM1800BWBW
/////////////////////////
plotTreeName: Tprime2_DeepAK8_decorr_Mass
Flavour: M #tag: isV_bWbW #algo: DeepAK8_decorr
Weights: 1 * 1 * 1 * pileupWeight * 1 * lepIdSF * EGammaGsfSF * 1 * (MCWeight_singleLepCalc/abs(MCWeight_singleLepCalc)) * 3.89579688164e-05
Cuts: (leptonPt_singleLepCalc > 50) && (corr_met_singleLepCalc > 55) && (AK4HT > 480) && (minDR_lepJet > 0.4 || ptRel_lepJet > 40) && (NJetsAK8_JetSubCalc > 2) && (minDR_leadAK8otherAK8 < 3.0) && DataPastTrigger == 1 && isMuon==1
****************************************************************************************************
****************************************************************************************************
DISTRIBUTION: Tp2Mass
            -name in ljmet trees: Tprime2_ALGO_Mass
            -x-axis label is set to: ;M(T) [GeV])
            -using the binning as: [0.0, 60.0, 120.0, 180.0, 240.0, 300.0, 360.0, 420.0, 480.0, 540.0, 600.0, 660.0, 720.0, 780.0, 840.0, 900.0, 960.0, 1020.0, 1080.0, 1140.0, 1200.0, 1260.0, 1320.0, 1380.0, 1440.0, 1500.0, 1560.0, 1620.0, 1680.0, 1740.0, 1800.0, 1860.0, 1920.0, 1980.0, 2040.0, 2100.0, 2160.0, 2220.0, 2280.0, 2340.0, 2400.0, 2460.0, 2520.0, 2580.0, 2640.0, 2700.0, 2760.0, 2820.0, 2880.0, 2940.0, 3000.0]
/////////////////////////
PROCESSING:  TTM1800THTH
/////////////////////////
plotTreeName: Tprime2_DeepAK8_decorr_Mass
Flavour: M #tag: isV_bWbW #algo: DeepAK8_decorr
Weights: 1 * 1 * 1 * pileupWeight * 1 * lepIdSF * EGammaGsfSF * 1 * (MCWeight_singleLepCalc/abs(MCWeight_singleLepCalc)) * 9.7394922041e-06
Cuts: (leptonPt_singleLepCalc > 50) && (corr_met_singleLepCalc > 55) && (AK4HT > 480) && (minDR_lepJet > 0.4 || ptRel_lepJet > 40) && (NJetsAK8_JetSubCalc > 2) && (minDR_leadAK8otherAK8 < 3.0) && DataPastTrigger == 1 && isMuon==1
****************************************************************************************************
****************************************************************************************************
DISTRIBUTION: Tp2Mass
            -name in ljmet trees: Tprime2_ALGO_Mass
            -x-axis label is set to: ;M(T) [GeV])
            -using the binning as: [0.0, 60.0, 120.0, 180.0, 240.0, 300.0, 360.0, 420.0, 480.0, 540.0, 600.0, 660.0, 720.0, 780.0, 840.0, 900.0, 960.0, 1020.0, 1080.0, 1140.0, 1200.0, 1260.0, 1320.0, 1380.0, 1440.0, 1500.0, 1560.0, 1620.0, 1680.0, 1740.0, 1800.0, 1860.0, 1920.0, 1980.0, 2040.0, 2100.0, 2160.0, 2220.0, 2280.0, 2340.0, 2400.0, 2460.0, 2520.0, 2580.0, 2640.0, 2700.0, 2760.0, 2820.0, 2880.0, 2940.0, 3000.0]
/////////////////////////
PROCESSING:  TTM1800TZTZ
/////////////////////////
plotTreeName: Tprime2_DeepAK8_decorr_Mass
Flavour: M #tag: isV_bWbW #algo: DeepAK8_decorr
Weights: 1 * 1 * 1 * pileupWeight * 1 * lepIdSF * EGammaGsfSF * 1 * (MCWeight_singleLepCalc/abs(MCWeight_singleLepCalc)) * 9.7394922041e-06
Cuts: (leptonPt_singleLepCalc > 50) && (corr_met_singleLepCalc > 55) && (AK4HT > 480) && (minDR_lepJet > 0.4 || ptRel_lepJet > 40) && (NJetsAK8_JetSubCalc > 2) && (minDR_leadAK8otherAK8 < 3.0) && DataPastTrigger == 1 && isMuon==1
****************************************************************************************************
****************************************************************************************************
DISTRIBUTION: Tp2Mass
            -name in ljmet trees: Tprime2_ALGO_Mass
            -x-axis label is set to: ;M(T) [GeV])
            -using the binning as: [0.0, 60.0, 120.0, 180.0, 240.0, 300.0, 360.0, 420.0, 480.0, 540.0, 600.0, 660.0, 720.0, 780.0, 840.0, 900.0, 960.0, 1020.0, 1080.0, 1140.0, 1200.0, 1260.0, 1320.0, 1380.0, 1440.0, 1500.0, 1560.0, 1620.0, 1680.0, 1740.0, 1800.0, 1860.0, 1920.0, 1980.0, 2040.0, 2100.0, 2160.0, 2220.0, 2280.0, 2340.0, 2400.0, 2460.0, 2520.0, 2580.0, 2640.0, 2700.0, 2760.0, 2820.0, 2880.0, 2940.0, 3000.0]
/////////////////////////
PROCESSING:  TTM1800TZBW
/////////////////////////
plotTreeName: Tprime2_DeepAK8_decorr_Mass
Flavour: M #tag: isV_bWbW #algo: DeepAK8_decorr
Weights: 1 * 1 * 1 * pileupWeight * 1 * lepIdSF * EGammaGsfSF * 1 * (MCWeight_singleLepCalc/abs(MCWeight_singleLepCalc)) * 1.94789844082e-05
Cuts: (leptonPt_singleLepCalc > 50) && (corr_met_singleLepCalc > 55) && (AK4HT > 480) && (minDR_lepJet > 0.4 || ptRel_lepJet > 40) && (NJetsAK8_JetSubCalc > 2) && (minDR_leadAK8otherAK8 < 3.0) && DataPastTrigger == 1 && isMuon==1
****************************************************************************************************
****************************************************************************************************
DISTRIBUTION: Tp2Mass
            -name in ljmet trees: Tprime2_ALGO_Mass
            -x-axis label is set to: ;M(T) [GeV])
            -using the binning as: [0.0, 60.0, 120.0, 180.0, 240.0, 300.0, 360.0, 420.0, 480.0, 540.0, 600.0, 660.0, 720.0, 780.0, 840.0, 900.0, 960.0, 1020.0, 1080.0, 1140.0, 1200.0, 1260.0, 1320.0, 1380.0, 1440.0, 1500.0, 1560.0, 1620.0, 1680.0, 1740.0, 1800.0, 1860.0, 1920.0, 1980.0, 2040.0, 2100.0, 2160.0, 2220.0, 2280.0, 2340.0, 2400.0, 2460.0, 2520.0, 2580.0, 2640.0, 2700.0, 2760.0, 2820.0, 2880.0, 2940.0, 3000.0]
/////////////////////////
PROCESSING:  TTM1800THBW
/////////////////////////
plotTreeName: Tprime2_DeepAK8_decorr_Mass
Flavour: M #tag: isV_bWbW #algo: DeepAK8_decorr
Weights: 1 * 1 * 1 * pileupWeight * 1 * lepIdSF * EGammaGsfSF * 1 * (MCWeight_singleLepCalc/abs(MCWeight_singleLepCalc)) * 1.94789844082e-05
Cuts: (leptonPt_singleLepCalc > 50) && (corr_met_singleLepCalc > 55) && (AK4HT > 480) && (minDR_lepJet > 0.4 || ptRel_lepJet > 40) && (NJetsAK8_JetSubCalc > 2) && (minDR_leadAK8otherAK8 < 3.0) && DataPastTrigger == 1 && isMuon==1
****************************************************************************************************
****************************************************************************************************
DISTRIBUTION: Tp2Mass
            -name in ljmet trees: Tprime2_ALGO_Mass
            -x-axis label is set to: ;M(T) [GeV])
            -using the binning as: [0.0, 60.0, 120.0, 180.0, 240.0, 300.0, 360.0, 420.0, 480.0, 540.0, 600.0, 660.0, 720.0, 780.0, 840.0, 900.0, 960.0, 1020.0, 1080.0, 1140.0, 1200.0, 1260.0, 1320.0, 1380.0, 1440.0, 1500.0, 1560.0, 1620.0, 1680.0, 1740.0, 1800.0, 1860.0, 1920.0, 1980.0, 2040.0, 2100.0, 2160.0, 2220.0, 2280.0, 2340.0, 2400.0, 2460.0, 2520.0, 2580.0, 2640.0, 2700.0, 2760.0, 2820.0, 2880.0, 2940.0, 3000.0]
/////////////////////////
PROCESSING:  TTM1800TZTH
/////////////////////////
plotTreeName: Tprime2_DeepAK8_decorr_Mass
Flavour: M #tag: isV_bWbW #algo: DeepAK8_decorr
Weights: 1 * 1 * 1 * pileupWeight * 1 * lepIdSF * EGammaGsfSF * 1 * (MCWeight_singleLepCalc/abs(MCWeight_singleLepCalc)) * 9.7394922041e-06
Cuts: (leptonPt_singleLepCalc > 50) && (corr_met_singleLepCalc > 55) && (AK4HT > 480) && (minDR_lepJet > 0.4 || ptRel_lepJet > 40) && (NJetsAK8_JetSubCalc > 2) && (minDR_leadAK8otherAK8 < 3.0) && DataPastTrigger == 1 && isMuon==1
****************************************************************************************************
****************************************************************************************************
DISTRIBUTION: Tp2Mass
            -name in ljmet trees: Tprime2_ALGO_Mass
            -x-axis label is set to: ;M(T) [GeV])
            -using the binning as: [0.0, 60.0, 120.0, 180.0, 240.0, 300.0, 360.0, 420.0, 480.0, 540.0, 600.0, 660.0, 720.0, 780.0, 840.0, 900.0, 960.0, 1020.0, 1080.0, 1140.0, 1200.0, 1260.0, 1320.0, 1380.0, 1440.0, 1500.0, 1560.0, 1620.0, 1680.0, 1740.0, 1800.0, 1860.0, 1920.0, 1980.0, 2040.0, 2100.0, 2160.0, 2220.0, 2280.0, 2340.0, 2400.0, 2460.0, 2520.0, 2580.0, 2640.0, 2700.0, 2760.0, 2820.0, 2880.0, 2940.0, 3000.0]
/////////////////////////
PROCESSING:  WJetsMG400
/////////////////////////
plotTreeName: Tprime2_BEST_Mass
Flavour: M #tag: isV_tHbW #algo: BEST
Weights: 1 * HTSF_Pol * 1 * pileupWeight * 1 * lepIdSF * EGammaGsfSF * 1 * (MCWeight_singleLepCalc/abs(MCWeight_singleLepCalc)) * 0.280770227538
Cuts: (leptonPt_singleLepCalc > 50) && (corr_met_singleLepCalc > 55) && (AK4HT > 480) && (minDR_lepJet > 0.4 || ptRel_lepJet > 40) && (NJetsAK8_JetSubCalc > 2) && (minDR_leadAK8otherAK8 < 3.0) && DataPastTrigger == 1 && isMuon==1
****************************************************************************************************
****************************************************************************************************
DISTRIBUTION: Tp2Mass
            -name in ljmet trees: Tprime2_ALGO_Mass
            -x-axis label is set to: ;M(T) [GeV])
            -using the binning as: [0.0, 60.0, 120.0, 180.0, 240.0, 300.0, 360.0, 420.0, 480.0, 540.0, 600.0, 660.0, 720.0, 780.0, 840.0, 900.0, 960.0, 1020.0, 1080.0, 1140.0, 1200.0, 1260.0, 1320.0, 1380.0, 1440.0, 1500.0, 1560.0, 1620.0, 1680.0, 1740.0, 1800.0, 1860.0, 1920.0, 1980.0, 2040.0, 2100.0, 2160.0, 2220.0, 2280.0, 2340.0, 2400.0, 2460.0, 2520.0, 2580.0, 2640.0, 2700.0, 2760.0, 2820.0, 2880.0, 2940.0, 3000.0]
/////////////////////////
PROCESSING:  WJetsMG600
/////////////////////////
plotTreeName: Tprime2_BEST_Mass
Flavour: M #tag: isV_tHbW #algo: BEST
Weights: 1 * HTSF_Pol * 1 * pileupWeight * 1 * lepIdSF * EGammaGsfSF * 1 * (MCWeight_singleLepCalc/abs(MCWeight_singleLepCalc)) * 0.0287233231554
Cuts: (leptonPt_singleLepCalc > 50) && (corr_met_singleLepCalc > 55) && (AK4HT > 480) && (minDR_lepJet > 0.4 || ptRel_lepJet > 40) && (NJetsAK8_JetSubCalc > 2) && (minDR_leadAK8otherAK8 < 3.0) && DataPastTrigger == 1 && isMuon==1
****************************************************************************************************
****************************************************************************************************
DISTRIBUTION: Tp2Mass
            -name in ljmet trees: Tprime2_ALGO_Mass
            -x-axis label is set to: ;M(T) [GeV])
            -using the binning as: [0.0, 60.0, 120.0, 180.0, 240.0, 300.0, 360.0, 420.0, 480.0, 540.0, 600.0, 660.0, 720.0, 780.0, 840.0, 900.0, 960.0, 1020.0, 1080.0, 1140.0, 1200.0, 1260.0, 1320.0, 1380.0, 1440.0, 1500.0, 1560.0, 1620.0, 1680.0, 1740.0, 1800.0, 1860.0, 1920.0, 1980.0, 2040.0, 2100.0, 2160.0, 2220.0, 2280.0, 2340.0, 2400.0, 2460.0, 2520.0, 2580.0, 2640.0, 2700.0, 2760.0, 2820.0, 2880.0, 2940.0, 3000.0]
/////////////////////////
PROCESSING:  WJetsMG800
/////////////////////////
plotTreeName: Tprime2_BEST_Mass
Flavour: M #tag: isV_tHbW #algo: BEST
Weights: 1 * HTSF_Pol * 1 * pileupWeight * 1 * lepIdSF * EGammaGsfSF * 1 * (MCWeight_singleLepCalc/abs(MCWeight_singleLepCalc)) * 0.0316367902594
Cuts: (leptonPt_singleLepCalc > 50) && (corr_met_singleLepCalc > 55) && (AK4HT > 480) && (minDR_lepJet > 0.4 || ptRel_lepJet > 40) && (NJetsAK8_JetSubCalc > 2) && (minDR_leadAK8otherAK8 < 3.0) && DataPastTrigger == 1 && isMuon==1
****************************************************************************************************
****************************************************************************************************
DISTRIBUTION: Tp2Mass
            -name in ljmet trees: Tprime2_ALGO_Mass
            -x-axis label is set to: ;M(T) [GeV])
            -using the binning as: [0.0, 60.0, 120.0, 180.0, 240.0, 300.0, 360.0, 420.0, 480.0, 540.0, 600.0, 660.0, 720.0, 780.0, 840.0, 900.0, 960.0, 1020.0, 1080.0, 1140.0, 1200.0, 1260.0, 1320.0, 1380.0, 1440.0, 1500.0, 1560.0, 1620.0, 1680.0, 1740.0, 1800.0, 1860.0, 1920.0, 1980.0, 2040.0, 2100.0, 2160.0, 2220.0, 2280.0, 2340.0, 2400.0, 2460.0, 2520.0, 2580.0, 2640.0, 2700.0, 2760.0, 2820.0, 2880.0, 2940.0, 3000.0]
/////////////////////////
PROCESSING:  WJetsMG1200
/////////////////////////
plotTreeName: Tprime2_BEST_Mass
Flavour: M #tag: isV_tHbW #algo: BEST
Weights: 1 * HTSF_Pol * 1 * pileupWeight * 1 * lepIdSF * EGammaGsfSF * 1 * (MCWeight_singleLepCalc/abs(MCWeight_singleLepCalc)) * 0.00861414819858
Cuts: (leptonPt_singleLepCalc > 50) && (corr_met_singleLepCalc > 55) && (AK4HT > 480) && (minDR_lepJet > 0.4 || ptRel_lepJet > 40) && (NJetsAK8_JetSubCalc > 2) && (minDR_leadAK8otherAK8 < 3.0) && DataPastTrigger == 1 && isMuon==1
****************************************************************************************************
****************************************************************************************************
DISTRIBUTION: Tp2Mass
            -name in ljmet trees: Tprime2_ALGO_Mass
            -x-axis label is set to: ;M(T) [GeV])
            -using the binning as: [0.0, 60.0, 120.0, 180.0, 240.0, 300.0, 360.0, 420.0, 480.0, 540.0, 600.0, 660.0, 720.0, 780.0, 840.0, 900.0, 960.0, 1020.0, 1080.0, 1140.0, 1200.0, 1260.0, 1320.0, 1380.0, 1440.0, 1500.0, 1560.0, 1620.0, 1680.0, 1740.0, 1800.0, 1860.0, 1920.0, 1980.0, 2040.0, 2100.0, 2160.0, 2220.0, 2280.0, 2340.0, 2400.0, 2460.0, 2520.0, 2580.0, 2640.0, 2700.0, 2760.0, 2820.0, 2880.0, 2940.0, 3000.0]
/////////////////////////
PROCESSING:  WJetsMG2500
/////////////////////////
plotTreeName: Tprime2_BEST_Mass
Flavour: M #tag: isV_tHbW #algo: BEST
Weights: 1 * HTSF_Pol * 1 * pileupWeight * 1 * lepIdSF * EGammaGsfSF * 1 * (MCWeight_singleLepCalc/abs(MCWeight_singleLepCalc)) * 0.00054308661217
Cuts: (leptonPt_singleLepCalc > 50) && (corr_met_singleLepCalc > 55) && (AK4HT > 480) && (minDR_lepJet > 0.4 || ptRel_lepJet > 40) && (NJetsAK8_JetSubCalc > 2) && (minDR_leadAK8otherAK8 < 3.0) && DataPastTrigger == 1 && isMuon==1
****************************************************************************************************
****************************************************************************************************
DISTRIBUTION: Tp2Mass
            -name in ljmet trees: Tprime2_ALGO_Mass
            -x-axis label is set to: ;M(T) [GeV])
            -using the binning as: [0.0, 60.0, 120.0, 180.0, 240.0, 300.0, 360.0, 420.0, 480.0, 540.0, 600.0, 660.0, 720.0, 780.0, 840.0, 900.0, 960.0, 1020.0, 1080.0, 1140.0, 1200.0, 1260.0, 1320.0, 1380.0, 1440.0, 1500.0, 1560.0, 1620.0, 1680.0, 1740.0, 1800.0, 1860.0, 1920.0, 1980.0, 2040.0, 2100.0, 2160.0, 2220.0, 2280.0, 2340.0, 2400.0, 2460.0, 2520.0, 2580.0, 2640.0, 2700.0, 2760.0, 2820.0, 2880.0, 2940.0, 3000.0]
/////////////////////////
PROCESSING:  TTM1100BWBW
/////////////////////////
plotTreeName: Tprime2_BEST_Mass
Flavour: M #tag: isV_tHbW #algo: BEST
Weights: 1 * 1 * 1 * pileupWeight * 1 * lepIdSF * EGammaGsfSF * 1 * (MCWeight_singleLepCalc/abs(MCWeight_singleLepCalc)) * 0.00223239916536
Cuts: (leptonPt_singleLepCalc > 50) && (corr_met_singleLepCalc > 55) && (AK4HT > 480) && (minDR_lepJet > 0.4 || ptRel_lepJet > 40) && (NJetsAK8_JetSubCalc > 2) && (minDR_leadAK8otherAK8 < 3.0) && DataPastTrigger == 1 && isMuon==1
****************************************************************************************************
****************************************************************************************************
DISTRIBUTION: Tp2Mass
            -name in ljmet trees: Tprime2_ALGO_Mass
            -x-axis label is set to: ;M(T) [GeV])
            -using the binning as: [0.0, 60.0, 120.0, 180.0, 240.0, 300.0, 360.0, 420.0, 480.0, 540.0, 600.0, 660.0, 720.0, 780.0, 840.0, 900.0, 960.0, 1020.0, 1080.0, 1140.0, 1200.0, 1260.0, 1320.0, 1380.0, 1440.0, 1500.0, 1560.0, 1620.0, 1680.0, 1740.0, 1800.0, 1860.0, 1920.0, 1980.0, 2040.0, 2100.0, 2160.0, 2220.0, 2280.0, 2340.0, 2400.0, 2460.0, 2520.0, 2580.0, 2640.0, 2700.0, 2760.0, 2820.0, 2880.0, 2940.0, 3000.0]
/////////////////////////
PROCESSING:  TTM1100THTH
/////////////////////////
plotTreeName: Tprime2_BEST_Mass
Flavour: M #tag: isV_tHbW #algo: BEST
Weights: 1 * 1 * 1 * pileupWeight * 1 * lepIdSF * EGammaGsfSF * 1 * (MCWeight_singleLepCalc/abs(MCWeight_singleLepCalc)) * 0.000558099791339
Cuts: (leptonPt_singleLepCalc > 50) && (corr_met_singleLepCalc > 55) && (AK4HT > 480) && (minDR_lepJet > 0.4 || ptRel_lepJet > 40) && (NJetsAK8_JetSubCalc > 2) && (minDR_leadAK8otherAK8 < 3.0) && DataPastTrigger == 1 && isMuon==1
****************************************************************************************************
****************************************************************************************************
DISTRIBUTION: Tp2Mass
            -name in ljmet trees: Tprime2_ALGO_Mass
            -x-axis label is set to: ;M(T) [GeV])
            -using the binning as: [0.0, 60.0, 120.0, 180.0, 240.0, 300.0, 360.0, 420.0, 480.0, 540.0, 600.0, 660.0, 720.0, 780.0, 840.0, 900.0, 960.0, 1020.0, 1080.0, 1140.0, 1200.0, 1260.0, 1320.0, 1380.0, 1440.0, 1500.0, 1560.0, 1620.0, 1680.0, 1740.0, 1800.0, 1860.0, 1920.0, 1980.0, 2040.0, 2100.0, 2160.0, 2220.0, 2280.0, 2340.0, 2400.0, 2460.0, 2520.0, 2580.0, 2640.0, 2700.0, 2760.0, 2820.0, 2880.0, 2940.0, 3000.0]
/////////////////////////
PROCESSING:  TTM1100TZTZ
/////////////////////////
plotTreeName: Tprime2_BEST_Mass
Flavour: M #tag: isV_tHbW #algo: BEST
Weights: 1 * 1 * 1 * pileupWeight * 1 * lepIdSF * EGammaGsfSF * 1 * (MCWeight_singleLepCalc/abs(MCWeight_singleLepCalc)) * 0.000558099791339
Cuts: (leptonPt_singleLepCalc > 50) && (corr_met_singleLepCalc > 55) && (AK4HT > 480) && (minDR_lepJet > 0.4 || ptRel_lepJet > 40) && (NJetsAK8_JetSubCalc > 2) && (minDR_leadAK8otherAK8 < 3.0) && DataPastTrigger == 1 && isMuon==1
****************************************************************************************************
****************************************************************************************************
DISTRIBUTION: Tp2Mass
            -name in ljmet trees: Tprime2_ALGO_Mass
            -x-axis label is set to: ;M(T) [GeV])
            -using the binning as: [0.0, 60.0, 120.0, 180.0, 240.0, 300.0, 360.0, 420.0, 480.0, 540.0, 600.0, 660.0, 720.0, 780.0, 840.0, 900.0, 960.0, 1020.0, 1080.0, 1140.0, 1200.0, 1260.0, 1320.0, 1380.0, 1440.0, 1500.0, 1560.0, 1620.0, 1680.0, 1740.0, 1800.0, 1860.0, 1920.0, 1980.0, 2040.0, 2100.0, 2160.0, 2220.0, 2280.0, 2340.0, 2400.0, 2460.0, 2520.0, 2580.0, 2640.0, 2700.0, 2760.0, 2820.0, 2880.0, 2940.0, 3000.0]
/////////////////////////
PROCESSING:  TTM1100TZBW
/////////////////////////
plotTreeName: Tprime2_BEST_Mass
Flavour: M #tag: isV_tHbW #algo: BEST
Weights: 1 * 1 * 1 * pileupWeight * 1 * lepIdSF * EGammaGsfSF * 1 * (MCWeight_singleLepCalc/abs(MCWeight_singleLepCalc)) * 0.00111619958268
Cuts: (leptonPt_singleLepCalc > 50) && (corr_met_singleLepCalc > 55) && (AK4HT > 480) && (minDR_lepJet > 0.4 || ptRel_lepJet > 40) && (NJetsAK8_JetSubCalc > 2) && (minDR_leadAK8otherAK8 < 3.0) && DataPastTrigger == 1 && isMuon==1
****************************************************************************************************
****************************************************************************************************
DISTRIBUTION: Tp2Mass
            -name in ljmet trees: Tprime2_ALGO_Mass
            -x-axis label is set to: ;M(T) [GeV])
            -using the binning as: [0.0, 60.0, 120.0, 180.0, 240.0, 300.0, 360.0, 420.0, 480.0, 540.0, 600.0, 660.0, 720.0, 780.0, 840.0, 900.0, 960.0, 1020.0, 1080.0, 1140.0, 1200.0, 1260.0, 1320.0, 1380.0, 1440.0, 1500.0, 1560.0, 1620.0, 1680.0, 1740.0, 1800.0, 1860.0, 1920.0, 1980.0, 2040.0, 2100.0, 2160.0, 2220.0, 2280.0, 2340.0, 2400.0, 2460.0, 2520.0, 2580.0, 2640.0, 2700.0, 2760.0, 2820.0, 2880.0, 2940.0, 3000.0]
/////////////////////////
PROCESSING:  TTM1100THBW
/////////////////////////
plotTreeName: Tprime2_BEST_Mass
Flavour: M #tag: isV_tHbW #algo: BEST
Weights: 1 * 1 * 1 * pileupWeight * 1 * lepIdSF * EGammaGsfSF * 1 * (MCWeight_singleLepCalc/abs(MCWeight_singleLepCalc)) * 0.00111619958268
Cuts: (leptonPt_singleLepCalc > 50) && (corr_met_singleLepCalc > 55) && (AK4HT > 480) && (minDR_lepJet > 0.4 || ptRel_lepJet > 40) && (NJetsAK8_JetSubCalc > 2) && (minDR_leadAK8otherAK8 < 3.0) && DataPastTrigger == 1 && isMuon==1
****************************************************************************************************
****************************************************************************************************
DISTRIBUTION: Tp2Mass
            -name in ljmet trees: Tprime2_ALGO_Mass
            -x-axis label is set to: ;M(T) [GeV])
            -using the binning as: [0.0, 60.0, 120.0, 180.0, 240.0, 300.0, 360.0, 420.0, 480.0, 540.0, 600.0, 660.0, 720.0, 780.0, 840.0, 900.0, 960.0, 1020.0, 1080.0, 1140.0, 1200.0, 1260.0, 1320.0, 1380.0, 1440.0, 1500.0, 1560.0, 1620.0, 1680.0, 1740.0, 1800.0, 1860.0, 1920.0, 1980.0, 2040.0, 2100.0, 2160.0, 2220.0, 2280.0, 2340.0, 2400.0, 2460.0, 2520.0, 2580.0, 2640.0, 2700.0, 2760.0, 2820.0, 2880.0, 2940.0, 3000.0]
/////////////////////////
PROCESSING:  TTM1100TZTH
/////////////////////////
plotTreeName: Tprime2_BEST_Mass
Flavour: M #tag: isV_tHbW #algo: BEST
Weights: 1 * 1 * 1 * pileupWeight * 1 * lepIdSF * EGammaGsfSF * 1 * (MCWeight_singleLepCalc/abs(MCWeight_singleLepCalc)) * 0.000558099791339
Cuts: (leptonPt_singleLepCalc > 50) && (corr_met_singleLepCalc > 55) && (AK4HT > 480) && (minDR_lepJet > 0.4 || ptRel_lepJet > 40) && (NJetsAK8_JetSubCalc > 2) && (minDR_leadAK8otherAK8 < 3.0) && DataPastTrigger == 1 && isMuon==1
****************************************************************************************************
****************************************************************************************************
DISTRIBUTION: Tp2Mass
            -name in ljmet trees: Tprime2_ALGO_Mass
            -x-axis label is set to: ;M(T) [GeV])
            -using the binning as: [0.0, 60.0, 120.0, 180.0, 240.0, 300.0, 360.0, 420.0, 480.0, 540.0, 600.0, 660.0, 720.0, 780.0, 840.0, 900.0, 960.0, 1020.0, 1080.0, 1140.0, 1200.0, 1260.0, 1320.0, 1380.0, 1440.0, 1500.0, 1560.0, 1620.0, 1680.0, 1740.0, 1800.0, 1860.0, 1920.0, 1980.0, 2040.0, 2100.0, 2160.0, 2220.0, 2280.0, 2340.0, 2400.0, 2460.0, 2520.0, 2580.0, 2640.0, 2700.0, 2760.0, 2820.0, 2880.0, 2940.0, 3000.0]
/////////////////////////
PROCESSING:  TTM1200BWBW
/////////////////////////
plotTreeName: Tprime2_BEST_Mass
Flavour: M #tag: isV_tHbW #algo: BEST
Weights: 1 * 1 * 1 * pileupWeight * 1 * lepIdSF * EGammaGsfSF * 1 * (MCWeight_singleLepCalc/abs(MCWeight_singleLepCalc)) * 0.00117627847652
Cuts: (leptonPt_singleLepCalc > 50) && (corr_met_singleLepCalc > 55) && (AK4HT > 480) && (minDR_lepJet > 0.4 || ptRel_lepJet > 40) && (NJetsAK8_JetSubCalc > 2) && (minDR_leadAK8otherAK8 < 3.0) && DataPastTrigger == 1 && isMuon==1
****************************************************************************************************
****************************************************************************************************
DISTRIBUTION: Tp2Mass
            -name in ljmet trees: Tprime2_ALGO_Mass
            -x-axis label is set to: ;M(T) [GeV])
            -using the binning as: [0.0, 60.0, 120.0, 180.0, 240.0, 300.0, 360.0, 420.0, 480.0, 540.0, 600.0, 660.0, 720.0, 780.0, 840.0, 900.0, 960.0, 1020.0, 1080.0, 1140.0, 1200.0, 1260.0, 1320.0, 1380.0, 1440.0, 1500.0, 1560.0, 1620.0, 1680.0, 1740.0, 1800.0, 1860.0, 1920.0, 1980.0, 2040.0, 2100.0, 2160.0, 2220.0, 2280.0, 2340.0, 2400.0, 2460.0, 2520.0, 2580.0, 2640.0, 2700.0, 2760.0, 2820.0, 2880.0, 2940.0, 3000.0]
/////////////////////////
PROCESSING:  TTM1200THTH
/////////////////////////
plotTreeName: Tprime2_BEST_Mass
Flavour: M #tag: isV_tHbW #algo: BEST
Weights: 1 * 1 * 1 * pileupWeight * 1 * lepIdSF * EGammaGsfSF * 1 * (MCWeight_singleLepCalc/abs(MCWeight_singleLepCalc)) * 0.00029406961913
Cuts: (leptonPt_singleLepCalc > 50) && (corr_met_singleLepCalc > 55) && (AK4HT > 480) && (minDR_lepJet > 0.4 || ptRel_lepJet > 40) && (NJetsAK8_JetSubCalc > 2) && (minDR_leadAK8otherAK8 < 3.0) && DataPastTrigger == 1 && isMuon==1
****************************************************************************************************
****************************************************************************************************
DISTRIBUTION: Tp2Mass
            -name in ljmet trees: Tprime2_ALGO_Mass
            -x-axis label is set to: ;M(T) [GeV])
            -using the binning as: [0.0, 60.0, 120.0, 180.0, 240.0, 300.0, 360.0, 420.0, 480.0, 540.0, 600.0, 660.0, 720.0, 780.0, 840.0, 900.0, 960.0, 1020.0, 1080.0, 1140.0, 1200.0, 1260.0, 1320.0, 1380.0, 1440.0, 1500.0, 1560.0, 1620.0, 1680.0, 1740.0, 1800.0, 1860.0, 1920.0, 1980.0, 2040.0, 2100.0, 2160.0, 2220.0, 2280.0, 2340.0, 2400.0, 2460.0, 2520.0, 2580.0, 2640.0, 2700.0, 2760.0, 2820.0, 2880.0, 2940.0, 3000.0]
/////////////////////////
PROCESSING:  TTM1200TZTZ
/////////////////////////
plotTreeName: Tprime2_BEST_Mass
Flavour: M #tag: isV_tHbW #algo: BEST
Weights: 1 * 1 * 1 * pileupWeight * 1 * lepIdSF * EGammaGsfSF * 1 * (MCWeight_singleLepCalc/abs(MCWeight_singleLepCalc)) * 0.00029406961913
Cuts: (leptonPt_singleLepCalc > 50) && (corr_met_singleLepCalc > 55) && (AK4HT > 480) && (minDR_lepJet > 0.4 || ptRel_lepJet > 40) && (NJetsAK8_JetSubCalc > 2) && (minDR_leadAK8otherAK8 < 3.0) && DataPastTrigger == 1 && isMuon==1
****************************************************************************************************
****************************************************************************************************
DISTRIBUTION: Tp2Mass
            -name in ljmet trees: Tprime2_ALGO_Mass
            -x-axis label is set to: ;M(T) [GeV])
            -using the binning as: [0.0, 60.0, 120.0, 180.0, 240.0, 300.0, 360.0, 420.0, 480.0, 540.0, 600.0, 660.0, 720.0, 780.0, 840.0, 900.0, 960.0, 1020.0, 1080.0, 1140.0, 1200.0, 1260.0, 1320.0, 1380.0, 1440.0, 1500.0, 1560.0, 1620.0, 1680.0, 1740.0, 1800.0, 1860.0, 1920.0, 1980.0, 2040.0, 2100.0, 2160.0, 2220.0, 2280.0, 2340.0, 2400.0, 2460.0, 2520.0, 2580.0, 2640.0, 2700.0, 2760.0, 2820.0, 2880.0, 2940.0, 3000.0]
/////////////////////////
PROCESSING:  TTM1200TZBW
/////////////////////////
plotTreeName: Tprime2_BEST_Mass
Flavour: M #tag: isV_tHbW #algo: BEST
Weights: 1 * 1 * 1 * pileupWeight * 1 * lepIdSF * EGammaGsfSF * 1 * (MCWeight_singleLepCalc/abs(MCWeight_singleLepCalc)) * 0.000588139238259
Cuts: (leptonPt_singleLepCalc > 50) && (corr_met_singleLepCalc > 55) && (AK4HT > 480) && (minDR_lepJet > 0.4 || ptRel_lepJet > 40) && (NJetsAK8_JetSubCalc > 2) && (minDR_leadAK8otherAK8 < 3.0) && DataPastTrigger == 1 && isMuon==1
****************************************************************************************************
****************************************************************************************************
DISTRIBUTION: Tp2Mass
            -name in ljmet trees: Tprime2_ALGO_Mass
            -x-axis label is set to: ;M(T) [GeV])
            -using the binning as: [0.0, 60.0, 120.0, 180.0, 240.0, 300.0, 360.0, 420.0, 480.0, 540.0, 600.0, 660.0, 720.0, 780.0, 840.0, 900.0, 960.0, 1020.0, 1080.0, 1140.0, 1200.0, 1260.0, 1320.0, 1380.0, 1440.0, 1500.0, 1560.0, 1620.0, 1680.0, 1740.0, 1800.0, 1860.0, 1920.0, 1980.0, 2040.0, 2100.0, 2160.0, 2220.0, 2280.0, 2340.0, 2400.0, 2460.0, 2520.0, 2580.0, 2640.0, 2700.0, 2760.0, 2820.0, 2880.0, 2940.0, 3000.0]
/////////////////////////
PROCESSING:  TTM1200THBW
/////////////////////////
plotTreeName: Tprime2_BEST_Mass
Flavour: M #tag: isV_tHbW #algo: BEST
Weights: 1 * 1 * 1 * pileupWeight * 1 * lepIdSF * EGammaGsfSF * 1 * (MCWeight_singleLepCalc/abs(MCWeight_singleLepCalc)) * 0.000588139238259
Cuts: (leptonPt_singleLepCalc > 50) && (corr_met_singleLepCalc > 55) && (AK4HT > 480) && (minDR_lepJet > 0.4 || ptRel_lepJet > 40) && (NJetsAK8_JetSubCalc > 2) && (minDR_leadAK8otherAK8 < 3.0) && DataPastTrigger == 1 && isMuon==1
****************************************************************************************************
****************************************************************************************************
DISTRIBUTION: Tp2Mass
            -name in ljmet trees: Tprime2_ALGO_Mass
            -x-axis label is set to: ;M(T) [GeV])
            -using the binning as: [0.0, 60.0, 120.0, 180.0, 240.0, 300.0, 360.0, 420.0, 480.0, 540.0, 600.0, 660.0, 720.0, 780.0, 840.0, 900.0, 960.0, 1020.0, 1080.0, 1140.0, 1200.0, 1260.0, 1320.0, 1380.0, 1440.0, 1500.0, 1560.0, 1620.0, 1680.0, 1740.0, 1800.0, 1860.0, 1920.0, 1980.0, 2040.0, 2100.0, 2160.0, 2220.0, 2280.0, 2340.0, 2400.0, 2460.0, 2520.0, 2580.0, 2640.0, 2700.0, 2760.0, 2820.0, 2880.0, 2940.0, 3000.0]
/////////////////////////
PROCESSING:  TTM1200TZTH
/////////////////////////
plotTreeName: Tprime2_BEST_Mass
Flavour: M #tag: isV_tHbW #algo: BEST
Weights: 1 * 1 * 1 * pileupWeight * 1 * lepIdSF * EGammaGsfSF * 1 * (MCWeight_singleLepCalc/abs(MCWeight_singleLepCalc)) * 0.00029406961913
Cuts: (leptonPt_singleLepCalc > 50) && (corr_met_singleLepCalc > 55) && (AK4HT > 480) && (minDR_lepJet > 0.4 || ptRel_lepJet > 40) && (NJetsAK8_JetSubCalc > 2) && (minDR_leadAK8otherAK8 < 3.0) && DataPastTrigger == 1 && isMuon==1
****************************************************************************************************
****************************************************************************************************
DISTRIBUTION: Tp2Mass
            -name in ljmet trees: Tprime2_ALGO_Mass
            -x-axis label is set to: ;M(T) [GeV])
            -using the binning as: [0.0, 60.0, 120.0, 180.0, 240.0, 300.0, 360.0, 420.0, 480.0, 540.0, 600.0, 660.0, 720.0, 780.0, 840.0, 900.0, 960.0, 1020.0, 1080.0, 1140.0, 1200.0, 1260.0, 1320.0, 1380.0, 1440.0, 1500.0, 1560.0, 1620.0, 1680.0, 1740.0, 1800.0, 1860.0, 1920.0, 1980.0, 2040.0, 2100.0, 2160.0, 2220.0, 2280.0, 2340.0, 2400.0, 2460.0, 2520.0, 2580.0, 2640.0, 2700.0, 2760.0, 2820.0, 2880.0, 2940.0, 3000.0]
/////////////////////////
PROCESSING:  TTM1300BWBW
/////////////////////////
plotTreeName: Tprime2_BEST_Mass
Flavour: M #tag: isV_tHbW #algo: BEST
Weights: 1 * 1 * 1 * pileupWeight * 1 * lepIdSF * EGammaGsfSF * 1 * (MCWeight_singleLepCalc/abs(MCWeight_singleLepCalc)) * 0.00063821114509
Cuts: (leptonPt_singleLepCalc > 50) && (corr_met_singleLepCalc > 55) && (AK4HT > 480) && (minDR_lepJet > 0.4 || ptRel_lepJet > 40) && (NJetsAK8_JetSubCalc > 2) && (minDR_leadAK8otherAK8 < 3.0) && DataPastTrigger == 1 && isMuon==1
****************************************************************************************************
****************************************************************************************************
DISTRIBUTION: Tp2Mass
            -name in ljmet trees: Tprime2_ALGO_Mass
            -x-axis label is set to: ;M(T) [GeV])
            -using the binning as: [0.0, 60.0, 120.0, 180.0, 240.0, 300.0, 360.0, 420.0, 480.0, 540.0, 600.0, 660.0, 720.0, 780.0, 840.0, 900.0, 960.0, 1020.0, 1080.0, 1140.0, 1200.0, 1260.0, 1320.0, 1380.0, 1440.0, 1500.0, 1560.0, 1620.0, 1680.0, 1740.0, 1800.0, 1860.0, 1920.0, 1980.0, 2040.0, 2100.0, 2160.0, 2220.0, 2280.0, 2340.0, 2400.0, 2460.0, 2520.0, 2580.0, 2640.0, 2700.0, 2760.0, 2820.0, 2880.0, 2940.0, 3000.0]
/////////////////////////
PROCESSING:  TTM1300THTH
/////////////////////////
plotTreeName: Tprime2_BEST_Mass
Flavour: M #tag: isV_tHbW #algo: BEST
Weights: 1 * 1 * 1 * pileupWeight * 1 * lepIdSF * EGammaGsfSF * 1 * (MCWeight_singleLepCalc/abs(MCWeight_singleLepCalc)) * 0.000159552786272
Cuts: (leptonPt_singleLepCalc > 50) && (corr_met_singleLepCalc > 55) && (AK4HT > 480) && (minDR_lepJet > 0.4 || ptRel_lepJet > 40) && (NJetsAK8_JetSubCalc > 2) && (minDR_leadAK8otherAK8 < 3.0) && DataPastTrigger == 1 && isMuon==1
****************************************************************************************************
****************************************************************************************************
DISTRIBUTION: Tp2Mass
            -name in ljmet trees: Tprime2_ALGO_Mass
            -x-axis label is set to: ;M(T) [GeV])
            -using the binning as: [0.0, 60.0, 120.0, 180.0, 240.0, 300.0, 360.0, 420.0, 480.0, 540.0, 600.0, 660.0, 720.0, 780.0, 840.0, 900.0, 960.0, 1020.0, 1080.0, 1140.0, 1200.0, 1260.0, 1320.0, 1380.0, 1440.0, 1500.0, 1560.0, 1620.0, 1680.0, 1740.0, 1800.0, 1860.0, 1920.0, 1980.0, 2040.0, 2100.0, 2160.0, 2220.0, 2280.0, 2340.0, 2400.0, 2460.0, 2520.0, 2580.0, 2640.0, 2700.0, 2760.0, 2820.0, 2880.0, 2940.0, 3000.0]
/////////////////////////
PROCESSING:  TTM1300TZTZ
/////////////////////////
plotTreeName: Tprime2_BEST_Mass
Flavour: M #tag: isV_tHbW #algo: BEST
Weights: 1 * 1 * 1 * pileupWeight * 1 * lepIdSF * EGammaGsfSF * 1 * (MCWeight_singleLepCalc/abs(MCWeight_singleLepCalc)) * 0.000159552786272
Cuts: (leptonPt_singleLepCalc > 50) && (corr_met_singleLepCalc > 55) && (AK4HT > 480) && (minDR_lepJet > 0.4 || ptRel_lepJet > 40) && (NJetsAK8_JetSubCalc > 2) && (minDR_leadAK8otherAK8 < 3.0) && DataPastTrigger == 1 && isMuon==1
****************************************************************************************************
****************************************************************************************************
DISTRIBUTION: Tp2Mass
            -name in ljmet trees: Tprime2_ALGO_Mass
            -x-axis label is set to: ;M(T) [GeV])
            -using the binning as: [0.0, 60.0, 120.0, 180.0, 240.0, 300.0, 360.0, 420.0, 480.0, 540.0, 600.0, 660.0, 720.0, 780.0, 840.0, 900.0, 960.0, 1020.0, 1080.0, 1140.0, 1200.0, 1260.0, 1320.0, 1380.0, 1440.0, 1500.0, 1560.0, 1620.0, 1680.0, 1740.0, 1800.0, 1860.0, 1920.0, 1980.0, 2040.0, 2100.0, 2160.0, 2220.0, 2280.0, 2340.0, 2400.0, 2460.0, 2520.0, 2580.0, 2640.0, 2700.0, 2760.0, 2820.0, 2880.0, 2940.0, 3000.0]
/////////////////////////
PROCESSING:  TTM1300TZBW
/////////////////////////
plotTreeName: Tprime2_BEST_Mass
Flavour: M #tag: isV_tHbW #algo: BEST
Weights: 1 * 1 * 1 * pileupWeight * 1 * lepIdSF * EGammaGsfSF * 1 * (MCWeight_singleLepCalc/abs(MCWeight_singleLepCalc)) * 0.000319105572545
Cuts: (leptonPt_singleLepCalc > 50) && (corr_met_singleLepCalc > 55) && (AK4HT > 480) && (minDR_lepJet > 0.4 || ptRel_lepJet > 40) && (NJetsAK8_JetSubCalc > 2) && (minDR_leadAK8otherAK8 < 3.0) && DataPastTrigger == 1 && isMuon==1
****************************************************************************************************
****************************************************************************************************
DISTRIBUTION: Tp2Mass
            -name in ljmet trees: Tprime2_ALGO_Mass
            -x-axis label is set to: ;M(T) [GeV])
            -using the binning as: [0.0, 60.0, 120.0, 180.0, 240.0, 300.0, 360.0, 420.0, 480.0, 540.0, 600.0, 660.0, 720.0, 780.0, 840.0, 900.0, 960.0, 1020.0, 1080.0, 1140.0, 1200.0, 1260.0, 1320.0, 1380.0, 1440.0, 1500.0, 1560.0, 1620.0, 1680.0, 1740.0, 1800.0, 1860.0, 1920.0, 1980.0, 2040.0, 2100.0, 2160.0, 2220.0, 2280.0, 2340.0, 2400.0, 2460.0, 2520.0, 2580.0, 2640.0, 2700.0, 2760.0, 2820.0, 2880.0, 2940.0, 3000.0]
/////////////////////////
PROCESSING:  TTM1300THBW
/////////////////////////
plotTreeName: Tprime2_BEST_Mass
Flavour: M #tag: isV_tHbW #algo: BEST
Weights: 1 * 1 * 1 * pileupWeight * 1 * lepIdSF * EGammaGsfSF * 1 * (MCWeight_singleLepCalc/abs(MCWeight_singleLepCalc)) * 0.000319105572545
Cuts: (leptonPt_singleLepCalc > 50) && (corr_met_singleLepCalc > 55) && (AK4HT > 480) && (minDR_lepJet > 0.4 || ptRel_lepJet > 40) && (NJetsAK8_JetSubCalc > 2) && (minDR_leadAK8otherAK8 < 3.0) && DataPastTrigger == 1 && isMuon==1
****************************************************************************************************
****************************************************************************************************
DISTRIBUTION: Tp2Mass
            -name in ljmet trees: Tprime2_ALGO_Mass
            -x-axis label is set to: ;M(T) [GeV])
            -using the binning as: [0.0, 60.0, 120.0, 180.0, 240.0, 300.0, 360.0, 420.0, 480.0, 540.0, 600.0, 660.0, 720.0, 780.0, 840.0, 900.0, 960.0, 1020.0, 1080.0, 1140.0, 1200.0, 1260.0, 1320.0, 1380.0, 1440.0, 1500.0, 1560.0, 1620.0, 1680.0, 1740.0, 1800.0, 1860.0, 1920.0, 1980.0, 2040.0, 2100.0, 2160.0, 2220.0, 2280.0, 2340.0, 2400.0, 2460.0, 2520.0, 2580.0, 2640.0, 2700.0, 2760.0, 2820.0, 2880.0, 2940.0, 3000.0]
/////////////////////////
PROCESSING:  TTM1300TZTH
/////////////////////////
plotTreeName: Tprime2_BEST_Mass
Flavour: M #tag: isV_tHbW #algo: BEST
Weights: 1 * 1 * 1 * pileupWeight * 1 * lepIdSF * EGammaGsfSF * 1 * (MCWeight_singleLepCalc/abs(MCWeight_singleLepCalc)) * 0.000159552786272
Cuts: (leptonPt_singleLepCalc > 50) && (corr_met_singleLepCalc > 55) && (AK4HT > 480) && (minDR_lepJet > 0.4 || ptRel_lepJet > 40) && (NJetsAK8_JetSubCalc > 2) && (minDR_leadAK8otherAK8 < 3.0) && DataPastTrigger == 1 && isMuon==1
****************************************************************************************************
****************************************************************************************************
DISTRIBUTION: Tp2Mass
            -name in ljmet trees: Tprime2_ALGO_Mass
            -x-axis label is set to: ;M(T) [GeV])
            -using the binning as: [0.0, 60.0, 120.0, 180.0, 240.0, 300.0, 360.0, 420.0, 480.0, 540.0, 600.0, 660.0, 720.0, 780.0, 840.0, 900.0, 960.0, 1020.0, 1080.0, 1140.0, 1200.0, 1260.0, 1320.0, 1380.0, 1440.0, 1500.0, 1560.0, 1620.0, 1680.0, 1740.0, 1800.0, 1860.0, 1920.0, 1980.0, 2040.0, 2100.0, 2160.0, 2220.0, 2280.0, 2340.0, 2400.0, 2460.0, 2520.0, 2580.0, 2640.0, 2700.0, 2760.0, 2820.0, 2880.0, 2940.0, 3000.0]
/////////////////////////
PROCESSING:  TTM1400BWBW
/////////////////////////
plotTreeName: Tprime2_BEST_Mass
Flavour: M #tag: isV_tHbW #algo: BEST
Weights: 1 * 1 * 1 * pileupWeight * 1 * lepIdSF * EGammaGsfSF * 1 * (MCWeight_singleLepCalc/abs(MCWeight_singleLepCalc)) * 0.000352883542956
Cuts: (leptonPt_singleLepCalc > 50) && (corr_met_singleLepCalc > 55) && (AK4HT > 480) && (minDR_lepJet > 0.4 || ptRel_lepJet > 40) && (NJetsAK8_JetSubCalc > 2) && (minDR_leadAK8otherAK8 < 3.0) && DataPastTrigger == 1 && isMuon==1
****************************************************************************************************
****************************************************************************************************
DISTRIBUTION: Tp2Mass
            -name in ljmet trees: Tprime2_ALGO_Mass
            -x-axis label is set to: ;M(T) [GeV])
            -using the binning as: [0.0, 60.0, 120.0, 180.0, 240.0, 300.0, 360.0, 420.0, 480.0, 540.0, 600.0, 660.0, 720.0, 780.0, 840.0, 900.0, 960.0, 1020.0, 1080.0, 1140.0, 1200.0, 1260.0, 1320.0, 1380.0, 1440.0, 1500.0, 1560.0, 1620.0, 1680.0, 1740.0, 1800.0, 1860.0, 1920.0, 1980.0, 2040.0, 2100.0, 2160.0, 2220.0, 2280.0, 2340.0, 2400.0, 2460.0, 2520.0, 2580.0, 2640.0, 2700.0, 2760.0, 2820.0, 2880.0, 2940.0, 3000.0]
/////////////////////////
PROCESSING:  TTM1400THTH
/////////////////////////
plotTreeName: Tprime2_BEST_Mass
Flavour: M #tag: isV_tHbW #algo: BEST
Weights: 1 * 1 * 1 * pileupWeight * 1 * lepIdSF * EGammaGsfSF * 1 * (MCWeight_singleLepCalc/abs(MCWeight_singleLepCalc)) * 8.82208857389e-05
Cuts: (leptonPt_singleLepCalc > 50) && (corr_met_singleLepCalc > 55) && (AK4HT > 480) && (minDR_lepJet > 0.4 || ptRel_lepJet > 40) && (NJetsAK8_JetSubCalc > 2) && (minDR_leadAK8otherAK8 < 3.0) && DataPastTrigger == 1 && isMuon==1
****************************************************************************************************
****************************************************************************************************
DISTRIBUTION: Tp2Mass
            -name in ljmet trees: Tprime2_ALGO_Mass
            -x-axis label is set to: ;M(T) [GeV])
            -using the binning as: [0.0, 60.0, 120.0, 180.0, 240.0, 300.0, 360.0, 420.0, 480.0, 540.0, 600.0, 660.0, 720.0, 780.0, 840.0, 900.0, 960.0, 1020.0, 1080.0, 1140.0, 1200.0, 1260.0, 1320.0, 1380.0, 1440.0, 1500.0, 1560.0, 1620.0, 1680.0, 1740.0, 1800.0, 1860.0, 1920.0, 1980.0, 2040.0, 2100.0, 2160.0, 2220.0, 2280.0, 2340.0, 2400.0, 2460.0, 2520.0, 2580.0, 2640.0, 2700.0, 2760.0, 2820.0, 2880.0, 2940.0, 3000.0]
/////////////////////////
PROCESSING:  TTM1400TZTZ
/////////////////////////
plotTreeName: Tprime2_BEST_Mass
Flavour: M #tag: isV_tHbW #algo: BEST
Weights: 1 * 1 * 1 * pileupWeight * 1 * lepIdSF * EGammaGsfSF * 1 * (MCWeight_singleLepCalc/abs(MCWeight_singleLepCalc)) * 8.82208857389e-05
Cuts: (leptonPt_singleLepCalc > 50) && (corr_met_singleLepCalc > 55) && (AK4HT > 480) && (minDR_lepJet > 0.4 || ptRel_lepJet > 40) && (NJetsAK8_JetSubCalc > 2) && (minDR_leadAK8otherAK8 < 3.0) && DataPastTrigger == 1 && isMuon==1
****************************************************************************************************
****************************************************************************************************
DISTRIBUTION: Tp2Mass
            -name in ljmet trees: Tprime2_ALGO_Mass
            -x-axis label is set to: ;M(T) [GeV])
            -using the binning as: [0.0, 60.0, 120.0, 180.0, 240.0, 300.0, 360.0, 420.0, 480.0, 540.0, 600.0, 660.0, 720.0, 780.0, 840.0, 900.0, 960.0, 1020.0, 1080.0, 1140.0, 1200.0, 1260.0, 1320.0, 1380.0, 1440.0, 1500.0, 1560.0, 1620.0, 1680.0, 1740.0, 1800.0, 1860.0, 1920.0, 1980.0, 2040.0, 2100.0, 2160.0, 2220.0, 2280.0, 2340.0, 2400.0, 2460.0, 2520.0, 2580.0, 2640.0, 2700.0, 2760.0, 2820.0, 2880.0, 2940.0, 3000.0]
/////////////////////////
PROCESSING:  TTM1400TZBW
/////////////////////////
plotTreeName: Tprime2_BEST_Mass
Flavour: M #tag: isV_tHbW #algo: BEST
Weights: 1 * 1 * 1 * pileupWeight * 1 * lepIdSF * EGammaGsfSF * 1 * (MCWeight_singleLepCalc/abs(MCWeight_singleLepCalc)) * 0.000176441771478
Cuts: (leptonPt_singleLepCalc > 50) && (corr_met_singleLepCalc > 55) && (AK4HT > 480) && (minDR_lepJet > 0.4 || ptRel_lepJet > 40) && (NJetsAK8_JetSubCalc > 2) && (minDR_leadAK8otherAK8 < 3.0) && DataPastTrigger == 1 && isMuon==1
****************************************************************************************************
****************************************************************************************************
DISTRIBUTION: Tp2Mass
            -name in ljmet trees: Tprime2_ALGO_Mass
            -x-axis label is set to: ;M(T) [GeV])
            -using the binning as: [0.0, 60.0, 120.0, 180.0, 240.0, 300.0, 360.0, 420.0, 480.0, 540.0, 600.0, 660.0, 720.0, 780.0, 840.0, 900.0, 960.0, 1020.0, 1080.0, 1140.0, 1200.0, 1260.0, 1320.0, 1380.0, 1440.0, 1500.0, 1560.0, 1620.0, 1680.0, 1740.0, 1800.0, 1860.0, 1920.0, 1980.0, 2040.0, 2100.0, 2160.0, 2220.0, 2280.0, 2340.0, 2400.0, 2460.0, 2520.0, 2580.0, 2640.0, 2700.0, 2760.0, 2820.0, 2880.0, 2940.0, 3000.0]
/////////////////////////
PROCESSING:  TTM1400THBW
/////////////////////////
plotTreeName: Tprime2_BEST_Mass
Flavour: M #tag: isV_tHbW #algo: BEST
Weights: 1 * 1 * 1 * pileupWeight * 1 * lepIdSF * EGammaGsfSF * 1 * (MCWeight_singleLepCalc/abs(MCWeight_singleLepCalc)) * 0.000176441771478
Cuts: (leptonPt_singleLepCalc > 50) && (corr_met_singleLepCalc > 55) && (AK4HT > 480) && (minDR_lepJet > 0.4 || ptRel_lepJet > 40) && (NJetsAK8_JetSubCalc > 2) && (minDR_leadAK8otherAK8 < 3.0) && DataPastTrigger == 1 && isMuon==1
****************************************************************************************************
****************************************************************************************************
DISTRIBUTION: Tp2Mass
            -name in ljmet trees: Tprime2_ALGO_Mass
            -x-axis label is set to: ;M(T) [GeV])
            -using the binning as: [0.0, 60.0, 120.0, 180.0, 240.0, 300.0, 360.0, 420.0, 480.0, 540.0, 600.0, 660.0, 720.0, 780.0, 840.0, 900.0, 960.0, 1020.0, 1080.0, 1140.0, 1200.0, 1260.0, 1320.0, 1380.0, 1440.0, 1500.0, 1560.0, 1620.0, 1680.0, 1740.0, 1800.0, 1860.0, 1920.0, 1980.0, 2040.0, 2100.0, 2160.0, 2220.0, 2280.0, 2340.0, 2400.0, 2460.0, 2520.0, 2580.0, 2640.0, 2700.0, 2760.0, 2820.0, 2880.0, 2940.0, 3000.0]
/////////////////////////
PROCESSING:  TTM1400TZTH
/////////////////////////
plotTreeName: Tprime2_BEST_Mass
Flavour: M #tag: isV_tHbW #algo: BEST
Weights: 1 * 1 * 1 * pileupWeight * 1 * lepIdSF * EGammaGsfSF * 1 * (MCWeight_singleLepCalc/abs(MCWeight_singleLepCalc)) * 8.82208857389e-05
Cuts: (leptonPt_singleLepCalc > 50) && (corr_met_singleLepCalc > 55) && (AK4HT > 480) && (minDR_lepJet > 0.4 || ptRel_lepJet > 40) && (NJetsAK8_JetSubCalc > 2) && (minDR_leadAK8otherAK8 < 3.0) && DataPastTrigger == 1 && isMuon==1
****************************************************************************************************
****************************************************************************************************
DISTRIBUTION: Tp2Mass
            -name in ljmet trees: Tprime2_ALGO_Mass
            -x-axis label is set to: ;M(T) [GeV])
            -using the binning as: [0.0, 60.0, 120.0, 180.0, 240.0, 300.0, 360.0, 420.0, 480.0, 540.0, 600.0, 660.0, 720.0, 780.0, 840.0, 900.0, 960.0, 1020.0, 1080.0, 1140.0, 1200.0, 1260.0, 1320.0, 1380.0, 1440.0, 1500.0, 1560.0, 1620.0, 1680.0, 1740.0, 1800.0, 1860.0, 1920.0, 1980.0, 2040.0, 2100.0, 2160.0, 2220.0, 2280.0, 2340.0, 2400.0, 2460.0, 2520.0, 2580.0, 2640.0, 2700.0, 2760.0, 2820.0, 2880.0, 2940.0, 3000.0]
/////////////////////////
PROCESSING:  TTM1500BWBW
/////////////////////////
plotTreeName: Tprime2_BEST_Mass
Flavour: M #tag: isV_tHbW #algo: BEST
Weights: 1 * 1 * 1 * pileupWeight * 1 * lepIdSF * EGammaGsfSF * 1 * (MCWeight_singleLepCalc/abs(MCWeight_singleLepCalc)) * 0.00019932135405
Cuts: (leptonPt_singleLepCalc > 50) && (corr_met_singleLepCalc > 55) && (AK4HT > 480) && (minDR_lepJet > 0.4 || ptRel_lepJet > 40) && (NJetsAK8_JetSubCalc > 2) && (minDR_leadAK8otherAK8 < 3.0) && DataPastTrigger == 1 && isMuon==1
****************************************************************************************************
****************************************************************************************************
DISTRIBUTION: Tp2Mass
            -name in ljmet trees: Tprime2_ALGO_Mass
            -x-axis label is set to: ;M(T) [GeV])
            -using the binning as: [0.0, 60.0, 120.0, 180.0, 240.0, 300.0, 360.0, 420.0, 480.0, 540.0, 600.0, 660.0, 720.0, 780.0, 840.0, 900.0, 960.0, 1020.0, 1080.0, 1140.0, 1200.0, 1260.0, 1320.0, 1380.0, 1440.0, 1500.0, 1560.0, 1620.0, 1680.0, 1740.0, 1800.0, 1860.0, 1920.0, 1980.0, 2040.0, 2100.0, 2160.0, 2220.0, 2280.0, 2340.0, 2400.0, 2460.0, 2520.0, 2580.0, 2640.0, 2700.0, 2760.0, 2820.0, 2880.0, 2940.0, 3000.0]
/////////////////////////
PROCESSING:  TTM1500THTH
/////////////////////////
plotTreeName: Tprime2_BEST_Mass
Flavour: M #tag: isV_tHbW #algo: BEST
Weights: 1 * 1 * 1 * pileupWeight * 1 * lepIdSF * EGammaGsfSF * 1 * (MCWeight_singleLepCalc/abs(MCWeight_singleLepCalc)) * 4.98303385124e-05
Cuts: (leptonPt_singleLepCalc > 50) && (corr_met_singleLepCalc > 55) && (AK4HT > 480) && (minDR_lepJet > 0.4 || ptRel_lepJet > 40) && (NJetsAK8_JetSubCalc > 2) && (minDR_leadAK8otherAK8 < 3.0) && DataPastTrigger == 1 && isMuon==1
****************************************************************************************************
****************************************************************************************************
DISTRIBUTION: Tp2Mass
            -name in ljmet trees: Tprime2_ALGO_Mass
            -x-axis label is set to: ;M(T) [GeV])
            -using the binning as: [0.0, 60.0, 120.0, 180.0, 240.0, 300.0, 360.0, 420.0, 480.0, 540.0, 600.0, 660.0, 720.0, 780.0, 840.0, 900.0, 960.0, 1020.0, 1080.0, 1140.0, 1200.0, 1260.0, 1320.0, 1380.0, 1440.0, 1500.0, 1560.0, 1620.0, 1680.0, 1740.0, 1800.0, 1860.0, 1920.0, 1980.0, 2040.0, 2100.0, 2160.0, 2220.0, 2280.0, 2340.0, 2400.0, 2460.0, 2520.0, 2580.0, 2640.0, 2700.0, 2760.0, 2820.0, 2880.0, 2940.0, 3000.0]
/////////////////////////
PROCESSING:  TTM1500TZTZ
/////////////////////////
plotTreeName: Tprime2_BEST_Mass
Flavour: M #tag: isV_tHbW #algo: BEST
Weights: 1 * 1 * 1 * pileupWeight * 1 * lepIdSF * EGammaGsfSF * 1 * (MCWeight_singleLepCalc/abs(MCWeight_singleLepCalc)) * 4.98303385124e-05
Cuts: (leptonPt_singleLepCalc > 50) && (corr_met_singleLepCalc > 55) && (AK4HT > 480) && (minDR_lepJet > 0.4 || ptRel_lepJet > 40) && (NJetsAK8_JetSubCalc > 2) && (minDR_leadAK8otherAK8 < 3.0) && DataPastTrigger == 1 && isMuon==1
****************************************************************************************************
****************************************************************************************************
DISTRIBUTION: Tp2Mass
            -name in ljmet trees: Tprime2_ALGO_Mass
            -x-axis label is set to: ;M(T) [GeV])
            -using the binning as: [0.0, 60.0, 120.0, 180.0, 240.0, 300.0, 360.0, 420.0, 480.0, 540.0, 600.0, 660.0, 720.0, 780.0, 840.0, 900.0, 960.0, 1020.0, 1080.0, 1140.0, 1200.0, 1260.0, 1320.0, 1380.0, 1440.0, 1500.0, 1560.0, 1620.0, 1680.0, 1740.0, 1800.0, 1860.0, 1920.0, 1980.0, 2040.0, 2100.0, 2160.0, 2220.0, 2280.0, 2340.0, 2400.0, 2460.0, 2520.0, 2580.0, 2640.0, 2700.0, 2760.0, 2820.0, 2880.0, 2940.0, 3000.0]
/////////////////////////
PROCESSING:  TTM1500TZBW
/////////////////////////
plotTreeName: Tprime2_BEST_Mass
Flavour: M #tag: isV_tHbW #algo: BEST
Weights: 1 * 1 * 1 * pileupWeight * 1 * lepIdSF * EGammaGsfSF * 1 * (MCWeight_singleLepCalc/abs(MCWeight_singleLepCalc)) * 9.96606770248e-05
Cuts: (leptonPt_singleLepCalc > 50) && (corr_met_singleLepCalc > 55) && (AK4HT > 480) && (minDR_lepJet > 0.4 || ptRel_lepJet > 40) && (NJetsAK8_JetSubCalc > 2) && (minDR_leadAK8otherAK8 < 3.0) && DataPastTrigger == 1 && isMuon==1
****************************************************************************************************
****************************************************************************************************
DISTRIBUTION: Tp2Mass
            -name in ljmet trees: Tprime2_ALGO_Mass
            -x-axis label is set to: ;M(T) [GeV])
            -using the binning as: [0.0, 60.0, 120.0, 180.0, 240.0, 300.0, 360.0, 420.0, 480.0, 540.0, 600.0, 660.0, 720.0, 780.0, 840.0, 900.0, 960.0, 1020.0, 1080.0, 1140.0, 1200.0, 1260.0, 1320.0, 1380.0, 1440.0, 1500.0, 1560.0, 1620.0, 1680.0, 1740.0, 1800.0, 1860.0, 1920.0, 1980.0, 2040.0, 2100.0, 2160.0, 2220.0, 2280.0, 2340.0, 2400.0, 2460.0, 2520.0, 2580.0, 2640.0, 2700.0, 2760.0, 2820.0, 2880.0, 2940.0, 3000.0]
/////////////////////////
PROCESSING:  TTM1500THBW
/////////////////////////
plotTreeName: Tprime2_BEST_Mass
Flavour: M #tag: isV_tHbW #algo: BEST
Weights: 1 * 1 * 1 * pileupWeight * 1 * lepIdSF * EGammaGsfSF * 1 * (MCWeight_singleLepCalc/abs(MCWeight_singleLepCalc)) * 9.96606770248e-05
Cuts: (leptonPt_singleLepCalc > 50) && (corr_met_singleLepCalc > 55) && (AK4HT > 480) && (minDR_lepJet > 0.4 || ptRel_lepJet > 40) && (NJetsAK8_JetSubCalc > 2) && (minDR_leadAK8otherAK8 < 3.0) && DataPastTrigger == 1 && isMuon==1
****************************************************************************************************
****************************************************************************************************
DISTRIBUTION: Tp2Mass
            -name in ljmet trees: Tprime2_ALGO_Mass
            -x-axis label is set to: ;M(T) [GeV])
            -using the binning as: [0.0, 60.0, 120.0, 180.0, 240.0, 300.0, 360.0, 420.0, 480.0, 540.0, 600.0, 660.0, 720.0, 780.0, 840.0, 900.0, 960.0, 1020.0, 1080.0, 1140.0, 1200.0, 1260.0, 1320.0, 1380.0, 1440.0, 1500.0, 1560.0, 1620.0, 1680.0, 1740.0, 1800.0, 1860.0, 1920.0, 1980.0, 2040.0, 2100.0, 2160.0, 2220.0, 2280.0, 2340.0, 2400.0, 2460.0, 2520.0, 2580.0, 2640.0, 2700.0, 2760.0, 2820.0, 2880.0, 2940.0, 3000.0]
/////////////////////////
PROCESSING:  TTM1500TZTH
/////////////////////////
plotTreeName: Tprime2_BEST_Mass
Flavour: M #tag: isV_tHbW #algo: BEST
Weights: 1 * 1 * 1 * pileupWeight * 1 * lepIdSF * EGammaGsfSF * 1 * (MCWeight_singleLepCalc/abs(MCWeight_singleLepCalc)) * 4.98303385124e-05
Cuts: (leptonPt_singleLepCalc > 50) && (corr_met_singleLepCalc > 55) && (AK4HT > 480) && (minDR_lepJet > 0.4 || ptRel_lepJet > 40) && (NJetsAK8_JetSubCalc > 2) && (minDR_leadAK8otherAK8 < 3.0) && DataPastTrigger == 1 && isMuon==1
****************************************************************************************************
****************************************************************************************************
DISTRIBUTION: Tp2Mass
            -name in ljmet trees: Tprime2_ALGO_Mass
            -x-axis label is set to: ;M(T) [GeV])
            -using the binning as: [0.0, 60.0, 120.0, 180.0, 240.0, 300.0, 360.0, 420.0, 480.0, 540.0, 600.0, 660.0, 720.0, 780.0, 840.0, 900.0, 960.0, 1020.0, 1080.0, 1140.0, 1200.0, 1260.0, 1320.0, 1380.0, 1440.0, 1500.0, 1560.0, 1620.0, 1680.0, 1740.0, 1800.0, 1860.0, 1920.0, 1980.0, 2040.0, 2100.0, 2160.0, 2220.0, 2280.0, 2340.0, 2400.0, 2460.0, 2520.0, 2580.0, 2640.0, 2700.0, 2760.0, 2820.0, 2880.0, 2940.0, 3000.0]
/////////////////////////
PROCESSING:  TTM1600BWBW
/////////////////////////
plotTreeName: Tprime2_BEST_Mass
Flavour: M #tag: isV_tHbW #algo: BEST
Weights: 1 * 1 * 1 * pileupWeight * 1 * lepIdSF * EGammaGsfSF * 1 * (MCWeight_singleLepCalc/abs(MCWeight_singleLepCalc)) * 0.000114437939919
Cuts: (leptonPt_singleLepCalc > 50) && (corr_met_singleLepCalc > 55) && (AK4HT > 480) && (minDR_lepJet > 0.4 || ptRel_lepJet > 40) && (NJetsAK8_JetSubCalc > 2) && (minDR_leadAK8otherAK8 < 3.0) && DataPastTrigger == 1 && isMuon==1
****************************************************************************************************
****************************************************************************************************
DISTRIBUTION: Tp2Mass
            -name in ljmet trees: Tprime2_ALGO_Mass
            -x-axis label is set to: ;M(T) [GeV])
            -using the binning as: [0.0, 60.0, 120.0, 180.0, 240.0, 300.0, 360.0, 420.0, 480.0, 540.0, 600.0, 660.0, 720.0, 780.0, 840.0, 900.0, 960.0, 1020.0, 1080.0, 1140.0, 1200.0, 1260.0, 1320.0, 1380.0, 1440.0, 1500.0, 1560.0, 1620.0, 1680.0, 1740.0, 1800.0, 1860.0, 1920.0, 1980.0, 2040.0, 2100.0, 2160.0, 2220.0, 2280.0, 2340.0, 2400.0, 2460.0, 2520.0, 2580.0, 2640.0, 2700.0, 2760.0, 2820.0, 2880.0, 2940.0, 3000.0]
/////////////////////////
PROCESSING:  TTM1600THTH
/////////////////////////
plotTreeName: Tprime2_BEST_Mass
Flavour: M #tag: isV_tHbW #algo: BEST
Weights: 1 * 1 * 1 * pileupWeight * 1 * lepIdSF * EGammaGsfSF * 1 * (MCWeight_singleLepCalc/abs(MCWeight_singleLepCalc)) * 2.86094849797e-05
Cuts: (leptonPt_singleLepCalc > 50) && (corr_met_singleLepCalc > 55) && (AK4HT > 480) && (minDR_lepJet > 0.4 || ptRel_lepJet > 40) && (NJetsAK8_JetSubCalc > 2) && (minDR_leadAK8otherAK8 < 3.0) && DataPastTrigger == 1 && isMuon==1
****************************************************************************************************
****************************************************************************************************
DISTRIBUTION: Tp2Mass
            -name in ljmet trees: Tprime2_ALGO_Mass
            -x-axis label is set to: ;M(T) [GeV])
            -using the binning as: [0.0, 60.0, 120.0, 180.0, 240.0, 300.0, 360.0, 420.0, 480.0, 540.0, 600.0, 660.0, 720.0, 780.0, 840.0, 900.0, 960.0, 1020.0, 1080.0, 1140.0, 1200.0, 1260.0, 1320.0, 1380.0, 1440.0, 1500.0, 1560.0, 1620.0, 1680.0, 1740.0, 1800.0, 1860.0, 1920.0, 1980.0, 2040.0, 2100.0, 2160.0, 2220.0, 2280.0, 2340.0, 2400.0, 2460.0, 2520.0, 2580.0, 2640.0, 2700.0, 2760.0, 2820.0, 2880.0, 2940.0, 3000.0]
/////////////////////////
PROCESSING:  TTM1600TZTZ
/////////////////////////
plotTreeName: Tprime2_BEST_Mass
Flavour: M #tag: isV_tHbW #algo: BEST
Weights: 1 * 1 * 1 * pileupWeight * 1 * lepIdSF * EGammaGsfSF * 1 * (MCWeight_singleLepCalc/abs(MCWeight_singleLepCalc)) * 2.86094849797e-05
Cuts: (leptonPt_singleLepCalc > 50) && (corr_met_singleLepCalc > 55) && (AK4HT > 480) && (minDR_lepJet > 0.4 || ptRel_lepJet > 40) && (NJetsAK8_JetSubCalc > 2) && (minDR_leadAK8otherAK8 < 3.0) && DataPastTrigger == 1 && isMuon==1
****************************************************************************************************
****************************************************************************************************
DISTRIBUTION: Tp2Mass
            -name in ljmet trees: Tprime2_ALGO_Mass
            -x-axis label is set to: ;M(T) [GeV])
            -using the binning as: [0.0, 60.0, 120.0, 180.0, 240.0, 300.0, 360.0, 420.0, 480.0, 540.0, 600.0, 660.0, 720.0, 780.0, 840.0, 900.0, 960.0, 1020.0, 1080.0, 1140.0, 1200.0, 1260.0, 1320.0, 1380.0, 1440.0, 1500.0, 1560.0, 1620.0, 1680.0, 1740.0, 1800.0, 1860.0, 1920.0, 1980.0, 2040.0, 2100.0, 2160.0, 2220.0, 2280.0, 2340.0, 2400.0, 2460.0, 2520.0, 2580.0, 2640.0, 2700.0, 2760.0, 2820.0, 2880.0, 2940.0, 3000.0]
/////////////////////////
PROCESSING:  TTM1600TZBW
/////////////////////////
plotTreeName: Tprime2_BEST_Mass
Flavour: M #tag: isV_tHbW #algo: BEST
Weights: 1 * 1 * 1 * pileupWeight * 1 * lepIdSF * EGammaGsfSF * 1 * (MCWeight_singleLepCalc/abs(MCWeight_singleLepCalc)) * 5.72189699595e-05
Cuts: (leptonPt_singleLepCalc > 50) && (corr_met_singleLepCalc > 55) && (AK4HT > 480) && (minDR_lepJet > 0.4 || ptRel_lepJet > 40) && (NJetsAK8_JetSubCalc > 2) && (minDR_leadAK8otherAK8 < 3.0) && DataPastTrigger == 1 && isMuon==1
****************************************************************************************************
****************************************************************************************************
DISTRIBUTION: Tp2Mass
            -name in ljmet trees: Tprime2_ALGO_Mass
            -x-axis label is set to: ;M(T) [GeV])
            -using the binning as: [0.0, 60.0, 120.0, 180.0, 240.0, 300.0, 360.0, 420.0, 480.0, 540.0, 600.0, 660.0, 720.0, 780.0, 840.0, 900.0, 960.0, 1020.0, 1080.0, 1140.0, 1200.0, 1260.0, 1320.0, 1380.0, 1440.0, 1500.0, 1560.0, 1620.0, 1680.0, 1740.0, 1800.0, 1860.0, 1920.0, 1980.0, 2040.0, 2100.0, 2160.0, 2220.0, 2280.0, 2340.0, 2400.0, 2460.0, 2520.0, 2580.0, 2640.0, 2700.0, 2760.0, 2820.0, 2880.0, 2940.0, 3000.0]
/////////////////////////
PROCESSING:  TTM1600THBW
/////////////////////////
plotTreeName: Tprime2_BEST_Mass
Flavour: M #tag: isV_tHbW #algo: BEST
Weights: 1 * 1 * 1 * pileupWeight * 1 * lepIdSF * EGammaGsfSF * 1 * (MCWeight_singleLepCalc/abs(MCWeight_singleLepCalc)) * 5.72189699595e-05
Cuts: (leptonPt_singleLepCalc > 50) && (corr_met_singleLepCalc > 55) && (AK4HT > 480) && (minDR_lepJet > 0.4 || ptRel_lepJet > 40) && (NJetsAK8_JetSubCalc > 2) && (minDR_leadAK8otherAK8 < 3.0) && DataPastTrigger == 1 && isMuon==1
****************************************************************************************************
****************************************************************************************************
DISTRIBUTION: Tp2Mass
            -name in ljmet trees: Tprime2_ALGO_Mass
            -x-axis label is set to: ;M(T) [GeV])
            -using the binning as: [0.0, 60.0, 120.0, 180.0, 240.0, 300.0, 360.0, 420.0, 480.0, 540.0, 600.0, 660.0, 720.0, 780.0, 840.0, 900.0, 960.0, 1020.0, 1080.0, 1140.0, 1200.0, 1260.0, 1320.0, 1380.0, 1440.0, 1500.0, 1560.0, 1620.0, 1680.0, 1740.0, 1800.0, 1860.0, 1920.0, 1980.0, 2040.0, 2100.0, 2160.0, 2220.0, 2280.0, 2340.0, 2400.0, 2460.0, 2520.0, 2580.0, 2640.0, 2700.0, 2760.0, 2820.0, 2880.0, 2940.0, 3000.0]
/////////////////////////
PROCESSING:  TTM1600TZTH
/////////////////////////
plotTreeName: Tprime2_BEST_Mass
Flavour: M #tag: isV_tHbW #algo: BEST
Weights: 1 * 1 * 1 * pileupWeight * 1 * lepIdSF * EGammaGsfSF * 1 * (MCWeight_singleLepCalc/abs(MCWeight_singleLepCalc)) * 2.86094849797e-05
Cuts: (leptonPt_singleLepCalc > 50) && (corr_met_singleLepCalc > 55) && (AK4HT > 480) && (minDR_lepJet > 0.4 || ptRel_lepJet > 40) && (NJetsAK8_JetSubCalc > 2) && (minDR_leadAK8otherAK8 < 3.0) && DataPastTrigger == 1 && isMuon==1
****************************************************************************************************
****************************************************************************************************
DISTRIBUTION: Tp2Mass
            -name in ljmet trees: Tprime2_ALGO_Mass
            -x-axis label is set to: ;M(T) [GeV])
            -using the binning as: [0.0, 60.0, 120.0, 180.0, 240.0, 300.0, 360.0, 420.0, 480.0, 540.0, 600.0, 660.0, 720.0, 780.0, 840.0, 900.0, 960.0, 1020.0, 1080.0, 1140.0, 1200.0, 1260.0, 1320.0, 1380.0, 1440.0, 1500.0, 1560.0, 1620.0, 1680.0, 1740.0, 1800.0, 1860.0, 1920.0, 1980.0, 2040.0, 2100.0, 2160.0, 2220.0, 2280.0, 2340.0, 2400.0, 2460.0, 2520.0, 2580.0, 2640.0, 2700.0, 2760.0, 2820.0, 2880.0, 2940.0, 3000.0]
/////////////////////////
PROCESSING:  TTM1700BWBW
/////////////////////////
plotTreeName: Tprime2_BEST_Mass
Flavour: M #tag: isV_tHbW #algo: BEST
Weights: 1 * 1 * 1 * pileupWeight * 1 * lepIdSF * EGammaGsfSF * 1 * (MCWeight_singleLepCalc/abs(MCWeight_singleLepCalc)) * 6.93554282011e-05
Cuts: (leptonPt_singleLepCalc > 50) && (corr_met_singleLepCalc > 55) && (AK4HT > 480) && (minDR_lepJet > 0.4 || ptRel_lepJet > 40) && (NJetsAK8_JetSubCalc > 2) && (minDR_leadAK8otherAK8 < 3.0) && DataPastTrigger == 1 && isMuon==1
****************************************************************************************************
****************************************************************************************************
DISTRIBUTION: Tp2Mass
            -name in ljmet trees: Tprime2_ALGO_Mass
            -x-axis label is set to: ;M(T) [GeV])
            -using the binning as: [0.0, 60.0, 120.0, 180.0, 240.0, 300.0, 360.0, 420.0, 480.0, 540.0, 600.0, 660.0, 720.0, 780.0, 840.0, 900.0, 960.0, 1020.0, 1080.0, 1140.0, 1200.0, 1260.0, 1320.0, 1380.0, 1440.0, 1500.0, 1560.0, 1620.0, 1680.0, 1740.0, 1800.0, 1860.0, 1920.0, 1980.0, 2040.0, 2100.0, 2160.0, 2220.0, 2280.0, 2340.0, 2400.0, 2460.0, 2520.0, 2580.0, 2640.0, 2700.0, 2760.0, 2820.0, 2880.0, 2940.0, 3000.0]
/////////////////////////
PROCESSING:  TTM1700THTH
/////////////////////////
plotTreeName: Tprime2_BEST_Mass
Flavour: M #tag: isV_tHbW #algo: BEST
Weights: 1 * 1 * 1 * pileupWeight * 1 * lepIdSF * EGammaGsfSF * 1 * (MCWeight_singleLepCalc/abs(MCWeight_singleLepCalc)) * 1.73388570503e-05
Cuts: (leptonPt_singleLepCalc > 50) && (corr_met_singleLepCalc > 55) && (AK4HT > 480) && (minDR_lepJet > 0.4 || ptRel_lepJet > 40) && (NJetsAK8_JetSubCalc > 2) && (minDR_leadAK8otherAK8 < 3.0) && DataPastTrigger == 1 && isMuon==1
****************************************************************************************************
****************************************************************************************************
DISTRIBUTION: Tp2Mass
            -name in ljmet trees: Tprime2_ALGO_Mass
            -x-axis label is set to: ;M(T) [GeV])
            -using the binning as: [0.0, 60.0, 120.0, 180.0, 240.0, 300.0, 360.0, 420.0, 480.0, 540.0, 600.0, 660.0, 720.0, 780.0, 840.0, 900.0, 960.0, 1020.0, 1080.0, 1140.0, 1200.0, 1260.0, 1320.0, 1380.0, 1440.0, 1500.0, 1560.0, 1620.0, 1680.0, 1740.0, 1800.0, 1860.0, 1920.0, 1980.0, 2040.0, 2100.0, 2160.0, 2220.0, 2280.0, 2340.0, 2400.0, 2460.0, 2520.0, 2580.0, 2640.0, 2700.0, 2760.0, 2820.0, 2880.0, 2940.0, 3000.0]
/////////////////////////
PROCESSING:  TTM1700TZTZ
/////////////////////////
plotTreeName: Tprime2_BEST_Mass
Flavour: M #tag: isV_tHbW #algo: BEST
Weights: 1 * 1 * 1 * pileupWeight * 1 * lepIdSF * EGammaGsfSF * 1 * (MCWeight_singleLepCalc/abs(MCWeight_singleLepCalc)) * 1.73388570503e-05
Cuts: (leptonPt_singleLepCalc > 50) && (corr_met_singleLepCalc > 55) && (AK4HT > 480) && (minDR_lepJet > 0.4 || ptRel_lepJet > 40) && (NJetsAK8_JetSubCalc > 2) && (minDR_leadAK8otherAK8 < 3.0) && DataPastTrigger == 1 && isMuon==1
****************************************************************************************************
****************************************************************************************************
DISTRIBUTION: Tp2Mass
            -name in ljmet trees: Tprime2_ALGO_Mass
            -x-axis label is set to: ;M(T) [GeV])
            -using the binning as: [0.0, 60.0, 120.0, 180.0, 240.0, 300.0, 360.0, 420.0, 480.0, 540.0, 600.0, 660.0, 720.0, 780.0, 840.0, 900.0, 960.0, 1020.0, 1080.0, 1140.0, 1200.0, 1260.0, 1320.0, 1380.0, 1440.0, 1500.0, 1560.0, 1620.0, 1680.0, 1740.0, 1800.0, 1860.0, 1920.0, 1980.0, 2040.0, 2100.0, 2160.0, 2220.0, 2280.0, 2340.0, 2400.0, 2460.0, 2520.0, 2580.0, 2640.0, 2700.0, 2760.0, 2820.0, 2880.0, 2940.0, 3000.0]
/////////////////////////
PROCESSING:  TTM1700TZBW
/////////////////////////
plotTreeName: Tprime2_BEST_Mass
Flavour: M #tag: isV_tHbW #algo: BEST
Weights: 1 * 1 * 1 * pileupWeight * 1 * lepIdSF * EGammaGsfSF * 1 * (MCWeight_singleLepCalc/abs(MCWeight_singleLepCalc)) * 3.46777141005e-05
Cuts: (leptonPt_singleLepCalc > 50) && (corr_met_singleLepCalc > 55) && (AK4HT > 480) && (minDR_lepJet > 0.4 || ptRel_lepJet > 40) && (NJetsAK8_JetSubCalc > 2) && (minDR_leadAK8otherAK8 < 3.0) && DataPastTrigger == 1 && isMuon==1
****************************************************************************************************
****************************************************************************************************
DISTRIBUTION: Tp2Mass
            -name in ljmet trees: Tprime2_ALGO_Mass
            -x-axis label is set to: ;M(T) [GeV])
            -using the binning as: [0.0, 60.0, 120.0, 180.0, 240.0, 300.0, 360.0, 420.0, 480.0, 540.0, 600.0, 660.0, 720.0, 780.0, 840.0, 900.0, 960.0, 1020.0, 1080.0, 1140.0, 1200.0, 1260.0, 1320.0, 1380.0, 1440.0, 1500.0, 1560.0, 1620.0, 1680.0, 1740.0, 1800.0, 1860.0, 1920.0, 1980.0, 2040.0, 2100.0, 2160.0, 2220.0, 2280.0, 2340.0, 2400.0, 2460.0, 2520.0, 2580.0, 2640.0, 2700.0, 2760.0, 2820.0, 2880.0, 2940.0, 3000.0]
/////////////////////////
PROCESSING:  TTM1700THBW
/////////////////////////
plotTreeName: Tprime2_BEST_Mass
Flavour: M #tag: isV_tHbW #algo: BEST
Weights: 1 * 1 * 1 * pileupWeight * 1 * lepIdSF * EGammaGsfSF * 1 * (MCWeight_singleLepCalc/abs(MCWeight_singleLepCalc)) * 3.46777141005e-05
Cuts: (leptonPt_singleLepCalc > 50) && (corr_met_singleLepCalc > 55) && (AK4HT > 480) && (minDR_lepJet > 0.4 || ptRel_lepJet > 40) && (NJetsAK8_JetSubCalc > 2) && (minDR_leadAK8otherAK8 < 3.0) && DataPastTrigger == 1 && isMuon==1
****************************************************************************************************
****************************************************************************************************
DISTRIBUTION: Tp2Mass
            -name in ljmet trees: Tprime2_ALGO_Mass
            -x-axis label is set to: ;M(T) [GeV])
            -using the binning as: [0.0, 60.0, 120.0, 180.0, 240.0, 300.0, 360.0, 420.0, 480.0, 540.0, 600.0, 660.0, 720.0, 780.0, 840.0, 900.0, 960.0, 1020.0, 1080.0, 1140.0, 1200.0, 1260.0, 1320.0, 1380.0, 1440.0, 1500.0, 1560.0, 1620.0, 1680.0, 1740.0, 1800.0, 1860.0, 1920.0, 1980.0, 2040.0, 2100.0, 2160.0, 2220.0, 2280.0, 2340.0, 2400.0, 2460.0, 2520.0, 2580.0, 2640.0, 2700.0, 2760.0, 2820.0, 2880.0, 2940.0, 3000.0]
/////////////////////////
PROCESSING:  TTM1700TZTH
/////////////////////////
plotTreeName: Tprime2_BEST_Mass
Flavour: M #tag: isV_tHbW #algo: BEST
Weights: 1 * 1 * 1 * pileupWeight * 1 * lepIdSF * EGammaGsfSF * 1 * (MCWeight_singleLepCalc/abs(MCWeight_singleLepCalc)) * 1.73388570503e-05
Cuts: (leptonPt_singleLepCalc > 50) && (corr_met_singleLepCalc > 55) && (AK4HT > 480) && (minDR_lepJet > 0.4 || ptRel_lepJet > 40) && (NJetsAK8_JetSubCalc > 2) && (minDR_leadAK8otherAK8 < 3.0) && DataPastTrigger == 1 && isMuon==1
****************************************************************************************************
****************************************************************************************************
DISTRIBUTION: Tp2Mass
            -name in ljmet trees: Tprime2_ALGO_Mass
            -x-axis label is set to: ;M(T) [GeV])
            -using the binning as: [0.0, 60.0, 120.0, 180.0, 240.0, 300.0, 360.0, 420.0, 480.0, 540.0, 600.0, 660.0, 720.0, 780.0, 840.0, 900.0, 960.0, 1020.0, 1080.0, 1140.0, 1200.0, 1260.0, 1320.0, 1380.0, 1440.0, 1500.0, 1560.0, 1620.0, 1680.0, 1740.0, 1800.0, 1860.0, 1920.0, 1980.0, 2040.0, 2100.0, 2160.0, 2220.0, 2280.0, 2340.0, 2400.0, 2460.0, 2520.0, 2580.0, 2640.0, 2700.0, 2760.0, 2820.0, 2880.0, 2940.0, 3000.0]
/////////////////////////
PROCESSING:  TTM1800BWBW
/////////////////////////
plotTreeName: Tprime2_BEST_Mass
Flavour: M #tag: isV_tHbW #algo: BEST
Weights: 1 * 1 * 1 * pileupWeight * 1 * lepIdSF * EGammaGsfSF * 1 * (MCWeight_singleLepCalc/abs(MCWeight_singleLepCalc)) * 3.89579688164e-05
Cuts: (leptonPt_singleLepCalc > 50) && (corr_met_singleLepCalc > 55) && (AK4HT > 480) && (minDR_lepJet > 0.4 || ptRel_lepJet > 40) && (NJetsAK8_JetSubCalc > 2) && (minDR_leadAK8otherAK8 < 3.0) && DataPastTrigger == 1 && isMuon==1
****************************************************************************************************
****************************************************************************************************
DISTRIBUTION: Tp2Mass
            -name in ljmet trees: Tprime2_ALGO_Mass
            -x-axis label is set to: ;M(T) [GeV])
            -using the binning as: [0.0, 60.0, 120.0, 180.0, 240.0, 300.0, 360.0, 420.0, 480.0, 540.0, 600.0, 660.0, 720.0, 780.0, 840.0, 900.0, 960.0, 1020.0, 1080.0, 1140.0, 1200.0, 1260.0, 1320.0, 1380.0, 1440.0, 1500.0, 1560.0, 1620.0, 1680.0, 1740.0, 1800.0, 1860.0, 1920.0, 1980.0, 2040.0, 2100.0, 2160.0, 2220.0, 2280.0, 2340.0, 2400.0, 2460.0, 2520.0, 2580.0, 2640.0, 2700.0, 2760.0, 2820.0, 2880.0, 2940.0, 3000.0]
/////////////////////////
PROCESSING:  TTM1800THTH
/////////////////////////
plotTreeName: Tprime2_BEST_Mass
Flavour: M #tag: isV_tHbW #algo: BEST
Weights: 1 * 1 * 1 * pileupWeight * 1 * lepIdSF * EGammaGsfSF * 1 * (MCWeight_singleLepCalc/abs(MCWeight_singleLepCalc)) * 9.7394922041e-06
Cuts: (leptonPt_singleLepCalc > 50) && (corr_met_singleLepCalc > 55) && (AK4HT > 480) && (minDR_lepJet > 0.4 || ptRel_lepJet > 40) && (NJetsAK8_JetSubCalc > 2) && (minDR_leadAK8otherAK8 < 3.0) && DataPastTrigger == 1 && isMuon==1
****************************************************************************************************
****************************************************************************************************
DISTRIBUTION: Tp2Mass
            -name in ljmet trees: Tprime2_ALGO_Mass
            -x-axis label is set to: ;M(T) [GeV])
            -using the binning as: [0.0, 60.0, 120.0, 180.0, 240.0, 300.0, 360.0, 420.0, 480.0, 540.0, 600.0, 660.0, 720.0, 780.0, 840.0, 900.0, 960.0, 1020.0, 1080.0, 1140.0, 1200.0, 1260.0, 1320.0, 1380.0, 1440.0, 1500.0, 1560.0, 1620.0, 1680.0, 1740.0, 1800.0, 1860.0, 1920.0, 1980.0, 2040.0, 2100.0, 2160.0, 2220.0, 2280.0, 2340.0, 2400.0, 2460.0, 2520.0, 2580.0, 2640.0, 2700.0, 2760.0, 2820.0, 2880.0, 2940.0, 3000.0]
/////////////////////////
PROCESSING:  TTM1800TZTZ
/////////////////////////
plotTreeName: Tprime2_BEST_Mass
Flavour: M #tag: isV_tHbW #algo: BEST
Weights: 1 * 1 * 1 * pileupWeight * 1 * lepIdSF * EGammaGsfSF * 1 * (MCWeight_singleLepCalc/abs(MCWeight_singleLepCalc)) * 9.7394922041e-06
Cuts: (leptonPt_singleLepCalc > 50) && (corr_met_singleLepCalc > 55) && (AK4HT > 480) && (minDR_lepJet > 0.4 || ptRel_lepJet > 40) && (NJetsAK8_JetSubCalc > 2) && (minDR_leadAK8otherAK8 < 3.0) && DataPastTrigger == 1 && isMuon==1
****************************************************************************************************
****************************************************************************************************
DISTRIBUTION: Tp2Mass
            -name in ljmet trees: Tprime2_ALGO_Mass
            -x-axis label is set to: ;M(T) [GeV])
            -using the binning as: [0.0, 60.0, 120.0, 180.0, 240.0, 300.0, 360.0, 420.0, 480.0, 540.0, 600.0, 660.0, 720.0, 780.0, 840.0, 900.0, 960.0, 1020.0, 1080.0, 1140.0, 1200.0, 1260.0, 1320.0, 1380.0, 1440.0, 1500.0, 1560.0, 1620.0, 1680.0, 1740.0, 1800.0, 1860.0, 1920.0, 1980.0, 2040.0, 2100.0, 2160.0, 2220.0, 2280.0, 2340.0, 2400.0, 2460.0, 2520.0, 2580.0, 2640.0, 2700.0, 2760.0, 2820.0, 2880.0, 2940.0, 3000.0]
/////////////////////////
PROCESSING:  TTM1800TZBW
/////////////////////////
plotTreeName: Tprime2_BEST_Mass
Flavour: M #tag: isV_tHbW #algo: BEST
Weights: 1 * 1 * 1 * pileupWeight * 1 * lepIdSF * EGammaGsfSF * 1 * (MCWeight_singleLepCalc/abs(MCWeight_singleLepCalc)) * 1.94789844082e-05
Cuts: (leptonPt_singleLepCalc > 50) && (corr_met_singleLepCalc > 55) && (AK4HT > 480) && (minDR_lepJet > 0.4 || ptRel_lepJet > 40) && (NJetsAK8_JetSubCalc > 2) && (minDR_leadAK8otherAK8 < 3.0) && DataPastTrigger == 1 && isMuon==1
****************************************************************************************************
****************************************************************************************************
DISTRIBUTION: Tp2Mass
            -name in ljmet trees: Tprime2_ALGO_Mass
            -x-axis label is set to: ;M(T) [GeV])
            -using the binning as: [0.0, 60.0, 120.0, 180.0, 240.0, 300.0, 360.0, 420.0, 480.0, 540.0, 600.0, 660.0, 720.0, 780.0, 840.0, 900.0, 960.0, 1020.0, 1080.0, 1140.0, 1200.0, 1260.0, 1320.0, 1380.0, 1440.0, 1500.0, 1560.0, 1620.0, 1680.0, 1740.0, 1800.0, 1860.0, 1920.0, 1980.0, 2040.0, 2100.0, 2160.0, 2220.0, 2280.0, 2340.0, 2400.0, 2460.0, 2520.0, 2580.0, 2640.0, 2700.0, 2760.0, 2820.0, 2880.0, 2940.0, 3000.0]
/////////////////////////
PROCESSING:  TTM1800THBW
/////////////////////////
plotTreeName: Tprime2_BEST_Mass
Flavour: M #tag: isV_tHbW #algo: BEST
Weights: 1 * 1 * 1 * pileupWeight * 1 * lepIdSF * EGammaGsfSF * 1 * (MCWeight_singleLepCalc/abs(MCWeight_singleLepCalc)) * 1.94789844082e-05
Cuts: (leptonPt_singleLepCalc > 50) && (corr_met_singleLepCalc > 55) && (AK4HT > 480) && (minDR_lepJet > 0.4 || ptRel_lepJet > 40) && (NJetsAK8_JetSubCalc > 2) && (minDR_leadAK8otherAK8 < 3.0) && DataPastTrigger == 1 && isMuon==1
****************************************************************************************************
****************************************************************************************************
DISTRIBUTION: Tp2Mass
            -name in ljmet trees: Tprime2_ALGO_Mass
            -x-axis label is set to: ;M(T) [GeV])
            -using the binning as: [0.0, 60.0, 120.0, 180.0, 240.0, 300.0, 360.0, 420.0, 480.0, 540.0, 600.0, 660.0, 720.0, 780.0, 840.0, 900.0, 960.0, 1020.0, 1080.0, 1140.0, 1200.0, 1260.0, 1320.0, 1380.0, 1440.0, 1500.0, 1560.0, 1620.0, 1680.0, 1740.0, 1800.0, 1860.0, 1920.0, 1980.0, 2040.0, 2100.0, 2160.0, 2220.0, 2280.0, 2340.0, 2400.0, 2460.0, 2520.0, 2580.0, 2640.0, 2700.0, 2760.0, 2820.0, 2880.0, 2940.0, 3000.0]
/////////////////////////
PROCESSING:  TTM1800TZTH
/////////////////////////
plotTreeName: Tprime2_BEST_Mass
Flavour: M #tag: isV_tHbW #algo: BEST
Weights: 1 * 1 * 1 * pileupWeight * 1 * lepIdSF * EGammaGsfSF * 1 * (MCWeight_singleLepCalc/abs(MCWeight_singleLepCalc)) * 9.7394922041e-06
Cuts: (leptonPt_singleLepCalc > 50) && (corr_met_singleLepCalc > 55) && (AK4HT > 480) && (minDR_lepJet > 0.4 || ptRel_lepJet > 40) && (NJetsAK8_JetSubCalc > 2) && (minDR_leadAK8otherAK8 < 3.0) && DataPastTrigger == 1 && isMuon==1
****************************************************************************************************
****************************************************************************************************
DISTRIBUTION: Tp2Mass
            -name in ljmet trees: Tprime2_ALGO_Mass
            -x-axis label is set to: ;M(T) [GeV])
            -using the binning as: [0.0, 60.0, 120.0, 180.0, 240.0, 300.0, 360.0, 420.0, 480.0, 540.0, 600.0, 660.0, 720.0, 780.0, 840.0, 900.0, 960.0, 1020.0, 1080.0, 1140.0, 1200.0, 1260.0, 1320.0, 1380.0, 1440.0, 1500.0, 1560.0, 1620.0, 1680.0, 1740.0, 1800.0, 1860.0, 1920.0, 1980.0, 2040.0, 2100.0, 2160.0, 2220.0, 2280.0, 2340.0, 2400.0, 2460.0, 2520.0, 2580.0, 2640.0, 2700.0, 2760.0, 2820.0, 2880.0, 2940.0, 3000.0]
/////////////////////////
PROCESSING:  WJetsMG400
/////////////////////////
plotTreeName: Tprime2_DeepAK8_Mass
Flavour: M #tag: isV_tHbW #algo: DeepAK8
Weights: 1 * HTSF_Pol * 1 * pileupWeight * 1 * lepIdSF * EGammaGsfSF * 1 * (MCWeight_singleLepCalc/abs(MCWeight_singleLepCalc)) * 0.280770227538
Cuts: (leptonPt_singleLepCalc > 50) && (corr_met_singleLepCalc > 55) && (AK4HT > 480) && (minDR_lepJet > 0.4 || ptRel_lepJet > 40) && (NJetsAK8_JetSubCalc > 2) && (minDR_leadAK8otherAK8 < 3.0) && DataPastTrigger == 1 && isMuon==1
****************************************************************************************************
****************************************************************************************************
DISTRIBUTION: Tp2Mass
            -name in ljmet trees: Tprime2_ALGO_Mass
            -x-axis label is set to: ;M(T) [GeV])
            -using the binning as: [0.0, 60.0, 120.0, 180.0, 240.0, 300.0, 360.0, 420.0, 480.0, 540.0, 600.0, 660.0, 720.0, 780.0, 840.0, 900.0, 960.0, 1020.0, 1080.0, 1140.0, 1200.0, 1260.0, 1320.0, 1380.0, 1440.0, 1500.0, 1560.0, 1620.0, 1680.0, 1740.0, 1800.0, 1860.0, 1920.0, 1980.0, 2040.0, 2100.0, 2160.0, 2220.0, 2280.0, 2340.0, 2400.0, 2460.0, 2520.0, 2580.0, 2640.0, 2700.0, 2760.0, 2820.0, 2880.0, 2940.0, 3000.0]
/////////////////////////
PROCESSING:  WJetsMG600
/////////////////////////
plotTreeName: Tprime2_DeepAK8_Mass
Flavour: M #tag: isV_tHbW #algo: DeepAK8
Weights: 1 * HTSF_Pol * 1 * pileupWeight * 1 * lepIdSF * EGammaGsfSF * 1 * (MCWeight_singleLepCalc/abs(MCWeight_singleLepCalc)) * 0.0287233231554
Cuts: (leptonPt_singleLepCalc > 50) && (corr_met_singleLepCalc > 55) && (AK4HT > 480) && (minDR_lepJet > 0.4 || ptRel_lepJet > 40) && (NJetsAK8_JetSubCalc > 2) && (minDR_leadAK8otherAK8 < 3.0) && DataPastTrigger == 1 && isMuon==1
****************************************************************************************************
****************************************************************************************************
DISTRIBUTION: Tp2Mass
            -name in ljmet trees: Tprime2_ALGO_Mass
            -x-axis label is set to: ;M(T) [GeV])
            -using the binning as: [0.0, 60.0, 120.0, 180.0, 240.0, 300.0, 360.0, 420.0, 480.0, 540.0, 600.0, 660.0, 720.0, 780.0, 840.0, 900.0, 960.0, 1020.0, 1080.0, 1140.0, 1200.0, 1260.0, 1320.0, 1380.0, 1440.0, 1500.0, 1560.0, 1620.0, 1680.0, 1740.0, 1800.0, 1860.0, 1920.0, 1980.0, 2040.0, 2100.0, 2160.0, 2220.0, 2280.0, 2340.0, 2400.0, 2460.0, 2520.0, 2580.0, 2640.0, 2700.0, 2760.0, 2820.0, 2880.0, 2940.0, 3000.0]
/////////////////////////
PROCESSING:  WJetsMG800
/////////////////////////
plotTreeName: Tprime2_DeepAK8_Mass
Flavour: M #tag: isV_tHbW #algo: DeepAK8
Weights: 1 * HTSF_Pol * 1 * pileupWeight * 1 * lepIdSF * EGammaGsfSF * 1 * (MCWeight_singleLepCalc/abs(MCWeight_singleLepCalc)) * 0.0316367902594
Cuts: (leptonPt_singleLepCalc > 50) && (corr_met_singleLepCalc > 55) && (AK4HT > 480) && (minDR_lepJet > 0.4 || ptRel_lepJet > 40) && (NJetsAK8_JetSubCalc > 2) && (minDR_leadAK8otherAK8 < 3.0) && DataPastTrigger == 1 && isMuon==1
****************************************************************************************************
****************************************************************************************************
DISTRIBUTION: Tp2Mass
            -name in ljmet trees: Tprime2_ALGO_Mass
            -x-axis label is set to: ;M(T) [GeV])
            -using the binning as: [0.0, 60.0, 120.0, 180.0, 240.0, 300.0, 360.0, 420.0, 480.0, 540.0, 600.0, 660.0, 720.0, 780.0, 840.0, 900.0, 960.0, 1020.0, 1080.0, 1140.0, 1200.0, 1260.0, 1320.0, 1380.0, 1440.0, 1500.0, 1560.0, 1620.0, 1680.0, 1740.0, 1800.0, 1860.0, 1920.0, 1980.0, 2040.0, 2100.0, 2160.0, 2220.0, 2280.0, 2340.0, 2400.0, 2460.0, 2520.0, 2580.0, 2640.0, 2700.0, 2760.0, 2820.0, 2880.0, 2940.0, 3000.0]
/////////////////////////
PROCESSING:  WJetsMG1200
/////////////////////////
plotTreeName: Tprime2_DeepAK8_Mass
Flavour: M #tag: isV_tHbW #algo: DeepAK8
Weights: 1 * HTSF_Pol * 1 * pileupWeight * 1 * lepIdSF * EGammaGsfSF * 1 * (MCWeight_singleLepCalc/abs(MCWeight_singleLepCalc)) * 0.00861414819858
Cuts: (leptonPt_singleLepCalc > 50) && (corr_met_singleLepCalc > 55) && (AK4HT > 480) && (minDR_lepJet > 0.4 || ptRel_lepJet > 40) && (NJetsAK8_JetSubCalc > 2) && (minDR_leadAK8otherAK8 < 3.0) && DataPastTrigger == 1 && isMuon==1
****************************************************************************************************
****************************************************************************************************
DISTRIBUTION: Tp2Mass
            -name in ljmet trees: Tprime2_ALGO_Mass
            -x-axis label is set to: ;M(T) [GeV])
            -using the binning as: [0.0, 60.0, 120.0, 180.0, 240.0, 300.0, 360.0, 420.0, 480.0, 540.0, 600.0, 660.0, 720.0, 780.0, 840.0, 900.0, 960.0, 1020.0, 1080.0, 1140.0, 1200.0, 1260.0, 1320.0, 1380.0, 1440.0, 1500.0, 1560.0, 1620.0, 1680.0, 1740.0, 1800.0, 1860.0, 1920.0, 1980.0, 2040.0, 2100.0, 2160.0, 2220.0, 2280.0, 2340.0, 2400.0, 2460.0, 2520.0, 2580.0, 2640.0, 2700.0, 2760.0, 2820.0, 2880.0, 2940.0, 3000.0]
/////////////////////////
PROCESSING:  WJetsMG2500
/////////////////////////
plotTreeName: Tprime2_DeepAK8_Mass
Flavour: M #tag: isV_tHbW #algo: DeepAK8
Weights: 1 * HTSF_Pol * 1 * pileupWeight * 1 * lepIdSF * EGammaGsfSF * 1 * (MCWeight_singleLepCalc/abs(MCWeight_singleLepCalc)) * 0.00054308661217
Cuts: (leptonPt_singleLepCalc > 50) && (corr_met_singleLepCalc > 55) && (AK4HT > 480) && (minDR_lepJet > 0.4 || ptRel_lepJet > 40) && (NJetsAK8_JetSubCalc > 2) && (minDR_leadAK8otherAK8 < 3.0) && DataPastTrigger == 1 && isMuon==1
****************************************************************************************************
****************************************************************************************************
DISTRIBUTION: Tp2Mass
            -name in ljmet trees: Tprime2_ALGO_Mass
            -x-axis label is set to: ;M(T) [GeV])
            -using the binning as: [0.0, 60.0, 120.0, 180.0, 240.0, 300.0, 360.0, 420.0, 480.0, 540.0, 600.0, 660.0, 720.0, 780.0, 840.0, 900.0, 960.0, 1020.0, 1080.0, 1140.0, 1200.0, 1260.0, 1320.0, 1380.0, 1440.0, 1500.0, 1560.0, 1620.0, 1680.0, 1740.0, 1800.0, 1860.0, 1920.0, 1980.0, 2040.0, 2100.0, 2160.0, 2220.0, 2280.0, 2340.0, 2400.0, 2460.0, 2520.0, 2580.0, 2640.0, 2700.0, 2760.0, 2820.0, 2880.0, 2940.0, 3000.0]
/////////////////////////
PROCESSING:  TTM1100BWBW
/////////////////////////
plotTreeName: Tprime2_DeepAK8_Mass
Flavour: M #tag: isV_tHbW #algo: DeepAK8
Weights: 1 * 1 * 1 * pileupWeight * 1 * lepIdSF * EGammaGsfSF * 1 * (MCWeight_singleLepCalc/abs(MCWeight_singleLepCalc)) * 0.00223239916536
Cuts: (leptonPt_singleLepCalc > 50) && (corr_met_singleLepCalc > 55) && (AK4HT > 480) && (minDR_lepJet > 0.4 || ptRel_lepJet > 40) && (NJetsAK8_JetSubCalc > 2) && (minDR_leadAK8otherAK8 < 3.0) && DataPastTrigger == 1 && isMuon==1
****************************************************************************************************
****************************************************************************************************
DISTRIBUTION: Tp2Mass
            -name in ljmet trees: Tprime2_ALGO_Mass
            -x-axis label is set to: ;M(T) [GeV])
            -using the binning as: [0.0, 60.0, 120.0, 180.0, 240.0, 300.0, 360.0, 420.0, 480.0, 540.0, 600.0, 660.0, 720.0, 780.0, 840.0, 900.0, 960.0, 1020.0, 1080.0, 1140.0, 1200.0, 1260.0, 1320.0, 1380.0, 1440.0, 1500.0, 1560.0, 1620.0, 1680.0, 1740.0, 1800.0, 1860.0, 1920.0, 1980.0, 2040.0, 2100.0, 2160.0, 2220.0, 2280.0, 2340.0, 2400.0, 2460.0, 2520.0, 2580.0, 2640.0, 2700.0, 2760.0, 2820.0, 2880.0, 2940.0, 3000.0]
/////////////////////////
PROCESSING:  TTM1100THTH
/////////////////////////
plotTreeName: Tprime2_DeepAK8_Mass
Flavour: M #tag: isV_tHbW #algo: DeepAK8
Weights: 1 * 1 * 1 * pileupWeight * 1 * lepIdSF * EGammaGsfSF * 1 * (MCWeight_singleLepCalc/abs(MCWeight_singleLepCalc)) * 0.000558099791339
Cuts: (leptonPt_singleLepCalc > 50) && (corr_met_singleLepCalc > 55) && (AK4HT > 480) && (minDR_lepJet > 0.4 || ptRel_lepJet > 40) && (NJetsAK8_JetSubCalc > 2) && (minDR_leadAK8otherAK8 < 3.0) && DataPastTrigger == 1 && isMuon==1
****************************************************************************************************
****************************************************************************************************
DISTRIBUTION: Tp2Mass
            -name in ljmet trees: Tprime2_ALGO_Mass
            -x-axis label is set to: ;M(T) [GeV])
            -using the binning as: [0.0, 60.0, 120.0, 180.0, 240.0, 300.0, 360.0, 420.0, 480.0, 540.0, 600.0, 660.0, 720.0, 780.0, 840.0, 900.0, 960.0, 1020.0, 1080.0, 1140.0, 1200.0, 1260.0, 1320.0, 1380.0, 1440.0, 1500.0, 1560.0, 1620.0, 1680.0, 1740.0, 1800.0, 1860.0, 1920.0, 1980.0, 2040.0, 2100.0, 2160.0, 2220.0, 2280.0, 2340.0, 2400.0, 2460.0, 2520.0, 2580.0, 2640.0, 2700.0, 2760.0, 2820.0, 2880.0, 2940.0, 3000.0]
/////////////////////////
PROCESSING:  TTM1100TZTZ
/////////////////////////
plotTreeName: Tprime2_DeepAK8_Mass
Flavour: M #tag: isV_tHbW #algo: DeepAK8
Weights: 1 * 1 * 1 * pileupWeight * 1 * lepIdSF * EGammaGsfSF * 1 * (MCWeight_singleLepCalc/abs(MCWeight_singleLepCalc)) * 0.000558099791339
Cuts: (leptonPt_singleLepCalc > 50) && (corr_met_singleLepCalc > 55) && (AK4HT > 480) && (minDR_lepJet > 0.4 || ptRel_lepJet > 40) && (NJetsAK8_JetSubCalc > 2) && (minDR_leadAK8otherAK8 < 3.0) && DataPastTrigger == 1 && isMuon==1
****************************************************************************************************
****************************************************************************************************
DISTRIBUTION: Tp2Mass
            -name in ljmet trees: Tprime2_ALGO_Mass
            -x-axis label is set to: ;M(T) [GeV])
            -using the binning as: [0.0, 60.0, 120.0, 180.0, 240.0, 300.0, 360.0, 420.0, 480.0, 540.0, 600.0, 660.0, 720.0, 780.0, 840.0, 900.0, 960.0, 1020.0, 1080.0, 1140.0, 1200.0, 1260.0, 1320.0, 1380.0, 1440.0, 1500.0, 1560.0, 1620.0, 1680.0, 1740.0, 1800.0, 1860.0, 1920.0, 1980.0, 2040.0, 2100.0, 2160.0, 2220.0, 2280.0, 2340.0, 2400.0, 2460.0, 2520.0, 2580.0, 2640.0, 2700.0, 2760.0, 2820.0, 2880.0, 2940.0, 3000.0]
/////////////////////////
PROCESSING:  TTM1100TZBW
/////////////////////////
plotTreeName: Tprime2_DeepAK8_Mass
Flavour: M #tag: isV_tHbW #algo: DeepAK8
Weights: 1 * 1 * 1 * pileupWeight * 1 * lepIdSF * EGammaGsfSF * 1 * (MCWeight_singleLepCalc/abs(MCWeight_singleLepCalc)) * 0.00111619958268
Cuts: (leptonPt_singleLepCalc > 50) && (corr_met_singleLepCalc > 55) && (AK4HT > 480) && (minDR_lepJet > 0.4 || ptRel_lepJet > 40) && (NJetsAK8_JetSubCalc > 2) && (minDR_leadAK8otherAK8 < 3.0) && DataPastTrigger == 1 && isMuon==1
****************************************************************************************************
****************************************************************************************************
DISTRIBUTION: Tp2Mass
            -name in ljmet trees: Tprime2_ALGO_Mass
            -x-axis label is set to: ;M(T) [GeV])
            -using the binning as: [0.0, 60.0, 120.0, 180.0, 240.0, 300.0, 360.0, 420.0, 480.0, 540.0, 600.0, 660.0, 720.0, 780.0, 840.0, 900.0, 960.0, 1020.0, 1080.0, 1140.0, 1200.0, 1260.0, 1320.0, 1380.0, 1440.0, 1500.0, 1560.0, 1620.0, 1680.0, 1740.0, 1800.0, 1860.0, 1920.0, 1980.0, 2040.0, 2100.0, 2160.0, 2220.0, 2280.0, 2340.0, 2400.0, 2460.0, 2520.0, 2580.0, 2640.0, 2700.0, 2760.0, 2820.0, 2880.0, 2940.0, 3000.0]
/////////////////////////
PROCESSING:  TTM1100THBW
/////////////////////////
plotTreeName: Tprime2_DeepAK8_Mass
Flavour: M #tag: isV_tHbW #algo: DeepAK8
Weights: 1 * 1 * 1 * pileupWeight * 1 * lepIdSF * EGammaGsfSF * 1 * (MCWeight_singleLepCalc/abs(MCWeight_singleLepCalc)) * 0.00111619958268
Cuts: (leptonPt_singleLepCalc > 50) && (corr_met_singleLepCalc > 55) && (AK4HT > 480) && (minDR_lepJet > 0.4 || ptRel_lepJet > 40) && (NJetsAK8_JetSubCalc > 2) && (minDR_leadAK8otherAK8 < 3.0) && DataPastTrigger == 1 && isMuon==1
****************************************************************************************************
****************************************************************************************************
DISTRIBUTION: Tp2Mass
            -name in ljmet trees: Tprime2_ALGO_Mass
            -x-axis label is set to: ;M(T) [GeV])
            -using the binning as: [0.0, 60.0, 120.0, 180.0, 240.0, 300.0, 360.0, 420.0, 480.0, 540.0, 600.0, 660.0, 720.0, 780.0, 840.0, 900.0, 960.0, 1020.0, 1080.0, 1140.0, 1200.0, 1260.0, 1320.0, 1380.0, 1440.0, 1500.0, 1560.0, 1620.0, 1680.0, 1740.0, 1800.0, 1860.0, 1920.0, 1980.0, 2040.0, 2100.0, 2160.0, 2220.0, 2280.0, 2340.0, 2400.0, 2460.0, 2520.0, 2580.0, 2640.0, 2700.0, 2760.0, 2820.0, 2880.0, 2940.0, 3000.0]
/////////////////////////
PROCESSING:  TTM1100TZTH
/////////////////////////
plotTreeName: Tprime2_DeepAK8_Mass
Flavour: M #tag: isV_tHbW #algo: DeepAK8
Weights: 1 * 1 * 1 * pileupWeight * 1 * lepIdSF * EGammaGsfSF * 1 * (MCWeight_singleLepCalc/abs(MCWeight_singleLepCalc)) * 0.000558099791339
Cuts: (leptonPt_singleLepCalc > 50) && (corr_met_singleLepCalc > 55) && (AK4HT > 480) && (minDR_lepJet > 0.4 || ptRel_lepJet > 40) && (NJetsAK8_JetSubCalc > 2) && (minDR_leadAK8otherAK8 < 3.0) && DataPastTrigger == 1 && isMuon==1
****************************************************************************************************
****************************************************************************************************
DISTRIBUTION: Tp2Mass
            -name in ljmet trees: Tprime2_ALGO_Mass
            -x-axis label is set to: ;M(T) [GeV])
            -using the binning as: [0.0, 60.0, 120.0, 180.0, 240.0, 300.0, 360.0, 420.0, 480.0, 540.0, 600.0, 660.0, 720.0, 780.0, 840.0, 900.0, 960.0, 1020.0, 1080.0, 1140.0, 1200.0, 1260.0, 1320.0, 1380.0, 1440.0, 1500.0, 1560.0, 1620.0, 1680.0, 1740.0, 1800.0, 1860.0, 1920.0, 1980.0, 2040.0, 2100.0, 2160.0, 2220.0, 2280.0, 2340.0, 2400.0, 2460.0, 2520.0, 2580.0, 2640.0, 2700.0, 2760.0, 2820.0, 2880.0, 2940.0, 3000.0]
/////////////////////////
PROCESSING:  TTM1200BWBW
/////////////////////////
plotTreeName: Tprime2_DeepAK8_Mass
Flavour: M #tag: isV_tHbW #algo: DeepAK8
Weights: 1 * 1 * 1 * pileupWeight * 1 * lepIdSF * EGammaGsfSF * 1 * (MCWeight_singleLepCalc/abs(MCWeight_singleLepCalc)) * 0.00117627847652
Cuts: (leptonPt_singleLepCalc > 50) && (corr_met_singleLepCalc > 55) && (AK4HT > 480) && (minDR_lepJet > 0.4 || ptRel_lepJet > 40) && (NJetsAK8_JetSubCalc > 2) && (minDR_leadAK8otherAK8 < 3.0) && DataPastTrigger == 1 && isMuon==1
****************************************************************************************************
****************************************************************************************************
DISTRIBUTION: Tp2Mass
            -name in ljmet trees: Tprime2_ALGO_Mass
            -x-axis label is set to: ;M(T) [GeV])
            -using the binning as: [0.0, 60.0, 120.0, 180.0, 240.0, 300.0, 360.0, 420.0, 480.0, 540.0, 600.0, 660.0, 720.0, 780.0, 840.0, 900.0, 960.0, 1020.0, 1080.0, 1140.0, 1200.0, 1260.0, 1320.0, 1380.0, 1440.0, 1500.0, 1560.0, 1620.0, 1680.0, 1740.0, 1800.0, 1860.0, 1920.0, 1980.0, 2040.0, 2100.0, 2160.0, 2220.0, 2280.0, 2340.0, 2400.0, 2460.0, 2520.0, 2580.0, 2640.0, 2700.0, 2760.0, 2820.0, 2880.0, 2940.0, 3000.0]
/////////////////////////
PROCESSING:  TTM1200THTH
/////////////////////////
plotTreeName: Tprime2_DeepAK8_Mass
Flavour: M #tag: isV_tHbW #algo: DeepAK8
Weights: 1 * 1 * 1 * pileupWeight * 1 * lepIdSF * EGammaGsfSF * 1 * (MCWeight_singleLepCalc/abs(MCWeight_singleLepCalc)) * 0.00029406961913
Cuts: (leptonPt_singleLepCalc > 50) && (corr_met_singleLepCalc > 55) && (AK4HT > 480) && (minDR_lepJet > 0.4 || ptRel_lepJet > 40) && (NJetsAK8_JetSubCalc > 2) && (minDR_leadAK8otherAK8 < 3.0) && DataPastTrigger == 1 && isMuon==1
****************************************************************************************************
****************************************************************************************************
DISTRIBUTION: Tp2Mass
            -name in ljmet trees: Tprime2_ALGO_Mass
            -x-axis label is set to: ;M(T) [GeV])
            -using the binning as: [0.0, 60.0, 120.0, 180.0, 240.0, 300.0, 360.0, 420.0, 480.0, 540.0, 600.0, 660.0, 720.0, 780.0, 840.0, 900.0, 960.0, 1020.0, 1080.0, 1140.0, 1200.0, 1260.0, 1320.0, 1380.0, 1440.0, 1500.0, 1560.0, 1620.0, 1680.0, 1740.0, 1800.0, 1860.0, 1920.0, 1980.0, 2040.0, 2100.0, 2160.0, 2220.0, 2280.0, 2340.0, 2400.0, 2460.0, 2520.0, 2580.0, 2640.0, 2700.0, 2760.0, 2820.0, 2880.0, 2940.0, 3000.0]
/////////////////////////
PROCESSING:  TTM1200TZTZ
/////////////////////////
plotTreeName: Tprime2_DeepAK8_Mass
Flavour: M #tag: isV_tHbW #algo: DeepAK8
Weights: 1 * 1 * 1 * pileupWeight * 1 * lepIdSF * EGammaGsfSF * 1 * (MCWeight_singleLepCalc/abs(MCWeight_singleLepCalc)) * 0.00029406961913
Cuts: (leptonPt_singleLepCalc > 50) && (corr_met_singleLepCalc > 55) && (AK4HT > 480) && (minDR_lepJet > 0.4 || ptRel_lepJet > 40) && (NJetsAK8_JetSubCalc > 2) && (minDR_leadAK8otherAK8 < 3.0) && DataPastTrigger == 1 && isMuon==1
****************************************************************************************************
****************************************************************************************************
DISTRIBUTION: Tp2Mass
            -name in ljmet trees: Tprime2_ALGO_Mass
            -x-axis label is set to: ;M(T) [GeV])
            -using the binning as: [0.0, 60.0, 120.0, 180.0, 240.0, 300.0, 360.0, 420.0, 480.0, 540.0, 600.0, 660.0, 720.0, 780.0, 840.0, 900.0, 960.0, 1020.0, 1080.0, 1140.0, 1200.0, 1260.0, 1320.0, 1380.0, 1440.0, 1500.0, 1560.0, 1620.0, 1680.0, 1740.0, 1800.0, 1860.0, 1920.0, 1980.0, 2040.0, 2100.0, 2160.0, 2220.0, 2280.0, 2340.0, 2400.0, 2460.0, 2520.0, 2580.0, 2640.0, 2700.0, 2760.0, 2820.0, 2880.0, 2940.0, 3000.0]
/////////////////////////
PROCESSING:  TTM1200TZBW
/////////////////////////
plotTreeName: Tprime2_DeepAK8_Mass
Flavour: M #tag: isV_tHbW #algo: DeepAK8
Weights: 1 * 1 * 1 * pileupWeight * 1 * lepIdSF * EGammaGsfSF * 1 * (MCWeight_singleLepCalc/abs(MCWeight_singleLepCalc)) * 0.000588139238259
Cuts: (leptonPt_singleLepCalc > 50) && (corr_met_singleLepCalc > 55) && (AK4HT > 480) && (minDR_lepJet > 0.4 || ptRel_lepJet > 40) && (NJetsAK8_JetSubCalc > 2) && (minDR_leadAK8otherAK8 < 3.0) && DataPastTrigger == 1 && isMuon==1
****************************************************************************************************
****************************************************************************************************
DISTRIBUTION: Tp2Mass
            -name in ljmet trees: Tprime2_ALGO_Mass
            -x-axis label is set to: ;M(T) [GeV])
            -using the binning as: [0.0, 60.0, 120.0, 180.0, 240.0, 300.0, 360.0, 420.0, 480.0, 540.0, 600.0, 660.0, 720.0, 780.0, 840.0, 900.0, 960.0, 1020.0, 1080.0, 1140.0, 1200.0, 1260.0, 1320.0, 1380.0, 1440.0, 1500.0, 1560.0, 1620.0, 1680.0, 1740.0, 1800.0, 1860.0, 1920.0, 1980.0, 2040.0, 2100.0, 2160.0, 2220.0, 2280.0, 2340.0, 2400.0, 2460.0, 2520.0, 2580.0, 2640.0, 2700.0, 2760.0, 2820.0, 2880.0, 2940.0, 3000.0]
/////////////////////////
PROCESSING:  TTM1200THBW
/////////////////////////
plotTreeName: Tprime2_DeepAK8_Mass
Flavour: M #tag: isV_tHbW #algo: DeepAK8
Weights: 1 * 1 * 1 * pileupWeight * 1 * lepIdSF * EGammaGsfSF * 1 * (MCWeight_singleLepCalc/abs(MCWeight_singleLepCalc)) * 0.000588139238259
Cuts: (leptonPt_singleLepCalc > 50) && (corr_met_singleLepCalc > 55) && (AK4HT > 480) && (minDR_lepJet > 0.4 || ptRel_lepJet > 40) && (NJetsAK8_JetSubCalc > 2) && (minDR_leadAK8otherAK8 < 3.0) && DataPastTrigger == 1 && isMuon==1
****************************************************************************************************
****************************************************************************************************
DISTRIBUTION: Tp2Mass
            -name in ljmet trees: Tprime2_ALGO_Mass
            -x-axis label is set to: ;M(T) [GeV])
            -using the binning as: [0.0, 60.0, 120.0, 180.0, 240.0, 300.0, 360.0, 420.0, 480.0, 540.0, 600.0, 660.0, 720.0, 780.0, 840.0, 900.0, 960.0, 1020.0, 1080.0, 1140.0, 1200.0, 1260.0, 1320.0, 1380.0, 1440.0, 1500.0, 1560.0, 1620.0, 1680.0, 1740.0, 1800.0, 1860.0, 1920.0, 1980.0, 2040.0, 2100.0, 2160.0, 2220.0, 2280.0, 2340.0, 2400.0, 2460.0, 2520.0, 2580.0, 2640.0, 2700.0, 2760.0, 2820.0, 2880.0, 2940.0, 3000.0]
/////////////////////////
PROCESSING:  TTM1200TZTH
/////////////////////////
plotTreeName: Tprime2_DeepAK8_Mass
Flavour: M #tag: isV_tHbW #algo: DeepAK8
Weights: 1 * 1 * 1 * pileupWeight * 1 * lepIdSF * EGammaGsfSF * 1 * (MCWeight_singleLepCalc/abs(MCWeight_singleLepCalc)) * 0.00029406961913
Cuts: (leptonPt_singleLepCalc > 50) && (corr_met_singleLepCalc > 55) && (AK4HT > 480) && (minDR_lepJet > 0.4 || ptRel_lepJet > 40) && (NJetsAK8_JetSubCalc > 2) && (minDR_leadAK8otherAK8 < 3.0) && DataPastTrigger == 1 && isMuon==1
****************************************************************************************************
****************************************************************************************************
DISTRIBUTION: Tp2Mass
            -name in ljmet trees: Tprime2_ALGO_Mass
            -x-axis label is set to: ;M(T) [GeV])
            -using the binning as: [0.0, 60.0, 120.0, 180.0, 240.0, 300.0, 360.0, 420.0, 480.0, 540.0, 600.0, 660.0, 720.0, 780.0, 840.0, 900.0, 960.0, 1020.0, 1080.0, 1140.0, 1200.0, 1260.0, 1320.0, 1380.0, 1440.0, 1500.0, 1560.0, 1620.0, 1680.0, 1740.0, 1800.0, 1860.0, 1920.0, 1980.0, 2040.0, 2100.0, 2160.0, 2220.0, 2280.0, 2340.0, 2400.0, 2460.0, 2520.0, 2580.0, 2640.0, 2700.0, 2760.0, 2820.0, 2880.0, 2940.0, 3000.0]
/////////////////////////
PROCESSING:  TTM1300BWBW
/////////////////////////
plotTreeName: Tprime2_DeepAK8_Mass
Flavour: M #tag: isV_tHbW #algo: DeepAK8
Weights: 1 * 1 * 1 * pileupWeight * 1 * lepIdSF * EGammaGsfSF * 1 * (MCWeight_singleLepCalc/abs(MCWeight_singleLepCalc)) * 0.00063821114509
Cuts: (leptonPt_singleLepCalc > 50) && (corr_met_singleLepCalc > 55) && (AK4HT > 480) && (minDR_lepJet > 0.4 || ptRel_lepJet > 40) && (NJetsAK8_JetSubCalc > 2) && (minDR_leadAK8otherAK8 < 3.0) && DataPastTrigger == 1 && isMuon==1
****************************************************************************************************
****************************************************************************************************
DISTRIBUTION: Tp2Mass
            -name in ljmet trees: Tprime2_ALGO_Mass
            -x-axis label is set to: ;M(T) [GeV])
            -using the binning as: [0.0, 60.0, 120.0, 180.0, 240.0, 300.0, 360.0, 420.0, 480.0, 540.0, 600.0, 660.0, 720.0, 780.0, 840.0, 900.0, 960.0, 1020.0, 1080.0, 1140.0, 1200.0, 1260.0, 1320.0, 1380.0, 1440.0, 1500.0, 1560.0, 1620.0, 1680.0, 1740.0, 1800.0, 1860.0, 1920.0, 1980.0, 2040.0, 2100.0, 2160.0, 2220.0, 2280.0, 2340.0, 2400.0, 2460.0, 2520.0, 2580.0, 2640.0, 2700.0, 2760.0, 2820.0, 2880.0, 2940.0, 3000.0]
/////////////////////////
PROCESSING:  TTM1300THTH
/////////////////////////
plotTreeName: Tprime2_DeepAK8_Mass
Flavour: M #tag: isV_tHbW #algo: DeepAK8
Weights: 1 * 1 * 1 * pileupWeight * 1 * lepIdSF * EGammaGsfSF * 1 * (MCWeight_singleLepCalc/abs(MCWeight_singleLepCalc)) * 0.000159552786272
Cuts: (leptonPt_singleLepCalc > 50) && (corr_met_singleLepCalc > 55) && (AK4HT > 480) && (minDR_lepJet > 0.4 || ptRel_lepJet > 40) && (NJetsAK8_JetSubCalc > 2) && (minDR_leadAK8otherAK8 < 3.0) && DataPastTrigger == 1 && isMuon==1
****************************************************************************************************
****************************************************************************************************
DISTRIBUTION: Tp2Mass
            -name in ljmet trees: Tprime2_ALGO_Mass
            -x-axis label is set to: ;M(T) [GeV])
            -using the binning as: [0.0, 60.0, 120.0, 180.0, 240.0, 300.0, 360.0, 420.0, 480.0, 540.0, 600.0, 660.0, 720.0, 780.0, 840.0, 900.0, 960.0, 1020.0, 1080.0, 1140.0, 1200.0, 1260.0, 1320.0, 1380.0, 1440.0, 1500.0, 1560.0, 1620.0, 1680.0, 1740.0, 1800.0, 1860.0, 1920.0, 1980.0, 2040.0, 2100.0, 2160.0, 2220.0, 2280.0, 2340.0, 2400.0, 2460.0, 2520.0, 2580.0, 2640.0, 2700.0, 2760.0, 2820.0, 2880.0, 2940.0, 3000.0]
/////////////////////////
PROCESSING:  TTM1300TZTZ
/////////////////////////
plotTreeName: Tprime2_DeepAK8_Mass
Flavour: M #tag: isV_tHbW #algo: DeepAK8
Weights: 1 * 1 * 1 * pileupWeight * 1 * lepIdSF * EGammaGsfSF * 1 * (MCWeight_singleLepCalc/abs(MCWeight_singleLepCalc)) * 0.000159552786272
Cuts: (leptonPt_singleLepCalc > 50) && (corr_met_singleLepCalc > 55) && (AK4HT > 480) && (minDR_lepJet > 0.4 || ptRel_lepJet > 40) && (NJetsAK8_JetSubCalc > 2) && (minDR_leadAK8otherAK8 < 3.0) && DataPastTrigger == 1 && isMuon==1
****************************************************************************************************
****************************************************************************************************
DISTRIBUTION: Tp2Mass
            -name in ljmet trees: Tprime2_ALGO_Mass
            -x-axis label is set to: ;M(T) [GeV])
            -using the binning as: [0.0, 60.0, 120.0, 180.0, 240.0, 300.0, 360.0, 420.0, 480.0, 540.0, 600.0, 660.0, 720.0, 780.0, 840.0, 900.0, 960.0, 1020.0, 1080.0, 1140.0, 1200.0, 1260.0, 1320.0, 1380.0, 1440.0, 1500.0, 1560.0, 1620.0, 1680.0, 1740.0, 1800.0, 1860.0, 1920.0, 1980.0, 2040.0, 2100.0, 2160.0, 2220.0, 2280.0, 2340.0, 2400.0, 2460.0, 2520.0, 2580.0, 2640.0, 2700.0, 2760.0, 2820.0, 2880.0, 2940.0, 3000.0]
/////////////////////////
PROCESSING:  TTM1300TZBW
/////////////////////////
plotTreeName: Tprime2_DeepAK8_Mass
Flavour: M #tag: isV_tHbW #algo: DeepAK8
Weights: 1 * 1 * 1 * pileupWeight * 1 * lepIdSF * EGammaGsfSF * 1 * (MCWeight_singleLepCalc/abs(MCWeight_singleLepCalc)) * 0.000319105572545
Cuts: (leptonPt_singleLepCalc > 50) && (corr_met_singleLepCalc > 55) && (AK4HT > 480) && (minDR_lepJet > 0.4 || ptRel_lepJet > 40) && (NJetsAK8_JetSubCalc > 2) && (minDR_leadAK8otherAK8 < 3.0) && DataPastTrigger == 1 && isMuon==1
****************************************************************************************************
****************************************************************************************************
DISTRIBUTION: Tp2Mass
            -name in ljmet trees: Tprime2_ALGO_Mass
            -x-axis label is set to: ;M(T) [GeV])
            -using the binning as: [0.0, 60.0, 120.0, 180.0, 240.0, 300.0, 360.0, 420.0, 480.0, 540.0, 600.0, 660.0, 720.0, 780.0, 840.0, 900.0, 960.0, 1020.0, 1080.0, 1140.0, 1200.0, 1260.0, 1320.0, 1380.0, 1440.0, 1500.0, 1560.0, 1620.0, 1680.0, 1740.0, 1800.0, 1860.0, 1920.0, 1980.0, 2040.0, 2100.0, 2160.0, 2220.0, 2280.0, 2340.0, 2400.0, 2460.0, 2520.0, 2580.0, 2640.0, 2700.0, 2760.0, 2820.0, 2880.0, 2940.0, 3000.0]
/////////////////////////
PROCESSING:  TTM1300THBW
/////////////////////////
plotTreeName: Tprime2_DeepAK8_Mass
Flavour: M #tag: isV_tHbW #algo: DeepAK8
Weights: 1 * 1 * 1 * pileupWeight * 1 * lepIdSF * EGammaGsfSF * 1 * (MCWeight_singleLepCalc/abs(MCWeight_singleLepCalc)) * 0.000319105572545
Cuts: (leptonPt_singleLepCalc > 50) && (corr_met_singleLepCalc > 55) && (AK4HT > 480) && (minDR_lepJet > 0.4 || ptRel_lepJet > 40) && (NJetsAK8_JetSubCalc > 2) && (minDR_leadAK8otherAK8 < 3.0) && DataPastTrigger == 1 && isMuon==1
****************************************************************************************************
****************************************************************************************************
DISTRIBUTION: Tp2Mass
            -name in ljmet trees: Tprime2_ALGO_Mass
            -x-axis label is set to: ;M(T) [GeV])
            -using the binning as: [0.0, 60.0, 120.0, 180.0, 240.0, 300.0, 360.0, 420.0, 480.0, 540.0, 600.0, 660.0, 720.0, 780.0, 840.0, 900.0, 960.0, 1020.0, 1080.0, 1140.0, 1200.0, 1260.0, 1320.0, 1380.0, 1440.0, 1500.0, 1560.0, 1620.0, 1680.0, 1740.0, 1800.0, 1860.0, 1920.0, 1980.0, 2040.0, 2100.0, 2160.0, 2220.0, 2280.0, 2340.0, 2400.0, 2460.0, 2520.0, 2580.0, 2640.0, 2700.0, 2760.0, 2820.0, 2880.0, 2940.0, 3000.0]
/////////////////////////
PROCESSING:  TTM1300TZTH
/////////////////////////
plotTreeName: Tprime2_DeepAK8_Mass
Flavour: M #tag: isV_tHbW #algo: DeepAK8
Weights: 1 * 1 * 1 * pileupWeight * 1 * lepIdSF * EGammaGsfSF * 1 * (MCWeight_singleLepCalc/abs(MCWeight_singleLepCalc)) * 0.000159552786272
Cuts: (leptonPt_singleLepCalc > 50) && (corr_met_singleLepCalc > 55) && (AK4HT > 480) && (minDR_lepJet > 0.4 || ptRel_lepJet > 40) && (NJetsAK8_JetSubCalc > 2) && (minDR_leadAK8otherAK8 < 3.0) && DataPastTrigger == 1 && isMuon==1
****************************************************************************************************
****************************************************************************************************
DISTRIBUTION: Tp2Mass
            -name in ljmet trees: Tprime2_ALGO_Mass
            -x-axis label is set to: ;M(T) [GeV])
            -using the binning as: [0.0, 60.0, 120.0, 180.0, 240.0, 300.0, 360.0, 420.0, 480.0, 540.0, 600.0, 660.0, 720.0, 780.0, 840.0, 900.0, 960.0, 1020.0, 1080.0, 1140.0, 1200.0, 1260.0, 1320.0, 1380.0, 1440.0, 1500.0, 1560.0, 1620.0, 1680.0, 1740.0, 1800.0, 1860.0, 1920.0, 1980.0, 2040.0, 2100.0, 2160.0, 2220.0, 2280.0, 2340.0, 2400.0, 2460.0, 2520.0, 2580.0, 2640.0, 2700.0, 2760.0, 2820.0, 2880.0, 2940.0, 3000.0]
/////////////////////////
PROCESSING:  TTM1400BWBW
/////////////////////////
plotTreeName: Tprime2_DeepAK8_Mass
Flavour: M #tag: isV_tHbW #algo: DeepAK8
Weights: 1 * 1 * 1 * pileupWeight * 1 * lepIdSF * EGammaGsfSF * 1 * (MCWeight_singleLepCalc/abs(MCWeight_singleLepCalc)) * 0.000352883542956
Cuts: (leptonPt_singleLepCalc > 50) && (corr_met_singleLepCalc > 55) && (AK4HT > 480) && (minDR_lepJet > 0.4 || ptRel_lepJet > 40) && (NJetsAK8_JetSubCalc > 2) && (minDR_leadAK8otherAK8 < 3.0) && DataPastTrigger == 1 && isMuon==1
****************************************************************************************************
****************************************************************************************************
DISTRIBUTION: Tp2Mass
            -name in ljmet trees: Tprime2_ALGO_Mass
            -x-axis label is set to: ;M(T) [GeV])
            -using the binning as: [0.0, 60.0, 120.0, 180.0, 240.0, 300.0, 360.0, 420.0, 480.0, 540.0, 600.0, 660.0, 720.0, 780.0, 840.0, 900.0, 960.0, 1020.0, 1080.0, 1140.0, 1200.0, 1260.0, 1320.0, 1380.0, 1440.0, 1500.0, 1560.0, 1620.0, 1680.0, 1740.0, 1800.0, 1860.0, 1920.0, 1980.0, 2040.0, 2100.0, 2160.0, 2220.0, 2280.0, 2340.0, 2400.0, 2460.0, 2520.0, 2580.0, 2640.0, 2700.0, 2760.0, 2820.0, 2880.0, 2940.0, 3000.0]
/////////////////////////
PROCESSING:  TTM1400THTH
/////////////////////////
plotTreeName: Tprime2_DeepAK8_Mass
Flavour: M #tag: isV_tHbW #algo: DeepAK8
Weights: 1 * 1 * 1 * pileupWeight * 1 * lepIdSF * EGammaGsfSF * 1 * (MCWeight_singleLepCalc/abs(MCWeight_singleLepCalc)) * 8.82208857389e-05
Cuts: (leptonPt_singleLepCalc > 50) && (corr_met_singleLepCalc > 55) && (AK4HT > 480) && (minDR_lepJet > 0.4 || ptRel_lepJet > 40) && (NJetsAK8_JetSubCalc > 2) && (minDR_leadAK8otherAK8 < 3.0) && DataPastTrigger == 1 && isMuon==1
****************************************************************************************************
****************************************************************************************************
DISTRIBUTION: Tp2Mass
            -name in ljmet trees: Tprime2_ALGO_Mass
            -x-axis label is set to: ;M(T) [GeV])
            -using the binning as: [0.0, 60.0, 120.0, 180.0, 240.0, 300.0, 360.0, 420.0, 480.0, 540.0, 600.0, 660.0, 720.0, 780.0, 840.0, 900.0, 960.0, 1020.0, 1080.0, 1140.0, 1200.0, 1260.0, 1320.0, 1380.0, 1440.0, 1500.0, 1560.0, 1620.0, 1680.0, 1740.0, 1800.0, 1860.0, 1920.0, 1980.0, 2040.0, 2100.0, 2160.0, 2220.0, 2280.0, 2340.0, 2400.0, 2460.0, 2520.0, 2580.0, 2640.0, 2700.0, 2760.0, 2820.0, 2880.0, 2940.0, 3000.0]
/////////////////////////
PROCESSING:  TTM1400TZTZ
/////////////////////////
plotTreeName: Tprime2_DeepAK8_Mass
Flavour: M #tag: isV_tHbW #algo: DeepAK8
Weights: 1 * 1 * 1 * pileupWeight * 1 * lepIdSF * EGammaGsfSF * 1 * (MCWeight_singleLepCalc/abs(MCWeight_singleLepCalc)) * 8.82208857389e-05
Cuts: (leptonPt_singleLepCalc > 50) && (corr_met_singleLepCalc > 55) && (AK4HT > 480) && (minDR_lepJet > 0.4 || ptRel_lepJet > 40) && (NJetsAK8_JetSubCalc > 2) && (minDR_leadAK8otherAK8 < 3.0) && DataPastTrigger == 1 && isMuon==1
****************************************************************************************************
****************************************************************************************************
DISTRIBUTION: Tp2Mass
            -name in ljmet trees: Tprime2_ALGO_Mass
            -x-axis label is set to: ;M(T) [GeV])
            -using the binning as: [0.0, 60.0, 120.0, 180.0, 240.0, 300.0, 360.0, 420.0, 480.0, 540.0, 600.0, 660.0, 720.0, 780.0, 840.0, 900.0, 960.0, 1020.0, 1080.0, 1140.0, 1200.0, 1260.0, 1320.0, 1380.0, 1440.0, 1500.0, 1560.0, 1620.0, 1680.0, 1740.0, 1800.0, 1860.0, 1920.0, 1980.0, 2040.0, 2100.0, 2160.0, 2220.0, 2280.0, 2340.0, 2400.0, 2460.0, 2520.0, 2580.0, 2640.0, 2700.0, 2760.0, 2820.0, 2880.0, 2940.0, 3000.0]
/////////////////////////
PROCESSING:  TTM1400TZBW
/////////////////////////
plotTreeName: Tprime2_DeepAK8_Mass
Flavour: M #tag: isV_tHbW #algo: DeepAK8
Weights: 1 * 1 * 1 * pileupWeight * 1 * lepIdSF * EGammaGsfSF * 1 * (MCWeight_singleLepCalc/abs(MCWeight_singleLepCalc)) * 0.000176441771478
Cuts: (leptonPt_singleLepCalc > 50) && (corr_met_singleLepCalc > 55) && (AK4HT > 480) && (minDR_lepJet > 0.4 || ptRel_lepJet > 40) && (NJetsAK8_JetSubCalc > 2) && (minDR_leadAK8otherAK8 < 3.0) && DataPastTrigger == 1 && isMuon==1
****************************************************************************************************
****************************************************************************************************
DISTRIBUTION: Tp2Mass
            -name in ljmet trees: Tprime2_ALGO_Mass
            -x-axis label is set to: ;M(T) [GeV])
            -using the binning as: [0.0, 60.0, 120.0, 180.0, 240.0, 300.0, 360.0, 420.0, 480.0, 540.0, 600.0, 660.0, 720.0, 780.0, 840.0, 900.0, 960.0, 1020.0, 1080.0, 1140.0, 1200.0, 1260.0, 1320.0, 1380.0, 1440.0, 1500.0, 1560.0, 1620.0, 1680.0, 1740.0, 1800.0, 1860.0, 1920.0, 1980.0, 2040.0, 2100.0, 2160.0, 2220.0, 2280.0, 2340.0, 2400.0, 2460.0, 2520.0, 2580.0, 2640.0, 2700.0, 2760.0, 2820.0, 2880.0, 2940.0, 3000.0]
/////////////////////////
PROCESSING:  TTM1400THBW
/////////////////////////
plotTreeName: Tprime2_DeepAK8_Mass
Flavour: M #tag: isV_tHbW #algo: DeepAK8
Weights: 1 * 1 * 1 * pileupWeight * 1 * lepIdSF * EGammaGsfSF * 1 * (MCWeight_singleLepCalc/abs(MCWeight_singleLepCalc)) * 0.000176441771478
Cuts: (leptonPt_singleLepCalc > 50) && (corr_met_singleLepCalc > 55) && (AK4HT > 480) && (minDR_lepJet > 0.4 || ptRel_lepJet > 40) && (NJetsAK8_JetSubCalc > 2) && (minDR_leadAK8otherAK8 < 3.0) && DataPastTrigger == 1 && isMuon==1
****************************************************************************************************
****************************************************************************************************
DISTRIBUTION: Tp2Mass
            -name in ljmet trees: Tprime2_ALGO_Mass
            -x-axis label is set to: ;M(T) [GeV])
            -using the binning as: [0.0, 60.0, 120.0, 180.0, 240.0, 300.0, 360.0, 420.0, 480.0, 540.0, 600.0, 660.0, 720.0, 780.0, 840.0, 900.0, 960.0, 1020.0, 1080.0, 1140.0, 1200.0, 1260.0, 1320.0, 1380.0, 1440.0, 1500.0, 1560.0, 1620.0, 1680.0, 1740.0, 1800.0, 1860.0, 1920.0, 1980.0, 2040.0, 2100.0, 2160.0, 2220.0, 2280.0, 2340.0, 2400.0, 2460.0, 2520.0, 2580.0, 2640.0, 2700.0, 2760.0, 2820.0, 2880.0, 2940.0, 3000.0]
/////////////////////////
PROCESSING:  TTM1400TZTH
/////////////////////////
plotTreeName: Tprime2_DeepAK8_Mass
Flavour: M #tag: isV_tHbW #algo: DeepAK8
Weights: 1 * 1 * 1 * pileupWeight * 1 * lepIdSF * EGammaGsfSF * 1 * (MCWeight_singleLepCalc/abs(MCWeight_singleLepCalc)) * 8.82208857389e-05
Cuts: (leptonPt_singleLepCalc > 50) && (corr_met_singleLepCalc > 55) && (AK4HT > 480) && (minDR_lepJet > 0.4 || ptRel_lepJet > 40) && (NJetsAK8_JetSubCalc > 2) && (minDR_leadAK8otherAK8 < 3.0) && DataPastTrigger == 1 && isMuon==1
****************************************************************************************************
****************************************************************************************************
DISTRIBUTION: Tp2Mass
            -name in ljmet trees: Tprime2_ALGO_Mass
            -x-axis label is set to: ;M(T) [GeV])
            -using the binning as: [0.0, 60.0, 120.0, 180.0, 240.0, 300.0, 360.0, 420.0, 480.0, 540.0, 600.0, 660.0, 720.0, 780.0, 840.0, 900.0, 960.0, 1020.0, 1080.0, 1140.0, 1200.0, 1260.0, 1320.0, 1380.0, 1440.0, 1500.0, 1560.0, 1620.0, 1680.0, 1740.0, 1800.0, 1860.0, 1920.0, 1980.0, 2040.0, 2100.0, 2160.0, 2220.0, 2280.0, 2340.0, 2400.0, 2460.0, 2520.0, 2580.0, 2640.0, 2700.0, 2760.0, 2820.0, 2880.0, 2940.0, 3000.0]
/////////////////////////
PROCESSING:  TTM1500BWBW
/////////////////////////
plotTreeName: Tprime2_DeepAK8_Mass
Flavour: M #tag: isV_tHbW #algo: DeepAK8
Weights: 1 * 1 * 1 * pileupWeight * 1 * lepIdSF * EGammaGsfSF * 1 * (MCWeight_singleLepCalc/abs(MCWeight_singleLepCalc)) * 0.00019932135405
Cuts: (leptonPt_singleLepCalc > 50) && (corr_met_singleLepCalc > 55) && (AK4HT > 480) && (minDR_lepJet > 0.4 || ptRel_lepJet > 40) && (NJetsAK8_JetSubCalc > 2) && (minDR_leadAK8otherAK8 < 3.0) && DataPastTrigger == 1 && isMuon==1
****************************************************************************************************
****************************************************************************************************
DISTRIBUTION: Tp2Mass
            -name in ljmet trees: Tprime2_ALGO_Mass
            -x-axis label is set to: ;M(T) [GeV])
            -using the binning as: [0.0, 60.0, 120.0, 180.0, 240.0, 300.0, 360.0, 420.0, 480.0, 540.0, 600.0, 660.0, 720.0, 780.0, 840.0, 900.0, 960.0, 1020.0, 1080.0, 1140.0, 1200.0, 1260.0, 1320.0, 1380.0, 1440.0, 1500.0, 1560.0, 1620.0, 1680.0, 1740.0, 1800.0, 1860.0, 1920.0, 1980.0, 2040.0, 2100.0, 2160.0, 2220.0, 2280.0, 2340.0, 2400.0, 2460.0, 2520.0, 2580.0, 2640.0, 2700.0, 2760.0, 2820.0, 2880.0, 2940.0, 3000.0]
/////////////////////////
PROCESSING:  TTM1500THTH
/////////////////////////
plotTreeName: Tprime2_DeepAK8_Mass
Flavour: M #tag: isV_tHbW #algo: DeepAK8
Weights: 1 * 1 * 1 * pileupWeight * 1 * lepIdSF * EGammaGsfSF * 1 * (MCWeight_singleLepCalc/abs(MCWeight_singleLepCalc)) * 4.98303385124e-05
Cuts: (leptonPt_singleLepCalc > 50) && (corr_met_singleLepCalc > 55) && (AK4HT > 480) && (minDR_lepJet > 0.4 || ptRel_lepJet > 40) && (NJetsAK8_JetSubCalc > 2) && (minDR_leadAK8otherAK8 < 3.0) && DataPastTrigger == 1 && isMuon==1
****************************************************************************************************
****************************************************************************************************
DISTRIBUTION: Tp2Mass
            -name in ljmet trees: Tprime2_ALGO_Mass
            -x-axis label is set to: ;M(T) [GeV])
            -using the binning as: [0.0, 60.0, 120.0, 180.0, 240.0, 300.0, 360.0, 420.0, 480.0, 540.0, 600.0, 660.0, 720.0, 780.0, 840.0, 900.0, 960.0, 1020.0, 1080.0, 1140.0, 1200.0, 1260.0, 1320.0, 1380.0, 1440.0, 1500.0, 1560.0, 1620.0, 1680.0, 1740.0, 1800.0, 1860.0, 1920.0, 1980.0, 2040.0, 2100.0, 2160.0, 2220.0, 2280.0, 2340.0, 2400.0, 2460.0, 2520.0, 2580.0, 2640.0, 2700.0, 2760.0, 2820.0, 2880.0, 2940.0, 3000.0]
/////////////////////////
PROCESSING:  TTM1500TZTZ
/////////////////////////
plotTreeName: Tprime2_DeepAK8_Mass
Flavour: M #tag: isV_tHbW #algo: DeepAK8
Weights: 1 * 1 * 1 * pileupWeight * 1 * lepIdSF * EGammaGsfSF * 1 * (MCWeight_singleLepCalc/abs(MCWeight_singleLepCalc)) * 4.98303385124e-05
Cuts: (leptonPt_singleLepCalc > 50) && (corr_met_singleLepCalc > 55) && (AK4HT > 480) && (minDR_lepJet > 0.4 || ptRel_lepJet > 40) && (NJetsAK8_JetSubCalc > 2) && (minDR_leadAK8otherAK8 < 3.0) && DataPastTrigger == 1 && isMuon==1
****************************************************************************************************
****************************************************************************************************
DISTRIBUTION: Tp2Mass
            -name in ljmet trees: Tprime2_ALGO_Mass
            -x-axis label is set to: ;M(T) [GeV])
            -using the binning as: [0.0, 60.0, 120.0, 180.0, 240.0, 300.0, 360.0, 420.0, 480.0, 540.0, 600.0, 660.0, 720.0, 780.0, 840.0, 900.0, 960.0, 1020.0, 1080.0, 1140.0, 1200.0, 1260.0, 1320.0, 1380.0, 1440.0, 1500.0, 1560.0, 1620.0, 1680.0, 1740.0, 1800.0, 1860.0, 1920.0, 1980.0, 2040.0, 2100.0, 2160.0, 2220.0, 2280.0, 2340.0, 2400.0, 2460.0, 2520.0, 2580.0, 2640.0, 2700.0, 2760.0, 2820.0, 2880.0, 2940.0, 3000.0]
/////////////////////////
PROCESSING:  TTM1500TZBW
/////////////////////////
plotTreeName: Tprime2_DeepAK8_Mass
Flavour: M #tag: isV_tHbW #algo: DeepAK8
Weights: 1 * 1 * 1 * pileupWeight * 1 * lepIdSF * EGammaGsfSF * 1 * (MCWeight_singleLepCalc/abs(MCWeight_singleLepCalc)) * 9.96606770248e-05
Cuts: (leptonPt_singleLepCalc > 50) && (corr_met_singleLepCalc > 55) && (AK4HT > 480) && (minDR_lepJet > 0.4 || ptRel_lepJet > 40) && (NJetsAK8_JetSubCalc > 2) && (minDR_leadAK8otherAK8 < 3.0) && DataPastTrigger == 1 && isMuon==1
****************************************************************************************************
****************************************************************************************************
DISTRIBUTION: Tp2Mass
            -name in ljmet trees: Tprime2_ALGO_Mass
            -x-axis label is set to: ;M(T) [GeV])
            -using the binning as: [0.0, 60.0, 120.0, 180.0, 240.0, 300.0, 360.0, 420.0, 480.0, 540.0, 600.0, 660.0, 720.0, 780.0, 840.0, 900.0, 960.0, 1020.0, 1080.0, 1140.0, 1200.0, 1260.0, 1320.0, 1380.0, 1440.0, 1500.0, 1560.0, 1620.0, 1680.0, 1740.0, 1800.0, 1860.0, 1920.0, 1980.0, 2040.0, 2100.0, 2160.0, 2220.0, 2280.0, 2340.0, 2400.0, 2460.0, 2520.0, 2580.0, 2640.0, 2700.0, 2760.0, 2820.0, 2880.0, 2940.0, 3000.0]
/////////////////////////
PROCESSING:  TTM1500THBW
/////////////////////////
plotTreeName: Tprime2_DeepAK8_Mass
Flavour: M #tag: isV_tHbW #algo: DeepAK8
Weights: 1 * 1 * 1 * pileupWeight * 1 * lepIdSF * EGammaGsfSF * 1 * (MCWeight_singleLepCalc/abs(MCWeight_singleLepCalc)) * 9.96606770248e-05
Cuts: (leptonPt_singleLepCalc > 50) && (corr_met_singleLepCalc > 55) && (AK4HT > 480) && (minDR_lepJet > 0.4 || ptRel_lepJet > 40) && (NJetsAK8_JetSubCalc > 2) && (minDR_leadAK8otherAK8 < 3.0) && DataPastTrigger == 1 && isMuon==1
****************************************************************************************************
****************************************************************************************************
DISTRIBUTION: Tp2Mass
            -name in ljmet trees: Tprime2_ALGO_Mass
            -x-axis label is set to: ;M(T) [GeV])
            -using the binning as: [0.0, 60.0, 120.0, 180.0, 240.0, 300.0, 360.0, 420.0, 480.0, 540.0, 600.0, 660.0, 720.0, 780.0, 840.0, 900.0, 960.0, 1020.0, 1080.0, 1140.0, 1200.0, 1260.0, 1320.0, 1380.0, 1440.0, 1500.0, 1560.0, 1620.0, 1680.0, 1740.0, 1800.0, 1860.0, 1920.0, 1980.0, 2040.0, 2100.0, 2160.0, 2220.0, 2280.0, 2340.0, 2400.0, 2460.0, 2520.0, 2580.0, 2640.0, 2700.0, 2760.0, 2820.0, 2880.0, 2940.0, 3000.0]
/////////////////////////
PROCESSING:  TTM1500TZTH
/////////////////////////
plotTreeName: Tprime2_DeepAK8_Mass
Flavour: M #tag: isV_tHbW #algo: DeepAK8
Weights: 1 * 1 * 1 * pileupWeight * 1 * lepIdSF * EGammaGsfSF * 1 * (MCWeight_singleLepCalc/abs(MCWeight_singleLepCalc)) * 4.98303385124e-05
Cuts: (leptonPt_singleLepCalc > 50) && (corr_met_singleLepCalc > 55) && (AK4HT > 480) && (minDR_lepJet > 0.4 || ptRel_lepJet > 40) && (NJetsAK8_JetSubCalc > 2) && (minDR_leadAK8otherAK8 < 3.0) && DataPastTrigger == 1 && isMuon==1
****************************************************************************************************
****************************************************************************************************
DISTRIBUTION: Tp2Mass
            -name in ljmet trees: Tprime2_ALGO_Mass
            -x-axis label is set to: ;M(T) [GeV])
            -using the binning as: [0.0, 60.0, 120.0, 180.0, 240.0, 300.0, 360.0, 420.0, 480.0, 540.0, 600.0, 660.0, 720.0, 780.0, 840.0, 900.0, 960.0, 1020.0, 1080.0, 1140.0, 1200.0, 1260.0, 1320.0, 1380.0, 1440.0, 1500.0, 1560.0, 1620.0, 1680.0, 1740.0, 1800.0, 1860.0, 1920.0, 1980.0, 2040.0, 2100.0, 2160.0, 2220.0, 2280.0, 2340.0, 2400.0, 2460.0, 2520.0, 2580.0, 2640.0, 2700.0, 2760.0, 2820.0, 2880.0, 2940.0, 3000.0]
/////////////////////////
PROCESSING:  TTM1600BWBW
/////////////////////////
plotTreeName: Tprime2_DeepAK8_Mass
Flavour: M #tag: isV_tHbW #algo: DeepAK8
Weights: 1 * 1 * 1 * pileupWeight * 1 * lepIdSF * EGammaGsfSF * 1 * (MCWeight_singleLepCalc/abs(MCWeight_singleLepCalc)) * 0.000114437939919
Cuts: (leptonPt_singleLepCalc > 50) && (corr_met_singleLepCalc > 55) && (AK4HT > 480) && (minDR_lepJet > 0.4 || ptRel_lepJet > 40) && (NJetsAK8_JetSubCalc > 2) && (minDR_leadAK8otherAK8 < 3.0) && DataPastTrigger == 1 && isMuon==1
****************************************************************************************************
****************************************************************************************************
DISTRIBUTION: Tp2Mass
            -name in ljmet trees: Tprime2_ALGO_Mass
            -x-axis label is set to: ;M(T) [GeV])
            -using the binning as: [0.0, 60.0, 120.0, 180.0, 240.0, 300.0, 360.0, 420.0, 480.0, 540.0, 600.0, 660.0, 720.0, 780.0, 840.0, 900.0, 960.0, 1020.0, 1080.0, 1140.0, 1200.0, 1260.0, 1320.0, 1380.0, 1440.0, 1500.0, 1560.0, 1620.0, 1680.0, 1740.0, 1800.0, 1860.0, 1920.0, 1980.0, 2040.0, 2100.0, 2160.0, 2220.0, 2280.0, 2340.0, 2400.0, 2460.0, 2520.0, 2580.0, 2640.0, 2700.0, 2760.0, 2820.0, 2880.0, 2940.0, 3000.0]
/////////////////////////
PROCESSING:  TTM1600THTH
/////////////////////////
plotTreeName: Tprime2_DeepAK8_Mass
Flavour: M #tag: isV_tHbW #algo: DeepAK8
Weights: 1 * 1 * 1 * pileupWeight * 1 * lepIdSF * EGammaGsfSF * 1 * (MCWeight_singleLepCalc/abs(MCWeight_singleLepCalc)) * 2.86094849797e-05
Cuts: (leptonPt_singleLepCalc > 50) && (corr_met_singleLepCalc > 55) && (AK4HT > 480) && (minDR_lepJet > 0.4 || ptRel_lepJet > 40) && (NJetsAK8_JetSubCalc > 2) && (minDR_leadAK8otherAK8 < 3.0) && DataPastTrigger == 1 && isMuon==1
****************************************************************************************************
****************************************************************************************************
DISTRIBUTION: Tp2Mass
            -name in ljmet trees: Tprime2_ALGO_Mass
            -x-axis label is set to: ;M(T) [GeV])
            -using the binning as: [0.0, 60.0, 120.0, 180.0, 240.0, 300.0, 360.0, 420.0, 480.0, 540.0, 600.0, 660.0, 720.0, 780.0, 840.0, 900.0, 960.0, 1020.0, 1080.0, 1140.0, 1200.0, 1260.0, 1320.0, 1380.0, 1440.0, 1500.0, 1560.0, 1620.0, 1680.0, 1740.0, 1800.0, 1860.0, 1920.0, 1980.0, 2040.0, 2100.0, 2160.0, 2220.0, 2280.0, 2340.0, 2400.0, 2460.0, 2520.0, 2580.0, 2640.0, 2700.0, 2760.0, 2820.0, 2880.0, 2940.0, 3000.0]
/////////////////////////
PROCESSING:  TTM1600TZTZ
/////////////////////////
plotTreeName: Tprime2_DeepAK8_Mass
Flavour: M #tag: isV_tHbW #algo: DeepAK8
Weights: 1 * 1 * 1 * pileupWeight * 1 * lepIdSF * EGammaGsfSF * 1 * (MCWeight_singleLepCalc/abs(MCWeight_singleLepCalc)) * 2.86094849797e-05
Cuts: (leptonPt_singleLepCalc > 50) && (corr_met_singleLepCalc > 55) && (AK4HT > 480) && (minDR_lepJet > 0.4 || ptRel_lepJet > 40) && (NJetsAK8_JetSubCalc > 2) && (minDR_leadAK8otherAK8 < 3.0) && DataPastTrigger == 1 && isMuon==1
****************************************************************************************************
****************************************************************************************************
DISTRIBUTION: Tp2Mass
            -name in ljmet trees: Tprime2_ALGO_Mass
            -x-axis label is set to: ;M(T) [GeV])
            -using the binning as: [0.0, 60.0, 120.0, 180.0, 240.0, 300.0, 360.0, 420.0, 480.0, 540.0, 600.0, 660.0, 720.0, 780.0, 840.0, 900.0, 960.0, 1020.0, 1080.0, 1140.0, 1200.0, 1260.0, 1320.0, 1380.0, 1440.0, 1500.0, 1560.0, 1620.0, 1680.0, 1740.0, 1800.0, 1860.0, 1920.0, 1980.0, 2040.0, 2100.0, 2160.0, 2220.0, 2280.0, 2340.0, 2400.0, 2460.0, 2520.0, 2580.0, 2640.0, 2700.0, 2760.0, 2820.0, 2880.0, 2940.0, 3000.0]
/////////////////////////
PROCESSING:  TTM1600TZBW
/////////////////////////
plotTreeName: Tprime2_DeepAK8_Mass
Flavour: M #tag: isV_tHbW #algo: DeepAK8
Weights: 1 * 1 * 1 * pileupWeight * 1 * lepIdSF * EGammaGsfSF * 1 * (MCWeight_singleLepCalc/abs(MCWeight_singleLepCalc)) * 5.72189699595e-05
Cuts: (leptonPt_singleLepCalc > 50) && (corr_met_singleLepCalc > 55) && (AK4HT > 480) && (minDR_lepJet > 0.4 || ptRel_lepJet > 40) && (NJetsAK8_JetSubCalc > 2) && (minDR_leadAK8otherAK8 < 3.0) && DataPastTrigger == 1 && isMuon==1
****************************************************************************************************
****************************************************************************************************
DISTRIBUTION: Tp2Mass
            -name in ljmet trees: Tprime2_ALGO_Mass
            -x-axis label is set to: ;M(T) [GeV])
            -using the binning as: [0.0, 60.0, 120.0, 180.0, 240.0, 300.0, 360.0, 420.0, 480.0, 540.0, 600.0, 660.0, 720.0, 780.0, 840.0, 900.0, 960.0, 1020.0, 1080.0, 1140.0, 1200.0, 1260.0, 1320.0, 1380.0, 1440.0, 1500.0, 1560.0, 1620.0, 1680.0, 1740.0, 1800.0, 1860.0, 1920.0, 1980.0, 2040.0, 2100.0, 2160.0, 2220.0, 2280.0, 2340.0, 2400.0, 2460.0, 2520.0, 2580.0, 2640.0, 2700.0, 2760.0, 2820.0, 2880.0, 2940.0, 3000.0]
/////////////////////////
PROCESSING:  TTM1600THBW
/////////////////////////
plotTreeName: Tprime2_DeepAK8_Mass
Flavour: M #tag: isV_tHbW #algo: DeepAK8
Weights: 1 * 1 * 1 * pileupWeight * 1 * lepIdSF * EGammaGsfSF * 1 * (MCWeight_singleLepCalc/abs(MCWeight_singleLepCalc)) * 5.72189699595e-05
Cuts: (leptonPt_singleLepCalc > 50) && (corr_met_singleLepCalc > 55) && (AK4HT > 480) && (minDR_lepJet > 0.4 || ptRel_lepJet > 40) && (NJetsAK8_JetSubCalc > 2) && (minDR_leadAK8otherAK8 < 3.0) && DataPastTrigger == 1 && isMuon==1
****************************************************************************************************
****************************************************************************************************
DISTRIBUTION: Tp2Mass
            -name in ljmet trees: Tprime2_ALGO_Mass
            -x-axis label is set to: ;M(T) [GeV])
            -using the binning as: [0.0, 60.0, 120.0, 180.0, 240.0, 300.0, 360.0, 420.0, 480.0, 540.0, 600.0, 660.0, 720.0, 780.0, 840.0, 900.0, 960.0, 1020.0, 1080.0, 1140.0, 1200.0, 1260.0, 1320.0, 1380.0, 1440.0, 1500.0, 1560.0, 1620.0, 1680.0, 1740.0, 1800.0, 1860.0, 1920.0, 1980.0, 2040.0, 2100.0, 2160.0, 2220.0, 2280.0, 2340.0, 2400.0, 2460.0, 2520.0, 2580.0, 2640.0, 2700.0, 2760.0, 2820.0, 2880.0, 2940.0, 3000.0]
/////////////////////////
PROCESSING:  TTM1600TZTH
/////////////////////////
plotTreeName: Tprime2_DeepAK8_Mass
Flavour: M #tag: isV_tHbW #algo: DeepAK8
Weights: 1 * 1 * 1 * pileupWeight * 1 * lepIdSF * EGammaGsfSF * 1 * (MCWeight_singleLepCalc/abs(MCWeight_singleLepCalc)) * 2.86094849797e-05
Cuts: (leptonPt_singleLepCalc > 50) && (corr_met_singleLepCalc > 55) && (AK4HT > 480) && (minDR_lepJet > 0.4 || ptRel_lepJet > 40) && (NJetsAK8_JetSubCalc > 2) && (minDR_leadAK8otherAK8 < 3.0) && DataPastTrigger == 1 && isMuon==1
****************************************************************************************************
****************************************************************************************************
DISTRIBUTION: Tp2Mass
            -name in ljmet trees: Tprime2_ALGO_Mass
            -x-axis label is set to: ;M(T) [GeV])
            -using the binning as: [0.0, 60.0, 120.0, 180.0, 240.0, 300.0, 360.0, 420.0, 480.0, 540.0, 600.0, 660.0, 720.0, 780.0, 840.0, 900.0, 960.0, 1020.0, 1080.0, 1140.0, 1200.0, 1260.0, 1320.0, 1380.0, 1440.0, 1500.0, 1560.0, 1620.0, 1680.0, 1740.0, 1800.0, 1860.0, 1920.0, 1980.0, 2040.0, 2100.0, 2160.0, 2220.0, 2280.0, 2340.0, 2400.0, 2460.0, 2520.0, 2580.0, 2640.0, 2700.0, 2760.0, 2820.0, 2880.0, 2940.0, 3000.0]
/////////////////////////
PROCESSING:  TTM1700BWBW
/////////////////////////
plotTreeName: Tprime2_DeepAK8_Mass
Flavour: M #tag: isV_tHbW #algo: DeepAK8
Weights: 1 * 1 * 1 * pileupWeight * 1 * lepIdSF * EGammaGsfSF * 1 * (MCWeight_singleLepCalc/abs(MCWeight_singleLepCalc)) * 6.93554282011e-05
Cuts: (leptonPt_singleLepCalc > 50) && (corr_met_singleLepCalc > 55) && (AK4HT > 480) && (minDR_lepJet > 0.4 || ptRel_lepJet > 40) && (NJetsAK8_JetSubCalc > 2) && (minDR_leadAK8otherAK8 < 3.0) && DataPastTrigger == 1 && isMuon==1
****************************************************************************************************
****************************************************************************************************
DISTRIBUTION: Tp2Mass
            -name in ljmet trees: Tprime2_ALGO_Mass
            -x-axis label is set to: ;M(T) [GeV])
            -using the binning as: [0.0, 60.0, 120.0, 180.0, 240.0, 300.0, 360.0, 420.0, 480.0, 540.0, 600.0, 660.0, 720.0, 780.0, 840.0, 900.0, 960.0, 1020.0, 1080.0, 1140.0, 1200.0, 1260.0, 1320.0, 1380.0, 1440.0, 1500.0, 1560.0, 1620.0, 1680.0, 1740.0, 1800.0, 1860.0, 1920.0, 1980.0, 2040.0, 2100.0, 2160.0, 2220.0, 2280.0, 2340.0, 2400.0, 2460.0, 2520.0, 2580.0, 2640.0, 2700.0, 2760.0, 2820.0, 2880.0, 2940.0, 3000.0]
/////////////////////////
PROCESSING:  TTM1700THTH
/////////////////////////
plotTreeName: Tprime2_DeepAK8_Mass
Flavour: M #tag: isV_tHbW #algo: DeepAK8
Weights: 1 * 1 * 1 * pileupWeight * 1 * lepIdSF * EGammaGsfSF * 1 * (MCWeight_singleLepCalc/abs(MCWeight_singleLepCalc)) * 1.73388570503e-05
Cuts: (leptonPt_singleLepCalc > 50) && (corr_met_singleLepCalc > 55) && (AK4HT > 480) && (minDR_lepJet > 0.4 || ptRel_lepJet > 40) && (NJetsAK8_JetSubCalc > 2) && (minDR_leadAK8otherAK8 < 3.0) && DataPastTrigger == 1 && isMuon==1
****************************************************************************************************
****************************************************************************************************
DISTRIBUTION: Tp2Mass
            -name in ljmet trees: Tprime2_ALGO_Mass
            -x-axis label is set to: ;M(T) [GeV])
            -using the binning as: [0.0, 60.0, 120.0, 180.0, 240.0, 300.0, 360.0, 420.0, 480.0, 540.0, 600.0, 660.0, 720.0, 780.0, 840.0, 900.0, 960.0, 1020.0, 1080.0, 1140.0, 1200.0, 1260.0, 1320.0, 1380.0, 1440.0, 1500.0, 1560.0, 1620.0, 1680.0, 1740.0, 1800.0, 1860.0, 1920.0, 1980.0, 2040.0, 2100.0, 2160.0, 2220.0, 2280.0, 2340.0, 2400.0, 2460.0, 2520.0, 2580.0, 2640.0, 2700.0, 2760.0, 2820.0, 2880.0, 2940.0, 3000.0]
/////////////////////////
PROCESSING:  TTM1700TZTZ
/////////////////////////
plotTreeName: Tprime2_DeepAK8_Mass
Flavour: M #tag: isV_tHbW #algo: DeepAK8
Weights: 1 * 1 * 1 * pileupWeight * 1 * lepIdSF * EGammaGsfSF * 1 * (MCWeight_singleLepCalc/abs(MCWeight_singleLepCalc)) * 1.73388570503e-05
Cuts: (leptonPt_singleLepCalc > 50) && (corr_met_singleLepCalc > 55) && (AK4HT > 480) && (minDR_lepJet > 0.4 || ptRel_lepJet > 40) && (NJetsAK8_JetSubCalc > 2) && (minDR_leadAK8otherAK8 < 3.0) && DataPastTrigger == 1 && isMuon==1
****************************************************************************************************
****************************************************************************************************
DISTRIBUTION: Tp2Mass
            -name in ljmet trees: Tprime2_ALGO_Mass
            -x-axis label is set to: ;M(T) [GeV])
            -using the binning as: [0.0, 60.0, 120.0, 180.0, 240.0, 300.0, 360.0, 420.0, 480.0, 540.0, 600.0, 660.0, 720.0, 780.0, 840.0, 900.0, 960.0, 1020.0, 1080.0, 1140.0, 1200.0, 1260.0, 1320.0, 1380.0, 1440.0, 1500.0, 1560.0, 1620.0, 1680.0, 1740.0, 1800.0, 1860.0, 1920.0, 1980.0, 2040.0, 2100.0, 2160.0, 2220.0, 2280.0, 2340.0, 2400.0, 2460.0, 2520.0, 2580.0, 2640.0, 2700.0, 2760.0, 2820.0, 2880.0, 2940.0, 3000.0]
/////////////////////////
PROCESSING:  TTM1700TZBW
/////////////////////////
plotTreeName: Tprime2_DeepAK8_Mass
Flavour: M #tag: isV_tHbW #algo: DeepAK8
Weights: 1 * 1 * 1 * pileupWeight * 1 * lepIdSF * EGammaGsfSF * 1 * (MCWeight_singleLepCalc/abs(MCWeight_singleLepCalc)) * 3.46777141005e-05
Cuts: (leptonPt_singleLepCalc > 50) && (corr_met_singleLepCalc > 55) && (AK4HT > 480) && (minDR_lepJet > 0.4 || ptRel_lepJet > 40) && (NJetsAK8_JetSubCalc > 2) && (minDR_leadAK8otherAK8 < 3.0) && DataPastTrigger == 1 && isMuon==1
****************************************************************************************************
****************************************************************************************************
DISTRIBUTION: Tp2Mass
            -name in ljmet trees: Tprime2_ALGO_Mass
            -x-axis label is set to: ;M(T) [GeV])
            -using the binning as: [0.0, 60.0, 120.0, 180.0, 240.0, 300.0, 360.0, 420.0, 480.0, 540.0, 600.0, 660.0, 720.0, 780.0, 840.0, 900.0, 960.0, 1020.0, 1080.0, 1140.0, 1200.0, 1260.0, 1320.0, 1380.0, 1440.0, 1500.0, 1560.0, 1620.0, 1680.0, 1740.0, 1800.0, 1860.0, 1920.0, 1980.0, 2040.0, 2100.0, 2160.0, 2220.0, 2280.0, 2340.0, 2400.0, 2460.0, 2520.0, 2580.0, 2640.0, 2700.0, 2760.0, 2820.0, 2880.0, 2940.0, 3000.0]
/////////////////////////
PROCESSING:  TTM1700THBW
/////////////////////////
plotTreeName: Tprime2_DeepAK8_Mass
Flavour: M #tag: isV_tHbW #algo: DeepAK8
Weights: 1 * 1 * 1 * pileupWeight * 1 * lepIdSF * EGammaGsfSF * 1 * (MCWeight_singleLepCalc/abs(MCWeight_singleLepCalc)) * 3.46777141005e-05
Cuts: (leptonPt_singleLepCalc > 50) && (corr_met_singleLepCalc > 55) && (AK4HT > 480) && (minDR_lepJet > 0.4 || ptRel_lepJet > 40) && (NJetsAK8_JetSubCalc > 2) && (minDR_leadAK8otherAK8 < 3.0) && DataPastTrigger == 1 && isMuon==1
****************************************************************************************************
****************************************************************************************************
DISTRIBUTION: Tp2Mass
            -name in ljmet trees: Tprime2_ALGO_Mass
            -x-axis label is set to: ;M(T) [GeV])
            -using the binning as: [0.0, 60.0, 120.0, 180.0, 240.0, 300.0, 360.0, 420.0, 480.0, 540.0, 600.0, 660.0, 720.0, 780.0, 840.0, 900.0, 960.0, 1020.0, 1080.0, 1140.0, 1200.0, 1260.0, 1320.0, 1380.0, 1440.0, 1500.0, 1560.0, 1620.0, 1680.0, 1740.0, 1800.0, 1860.0, 1920.0, 1980.0, 2040.0, 2100.0, 2160.0, 2220.0, 2280.0, 2340.0, 2400.0, 2460.0, 2520.0, 2580.0, 2640.0, 2700.0, 2760.0, 2820.0, 2880.0, 2940.0, 3000.0]
/////////////////////////
PROCESSING:  TTM1700TZTH
/////////////////////////
plotTreeName: Tprime2_DeepAK8_Mass
Flavour: M #tag: isV_tHbW #algo: DeepAK8
Weights: 1 * 1 * 1 * pileupWeight * 1 * lepIdSF * EGammaGsfSF * 1 * (MCWeight_singleLepCalc/abs(MCWeight_singleLepCalc)) * 1.73388570503e-05
Cuts: (leptonPt_singleLepCalc > 50) && (corr_met_singleLepCalc > 55) && (AK4HT > 480) && (minDR_lepJet > 0.4 || ptRel_lepJet > 40) && (NJetsAK8_JetSubCalc > 2) && (minDR_leadAK8otherAK8 < 3.0) && DataPastTrigger == 1 && isMuon==1
****************************************************************************************************
****************************************************************************************************
DISTRIBUTION: Tp2Mass
            -name in ljmet trees: Tprime2_ALGO_Mass
            -x-axis label is set to: ;M(T) [GeV])
            -using the binning as: [0.0, 60.0, 120.0, 180.0, 240.0, 300.0, 360.0, 420.0, 480.0, 540.0, 600.0, 660.0, 720.0, 780.0, 840.0, 900.0, 960.0, 1020.0, 1080.0, 1140.0, 1200.0, 1260.0, 1320.0, 1380.0, 1440.0, 1500.0, 1560.0, 1620.0, 1680.0, 1740.0, 1800.0, 1860.0, 1920.0, 1980.0, 2040.0, 2100.0, 2160.0, 2220.0, 2280.0, 2340.0, 2400.0, 2460.0, 2520.0, 2580.0, 2640.0, 2700.0, 2760.0, 2820.0, 2880.0, 2940.0, 3000.0]
/////////////////////////
PROCESSING:  TTM1800BWBW
/////////////////////////
plotTreeName: Tprime2_DeepAK8_Mass
Flavour: M #tag: isV_tHbW #algo: DeepAK8
Weights: 1 * 1 * 1 * pileupWeight * 1 * lepIdSF * EGammaGsfSF * 1 * (MCWeight_singleLepCalc/abs(MCWeight_singleLepCalc)) * 3.89579688164e-05
Cuts: (leptonPt_singleLepCalc > 50) && (corr_met_singleLepCalc > 55) && (AK4HT > 480) && (minDR_lepJet > 0.4 || ptRel_lepJet > 40) && (NJetsAK8_JetSubCalc > 2) && (minDR_leadAK8otherAK8 < 3.0) && DataPastTrigger == 1 && isMuon==1
****************************************************************************************************
****************************************************************************************************
DISTRIBUTION: Tp2Mass
            -name in ljmet trees: Tprime2_ALGO_Mass
            -x-axis label is set to: ;M(T) [GeV])
            -using the binning as: [0.0, 60.0, 120.0, 180.0, 240.0, 300.0, 360.0, 420.0, 480.0, 540.0, 600.0, 660.0, 720.0, 780.0, 840.0, 900.0, 960.0, 1020.0, 1080.0, 1140.0, 1200.0, 1260.0, 1320.0, 1380.0, 1440.0, 1500.0, 1560.0, 1620.0, 1680.0, 1740.0, 1800.0, 1860.0, 1920.0, 1980.0, 2040.0, 2100.0, 2160.0, 2220.0, 2280.0, 2340.0, 2400.0, 2460.0, 2520.0, 2580.0, 2640.0, 2700.0, 2760.0, 2820.0, 2880.0, 2940.0, 3000.0]
/////////////////////////
PROCESSING:  TTM1800THTH
/////////////////////////
plotTreeName: Tprime2_DeepAK8_Mass
Flavour: M #tag: isV_tHbW #algo: DeepAK8
Weights: 1 * 1 * 1 * pileupWeight * 1 * lepIdSF * EGammaGsfSF * 1 * (MCWeight_singleLepCalc/abs(MCWeight_singleLepCalc)) * 9.7394922041e-06
Cuts: (leptonPt_singleLepCalc > 50) && (corr_met_singleLepCalc > 55) && (AK4HT > 480) && (minDR_lepJet > 0.4 || ptRel_lepJet > 40) && (NJetsAK8_JetSubCalc > 2) && (minDR_leadAK8otherAK8 < 3.0) && DataPastTrigger == 1 && isMuon==1
****************************************************************************************************
****************************************************************************************************
DISTRIBUTION: Tp2Mass
            -name in ljmet trees: Tprime2_ALGO_Mass
            -x-axis label is set to: ;M(T) [GeV])
            -using the binning as: [0.0, 60.0, 120.0, 180.0, 240.0, 300.0, 360.0, 420.0, 480.0, 540.0, 600.0, 660.0, 720.0, 780.0, 840.0, 900.0, 960.0, 1020.0, 1080.0, 1140.0, 1200.0, 1260.0, 1320.0, 1380.0, 1440.0, 1500.0, 1560.0, 1620.0, 1680.0, 1740.0, 1800.0, 1860.0, 1920.0, 1980.0, 2040.0, 2100.0, 2160.0, 2220.0, 2280.0, 2340.0, 2400.0, 2460.0, 2520.0, 2580.0, 2640.0, 2700.0, 2760.0, 2820.0, 2880.0, 2940.0, 3000.0]
/////////////////////////
PROCESSING:  TTM1800TZTZ
/////////////////////////
plotTreeName: Tprime2_DeepAK8_Mass
Flavour: M #tag: isV_tHbW #algo: DeepAK8
Weights: 1 * 1 * 1 * pileupWeight * 1 * lepIdSF * EGammaGsfSF * 1 * (MCWeight_singleLepCalc/abs(MCWeight_singleLepCalc)) * 9.7394922041e-06
Cuts: (leptonPt_singleLepCalc > 50) && (corr_met_singleLepCalc > 55) && (AK4HT > 480) && (minDR_lepJet > 0.4 || ptRel_lepJet > 40) && (NJetsAK8_JetSubCalc > 2) && (minDR_leadAK8otherAK8 < 3.0) && DataPastTrigger == 1 && isMuon==1
****************************************************************************************************
****************************************************************************************************
DISTRIBUTION: Tp2Mass
            -name in ljmet trees: Tprime2_ALGO_Mass
            -x-axis label is set to: ;M(T) [GeV])
            -using the binning as: [0.0, 60.0, 120.0, 180.0, 240.0, 300.0, 360.0, 420.0, 480.0, 540.0, 600.0, 660.0, 720.0, 780.0, 840.0, 900.0, 960.0, 1020.0, 1080.0, 1140.0, 1200.0, 1260.0, 1320.0, 1380.0, 1440.0, 1500.0, 1560.0, 1620.0, 1680.0, 1740.0, 1800.0, 1860.0, 1920.0, 1980.0, 2040.0, 2100.0, 2160.0, 2220.0, 2280.0, 2340.0, 2400.0, 2460.0, 2520.0, 2580.0, 2640.0, 2700.0, 2760.0, 2820.0, 2880.0, 2940.0, 3000.0]
/////////////////////////
PROCESSING:  TTM1800TZBW
/////////////////////////
plotTreeName: Tprime2_DeepAK8_Mass
Flavour: M #tag: isV_tHbW #algo: DeepAK8
Weights: 1 * 1 * 1 * pileupWeight * 1 * lepIdSF * EGammaGsfSF * 1 * (MCWeight_singleLepCalc/abs(MCWeight_singleLepCalc)) * 1.94789844082e-05
Cuts: (leptonPt_singleLepCalc > 50) && (corr_met_singleLepCalc > 55) && (AK4HT > 480) && (minDR_lepJet > 0.4 || ptRel_lepJet > 40) && (NJetsAK8_JetSubCalc > 2) && (minDR_leadAK8otherAK8 < 3.0) && DataPastTrigger == 1 && isMuon==1
****************************************************************************************************
****************************************************************************************************
DISTRIBUTION: Tp2Mass
            -name in ljmet trees: Tprime2_ALGO_Mass
            -x-axis label is set to: ;M(T) [GeV])
            -using the binning as: [0.0, 60.0, 120.0, 180.0, 240.0, 300.0, 360.0, 420.0, 480.0, 540.0, 600.0, 660.0, 720.0, 780.0, 840.0, 900.0, 960.0, 1020.0, 1080.0, 1140.0, 1200.0, 1260.0, 1320.0, 1380.0, 1440.0, 1500.0, 1560.0, 1620.0, 1680.0, 1740.0, 1800.0, 1860.0, 1920.0, 1980.0, 2040.0, 2100.0, 2160.0, 2220.0, 2280.0, 2340.0, 2400.0, 2460.0, 2520.0, 2580.0, 2640.0, 2700.0, 2760.0, 2820.0, 2880.0, 2940.0, 3000.0]
/////////////////////////
PROCESSING:  TTM1800THBW
/////////////////////////
plotTreeName: Tprime2_DeepAK8_Mass
Flavour: M #tag: isV_tHbW #algo: DeepAK8
Weights: 1 * 1 * 1 * pileupWeight * 1 * lepIdSF * EGammaGsfSF * 1 * (MCWeight_singleLepCalc/abs(MCWeight_singleLepCalc)) * 1.94789844082e-05
Cuts: (leptonPt_singleLepCalc > 50) && (corr_met_singleLepCalc > 55) && (AK4HT > 480) && (minDR_lepJet > 0.4 || ptRel_lepJet > 40) && (NJetsAK8_JetSubCalc > 2) && (minDR_leadAK8otherAK8 < 3.0) && DataPastTrigger == 1 && isMuon==1
****************************************************************************************************
****************************************************************************************************
DISTRIBUTION: Tp2Mass
            -name in ljmet trees: Tprime2_ALGO_Mass
            -x-axis label is set to: ;M(T) [GeV])
            -using the binning as: [0.0, 60.0, 120.0, 180.0, 240.0, 300.0, 360.0, 420.0, 480.0, 540.0, 600.0, 660.0, 720.0, 780.0, 840.0, 900.0, 960.0, 1020.0, 1080.0, 1140.0, 1200.0, 1260.0, 1320.0, 1380.0, 1440.0, 1500.0, 1560.0, 1620.0, 1680.0, 1740.0, 1800.0, 1860.0, 1920.0, 1980.0, 2040.0, 2100.0, 2160.0, 2220.0, 2280.0, 2340.0, 2400.0, 2460.0, 2520.0, 2580.0, 2640.0, 2700.0, 2760.0, 2820.0, 2880.0, 2940.0, 3000.0]
/////////////////////////
PROCESSING:  TTM1800TZTH
/////////////////////////
plotTreeName: Tprime2_DeepAK8_Mass
Flavour: M #tag: isV_tHbW #algo: DeepAK8
Weights: 1 * 1 * 1 * pileupWeight * 1 * lepIdSF * EGammaGsfSF * 1 * (MCWeight_singleLepCalc/abs(MCWeight_singleLepCalc)) * 9.7394922041e-06
Cuts: (leptonPt_singleLepCalc > 50) && (corr_met_singleLepCalc > 55) && (AK4HT > 480) && (minDR_lepJet > 0.4 || ptRel_lepJet > 40) && (NJetsAK8_JetSubCalc > 2) && (minDR_leadAK8otherAK8 < 3.0) && DataPastTrigger == 1 && isMuon==1
****************************************************************************************************
****************************************************************************************************
DISTRIBUTION: Tp2Mass
            -name in ljmet trees: Tprime2_ALGO_Mass
            -x-axis label is set to: ;M(T) [GeV])
            -using the binning as: [0.0, 60.0, 120.0, 180.0, 240.0, 300.0, 360.0, 420.0, 480.0, 540.0, 600.0, 660.0, 720.0, 780.0, 840.0, 900.0, 960.0, 1020.0, 1080.0, 1140.0, 1200.0, 1260.0, 1320.0, 1380.0, 1440.0, 1500.0, 1560.0, 1620.0, 1680.0, 1740.0, 1800.0, 1860.0, 1920.0, 1980.0, 2040.0, 2100.0, 2160.0, 2220.0, 2280.0, 2340.0, 2400.0, 2460.0, 2520.0, 2580.0, 2640.0, 2700.0, 2760.0, 2820.0, 2880.0, 2940.0, 3000.0]
/////////////////////////
PROCESSING:  WJetsMG400
/////////////////////////
plotTreeName: Tprime2_DeepAK8_decorr_Mass
Flavour: M #tag: isV_tHbW #algo: DeepAK8_decorr
Weights: 1 * HTSF_Pol * 1 * pileupWeight * 1 * lepIdSF * EGammaGsfSF * 1 * (MCWeight_singleLepCalc/abs(MCWeight_singleLepCalc)) * 0.280770227538
Cuts: (leptonPt_singleLepCalc > 50) && (corr_met_singleLepCalc > 55) && (AK4HT > 480) && (minDR_lepJet > 0.4 || ptRel_lepJet > 40) && (NJetsAK8_JetSubCalc > 2) && (minDR_leadAK8otherAK8 < 3.0) && DataPastTrigger == 1 && isMuon==1
****************************************************************************************************
****************************************************************************************************
DISTRIBUTION: Tp2Mass
            -name in ljmet trees: Tprime2_ALGO_Mass
            -x-axis label is set to: ;M(T) [GeV])
            -using the binning as: [0.0, 60.0, 120.0, 180.0, 240.0, 300.0, 360.0, 420.0, 480.0, 540.0, 600.0, 660.0, 720.0, 780.0, 840.0, 900.0, 960.0, 1020.0, 1080.0, 1140.0, 1200.0, 1260.0, 1320.0, 1380.0, 1440.0, 1500.0, 1560.0, 1620.0, 1680.0, 1740.0, 1800.0, 1860.0, 1920.0, 1980.0, 2040.0, 2100.0, 2160.0, 2220.0, 2280.0, 2340.0, 2400.0, 2460.0, 2520.0, 2580.0, 2640.0, 2700.0, 2760.0, 2820.0, 2880.0, 2940.0, 3000.0]
/////////////////////////
PROCESSING:  WJetsMG600
/////////////////////////
plotTreeName: Tprime2_DeepAK8_decorr_Mass
Flavour: M #tag: isV_tHbW #algo: DeepAK8_decorr
Weights: 1 * HTSF_Pol * 1 * pileupWeight * 1 * lepIdSF * EGammaGsfSF * 1 * (MCWeight_singleLepCalc/abs(MCWeight_singleLepCalc)) * 0.0287233231554
Cuts: (leptonPt_singleLepCalc > 50) && (corr_met_singleLepCalc > 55) && (AK4HT > 480) && (minDR_lepJet > 0.4 || ptRel_lepJet > 40) && (NJetsAK8_JetSubCalc > 2) && (minDR_leadAK8otherAK8 < 3.0) && DataPastTrigger == 1 && isMuon==1
****************************************************************************************************
****************************************************************************************************
DISTRIBUTION: Tp2Mass
            -name in ljmet trees: Tprime2_ALGO_Mass
            -x-axis label is set to: ;M(T) [GeV])
            -using the binning as: [0.0, 60.0, 120.0, 180.0, 240.0, 300.0, 360.0, 420.0, 480.0, 540.0, 600.0, 660.0, 720.0, 780.0, 840.0, 900.0, 960.0, 1020.0, 1080.0, 1140.0, 1200.0, 1260.0, 1320.0, 1380.0, 1440.0, 1500.0, 1560.0, 1620.0, 1680.0, 1740.0, 1800.0, 1860.0, 1920.0, 1980.0, 2040.0, 2100.0, 2160.0, 2220.0, 2280.0, 2340.0, 2400.0, 2460.0, 2520.0, 2580.0, 2640.0, 2700.0, 2760.0, 2820.0, 2880.0, 2940.0, 3000.0]
/////////////////////////
PROCESSING:  WJetsMG800
/////////////////////////
plotTreeName: Tprime2_DeepAK8_decorr_Mass
Flavour: M #tag: isV_tHbW #algo: DeepAK8_decorr
Weights: 1 * HTSF_Pol * 1 * pileupWeight * 1 * lepIdSF * EGammaGsfSF * 1 * (MCWeight_singleLepCalc/abs(MCWeight_singleLepCalc)) * 0.0316367902594
Cuts: (leptonPt_singleLepCalc > 50) && (corr_met_singleLepCalc > 55) && (AK4HT > 480) && (minDR_lepJet > 0.4 || ptRel_lepJet > 40) && (NJetsAK8_JetSubCalc > 2) && (minDR_leadAK8otherAK8 < 3.0) && DataPastTrigger == 1 && isMuon==1
****************************************************************************************************
****************************************************************************************************
DISTRIBUTION: Tp2Mass
            -name in ljmet trees: Tprime2_ALGO_Mass
            -x-axis label is set to: ;M(T) [GeV])
            -using the binning as: [0.0, 60.0, 120.0, 180.0, 240.0, 300.0, 360.0, 420.0, 480.0, 540.0, 600.0, 660.0, 720.0, 780.0, 840.0, 900.0, 960.0, 1020.0, 1080.0, 1140.0, 1200.0, 1260.0, 1320.0, 1380.0, 1440.0, 1500.0, 1560.0, 1620.0, 1680.0, 1740.0, 1800.0, 1860.0, 1920.0, 1980.0, 2040.0, 2100.0, 2160.0, 2220.0, 2280.0, 2340.0, 2400.0, 2460.0, 2520.0, 2580.0, 2640.0, 2700.0, 2760.0, 2820.0, 2880.0, 2940.0, 3000.0]
/////////////////////////
PROCESSING:  WJetsMG1200
/////////////////////////
plotTreeName: Tprime2_DeepAK8_decorr_Mass
Flavour: M #tag: isV_tHbW #algo: DeepAK8_decorr
Weights: 1 * HTSF_Pol * 1 * pileupWeight * 1 * lepIdSF * EGammaGsfSF * 1 * (MCWeight_singleLepCalc/abs(MCWeight_singleLepCalc)) * 0.00861414819858
Cuts: (leptonPt_singleLepCalc > 50) && (corr_met_singleLepCalc > 55) && (AK4HT > 480) && (minDR_lepJet > 0.4 || ptRel_lepJet > 40) && (NJetsAK8_JetSubCalc > 2) && (minDR_leadAK8otherAK8 < 3.0) && DataPastTrigger == 1 && isMuon==1
****************************************************************************************************
****************************************************************************************************
DISTRIBUTION: Tp2Mass
            -name in ljmet trees: Tprime2_ALGO_Mass
            -x-axis label is set to: ;M(T) [GeV])
            -using the binning as: [0.0, 60.0, 120.0, 180.0, 240.0, 300.0, 360.0, 420.0, 480.0, 540.0, 600.0, 660.0, 720.0, 780.0, 840.0, 900.0, 960.0, 1020.0, 1080.0, 1140.0, 1200.0, 1260.0, 1320.0, 1380.0, 1440.0, 1500.0, 1560.0, 1620.0, 1680.0, 1740.0, 1800.0, 1860.0, 1920.0, 1980.0, 2040.0, 2100.0, 2160.0, 2220.0, 2280.0, 2340.0, 2400.0, 2460.0, 2520.0, 2580.0, 2640.0, 2700.0, 2760.0, 2820.0, 2880.0, 2940.0, 3000.0]
/////////////////////////
PROCESSING:  WJetsMG2500
/////////////////////////
plotTreeName: Tprime2_DeepAK8_decorr_Mass
Flavour: M #tag: isV_tHbW #algo: DeepAK8_decorr
Weights: 1 * HTSF_Pol * 1 * pileupWeight * 1 * lepIdSF * EGammaGsfSF * 1 * (MCWeight_singleLepCalc/abs(MCWeight_singleLepCalc)) * 0.00054308661217
Cuts: (leptonPt_singleLepCalc > 50) && (corr_met_singleLepCalc > 55) && (AK4HT > 480) && (minDR_lepJet > 0.4 || ptRel_lepJet > 40) && (NJetsAK8_JetSubCalc > 2) && (minDR_leadAK8otherAK8 < 3.0) && DataPastTrigger == 1 && isMuon==1
****************************************************************************************************
****************************************************************************************************
DISTRIBUTION: Tp2Mass
            -name in ljmet trees: Tprime2_ALGO_Mass
            -x-axis label is set to: ;M(T) [GeV])
            -using the binning as: [0.0, 60.0, 120.0, 180.0, 240.0, 300.0, 360.0, 420.0, 480.0, 540.0, 600.0, 660.0, 720.0, 780.0, 840.0, 900.0, 960.0, 1020.0, 1080.0, 1140.0, 1200.0, 1260.0, 1320.0, 1380.0, 1440.0, 1500.0, 1560.0, 1620.0, 1680.0, 1740.0, 1800.0, 1860.0, 1920.0, 1980.0, 2040.0, 2100.0, 2160.0, 2220.0, 2280.0, 2340.0, 2400.0, 2460.0, 2520.0, 2580.0, 2640.0, 2700.0, 2760.0, 2820.0, 2880.0, 2940.0, 3000.0]
/////////////////////////
PROCESSING:  TTM1100BWBW
/////////////////////////
plotTreeName: Tprime2_DeepAK8_decorr_Mass
Flavour: M #tag: isV_tHbW #algo: DeepAK8_decorr
Weights: 1 * 1 * 1 * pileupWeight * 1 * lepIdSF * EGammaGsfSF * 1 * (MCWeight_singleLepCalc/abs(MCWeight_singleLepCalc)) * 0.00223239916536
Cuts: (leptonPt_singleLepCalc > 50) && (corr_met_singleLepCalc > 55) && (AK4HT > 480) && (minDR_lepJet > 0.4 || ptRel_lepJet > 40) && (NJetsAK8_JetSubCalc > 2) && (minDR_leadAK8otherAK8 < 3.0) && DataPastTrigger == 1 && isMuon==1
****************************************************************************************************
****************************************************************************************************
DISTRIBUTION: Tp2Mass
            -name in ljmet trees: Tprime2_ALGO_Mass
            -x-axis label is set to: ;M(T) [GeV])
            -using the binning as: [0.0, 60.0, 120.0, 180.0, 240.0, 300.0, 360.0, 420.0, 480.0, 540.0, 600.0, 660.0, 720.0, 780.0, 840.0, 900.0, 960.0, 1020.0, 1080.0, 1140.0, 1200.0, 1260.0, 1320.0, 1380.0, 1440.0, 1500.0, 1560.0, 1620.0, 1680.0, 1740.0, 1800.0, 1860.0, 1920.0, 1980.0, 2040.0, 2100.0, 2160.0, 2220.0, 2280.0, 2340.0, 2400.0, 2460.0, 2520.0, 2580.0, 2640.0, 2700.0, 2760.0, 2820.0, 2880.0, 2940.0, 3000.0]
/////////////////////////
PROCESSING:  TTM1100THTH
/////////////////////////
plotTreeName: Tprime2_DeepAK8_decorr_Mass
Flavour: M #tag: isV_tHbW #algo: DeepAK8_decorr
Weights: 1 * 1 * 1 * pileupWeight * 1 * lepIdSF * EGammaGsfSF * 1 * (MCWeight_singleLepCalc/abs(MCWeight_singleLepCalc)) * 0.000558099791339
Cuts: (leptonPt_singleLepCalc > 50) && (corr_met_singleLepCalc > 55) && (AK4HT > 480) && (minDR_lepJet > 0.4 || ptRel_lepJet > 40) && (NJetsAK8_JetSubCalc > 2) && (minDR_leadAK8otherAK8 < 3.0) && DataPastTrigger == 1 && isMuon==1
****************************************************************************************************
****************************************************************************************************
DISTRIBUTION: Tp2Mass
            -name in ljmet trees: Tprime2_ALGO_Mass
            -x-axis label is set to: ;M(T) [GeV])
            -using the binning as: [0.0, 60.0, 120.0, 180.0, 240.0, 300.0, 360.0, 420.0, 480.0, 540.0, 600.0, 660.0, 720.0, 780.0, 840.0, 900.0, 960.0, 1020.0, 1080.0, 1140.0, 1200.0, 1260.0, 1320.0, 1380.0, 1440.0, 1500.0, 1560.0, 1620.0, 1680.0, 1740.0, 1800.0, 1860.0, 1920.0, 1980.0, 2040.0, 2100.0, 2160.0, 2220.0, 2280.0, 2340.0, 2400.0, 2460.0, 2520.0, 2580.0, 2640.0, 2700.0, 2760.0, 2820.0, 2880.0, 2940.0, 3000.0]
/////////////////////////
PROCESSING:  TTM1100TZTZ
/////////////////////////
plotTreeName: Tprime2_DeepAK8_decorr_Mass
Flavour: M #tag: isV_tHbW #algo: DeepAK8_decorr
Weights: 1 * 1 * 1 * pileupWeight * 1 * lepIdSF * EGammaGsfSF * 1 * (MCWeight_singleLepCalc/abs(MCWeight_singleLepCalc)) * 0.000558099791339
Cuts: (leptonPt_singleLepCalc > 50) && (corr_met_singleLepCalc > 55) && (AK4HT > 480) && (minDR_lepJet > 0.4 || ptRel_lepJet > 40) && (NJetsAK8_JetSubCalc > 2) && (minDR_leadAK8otherAK8 < 3.0) && DataPastTrigger == 1 && isMuon==1
****************************************************************************************************
****************************************************************************************************
DISTRIBUTION: Tp2Mass
            -name in ljmet trees: Tprime2_ALGO_Mass
            -x-axis label is set to: ;M(T) [GeV])
            -using the binning as: [0.0, 60.0, 120.0, 180.0, 240.0, 300.0, 360.0, 420.0, 480.0, 540.0, 600.0, 660.0, 720.0, 780.0, 840.0, 900.0, 960.0, 1020.0, 1080.0, 1140.0, 1200.0, 1260.0, 1320.0, 1380.0, 1440.0, 1500.0, 1560.0, 1620.0, 1680.0, 1740.0, 1800.0, 1860.0, 1920.0, 1980.0, 2040.0, 2100.0, 2160.0, 2220.0, 2280.0, 2340.0, 2400.0, 2460.0, 2520.0, 2580.0, 2640.0, 2700.0, 2760.0, 2820.0, 2880.0, 2940.0, 3000.0]
/////////////////////////
PROCESSING:  TTM1100TZBW
/////////////////////////
plotTreeName: Tprime2_DeepAK8_decorr_Mass
Flavour: M #tag: isV_tHbW #algo: DeepAK8_decorr
Weights: 1 * 1 * 1 * pileupWeight * 1 * lepIdSF * EGammaGsfSF * 1 * (MCWeight_singleLepCalc/abs(MCWeight_singleLepCalc)) * 0.00111619958268
Cuts: (leptonPt_singleLepCalc > 50) && (corr_met_singleLepCalc > 55) && (AK4HT > 480) && (minDR_lepJet > 0.4 || ptRel_lepJet > 40) && (NJetsAK8_JetSubCalc > 2) && (minDR_leadAK8otherAK8 < 3.0) && DataPastTrigger == 1 && isMuon==1
****************************************************************************************************
****************************************************************************************************
DISTRIBUTION: Tp2Mass
            -name in ljmet trees: Tprime2_ALGO_Mass
            -x-axis label is set to: ;M(T) [GeV])
            -using the binning as: [0.0, 60.0, 120.0, 180.0, 240.0, 300.0, 360.0, 420.0, 480.0, 540.0, 600.0, 660.0, 720.0, 780.0, 840.0, 900.0, 960.0, 1020.0, 1080.0, 1140.0, 1200.0, 1260.0, 1320.0, 1380.0, 1440.0, 1500.0, 1560.0, 1620.0, 1680.0, 1740.0, 1800.0, 1860.0, 1920.0, 1980.0, 2040.0, 2100.0, 2160.0, 2220.0, 2280.0, 2340.0, 2400.0, 2460.0, 2520.0, 2580.0, 2640.0, 2700.0, 2760.0, 2820.0, 2880.0, 2940.0, 3000.0]
/////////////////////////
PROCESSING:  TTM1100THBW
/////////////////////////
plotTreeName: Tprime2_DeepAK8_decorr_Mass
Flavour: M #tag: isV_tHbW #algo: DeepAK8_decorr
Weights: 1 * 1 * 1 * pileupWeight * 1 * lepIdSF * EGammaGsfSF * 1 * (MCWeight_singleLepCalc/abs(MCWeight_singleLepCalc)) * 0.00111619958268
Cuts: (leptonPt_singleLepCalc > 50) && (corr_met_singleLepCalc > 55) && (AK4HT > 480) && (minDR_lepJet > 0.4 || ptRel_lepJet > 40) && (NJetsAK8_JetSubCalc > 2) && (minDR_leadAK8otherAK8 < 3.0) && DataPastTrigger == 1 && isMuon==1
****************************************************************************************************
****************************************************************************************************
DISTRIBUTION: Tp2Mass
            -name in ljmet trees: Tprime2_ALGO_Mass
            -x-axis label is set to: ;M(T) [GeV])
            -using the binning as: [0.0, 60.0, 120.0, 180.0, 240.0, 300.0, 360.0, 420.0, 480.0, 540.0, 600.0, 660.0, 720.0, 780.0, 840.0, 900.0, 960.0, 1020.0, 1080.0, 1140.0, 1200.0, 1260.0, 1320.0, 1380.0, 1440.0, 1500.0, 1560.0, 1620.0, 1680.0, 1740.0, 1800.0, 1860.0, 1920.0, 1980.0, 2040.0, 2100.0, 2160.0, 2220.0, 2280.0, 2340.0, 2400.0, 2460.0, 2520.0, 2580.0, 2640.0, 2700.0, 2760.0, 2820.0, 2880.0, 2940.0, 3000.0]
/////////////////////////
PROCESSING:  TTM1100TZTH
/////////////////////////
plotTreeName: Tprime2_DeepAK8_decorr_Mass
Flavour: M #tag: isV_tHbW #algo: DeepAK8_decorr
Weights: 1 * 1 * 1 * pileupWeight * 1 * lepIdSF * EGammaGsfSF * 1 * (MCWeight_singleLepCalc/abs(MCWeight_singleLepCalc)) * 0.000558099791339
Cuts: (leptonPt_singleLepCalc > 50) && (corr_met_singleLepCalc > 55) && (AK4HT > 480) && (minDR_lepJet > 0.4 || ptRel_lepJet > 40) && (NJetsAK8_JetSubCalc > 2) && (minDR_leadAK8otherAK8 < 3.0) && DataPastTrigger == 1 && isMuon==1
****************************************************************************************************
****************************************************************************************************
DISTRIBUTION: Tp2Mass
            -name in ljmet trees: Tprime2_ALGO_Mass
            -x-axis label is set to: ;M(T) [GeV])
            -using the binning as: [0.0, 60.0, 120.0, 180.0, 240.0, 300.0, 360.0, 420.0, 480.0, 540.0, 600.0, 660.0, 720.0, 780.0, 840.0, 900.0, 960.0, 1020.0, 1080.0, 1140.0, 1200.0, 1260.0, 1320.0, 1380.0, 1440.0, 1500.0, 1560.0, 1620.0, 1680.0, 1740.0, 1800.0, 1860.0, 1920.0, 1980.0, 2040.0, 2100.0, 2160.0, 2220.0, 2280.0, 2340.0, 2400.0, 2460.0, 2520.0, 2580.0, 2640.0, 2700.0, 2760.0, 2820.0, 2880.0, 2940.0, 3000.0]
/////////////////////////
PROCESSING:  TTM1200BWBW
/////////////////////////
plotTreeName: Tprime2_DeepAK8_decorr_Mass
Flavour: M #tag: isV_tHbW #algo: DeepAK8_decorr
Weights: 1 * 1 * 1 * pileupWeight * 1 * lepIdSF * EGammaGsfSF * 1 * (MCWeight_singleLepCalc/abs(MCWeight_singleLepCalc)) * 0.00117627847652
Cuts: (leptonPt_singleLepCalc > 50) && (corr_met_singleLepCalc > 55) && (AK4HT > 480) && (minDR_lepJet > 0.4 || ptRel_lepJet > 40) && (NJetsAK8_JetSubCalc > 2) && (minDR_leadAK8otherAK8 < 3.0) && DataPastTrigger == 1 && isMuon==1
****************************************************************************************************
****************************************************************************************************
DISTRIBUTION: Tp2Mass
            -name in ljmet trees: Tprime2_ALGO_Mass
            -x-axis label is set to: ;M(T) [GeV])
            -using the binning as: [0.0, 60.0, 120.0, 180.0, 240.0, 300.0, 360.0, 420.0, 480.0, 540.0, 600.0, 660.0, 720.0, 780.0, 840.0, 900.0, 960.0, 1020.0, 1080.0, 1140.0, 1200.0, 1260.0, 1320.0, 1380.0, 1440.0, 1500.0, 1560.0, 1620.0, 1680.0, 1740.0, 1800.0, 1860.0, 1920.0, 1980.0, 2040.0, 2100.0, 2160.0, 2220.0, 2280.0, 2340.0, 2400.0, 2460.0, 2520.0, 2580.0, 2640.0, 2700.0, 2760.0, 2820.0, 2880.0, 2940.0, 3000.0]
/////////////////////////
PROCESSING:  TTM1200THTH
/////////////////////////
plotTreeName: Tprime2_DeepAK8_decorr_Mass
Flavour: M #tag: isV_tHbW #algo: DeepAK8_decorr
Weights: 1 * 1 * 1 * pileupWeight * 1 * lepIdSF * EGammaGsfSF * 1 * (MCWeight_singleLepCalc/abs(MCWeight_singleLepCalc)) * 0.00029406961913
Cuts: (leptonPt_singleLepCalc > 50) && (corr_met_singleLepCalc > 55) && (AK4HT > 480) && (minDR_lepJet > 0.4 || ptRel_lepJet > 40) && (NJetsAK8_JetSubCalc > 2) && (minDR_leadAK8otherAK8 < 3.0) && DataPastTrigger == 1 && isMuon==1
****************************************************************************************************
****************************************************************************************************
DISTRIBUTION: Tp2Mass
            -name in ljmet trees: Tprime2_ALGO_Mass
            -x-axis label is set to: ;M(T) [GeV])
            -using the binning as: [0.0, 60.0, 120.0, 180.0, 240.0, 300.0, 360.0, 420.0, 480.0, 540.0, 600.0, 660.0, 720.0, 780.0, 840.0, 900.0, 960.0, 1020.0, 1080.0, 1140.0, 1200.0, 1260.0, 1320.0, 1380.0, 1440.0, 1500.0, 1560.0, 1620.0, 1680.0, 1740.0, 1800.0, 1860.0, 1920.0, 1980.0, 2040.0, 2100.0, 2160.0, 2220.0, 2280.0, 2340.0, 2400.0, 2460.0, 2520.0, 2580.0, 2640.0, 2700.0, 2760.0, 2820.0, 2880.0, 2940.0, 3000.0]
/////////////////////////
PROCESSING:  TTM1200TZTZ
/////////////////////////
plotTreeName: Tprime2_DeepAK8_decorr_Mass
Flavour: M #tag: isV_tHbW #algo: DeepAK8_decorr
Weights: 1 * 1 * 1 * pileupWeight * 1 * lepIdSF * EGammaGsfSF * 1 * (MCWeight_singleLepCalc/abs(MCWeight_singleLepCalc)) * 0.00029406961913
Cuts: (leptonPt_singleLepCalc > 50) && (corr_met_singleLepCalc > 55) && (AK4HT > 480) && (minDR_lepJet > 0.4 || ptRel_lepJet > 40) && (NJetsAK8_JetSubCalc > 2) && (minDR_leadAK8otherAK8 < 3.0) && DataPastTrigger == 1 && isMuon==1
****************************************************************************************************
****************************************************************************************************
DISTRIBUTION: Tp2Mass
            -name in ljmet trees: Tprime2_ALGO_Mass
            -x-axis label is set to: ;M(T) [GeV])
            -using the binning as: [0.0, 60.0, 120.0, 180.0, 240.0, 300.0, 360.0, 420.0, 480.0, 540.0, 600.0, 660.0, 720.0, 780.0, 840.0, 900.0, 960.0, 1020.0, 1080.0, 1140.0, 1200.0, 1260.0, 1320.0, 1380.0, 1440.0, 1500.0, 1560.0, 1620.0, 1680.0, 1740.0, 1800.0, 1860.0, 1920.0, 1980.0, 2040.0, 2100.0, 2160.0, 2220.0, 2280.0, 2340.0, 2400.0, 2460.0, 2520.0, 2580.0, 2640.0, 2700.0, 2760.0, 2820.0, 2880.0, 2940.0, 3000.0]
/////////////////////////
PROCESSING:  TTM1200TZBW
/////////////////////////
plotTreeName: Tprime2_DeepAK8_decorr_Mass
Flavour: M #tag: isV_tHbW #algo: DeepAK8_decorr
Weights: 1 * 1 * 1 * pileupWeight * 1 * lepIdSF * EGammaGsfSF * 1 * (MCWeight_singleLepCalc/abs(MCWeight_singleLepCalc)) * 0.000588139238259
Cuts: (leptonPt_singleLepCalc > 50) && (corr_met_singleLepCalc > 55) && (AK4HT > 480) && (minDR_lepJet > 0.4 || ptRel_lepJet > 40) && (NJetsAK8_JetSubCalc > 2) && (minDR_leadAK8otherAK8 < 3.0) && DataPastTrigger == 1 && isMuon==1
****************************************************************************************************
****************************************************************************************************
DISTRIBUTION: Tp2Mass
            -name in ljmet trees: Tprime2_ALGO_Mass
            -x-axis label is set to: ;M(T) [GeV])
            -using the binning as: [0.0, 60.0, 120.0, 180.0, 240.0, 300.0, 360.0, 420.0, 480.0, 540.0, 600.0, 660.0, 720.0, 780.0, 840.0, 900.0, 960.0, 1020.0, 1080.0, 1140.0, 1200.0, 1260.0, 1320.0, 1380.0, 1440.0, 1500.0, 1560.0, 1620.0, 1680.0, 1740.0, 1800.0, 1860.0, 1920.0, 1980.0, 2040.0, 2100.0, 2160.0, 2220.0, 2280.0, 2340.0, 2400.0, 2460.0, 2520.0, 2580.0, 2640.0, 2700.0, 2760.0, 2820.0, 2880.0, 2940.0, 3000.0]
/////////////////////////
PROCESSING:  TTM1200THBW
/////////////////////////
plotTreeName: Tprime2_DeepAK8_decorr_Mass
Flavour: M #tag: isV_tHbW #algo: DeepAK8_decorr
Weights: 1 * 1 * 1 * pileupWeight * 1 * lepIdSF * EGammaGsfSF * 1 * (MCWeight_singleLepCalc/abs(MCWeight_singleLepCalc)) * 0.000588139238259
Cuts: (leptonPt_singleLepCalc > 50) && (corr_met_singleLepCalc > 55) && (AK4HT > 480) && (minDR_lepJet > 0.4 || ptRel_lepJet > 40) && (NJetsAK8_JetSubCalc > 2) && (minDR_leadAK8otherAK8 < 3.0) && DataPastTrigger == 1 && isMuon==1
****************************************************************************************************
****************************************************************************************************
DISTRIBUTION: Tp2Mass
            -name in ljmet trees: Tprime2_ALGO_Mass
            -x-axis label is set to: ;M(T) [GeV])
            -using the binning as: [0.0, 60.0, 120.0, 180.0, 240.0, 300.0, 360.0, 420.0, 480.0, 540.0, 600.0, 660.0, 720.0, 780.0, 840.0, 900.0, 960.0, 1020.0, 1080.0, 1140.0, 1200.0, 1260.0, 1320.0, 1380.0, 1440.0, 1500.0, 1560.0, 1620.0, 1680.0, 1740.0, 1800.0, 1860.0, 1920.0, 1980.0, 2040.0, 2100.0, 2160.0, 2220.0, 2280.0, 2340.0, 2400.0, 2460.0, 2520.0, 2580.0, 2640.0, 2700.0, 2760.0, 2820.0, 2880.0, 2940.0, 3000.0]
/////////////////////////
PROCESSING:  TTM1200TZTH
/////////////////////////
plotTreeName: Tprime2_DeepAK8_decorr_Mass
Flavour: M #tag: isV_tHbW #algo: DeepAK8_decorr
Weights: 1 * 1 * 1 * pileupWeight * 1 * lepIdSF * EGammaGsfSF * 1 * (MCWeight_singleLepCalc/abs(MCWeight_singleLepCalc)) * 0.00029406961913
Cuts: (leptonPt_singleLepCalc > 50) && (corr_met_singleLepCalc > 55) && (AK4HT > 480) && (minDR_lepJet > 0.4 || ptRel_lepJet > 40) && (NJetsAK8_JetSubCalc > 2) && (minDR_leadAK8otherAK8 < 3.0) && DataPastTrigger == 1 && isMuon==1
****************************************************************************************************
****************************************************************************************************
DISTRIBUTION: Tp2Mass
            -name in ljmet trees: Tprime2_ALGO_Mass
            -x-axis label is set to: ;M(T) [GeV])
            -using the binning as: [0.0, 60.0, 120.0, 180.0, 240.0, 300.0, 360.0, 420.0, 480.0, 540.0, 600.0, 660.0, 720.0, 780.0, 840.0, 900.0, 960.0, 1020.0, 1080.0, 1140.0, 1200.0, 1260.0, 1320.0, 1380.0, 1440.0, 1500.0, 1560.0, 1620.0, 1680.0, 1740.0, 1800.0, 1860.0, 1920.0, 1980.0, 2040.0, 2100.0, 2160.0, 2220.0, 2280.0, 2340.0, 2400.0, 2460.0, 2520.0, 2580.0, 2640.0, 2700.0, 2760.0, 2820.0, 2880.0, 2940.0, 3000.0]
/////////////////////////
PROCESSING:  TTM1300BWBW
/////////////////////////
plotTreeName: Tprime2_DeepAK8_decorr_Mass
Flavour: M #tag: isV_tHbW #algo: DeepAK8_decorr
Weights: 1 * 1 * 1 * pileupWeight * 1 * lepIdSF * EGammaGsfSF * 1 * (MCWeight_singleLepCalc/abs(MCWeight_singleLepCalc)) * 0.00063821114509
Cuts: (leptonPt_singleLepCalc > 50) && (corr_met_singleLepCalc > 55) && (AK4HT > 480) && (minDR_lepJet > 0.4 || ptRel_lepJet > 40) && (NJetsAK8_JetSubCalc > 2) && (minDR_leadAK8otherAK8 < 3.0) && DataPastTrigger == 1 && isMuon==1
****************************************************************************************************
****************************************************************************************************
DISTRIBUTION: Tp2Mass
            -name in ljmet trees: Tprime2_ALGO_Mass
            -x-axis label is set to: ;M(T) [GeV])
            -using the binning as: [0.0, 60.0, 120.0, 180.0, 240.0, 300.0, 360.0, 420.0, 480.0, 540.0, 600.0, 660.0, 720.0, 780.0, 840.0, 900.0, 960.0, 1020.0, 1080.0, 1140.0, 1200.0, 1260.0, 1320.0, 1380.0, 1440.0, 1500.0, 1560.0, 1620.0, 1680.0, 1740.0, 1800.0, 1860.0, 1920.0, 1980.0, 2040.0, 2100.0, 2160.0, 2220.0, 2280.0, 2340.0, 2400.0, 2460.0, 2520.0, 2580.0, 2640.0, 2700.0, 2760.0, 2820.0, 2880.0, 2940.0, 3000.0]
/////////////////////////
PROCESSING:  TTM1300THTH
/////////////////////////
plotTreeName: Tprime2_DeepAK8_decorr_Mass
Flavour: M #tag: isV_tHbW #algo: DeepAK8_decorr
Weights: 1 * 1 * 1 * pileupWeight * 1 * lepIdSF * EGammaGsfSF * 1 * (MCWeight_singleLepCalc/abs(MCWeight_singleLepCalc)) * 0.000159552786272
Cuts: (leptonPt_singleLepCalc > 50) && (corr_met_singleLepCalc > 55) && (AK4HT > 480) && (minDR_lepJet > 0.4 || ptRel_lepJet > 40) && (NJetsAK8_JetSubCalc > 2) && (minDR_leadAK8otherAK8 < 3.0) && DataPastTrigger == 1 && isMuon==1
****************************************************************************************************
****************************************************************************************************
DISTRIBUTION: Tp2Mass
            -name in ljmet trees: Tprime2_ALGO_Mass
            -x-axis label is set to: ;M(T) [GeV])
            -using the binning as: [0.0, 60.0, 120.0, 180.0, 240.0, 300.0, 360.0, 420.0, 480.0, 540.0, 600.0, 660.0, 720.0, 780.0, 840.0, 900.0, 960.0, 1020.0, 1080.0, 1140.0, 1200.0, 1260.0, 1320.0, 1380.0, 1440.0, 1500.0, 1560.0, 1620.0, 1680.0, 1740.0, 1800.0, 1860.0, 1920.0, 1980.0, 2040.0, 2100.0, 2160.0, 2220.0, 2280.0, 2340.0, 2400.0, 2460.0, 2520.0, 2580.0, 2640.0, 2700.0, 2760.0, 2820.0, 2880.0, 2940.0, 3000.0]
/////////////////////////
PROCESSING:  TTM1300TZTZ
/////////////////////////
plotTreeName: Tprime2_DeepAK8_decorr_Mass
Flavour: M #tag: isV_tHbW #algo: DeepAK8_decorr
Weights: 1 * 1 * 1 * pileupWeight * 1 * lepIdSF * EGammaGsfSF * 1 * (MCWeight_singleLepCalc/abs(MCWeight_singleLepCalc)) * 0.000159552786272
Cuts: (leptonPt_singleLepCalc > 50) && (corr_met_singleLepCalc > 55) && (AK4HT > 480) && (minDR_lepJet > 0.4 || ptRel_lepJet > 40) && (NJetsAK8_JetSubCalc > 2) && (minDR_leadAK8otherAK8 < 3.0) && DataPastTrigger == 1 && isMuon==1
****************************************************************************************************
****************************************************************************************************
DISTRIBUTION: Tp2Mass
            -name in ljmet trees: Tprime2_ALGO_Mass
            -x-axis label is set to: ;M(T) [GeV])
            -using the binning as: [0.0, 60.0, 120.0, 180.0, 240.0, 300.0, 360.0, 420.0, 480.0, 540.0, 600.0, 660.0, 720.0, 780.0, 840.0, 900.0, 960.0, 1020.0, 1080.0, 1140.0, 1200.0, 1260.0, 1320.0, 1380.0, 1440.0, 1500.0, 1560.0, 1620.0, 1680.0, 1740.0, 1800.0, 1860.0, 1920.0, 1980.0, 2040.0, 2100.0, 2160.0, 2220.0, 2280.0, 2340.0, 2400.0, 2460.0, 2520.0, 2580.0, 2640.0, 2700.0, 2760.0, 2820.0, 2880.0, 2940.0, 3000.0]
/////////////////////////
PROCESSING:  TTM1300TZBW
/////////////////////////
plotTreeName: Tprime2_DeepAK8_decorr_Mass
Flavour: M #tag: isV_tHbW #algo: DeepAK8_decorr
Weights: 1 * 1 * 1 * pileupWeight * 1 * lepIdSF * EGammaGsfSF * 1 * (MCWeight_singleLepCalc/abs(MCWeight_singleLepCalc)) * 0.000319105572545
Cuts: (leptonPt_singleLepCalc > 50) && (corr_met_singleLepCalc > 55) && (AK4HT > 480) && (minDR_lepJet > 0.4 || ptRel_lepJet > 40) && (NJetsAK8_JetSubCalc > 2) && (minDR_leadAK8otherAK8 < 3.0) && DataPastTrigger == 1 && isMuon==1
****************************************************************************************************
****************************************************************************************************
DISTRIBUTION: Tp2Mass
            -name in ljmet trees: Tprime2_ALGO_Mass
            -x-axis label is set to: ;M(T) [GeV])
            -using the binning as: [0.0, 60.0, 120.0, 180.0, 240.0, 300.0, 360.0, 420.0, 480.0, 540.0, 600.0, 660.0, 720.0, 780.0, 840.0, 900.0, 960.0, 1020.0, 1080.0, 1140.0, 1200.0, 1260.0, 1320.0, 1380.0, 1440.0, 1500.0, 1560.0, 1620.0, 1680.0, 1740.0, 1800.0, 1860.0, 1920.0, 1980.0, 2040.0, 2100.0, 2160.0, 2220.0, 2280.0, 2340.0, 2400.0, 2460.0, 2520.0, 2580.0, 2640.0, 2700.0, 2760.0, 2820.0, 2880.0, 2940.0, 3000.0]
/////////////////////////
PROCESSING:  TTM1300THBW
/////////////////////////
plotTreeName: Tprime2_DeepAK8_decorr_Mass
Flavour: M #tag: isV_tHbW #algo: DeepAK8_decorr
Weights: 1 * 1 * 1 * pileupWeight * 1 * lepIdSF * EGammaGsfSF * 1 * (MCWeight_singleLepCalc/abs(MCWeight_singleLepCalc)) * 0.000319105572545
Cuts: (leptonPt_singleLepCalc > 50) && (corr_met_singleLepCalc > 55) && (AK4HT > 480) && (minDR_lepJet > 0.4 || ptRel_lepJet > 40) && (NJetsAK8_JetSubCalc > 2) && (minDR_leadAK8otherAK8 < 3.0) && DataPastTrigger == 1 && isMuon==1
****************************************************************************************************
****************************************************************************************************
DISTRIBUTION: Tp2Mass
            -name in ljmet trees: Tprime2_ALGO_Mass
            -x-axis label is set to: ;M(T) [GeV])
            -using the binning as: [0.0, 60.0, 120.0, 180.0, 240.0, 300.0, 360.0, 420.0, 480.0, 540.0, 600.0, 660.0, 720.0, 780.0, 840.0, 900.0, 960.0, 1020.0, 1080.0, 1140.0, 1200.0, 1260.0, 1320.0, 1380.0, 1440.0, 1500.0, 1560.0, 1620.0, 1680.0, 1740.0, 1800.0, 1860.0, 1920.0, 1980.0, 2040.0, 2100.0, 2160.0, 2220.0, 2280.0, 2340.0, 2400.0, 2460.0, 2520.0, 2580.0, 2640.0, 2700.0, 2760.0, 2820.0, 2880.0, 2940.0, 3000.0]
/////////////////////////
PROCESSING:  TTM1300TZTH
/////////////////////////
plotTreeName: Tprime2_DeepAK8_decorr_Mass
Flavour: M #tag: isV_tHbW #algo: DeepAK8_decorr
Weights: 1 * 1 * 1 * pileupWeight * 1 * lepIdSF * EGammaGsfSF * 1 * (MCWeight_singleLepCalc/abs(MCWeight_singleLepCalc)) * 0.000159552786272
Cuts: (leptonPt_singleLepCalc > 50) && (corr_met_singleLepCalc > 55) && (AK4HT > 480) && (minDR_lepJet > 0.4 || ptRel_lepJet > 40) && (NJetsAK8_JetSubCalc > 2) && (minDR_leadAK8otherAK8 < 3.0) && DataPastTrigger == 1 && isMuon==1
****************************************************************************************************
****************************************************************************************************
DISTRIBUTION: Tp2Mass
            -name in ljmet trees: Tprime2_ALGO_Mass
            -x-axis label is set to: ;M(T) [GeV])
            -using the binning as: [0.0, 60.0, 120.0, 180.0, 240.0, 300.0, 360.0, 420.0, 480.0, 540.0, 600.0, 660.0, 720.0, 780.0, 840.0, 900.0, 960.0, 1020.0, 1080.0, 1140.0, 1200.0, 1260.0, 1320.0, 1380.0, 1440.0, 1500.0, 1560.0, 1620.0, 1680.0, 1740.0, 1800.0, 1860.0, 1920.0, 1980.0, 2040.0, 2100.0, 2160.0, 2220.0, 2280.0, 2340.0, 2400.0, 2460.0, 2520.0, 2580.0, 2640.0, 2700.0, 2760.0, 2820.0, 2880.0, 2940.0, 3000.0]
/////////////////////////
PROCESSING:  TTM1400BWBW
/////////////////////////
plotTreeName: Tprime2_DeepAK8_decorr_Mass
Flavour: M #tag: isV_tHbW #algo: DeepAK8_decorr
Weights: 1 * 1 * 1 * pileupWeight * 1 * lepIdSF * EGammaGsfSF * 1 * (MCWeight_singleLepCalc/abs(MCWeight_singleLepCalc)) * 0.000352883542956
Cuts: (leptonPt_singleLepCalc > 50) && (corr_met_singleLepCalc > 55) && (AK4HT > 480) && (minDR_lepJet > 0.4 || ptRel_lepJet > 40) && (NJetsAK8_JetSubCalc > 2) && (minDR_leadAK8otherAK8 < 3.0) && DataPastTrigger == 1 && isMuon==1
****************************************************************************************************
****************************************************************************************************
DISTRIBUTION: Tp2Mass
            -name in ljmet trees: Tprime2_ALGO_Mass
            -x-axis label is set to: ;M(T) [GeV])
            -using the binning as: [0.0, 60.0, 120.0, 180.0, 240.0, 300.0, 360.0, 420.0, 480.0, 540.0, 600.0, 660.0, 720.0, 780.0, 840.0, 900.0, 960.0, 1020.0, 1080.0, 1140.0, 1200.0, 1260.0, 1320.0, 1380.0, 1440.0, 1500.0, 1560.0, 1620.0, 1680.0, 1740.0, 1800.0, 1860.0, 1920.0, 1980.0, 2040.0, 2100.0, 2160.0, 2220.0, 2280.0, 2340.0, 2400.0, 2460.0, 2520.0, 2580.0, 2640.0, 2700.0, 2760.0, 2820.0, 2880.0, 2940.0, 3000.0]
/////////////////////////
PROCESSING:  TTM1400THTH
/////////////////////////
plotTreeName: Tprime2_DeepAK8_decorr_Mass
Flavour: M #tag: isV_tHbW #algo: DeepAK8_decorr
Weights: 1 * 1 * 1 * pileupWeight * 1 * lepIdSF * EGammaGsfSF * 1 * (MCWeight_singleLepCalc/abs(MCWeight_singleLepCalc)) * 8.82208857389e-05
Cuts: (leptonPt_singleLepCalc > 50) && (corr_met_singleLepCalc > 55) && (AK4HT > 480) && (minDR_lepJet > 0.4 || ptRel_lepJet > 40) && (NJetsAK8_JetSubCalc > 2) && (minDR_leadAK8otherAK8 < 3.0) && DataPastTrigger == 1 && isMuon==1
****************************************************************************************************
****************************************************************************************************
DISTRIBUTION: Tp2Mass
            -name in ljmet trees: Tprime2_ALGO_Mass
            -x-axis label is set to: ;M(T) [GeV])
            -using the binning as: [0.0, 60.0, 120.0, 180.0, 240.0, 300.0, 360.0, 420.0, 480.0, 540.0, 600.0, 660.0, 720.0, 780.0, 840.0, 900.0, 960.0, 1020.0, 1080.0, 1140.0, 1200.0, 1260.0, 1320.0, 1380.0, 1440.0, 1500.0, 1560.0, 1620.0, 1680.0, 1740.0, 1800.0, 1860.0, 1920.0, 1980.0, 2040.0, 2100.0, 2160.0, 2220.0, 2280.0, 2340.0, 2400.0, 2460.0, 2520.0, 2580.0, 2640.0, 2700.0, 2760.0, 2820.0, 2880.0, 2940.0, 3000.0]
/////////////////////////
PROCESSING:  TTM1400TZTZ
/////////////////////////
plotTreeName: Tprime2_DeepAK8_decorr_Mass
Flavour: M #tag: isV_tHbW #algo: DeepAK8_decorr
Weights: 1 * 1 * 1 * pileupWeight * 1 * lepIdSF * EGammaGsfSF * 1 * (MCWeight_singleLepCalc/abs(MCWeight_singleLepCalc)) * 8.82208857389e-05
Cuts: (leptonPt_singleLepCalc > 50) && (corr_met_singleLepCalc > 55) && (AK4HT > 480) && (minDR_lepJet > 0.4 || ptRel_lepJet > 40) && (NJetsAK8_JetSubCalc > 2) && (minDR_leadAK8otherAK8 < 3.0) && DataPastTrigger == 1 && isMuon==1
****************************************************************************************************
****************************************************************************************************
DISTRIBUTION: Tp2Mass
            -name in ljmet trees: Tprime2_ALGO_Mass
            -x-axis label is set to: ;M(T) [GeV])
            -using the binning as: [0.0, 60.0, 120.0, 180.0, 240.0, 300.0, 360.0, 420.0, 480.0, 540.0, 600.0, 660.0, 720.0, 780.0, 840.0, 900.0, 960.0, 1020.0, 1080.0, 1140.0, 1200.0, 1260.0, 1320.0, 1380.0, 1440.0, 1500.0, 1560.0, 1620.0, 1680.0, 1740.0, 1800.0, 1860.0, 1920.0, 1980.0, 2040.0, 2100.0, 2160.0, 2220.0, 2280.0, 2340.0, 2400.0, 2460.0, 2520.0, 2580.0, 2640.0, 2700.0, 2760.0, 2820.0, 2880.0, 2940.0, 3000.0]
/////////////////////////
PROCESSING:  TTM1400TZBW
/////////////////////////
plotTreeName: Tprime2_DeepAK8_decorr_Mass
Flavour: M #tag: isV_tHbW #algo: DeepAK8_decorr
Weights: 1 * 1 * 1 * pileupWeight * 1 * lepIdSF * EGammaGsfSF * 1 * (MCWeight_singleLepCalc/abs(MCWeight_singleLepCalc)) * 0.000176441771478
Cuts: (leptonPt_singleLepCalc > 50) && (corr_met_singleLepCalc > 55) && (AK4HT > 480) && (minDR_lepJet > 0.4 || ptRel_lepJet > 40) && (NJetsAK8_JetSubCalc > 2) && (minDR_leadAK8otherAK8 < 3.0) && DataPastTrigger == 1 && isMuon==1
****************************************************************************************************
****************************************************************************************************
DISTRIBUTION: Tp2Mass
            -name in ljmet trees: Tprime2_ALGO_Mass
            -x-axis label is set to: ;M(T) [GeV])
            -using the binning as: [0.0, 60.0, 120.0, 180.0, 240.0, 300.0, 360.0, 420.0, 480.0, 540.0, 600.0, 660.0, 720.0, 780.0, 840.0, 900.0, 960.0, 1020.0, 1080.0, 1140.0, 1200.0, 1260.0, 1320.0, 1380.0, 1440.0, 1500.0, 1560.0, 1620.0, 1680.0, 1740.0, 1800.0, 1860.0, 1920.0, 1980.0, 2040.0, 2100.0, 2160.0, 2220.0, 2280.0, 2340.0, 2400.0, 2460.0, 2520.0, 2580.0, 2640.0, 2700.0, 2760.0, 2820.0, 2880.0, 2940.0, 3000.0]
/////////////////////////
PROCESSING:  TTM1400THBW
/////////////////////////
plotTreeName: Tprime2_DeepAK8_decorr_Mass
Flavour: M #tag: isV_tHbW #algo: DeepAK8_decorr
Weights: 1 * 1 * 1 * pileupWeight * 1 * lepIdSF * EGammaGsfSF * 1 * (MCWeight_singleLepCalc/abs(MCWeight_singleLepCalc)) * 0.000176441771478
Cuts: (leptonPt_singleLepCalc > 50) && (corr_met_singleLepCalc > 55) && (AK4HT > 480) && (minDR_lepJet > 0.4 || ptRel_lepJet > 40) && (NJetsAK8_JetSubCalc > 2) && (minDR_leadAK8otherAK8 < 3.0) && DataPastTrigger == 1 && isMuon==1
****************************************************************************************************
****************************************************************************************************
DISTRIBUTION: Tp2Mass
            -name in ljmet trees: Tprime2_ALGO_Mass
            -x-axis label is set to: ;M(T) [GeV])
            -using the binning as: [0.0, 60.0, 120.0, 180.0, 240.0, 300.0, 360.0, 420.0, 480.0, 540.0, 600.0, 660.0, 720.0, 780.0, 840.0, 900.0, 960.0, 1020.0, 1080.0, 1140.0, 1200.0, 1260.0, 1320.0, 1380.0, 1440.0, 1500.0, 1560.0, 1620.0, 1680.0, 1740.0, 1800.0, 1860.0, 1920.0, 1980.0, 2040.0, 2100.0, 2160.0, 2220.0, 2280.0, 2340.0, 2400.0, 2460.0, 2520.0, 2580.0, 2640.0, 2700.0, 2760.0, 2820.0, 2880.0, 2940.0, 3000.0]
/////////////////////////
PROCESSING:  TTM1400TZTH
/////////////////////////
plotTreeName: Tprime2_DeepAK8_decorr_Mass
Flavour: M #tag: isV_tHbW #algo: DeepAK8_decorr
Weights: 1 * 1 * 1 * pileupWeight * 1 * lepIdSF * EGammaGsfSF * 1 * (MCWeight_singleLepCalc/abs(MCWeight_singleLepCalc)) * 8.82208857389e-05
Cuts: (leptonPt_singleLepCalc > 50) && (corr_met_singleLepCalc > 55) && (AK4HT > 480) && (minDR_lepJet > 0.4 || ptRel_lepJet > 40) && (NJetsAK8_JetSubCalc > 2) && (minDR_leadAK8otherAK8 < 3.0) && DataPastTrigger == 1 && isMuon==1
****************************************************************************************************
****************************************************************************************************
DISTRIBUTION: Tp2Mass
            -name in ljmet trees: Tprime2_ALGO_Mass
            -x-axis label is set to: ;M(T) [GeV])
            -using the binning as: [0.0, 60.0, 120.0, 180.0, 240.0, 300.0, 360.0, 420.0, 480.0, 540.0, 600.0, 660.0, 720.0, 780.0, 840.0, 900.0, 960.0, 1020.0, 1080.0, 1140.0, 1200.0, 1260.0, 1320.0, 1380.0, 1440.0, 1500.0, 1560.0, 1620.0, 1680.0, 1740.0, 1800.0, 1860.0, 1920.0, 1980.0, 2040.0, 2100.0, 2160.0, 2220.0, 2280.0, 2340.0, 2400.0, 2460.0, 2520.0, 2580.0, 2640.0, 2700.0, 2760.0, 2820.0, 2880.0, 2940.0, 3000.0]
/////////////////////////
PROCESSING:  TTM1500BWBW
/////////////////////////
plotTreeName: Tprime2_DeepAK8_decorr_Mass
Flavour: M #tag: isV_tHbW #algo: DeepAK8_decorr
Weights: 1 * 1 * 1 * pileupWeight * 1 * lepIdSF * EGammaGsfSF * 1 * (MCWeight_singleLepCalc/abs(MCWeight_singleLepCalc)) * 0.00019932135405
Cuts: (leptonPt_singleLepCalc > 50) && (corr_met_singleLepCalc > 55) && (AK4HT > 480) && (minDR_lepJet > 0.4 || ptRel_lepJet > 40) && (NJetsAK8_JetSubCalc > 2) && (minDR_leadAK8otherAK8 < 3.0) && DataPastTrigger == 1 && isMuon==1
****************************************************************************************************
****************************************************************************************************
DISTRIBUTION: Tp2Mass
            -name in ljmet trees: Tprime2_ALGO_Mass
            -x-axis label is set to: ;M(T) [GeV])
            -using the binning as: [0.0, 60.0, 120.0, 180.0, 240.0, 300.0, 360.0, 420.0, 480.0, 540.0, 600.0, 660.0, 720.0, 780.0, 840.0, 900.0, 960.0, 1020.0, 1080.0, 1140.0, 1200.0, 1260.0, 1320.0, 1380.0, 1440.0, 1500.0, 1560.0, 1620.0, 1680.0, 1740.0, 1800.0, 1860.0, 1920.0, 1980.0, 2040.0, 2100.0, 2160.0, 2220.0, 2280.0, 2340.0, 2400.0, 2460.0, 2520.0, 2580.0, 2640.0, 2700.0, 2760.0, 2820.0, 2880.0, 2940.0, 3000.0]
/////////////////////////
PROCESSING:  TTM1500THTH
/////////////////////////
plotTreeName: Tprime2_DeepAK8_decorr_Mass
Flavour: M #tag: isV_tHbW #algo: DeepAK8_decorr
Weights: 1 * 1 * 1 * pileupWeight * 1 * lepIdSF * EGammaGsfSF * 1 * (MCWeight_singleLepCalc/abs(MCWeight_singleLepCalc)) * 4.98303385124e-05
Cuts: (leptonPt_singleLepCalc > 50) && (corr_met_singleLepCalc > 55) && (AK4HT > 480) && (minDR_lepJet > 0.4 || ptRel_lepJet > 40) && (NJetsAK8_JetSubCalc > 2) && (minDR_leadAK8otherAK8 < 3.0) && DataPastTrigger == 1 && isMuon==1
****************************************************************************************************
****************************************************************************************************
DISTRIBUTION: Tp2Mass
            -name in ljmet trees: Tprime2_ALGO_Mass
            -x-axis label is set to: ;M(T) [GeV])
            -using the binning as: [0.0, 60.0, 120.0, 180.0, 240.0, 300.0, 360.0, 420.0, 480.0, 540.0, 600.0, 660.0, 720.0, 780.0, 840.0, 900.0, 960.0, 1020.0, 1080.0, 1140.0, 1200.0, 1260.0, 1320.0, 1380.0, 1440.0, 1500.0, 1560.0, 1620.0, 1680.0, 1740.0, 1800.0, 1860.0, 1920.0, 1980.0, 2040.0, 2100.0, 2160.0, 2220.0, 2280.0, 2340.0, 2400.0, 2460.0, 2520.0, 2580.0, 2640.0, 2700.0, 2760.0, 2820.0, 2880.0, 2940.0, 3000.0]
/////////////////////////
PROCESSING:  TTM1500TZTZ
/////////////////////////
plotTreeName: Tprime2_DeepAK8_decorr_Mass
Flavour: M #tag: isV_tHbW #algo: DeepAK8_decorr
Weights: 1 * 1 * 1 * pileupWeight * 1 * lepIdSF * EGammaGsfSF * 1 * (MCWeight_singleLepCalc/abs(MCWeight_singleLepCalc)) * 4.98303385124e-05
Cuts: (leptonPt_singleLepCalc > 50) && (corr_met_singleLepCalc > 55) && (AK4HT > 480) && (minDR_lepJet > 0.4 || ptRel_lepJet > 40) && (NJetsAK8_JetSubCalc > 2) && (minDR_leadAK8otherAK8 < 3.0) && DataPastTrigger == 1 && isMuon==1
****************************************************************************************************
****************************************************************************************************
DISTRIBUTION: Tp2Mass
            -name in ljmet trees: Tprime2_ALGO_Mass
            -x-axis label is set to: ;M(T) [GeV])
            -using the binning as: [0.0, 60.0, 120.0, 180.0, 240.0, 300.0, 360.0, 420.0, 480.0, 540.0, 600.0, 660.0, 720.0, 780.0, 840.0, 900.0, 960.0, 1020.0, 1080.0, 1140.0, 1200.0, 1260.0, 1320.0, 1380.0, 1440.0, 1500.0, 1560.0, 1620.0, 1680.0, 1740.0, 1800.0, 1860.0, 1920.0, 1980.0, 2040.0, 2100.0, 2160.0, 2220.0, 2280.0, 2340.0, 2400.0, 2460.0, 2520.0, 2580.0, 2640.0, 2700.0, 2760.0, 2820.0, 2880.0, 2940.0, 3000.0]
/////////////////////////
PROCESSING:  TTM1500TZBW
/////////////////////////
plotTreeName: Tprime2_DeepAK8_decorr_Mass
Flavour: M #tag: isV_tHbW #algo: DeepAK8_decorr
Weights: 1 * 1 * 1 * pileupWeight * 1 * lepIdSF * EGammaGsfSF * 1 * (MCWeight_singleLepCalc/abs(MCWeight_singleLepCalc)) * 9.96606770248e-05
Cuts: (leptonPt_singleLepCalc > 50) && (corr_met_singleLepCalc > 55) && (AK4HT > 480) && (minDR_lepJet > 0.4 || ptRel_lepJet > 40) && (NJetsAK8_JetSubCalc > 2) && (minDR_leadAK8otherAK8 < 3.0) && DataPastTrigger == 1 && isMuon==1
****************************************************************************************************
****************************************************************************************************
DISTRIBUTION: Tp2Mass
            -name in ljmet trees: Tprime2_ALGO_Mass
            -x-axis label is set to: ;M(T) [GeV])
            -using the binning as: [0.0, 60.0, 120.0, 180.0, 240.0, 300.0, 360.0, 420.0, 480.0, 540.0, 600.0, 660.0, 720.0, 780.0, 840.0, 900.0, 960.0, 1020.0, 1080.0, 1140.0, 1200.0, 1260.0, 1320.0, 1380.0, 1440.0, 1500.0, 1560.0, 1620.0, 1680.0, 1740.0, 1800.0, 1860.0, 1920.0, 1980.0, 2040.0, 2100.0, 2160.0, 2220.0, 2280.0, 2340.0, 2400.0, 2460.0, 2520.0, 2580.0, 2640.0, 2700.0, 2760.0, 2820.0, 2880.0, 2940.0, 3000.0]
/////////////////////////
PROCESSING:  TTM1500THBW
/////////////////////////
plotTreeName: Tprime2_DeepAK8_decorr_Mass
Flavour: M #tag: isV_tHbW #algo: DeepAK8_decorr
Weights: 1 * 1 * 1 * pileupWeight * 1 * lepIdSF * EGammaGsfSF * 1 * (MCWeight_singleLepCalc/abs(MCWeight_singleLepCalc)) * 9.96606770248e-05
Cuts: (leptonPt_singleLepCalc > 50) && (corr_met_singleLepCalc > 55) && (AK4HT > 480) && (minDR_lepJet > 0.4 || ptRel_lepJet > 40) && (NJetsAK8_JetSubCalc > 2) && (minDR_leadAK8otherAK8 < 3.0) && DataPastTrigger == 1 && isMuon==1
****************************************************************************************************
****************************************************************************************************
DISTRIBUTION: Tp2Mass
            -name in ljmet trees: Tprime2_ALGO_Mass
            -x-axis label is set to: ;M(T) [GeV])
            -using the binning as: [0.0, 60.0, 120.0, 180.0, 240.0, 300.0, 360.0, 420.0, 480.0, 540.0, 600.0, 660.0, 720.0, 780.0, 840.0, 900.0, 960.0, 1020.0, 1080.0, 1140.0, 1200.0, 1260.0, 1320.0, 1380.0, 1440.0, 1500.0, 1560.0, 1620.0, 1680.0, 1740.0, 1800.0, 1860.0, 1920.0, 1980.0, 2040.0, 2100.0, 2160.0, 2220.0, 2280.0, 2340.0, 2400.0, 2460.0, 2520.0, 2580.0, 2640.0, 2700.0, 2760.0, 2820.0, 2880.0, 2940.0, 3000.0]
/////////////////////////
PROCESSING:  TTM1500TZTH
/////////////////////////
plotTreeName: Tprime2_DeepAK8_decorr_Mass
Flavour: M #tag: isV_tHbW #algo: DeepAK8_decorr
Weights: 1 * 1 * 1 * pileupWeight * 1 * lepIdSF * EGammaGsfSF * 1 * (MCWeight_singleLepCalc/abs(MCWeight_singleLepCalc)) * 4.98303385124e-05
Cuts: (leptonPt_singleLepCalc > 50) && (corr_met_singleLepCalc > 55) && (AK4HT > 480) && (minDR_lepJet > 0.4 || ptRel_lepJet > 40) && (NJetsAK8_JetSubCalc > 2) && (minDR_leadAK8otherAK8 < 3.0) && DataPastTrigger == 1 && isMuon==1
****************************************************************************************************
****************************************************************************************************
DISTRIBUTION: Tp2Mass
            -name in ljmet trees: Tprime2_ALGO_Mass
            -x-axis label is set to: ;M(T) [GeV])
            -using the binning as: [0.0, 60.0, 120.0, 180.0, 240.0, 300.0, 360.0, 420.0, 480.0, 540.0, 600.0, 660.0, 720.0, 780.0, 840.0, 900.0, 960.0, 1020.0, 1080.0, 1140.0, 1200.0, 1260.0, 1320.0, 1380.0, 1440.0, 1500.0, 1560.0, 1620.0, 1680.0, 1740.0, 1800.0, 1860.0, 1920.0, 1980.0, 2040.0, 2100.0, 2160.0, 2220.0, 2280.0, 2340.0, 2400.0, 2460.0, 2520.0, 2580.0, 2640.0, 2700.0, 2760.0, 2820.0, 2880.0, 2940.0, 3000.0]
/////////////////////////
PROCESSING:  TTM1600BWBW
/////////////////////////
plotTreeName: Tprime2_DeepAK8_decorr_Mass
Flavour: M #tag: isV_tHbW #algo: DeepAK8_decorr
Weights: 1 * 1 * 1 * pileupWeight * 1 * lepIdSF * EGammaGsfSF * 1 * (MCWeight_singleLepCalc/abs(MCWeight_singleLepCalc)) * 0.000114437939919
Cuts: (leptonPt_singleLepCalc > 50) && (corr_met_singleLepCalc > 55) && (AK4HT > 480) && (minDR_lepJet > 0.4 || ptRel_lepJet > 40) && (NJetsAK8_JetSubCalc > 2) && (minDR_leadAK8otherAK8 < 3.0) && DataPastTrigger == 1 && isMuon==1
****************************************************************************************************
****************************************************************************************************
DISTRIBUTION: Tp2Mass
            -name in ljmet trees: Tprime2_ALGO_Mass
            -x-axis label is set to: ;M(T) [GeV])
            -using the binning as: [0.0, 60.0, 120.0, 180.0, 240.0, 300.0, 360.0, 420.0, 480.0, 540.0, 600.0, 660.0, 720.0, 780.0, 840.0, 900.0, 960.0, 1020.0, 1080.0, 1140.0, 1200.0, 1260.0, 1320.0, 1380.0, 1440.0, 1500.0, 1560.0, 1620.0, 1680.0, 1740.0, 1800.0, 1860.0, 1920.0, 1980.0, 2040.0, 2100.0, 2160.0, 2220.0, 2280.0, 2340.0, 2400.0, 2460.0, 2520.0, 2580.0, 2640.0, 2700.0, 2760.0, 2820.0, 2880.0, 2940.0, 3000.0]
/////////////////////////
PROCESSING:  TTM1600THTH
/////////////////////////
plotTreeName: Tprime2_DeepAK8_decorr_Mass
Flavour: M #tag: isV_tHbW #algo: DeepAK8_decorr
Weights: 1 * 1 * 1 * pileupWeight * 1 * lepIdSF * EGammaGsfSF * 1 * (MCWeight_singleLepCalc/abs(MCWeight_singleLepCalc)) * 2.86094849797e-05
Cuts: (leptonPt_singleLepCalc > 50) && (corr_met_singleLepCalc > 55) && (AK4HT > 480) && (minDR_lepJet > 0.4 || ptRel_lepJet > 40) && (NJetsAK8_JetSubCalc > 2) && (minDR_leadAK8otherAK8 < 3.0) && DataPastTrigger == 1 && isMuon==1
****************************************************************************************************
****************************************************************************************************
DISTRIBUTION: Tp2Mass
            -name in ljmet trees: Tprime2_ALGO_Mass
            -x-axis label is set to: ;M(T) [GeV])
            -using the binning as: [0.0, 60.0, 120.0, 180.0, 240.0, 300.0, 360.0, 420.0, 480.0, 540.0, 600.0, 660.0, 720.0, 780.0, 840.0, 900.0, 960.0, 1020.0, 1080.0, 1140.0, 1200.0, 1260.0, 1320.0, 1380.0, 1440.0, 1500.0, 1560.0, 1620.0, 1680.0, 1740.0, 1800.0, 1860.0, 1920.0, 1980.0, 2040.0, 2100.0, 2160.0, 2220.0, 2280.0, 2340.0, 2400.0, 2460.0, 2520.0, 2580.0, 2640.0, 2700.0, 2760.0, 2820.0, 2880.0, 2940.0, 3000.0]
/////////////////////////
PROCESSING:  TTM1600TZTZ
/////////////////////////
plotTreeName: Tprime2_DeepAK8_decorr_Mass
Flavour: M #tag: isV_tHbW #algo: DeepAK8_decorr
Weights: 1 * 1 * 1 * pileupWeight * 1 * lepIdSF * EGammaGsfSF * 1 * (MCWeight_singleLepCalc/abs(MCWeight_singleLepCalc)) * 2.86094849797e-05
Cuts: (leptonPt_singleLepCalc > 50) && (corr_met_singleLepCalc > 55) && (AK4HT > 480) && (minDR_lepJet > 0.4 || ptRel_lepJet > 40) && (NJetsAK8_JetSubCalc > 2) && (minDR_leadAK8otherAK8 < 3.0) && DataPastTrigger == 1 && isMuon==1
****************************************************************************************************
****************************************************************************************************
DISTRIBUTION: Tp2Mass
            -name in ljmet trees: Tprime2_ALGO_Mass
            -x-axis label is set to: ;M(T) [GeV])
            -using the binning as: [0.0, 60.0, 120.0, 180.0, 240.0, 300.0, 360.0, 420.0, 480.0, 540.0, 600.0, 660.0, 720.0, 780.0, 840.0, 900.0, 960.0, 1020.0, 1080.0, 1140.0, 1200.0, 1260.0, 1320.0, 1380.0, 1440.0, 1500.0, 1560.0, 1620.0, 1680.0, 1740.0, 1800.0, 1860.0, 1920.0, 1980.0, 2040.0, 2100.0, 2160.0, 2220.0, 2280.0, 2340.0, 2400.0, 2460.0, 2520.0, 2580.0, 2640.0, 2700.0, 2760.0, 2820.0, 2880.0, 2940.0, 3000.0]
/////////////////////////
PROCESSING:  TTM1600TZBW
/////////////////////////
plotTreeName: Tprime2_DeepAK8_decorr_Mass
Flavour: M #tag: isV_tHbW #algo: DeepAK8_decorr
Weights: 1 * 1 * 1 * pileupWeight * 1 * lepIdSF * EGammaGsfSF * 1 * (MCWeight_singleLepCalc/abs(MCWeight_singleLepCalc)) * 5.72189699595e-05
Cuts: (leptonPt_singleLepCalc > 50) && (corr_met_singleLepCalc > 55) && (AK4HT > 480) && (minDR_lepJet > 0.4 || ptRel_lepJet > 40) && (NJetsAK8_JetSubCalc > 2) && (minDR_leadAK8otherAK8 < 3.0) && DataPastTrigger == 1 && isMuon==1
****************************************************************************************************
****************************************************************************************************
DISTRIBUTION: Tp2Mass
            -name in ljmet trees: Tprime2_ALGO_Mass
            -x-axis label is set to: ;M(T) [GeV])
            -using the binning as: [0.0, 60.0, 120.0, 180.0, 240.0, 300.0, 360.0, 420.0, 480.0, 540.0, 600.0, 660.0, 720.0, 780.0, 840.0, 900.0, 960.0, 1020.0, 1080.0, 1140.0, 1200.0, 1260.0, 1320.0, 1380.0, 1440.0, 1500.0, 1560.0, 1620.0, 1680.0, 1740.0, 1800.0, 1860.0, 1920.0, 1980.0, 2040.0, 2100.0, 2160.0, 2220.0, 2280.0, 2340.0, 2400.0, 2460.0, 2520.0, 2580.0, 2640.0, 2700.0, 2760.0, 2820.0, 2880.0, 2940.0, 3000.0]
/////////////////////////
PROCESSING:  TTM1600THBW
/////////////////////////
plotTreeName: Tprime2_DeepAK8_decorr_Mass
Flavour: M #tag: isV_tHbW #algo: DeepAK8_decorr
Weights: 1 * 1 * 1 * pileupWeight * 1 * lepIdSF * EGammaGsfSF * 1 * (MCWeight_singleLepCalc/abs(MCWeight_singleLepCalc)) * 5.72189699595e-05
Cuts: (leptonPt_singleLepCalc > 50) && (corr_met_singleLepCalc > 55) && (AK4HT > 480) && (minDR_lepJet > 0.4 || ptRel_lepJet > 40) && (NJetsAK8_JetSubCalc > 2) && (minDR_leadAK8otherAK8 < 3.0) && DataPastTrigger == 1 && isMuon==1
****************************************************************************************************
****************************************************************************************************
DISTRIBUTION: Tp2Mass
            -name in ljmet trees: Tprime2_ALGO_Mass
            -x-axis label is set to: ;M(T) [GeV])
            -using the binning as: [0.0, 60.0, 120.0, 180.0, 240.0, 300.0, 360.0, 420.0, 480.0, 540.0, 600.0, 660.0, 720.0, 780.0, 840.0, 900.0, 960.0, 1020.0, 1080.0, 1140.0, 1200.0, 1260.0, 1320.0, 1380.0, 1440.0, 1500.0, 1560.0, 1620.0, 1680.0, 1740.0, 1800.0, 1860.0, 1920.0, 1980.0, 2040.0, 2100.0, 2160.0, 2220.0, 2280.0, 2340.0, 2400.0, 2460.0, 2520.0, 2580.0, 2640.0, 2700.0, 2760.0, 2820.0, 2880.0, 2940.0, 3000.0]
/////////////////////////
PROCESSING:  TTM1600TZTH
/////////////////////////
plotTreeName: Tprime2_DeepAK8_decorr_Mass
Flavour: M #tag: isV_tHbW #algo: DeepAK8_decorr
Weights: 1 * 1 * 1 * pileupWeight * 1 * lepIdSF * EGammaGsfSF * 1 * (MCWeight_singleLepCalc/abs(MCWeight_singleLepCalc)) * 2.86094849797e-05
Cuts: (leptonPt_singleLepCalc > 50) && (corr_met_singleLepCalc > 55) && (AK4HT > 480) && (minDR_lepJet > 0.4 || ptRel_lepJet > 40) && (NJetsAK8_JetSubCalc > 2) && (minDR_leadAK8otherAK8 < 3.0) && DataPastTrigger == 1 && isMuon==1
****************************************************************************************************
****************************************************************************************************
DISTRIBUTION: Tp2Mass
            -name in ljmet trees: Tprime2_ALGO_Mass
            -x-axis label is set to: ;M(T) [GeV])
            -using the binning as: [0.0, 60.0, 120.0, 180.0, 240.0, 300.0, 360.0, 420.0, 480.0, 540.0, 600.0, 660.0, 720.0, 780.0, 840.0, 900.0, 960.0, 1020.0, 1080.0, 1140.0, 1200.0, 1260.0, 1320.0, 1380.0, 1440.0, 1500.0, 1560.0, 1620.0, 1680.0, 1740.0, 1800.0, 1860.0, 1920.0, 1980.0, 2040.0, 2100.0, 2160.0, 2220.0, 2280.0, 2340.0, 2400.0, 2460.0, 2520.0, 2580.0, 2640.0, 2700.0, 2760.0, 2820.0, 2880.0, 2940.0, 3000.0]
/////////////////////////
PROCESSING:  TTM1700BWBW
/////////////////////////
plotTreeName: Tprime2_DeepAK8_decorr_Mass
Flavour: M #tag: isV_tHbW #algo: DeepAK8_decorr
Weights: 1 * 1 * 1 * pileupWeight * 1 * lepIdSF * EGammaGsfSF * 1 * (MCWeight_singleLepCalc/abs(MCWeight_singleLepCalc)) * 6.93554282011e-05
Cuts: (leptonPt_singleLepCalc > 50) && (corr_met_singleLepCalc > 55) && (AK4HT > 480) && (minDR_lepJet > 0.4 || ptRel_lepJet > 40) && (NJetsAK8_JetSubCalc > 2) && (minDR_leadAK8otherAK8 < 3.0) && DataPastTrigger == 1 && isMuon==1
****************************************************************************************************
****************************************************************************************************
DISTRIBUTION: Tp2Mass
            -name in ljmet trees: Tprime2_ALGO_Mass
            -x-axis label is set to: ;M(T) [GeV])
            -using the binning as: [0.0, 60.0, 120.0, 180.0, 240.0, 300.0, 360.0, 420.0, 480.0, 540.0, 600.0, 660.0, 720.0, 780.0, 840.0, 900.0, 960.0, 1020.0, 1080.0, 1140.0, 1200.0, 1260.0, 1320.0, 1380.0, 1440.0, 1500.0, 1560.0, 1620.0, 1680.0, 1740.0, 1800.0, 1860.0, 1920.0, 1980.0, 2040.0, 2100.0, 2160.0, 2220.0, 2280.0, 2340.0, 2400.0, 2460.0, 2520.0, 2580.0, 2640.0, 2700.0, 2760.0, 2820.0, 2880.0, 2940.0, 3000.0]
/////////////////////////
PROCESSING:  TTM1700THTH
/////////////////////////
plotTreeName: Tprime2_DeepAK8_decorr_Mass
Flavour: M #tag: isV_tHbW #algo: DeepAK8_decorr
Weights: 1 * 1 * 1 * pileupWeight * 1 * lepIdSF * EGammaGsfSF * 1 * (MCWeight_singleLepCalc/abs(MCWeight_singleLepCalc)) * 1.73388570503e-05
Cuts: (leptonPt_singleLepCalc > 50) && (corr_met_singleLepCalc > 55) && (AK4HT > 480) && (minDR_lepJet > 0.4 || ptRel_lepJet > 40) && (NJetsAK8_JetSubCalc > 2) && (minDR_leadAK8otherAK8 < 3.0) && DataPastTrigger == 1 && isMuon==1
****************************************************************************************************
****************************************************************************************************
DISTRIBUTION: Tp2Mass
            -name in ljmet trees: Tprime2_ALGO_Mass
            -x-axis label is set to: ;M(T) [GeV])
            -using the binning as: [0.0, 60.0, 120.0, 180.0, 240.0, 300.0, 360.0, 420.0, 480.0, 540.0, 600.0, 660.0, 720.0, 780.0, 840.0, 900.0, 960.0, 1020.0, 1080.0, 1140.0, 1200.0, 1260.0, 1320.0, 1380.0, 1440.0, 1500.0, 1560.0, 1620.0, 1680.0, 1740.0, 1800.0, 1860.0, 1920.0, 1980.0, 2040.0, 2100.0, 2160.0, 2220.0, 2280.0, 2340.0, 2400.0, 2460.0, 2520.0, 2580.0, 2640.0, 2700.0, 2760.0, 2820.0, 2880.0, 2940.0, 3000.0]
/////////////////////////
PROCESSING:  TTM1700TZTZ
/////////////////////////
plotTreeName: Tprime2_DeepAK8_decorr_Mass
Flavour: M #tag: isV_tHbW #algo: DeepAK8_decorr
Weights: 1 * 1 * 1 * pileupWeight * 1 * lepIdSF * EGammaGsfSF * 1 * (MCWeight_singleLepCalc/abs(MCWeight_singleLepCalc)) * 1.73388570503e-05
Cuts: (leptonPt_singleLepCalc > 50) && (corr_met_singleLepCalc > 55) && (AK4HT > 480) && (minDR_lepJet > 0.4 || ptRel_lepJet > 40) && (NJetsAK8_JetSubCalc > 2) && (minDR_leadAK8otherAK8 < 3.0) && DataPastTrigger == 1 && isMuon==1
****************************************************************************************************
****************************************************************************************************
DISTRIBUTION: Tp2Mass
            -name in ljmet trees: Tprime2_ALGO_Mass
            -x-axis label is set to: ;M(T) [GeV])
            -using the binning as: [0.0, 60.0, 120.0, 180.0, 240.0, 300.0, 360.0, 420.0, 480.0, 540.0, 600.0, 660.0, 720.0, 780.0, 840.0, 900.0, 960.0, 1020.0, 1080.0, 1140.0, 1200.0, 1260.0, 1320.0, 1380.0, 1440.0, 1500.0, 1560.0, 1620.0, 1680.0, 1740.0, 1800.0, 1860.0, 1920.0, 1980.0, 2040.0, 2100.0, 2160.0, 2220.0, 2280.0, 2340.0, 2400.0, 2460.0, 2520.0, 2580.0, 2640.0, 2700.0, 2760.0, 2820.0, 2880.0, 2940.0, 3000.0]
/////////////////////////
PROCESSING:  TTM1700TZBW
/////////////////////////
plotTreeName: Tprime2_DeepAK8_decorr_Mass
Flavour: M #tag: isV_tHbW #algo: DeepAK8_decorr
Weights: 1 * 1 * 1 * pileupWeight * 1 * lepIdSF * EGammaGsfSF * 1 * (MCWeight_singleLepCalc/abs(MCWeight_singleLepCalc)) * 3.46777141005e-05
Cuts: (leptonPt_singleLepCalc > 50) && (corr_met_singleLepCalc > 55) && (AK4HT > 480) && (minDR_lepJet > 0.4 || ptRel_lepJet > 40) && (NJetsAK8_JetSubCalc > 2) && (minDR_leadAK8otherAK8 < 3.0) && DataPastTrigger == 1 && isMuon==1
****************************************************************************************************
****************************************************************************************************
DISTRIBUTION: Tp2Mass
            -name in ljmet trees: Tprime2_ALGO_Mass
            -x-axis label is set to: ;M(T) [GeV])
            -using the binning as: [0.0, 60.0, 120.0, 180.0, 240.0, 300.0, 360.0, 420.0, 480.0, 540.0, 600.0, 660.0, 720.0, 780.0, 840.0, 900.0, 960.0, 1020.0, 1080.0, 1140.0, 1200.0, 1260.0, 1320.0, 1380.0, 1440.0, 1500.0, 1560.0, 1620.0, 1680.0, 1740.0, 1800.0, 1860.0, 1920.0, 1980.0, 2040.0, 2100.0, 2160.0, 2220.0, 2280.0, 2340.0, 2400.0, 2460.0, 2520.0, 2580.0, 2640.0, 2700.0, 2760.0, 2820.0, 2880.0, 2940.0, 3000.0]
/////////////////////////
PROCESSING:  TTM1700THBW
/////////////////////////
plotTreeName: Tprime2_DeepAK8_decorr_Mass
Flavour: M #tag: isV_tHbW #algo: DeepAK8_decorr
Weights: 1 * 1 * 1 * pileupWeight * 1 * lepIdSF * EGammaGsfSF * 1 * (MCWeight_singleLepCalc/abs(MCWeight_singleLepCalc)) * 3.46777141005e-05
Cuts: (leptonPt_singleLepCalc > 50) && (corr_met_singleLepCalc > 55) && (AK4HT > 480) && (minDR_lepJet > 0.4 || ptRel_lepJet > 40) && (NJetsAK8_JetSubCalc > 2) && (minDR_leadAK8otherAK8 < 3.0) && DataPastTrigger == 1 && isMuon==1
****************************************************************************************************
****************************************************************************************************
DISTRIBUTION: Tp2Mass
            -name in ljmet trees: Tprime2_ALGO_Mass
            -x-axis label is set to: ;M(T) [GeV])
            -using the binning as: [0.0, 60.0, 120.0, 180.0, 240.0, 300.0, 360.0, 420.0, 480.0, 540.0, 600.0, 660.0, 720.0, 780.0, 840.0, 900.0, 960.0, 1020.0, 1080.0, 1140.0, 1200.0, 1260.0, 1320.0, 1380.0, 1440.0, 1500.0, 1560.0, 1620.0, 1680.0, 1740.0, 1800.0, 1860.0, 1920.0, 1980.0, 2040.0, 2100.0, 2160.0, 2220.0, 2280.0, 2340.0, 2400.0, 2460.0, 2520.0, 2580.0, 2640.0, 2700.0, 2760.0, 2820.0, 2880.0, 2940.0, 3000.0]
/////////////////////////
PROCESSING:  TTM1700TZTH
/////////////////////////
plotTreeName: Tprime2_DeepAK8_decorr_Mass
Flavour: M #tag: isV_tHbW #algo: DeepAK8_decorr
Weights: 1 * 1 * 1 * pileupWeight * 1 * lepIdSF * EGammaGsfSF * 1 * (MCWeight_singleLepCalc/abs(MCWeight_singleLepCalc)) * 1.73388570503e-05
Cuts: (leptonPt_singleLepCalc > 50) && (corr_met_singleLepCalc > 55) && (AK4HT > 480) && (minDR_lepJet > 0.4 || ptRel_lepJet > 40) && (NJetsAK8_JetSubCalc > 2) && (minDR_leadAK8otherAK8 < 3.0) && DataPastTrigger == 1 && isMuon==1
****************************************************************************************************
****************************************************************************************************
DISTRIBUTION: Tp2Mass
            -name in ljmet trees: Tprime2_ALGO_Mass
            -x-axis label is set to: ;M(T) [GeV])
            -using the binning as: [0.0, 60.0, 120.0, 180.0, 240.0, 300.0, 360.0, 420.0, 480.0, 540.0, 600.0, 660.0, 720.0, 780.0, 840.0, 900.0, 960.0, 1020.0, 1080.0, 1140.0, 1200.0, 1260.0, 1320.0, 1380.0, 1440.0, 1500.0, 1560.0, 1620.0, 1680.0, 1740.0, 1800.0, 1860.0, 1920.0, 1980.0, 2040.0, 2100.0, 2160.0, 2220.0, 2280.0, 2340.0, 2400.0, 2460.0, 2520.0, 2580.0, 2640.0, 2700.0, 2760.0, 2820.0, 2880.0, 2940.0, 3000.0]
/////////////////////////
PROCESSING:  TTM1800BWBW
/////////////////////////
plotTreeName: Tprime2_DeepAK8_decorr_Mass
Flavour: M #tag: isV_tHbW #algo: DeepAK8_decorr
Weights: 1 * 1 * 1 * pileupWeight * 1 * lepIdSF * EGammaGsfSF * 1 * (MCWeight_singleLepCalc/abs(MCWeight_singleLepCalc)) * 3.89579688164e-05
Cuts: (leptonPt_singleLepCalc > 50) && (corr_met_singleLepCalc > 55) && (AK4HT > 480) && (minDR_lepJet > 0.4 || ptRel_lepJet > 40) && (NJetsAK8_JetSubCalc > 2) && (minDR_leadAK8otherAK8 < 3.0) && DataPastTrigger == 1 && isMuon==1
****************************************************************************************************
****************************************************************************************************
DISTRIBUTION: Tp2Mass
            -name in ljmet trees: Tprime2_ALGO_Mass
            -x-axis label is set to: ;M(T) [GeV])
            -using the binning as: [0.0, 60.0, 120.0, 180.0, 240.0, 300.0, 360.0, 420.0, 480.0, 540.0, 600.0, 660.0, 720.0, 780.0, 840.0, 900.0, 960.0, 1020.0, 1080.0, 1140.0, 1200.0, 1260.0, 1320.0, 1380.0, 1440.0, 1500.0, 1560.0, 1620.0, 1680.0, 1740.0, 1800.0, 1860.0, 1920.0, 1980.0, 2040.0, 2100.0, 2160.0, 2220.0, 2280.0, 2340.0, 2400.0, 2460.0, 2520.0, 2580.0, 2640.0, 2700.0, 2760.0, 2820.0, 2880.0, 2940.0, 3000.0]
/////////////////////////
PROCESSING:  TTM1800THTH
/////////////////////////
plotTreeName: Tprime2_DeepAK8_decorr_Mass
Flavour: M #tag: isV_tHbW #algo: DeepAK8_decorr
Weights: 1 * 1 * 1 * pileupWeight * 1 * lepIdSF * EGammaGsfSF * 1 * (MCWeight_singleLepCalc/abs(MCWeight_singleLepCalc)) * 9.7394922041e-06
Cuts: (leptonPt_singleLepCalc > 50) && (corr_met_singleLepCalc > 55) && (AK4HT > 480) && (minDR_lepJet > 0.4 || ptRel_lepJet > 40) && (NJetsAK8_JetSubCalc > 2) && (minDR_leadAK8otherAK8 < 3.0) && DataPastTrigger == 1 && isMuon==1
****************************************************************************************************
****************************************************************************************************
DISTRIBUTION: Tp2Mass
            -name in ljmet trees: Tprime2_ALGO_Mass
            -x-axis label is set to: ;M(T) [GeV])
            -using the binning as: [0.0, 60.0, 120.0, 180.0, 240.0, 300.0, 360.0, 420.0, 480.0, 540.0, 600.0, 660.0, 720.0, 780.0, 840.0, 900.0, 960.0, 1020.0, 1080.0, 1140.0, 1200.0, 1260.0, 1320.0, 1380.0, 1440.0, 1500.0, 1560.0, 1620.0, 1680.0, 1740.0, 1800.0, 1860.0, 1920.0, 1980.0, 2040.0, 2100.0, 2160.0, 2220.0, 2280.0, 2340.0, 2400.0, 2460.0, 2520.0, 2580.0, 2640.0, 2700.0, 2760.0, 2820.0, 2880.0, 2940.0, 3000.0]
/////////////////////////
PROCESSING:  TTM1800TZTZ
/////////////////////////
plotTreeName: Tprime2_DeepAK8_decorr_Mass
Flavour: M #tag: isV_tHbW #algo: DeepAK8_decorr
Weights: 1 * 1 * 1 * pileupWeight * 1 * lepIdSF * EGammaGsfSF * 1 * (MCWeight_singleLepCalc/abs(MCWeight_singleLepCalc)) * 9.7394922041e-06
Cuts: (leptonPt_singleLepCalc > 50) && (corr_met_singleLepCalc > 55) && (AK4HT > 480) && (minDR_lepJet > 0.4 || ptRel_lepJet > 40) && (NJetsAK8_JetSubCalc > 2) && (minDR_leadAK8otherAK8 < 3.0) && DataPastTrigger == 1 && isMuon==1
****************************************************************************************************
****************************************************************************************************
DISTRIBUTION: Tp2Mass
            -name in ljmet trees: Tprime2_ALGO_Mass
            -x-axis label is set to: ;M(T) [GeV])
            -using the binning as: [0.0, 60.0, 120.0, 180.0, 240.0, 300.0, 360.0, 420.0, 480.0, 540.0, 600.0, 660.0, 720.0, 780.0, 840.0, 900.0, 960.0, 1020.0, 1080.0, 1140.0, 1200.0, 1260.0, 1320.0, 1380.0, 1440.0, 1500.0, 1560.0, 1620.0, 1680.0, 1740.0, 1800.0, 1860.0, 1920.0, 1980.0, 2040.0, 2100.0, 2160.0, 2220.0, 2280.0, 2340.0, 2400.0, 2460.0, 2520.0, 2580.0, 2640.0, 2700.0, 2760.0, 2820.0, 2880.0, 2940.0, 3000.0]
/////////////////////////
PROCESSING:  TTM1800TZBW
/////////////////////////
plotTreeName: Tprime2_DeepAK8_decorr_Mass
Flavour: M #tag: isV_tHbW #algo: DeepAK8_decorr
Weights: 1 * 1 * 1 * pileupWeight * 1 * lepIdSF * EGammaGsfSF * 1 * (MCWeight_singleLepCalc/abs(MCWeight_singleLepCalc)) * 1.94789844082e-05
Cuts: (leptonPt_singleLepCalc > 50) && (corr_met_singleLepCalc > 55) && (AK4HT > 480) && (minDR_lepJet > 0.4 || ptRel_lepJet > 40) && (NJetsAK8_JetSubCalc > 2) && (minDR_leadAK8otherAK8 < 3.0) && DataPastTrigger == 1 && isMuon==1
****************************************************************************************************
****************************************************************************************************
DISTRIBUTION: Tp2Mass
            -name in ljmet trees: Tprime2_ALGO_Mass
            -x-axis label is set to: ;M(T) [GeV])
            -using the binning as: [0.0, 60.0, 120.0, 180.0, 240.0, 300.0, 360.0, 420.0, 480.0, 540.0, 600.0, 660.0, 720.0, 780.0, 840.0, 900.0, 960.0, 1020.0, 1080.0, 1140.0, 1200.0, 1260.0, 1320.0, 1380.0, 1440.0, 1500.0, 1560.0, 1620.0, 1680.0, 1740.0, 1800.0, 1860.0, 1920.0, 1980.0, 2040.0, 2100.0, 2160.0, 2220.0, 2280.0, 2340.0, 2400.0, 2460.0, 2520.0, 2580.0, 2640.0, 2700.0, 2760.0, 2820.0, 2880.0, 2940.0, 3000.0]
/////////////////////////
PROCESSING:  TTM1800THBW
/////////////////////////
plotTreeName: Tprime2_DeepAK8_decorr_Mass
Flavour: M #tag: isV_tHbW #algo: DeepAK8_decorr
Weights: 1 * 1 * 1 * pileupWeight * 1 * lepIdSF * EGammaGsfSF * 1 * (MCWeight_singleLepCalc/abs(MCWeight_singleLepCalc)) * 1.94789844082e-05
Cuts: (leptonPt_singleLepCalc > 50) && (corr_met_singleLepCalc > 55) && (AK4HT > 480) && (minDR_lepJet > 0.4 || ptRel_lepJet > 40) && (NJetsAK8_JetSubCalc > 2) && (minDR_leadAK8otherAK8 < 3.0) && DataPastTrigger == 1 && isMuon==1
****************************************************************************************************
****************************************************************************************************
DISTRIBUTION: Tp2Mass
            -name in ljmet trees: Tprime2_ALGO_Mass
            -x-axis label is set to: ;M(T) [GeV])
            -using the binning as: [0.0, 60.0, 120.0, 180.0, 240.0, 300.0, 360.0, 420.0, 480.0, 540.0, 600.0, 660.0, 720.0, 780.0, 840.0, 900.0, 960.0, 1020.0, 1080.0, 1140.0, 1200.0, 1260.0, 1320.0, 1380.0, 1440.0, 1500.0, 1560.0, 1620.0, 1680.0, 1740.0, 1800.0, 1860.0, 1920.0, 1980.0, 2040.0, 2100.0, 2160.0, 2220.0, 2280.0, 2340.0, 2400.0, 2460.0, 2520.0, 2580.0, 2640.0, 2700.0, 2760.0, 2820.0, 2880.0, 2940.0, 3000.0]
/////////////////////////
PROCESSING:  TTM1800TZTH
/////////////////////////
plotTreeName: Tprime2_DeepAK8_decorr_Mass
Flavour: M #tag: isV_tHbW #algo: DeepAK8_decorr
Weights: 1 * 1 * 1 * pileupWeight * 1 * lepIdSF * EGammaGsfSF * 1 * (MCWeight_singleLepCalc/abs(MCWeight_singleLepCalc)) * 9.7394922041e-06
Cuts: (leptonPt_singleLepCalc > 50) && (corr_met_singleLepCalc > 55) && (AK4HT > 480) && (minDR_lepJet > 0.4 || ptRel_lepJet > 40) && (NJetsAK8_JetSubCalc > 2) && (minDR_leadAK8otherAK8 < 3.0) && DataPastTrigger == 1 && isMuon==1
****************************************************************************************************
****************************************************************************************************
DISTRIBUTION: Tp2Mass
            -name in ljmet trees: Tprime2_ALGO_Mass
            -x-axis label is set to: ;M(T) [GeV])
            -using the binning as: [0.0, 60.0, 120.0, 180.0, 240.0, 300.0, 360.0, 420.0, 480.0, 540.0, 600.0, 660.0, 720.0, 780.0, 840.0, 900.0, 960.0, 1020.0, 1080.0, 1140.0, 1200.0, 1260.0, 1320.0, 1380.0, 1440.0, 1500.0, 1560.0, 1620.0, 1680.0, 1740.0, 1800.0, 1860.0, 1920.0, 1980.0, 2040.0, 2100.0, 2160.0, 2220.0, 2280.0, 2340.0, 2400.0, 2460.0, 2520.0, 2580.0, 2640.0, 2700.0, 2760.0, 2820.0, 2880.0, 2940.0, 3000.0]
/////////////////////////
PROCESSING:  WJetsMG400
/////////////////////////
plotTreeName: Tprime2_BEST_Mass
Flavour: M #tag: isV_tHtH #algo: BEST
Weights: 1 * HTSF_Pol * 1 * pileupWeight * 1 * lepIdSF * EGammaGsfSF * 1 * (MCWeight_singleLepCalc/abs(MCWeight_singleLepCalc)) * 0.280770227538
Cuts: (leptonPt_singleLepCalc > 50) && (corr_met_singleLepCalc > 55) && (AK4HT > 480) && (minDR_lepJet > 0.4 || ptRel_lepJet > 40) && (NJetsAK8_JetSubCalc > 2) && (minDR_leadAK8otherAK8 < 3.0) && DataPastTrigger == 1 && isMuon==1
****************************************************************************************************
****************************************************************************************************
DISTRIBUTION: Tp2Mass
            -name in ljmet trees: Tprime2_ALGO_Mass
            -x-axis label is set to: ;M(T) [GeV])
            -using the binning as: [0.0, 60.0, 120.0, 180.0, 240.0, 300.0, 360.0, 420.0, 480.0, 540.0, 600.0, 660.0, 720.0, 780.0, 840.0, 900.0, 960.0, 1020.0, 1080.0, 1140.0, 1200.0, 1260.0, 1320.0, 1380.0, 1440.0, 1500.0, 1560.0, 1620.0, 1680.0, 1740.0, 1800.0, 1860.0, 1920.0, 1980.0, 2040.0, 2100.0, 2160.0, 2220.0, 2280.0, 2340.0, 2400.0, 2460.0, 2520.0, 2580.0, 2640.0, 2700.0, 2760.0, 2820.0, 2880.0, 2940.0, 3000.0]
/////////////////////////
PROCESSING:  WJetsMG600
/////////////////////////
plotTreeName: Tprime2_BEST_Mass
Flavour: M #tag: isV_tHtH #algo: BEST
Weights: 1 * HTSF_Pol * 1 * pileupWeight * 1 * lepIdSF * EGammaGsfSF * 1 * (MCWeight_singleLepCalc/abs(MCWeight_singleLepCalc)) * 0.0287233231554
Cuts: (leptonPt_singleLepCalc > 50) && (corr_met_singleLepCalc > 55) && (AK4HT > 480) && (minDR_lepJet > 0.4 || ptRel_lepJet > 40) && (NJetsAK8_JetSubCalc > 2) && (minDR_leadAK8otherAK8 < 3.0) && DataPastTrigger == 1 && isMuon==1
****************************************************************************************************
****************************************************************************************************
DISTRIBUTION: Tp2Mass
            -name in ljmet trees: Tprime2_ALGO_Mass
            -x-axis label is set to: ;M(T) [GeV])
            -using the binning as: [0.0, 60.0, 120.0, 180.0, 240.0, 300.0, 360.0, 420.0, 480.0, 540.0, 600.0, 660.0, 720.0, 780.0, 840.0, 900.0, 960.0, 1020.0, 1080.0, 1140.0, 1200.0, 1260.0, 1320.0, 1380.0, 1440.0, 1500.0, 1560.0, 1620.0, 1680.0, 1740.0, 1800.0, 1860.0, 1920.0, 1980.0, 2040.0, 2100.0, 2160.0, 2220.0, 2280.0, 2340.0, 2400.0, 2460.0, 2520.0, 2580.0, 2640.0, 2700.0, 2760.0, 2820.0, 2880.0, 2940.0, 3000.0]
/////////////////////////
PROCESSING:  WJetsMG800
/////////////////////////
plotTreeName: Tprime2_BEST_Mass
Flavour: M #tag: isV_tHtH #algo: BEST
Weights: 1 * HTSF_Pol * 1 * pileupWeight * 1 * lepIdSF * EGammaGsfSF * 1 * (MCWeight_singleLepCalc/abs(MCWeight_singleLepCalc)) * 0.0316367902594
Cuts: (leptonPt_singleLepCalc > 50) && (corr_met_singleLepCalc > 55) && (AK4HT > 480) && (minDR_lepJet > 0.4 || ptRel_lepJet > 40) && (NJetsAK8_JetSubCalc > 2) && (minDR_leadAK8otherAK8 < 3.0) && DataPastTrigger == 1 && isMuon==1
****************************************************************************************************
****************************************************************************************************
DISTRIBUTION: Tp2Mass
            -name in ljmet trees: Tprime2_ALGO_Mass
            -x-axis label is set to: ;M(T) [GeV])
            -using the binning as: [0.0, 60.0, 120.0, 180.0, 240.0, 300.0, 360.0, 420.0, 480.0, 540.0, 600.0, 660.0, 720.0, 780.0, 840.0, 900.0, 960.0, 1020.0, 1080.0, 1140.0, 1200.0, 1260.0, 1320.0, 1380.0, 1440.0, 1500.0, 1560.0, 1620.0, 1680.0, 1740.0, 1800.0, 1860.0, 1920.0, 1980.0, 2040.0, 2100.0, 2160.0, 2220.0, 2280.0, 2340.0, 2400.0, 2460.0, 2520.0, 2580.0, 2640.0, 2700.0, 2760.0, 2820.0, 2880.0, 2940.0, 3000.0]
/////////////////////////
PROCESSING:  WJetsMG1200
/////////////////////////
plotTreeName: Tprime2_BEST_Mass
Flavour: M #tag: isV_tHtH #algo: BEST
Weights: 1 * HTSF_Pol * 1 * pileupWeight * 1 * lepIdSF * EGammaGsfSF * 1 * (MCWeight_singleLepCalc/abs(MCWeight_singleLepCalc)) * 0.00861414819858
Cuts: (leptonPt_singleLepCalc > 50) && (corr_met_singleLepCalc > 55) && (AK4HT > 480) && (minDR_lepJet > 0.4 || ptRel_lepJet > 40) && (NJetsAK8_JetSubCalc > 2) && (minDR_leadAK8otherAK8 < 3.0) && DataPastTrigger == 1 && isMuon==1
****************************************************************************************************
****************************************************************************************************
DISTRIBUTION: Tp2Mass
            -name in ljmet trees: Tprime2_ALGO_Mass
            -x-axis label is set to: ;M(T) [GeV])
            -using the binning as: [0.0, 60.0, 120.0, 180.0, 240.0, 300.0, 360.0, 420.0, 480.0, 540.0, 600.0, 660.0, 720.0, 780.0, 840.0, 900.0, 960.0, 1020.0, 1080.0, 1140.0, 1200.0, 1260.0, 1320.0, 1380.0, 1440.0, 1500.0, 1560.0, 1620.0, 1680.0, 1740.0, 1800.0, 1860.0, 1920.0, 1980.0, 2040.0, 2100.0, 2160.0, 2220.0, 2280.0, 2340.0, 2400.0, 2460.0, 2520.0, 2580.0, 2640.0, 2700.0, 2760.0, 2820.0, 2880.0, 2940.0, 3000.0]
/////////////////////////
PROCESSING:  WJetsMG2500
/////////////////////////
plotTreeName: Tprime2_BEST_Mass
Flavour: M #tag: isV_tHtH #algo: BEST
Weights: 1 * HTSF_Pol * 1 * pileupWeight * 1 * lepIdSF * EGammaGsfSF * 1 * (MCWeight_singleLepCalc/abs(MCWeight_singleLepCalc)) * 0.00054308661217
Cuts: (leptonPt_singleLepCalc > 50) && (corr_met_singleLepCalc > 55) && (AK4HT > 480) && (minDR_lepJet > 0.4 || ptRel_lepJet > 40) && (NJetsAK8_JetSubCalc > 2) && (minDR_leadAK8otherAK8 < 3.0) && DataPastTrigger == 1 && isMuon==1
****************************************************************************************************
****************************************************************************************************
DISTRIBUTION: Tp2Mass
            -name in ljmet trees: Tprime2_ALGO_Mass
            -x-axis label is set to: ;M(T) [GeV])
            -using the binning as: [0.0, 60.0, 120.0, 180.0, 240.0, 300.0, 360.0, 420.0, 480.0, 540.0, 600.0, 660.0, 720.0, 780.0, 840.0, 900.0, 960.0, 1020.0, 1080.0, 1140.0, 1200.0, 1260.0, 1320.0, 1380.0, 1440.0, 1500.0, 1560.0, 1620.0, 1680.0, 1740.0, 1800.0, 1860.0, 1920.0, 1980.0, 2040.0, 2100.0, 2160.0, 2220.0, 2280.0, 2340.0, 2400.0, 2460.0, 2520.0, 2580.0, 2640.0, 2700.0, 2760.0, 2820.0, 2880.0, 2940.0, 3000.0]
/////////////////////////
PROCESSING:  TTM1100BWBW
/////////////////////////
plotTreeName: Tprime2_BEST_Mass
Flavour: M #tag: isV_tHtH #algo: BEST
Weights: 1 * 1 * 1 * pileupWeight * 1 * lepIdSF * EGammaGsfSF * 1 * (MCWeight_singleLepCalc/abs(MCWeight_singleLepCalc)) * 0.00223239916536
Cuts: (leptonPt_singleLepCalc > 50) && (corr_met_singleLepCalc > 55) && (AK4HT > 480) && (minDR_lepJet > 0.4 || ptRel_lepJet > 40) && (NJetsAK8_JetSubCalc > 2) && (minDR_leadAK8otherAK8 < 3.0) && DataPastTrigger == 1 && isMuon==1
****************************************************************************************************
****************************************************************************************************
DISTRIBUTION: Tp2Mass
            -name in ljmet trees: Tprime2_ALGO_Mass
            -x-axis label is set to: ;M(T) [GeV])
            -using the binning as: [0.0, 60.0, 120.0, 180.0, 240.0, 300.0, 360.0, 420.0, 480.0, 540.0, 600.0, 660.0, 720.0, 780.0, 840.0, 900.0, 960.0, 1020.0, 1080.0, 1140.0, 1200.0, 1260.0, 1320.0, 1380.0, 1440.0, 1500.0, 1560.0, 1620.0, 1680.0, 1740.0, 1800.0, 1860.0, 1920.0, 1980.0, 2040.0, 2100.0, 2160.0, 2220.0, 2280.0, 2340.0, 2400.0, 2460.0, 2520.0, 2580.0, 2640.0, 2700.0, 2760.0, 2820.0, 2880.0, 2940.0, 3000.0]
/////////////////////////
PROCESSING:  TTM1100THTH
/////////////////////////
plotTreeName: Tprime2_BEST_Mass
Flavour: M #tag: isV_tHtH #algo: BEST
Weights: 1 * 1 * 1 * pileupWeight * 1 * lepIdSF * EGammaGsfSF * 1 * (MCWeight_singleLepCalc/abs(MCWeight_singleLepCalc)) * 0.000558099791339
Cuts: (leptonPt_singleLepCalc > 50) && (corr_met_singleLepCalc > 55) && (AK4HT > 480) && (minDR_lepJet > 0.4 || ptRel_lepJet > 40) && (NJetsAK8_JetSubCalc > 2) && (minDR_leadAK8otherAK8 < 3.0) && DataPastTrigger == 1 && isMuon==1
****************************************************************************************************
****************************************************************************************************
DISTRIBUTION: Tp2Mass
            -name in ljmet trees: Tprime2_ALGO_Mass
            -x-axis label is set to: ;M(T) [GeV])
            -using the binning as: [0.0, 60.0, 120.0, 180.0, 240.0, 300.0, 360.0, 420.0, 480.0, 540.0, 600.0, 660.0, 720.0, 780.0, 840.0, 900.0, 960.0, 1020.0, 1080.0, 1140.0, 1200.0, 1260.0, 1320.0, 1380.0, 1440.0, 1500.0, 1560.0, 1620.0, 1680.0, 1740.0, 1800.0, 1860.0, 1920.0, 1980.0, 2040.0, 2100.0, 2160.0, 2220.0, 2280.0, 2340.0, 2400.0, 2460.0, 2520.0, 2580.0, 2640.0, 2700.0, 2760.0, 2820.0, 2880.0, 2940.0, 3000.0]
/////////////////////////
PROCESSING:  TTM1100TZTZ
/////////////////////////
plotTreeName: Tprime2_BEST_Mass
Flavour: M #tag: isV_tHtH #algo: BEST
Weights: 1 * 1 * 1 * pileupWeight * 1 * lepIdSF * EGammaGsfSF * 1 * (MCWeight_singleLepCalc/abs(MCWeight_singleLepCalc)) * 0.000558099791339
Cuts: (leptonPt_singleLepCalc > 50) && (corr_met_singleLepCalc > 55) && (AK4HT > 480) && (minDR_lepJet > 0.4 || ptRel_lepJet > 40) && (NJetsAK8_JetSubCalc > 2) && (minDR_leadAK8otherAK8 < 3.0) && DataPastTrigger == 1 && isMuon==1
****************************************************************************************************
****************************************************************************************************
DISTRIBUTION: Tp2Mass
            -name in ljmet trees: Tprime2_ALGO_Mass
            -x-axis label is set to: ;M(T) [GeV])
            -using the binning as: [0.0, 60.0, 120.0, 180.0, 240.0, 300.0, 360.0, 420.0, 480.0, 540.0, 600.0, 660.0, 720.0, 780.0, 840.0, 900.0, 960.0, 1020.0, 1080.0, 1140.0, 1200.0, 1260.0, 1320.0, 1380.0, 1440.0, 1500.0, 1560.0, 1620.0, 1680.0, 1740.0, 1800.0, 1860.0, 1920.0, 1980.0, 2040.0, 2100.0, 2160.0, 2220.0, 2280.0, 2340.0, 2400.0, 2460.0, 2520.0, 2580.0, 2640.0, 2700.0, 2760.0, 2820.0, 2880.0, 2940.0, 3000.0]
/////////////////////////
PROCESSING:  TTM1100TZBW
/////////////////////////
plotTreeName: Tprime2_BEST_Mass
Flavour: M #tag: isV_tHtH #algo: BEST
Weights: 1 * 1 * 1 * pileupWeight * 1 * lepIdSF * EGammaGsfSF * 1 * (MCWeight_singleLepCalc/abs(MCWeight_singleLepCalc)) * 0.00111619958268
Cuts: (leptonPt_singleLepCalc > 50) && (corr_met_singleLepCalc > 55) && (AK4HT > 480) && (minDR_lepJet > 0.4 || ptRel_lepJet > 40) && (NJetsAK8_JetSubCalc > 2) && (minDR_leadAK8otherAK8 < 3.0) && DataPastTrigger == 1 && isMuon==1
****************************************************************************************************
****************************************************************************************************
DISTRIBUTION: Tp2Mass
            -name in ljmet trees: Tprime2_ALGO_Mass
            -x-axis label is set to: ;M(T) [GeV])
            -using the binning as: [0.0, 60.0, 120.0, 180.0, 240.0, 300.0, 360.0, 420.0, 480.0, 540.0, 600.0, 660.0, 720.0, 780.0, 840.0, 900.0, 960.0, 1020.0, 1080.0, 1140.0, 1200.0, 1260.0, 1320.0, 1380.0, 1440.0, 1500.0, 1560.0, 1620.0, 1680.0, 1740.0, 1800.0, 1860.0, 1920.0, 1980.0, 2040.0, 2100.0, 2160.0, 2220.0, 2280.0, 2340.0, 2400.0, 2460.0, 2520.0, 2580.0, 2640.0, 2700.0, 2760.0, 2820.0, 2880.0, 2940.0, 3000.0]
/////////////////////////
PROCESSING:  TTM1100THBW
/////////////////////////
plotTreeName: Tprime2_BEST_Mass
Flavour: M #tag: isV_tHtH #algo: BEST
Weights: 1 * 1 * 1 * pileupWeight * 1 * lepIdSF * EGammaGsfSF * 1 * (MCWeight_singleLepCalc/abs(MCWeight_singleLepCalc)) * 0.00111619958268
Cuts: (leptonPt_singleLepCalc > 50) && (corr_met_singleLepCalc > 55) && (AK4HT > 480) && (minDR_lepJet > 0.4 || ptRel_lepJet > 40) && (NJetsAK8_JetSubCalc > 2) && (minDR_leadAK8otherAK8 < 3.0) && DataPastTrigger == 1 && isMuon==1
****************************************************************************************************
****************************************************************************************************
DISTRIBUTION: Tp2Mass
            -name in ljmet trees: Tprime2_ALGO_Mass
            -x-axis label is set to: ;M(T) [GeV])
            -using the binning as: [0.0, 60.0, 120.0, 180.0, 240.0, 300.0, 360.0, 420.0, 480.0, 540.0, 600.0, 660.0, 720.0, 780.0, 840.0, 900.0, 960.0, 1020.0, 1080.0, 1140.0, 1200.0, 1260.0, 1320.0, 1380.0, 1440.0, 1500.0, 1560.0, 1620.0, 1680.0, 1740.0, 1800.0, 1860.0, 1920.0, 1980.0, 2040.0, 2100.0, 2160.0, 2220.0, 2280.0, 2340.0, 2400.0, 2460.0, 2520.0, 2580.0, 2640.0, 2700.0, 2760.0, 2820.0, 2880.0, 2940.0, 3000.0]
/////////////////////////
PROCESSING:  TTM1100TZTH
/////////////////////////
plotTreeName: Tprime2_BEST_Mass
Flavour: M #tag: isV_tHtH #algo: BEST
Weights: 1 * 1 * 1 * pileupWeight * 1 * lepIdSF * EGammaGsfSF * 1 * (MCWeight_singleLepCalc/abs(MCWeight_singleLepCalc)) * 0.000558099791339
Cuts: (leptonPt_singleLepCalc > 50) && (corr_met_singleLepCalc > 55) && (AK4HT > 480) && (minDR_lepJet > 0.4 || ptRel_lepJet > 40) && (NJetsAK8_JetSubCalc > 2) && (minDR_leadAK8otherAK8 < 3.0) && DataPastTrigger == 1 && isMuon==1
****************************************************************************************************
****************************************************************************************************
DISTRIBUTION: Tp2Mass
            -name in ljmet trees: Tprime2_ALGO_Mass
            -x-axis label is set to: ;M(T) [GeV])
            -using the binning as: [0.0, 60.0, 120.0, 180.0, 240.0, 300.0, 360.0, 420.0, 480.0, 540.0, 600.0, 660.0, 720.0, 780.0, 840.0, 900.0, 960.0, 1020.0, 1080.0, 1140.0, 1200.0, 1260.0, 1320.0, 1380.0, 1440.0, 1500.0, 1560.0, 1620.0, 1680.0, 1740.0, 1800.0, 1860.0, 1920.0, 1980.0, 2040.0, 2100.0, 2160.0, 2220.0, 2280.0, 2340.0, 2400.0, 2460.0, 2520.0, 2580.0, 2640.0, 2700.0, 2760.0, 2820.0, 2880.0, 2940.0, 3000.0]
/////////////////////////
PROCESSING:  TTM1200BWBW
/////////////////////////
plotTreeName: Tprime2_BEST_Mass
Flavour: M #tag: isV_tHtH #algo: BEST
Weights: 1 * 1 * 1 * pileupWeight * 1 * lepIdSF * EGammaGsfSF * 1 * (MCWeight_singleLepCalc/abs(MCWeight_singleLepCalc)) * 0.00117627847652
Cuts: (leptonPt_singleLepCalc > 50) && (corr_met_singleLepCalc > 55) && (AK4HT > 480) && (minDR_lepJet > 0.4 || ptRel_lepJet > 40) && (NJetsAK8_JetSubCalc > 2) && (minDR_leadAK8otherAK8 < 3.0) && DataPastTrigger == 1 && isMuon==1
****************************************************************************************************
****************************************************************************************************
DISTRIBUTION: Tp2Mass
            -name in ljmet trees: Tprime2_ALGO_Mass
            -x-axis label is set to: ;M(T) [GeV])
            -using the binning as: [0.0, 60.0, 120.0, 180.0, 240.0, 300.0, 360.0, 420.0, 480.0, 540.0, 600.0, 660.0, 720.0, 780.0, 840.0, 900.0, 960.0, 1020.0, 1080.0, 1140.0, 1200.0, 1260.0, 1320.0, 1380.0, 1440.0, 1500.0, 1560.0, 1620.0, 1680.0, 1740.0, 1800.0, 1860.0, 1920.0, 1980.0, 2040.0, 2100.0, 2160.0, 2220.0, 2280.0, 2340.0, 2400.0, 2460.0, 2520.0, 2580.0, 2640.0, 2700.0, 2760.0, 2820.0, 2880.0, 2940.0, 3000.0]
/////////////////////////
PROCESSING:  TTM1200THTH
/////////////////////////
plotTreeName: Tprime2_BEST_Mass
Flavour: M #tag: isV_tHtH #algo: BEST
Weights: 1 * 1 * 1 * pileupWeight * 1 * lepIdSF * EGammaGsfSF * 1 * (MCWeight_singleLepCalc/abs(MCWeight_singleLepCalc)) * 0.00029406961913
Cuts: (leptonPt_singleLepCalc > 50) && (corr_met_singleLepCalc > 55) && (AK4HT > 480) && (minDR_lepJet > 0.4 || ptRel_lepJet > 40) && (NJetsAK8_JetSubCalc > 2) && (minDR_leadAK8otherAK8 < 3.0) && DataPastTrigger == 1 && isMuon==1
****************************************************************************************************
****************************************************************************************************
DISTRIBUTION: Tp2Mass
            -name in ljmet trees: Tprime2_ALGO_Mass
            -x-axis label is set to: ;M(T) [GeV])
            -using the binning as: [0.0, 60.0, 120.0, 180.0, 240.0, 300.0, 360.0, 420.0, 480.0, 540.0, 600.0, 660.0, 720.0, 780.0, 840.0, 900.0, 960.0, 1020.0, 1080.0, 1140.0, 1200.0, 1260.0, 1320.0, 1380.0, 1440.0, 1500.0, 1560.0, 1620.0, 1680.0, 1740.0, 1800.0, 1860.0, 1920.0, 1980.0, 2040.0, 2100.0, 2160.0, 2220.0, 2280.0, 2340.0, 2400.0, 2460.0, 2520.0, 2580.0, 2640.0, 2700.0, 2760.0, 2820.0, 2880.0, 2940.0, 3000.0]
/////////////////////////
PROCESSING:  TTM1200TZTZ
/////////////////////////
plotTreeName: Tprime2_BEST_Mass
Flavour: M #tag: isV_tHtH #algo: BEST
Weights: 1 * 1 * 1 * pileupWeight * 1 * lepIdSF * EGammaGsfSF * 1 * (MCWeight_singleLepCalc/abs(MCWeight_singleLepCalc)) * 0.00029406961913
Cuts: (leptonPt_singleLepCalc > 50) && (corr_met_singleLepCalc > 55) && (AK4HT > 480) && (minDR_lepJet > 0.4 || ptRel_lepJet > 40) && (NJetsAK8_JetSubCalc > 2) && (minDR_leadAK8otherAK8 < 3.0) && DataPastTrigger == 1 && isMuon==1
****************************************************************************************************
****************************************************************************************************
DISTRIBUTION: Tp2Mass
            -name in ljmet trees: Tprime2_ALGO_Mass
            -x-axis label is set to: ;M(T) [GeV])
            -using the binning as: [0.0, 60.0, 120.0, 180.0, 240.0, 300.0, 360.0, 420.0, 480.0, 540.0, 600.0, 660.0, 720.0, 780.0, 840.0, 900.0, 960.0, 1020.0, 1080.0, 1140.0, 1200.0, 1260.0, 1320.0, 1380.0, 1440.0, 1500.0, 1560.0, 1620.0, 1680.0, 1740.0, 1800.0, 1860.0, 1920.0, 1980.0, 2040.0, 2100.0, 2160.0, 2220.0, 2280.0, 2340.0, 2400.0, 2460.0, 2520.0, 2580.0, 2640.0, 2700.0, 2760.0, 2820.0, 2880.0, 2940.0, 3000.0]
/////////////////////////
PROCESSING:  TTM1200TZBW
/////////////////////////
plotTreeName: Tprime2_BEST_Mass
Flavour: M #tag: isV_tHtH #algo: BEST
Weights: 1 * 1 * 1 * pileupWeight * 1 * lepIdSF * EGammaGsfSF * 1 * (MCWeight_singleLepCalc/abs(MCWeight_singleLepCalc)) * 0.000588139238259
Cuts: (leptonPt_singleLepCalc > 50) && (corr_met_singleLepCalc > 55) && (AK4HT > 480) && (minDR_lepJet > 0.4 || ptRel_lepJet > 40) && (NJetsAK8_JetSubCalc > 2) && (minDR_leadAK8otherAK8 < 3.0) && DataPastTrigger == 1 && isMuon==1
****************************************************************************************************
****************************************************************************************************
DISTRIBUTION: Tp2Mass
            -name in ljmet trees: Tprime2_ALGO_Mass
            -x-axis label is set to: ;M(T) [GeV])
            -using the binning as: [0.0, 60.0, 120.0, 180.0, 240.0, 300.0, 360.0, 420.0, 480.0, 540.0, 600.0, 660.0, 720.0, 780.0, 840.0, 900.0, 960.0, 1020.0, 1080.0, 1140.0, 1200.0, 1260.0, 1320.0, 1380.0, 1440.0, 1500.0, 1560.0, 1620.0, 1680.0, 1740.0, 1800.0, 1860.0, 1920.0, 1980.0, 2040.0, 2100.0, 2160.0, 2220.0, 2280.0, 2340.0, 2400.0, 2460.0, 2520.0, 2580.0, 2640.0, 2700.0, 2760.0, 2820.0, 2880.0, 2940.0, 3000.0]
/////////////////////////
PROCESSING:  TTM1200THBW
/////////////////////////
plotTreeName: Tprime2_BEST_Mass
Flavour: M #tag: isV_tHtH #algo: BEST
Weights: 1 * 1 * 1 * pileupWeight * 1 * lepIdSF * EGammaGsfSF * 1 * (MCWeight_singleLepCalc/abs(MCWeight_singleLepCalc)) * 0.000588139238259
Cuts: (leptonPt_singleLepCalc > 50) && (corr_met_singleLepCalc > 55) && (AK4HT > 480) && (minDR_lepJet > 0.4 || ptRel_lepJet > 40) && (NJetsAK8_JetSubCalc > 2) && (minDR_leadAK8otherAK8 < 3.0) && DataPastTrigger == 1 && isMuon==1
****************************************************************************************************
****************************************************************************************************
DISTRIBUTION: Tp2Mass
            -name in ljmet trees: Tprime2_ALGO_Mass
            -x-axis label is set to: ;M(T) [GeV])
            -using the binning as: [0.0, 60.0, 120.0, 180.0, 240.0, 300.0, 360.0, 420.0, 480.0, 540.0, 600.0, 660.0, 720.0, 780.0, 840.0, 900.0, 960.0, 1020.0, 1080.0, 1140.0, 1200.0, 1260.0, 1320.0, 1380.0, 1440.0, 1500.0, 1560.0, 1620.0, 1680.0, 1740.0, 1800.0, 1860.0, 1920.0, 1980.0, 2040.0, 2100.0, 2160.0, 2220.0, 2280.0, 2340.0, 2400.0, 2460.0, 2520.0, 2580.0, 2640.0, 2700.0, 2760.0, 2820.0, 2880.0, 2940.0, 3000.0]
/////////////////////////
PROCESSING:  TTM1200TZTH
/////////////////////////
plotTreeName: Tprime2_BEST_Mass
Flavour: M #tag: isV_tHtH #algo: BEST
Weights: 1 * 1 * 1 * pileupWeight * 1 * lepIdSF * EGammaGsfSF * 1 * (MCWeight_singleLepCalc/abs(MCWeight_singleLepCalc)) * 0.00029406961913
Cuts: (leptonPt_singleLepCalc > 50) && (corr_met_singleLepCalc > 55) && (AK4HT > 480) && (minDR_lepJet > 0.4 || ptRel_lepJet > 40) && (NJetsAK8_JetSubCalc > 2) && (minDR_leadAK8otherAK8 < 3.0) && DataPastTrigger == 1 && isMuon==1
****************************************************************************************************
****************************************************************************************************
DISTRIBUTION: Tp2Mass
            -name in ljmet trees: Tprime2_ALGO_Mass
            -x-axis label is set to: ;M(T) [GeV])
            -using the binning as: [0.0, 60.0, 120.0, 180.0, 240.0, 300.0, 360.0, 420.0, 480.0, 540.0, 600.0, 660.0, 720.0, 780.0, 840.0, 900.0, 960.0, 1020.0, 1080.0, 1140.0, 1200.0, 1260.0, 1320.0, 1380.0, 1440.0, 1500.0, 1560.0, 1620.0, 1680.0, 1740.0, 1800.0, 1860.0, 1920.0, 1980.0, 2040.0, 2100.0, 2160.0, 2220.0, 2280.0, 2340.0, 2400.0, 2460.0, 2520.0, 2580.0, 2640.0, 2700.0, 2760.0, 2820.0, 2880.0, 2940.0, 3000.0]
/////////////////////////
PROCESSING:  TTM1300BWBW
/////////////////////////
plotTreeName: Tprime2_BEST_Mass
Flavour: M #tag: isV_tHtH #algo: BEST
Weights: 1 * 1 * 1 * pileupWeight * 1 * lepIdSF * EGammaGsfSF * 1 * (MCWeight_singleLepCalc/abs(MCWeight_singleLepCalc)) * 0.00063821114509
Cuts: (leptonPt_singleLepCalc > 50) && (corr_met_singleLepCalc > 55) && (AK4HT > 480) && (minDR_lepJet > 0.4 || ptRel_lepJet > 40) && (NJetsAK8_JetSubCalc > 2) && (minDR_leadAK8otherAK8 < 3.0) && DataPastTrigger == 1 && isMuon==1
****************************************************************************************************
****************************************************************************************************
DISTRIBUTION: Tp2Mass
            -name in ljmet trees: Tprime2_ALGO_Mass
            -x-axis label is set to: ;M(T) [GeV])
            -using the binning as: [0.0, 60.0, 120.0, 180.0, 240.0, 300.0, 360.0, 420.0, 480.0, 540.0, 600.0, 660.0, 720.0, 780.0, 840.0, 900.0, 960.0, 1020.0, 1080.0, 1140.0, 1200.0, 1260.0, 1320.0, 1380.0, 1440.0, 1500.0, 1560.0, 1620.0, 1680.0, 1740.0, 1800.0, 1860.0, 1920.0, 1980.0, 2040.0, 2100.0, 2160.0, 2220.0, 2280.0, 2340.0, 2400.0, 2460.0, 2520.0, 2580.0, 2640.0, 2700.0, 2760.0, 2820.0, 2880.0, 2940.0, 3000.0]
/////////////////////////
PROCESSING:  TTM1300THTH
/////////////////////////
plotTreeName: Tprime2_BEST_Mass
Flavour: M #tag: isV_tHtH #algo: BEST
Weights: 1 * 1 * 1 * pileupWeight * 1 * lepIdSF * EGammaGsfSF * 1 * (MCWeight_singleLepCalc/abs(MCWeight_singleLepCalc)) * 0.000159552786272
Cuts: (leptonPt_singleLepCalc > 50) && (corr_met_singleLepCalc > 55) && (AK4HT > 480) && (minDR_lepJet > 0.4 || ptRel_lepJet > 40) && (NJetsAK8_JetSubCalc > 2) && (minDR_leadAK8otherAK8 < 3.0) && DataPastTrigger == 1 && isMuon==1
****************************************************************************************************
****************************************************************************************************
DISTRIBUTION: Tp2Mass
            -name in ljmet trees: Tprime2_ALGO_Mass
            -x-axis label is set to: ;M(T) [GeV])
            -using the binning as: [0.0, 60.0, 120.0, 180.0, 240.0, 300.0, 360.0, 420.0, 480.0, 540.0, 600.0, 660.0, 720.0, 780.0, 840.0, 900.0, 960.0, 1020.0, 1080.0, 1140.0, 1200.0, 1260.0, 1320.0, 1380.0, 1440.0, 1500.0, 1560.0, 1620.0, 1680.0, 1740.0, 1800.0, 1860.0, 1920.0, 1980.0, 2040.0, 2100.0, 2160.0, 2220.0, 2280.0, 2340.0, 2400.0, 2460.0, 2520.0, 2580.0, 2640.0, 2700.0, 2760.0, 2820.0, 2880.0, 2940.0, 3000.0]
/////////////////////////
PROCESSING:  TTM1300TZTZ
/////////////////////////
plotTreeName: Tprime2_BEST_Mass
Flavour: M #tag: isV_tHtH #algo: BEST
Weights: 1 * 1 * 1 * pileupWeight * 1 * lepIdSF * EGammaGsfSF * 1 * (MCWeight_singleLepCalc/abs(MCWeight_singleLepCalc)) * 0.000159552786272
Cuts: (leptonPt_singleLepCalc > 50) && (corr_met_singleLepCalc > 55) && (AK4HT > 480) && (minDR_lepJet > 0.4 || ptRel_lepJet > 40) && (NJetsAK8_JetSubCalc > 2) && (minDR_leadAK8otherAK8 < 3.0) && DataPastTrigger == 1 && isMuon==1
****************************************************************************************************
****************************************************************************************************
DISTRIBUTION: Tp2Mass
            -name in ljmet trees: Tprime2_ALGO_Mass
            -x-axis label is set to: ;M(T) [GeV])
            -using the binning as: [0.0, 60.0, 120.0, 180.0, 240.0, 300.0, 360.0, 420.0, 480.0, 540.0, 600.0, 660.0, 720.0, 780.0, 840.0, 900.0, 960.0, 1020.0, 1080.0, 1140.0, 1200.0, 1260.0, 1320.0, 1380.0, 1440.0, 1500.0, 1560.0, 1620.0, 1680.0, 1740.0, 1800.0, 1860.0, 1920.0, 1980.0, 2040.0, 2100.0, 2160.0, 2220.0, 2280.0, 2340.0, 2400.0, 2460.0, 2520.0, 2580.0, 2640.0, 2700.0, 2760.0, 2820.0, 2880.0, 2940.0, 3000.0]
/////////////////////////
PROCESSING:  TTM1300TZBW
/////////////////////////
plotTreeName: Tprime2_BEST_Mass
Flavour: M #tag: isV_tHtH #algo: BEST
Weights: 1 * 1 * 1 * pileupWeight * 1 * lepIdSF * EGammaGsfSF * 1 * (MCWeight_singleLepCalc/abs(MCWeight_singleLepCalc)) * 0.000319105572545
Cuts: (leptonPt_singleLepCalc > 50) && (corr_met_singleLepCalc > 55) && (AK4HT > 480) && (minDR_lepJet > 0.4 || ptRel_lepJet > 40) && (NJetsAK8_JetSubCalc > 2) && (minDR_leadAK8otherAK8 < 3.0) && DataPastTrigger == 1 && isMuon==1
****************************************************************************************************
****************************************************************************************************
DISTRIBUTION: Tp2Mass
            -name in ljmet trees: Tprime2_ALGO_Mass
            -x-axis label is set to: ;M(T) [GeV])
            -using the binning as: [0.0, 60.0, 120.0, 180.0, 240.0, 300.0, 360.0, 420.0, 480.0, 540.0, 600.0, 660.0, 720.0, 780.0, 840.0, 900.0, 960.0, 1020.0, 1080.0, 1140.0, 1200.0, 1260.0, 1320.0, 1380.0, 1440.0, 1500.0, 1560.0, 1620.0, 1680.0, 1740.0, 1800.0, 1860.0, 1920.0, 1980.0, 2040.0, 2100.0, 2160.0, 2220.0, 2280.0, 2340.0, 2400.0, 2460.0, 2520.0, 2580.0, 2640.0, 2700.0, 2760.0, 2820.0, 2880.0, 2940.0, 3000.0]
/////////////////////////
PROCESSING:  TTM1300THBW
/////////////////////////
plotTreeName: Tprime2_BEST_Mass
Flavour: M #tag: isV_tHtH #algo: BEST
Weights: 1 * 1 * 1 * pileupWeight * 1 * lepIdSF * EGammaGsfSF * 1 * (MCWeight_singleLepCalc/abs(MCWeight_singleLepCalc)) * 0.000319105572545
Cuts: (leptonPt_singleLepCalc > 50) && (corr_met_singleLepCalc > 55) && (AK4HT > 480) && (minDR_lepJet > 0.4 || ptRel_lepJet > 40) && (NJetsAK8_JetSubCalc > 2) && (minDR_leadAK8otherAK8 < 3.0) && DataPastTrigger == 1 && isMuon==1
****************************************************************************************************
****************************************************************************************************
DISTRIBUTION: Tp2Mass
            -name in ljmet trees: Tprime2_ALGO_Mass
            -x-axis label is set to: ;M(T) [GeV])
            -using the binning as: [0.0, 60.0, 120.0, 180.0, 240.0, 300.0, 360.0, 420.0, 480.0, 540.0, 600.0, 660.0, 720.0, 780.0, 840.0, 900.0, 960.0, 1020.0, 1080.0, 1140.0, 1200.0, 1260.0, 1320.0, 1380.0, 1440.0, 1500.0, 1560.0, 1620.0, 1680.0, 1740.0, 1800.0, 1860.0, 1920.0, 1980.0, 2040.0, 2100.0, 2160.0, 2220.0, 2280.0, 2340.0, 2400.0, 2460.0, 2520.0, 2580.0, 2640.0, 2700.0, 2760.0, 2820.0, 2880.0, 2940.0, 3000.0]
/////////////////////////
PROCESSING:  TTM1300TZTH
/////////////////////////
plotTreeName: Tprime2_BEST_Mass
Flavour: M #tag: isV_tHtH #algo: BEST
Weights: 1 * 1 * 1 * pileupWeight * 1 * lepIdSF * EGammaGsfSF * 1 * (MCWeight_singleLepCalc/abs(MCWeight_singleLepCalc)) * 0.000159552786272
Cuts: (leptonPt_singleLepCalc > 50) && (corr_met_singleLepCalc > 55) && (AK4HT > 480) && (minDR_lepJet > 0.4 || ptRel_lepJet > 40) && (NJetsAK8_JetSubCalc > 2) && (minDR_leadAK8otherAK8 < 3.0) && DataPastTrigger == 1 && isMuon==1
****************************************************************************************************
****************************************************************************************************
DISTRIBUTION: Tp2Mass
            -name in ljmet trees: Tprime2_ALGO_Mass
            -x-axis label is set to: ;M(T) [GeV])
            -using the binning as: [0.0, 60.0, 120.0, 180.0, 240.0, 300.0, 360.0, 420.0, 480.0, 540.0, 600.0, 660.0, 720.0, 780.0, 840.0, 900.0, 960.0, 1020.0, 1080.0, 1140.0, 1200.0, 1260.0, 1320.0, 1380.0, 1440.0, 1500.0, 1560.0, 1620.0, 1680.0, 1740.0, 1800.0, 1860.0, 1920.0, 1980.0, 2040.0, 2100.0, 2160.0, 2220.0, 2280.0, 2340.0, 2400.0, 2460.0, 2520.0, 2580.0, 2640.0, 2700.0, 2760.0, 2820.0, 2880.0, 2940.0, 3000.0]
/////////////////////////
PROCESSING:  TTM1400BWBW
/////////////////////////
plotTreeName: Tprime2_BEST_Mass
Flavour: M #tag: isV_tHtH #algo: BEST
Weights: 1 * 1 * 1 * pileupWeight * 1 * lepIdSF * EGammaGsfSF * 1 * (MCWeight_singleLepCalc/abs(MCWeight_singleLepCalc)) * 0.000352883542956
Cuts: (leptonPt_singleLepCalc > 50) && (corr_met_singleLepCalc > 55) && (AK4HT > 480) && (minDR_lepJet > 0.4 || ptRel_lepJet > 40) && (NJetsAK8_JetSubCalc > 2) && (minDR_leadAK8otherAK8 < 3.0) && DataPastTrigger == 1 && isMuon==1
****************************************************************************************************
****************************************************************************************************
DISTRIBUTION: Tp2Mass
            -name in ljmet trees: Tprime2_ALGO_Mass
            -x-axis label is set to: ;M(T) [GeV])
            -using the binning as: [0.0, 60.0, 120.0, 180.0, 240.0, 300.0, 360.0, 420.0, 480.0, 540.0, 600.0, 660.0, 720.0, 780.0, 840.0, 900.0, 960.0, 1020.0, 1080.0, 1140.0, 1200.0, 1260.0, 1320.0, 1380.0, 1440.0, 1500.0, 1560.0, 1620.0, 1680.0, 1740.0, 1800.0, 1860.0, 1920.0, 1980.0, 2040.0, 2100.0, 2160.0, 2220.0, 2280.0, 2340.0, 2400.0, 2460.0, 2520.0, 2580.0, 2640.0, 2700.0, 2760.0, 2820.0, 2880.0, 2940.0, 3000.0]
/////////////////////////
PROCESSING:  TTM1400THTH
/////////////////////////
plotTreeName: Tprime2_BEST_Mass
Flavour: M #tag: isV_tHtH #algo: BEST
Weights: 1 * 1 * 1 * pileupWeight * 1 * lepIdSF * EGammaGsfSF * 1 * (MCWeight_singleLepCalc/abs(MCWeight_singleLepCalc)) * 8.82208857389e-05
Cuts: (leptonPt_singleLepCalc > 50) && (corr_met_singleLepCalc > 55) && (AK4HT > 480) && (minDR_lepJet > 0.4 || ptRel_lepJet > 40) && (NJetsAK8_JetSubCalc > 2) && (minDR_leadAK8otherAK8 < 3.0) && DataPastTrigger == 1 && isMuon==1
****************************************************************************************************
****************************************************************************************************
DISTRIBUTION: Tp2Mass
            -name in ljmet trees: Tprime2_ALGO_Mass
            -x-axis label is set to: ;M(T) [GeV])
            -using the binning as: [0.0, 60.0, 120.0, 180.0, 240.0, 300.0, 360.0, 420.0, 480.0, 540.0, 600.0, 660.0, 720.0, 780.0, 840.0, 900.0, 960.0, 1020.0, 1080.0, 1140.0, 1200.0, 1260.0, 1320.0, 1380.0, 1440.0, 1500.0, 1560.0, 1620.0, 1680.0, 1740.0, 1800.0, 1860.0, 1920.0, 1980.0, 2040.0, 2100.0, 2160.0, 2220.0, 2280.0, 2340.0, 2400.0, 2460.0, 2520.0, 2580.0, 2640.0, 2700.0, 2760.0, 2820.0, 2880.0, 2940.0, 3000.0]
/////////////////////////
PROCESSING:  TTM1400TZTZ
/////////////////////////
plotTreeName: Tprime2_BEST_Mass
Flavour: M #tag: isV_tHtH #algo: BEST
Weights: 1 * 1 * 1 * pileupWeight * 1 * lepIdSF * EGammaGsfSF * 1 * (MCWeight_singleLepCalc/abs(MCWeight_singleLepCalc)) * 8.82208857389e-05
Cuts: (leptonPt_singleLepCalc > 50) && (corr_met_singleLepCalc > 55) && (AK4HT > 480) && (minDR_lepJet > 0.4 || ptRel_lepJet > 40) && (NJetsAK8_JetSubCalc > 2) && (minDR_leadAK8otherAK8 < 3.0) && DataPastTrigger == 1 && isMuon==1
****************************************************************************************************
****************************************************************************************************
DISTRIBUTION: Tp2Mass
            -name in ljmet trees: Tprime2_ALGO_Mass
            -x-axis label is set to: ;M(T) [GeV])
            -using the binning as: [0.0, 60.0, 120.0, 180.0, 240.0, 300.0, 360.0, 420.0, 480.0, 540.0, 600.0, 660.0, 720.0, 780.0, 840.0, 900.0, 960.0, 1020.0, 1080.0, 1140.0, 1200.0, 1260.0, 1320.0, 1380.0, 1440.0, 1500.0, 1560.0, 1620.0, 1680.0, 1740.0, 1800.0, 1860.0, 1920.0, 1980.0, 2040.0, 2100.0, 2160.0, 2220.0, 2280.0, 2340.0, 2400.0, 2460.0, 2520.0, 2580.0, 2640.0, 2700.0, 2760.0, 2820.0, 2880.0, 2940.0, 3000.0]
/////////////////////////
PROCESSING:  TTM1400TZBW
/////////////////////////
plotTreeName: Tprime2_BEST_Mass
Flavour: M #tag: isV_tHtH #algo: BEST
Weights: 1 * 1 * 1 * pileupWeight * 1 * lepIdSF * EGammaGsfSF * 1 * (MCWeight_singleLepCalc/abs(MCWeight_singleLepCalc)) * 0.000176441771478
Cuts: (leptonPt_singleLepCalc > 50) && (corr_met_singleLepCalc > 55) && (AK4HT > 480) && (minDR_lepJet > 0.4 || ptRel_lepJet > 40) && (NJetsAK8_JetSubCalc > 2) && (minDR_leadAK8otherAK8 < 3.0) && DataPastTrigger == 1 && isMuon==1
****************************************************************************************************
****************************************************************************************************
DISTRIBUTION: Tp2Mass
            -name in ljmet trees: Tprime2_ALGO_Mass
            -x-axis label is set to: ;M(T) [GeV])
            -using the binning as: [0.0, 60.0, 120.0, 180.0, 240.0, 300.0, 360.0, 420.0, 480.0, 540.0, 600.0, 660.0, 720.0, 780.0, 840.0, 900.0, 960.0, 1020.0, 1080.0, 1140.0, 1200.0, 1260.0, 1320.0, 1380.0, 1440.0, 1500.0, 1560.0, 1620.0, 1680.0, 1740.0, 1800.0, 1860.0, 1920.0, 1980.0, 2040.0, 2100.0, 2160.0, 2220.0, 2280.0, 2340.0, 2400.0, 2460.0, 2520.0, 2580.0, 2640.0, 2700.0, 2760.0, 2820.0, 2880.0, 2940.0, 3000.0]
/////////////////////////
PROCESSING:  TTM1400THBW
/////////////////////////
plotTreeName: Tprime2_BEST_Mass
Flavour: M #tag: isV_tHtH #algo: BEST
Weights: 1 * 1 * 1 * pileupWeight * 1 * lepIdSF * EGammaGsfSF * 1 * (MCWeight_singleLepCalc/abs(MCWeight_singleLepCalc)) * 0.000176441771478
Cuts: (leptonPt_singleLepCalc > 50) && (corr_met_singleLepCalc > 55) && (AK4HT > 480) && (minDR_lepJet > 0.4 || ptRel_lepJet > 40) && (NJetsAK8_JetSubCalc > 2) && (minDR_leadAK8otherAK8 < 3.0) && DataPastTrigger == 1 && isMuon==1
****************************************************************************************************
****************************************************************************************************
DISTRIBUTION: Tp2Mass
            -name in ljmet trees: Tprime2_ALGO_Mass
            -x-axis label is set to: ;M(T) [GeV])
            -using the binning as: [0.0, 60.0, 120.0, 180.0, 240.0, 300.0, 360.0, 420.0, 480.0, 540.0, 600.0, 660.0, 720.0, 780.0, 840.0, 900.0, 960.0, 1020.0, 1080.0, 1140.0, 1200.0, 1260.0, 1320.0, 1380.0, 1440.0, 1500.0, 1560.0, 1620.0, 1680.0, 1740.0, 1800.0, 1860.0, 1920.0, 1980.0, 2040.0, 2100.0, 2160.0, 2220.0, 2280.0, 2340.0, 2400.0, 2460.0, 2520.0, 2580.0, 2640.0, 2700.0, 2760.0, 2820.0, 2880.0, 2940.0, 3000.0]
/////////////////////////
PROCESSING:  TTM1400TZTH
/////////////////////////
plotTreeName: Tprime2_BEST_Mass
Flavour: M #tag: isV_tHtH #algo: BEST
Weights: 1 * 1 * 1 * pileupWeight * 1 * lepIdSF * EGammaGsfSF * 1 * (MCWeight_singleLepCalc/abs(MCWeight_singleLepCalc)) * 8.82208857389e-05
Cuts: (leptonPt_singleLepCalc > 50) && (corr_met_singleLepCalc > 55) && (AK4HT > 480) && (minDR_lepJet > 0.4 || ptRel_lepJet > 40) && (NJetsAK8_JetSubCalc > 2) && (minDR_leadAK8otherAK8 < 3.0) && DataPastTrigger == 1 && isMuon==1
****************************************************************************************************
****************************************************************************************************
DISTRIBUTION: Tp2Mass
            -name in ljmet trees: Tprime2_ALGO_Mass
            -x-axis label is set to: ;M(T) [GeV])
            -using the binning as: [0.0, 60.0, 120.0, 180.0, 240.0, 300.0, 360.0, 420.0, 480.0, 540.0, 600.0, 660.0, 720.0, 780.0, 840.0, 900.0, 960.0, 1020.0, 1080.0, 1140.0, 1200.0, 1260.0, 1320.0, 1380.0, 1440.0, 1500.0, 1560.0, 1620.0, 1680.0, 1740.0, 1800.0, 1860.0, 1920.0, 1980.0, 2040.0, 2100.0, 2160.0, 2220.0, 2280.0, 2340.0, 2400.0, 2460.0, 2520.0, 2580.0, 2640.0, 2700.0, 2760.0, 2820.0, 2880.0, 2940.0, 3000.0]
/////////////////////////
PROCESSING:  TTM1500BWBW
/////////////////////////
plotTreeName: Tprime2_BEST_Mass
Flavour: M #tag: isV_tHtH #algo: BEST
Weights: 1 * 1 * 1 * pileupWeight * 1 * lepIdSF * EGammaGsfSF * 1 * (MCWeight_singleLepCalc/abs(MCWeight_singleLepCalc)) * 0.00019932135405
Cuts: (leptonPt_singleLepCalc > 50) && (corr_met_singleLepCalc > 55) && (AK4HT > 480) && (minDR_lepJet > 0.4 || ptRel_lepJet > 40) && (NJetsAK8_JetSubCalc > 2) && (minDR_leadAK8otherAK8 < 3.0) && DataPastTrigger == 1 && isMuon==1
****************************************************************************************************
****************************************************************************************************
DISTRIBUTION: Tp2Mass
            -name in ljmet trees: Tprime2_ALGO_Mass
            -x-axis label is set to: ;M(T) [GeV])
            -using the binning as: [0.0, 60.0, 120.0, 180.0, 240.0, 300.0, 360.0, 420.0, 480.0, 540.0, 600.0, 660.0, 720.0, 780.0, 840.0, 900.0, 960.0, 1020.0, 1080.0, 1140.0, 1200.0, 1260.0, 1320.0, 1380.0, 1440.0, 1500.0, 1560.0, 1620.0, 1680.0, 1740.0, 1800.0, 1860.0, 1920.0, 1980.0, 2040.0, 2100.0, 2160.0, 2220.0, 2280.0, 2340.0, 2400.0, 2460.0, 2520.0, 2580.0, 2640.0, 2700.0, 2760.0, 2820.0, 2880.0, 2940.0, 3000.0]
/////////////////////////
PROCESSING:  TTM1500THTH
/////////////////////////
plotTreeName: Tprime2_BEST_Mass
Flavour: M #tag: isV_tHtH #algo: BEST
Weights: 1 * 1 * 1 * pileupWeight * 1 * lepIdSF * EGammaGsfSF * 1 * (MCWeight_singleLepCalc/abs(MCWeight_singleLepCalc)) * 4.98303385124e-05
Cuts: (leptonPt_singleLepCalc > 50) && (corr_met_singleLepCalc > 55) && (AK4HT > 480) && (minDR_lepJet > 0.4 || ptRel_lepJet > 40) && (NJetsAK8_JetSubCalc > 2) && (minDR_leadAK8otherAK8 < 3.0) && DataPastTrigger == 1 && isMuon==1
****************************************************************************************************
****************************************************************************************************
DISTRIBUTION: Tp2Mass
            -name in ljmet trees: Tprime2_ALGO_Mass
            -x-axis label is set to: ;M(T) [GeV])
            -using the binning as: [0.0, 60.0, 120.0, 180.0, 240.0, 300.0, 360.0, 420.0, 480.0, 540.0, 600.0, 660.0, 720.0, 780.0, 840.0, 900.0, 960.0, 1020.0, 1080.0, 1140.0, 1200.0, 1260.0, 1320.0, 1380.0, 1440.0, 1500.0, 1560.0, 1620.0, 1680.0, 1740.0, 1800.0, 1860.0, 1920.0, 1980.0, 2040.0, 2100.0, 2160.0, 2220.0, 2280.0, 2340.0, 2400.0, 2460.0, 2520.0, 2580.0, 2640.0, 2700.0, 2760.0, 2820.0, 2880.0, 2940.0, 3000.0]
/////////////////////////
PROCESSING:  TTM1500TZTZ
/////////////////////////
plotTreeName: Tprime2_BEST_Mass
Flavour: M #tag: isV_tHtH #algo: BEST
Weights: 1 * 1 * 1 * pileupWeight * 1 * lepIdSF * EGammaGsfSF * 1 * (MCWeight_singleLepCalc/abs(MCWeight_singleLepCalc)) * 4.98303385124e-05
Cuts: (leptonPt_singleLepCalc > 50) && (corr_met_singleLepCalc > 55) && (AK4HT > 480) && (minDR_lepJet > 0.4 || ptRel_lepJet > 40) && (NJetsAK8_JetSubCalc > 2) && (minDR_leadAK8otherAK8 < 3.0) && DataPastTrigger == 1 && isMuon==1
****************************************************************************************************
****************************************************************************************************
DISTRIBUTION: Tp2Mass
            -name in ljmet trees: Tprime2_ALGO_Mass
            -x-axis label is set to: ;M(T) [GeV])
            -using the binning as: [0.0, 60.0, 120.0, 180.0, 240.0, 300.0, 360.0, 420.0, 480.0, 540.0, 600.0, 660.0, 720.0, 780.0, 840.0, 900.0, 960.0, 1020.0, 1080.0, 1140.0, 1200.0, 1260.0, 1320.0, 1380.0, 1440.0, 1500.0, 1560.0, 1620.0, 1680.0, 1740.0, 1800.0, 1860.0, 1920.0, 1980.0, 2040.0, 2100.0, 2160.0, 2220.0, 2280.0, 2340.0, 2400.0, 2460.0, 2520.0, 2580.0, 2640.0, 2700.0, 2760.0, 2820.0, 2880.0, 2940.0, 3000.0]
/////////////////////////
PROCESSING:  TTM1500TZBW
/////////////////////////
plotTreeName: Tprime2_BEST_Mass
Flavour: M #tag: isV_tHtH #algo: BEST
Weights: 1 * 1 * 1 * pileupWeight * 1 * lepIdSF * EGammaGsfSF * 1 * (MCWeight_singleLepCalc/abs(MCWeight_singleLepCalc)) * 9.96606770248e-05
Cuts: (leptonPt_singleLepCalc > 50) && (corr_met_singleLepCalc > 55) && (AK4HT > 480) && (minDR_lepJet > 0.4 || ptRel_lepJet > 40) && (NJetsAK8_JetSubCalc > 2) && (minDR_leadAK8otherAK8 < 3.0) && DataPastTrigger == 1 && isMuon==1
****************************************************************************************************
****************************************************************************************************
DISTRIBUTION: Tp2Mass
            -name in ljmet trees: Tprime2_ALGO_Mass
            -x-axis label is set to: ;M(T) [GeV])
            -using the binning as: [0.0, 60.0, 120.0, 180.0, 240.0, 300.0, 360.0, 420.0, 480.0, 540.0, 600.0, 660.0, 720.0, 780.0, 840.0, 900.0, 960.0, 1020.0, 1080.0, 1140.0, 1200.0, 1260.0, 1320.0, 1380.0, 1440.0, 1500.0, 1560.0, 1620.0, 1680.0, 1740.0, 1800.0, 1860.0, 1920.0, 1980.0, 2040.0, 2100.0, 2160.0, 2220.0, 2280.0, 2340.0, 2400.0, 2460.0, 2520.0, 2580.0, 2640.0, 2700.0, 2760.0, 2820.0, 2880.0, 2940.0, 3000.0]
/////////////////////////
PROCESSING:  TTM1500THBW
/////////////////////////
plotTreeName: Tprime2_BEST_Mass
Flavour: M #tag: isV_tHtH #algo: BEST
Weights: 1 * 1 * 1 * pileupWeight * 1 * lepIdSF * EGammaGsfSF * 1 * (MCWeight_singleLepCalc/abs(MCWeight_singleLepCalc)) * 9.96606770248e-05
Cuts: (leptonPt_singleLepCalc > 50) && (corr_met_singleLepCalc > 55) && (AK4HT > 480) && (minDR_lepJet > 0.4 || ptRel_lepJet > 40) && (NJetsAK8_JetSubCalc > 2) && (minDR_leadAK8otherAK8 < 3.0) && DataPastTrigger == 1 && isMuon==1
****************************************************************************************************
****************************************************************************************************
DISTRIBUTION: Tp2Mass
            -name in ljmet trees: Tprime2_ALGO_Mass
            -x-axis label is set to: ;M(T) [GeV])
            -using the binning as: [0.0, 60.0, 120.0, 180.0, 240.0, 300.0, 360.0, 420.0, 480.0, 540.0, 600.0, 660.0, 720.0, 780.0, 840.0, 900.0, 960.0, 1020.0, 1080.0, 1140.0, 1200.0, 1260.0, 1320.0, 1380.0, 1440.0, 1500.0, 1560.0, 1620.0, 1680.0, 1740.0, 1800.0, 1860.0, 1920.0, 1980.0, 2040.0, 2100.0, 2160.0, 2220.0, 2280.0, 2340.0, 2400.0, 2460.0, 2520.0, 2580.0, 2640.0, 2700.0, 2760.0, 2820.0, 2880.0, 2940.0, 3000.0]
/////////////////////////
PROCESSING:  TTM1500TZTH
/////////////////////////
plotTreeName: Tprime2_BEST_Mass
Flavour: M #tag: isV_tHtH #algo: BEST
Weights: 1 * 1 * 1 * pileupWeight * 1 * lepIdSF * EGammaGsfSF * 1 * (MCWeight_singleLepCalc/abs(MCWeight_singleLepCalc)) * 4.98303385124e-05
Cuts: (leptonPt_singleLepCalc > 50) && (corr_met_singleLepCalc > 55) && (AK4HT > 480) && (minDR_lepJet > 0.4 || ptRel_lepJet > 40) && (NJetsAK8_JetSubCalc > 2) && (minDR_leadAK8otherAK8 < 3.0) && DataPastTrigger == 1 && isMuon==1
****************************************************************************************************
****************************************************************************************************
DISTRIBUTION: Tp2Mass
            -name in ljmet trees: Tprime2_ALGO_Mass
            -x-axis label is set to: ;M(T) [GeV])
            -using the binning as: [0.0, 60.0, 120.0, 180.0, 240.0, 300.0, 360.0, 420.0, 480.0, 540.0, 600.0, 660.0, 720.0, 780.0, 840.0, 900.0, 960.0, 1020.0, 1080.0, 1140.0, 1200.0, 1260.0, 1320.0, 1380.0, 1440.0, 1500.0, 1560.0, 1620.0, 1680.0, 1740.0, 1800.0, 1860.0, 1920.0, 1980.0, 2040.0, 2100.0, 2160.0, 2220.0, 2280.0, 2340.0, 2400.0, 2460.0, 2520.0, 2580.0, 2640.0, 2700.0, 2760.0, 2820.0, 2880.0, 2940.0, 3000.0]
/////////////////////////
PROCESSING:  TTM1600BWBW
/////////////////////////
plotTreeName: Tprime2_BEST_Mass
Flavour: M #tag: isV_tHtH #algo: BEST
Weights: 1 * 1 * 1 * pileupWeight * 1 * lepIdSF * EGammaGsfSF * 1 * (MCWeight_singleLepCalc/abs(MCWeight_singleLepCalc)) * 0.000114437939919
Cuts: (leptonPt_singleLepCalc > 50) && (corr_met_singleLepCalc > 55) && (AK4HT > 480) && (minDR_lepJet > 0.4 || ptRel_lepJet > 40) && (NJetsAK8_JetSubCalc > 2) && (minDR_leadAK8otherAK8 < 3.0) && DataPastTrigger == 1 && isMuon==1
****************************************************************************************************
****************************************************************************************************
DISTRIBUTION: Tp2Mass
            -name in ljmet trees: Tprime2_ALGO_Mass
            -x-axis label is set to: ;M(T) [GeV])
            -using the binning as: [0.0, 60.0, 120.0, 180.0, 240.0, 300.0, 360.0, 420.0, 480.0, 540.0, 600.0, 660.0, 720.0, 780.0, 840.0, 900.0, 960.0, 1020.0, 1080.0, 1140.0, 1200.0, 1260.0, 1320.0, 1380.0, 1440.0, 1500.0, 1560.0, 1620.0, 1680.0, 1740.0, 1800.0, 1860.0, 1920.0, 1980.0, 2040.0, 2100.0, 2160.0, 2220.0, 2280.0, 2340.0, 2400.0, 2460.0, 2520.0, 2580.0, 2640.0, 2700.0, 2760.0, 2820.0, 2880.0, 2940.0, 3000.0]
/////////////////////////
PROCESSING:  TTM1600THTH
/////////////////////////
plotTreeName: Tprime2_BEST_Mass
Flavour: M #tag: isV_tHtH #algo: BEST
Weights: 1 * 1 * 1 * pileupWeight * 1 * lepIdSF * EGammaGsfSF * 1 * (MCWeight_singleLepCalc/abs(MCWeight_singleLepCalc)) * 2.86094849797e-05
Cuts: (leptonPt_singleLepCalc > 50) && (corr_met_singleLepCalc > 55) && (AK4HT > 480) && (minDR_lepJet > 0.4 || ptRel_lepJet > 40) && (NJetsAK8_JetSubCalc > 2) && (minDR_leadAK8otherAK8 < 3.0) && DataPastTrigger == 1 && isMuon==1
****************************************************************************************************
****************************************************************************************************
DISTRIBUTION: Tp2Mass
            -name in ljmet trees: Tprime2_ALGO_Mass
            -x-axis label is set to: ;M(T) [GeV])
            -using the binning as: [0.0, 60.0, 120.0, 180.0, 240.0, 300.0, 360.0, 420.0, 480.0, 540.0, 600.0, 660.0, 720.0, 780.0, 840.0, 900.0, 960.0, 1020.0, 1080.0, 1140.0, 1200.0, 1260.0, 1320.0, 1380.0, 1440.0, 1500.0, 1560.0, 1620.0, 1680.0, 1740.0, 1800.0, 1860.0, 1920.0, 1980.0, 2040.0, 2100.0, 2160.0, 2220.0, 2280.0, 2340.0, 2400.0, 2460.0, 2520.0, 2580.0, 2640.0, 2700.0, 2760.0, 2820.0, 2880.0, 2940.0, 3000.0]
/////////////////////////
PROCESSING:  TTM1600TZTZ
/////////////////////////
plotTreeName: Tprime2_BEST_Mass
Flavour: M #tag: isV_tHtH #algo: BEST
Weights: 1 * 1 * 1 * pileupWeight * 1 * lepIdSF * EGammaGsfSF * 1 * (MCWeight_singleLepCalc/abs(MCWeight_singleLepCalc)) * 2.86094849797e-05
Cuts: (leptonPt_singleLepCalc > 50) && (corr_met_singleLepCalc > 55) && (AK4HT > 480) && (minDR_lepJet > 0.4 || ptRel_lepJet > 40) && (NJetsAK8_JetSubCalc > 2) && (minDR_leadAK8otherAK8 < 3.0) && DataPastTrigger == 1 && isMuon==1
****************************************************************************************************
****************************************************************************************************
DISTRIBUTION: Tp2Mass
            -name in ljmet trees: Tprime2_ALGO_Mass
            -x-axis label is set to: ;M(T) [GeV])
            -using the binning as: [0.0, 60.0, 120.0, 180.0, 240.0, 300.0, 360.0, 420.0, 480.0, 540.0, 600.0, 660.0, 720.0, 780.0, 840.0, 900.0, 960.0, 1020.0, 1080.0, 1140.0, 1200.0, 1260.0, 1320.0, 1380.0, 1440.0, 1500.0, 1560.0, 1620.0, 1680.0, 1740.0, 1800.0, 1860.0, 1920.0, 1980.0, 2040.0, 2100.0, 2160.0, 2220.0, 2280.0, 2340.0, 2400.0, 2460.0, 2520.0, 2580.0, 2640.0, 2700.0, 2760.0, 2820.0, 2880.0, 2940.0, 3000.0]
/////////////////////////
PROCESSING:  TTM1600TZBW
/////////////////////////
plotTreeName: Tprime2_BEST_Mass
Flavour: M #tag: isV_tHtH #algo: BEST
Weights: 1 * 1 * 1 * pileupWeight * 1 * lepIdSF * EGammaGsfSF * 1 * (MCWeight_singleLepCalc/abs(MCWeight_singleLepCalc)) * 5.72189699595e-05
Cuts: (leptonPt_singleLepCalc > 50) && (corr_met_singleLepCalc > 55) && (AK4HT > 480) && (minDR_lepJet > 0.4 || ptRel_lepJet > 40) && (NJetsAK8_JetSubCalc > 2) && (minDR_leadAK8otherAK8 < 3.0) && DataPastTrigger == 1 && isMuon==1
****************************************************************************************************
****************************************************************************************************
DISTRIBUTION: Tp2Mass
            -name in ljmet trees: Tprime2_ALGO_Mass
            -x-axis label is set to: ;M(T) [GeV])
            -using the binning as: [0.0, 60.0, 120.0, 180.0, 240.0, 300.0, 360.0, 420.0, 480.0, 540.0, 600.0, 660.0, 720.0, 780.0, 840.0, 900.0, 960.0, 1020.0, 1080.0, 1140.0, 1200.0, 1260.0, 1320.0, 1380.0, 1440.0, 1500.0, 1560.0, 1620.0, 1680.0, 1740.0, 1800.0, 1860.0, 1920.0, 1980.0, 2040.0, 2100.0, 2160.0, 2220.0, 2280.0, 2340.0, 2400.0, 2460.0, 2520.0, 2580.0, 2640.0, 2700.0, 2760.0, 2820.0, 2880.0, 2940.0, 3000.0]
/////////////////////////
PROCESSING:  TTM1600THBW
/////////////////////////
plotTreeName: Tprime2_BEST_Mass
Flavour: M #tag: isV_tHtH #algo: BEST
Weights: 1 * 1 * 1 * pileupWeight * 1 * lepIdSF * EGammaGsfSF * 1 * (MCWeight_singleLepCalc/abs(MCWeight_singleLepCalc)) * 5.72189699595e-05
Cuts: (leptonPt_singleLepCalc > 50) && (corr_met_singleLepCalc > 55) && (AK4HT > 480) && (minDR_lepJet > 0.4 || ptRel_lepJet > 40) && (NJetsAK8_JetSubCalc > 2) && (minDR_leadAK8otherAK8 < 3.0) && DataPastTrigger == 1 && isMuon==1
****************************************************************************************************
****************************************************************************************************
DISTRIBUTION: Tp2Mass
            -name in ljmet trees: Tprime2_ALGO_Mass
            -x-axis label is set to: ;M(T) [GeV])
            -using the binning as: [0.0, 60.0, 120.0, 180.0, 240.0, 300.0, 360.0, 420.0, 480.0, 540.0, 600.0, 660.0, 720.0, 780.0, 840.0, 900.0, 960.0, 1020.0, 1080.0, 1140.0, 1200.0, 1260.0, 1320.0, 1380.0, 1440.0, 1500.0, 1560.0, 1620.0, 1680.0, 1740.0, 1800.0, 1860.0, 1920.0, 1980.0, 2040.0, 2100.0, 2160.0, 2220.0, 2280.0, 2340.0, 2400.0, 2460.0, 2520.0, 2580.0, 2640.0, 2700.0, 2760.0, 2820.0, 2880.0, 2940.0, 3000.0]
/////////////////////////
PROCESSING:  TTM1600TZTH
/////////////////////////
plotTreeName: Tprime2_BEST_Mass
Flavour: M #tag: isV_tHtH #algo: BEST
Weights: 1 * 1 * 1 * pileupWeight * 1 * lepIdSF * EGammaGsfSF * 1 * (MCWeight_singleLepCalc/abs(MCWeight_singleLepCalc)) * 2.86094849797e-05
Cuts: (leptonPt_singleLepCalc > 50) && (corr_met_singleLepCalc > 55) && (AK4HT > 480) && (minDR_lepJet > 0.4 || ptRel_lepJet > 40) && (NJetsAK8_JetSubCalc > 2) && (minDR_leadAK8otherAK8 < 3.0) && DataPastTrigger == 1 && isMuon==1
****************************************************************************************************
****************************************************************************************************
DISTRIBUTION: Tp2Mass
            -name in ljmet trees: Tprime2_ALGO_Mass
            -x-axis label is set to: ;M(T) [GeV])
            -using the binning as: [0.0, 60.0, 120.0, 180.0, 240.0, 300.0, 360.0, 420.0, 480.0, 540.0, 600.0, 660.0, 720.0, 780.0, 840.0, 900.0, 960.0, 1020.0, 1080.0, 1140.0, 1200.0, 1260.0, 1320.0, 1380.0, 1440.0, 1500.0, 1560.0, 1620.0, 1680.0, 1740.0, 1800.0, 1860.0, 1920.0, 1980.0, 2040.0, 2100.0, 2160.0, 2220.0, 2280.0, 2340.0, 2400.0, 2460.0, 2520.0, 2580.0, 2640.0, 2700.0, 2760.0, 2820.0, 2880.0, 2940.0, 3000.0]
/////////////////////////
PROCESSING:  TTM1700BWBW
/////////////////////////
plotTreeName: Tprime2_BEST_Mass
Flavour: M #tag: isV_tHtH #algo: BEST
Weights: 1 * 1 * 1 * pileupWeight * 1 * lepIdSF * EGammaGsfSF * 1 * (MCWeight_singleLepCalc/abs(MCWeight_singleLepCalc)) * 6.93554282011e-05
Cuts: (leptonPt_singleLepCalc > 50) && (corr_met_singleLepCalc > 55) && (AK4HT > 480) && (minDR_lepJet > 0.4 || ptRel_lepJet > 40) && (NJetsAK8_JetSubCalc > 2) && (minDR_leadAK8otherAK8 < 3.0) && DataPastTrigger == 1 && isMuon==1
****************************************************************************************************
****************************************************************************************************
DISTRIBUTION: Tp2Mass
            -name in ljmet trees: Tprime2_ALGO_Mass
            -x-axis label is set to: ;M(T) [GeV])
            -using the binning as: [0.0, 60.0, 120.0, 180.0, 240.0, 300.0, 360.0, 420.0, 480.0, 540.0, 600.0, 660.0, 720.0, 780.0, 840.0, 900.0, 960.0, 1020.0, 1080.0, 1140.0, 1200.0, 1260.0, 1320.0, 1380.0, 1440.0, 1500.0, 1560.0, 1620.0, 1680.0, 1740.0, 1800.0, 1860.0, 1920.0, 1980.0, 2040.0, 2100.0, 2160.0, 2220.0, 2280.0, 2340.0, 2400.0, 2460.0, 2520.0, 2580.0, 2640.0, 2700.0, 2760.0, 2820.0, 2880.0, 2940.0, 3000.0]
/////////////////////////
PROCESSING:  TTM1700THTH
/////////////////////////
plotTreeName: Tprime2_BEST_Mass
Flavour: M #tag: isV_tHtH #algo: BEST
Weights: 1 * 1 * 1 * pileupWeight * 1 * lepIdSF * EGammaGsfSF * 1 * (MCWeight_singleLepCalc/abs(MCWeight_singleLepCalc)) * 1.73388570503e-05
Cuts: (leptonPt_singleLepCalc > 50) && (corr_met_singleLepCalc > 55) && (AK4HT > 480) && (minDR_lepJet > 0.4 || ptRel_lepJet > 40) && (NJetsAK8_JetSubCalc > 2) && (minDR_leadAK8otherAK8 < 3.0) && DataPastTrigger == 1 && isMuon==1
****************************************************************************************************
****************************************************************************************************
DISTRIBUTION: Tp2Mass
            -name in ljmet trees: Tprime2_ALGO_Mass
            -x-axis label is set to: ;M(T) [GeV])
            -using the binning as: [0.0, 60.0, 120.0, 180.0, 240.0, 300.0, 360.0, 420.0, 480.0, 540.0, 600.0, 660.0, 720.0, 780.0, 840.0, 900.0, 960.0, 1020.0, 1080.0, 1140.0, 1200.0, 1260.0, 1320.0, 1380.0, 1440.0, 1500.0, 1560.0, 1620.0, 1680.0, 1740.0, 1800.0, 1860.0, 1920.0, 1980.0, 2040.0, 2100.0, 2160.0, 2220.0, 2280.0, 2340.0, 2400.0, 2460.0, 2520.0, 2580.0, 2640.0, 2700.0, 2760.0, 2820.0, 2880.0, 2940.0, 3000.0]
/////////////////////////
PROCESSING:  TTM1700TZTZ
/////////////////////////
plotTreeName: Tprime2_BEST_Mass
Flavour: M #tag: isV_tHtH #algo: BEST
Weights: 1 * 1 * 1 * pileupWeight * 1 * lepIdSF * EGammaGsfSF * 1 * (MCWeight_singleLepCalc/abs(MCWeight_singleLepCalc)) * 1.73388570503e-05
Cuts: (leptonPt_singleLepCalc > 50) && (corr_met_singleLepCalc > 55) && (AK4HT > 480) && (minDR_lepJet > 0.4 || ptRel_lepJet > 40) && (NJetsAK8_JetSubCalc > 2) && (minDR_leadAK8otherAK8 < 3.0) && DataPastTrigger == 1 && isMuon==1
****************************************************************************************************
****************************************************************************************************
DISTRIBUTION: Tp2Mass
            -name in ljmet trees: Tprime2_ALGO_Mass
            -x-axis label is set to: ;M(T) [GeV])
            -using the binning as: [0.0, 60.0, 120.0, 180.0, 240.0, 300.0, 360.0, 420.0, 480.0, 540.0, 600.0, 660.0, 720.0, 780.0, 840.0, 900.0, 960.0, 1020.0, 1080.0, 1140.0, 1200.0, 1260.0, 1320.0, 1380.0, 1440.0, 1500.0, 1560.0, 1620.0, 1680.0, 1740.0, 1800.0, 1860.0, 1920.0, 1980.0, 2040.0, 2100.0, 2160.0, 2220.0, 2280.0, 2340.0, 2400.0, 2460.0, 2520.0, 2580.0, 2640.0, 2700.0, 2760.0, 2820.0, 2880.0, 2940.0, 3000.0]
/////////////////////////
PROCESSING:  TTM1700TZBW
/////////////////////////
plotTreeName: Tprime2_BEST_Mass
Flavour: M #tag: isV_tHtH #algo: BEST
Weights: 1 * 1 * 1 * pileupWeight * 1 * lepIdSF * EGammaGsfSF * 1 * (MCWeight_singleLepCalc/abs(MCWeight_singleLepCalc)) * 3.46777141005e-05
Cuts: (leptonPt_singleLepCalc > 50) && (corr_met_singleLepCalc > 55) && (AK4HT > 480) && (minDR_lepJet > 0.4 || ptRel_lepJet > 40) && (NJetsAK8_JetSubCalc > 2) && (minDR_leadAK8otherAK8 < 3.0) && DataPastTrigger == 1 && isMuon==1
****************************************************************************************************
****************************************************************************************************
DISTRIBUTION: Tp2Mass
            -name in ljmet trees: Tprime2_ALGO_Mass
            -x-axis label is set to: ;M(T) [GeV])
            -using the binning as: [0.0, 60.0, 120.0, 180.0, 240.0, 300.0, 360.0, 420.0, 480.0, 540.0, 600.0, 660.0, 720.0, 780.0, 840.0, 900.0, 960.0, 1020.0, 1080.0, 1140.0, 1200.0, 1260.0, 1320.0, 1380.0, 1440.0, 1500.0, 1560.0, 1620.0, 1680.0, 1740.0, 1800.0, 1860.0, 1920.0, 1980.0, 2040.0, 2100.0, 2160.0, 2220.0, 2280.0, 2340.0, 2400.0, 2460.0, 2520.0, 2580.0, 2640.0, 2700.0, 2760.0, 2820.0, 2880.0, 2940.0, 3000.0]
/////////////////////////
PROCESSING:  TTM1700THBW
/////////////////////////
plotTreeName: Tprime2_BEST_Mass
Flavour: M #tag: isV_tHtH #algo: BEST
Weights: 1 * 1 * 1 * pileupWeight * 1 * lepIdSF * EGammaGsfSF * 1 * (MCWeight_singleLepCalc/abs(MCWeight_singleLepCalc)) * 3.46777141005e-05
Cuts: (leptonPt_singleLepCalc > 50) && (corr_met_singleLepCalc > 55) && (AK4HT > 480) && (minDR_lepJet > 0.4 || ptRel_lepJet > 40) && (NJetsAK8_JetSubCalc > 2) && (minDR_leadAK8otherAK8 < 3.0) && DataPastTrigger == 1 && isMuon==1
****************************************************************************************************
****************************************************************************************************
DISTRIBUTION: Tp2Mass
            -name in ljmet trees: Tprime2_ALGO_Mass
            -x-axis label is set to: ;M(T) [GeV])
            -using the binning as: [0.0, 60.0, 120.0, 180.0, 240.0, 300.0, 360.0, 420.0, 480.0, 540.0, 600.0, 660.0, 720.0, 780.0, 840.0, 900.0, 960.0, 1020.0, 1080.0, 1140.0, 1200.0, 1260.0, 1320.0, 1380.0, 1440.0, 1500.0, 1560.0, 1620.0, 1680.0, 1740.0, 1800.0, 1860.0, 1920.0, 1980.0, 2040.0, 2100.0, 2160.0, 2220.0, 2280.0, 2340.0, 2400.0, 2460.0, 2520.0, 2580.0, 2640.0, 2700.0, 2760.0, 2820.0, 2880.0, 2940.0, 3000.0]
/////////////////////////
PROCESSING:  TTM1700TZTH
/////////////////////////
plotTreeName: Tprime2_BEST_Mass
Flavour: M #tag: isV_tHtH #algo: BEST
Weights: 1 * 1 * 1 * pileupWeight * 1 * lepIdSF * EGammaGsfSF * 1 * (MCWeight_singleLepCalc/abs(MCWeight_singleLepCalc)) * 1.73388570503e-05
Cuts: (leptonPt_singleLepCalc > 50) && (corr_met_singleLepCalc > 55) && (AK4HT > 480) && (minDR_lepJet > 0.4 || ptRel_lepJet > 40) && (NJetsAK8_JetSubCalc > 2) && (minDR_leadAK8otherAK8 < 3.0) && DataPastTrigger == 1 && isMuon==1
****************************************************************************************************
****************************************************************************************************
DISTRIBUTION: Tp2Mass
            -name in ljmet trees: Tprime2_ALGO_Mass
            -x-axis label is set to: ;M(T) [GeV])
            -using the binning as: [0.0, 60.0, 120.0, 180.0, 240.0, 300.0, 360.0, 420.0, 480.0, 540.0, 600.0, 660.0, 720.0, 780.0, 840.0, 900.0, 960.0, 1020.0, 1080.0, 1140.0, 1200.0, 1260.0, 1320.0, 1380.0, 1440.0, 1500.0, 1560.0, 1620.0, 1680.0, 1740.0, 1800.0, 1860.0, 1920.0, 1980.0, 2040.0, 2100.0, 2160.0, 2220.0, 2280.0, 2340.0, 2400.0, 2460.0, 2520.0, 2580.0, 2640.0, 2700.0, 2760.0, 2820.0, 2880.0, 2940.0, 3000.0]
/////////////////////////
PROCESSING:  TTM1800BWBW
/////////////////////////
plotTreeName: Tprime2_BEST_Mass
Flavour: M #tag: isV_tHtH #algo: BEST
Weights: 1 * 1 * 1 * pileupWeight * 1 * lepIdSF * EGammaGsfSF * 1 * (MCWeight_singleLepCalc/abs(MCWeight_singleLepCalc)) * 3.89579688164e-05
Cuts: (leptonPt_singleLepCalc > 50) && (corr_met_singleLepCalc > 55) && (AK4HT > 480) && (minDR_lepJet > 0.4 || ptRel_lepJet > 40) && (NJetsAK8_JetSubCalc > 2) && (minDR_leadAK8otherAK8 < 3.0) && DataPastTrigger == 1 && isMuon==1
****************************************************************************************************
****************************************************************************************************
DISTRIBUTION: Tp2Mass
            -name in ljmet trees: Tprime2_ALGO_Mass
            -x-axis label is set to: ;M(T) [GeV])
            -using the binning as: [0.0, 60.0, 120.0, 180.0, 240.0, 300.0, 360.0, 420.0, 480.0, 540.0, 600.0, 660.0, 720.0, 780.0, 840.0, 900.0, 960.0, 1020.0, 1080.0, 1140.0, 1200.0, 1260.0, 1320.0, 1380.0, 1440.0, 1500.0, 1560.0, 1620.0, 1680.0, 1740.0, 1800.0, 1860.0, 1920.0, 1980.0, 2040.0, 2100.0, 2160.0, 2220.0, 2280.0, 2340.0, 2400.0, 2460.0, 2520.0, 2580.0, 2640.0, 2700.0, 2760.0, 2820.0, 2880.0, 2940.0, 3000.0]
/////////////////////////
PROCESSING:  TTM1800THTH
/////////////////////////
plotTreeName: Tprime2_BEST_Mass
Flavour: M #tag: isV_tHtH #algo: BEST
Weights: 1 * 1 * 1 * pileupWeight * 1 * lepIdSF * EGammaGsfSF * 1 * (MCWeight_singleLepCalc/abs(MCWeight_singleLepCalc)) * 9.7394922041e-06
Cuts: (leptonPt_singleLepCalc > 50) && (corr_met_singleLepCalc > 55) && (AK4HT > 480) && (minDR_lepJet > 0.4 || ptRel_lepJet > 40) && (NJetsAK8_JetSubCalc > 2) && (minDR_leadAK8otherAK8 < 3.0) && DataPastTrigger == 1 && isMuon==1
****************************************************************************************************
****************************************************************************************************
DISTRIBUTION: Tp2Mass
            -name in ljmet trees: Tprime2_ALGO_Mass
            -x-axis label is set to: ;M(T) [GeV])
            -using the binning as: [0.0, 60.0, 120.0, 180.0, 240.0, 300.0, 360.0, 420.0, 480.0, 540.0, 600.0, 660.0, 720.0, 780.0, 840.0, 900.0, 960.0, 1020.0, 1080.0, 1140.0, 1200.0, 1260.0, 1320.0, 1380.0, 1440.0, 1500.0, 1560.0, 1620.0, 1680.0, 1740.0, 1800.0, 1860.0, 1920.0, 1980.0, 2040.0, 2100.0, 2160.0, 2220.0, 2280.0, 2340.0, 2400.0, 2460.0, 2520.0, 2580.0, 2640.0, 2700.0, 2760.0, 2820.0, 2880.0, 2940.0, 3000.0]
/////////////////////////
PROCESSING:  TTM1800TZTZ
/////////////////////////
plotTreeName: Tprime2_BEST_Mass
Flavour: M #tag: isV_tHtH #algo: BEST
Weights: 1 * 1 * 1 * pileupWeight * 1 * lepIdSF * EGammaGsfSF * 1 * (MCWeight_singleLepCalc/abs(MCWeight_singleLepCalc)) * 9.7394922041e-06
Cuts: (leptonPt_singleLepCalc > 50) && (corr_met_singleLepCalc > 55) && (AK4HT > 480) && (minDR_lepJet > 0.4 || ptRel_lepJet > 40) && (NJetsAK8_JetSubCalc > 2) && (minDR_leadAK8otherAK8 < 3.0) && DataPastTrigger == 1 && isMuon==1
****************************************************************************************************
****************************************************************************************************
DISTRIBUTION: Tp2Mass
            -name in ljmet trees: Tprime2_ALGO_Mass
            -x-axis label is set to: ;M(T) [GeV])
            -using the binning as: [0.0, 60.0, 120.0, 180.0, 240.0, 300.0, 360.0, 420.0, 480.0, 540.0, 600.0, 660.0, 720.0, 780.0, 840.0, 900.0, 960.0, 1020.0, 1080.0, 1140.0, 1200.0, 1260.0, 1320.0, 1380.0, 1440.0, 1500.0, 1560.0, 1620.0, 1680.0, 1740.0, 1800.0, 1860.0, 1920.0, 1980.0, 2040.0, 2100.0, 2160.0, 2220.0, 2280.0, 2340.0, 2400.0, 2460.0, 2520.0, 2580.0, 2640.0, 2700.0, 2760.0, 2820.0, 2880.0, 2940.0, 3000.0]
/////////////////////////
PROCESSING:  TTM1800TZBW
/////////////////////////
plotTreeName: Tprime2_BEST_Mass
Flavour: M #tag: isV_tHtH #algo: BEST
Weights: 1 * 1 * 1 * pileupWeight * 1 * lepIdSF * EGammaGsfSF * 1 * (MCWeight_singleLepCalc/abs(MCWeight_singleLepCalc)) * 1.94789844082e-05
Cuts: (leptonPt_singleLepCalc > 50) && (corr_met_singleLepCalc > 55) && (AK4HT > 480) && (minDR_lepJet > 0.4 || ptRel_lepJet > 40) && (NJetsAK8_JetSubCalc > 2) && (minDR_leadAK8otherAK8 < 3.0) && DataPastTrigger == 1 && isMuon==1
****************************************************************************************************
****************************************************************************************************
DISTRIBUTION: Tp2Mass
            -name in ljmet trees: Tprime2_ALGO_Mass
            -x-axis label is set to: ;M(T) [GeV])
            -using the binning as: [0.0, 60.0, 120.0, 180.0, 240.0, 300.0, 360.0, 420.0, 480.0, 540.0, 600.0, 660.0, 720.0, 780.0, 840.0, 900.0, 960.0, 1020.0, 1080.0, 1140.0, 1200.0, 1260.0, 1320.0, 1380.0, 1440.0, 1500.0, 1560.0, 1620.0, 1680.0, 1740.0, 1800.0, 1860.0, 1920.0, 1980.0, 2040.0, 2100.0, 2160.0, 2220.0, 2280.0, 2340.0, 2400.0, 2460.0, 2520.0, 2580.0, 2640.0, 2700.0, 2760.0, 2820.0, 2880.0, 2940.0, 3000.0]
/////////////////////////
PROCESSING:  TTM1800THBW
/////////////////////////
plotTreeName: Tprime2_BEST_Mass
Flavour: M #tag: isV_tHtH #algo: BEST
Weights: 1 * 1 * 1 * pileupWeight * 1 * lepIdSF * EGammaGsfSF * 1 * (MCWeight_singleLepCalc/abs(MCWeight_singleLepCalc)) * 1.94789844082e-05
Cuts: (leptonPt_singleLepCalc > 50) && (corr_met_singleLepCalc > 55) && (AK4HT > 480) && (minDR_lepJet > 0.4 || ptRel_lepJet > 40) && (NJetsAK8_JetSubCalc > 2) && (minDR_leadAK8otherAK8 < 3.0) && DataPastTrigger == 1 && isMuon==1
****************************************************************************************************
****************************************************************************************************
DISTRIBUTION: Tp2Mass
            -name in ljmet trees: Tprime2_ALGO_Mass
            -x-axis label is set to: ;M(T) [GeV])
            -using the binning as: [0.0, 60.0, 120.0, 180.0, 240.0, 300.0, 360.0, 420.0, 480.0, 540.0, 600.0, 660.0, 720.0, 780.0, 840.0, 900.0, 960.0, 1020.0, 1080.0, 1140.0, 1200.0, 1260.0, 1320.0, 1380.0, 1440.0, 1500.0, 1560.0, 1620.0, 1680.0, 1740.0, 1800.0, 1860.0, 1920.0, 1980.0, 2040.0, 2100.0, 2160.0, 2220.0, 2280.0, 2340.0, 2400.0, 2460.0, 2520.0, 2580.0, 2640.0, 2700.0, 2760.0, 2820.0, 2880.0, 2940.0, 3000.0]
/////////////////////////
PROCESSING:  TTM1800TZTH
/////////////////////////
plotTreeName: Tprime2_BEST_Mass
Flavour: M #tag: isV_tHtH #algo: BEST
Weights: 1 * 1 * 1 * pileupWeight * 1 * lepIdSF * EGammaGsfSF * 1 * (MCWeight_singleLepCalc/abs(MCWeight_singleLepCalc)) * 9.7394922041e-06
Cuts: (leptonPt_singleLepCalc > 50) && (corr_met_singleLepCalc > 55) && (AK4HT > 480) && (minDR_lepJet > 0.4 || ptRel_lepJet > 40) && (NJetsAK8_JetSubCalc > 2) && (minDR_leadAK8otherAK8 < 3.0) && DataPastTrigger == 1 && isMuon==1
****************************************************************************************************
****************************************************************************************************
DISTRIBUTION: Tp2Mass
            -name in ljmet trees: Tprime2_ALGO_Mass
            -x-axis label is set to: ;M(T) [GeV])
            -using the binning as: [0.0, 60.0, 120.0, 180.0, 240.0, 300.0, 360.0, 420.0, 480.0, 540.0, 600.0, 660.0, 720.0, 780.0, 840.0, 900.0, 960.0, 1020.0, 1080.0, 1140.0, 1200.0, 1260.0, 1320.0, 1380.0, 1440.0, 1500.0, 1560.0, 1620.0, 1680.0, 1740.0, 1800.0, 1860.0, 1920.0, 1980.0, 2040.0, 2100.0, 2160.0, 2220.0, 2280.0, 2340.0, 2400.0, 2460.0, 2520.0, 2580.0, 2640.0, 2700.0, 2760.0, 2820.0, 2880.0, 2940.0, 3000.0]
/////////////////////////
PROCESSING:  WJetsMG400
/////////////////////////
plotTreeName: Tprime2_DeepAK8_Mass
Flavour: M #tag: isV_tHtH #algo: DeepAK8
Weights: 1 * HTSF_Pol * 1 * pileupWeight * 1 * lepIdSF * EGammaGsfSF * 1 * (MCWeight_singleLepCalc/abs(MCWeight_singleLepCalc)) * 0.280770227538
Cuts: (leptonPt_singleLepCalc > 50) && (corr_met_singleLepCalc > 55) && (AK4HT > 480) && (minDR_lepJet > 0.4 || ptRel_lepJet > 40) && (NJetsAK8_JetSubCalc > 2) && (minDR_leadAK8otherAK8 < 3.0) && DataPastTrigger == 1 && isMuon==1
****************************************************************************************************
****************************************************************************************************
DISTRIBUTION: Tp2Mass
            -name in ljmet trees: Tprime2_ALGO_Mass
            -x-axis label is set to: ;M(T) [GeV])
            -using the binning as: [0.0, 60.0, 120.0, 180.0, 240.0, 300.0, 360.0, 420.0, 480.0, 540.0, 600.0, 660.0, 720.0, 780.0, 840.0, 900.0, 960.0, 1020.0, 1080.0, 1140.0, 1200.0, 1260.0, 1320.0, 1380.0, 1440.0, 1500.0, 1560.0, 1620.0, 1680.0, 1740.0, 1800.0, 1860.0, 1920.0, 1980.0, 2040.0, 2100.0, 2160.0, 2220.0, 2280.0, 2340.0, 2400.0, 2460.0, 2520.0, 2580.0, 2640.0, 2700.0, 2760.0, 2820.0, 2880.0, 2940.0, 3000.0]
/////////////////////////
PROCESSING:  WJetsMG600
/////////////////////////
plotTreeName: Tprime2_DeepAK8_Mass
Flavour: M #tag: isV_tHtH #algo: DeepAK8
Weights: 1 * HTSF_Pol * 1 * pileupWeight * 1 * lepIdSF * EGammaGsfSF * 1 * (MCWeight_singleLepCalc/abs(MCWeight_singleLepCalc)) * 0.0287233231554
Cuts: (leptonPt_singleLepCalc > 50) && (corr_met_singleLepCalc > 55) && (AK4HT > 480) && (minDR_lepJet > 0.4 || ptRel_lepJet > 40) && (NJetsAK8_JetSubCalc > 2) && (minDR_leadAK8otherAK8 < 3.0) && DataPastTrigger == 1 && isMuon==1
****************************************************************************************************
****************************************************************************************************
DISTRIBUTION: Tp2Mass
            -name in ljmet trees: Tprime2_ALGO_Mass
            -x-axis label is set to: ;M(T) [GeV])
            -using the binning as: [0.0, 60.0, 120.0, 180.0, 240.0, 300.0, 360.0, 420.0, 480.0, 540.0, 600.0, 660.0, 720.0, 780.0, 840.0, 900.0, 960.0, 1020.0, 1080.0, 1140.0, 1200.0, 1260.0, 1320.0, 1380.0, 1440.0, 1500.0, 1560.0, 1620.0, 1680.0, 1740.0, 1800.0, 1860.0, 1920.0, 1980.0, 2040.0, 2100.0, 2160.0, 2220.0, 2280.0, 2340.0, 2400.0, 2460.0, 2520.0, 2580.0, 2640.0, 2700.0, 2760.0, 2820.0, 2880.0, 2940.0, 3000.0]
/////////////////////////
PROCESSING:  WJetsMG800
/////////////////////////
plotTreeName: Tprime2_DeepAK8_Mass
Flavour: M #tag: isV_tHtH #algo: DeepAK8
Weights: 1 * HTSF_Pol * 1 * pileupWeight * 1 * lepIdSF * EGammaGsfSF * 1 * (MCWeight_singleLepCalc/abs(MCWeight_singleLepCalc)) * 0.0316367902594
Cuts: (leptonPt_singleLepCalc > 50) && (corr_met_singleLepCalc > 55) && (AK4HT > 480) && (minDR_lepJet > 0.4 || ptRel_lepJet > 40) && (NJetsAK8_JetSubCalc > 2) && (minDR_leadAK8otherAK8 < 3.0) && DataPastTrigger == 1 && isMuon==1
****************************************************************************************************
****************************************************************************************************
DISTRIBUTION: Tp2Mass
            -name in ljmet trees: Tprime2_ALGO_Mass
            -x-axis label is set to: ;M(T) [GeV])
            -using the binning as: [0.0, 60.0, 120.0, 180.0, 240.0, 300.0, 360.0, 420.0, 480.0, 540.0, 600.0, 660.0, 720.0, 780.0, 840.0, 900.0, 960.0, 1020.0, 1080.0, 1140.0, 1200.0, 1260.0, 1320.0, 1380.0, 1440.0, 1500.0, 1560.0, 1620.0, 1680.0, 1740.0, 1800.0, 1860.0, 1920.0, 1980.0, 2040.0, 2100.0, 2160.0, 2220.0, 2280.0, 2340.0, 2400.0, 2460.0, 2520.0, 2580.0, 2640.0, 2700.0, 2760.0, 2820.0, 2880.0, 2940.0, 3000.0]
/////////////////////////
PROCESSING:  WJetsMG1200
/////////////////////////
plotTreeName: Tprime2_DeepAK8_Mass
Flavour: M #tag: isV_tHtH #algo: DeepAK8
Weights: 1 * HTSF_Pol * 1 * pileupWeight * 1 * lepIdSF * EGammaGsfSF * 1 * (MCWeight_singleLepCalc/abs(MCWeight_singleLepCalc)) * 0.00861414819858
Cuts: (leptonPt_singleLepCalc > 50) && (corr_met_singleLepCalc > 55) && (AK4HT > 480) && (minDR_lepJet > 0.4 || ptRel_lepJet > 40) && (NJetsAK8_JetSubCalc > 2) && (minDR_leadAK8otherAK8 < 3.0) && DataPastTrigger == 1 && isMuon==1
****************************************************************************************************
****************************************************************************************************
DISTRIBUTION: Tp2Mass
            -name in ljmet trees: Tprime2_ALGO_Mass
            -x-axis label is set to: ;M(T) [GeV])
            -using the binning as: [0.0, 60.0, 120.0, 180.0, 240.0, 300.0, 360.0, 420.0, 480.0, 540.0, 600.0, 660.0, 720.0, 780.0, 840.0, 900.0, 960.0, 1020.0, 1080.0, 1140.0, 1200.0, 1260.0, 1320.0, 1380.0, 1440.0, 1500.0, 1560.0, 1620.0, 1680.0, 1740.0, 1800.0, 1860.0, 1920.0, 1980.0, 2040.0, 2100.0, 2160.0, 2220.0, 2280.0, 2340.0, 2400.0, 2460.0, 2520.0, 2580.0, 2640.0, 2700.0, 2760.0, 2820.0, 2880.0, 2940.0, 3000.0]
/////////////////////////
PROCESSING:  WJetsMG2500
/////////////////////////
plotTreeName: Tprime2_DeepAK8_Mass
Flavour: M #tag: isV_tHtH #algo: DeepAK8
Weights: 1 * HTSF_Pol * 1 * pileupWeight * 1 * lepIdSF * EGammaGsfSF * 1 * (MCWeight_singleLepCalc/abs(MCWeight_singleLepCalc)) * 0.00054308661217
Cuts: (leptonPt_singleLepCalc > 50) && (corr_met_singleLepCalc > 55) && (AK4HT > 480) && (minDR_lepJet > 0.4 || ptRel_lepJet > 40) && (NJetsAK8_JetSubCalc > 2) && (minDR_leadAK8otherAK8 < 3.0) && DataPastTrigger == 1 && isMuon==1
****************************************************************************************************
****************************************************************************************************
DISTRIBUTION: Tp2Mass
            -name in ljmet trees: Tprime2_ALGO_Mass
            -x-axis label is set to: ;M(T) [GeV])
            -using the binning as: [0.0, 60.0, 120.0, 180.0, 240.0, 300.0, 360.0, 420.0, 480.0, 540.0, 600.0, 660.0, 720.0, 780.0, 840.0, 900.0, 960.0, 1020.0, 1080.0, 1140.0, 1200.0, 1260.0, 1320.0, 1380.0, 1440.0, 1500.0, 1560.0, 1620.0, 1680.0, 1740.0, 1800.0, 1860.0, 1920.0, 1980.0, 2040.0, 2100.0, 2160.0, 2220.0, 2280.0, 2340.0, 2400.0, 2460.0, 2520.0, 2580.0, 2640.0, 2700.0, 2760.0, 2820.0, 2880.0, 2940.0, 3000.0]
/////////////////////////
PROCESSING:  TTM1100BWBW
/////////////////////////
plotTreeName: Tprime2_DeepAK8_Mass
Flavour: M #tag: isV_tHtH #algo: DeepAK8
Weights: 1 * 1 * 1 * pileupWeight * 1 * lepIdSF * EGammaGsfSF * 1 * (MCWeight_singleLepCalc/abs(MCWeight_singleLepCalc)) * 0.00223239916536
Cuts: (leptonPt_singleLepCalc > 50) && (corr_met_singleLepCalc > 55) && (AK4HT > 480) && (minDR_lepJet > 0.4 || ptRel_lepJet > 40) && (NJetsAK8_JetSubCalc > 2) && (minDR_leadAK8otherAK8 < 3.0) && DataPastTrigger == 1 && isMuon==1
****************************************************************************************************
****************************************************************************************************
DISTRIBUTION: Tp2Mass
            -name in ljmet trees: Tprime2_ALGO_Mass
            -x-axis label is set to: ;M(T) [GeV])
            -using the binning as: [0.0, 60.0, 120.0, 180.0, 240.0, 300.0, 360.0, 420.0, 480.0, 540.0, 600.0, 660.0, 720.0, 780.0, 840.0, 900.0, 960.0, 1020.0, 1080.0, 1140.0, 1200.0, 1260.0, 1320.0, 1380.0, 1440.0, 1500.0, 1560.0, 1620.0, 1680.0, 1740.0, 1800.0, 1860.0, 1920.0, 1980.0, 2040.0, 2100.0, 2160.0, 2220.0, 2280.0, 2340.0, 2400.0, 2460.0, 2520.0, 2580.0, 2640.0, 2700.0, 2760.0, 2820.0, 2880.0, 2940.0, 3000.0]
/////////////////////////
PROCESSING:  TTM1100THTH
/////////////////////////
plotTreeName: Tprime2_DeepAK8_Mass
Flavour: M #tag: isV_tHtH #algo: DeepAK8
Weights: 1 * 1 * 1 * pileupWeight * 1 * lepIdSF * EGammaGsfSF * 1 * (MCWeight_singleLepCalc/abs(MCWeight_singleLepCalc)) * 0.000558099791339
Cuts: (leptonPt_singleLepCalc > 50) && (corr_met_singleLepCalc > 55) && (AK4HT > 480) && (minDR_lepJet > 0.4 || ptRel_lepJet > 40) && (NJetsAK8_JetSubCalc > 2) && (minDR_leadAK8otherAK8 < 3.0) && DataPastTrigger == 1 && isMuon==1
****************************************************************************************************
****************************************************************************************************
DISTRIBUTION: Tp2Mass
            -name in ljmet trees: Tprime2_ALGO_Mass
            -x-axis label is set to: ;M(T) [GeV])
            -using the binning as: [0.0, 60.0, 120.0, 180.0, 240.0, 300.0, 360.0, 420.0, 480.0, 540.0, 600.0, 660.0, 720.0, 780.0, 840.0, 900.0, 960.0, 1020.0, 1080.0, 1140.0, 1200.0, 1260.0, 1320.0, 1380.0, 1440.0, 1500.0, 1560.0, 1620.0, 1680.0, 1740.0, 1800.0, 1860.0, 1920.0, 1980.0, 2040.0, 2100.0, 2160.0, 2220.0, 2280.0, 2340.0, 2400.0, 2460.0, 2520.0, 2580.0, 2640.0, 2700.0, 2760.0, 2820.0, 2880.0, 2940.0, 3000.0]
/////////////////////////
PROCESSING:  TTM1100TZTZ
/////////////////////////
plotTreeName: Tprime2_DeepAK8_Mass
Flavour: M #tag: isV_tHtH #algo: DeepAK8
Weights: 1 * 1 * 1 * pileupWeight * 1 * lepIdSF * EGammaGsfSF * 1 * (MCWeight_singleLepCalc/abs(MCWeight_singleLepCalc)) * 0.000558099791339
Cuts: (leptonPt_singleLepCalc > 50) && (corr_met_singleLepCalc > 55) && (AK4HT > 480) && (minDR_lepJet > 0.4 || ptRel_lepJet > 40) && (NJetsAK8_JetSubCalc > 2) && (minDR_leadAK8otherAK8 < 3.0) && DataPastTrigger == 1 && isMuon==1
****************************************************************************************************
****************************************************************************************************
DISTRIBUTION: Tp2Mass
            -name in ljmet trees: Tprime2_ALGO_Mass
            -x-axis label is set to: ;M(T) [GeV])
            -using the binning as: [0.0, 60.0, 120.0, 180.0, 240.0, 300.0, 360.0, 420.0, 480.0, 540.0, 600.0, 660.0, 720.0, 780.0, 840.0, 900.0, 960.0, 1020.0, 1080.0, 1140.0, 1200.0, 1260.0, 1320.0, 1380.0, 1440.0, 1500.0, 1560.0, 1620.0, 1680.0, 1740.0, 1800.0, 1860.0, 1920.0, 1980.0, 2040.0, 2100.0, 2160.0, 2220.0, 2280.0, 2340.0, 2400.0, 2460.0, 2520.0, 2580.0, 2640.0, 2700.0, 2760.0, 2820.0, 2880.0, 2940.0, 3000.0]
/////////////////////////
PROCESSING:  TTM1100TZBW
/////////////////////////
plotTreeName: Tprime2_DeepAK8_Mass
Flavour: M #tag: isV_tHtH #algo: DeepAK8
Weights: 1 * 1 * 1 * pileupWeight * 1 * lepIdSF * EGammaGsfSF * 1 * (MCWeight_singleLepCalc/abs(MCWeight_singleLepCalc)) * 0.00111619958268
Cuts: (leptonPt_singleLepCalc > 50) && (corr_met_singleLepCalc > 55) && (AK4HT > 480) && (minDR_lepJet > 0.4 || ptRel_lepJet > 40) && (NJetsAK8_JetSubCalc > 2) && (minDR_leadAK8otherAK8 < 3.0) && DataPastTrigger == 1 && isMuon==1
****************************************************************************************************
****************************************************************************************************
DISTRIBUTION: Tp2Mass
            -name in ljmet trees: Tprime2_ALGO_Mass
            -x-axis label is set to: ;M(T) [GeV])
            -using the binning as: [0.0, 60.0, 120.0, 180.0, 240.0, 300.0, 360.0, 420.0, 480.0, 540.0, 600.0, 660.0, 720.0, 780.0, 840.0, 900.0, 960.0, 1020.0, 1080.0, 1140.0, 1200.0, 1260.0, 1320.0, 1380.0, 1440.0, 1500.0, 1560.0, 1620.0, 1680.0, 1740.0, 1800.0, 1860.0, 1920.0, 1980.0, 2040.0, 2100.0, 2160.0, 2220.0, 2280.0, 2340.0, 2400.0, 2460.0, 2520.0, 2580.0, 2640.0, 2700.0, 2760.0, 2820.0, 2880.0, 2940.0, 3000.0]
/////////////////////////
PROCESSING:  TTM1100THBW
/////////////////////////
plotTreeName: Tprime2_DeepAK8_Mass
Flavour: M #tag: isV_tHtH #algo: DeepAK8
Weights: 1 * 1 * 1 * pileupWeight * 1 * lepIdSF * EGammaGsfSF * 1 * (MCWeight_singleLepCalc/abs(MCWeight_singleLepCalc)) * 0.00111619958268
Cuts: (leptonPt_singleLepCalc > 50) && (corr_met_singleLepCalc > 55) && (AK4HT > 480) && (minDR_lepJet > 0.4 || ptRel_lepJet > 40) && (NJetsAK8_JetSubCalc > 2) && (minDR_leadAK8otherAK8 < 3.0) && DataPastTrigger == 1 && isMuon==1
****************************************************************************************************
****************************************************************************************************
DISTRIBUTION: Tp2Mass
            -name in ljmet trees: Tprime2_ALGO_Mass
            -x-axis label is set to: ;M(T) [GeV])
            -using the binning as: [0.0, 60.0, 120.0, 180.0, 240.0, 300.0, 360.0, 420.0, 480.0, 540.0, 600.0, 660.0, 720.0, 780.0, 840.0, 900.0, 960.0, 1020.0, 1080.0, 1140.0, 1200.0, 1260.0, 1320.0, 1380.0, 1440.0, 1500.0, 1560.0, 1620.0, 1680.0, 1740.0, 1800.0, 1860.0, 1920.0, 1980.0, 2040.0, 2100.0, 2160.0, 2220.0, 2280.0, 2340.0, 2400.0, 2460.0, 2520.0, 2580.0, 2640.0, 2700.0, 2760.0, 2820.0, 2880.0, 2940.0, 3000.0]
/////////////////////////
PROCESSING:  TTM1100TZTH
/////////////////////////
plotTreeName: Tprime2_DeepAK8_Mass
Flavour: M #tag: isV_tHtH #algo: DeepAK8
Weights: 1 * 1 * 1 * pileupWeight * 1 * lepIdSF * EGammaGsfSF * 1 * (MCWeight_singleLepCalc/abs(MCWeight_singleLepCalc)) * 0.000558099791339
Cuts: (leptonPt_singleLepCalc > 50) && (corr_met_singleLepCalc > 55) && (AK4HT > 480) && (minDR_lepJet > 0.4 || ptRel_lepJet > 40) && (NJetsAK8_JetSubCalc > 2) && (minDR_leadAK8otherAK8 < 3.0) && DataPastTrigger == 1 && isMuon==1
****************************************************************************************************
****************************************************************************************************
DISTRIBUTION: Tp2Mass
            -name in ljmet trees: Tprime2_ALGO_Mass
            -x-axis label is set to: ;M(T) [GeV])
            -using the binning as: [0.0, 60.0, 120.0, 180.0, 240.0, 300.0, 360.0, 420.0, 480.0, 540.0, 600.0, 660.0, 720.0, 780.0, 840.0, 900.0, 960.0, 1020.0, 1080.0, 1140.0, 1200.0, 1260.0, 1320.0, 1380.0, 1440.0, 1500.0, 1560.0, 1620.0, 1680.0, 1740.0, 1800.0, 1860.0, 1920.0, 1980.0, 2040.0, 2100.0, 2160.0, 2220.0, 2280.0, 2340.0, 2400.0, 2460.0, 2520.0, 2580.0, 2640.0, 2700.0, 2760.0, 2820.0, 2880.0, 2940.0, 3000.0]
/////////////////////////
PROCESSING:  TTM1200BWBW
/////////////////////////
plotTreeName: Tprime2_DeepAK8_Mass
Flavour: M #tag: isV_tHtH #algo: DeepAK8
Weights: 1 * 1 * 1 * pileupWeight * 1 * lepIdSF * EGammaGsfSF * 1 * (MCWeight_singleLepCalc/abs(MCWeight_singleLepCalc)) * 0.00117627847652
Cuts: (leptonPt_singleLepCalc > 50) && (corr_met_singleLepCalc > 55) && (AK4HT > 480) && (minDR_lepJet > 0.4 || ptRel_lepJet > 40) && (NJetsAK8_JetSubCalc > 2) && (minDR_leadAK8otherAK8 < 3.0) && DataPastTrigger == 1 && isMuon==1
****************************************************************************************************
****************************************************************************************************
DISTRIBUTION: Tp2Mass
            -name in ljmet trees: Tprime2_ALGO_Mass
            -x-axis label is set to: ;M(T) [GeV])
            -using the binning as: [0.0, 60.0, 120.0, 180.0, 240.0, 300.0, 360.0, 420.0, 480.0, 540.0, 600.0, 660.0, 720.0, 780.0, 840.0, 900.0, 960.0, 1020.0, 1080.0, 1140.0, 1200.0, 1260.0, 1320.0, 1380.0, 1440.0, 1500.0, 1560.0, 1620.0, 1680.0, 1740.0, 1800.0, 1860.0, 1920.0, 1980.0, 2040.0, 2100.0, 2160.0, 2220.0, 2280.0, 2340.0, 2400.0, 2460.0, 2520.0, 2580.0, 2640.0, 2700.0, 2760.0, 2820.0, 2880.0, 2940.0, 3000.0]
/////////////////////////
PROCESSING:  TTM1200THTH
/////////////////////////
plotTreeName: Tprime2_DeepAK8_Mass
Flavour: M #tag: isV_tHtH #algo: DeepAK8
Weights: 1 * 1 * 1 * pileupWeight * 1 * lepIdSF * EGammaGsfSF * 1 * (MCWeight_singleLepCalc/abs(MCWeight_singleLepCalc)) * 0.00029406961913
Cuts: (leptonPt_singleLepCalc > 50) && (corr_met_singleLepCalc > 55) && (AK4HT > 480) && (minDR_lepJet > 0.4 || ptRel_lepJet > 40) && (NJetsAK8_JetSubCalc > 2) && (minDR_leadAK8otherAK8 < 3.0) && DataPastTrigger == 1 && isMuon==1
****************************************************************************************************
****************************************************************************************************
DISTRIBUTION: Tp2Mass
            -name in ljmet trees: Tprime2_ALGO_Mass
            -x-axis label is set to: ;M(T) [GeV])
            -using the binning as: [0.0, 60.0, 120.0, 180.0, 240.0, 300.0, 360.0, 420.0, 480.0, 540.0, 600.0, 660.0, 720.0, 780.0, 840.0, 900.0, 960.0, 1020.0, 1080.0, 1140.0, 1200.0, 1260.0, 1320.0, 1380.0, 1440.0, 1500.0, 1560.0, 1620.0, 1680.0, 1740.0, 1800.0, 1860.0, 1920.0, 1980.0, 2040.0, 2100.0, 2160.0, 2220.0, 2280.0, 2340.0, 2400.0, 2460.0, 2520.0, 2580.0, 2640.0, 2700.0, 2760.0, 2820.0, 2880.0, 2940.0, 3000.0]
/////////////////////////
PROCESSING:  TTM1200TZTZ
/////////////////////////
plotTreeName: Tprime2_DeepAK8_Mass
Flavour: M #tag: isV_tHtH #algo: DeepAK8
Weights: 1 * 1 * 1 * pileupWeight * 1 * lepIdSF * EGammaGsfSF * 1 * (MCWeight_singleLepCalc/abs(MCWeight_singleLepCalc)) * 0.00029406961913
Cuts: (leptonPt_singleLepCalc > 50) && (corr_met_singleLepCalc > 55) && (AK4HT > 480) && (minDR_lepJet > 0.4 || ptRel_lepJet > 40) && (NJetsAK8_JetSubCalc > 2) && (minDR_leadAK8otherAK8 < 3.0) && DataPastTrigger == 1 && isMuon==1
****************************************************************************************************
****************************************************************************************************
DISTRIBUTION: Tp2Mass
            -name in ljmet trees: Tprime2_ALGO_Mass
            -x-axis label is set to: ;M(T) [GeV])
            -using the binning as: [0.0, 60.0, 120.0, 180.0, 240.0, 300.0, 360.0, 420.0, 480.0, 540.0, 600.0, 660.0, 720.0, 780.0, 840.0, 900.0, 960.0, 1020.0, 1080.0, 1140.0, 1200.0, 1260.0, 1320.0, 1380.0, 1440.0, 1500.0, 1560.0, 1620.0, 1680.0, 1740.0, 1800.0, 1860.0, 1920.0, 1980.0, 2040.0, 2100.0, 2160.0, 2220.0, 2280.0, 2340.0, 2400.0, 2460.0, 2520.0, 2580.0, 2640.0, 2700.0, 2760.0, 2820.0, 2880.0, 2940.0, 3000.0]
/////////////////////////
PROCESSING:  TTM1200TZBW
/////////////////////////
plotTreeName: Tprime2_DeepAK8_Mass
Flavour: M #tag: isV_tHtH #algo: DeepAK8
Weights: 1 * 1 * 1 * pileupWeight * 1 * lepIdSF * EGammaGsfSF * 1 * (MCWeight_singleLepCalc/abs(MCWeight_singleLepCalc)) * 0.000588139238259
Cuts: (leptonPt_singleLepCalc > 50) && (corr_met_singleLepCalc > 55) && (AK4HT > 480) && (minDR_lepJet > 0.4 || ptRel_lepJet > 40) && (NJetsAK8_JetSubCalc > 2) && (minDR_leadAK8otherAK8 < 3.0) && DataPastTrigger == 1 && isMuon==1
****************************************************************************************************
****************************************************************************************************
DISTRIBUTION: Tp2Mass
            -name in ljmet trees: Tprime2_ALGO_Mass
            -x-axis label is set to: ;M(T) [GeV])
            -using the binning as: [0.0, 60.0, 120.0, 180.0, 240.0, 300.0, 360.0, 420.0, 480.0, 540.0, 600.0, 660.0, 720.0, 780.0, 840.0, 900.0, 960.0, 1020.0, 1080.0, 1140.0, 1200.0, 1260.0, 1320.0, 1380.0, 1440.0, 1500.0, 1560.0, 1620.0, 1680.0, 1740.0, 1800.0, 1860.0, 1920.0, 1980.0, 2040.0, 2100.0, 2160.0, 2220.0, 2280.0, 2340.0, 2400.0, 2460.0, 2520.0, 2580.0, 2640.0, 2700.0, 2760.0, 2820.0, 2880.0, 2940.0, 3000.0]
/////////////////////////
PROCESSING:  TTM1200THBW
/////////////////////////
plotTreeName: Tprime2_DeepAK8_Mass
Flavour: M #tag: isV_tHtH #algo: DeepAK8
Weights: 1 * 1 * 1 * pileupWeight * 1 * lepIdSF * EGammaGsfSF * 1 * (MCWeight_singleLepCalc/abs(MCWeight_singleLepCalc)) * 0.000588139238259
Cuts: (leptonPt_singleLepCalc > 50) && (corr_met_singleLepCalc > 55) && (AK4HT > 480) && (minDR_lepJet > 0.4 || ptRel_lepJet > 40) && (NJetsAK8_JetSubCalc > 2) && (minDR_leadAK8otherAK8 < 3.0) && DataPastTrigger == 1 && isMuon==1
****************************************************************************************************
****************************************************************************************************
DISTRIBUTION: Tp2Mass
            -name in ljmet trees: Tprime2_ALGO_Mass
            -x-axis label is set to: ;M(T) [GeV])
            -using the binning as: [0.0, 60.0, 120.0, 180.0, 240.0, 300.0, 360.0, 420.0, 480.0, 540.0, 600.0, 660.0, 720.0, 780.0, 840.0, 900.0, 960.0, 1020.0, 1080.0, 1140.0, 1200.0, 1260.0, 1320.0, 1380.0, 1440.0, 1500.0, 1560.0, 1620.0, 1680.0, 1740.0, 1800.0, 1860.0, 1920.0, 1980.0, 2040.0, 2100.0, 2160.0, 2220.0, 2280.0, 2340.0, 2400.0, 2460.0, 2520.0, 2580.0, 2640.0, 2700.0, 2760.0, 2820.0, 2880.0, 2940.0, 3000.0]
/////////////////////////
PROCESSING:  TTM1200TZTH
/////////////////////////
plotTreeName: Tprime2_DeepAK8_Mass
Flavour: M #tag: isV_tHtH #algo: DeepAK8
Weights: 1 * 1 * 1 * pileupWeight * 1 * lepIdSF * EGammaGsfSF * 1 * (MCWeight_singleLepCalc/abs(MCWeight_singleLepCalc)) * 0.00029406961913
Cuts: (leptonPt_singleLepCalc > 50) && (corr_met_singleLepCalc > 55) && (AK4HT > 480) && (minDR_lepJet > 0.4 || ptRel_lepJet > 40) && (NJetsAK8_JetSubCalc > 2) && (minDR_leadAK8otherAK8 < 3.0) && DataPastTrigger == 1 && isMuon==1
****************************************************************************************************
****************************************************************************************************
DISTRIBUTION: Tp2Mass
            -name in ljmet trees: Tprime2_ALGO_Mass
            -x-axis label is set to: ;M(T) [GeV])
            -using the binning as: [0.0, 60.0, 120.0, 180.0, 240.0, 300.0, 360.0, 420.0, 480.0, 540.0, 600.0, 660.0, 720.0, 780.0, 840.0, 900.0, 960.0, 1020.0, 1080.0, 1140.0, 1200.0, 1260.0, 1320.0, 1380.0, 1440.0, 1500.0, 1560.0, 1620.0, 1680.0, 1740.0, 1800.0, 1860.0, 1920.0, 1980.0, 2040.0, 2100.0, 2160.0, 2220.0, 2280.0, 2340.0, 2400.0, 2460.0, 2520.0, 2580.0, 2640.0, 2700.0, 2760.0, 2820.0, 2880.0, 2940.0, 3000.0]
/////////////////////////
PROCESSING:  TTM1300BWBW
/////////////////////////
plotTreeName: Tprime2_DeepAK8_Mass
Flavour: M #tag: isV_tHtH #algo: DeepAK8
Weights: 1 * 1 * 1 * pileupWeight * 1 * lepIdSF * EGammaGsfSF * 1 * (MCWeight_singleLepCalc/abs(MCWeight_singleLepCalc)) * 0.00063821114509
Cuts: (leptonPt_singleLepCalc > 50) && (corr_met_singleLepCalc > 55) && (AK4HT > 480) && (minDR_lepJet > 0.4 || ptRel_lepJet > 40) && (NJetsAK8_JetSubCalc > 2) && (minDR_leadAK8otherAK8 < 3.0) && DataPastTrigger == 1 && isMuon==1
****************************************************************************************************
****************************************************************************************************
DISTRIBUTION: Tp2Mass
            -name in ljmet trees: Tprime2_ALGO_Mass
            -x-axis label is set to: ;M(T) [GeV])
            -using the binning as: [0.0, 60.0, 120.0, 180.0, 240.0, 300.0, 360.0, 420.0, 480.0, 540.0, 600.0, 660.0, 720.0, 780.0, 840.0, 900.0, 960.0, 1020.0, 1080.0, 1140.0, 1200.0, 1260.0, 1320.0, 1380.0, 1440.0, 1500.0, 1560.0, 1620.0, 1680.0, 1740.0, 1800.0, 1860.0, 1920.0, 1980.0, 2040.0, 2100.0, 2160.0, 2220.0, 2280.0, 2340.0, 2400.0, 2460.0, 2520.0, 2580.0, 2640.0, 2700.0, 2760.0, 2820.0, 2880.0, 2940.0, 3000.0]
/////////////////////////
PROCESSING:  TTM1300THTH
/////////////////////////
plotTreeName: Tprime2_DeepAK8_Mass
Flavour: M #tag: isV_tHtH #algo: DeepAK8
Weights: 1 * 1 * 1 * pileupWeight * 1 * lepIdSF * EGammaGsfSF * 1 * (MCWeight_singleLepCalc/abs(MCWeight_singleLepCalc)) * 0.000159552786272
Cuts: (leptonPt_singleLepCalc > 50) && (corr_met_singleLepCalc > 55) && (AK4HT > 480) && (minDR_lepJet > 0.4 || ptRel_lepJet > 40) && (NJetsAK8_JetSubCalc > 2) && (minDR_leadAK8otherAK8 < 3.0) && DataPastTrigger == 1 && isMuon==1
****************************************************************************************************
****************************************************************************************************
DISTRIBUTION: Tp2Mass
            -name in ljmet trees: Tprime2_ALGO_Mass
            -x-axis label is set to: ;M(T) [GeV])
            -using the binning as: [0.0, 60.0, 120.0, 180.0, 240.0, 300.0, 360.0, 420.0, 480.0, 540.0, 600.0, 660.0, 720.0, 780.0, 840.0, 900.0, 960.0, 1020.0, 1080.0, 1140.0, 1200.0, 1260.0, 1320.0, 1380.0, 1440.0, 1500.0, 1560.0, 1620.0, 1680.0, 1740.0, 1800.0, 1860.0, 1920.0, 1980.0, 2040.0, 2100.0, 2160.0, 2220.0, 2280.0, 2340.0, 2400.0, 2460.0, 2520.0, 2580.0, 2640.0, 2700.0, 2760.0, 2820.0, 2880.0, 2940.0, 3000.0]
/////////////////////////
PROCESSING:  TTM1300TZTZ
/////////////////////////
plotTreeName: Tprime2_DeepAK8_Mass
Flavour: M #tag: isV_tHtH #algo: DeepAK8
Weights: 1 * 1 * 1 * pileupWeight * 1 * lepIdSF * EGammaGsfSF * 1 * (MCWeight_singleLepCalc/abs(MCWeight_singleLepCalc)) * 0.000159552786272
Cuts: (leptonPt_singleLepCalc > 50) && (corr_met_singleLepCalc > 55) && (AK4HT > 480) && (minDR_lepJet > 0.4 || ptRel_lepJet > 40) && (NJetsAK8_JetSubCalc > 2) && (minDR_leadAK8otherAK8 < 3.0) && DataPastTrigger == 1 && isMuon==1
****************************************************************************************************
****************************************************************************************************
DISTRIBUTION: Tp2Mass
            -name in ljmet trees: Tprime2_ALGO_Mass
            -x-axis label is set to: ;M(T) [GeV])
            -using the binning as: [0.0, 60.0, 120.0, 180.0, 240.0, 300.0, 360.0, 420.0, 480.0, 540.0, 600.0, 660.0, 720.0, 780.0, 840.0, 900.0, 960.0, 1020.0, 1080.0, 1140.0, 1200.0, 1260.0, 1320.0, 1380.0, 1440.0, 1500.0, 1560.0, 1620.0, 1680.0, 1740.0, 1800.0, 1860.0, 1920.0, 1980.0, 2040.0, 2100.0, 2160.0, 2220.0, 2280.0, 2340.0, 2400.0, 2460.0, 2520.0, 2580.0, 2640.0, 2700.0, 2760.0, 2820.0, 2880.0, 2940.0, 3000.0]
/////////////////////////
PROCESSING:  TTM1300TZBW
/////////////////////////
plotTreeName: Tprime2_DeepAK8_Mass
Flavour: M #tag: isV_tHtH #algo: DeepAK8
Weights: 1 * 1 * 1 * pileupWeight * 1 * lepIdSF * EGammaGsfSF * 1 * (MCWeight_singleLepCalc/abs(MCWeight_singleLepCalc)) * 0.000319105572545
Cuts: (leptonPt_singleLepCalc > 50) && (corr_met_singleLepCalc > 55) && (AK4HT > 480) && (minDR_lepJet > 0.4 || ptRel_lepJet > 40) && (NJetsAK8_JetSubCalc > 2) && (minDR_leadAK8otherAK8 < 3.0) && DataPastTrigger == 1 && isMuon==1
****************************************************************************************************
****************************************************************************************************
DISTRIBUTION: Tp2Mass
            -name in ljmet trees: Tprime2_ALGO_Mass
            -x-axis label is set to: ;M(T) [GeV])
            -using the binning as: [0.0, 60.0, 120.0, 180.0, 240.0, 300.0, 360.0, 420.0, 480.0, 540.0, 600.0, 660.0, 720.0, 780.0, 840.0, 900.0, 960.0, 1020.0, 1080.0, 1140.0, 1200.0, 1260.0, 1320.0, 1380.0, 1440.0, 1500.0, 1560.0, 1620.0, 1680.0, 1740.0, 1800.0, 1860.0, 1920.0, 1980.0, 2040.0, 2100.0, 2160.0, 2220.0, 2280.0, 2340.0, 2400.0, 2460.0, 2520.0, 2580.0, 2640.0, 2700.0, 2760.0, 2820.0, 2880.0, 2940.0, 3000.0]
/////////////////////////
PROCESSING:  TTM1300THBW
/////////////////////////
plotTreeName: Tprime2_DeepAK8_Mass
Flavour: M #tag: isV_tHtH #algo: DeepAK8
Weights: 1 * 1 * 1 * pileupWeight * 1 * lepIdSF * EGammaGsfSF * 1 * (MCWeight_singleLepCalc/abs(MCWeight_singleLepCalc)) * 0.000319105572545
Cuts: (leptonPt_singleLepCalc > 50) && (corr_met_singleLepCalc > 55) && (AK4HT > 480) && (minDR_lepJet > 0.4 || ptRel_lepJet > 40) && (NJetsAK8_JetSubCalc > 2) && (minDR_leadAK8otherAK8 < 3.0) && DataPastTrigger == 1 && isMuon==1
****************************************************************************************************
****************************************************************************************************
DISTRIBUTION: Tp2Mass
            -name in ljmet trees: Tprime2_ALGO_Mass
            -x-axis label is set to: ;M(T) [GeV])
            -using the binning as: [0.0, 60.0, 120.0, 180.0, 240.0, 300.0, 360.0, 420.0, 480.0, 540.0, 600.0, 660.0, 720.0, 780.0, 840.0, 900.0, 960.0, 1020.0, 1080.0, 1140.0, 1200.0, 1260.0, 1320.0, 1380.0, 1440.0, 1500.0, 1560.0, 1620.0, 1680.0, 1740.0, 1800.0, 1860.0, 1920.0, 1980.0, 2040.0, 2100.0, 2160.0, 2220.0, 2280.0, 2340.0, 2400.0, 2460.0, 2520.0, 2580.0, 2640.0, 2700.0, 2760.0, 2820.0, 2880.0, 2940.0, 3000.0]
/////////////////////////
PROCESSING:  TTM1300TZTH
/////////////////////////
plotTreeName: Tprime2_DeepAK8_Mass
Flavour: M #tag: isV_tHtH #algo: DeepAK8
Weights: 1 * 1 * 1 * pileupWeight * 1 * lepIdSF * EGammaGsfSF * 1 * (MCWeight_singleLepCalc/abs(MCWeight_singleLepCalc)) * 0.000159552786272
Cuts: (leptonPt_singleLepCalc > 50) && (corr_met_singleLepCalc > 55) && (AK4HT > 480) && (minDR_lepJet > 0.4 || ptRel_lepJet > 40) && (NJetsAK8_JetSubCalc > 2) && (minDR_leadAK8otherAK8 < 3.0) && DataPastTrigger == 1 && isMuon==1
****************************************************************************************************
****************************************************************************************************
DISTRIBUTION: Tp2Mass
            -name in ljmet trees: Tprime2_ALGO_Mass
            -x-axis label is set to: ;M(T) [GeV])
            -using the binning as: [0.0, 60.0, 120.0, 180.0, 240.0, 300.0, 360.0, 420.0, 480.0, 540.0, 600.0, 660.0, 720.0, 780.0, 840.0, 900.0, 960.0, 1020.0, 1080.0, 1140.0, 1200.0, 1260.0, 1320.0, 1380.0, 1440.0, 1500.0, 1560.0, 1620.0, 1680.0, 1740.0, 1800.0, 1860.0, 1920.0, 1980.0, 2040.0, 2100.0, 2160.0, 2220.0, 2280.0, 2340.0, 2400.0, 2460.0, 2520.0, 2580.0, 2640.0, 2700.0, 2760.0, 2820.0, 2880.0, 2940.0, 3000.0]
/////////////////////////
PROCESSING:  TTM1400BWBW
/////////////////////////
plotTreeName: Tprime2_DeepAK8_Mass
Flavour: M #tag: isV_tHtH #algo: DeepAK8
Weights: 1 * 1 * 1 * pileupWeight * 1 * lepIdSF * EGammaGsfSF * 1 * (MCWeight_singleLepCalc/abs(MCWeight_singleLepCalc)) * 0.000352883542956
Cuts: (leptonPt_singleLepCalc > 50) && (corr_met_singleLepCalc > 55) && (AK4HT > 480) && (minDR_lepJet > 0.4 || ptRel_lepJet > 40) && (NJetsAK8_JetSubCalc > 2) && (minDR_leadAK8otherAK8 < 3.0) && DataPastTrigger == 1 && isMuon==1
****************************************************************************************************
****************************************************************************************************
DISTRIBUTION: Tp2Mass
            -name in ljmet trees: Tprime2_ALGO_Mass
            -x-axis label is set to: ;M(T) [GeV])
            -using the binning as: [0.0, 60.0, 120.0, 180.0, 240.0, 300.0, 360.0, 420.0, 480.0, 540.0, 600.0, 660.0, 720.0, 780.0, 840.0, 900.0, 960.0, 1020.0, 1080.0, 1140.0, 1200.0, 1260.0, 1320.0, 1380.0, 1440.0, 1500.0, 1560.0, 1620.0, 1680.0, 1740.0, 1800.0, 1860.0, 1920.0, 1980.0, 2040.0, 2100.0, 2160.0, 2220.0, 2280.0, 2340.0, 2400.0, 2460.0, 2520.0, 2580.0, 2640.0, 2700.0, 2760.0, 2820.0, 2880.0, 2940.0, 3000.0]
/////////////////////////
PROCESSING:  TTM1400THTH
/////////////////////////
plotTreeName: Tprime2_DeepAK8_Mass
Flavour: M #tag: isV_tHtH #algo: DeepAK8
Weights: 1 * 1 * 1 * pileupWeight * 1 * lepIdSF * EGammaGsfSF * 1 * (MCWeight_singleLepCalc/abs(MCWeight_singleLepCalc)) * 8.82208857389e-05
Cuts: (leptonPt_singleLepCalc > 50) && (corr_met_singleLepCalc > 55) && (AK4HT > 480) && (minDR_lepJet > 0.4 || ptRel_lepJet > 40) && (NJetsAK8_JetSubCalc > 2) && (minDR_leadAK8otherAK8 < 3.0) && DataPastTrigger == 1 && isMuon==1
****************************************************************************************************
****************************************************************************************************
DISTRIBUTION: Tp2Mass
            -name in ljmet trees: Tprime2_ALGO_Mass
            -x-axis label is set to: ;M(T) [GeV])
            -using the binning as: [0.0, 60.0, 120.0, 180.0, 240.0, 300.0, 360.0, 420.0, 480.0, 540.0, 600.0, 660.0, 720.0, 780.0, 840.0, 900.0, 960.0, 1020.0, 1080.0, 1140.0, 1200.0, 1260.0, 1320.0, 1380.0, 1440.0, 1500.0, 1560.0, 1620.0, 1680.0, 1740.0, 1800.0, 1860.0, 1920.0, 1980.0, 2040.0, 2100.0, 2160.0, 2220.0, 2280.0, 2340.0, 2400.0, 2460.0, 2520.0, 2580.0, 2640.0, 2700.0, 2760.0, 2820.0, 2880.0, 2940.0, 3000.0]
/////////////////////////
PROCESSING:  TTM1400TZTZ
/////////////////////////
plotTreeName: Tprime2_DeepAK8_Mass
Flavour: M #tag: isV_tHtH #algo: DeepAK8
Weights: 1 * 1 * 1 * pileupWeight * 1 * lepIdSF * EGammaGsfSF * 1 * (MCWeight_singleLepCalc/abs(MCWeight_singleLepCalc)) * 8.82208857389e-05
Cuts: (leptonPt_singleLepCalc > 50) && (corr_met_singleLepCalc > 55) && (AK4HT > 480) && (minDR_lepJet > 0.4 || ptRel_lepJet > 40) && (NJetsAK8_JetSubCalc > 2) && (minDR_leadAK8otherAK8 < 3.0) && DataPastTrigger == 1 && isMuon==1
****************************************************************************************************
****************************************************************************************************
DISTRIBUTION: Tp2Mass
            -name in ljmet trees: Tprime2_ALGO_Mass
            -x-axis label is set to: ;M(T) [GeV])
            -using the binning as: [0.0, 60.0, 120.0, 180.0, 240.0, 300.0, 360.0, 420.0, 480.0, 540.0, 600.0, 660.0, 720.0, 780.0, 840.0, 900.0, 960.0, 1020.0, 1080.0, 1140.0, 1200.0, 1260.0, 1320.0, 1380.0, 1440.0, 1500.0, 1560.0, 1620.0, 1680.0, 1740.0, 1800.0, 1860.0, 1920.0, 1980.0, 2040.0, 2100.0, 2160.0, 2220.0, 2280.0, 2340.0, 2400.0, 2460.0, 2520.0, 2580.0, 2640.0, 2700.0, 2760.0, 2820.0, 2880.0, 2940.0, 3000.0]
/////////////////////////
PROCESSING:  TTM1400TZBW
/////////////////////////
plotTreeName: Tprime2_DeepAK8_Mass
Flavour: M #tag: isV_tHtH #algo: DeepAK8
Weights: 1 * 1 * 1 * pileupWeight * 1 * lepIdSF * EGammaGsfSF * 1 * (MCWeight_singleLepCalc/abs(MCWeight_singleLepCalc)) * 0.000176441771478
Cuts: (leptonPt_singleLepCalc > 50) && (corr_met_singleLepCalc > 55) && (AK4HT > 480) && (minDR_lepJet > 0.4 || ptRel_lepJet > 40) && (NJetsAK8_JetSubCalc > 2) && (minDR_leadAK8otherAK8 < 3.0) && DataPastTrigger == 1 && isMuon==1
****************************************************************************************************
****************************************************************************************************
DISTRIBUTION: Tp2Mass
            -name in ljmet trees: Tprime2_ALGO_Mass
            -x-axis label is set to: ;M(T) [GeV])
            -using the binning as: [0.0, 60.0, 120.0, 180.0, 240.0, 300.0, 360.0, 420.0, 480.0, 540.0, 600.0, 660.0, 720.0, 780.0, 840.0, 900.0, 960.0, 1020.0, 1080.0, 1140.0, 1200.0, 1260.0, 1320.0, 1380.0, 1440.0, 1500.0, 1560.0, 1620.0, 1680.0, 1740.0, 1800.0, 1860.0, 1920.0, 1980.0, 2040.0, 2100.0, 2160.0, 2220.0, 2280.0, 2340.0, 2400.0, 2460.0, 2520.0, 2580.0, 2640.0, 2700.0, 2760.0, 2820.0, 2880.0, 2940.0, 3000.0]
/////////////////////////
PROCESSING:  TTM1400THBW
/////////////////////////
plotTreeName: Tprime2_DeepAK8_Mass
Flavour: M #tag: isV_tHtH #algo: DeepAK8
Weights: 1 * 1 * 1 * pileupWeight * 1 * lepIdSF * EGammaGsfSF * 1 * (MCWeight_singleLepCalc/abs(MCWeight_singleLepCalc)) * 0.000176441771478
Cuts: (leptonPt_singleLepCalc > 50) && (corr_met_singleLepCalc > 55) && (AK4HT > 480) && (minDR_lepJet > 0.4 || ptRel_lepJet > 40) && (NJetsAK8_JetSubCalc > 2) && (minDR_leadAK8otherAK8 < 3.0) && DataPastTrigger == 1 && isMuon==1
****************************************************************************************************
****************************************************************************************************
DISTRIBUTION: Tp2Mass
            -name in ljmet trees: Tprime2_ALGO_Mass
            -x-axis label is set to: ;M(T) [GeV])
            -using the binning as: [0.0, 60.0, 120.0, 180.0, 240.0, 300.0, 360.0, 420.0, 480.0, 540.0, 600.0, 660.0, 720.0, 780.0, 840.0, 900.0, 960.0, 1020.0, 1080.0, 1140.0, 1200.0, 1260.0, 1320.0, 1380.0, 1440.0, 1500.0, 1560.0, 1620.0, 1680.0, 1740.0, 1800.0, 1860.0, 1920.0, 1980.0, 2040.0, 2100.0, 2160.0, 2220.0, 2280.0, 2340.0, 2400.0, 2460.0, 2520.0, 2580.0, 2640.0, 2700.0, 2760.0, 2820.0, 2880.0, 2940.0, 3000.0]
/////////////////////////
PROCESSING:  TTM1400TZTH
/////////////////////////
plotTreeName: Tprime2_DeepAK8_Mass
Flavour: M #tag: isV_tHtH #algo: DeepAK8
Weights: 1 * 1 * 1 * pileupWeight * 1 * lepIdSF * EGammaGsfSF * 1 * (MCWeight_singleLepCalc/abs(MCWeight_singleLepCalc)) * 8.82208857389e-05
Cuts: (leptonPt_singleLepCalc > 50) && (corr_met_singleLepCalc > 55) && (AK4HT > 480) && (minDR_lepJet > 0.4 || ptRel_lepJet > 40) && (NJetsAK8_JetSubCalc > 2) && (minDR_leadAK8otherAK8 < 3.0) && DataPastTrigger == 1 && isMuon==1
****************************************************************************************************
****************************************************************************************************
DISTRIBUTION: Tp2Mass
            -name in ljmet trees: Tprime2_ALGO_Mass
            -x-axis label is set to: ;M(T) [GeV])
            -using the binning as: [0.0, 60.0, 120.0, 180.0, 240.0, 300.0, 360.0, 420.0, 480.0, 540.0, 600.0, 660.0, 720.0, 780.0, 840.0, 900.0, 960.0, 1020.0, 1080.0, 1140.0, 1200.0, 1260.0, 1320.0, 1380.0, 1440.0, 1500.0, 1560.0, 1620.0, 1680.0, 1740.0, 1800.0, 1860.0, 1920.0, 1980.0, 2040.0, 2100.0, 2160.0, 2220.0, 2280.0, 2340.0, 2400.0, 2460.0, 2520.0, 2580.0, 2640.0, 2700.0, 2760.0, 2820.0, 2880.0, 2940.0, 3000.0]
/////////////////////////
PROCESSING:  TTM1500BWBW
/////////////////////////
plotTreeName: Tprime2_DeepAK8_Mass
Flavour: M #tag: isV_tHtH #algo: DeepAK8
Weights: 1 * 1 * 1 * pileupWeight * 1 * lepIdSF * EGammaGsfSF * 1 * (MCWeight_singleLepCalc/abs(MCWeight_singleLepCalc)) * 0.00019932135405
Cuts: (leptonPt_singleLepCalc > 50) && (corr_met_singleLepCalc > 55) && (AK4HT > 480) && (minDR_lepJet > 0.4 || ptRel_lepJet > 40) && (NJetsAK8_JetSubCalc > 2) && (minDR_leadAK8otherAK8 < 3.0) && DataPastTrigger == 1 && isMuon==1
****************************************************************************************************
****************************************************************************************************
DISTRIBUTION: Tp2Mass
            -name in ljmet trees: Tprime2_ALGO_Mass
            -x-axis label is set to: ;M(T) [GeV])
            -using the binning as: [0.0, 60.0, 120.0, 180.0, 240.0, 300.0, 360.0, 420.0, 480.0, 540.0, 600.0, 660.0, 720.0, 780.0, 840.0, 900.0, 960.0, 1020.0, 1080.0, 1140.0, 1200.0, 1260.0, 1320.0, 1380.0, 1440.0, 1500.0, 1560.0, 1620.0, 1680.0, 1740.0, 1800.0, 1860.0, 1920.0, 1980.0, 2040.0, 2100.0, 2160.0, 2220.0, 2280.0, 2340.0, 2400.0, 2460.0, 2520.0, 2580.0, 2640.0, 2700.0, 2760.0, 2820.0, 2880.0, 2940.0, 3000.0]
/////////////////////////
PROCESSING:  TTM1500THTH
/////////////////////////
plotTreeName: Tprime2_DeepAK8_Mass
Flavour: M #tag: isV_tHtH #algo: DeepAK8
Weights: 1 * 1 * 1 * pileupWeight * 1 * lepIdSF * EGammaGsfSF * 1 * (MCWeight_singleLepCalc/abs(MCWeight_singleLepCalc)) * 4.98303385124e-05
Cuts: (leptonPt_singleLepCalc > 50) && (corr_met_singleLepCalc > 55) && (AK4HT > 480) && (minDR_lepJet > 0.4 || ptRel_lepJet > 40) && (NJetsAK8_JetSubCalc > 2) && (minDR_leadAK8otherAK8 < 3.0) && DataPastTrigger == 1 && isMuon==1
****************************************************************************************************
****************************************************************************************************
DISTRIBUTION: Tp2Mass
            -name in ljmet trees: Tprime2_ALGO_Mass
            -x-axis label is set to: ;M(T) [GeV])
            -using the binning as: [0.0, 60.0, 120.0, 180.0, 240.0, 300.0, 360.0, 420.0, 480.0, 540.0, 600.0, 660.0, 720.0, 780.0, 840.0, 900.0, 960.0, 1020.0, 1080.0, 1140.0, 1200.0, 1260.0, 1320.0, 1380.0, 1440.0, 1500.0, 1560.0, 1620.0, 1680.0, 1740.0, 1800.0, 1860.0, 1920.0, 1980.0, 2040.0, 2100.0, 2160.0, 2220.0, 2280.0, 2340.0, 2400.0, 2460.0, 2520.0, 2580.0, 2640.0, 2700.0, 2760.0, 2820.0, 2880.0, 2940.0, 3000.0]
/////////////////////////
PROCESSING:  TTM1500TZTZ
/////////////////////////
plotTreeName: Tprime2_DeepAK8_Mass
Flavour: M #tag: isV_tHtH #algo: DeepAK8
Weights: 1 * 1 * 1 * pileupWeight * 1 * lepIdSF * EGammaGsfSF * 1 * (MCWeight_singleLepCalc/abs(MCWeight_singleLepCalc)) * 4.98303385124e-05
Cuts: (leptonPt_singleLepCalc > 50) && (corr_met_singleLepCalc > 55) && (AK4HT > 480) && (minDR_lepJet > 0.4 || ptRel_lepJet > 40) && (NJetsAK8_JetSubCalc > 2) && (minDR_leadAK8otherAK8 < 3.0) && DataPastTrigger == 1 && isMuon==1
****************************************************************************************************
****************************************************************************************************
DISTRIBUTION: Tp2Mass
            -name in ljmet trees: Tprime2_ALGO_Mass
            -x-axis label is set to: ;M(T) [GeV])
            -using the binning as: [0.0, 60.0, 120.0, 180.0, 240.0, 300.0, 360.0, 420.0, 480.0, 540.0, 600.0, 660.0, 720.0, 780.0, 840.0, 900.0, 960.0, 1020.0, 1080.0, 1140.0, 1200.0, 1260.0, 1320.0, 1380.0, 1440.0, 1500.0, 1560.0, 1620.0, 1680.0, 1740.0, 1800.0, 1860.0, 1920.0, 1980.0, 2040.0, 2100.0, 2160.0, 2220.0, 2280.0, 2340.0, 2400.0, 2460.0, 2520.0, 2580.0, 2640.0, 2700.0, 2760.0, 2820.0, 2880.0, 2940.0, 3000.0]
/////////////////////////
PROCESSING:  TTM1500TZBW
/////////////////////////
plotTreeName: Tprime2_DeepAK8_Mass
Flavour: M #tag: isV_tHtH #algo: DeepAK8
Weights: 1 * 1 * 1 * pileupWeight * 1 * lepIdSF * EGammaGsfSF * 1 * (MCWeight_singleLepCalc/abs(MCWeight_singleLepCalc)) * 9.96606770248e-05
Cuts: (leptonPt_singleLepCalc > 50) && (corr_met_singleLepCalc > 55) && (AK4HT > 480) && (minDR_lepJet > 0.4 || ptRel_lepJet > 40) && (NJetsAK8_JetSubCalc > 2) && (minDR_leadAK8otherAK8 < 3.0) && DataPastTrigger == 1 && isMuon==1
****************************************************************************************************
****************************************************************************************************
DISTRIBUTION: Tp2Mass
            -name in ljmet trees: Tprime2_ALGO_Mass
            -x-axis label is set to: ;M(T) [GeV])
            -using the binning as: [0.0, 60.0, 120.0, 180.0, 240.0, 300.0, 360.0, 420.0, 480.0, 540.0, 600.0, 660.0, 720.0, 780.0, 840.0, 900.0, 960.0, 1020.0, 1080.0, 1140.0, 1200.0, 1260.0, 1320.0, 1380.0, 1440.0, 1500.0, 1560.0, 1620.0, 1680.0, 1740.0, 1800.0, 1860.0, 1920.0, 1980.0, 2040.0, 2100.0, 2160.0, 2220.0, 2280.0, 2340.0, 2400.0, 2460.0, 2520.0, 2580.0, 2640.0, 2700.0, 2760.0, 2820.0, 2880.0, 2940.0, 3000.0]
/////////////////////////
PROCESSING:  TTM1500THBW
/////////////////////////
plotTreeName: Tprime2_DeepAK8_Mass
Flavour: M #tag: isV_tHtH #algo: DeepAK8
Weights: 1 * 1 * 1 * pileupWeight * 1 * lepIdSF * EGammaGsfSF * 1 * (MCWeight_singleLepCalc/abs(MCWeight_singleLepCalc)) * 9.96606770248e-05
Cuts: (leptonPt_singleLepCalc > 50) && (corr_met_singleLepCalc > 55) && (AK4HT > 480) && (minDR_lepJet > 0.4 || ptRel_lepJet > 40) && (NJetsAK8_JetSubCalc > 2) && (minDR_leadAK8otherAK8 < 3.0) && DataPastTrigger == 1 && isMuon==1
****************************************************************************************************
****************************************************************************************************
DISTRIBUTION: Tp2Mass
            -name in ljmet trees: Tprime2_ALGO_Mass
            -x-axis label is set to: ;M(T) [GeV])
            -using the binning as: [0.0, 60.0, 120.0, 180.0, 240.0, 300.0, 360.0, 420.0, 480.0, 540.0, 600.0, 660.0, 720.0, 780.0, 840.0, 900.0, 960.0, 1020.0, 1080.0, 1140.0, 1200.0, 1260.0, 1320.0, 1380.0, 1440.0, 1500.0, 1560.0, 1620.0, 1680.0, 1740.0, 1800.0, 1860.0, 1920.0, 1980.0, 2040.0, 2100.0, 2160.0, 2220.0, 2280.0, 2340.0, 2400.0, 2460.0, 2520.0, 2580.0, 2640.0, 2700.0, 2760.0, 2820.0, 2880.0, 2940.0, 3000.0]
/////////////////////////
PROCESSING:  TTM1500TZTH
/////////////////////////
plotTreeName: Tprime2_DeepAK8_Mass
Flavour: M #tag: isV_tHtH #algo: DeepAK8
Weights: 1 * 1 * 1 * pileupWeight * 1 * lepIdSF * EGammaGsfSF * 1 * (MCWeight_singleLepCalc/abs(MCWeight_singleLepCalc)) * 4.98303385124e-05
Cuts: (leptonPt_singleLepCalc > 50) && (corr_met_singleLepCalc > 55) && (AK4HT > 480) && (minDR_lepJet > 0.4 || ptRel_lepJet > 40) && (NJetsAK8_JetSubCalc > 2) && (minDR_leadAK8otherAK8 < 3.0) && DataPastTrigger == 1 && isMuon==1
****************************************************************************************************
****************************************************************************************************
DISTRIBUTION: Tp2Mass
            -name in ljmet trees: Tprime2_ALGO_Mass
            -x-axis label is set to: ;M(T) [GeV])
            -using the binning as: [0.0, 60.0, 120.0, 180.0, 240.0, 300.0, 360.0, 420.0, 480.0, 540.0, 600.0, 660.0, 720.0, 780.0, 840.0, 900.0, 960.0, 1020.0, 1080.0, 1140.0, 1200.0, 1260.0, 1320.0, 1380.0, 1440.0, 1500.0, 1560.0, 1620.0, 1680.0, 1740.0, 1800.0, 1860.0, 1920.0, 1980.0, 2040.0, 2100.0, 2160.0, 2220.0, 2280.0, 2340.0, 2400.0, 2460.0, 2520.0, 2580.0, 2640.0, 2700.0, 2760.0, 2820.0, 2880.0, 2940.0, 3000.0]
/////////////////////////
PROCESSING:  TTM1600BWBW
/////////////////////////
plotTreeName: Tprime2_DeepAK8_Mass
Flavour: M #tag: isV_tHtH #algo: DeepAK8
Weights: 1 * 1 * 1 * pileupWeight * 1 * lepIdSF * EGammaGsfSF * 1 * (MCWeight_singleLepCalc/abs(MCWeight_singleLepCalc)) * 0.000114437939919
Cuts: (leptonPt_singleLepCalc > 50) && (corr_met_singleLepCalc > 55) && (AK4HT > 480) && (minDR_lepJet > 0.4 || ptRel_lepJet > 40) && (NJetsAK8_JetSubCalc > 2) && (minDR_leadAK8otherAK8 < 3.0) && DataPastTrigger == 1 && isMuon==1
****************************************************************************************************
****************************************************************************************************
DISTRIBUTION: Tp2Mass
            -name in ljmet trees: Tprime2_ALGO_Mass
            -x-axis label is set to: ;M(T) [GeV])
            -using the binning as: [0.0, 60.0, 120.0, 180.0, 240.0, 300.0, 360.0, 420.0, 480.0, 540.0, 600.0, 660.0, 720.0, 780.0, 840.0, 900.0, 960.0, 1020.0, 1080.0, 1140.0, 1200.0, 1260.0, 1320.0, 1380.0, 1440.0, 1500.0, 1560.0, 1620.0, 1680.0, 1740.0, 1800.0, 1860.0, 1920.0, 1980.0, 2040.0, 2100.0, 2160.0, 2220.0, 2280.0, 2340.0, 2400.0, 2460.0, 2520.0, 2580.0, 2640.0, 2700.0, 2760.0, 2820.0, 2880.0, 2940.0, 3000.0]
/////////////////////////
PROCESSING:  TTM1600THTH
/////////////////////////
plotTreeName: Tprime2_DeepAK8_Mass
Flavour: M #tag: isV_tHtH #algo: DeepAK8
Weights: 1 * 1 * 1 * pileupWeight * 1 * lepIdSF * EGammaGsfSF * 1 * (MCWeight_singleLepCalc/abs(MCWeight_singleLepCalc)) * 2.86094849797e-05
Cuts: (leptonPt_singleLepCalc > 50) && (corr_met_singleLepCalc > 55) && (AK4HT > 480) && (minDR_lepJet > 0.4 || ptRel_lepJet > 40) && (NJetsAK8_JetSubCalc > 2) && (minDR_leadAK8otherAK8 < 3.0) && DataPastTrigger == 1 && isMuon==1
****************************************************************************************************
****************************************************************************************************
DISTRIBUTION: Tp2Mass
            -name in ljmet trees: Tprime2_ALGO_Mass
            -x-axis label is set to: ;M(T) [GeV])
            -using the binning as: [0.0, 60.0, 120.0, 180.0, 240.0, 300.0, 360.0, 420.0, 480.0, 540.0, 600.0, 660.0, 720.0, 780.0, 840.0, 900.0, 960.0, 1020.0, 1080.0, 1140.0, 1200.0, 1260.0, 1320.0, 1380.0, 1440.0, 1500.0, 1560.0, 1620.0, 1680.0, 1740.0, 1800.0, 1860.0, 1920.0, 1980.0, 2040.0, 2100.0, 2160.0, 2220.0, 2280.0, 2340.0, 2400.0, 2460.0, 2520.0, 2580.0, 2640.0, 2700.0, 2760.0, 2820.0, 2880.0, 2940.0, 3000.0]
/////////////////////////
PROCESSING:  TTM1600TZTZ
/////////////////////////
plotTreeName: Tprime2_DeepAK8_Mass
Flavour: M #tag: isV_tHtH #algo: DeepAK8
Weights: 1 * 1 * 1 * pileupWeight * 1 * lepIdSF * EGammaGsfSF * 1 * (MCWeight_singleLepCalc/abs(MCWeight_singleLepCalc)) * 2.86094849797e-05
Cuts: (leptonPt_singleLepCalc > 50) && (corr_met_singleLepCalc > 55) && (AK4HT > 480) && (minDR_lepJet > 0.4 || ptRel_lepJet > 40) && (NJetsAK8_JetSubCalc > 2) && (minDR_leadAK8otherAK8 < 3.0) && DataPastTrigger == 1 && isMuon==1
****************************************************************************************************
****************************************************************************************************
DISTRIBUTION: Tp2Mass
            -name in ljmet trees: Tprime2_ALGO_Mass
            -x-axis label is set to: ;M(T) [GeV])
            -using the binning as: [0.0, 60.0, 120.0, 180.0, 240.0, 300.0, 360.0, 420.0, 480.0, 540.0, 600.0, 660.0, 720.0, 780.0, 840.0, 900.0, 960.0, 1020.0, 1080.0, 1140.0, 1200.0, 1260.0, 1320.0, 1380.0, 1440.0, 1500.0, 1560.0, 1620.0, 1680.0, 1740.0, 1800.0, 1860.0, 1920.0, 1980.0, 2040.0, 2100.0, 2160.0, 2220.0, 2280.0, 2340.0, 2400.0, 2460.0, 2520.0, 2580.0, 2640.0, 2700.0, 2760.0, 2820.0, 2880.0, 2940.0, 3000.0]
/////////////////////////
PROCESSING:  TTM1600TZBW
/////////////////////////
plotTreeName: Tprime2_DeepAK8_Mass
Flavour: M #tag: isV_tHtH #algo: DeepAK8
Weights: 1 * 1 * 1 * pileupWeight * 1 * lepIdSF * EGammaGsfSF * 1 * (MCWeight_singleLepCalc/abs(MCWeight_singleLepCalc)) * 5.72189699595e-05
Cuts: (leptonPt_singleLepCalc > 50) && (corr_met_singleLepCalc > 55) && (AK4HT > 480) && (minDR_lepJet > 0.4 || ptRel_lepJet > 40) && (NJetsAK8_JetSubCalc > 2) && (minDR_leadAK8otherAK8 < 3.0) && DataPastTrigger == 1 && isMuon==1
****************************************************************************************************
****************************************************************************************************
DISTRIBUTION: Tp2Mass
            -name in ljmet trees: Tprime2_ALGO_Mass
            -x-axis label is set to: ;M(T) [GeV])
            -using the binning as: [0.0, 60.0, 120.0, 180.0, 240.0, 300.0, 360.0, 420.0, 480.0, 540.0, 600.0, 660.0, 720.0, 780.0, 840.0, 900.0, 960.0, 1020.0, 1080.0, 1140.0, 1200.0, 1260.0, 1320.0, 1380.0, 1440.0, 1500.0, 1560.0, 1620.0, 1680.0, 1740.0, 1800.0, 1860.0, 1920.0, 1980.0, 2040.0, 2100.0, 2160.0, 2220.0, 2280.0, 2340.0, 2400.0, 2460.0, 2520.0, 2580.0, 2640.0, 2700.0, 2760.0, 2820.0, 2880.0, 2940.0, 3000.0]
/////////////////////////
PROCESSING:  TTM1600THBW
/////////////////////////
plotTreeName: Tprime2_DeepAK8_Mass
Flavour: M #tag: isV_tHtH #algo: DeepAK8
Weights: 1 * 1 * 1 * pileupWeight * 1 * lepIdSF * EGammaGsfSF * 1 * (MCWeight_singleLepCalc/abs(MCWeight_singleLepCalc)) * 5.72189699595e-05
Cuts: (leptonPt_singleLepCalc > 50) && (corr_met_singleLepCalc > 55) && (AK4HT > 480) && (minDR_lepJet > 0.4 || ptRel_lepJet > 40) && (NJetsAK8_JetSubCalc > 2) && (minDR_leadAK8otherAK8 < 3.0) && DataPastTrigger == 1 && isMuon==1
****************************************************************************************************
****************************************************************************************************
DISTRIBUTION: Tp2Mass
            -name in ljmet trees: Tprime2_ALGO_Mass
            -x-axis label is set to: ;M(T) [GeV])
            -using the binning as: [0.0, 60.0, 120.0, 180.0, 240.0, 300.0, 360.0, 420.0, 480.0, 540.0, 600.0, 660.0, 720.0, 780.0, 840.0, 900.0, 960.0, 1020.0, 1080.0, 1140.0, 1200.0, 1260.0, 1320.0, 1380.0, 1440.0, 1500.0, 1560.0, 1620.0, 1680.0, 1740.0, 1800.0, 1860.0, 1920.0, 1980.0, 2040.0, 2100.0, 2160.0, 2220.0, 2280.0, 2340.0, 2400.0, 2460.0, 2520.0, 2580.0, 2640.0, 2700.0, 2760.0, 2820.0, 2880.0, 2940.0, 3000.0]
/////////////////////////
PROCESSING:  TTM1600TZTH
/////////////////////////
plotTreeName: Tprime2_DeepAK8_Mass
Flavour: M #tag: isV_tHtH #algo: DeepAK8
Weights: 1 * 1 * 1 * pileupWeight * 1 * lepIdSF * EGammaGsfSF * 1 * (MCWeight_singleLepCalc/abs(MCWeight_singleLepCalc)) * 2.86094849797e-05
Cuts: (leptonPt_singleLepCalc > 50) && (corr_met_singleLepCalc > 55) && (AK4HT > 480) && (minDR_lepJet > 0.4 || ptRel_lepJet > 40) && (NJetsAK8_JetSubCalc > 2) && (minDR_leadAK8otherAK8 < 3.0) && DataPastTrigger == 1 && isMuon==1
****************************************************************************************************
****************************************************************************************************
DISTRIBUTION: Tp2Mass
            -name in ljmet trees: Tprime2_ALGO_Mass
            -x-axis label is set to: ;M(T) [GeV])
            -using the binning as: [0.0, 60.0, 120.0, 180.0, 240.0, 300.0, 360.0, 420.0, 480.0, 540.0, 600.0, 660.0, 720.0, 780.0, 840.0, 900.0, 960.0, 1020.0, 1080.0, 1140.0, 1200.0, 1260.0, 1320.0, 1380.0, 1440.0, 1500.0, 1560.0, 1620.0, 1680.0, 1740.0, 1800.0, 1860.0, 1920.0, 1980.0, 2040.0, 2100.0, 2160.0, 2220.0, 2280.0, 2340.0, 2400.0, 2460.0, 2520.0, 2580.0, 2640.0, 2700.0, 2760.0, 2820.0, 2880.0, 2940.0, 3000.0]
/////////////////////////
PROCESSING:  TTM1700BWBW
/////////////////////////
plotTreeName: Tprime2_DeepAK8_Mass
Flavour: M #tag: isV_tHtH #algo: DeepAK8
Weights: 1 * 1 * 1 * pileupWeight * 1 * lepIdSF * EGammaGsfSF * 1 * (MCWeight_singleLepCalc/abs(MCWeight_singleLepCalc)) * 6.93554282011e-05
Cuts: (leptonPt_singleLepCalc > 50) && (corr_met_singleLepCalc > 55) && (AK4HT > 480) && (minDR_lepJet > 0.4 || ptRel_lepJet > 40) && (NJetsAK8_JetSubCalc > 2) && (minDR_leadAK8otherAK8 < 3.0) && DataPastTrigger == 1 && isMuon==1
****************************************************************************************************
****************************************************************************************************
DISTRIBUTION: Tp2Mass
            -name in ljmet trees: Tprime2_ALGO_Mass
            -x-axis label is set to: ;M(T) [GeV])
            -using the binning as: [0.0, 60.0, 120.0, 180.0, 240.0, 300.0, 360.0, 420.0, 480.0, 540.0, 600.0, 660.0, 720.0, 780.0, 840.0, 900.0, 960.0, 1020.0, 1080.0, 1140.0, 1200.0, 1260.0, 1320.0, 1380.0, 1440.0, 1500.0, 1560.0, 1620.0, 1680.0, 1740.0, 1800.0, 1860.0, 1920.0, 1980.0, 2040.0, 2100.0, 2160.0, 2220.0, 2280.0, 2340.0, 2400.0, 2460.0, 2520.0, 2580.0, 2640.0, 2700.0, 2760.0, 2820.0, 2880.0, 2940.0, 3000.0]
/////////////////////////
PROCESSING:  TTM1700THTH
/////////////////////////
plotTreeName: Tprime2_DeepAK8_Mass
Flavour: M #tag: isV_tHtH #algo: DeepAK8
Weights: 1 * 1 * 1 * pileupWeight * 1 * lepIdSF * EGammaGsfSF * 1 * (MCWeight_singleLepCalc/abs(MCWeight_singleLepCalc)) * 1.73388570503e-05
Cuts: (leptonPt_singleLepCalc > 50) && (corr_met_singleLepCalc > 55) && (AK4HT > 480) && (minDR_lepJet > 0.4 || ptRel_lepJet > 40) && (NJetsAK8_JetSubCalc > 2) && (minDR_leadAK8otherAK8 < 3.0) && DataPastTrigger == 1 && isMuon==1
****************************************************************************************************
****************************************************************************************************
DISTRIBUTION: Tp2Mass
            -name in ljmet trees: Tprime2_ALGO_Mass
            -x-axis label is set to: ;M(T) [GeV])
            -using the binning as: [0.0, 60.0, 120.0, 180.0, 240.0, 300.0, 360.0, 420.0, 480.0, 540.0, 600.0, 660.0, 720.0, 780.0, 840.0, 900.0, 960.0, 1020.0, 1080.0, 1140.0, 1200.0, 1260.0, 1320.0, 1380.0, 1440.0, 1500.0, 1560.0, 1620.0, 1680.0, 1740.0, 1800.0, 1860.0, 1920.0, 1980.0, 2040.0, 2100.0, 2160.0, 2220.0, 2280.0, 2340.0, 2400.0, 2460.0, 2520.0, 2580.0, 2640.0, 2700.0, 2760.0, 2820.0, 2880.0, 2940.0, 3000.0]
/////////////////////////
PROCESSING:  TTM1700TZTZ
/////////////////////////
plotTreeName: Tprime2_DeepAK8_Mass
Flavour: M #tag: isV_tHtH #algo: DeepAK8
Weights: 1 * 1 * 1 * pileupWeight * 1 * lepIdSF * EGammaGsfSF * 1 * (MCWeight_singleLepCalc/abs(MCWeight_singleLepCalc)) * 1.73388570503e-05
Cuts: (leptonPt_singleLepCalc > 50) && (corr_met_singleLepCalc > 55) && (AK4HT > 480) && (minDR_lepJet > 0.4 || ptRel_lepJet > 40) && (NJetsAK8_JetSubCalc > 2) && (minDR_leadAK8otherAK8 < 3.0) && DataPastTrigger == 1 && isMuon==1
****************************************************************************************************
****************************************************************************************************
DISTRIBUTION: Tp2Mass
            -name in ljmet trees: Tprime2_ALGO_Mass
            -x-axis label is set to: ;M(T) [GeV])
            -using the binning as: [0.0, 60.0, 120.0, 180.0, 240.0, 300.0, 360.0, 420.0, 480.0, 540.0, 600.0, 660.0, 720.0, 780.0, 840.0, 900.0, 960.0, 1020.0, 1080.0, 1140.0, 1200.0, 1260.0, 1320.0, 1380.0, 1440.0, 1500.0, 1560.0, 1620.0, 1680.0, 1740.0, 1800.0, 1860.0, 1920.0, 1980.0, 2040.0, 2100.0, 2160.0, 2220.0, 2280.0, 2340.0, 2400.0, 2460.0, 2520.0, 2580.0, 2640.0, 2700.0, 2760.0, 2820.0, 2880.0, 2940.0, 3000.0]
/////////////////////////
PROCESSING:  TTM1700TZBW
/////////////////////////
plotTreeName: Tprime2_DeepAK8_Mass
Flavour: M #tag: isV_tHtH #algo: DeepAK8
Weights: 1 * 1 * 1 * pileupWeight * 1 * lepIdSF * EGammaGsfSF * 1 * (MCWeight_singleLepCalc/abs(MCWeight_singleLepCalc)) * 3.46777141005e-05
Cuts: (leptonPt_singleLepCalc > 50) && (corr_met_singleLepCalc > 55) && (AK4HT > 480) && (minDR_lepJet > 0.4 || ptRel_lepJet > 40) && (NJetsAK8_JetSubCalc > 2) && (minDR_leadAK8otherAK8 < 3.0) && DataPastTrigger == 1 && isMuon==1
****************************************************************************************************
****************************************************************************************************
DISTRIBUTION: Tp2Mass
            -name in ljmet trees: Tprime2_ALGO_Mass
            -x-axis label is set to: ;M(T) [GeV])
            -using the binning as: [0.0, 60.0, 120.0, 180.0, 240.0, 300.0, 360.0, 420.0, 480.0, 540.0, 600.0, 660.0, 720.0, 780.0, 840.0, 900.0, 960.0, 1020.0, 1080.0, 1140.0, 1200.0, 1260.0, 1320.0, 1380.0, 1440.0, 1500.0, 1560.0, 1620.0, 1680.0, 1740.0, 1800.0, 1860.0, 1920.0, 1980.0, 2040.0, 2100.0, 2160.0, 2220.0, 2280.0, 2340.0, 2400.0, 2460.0, 2520.0, 2580.0, 2640.0, 2700.0, 2760.0, 2820.0, 2880.0, 2940.0, 3000.0]
/////////////////////////
PROCESSING:  TTM1700THBW
/////////////////////////
plotTreeName: Tprime2_DeepAK8_Mass
Flavour: M #tag: isV_tHtH #algo: DeepAK8
Weights: 1 * 1 * 1 * pileupWeight * 1 * lepIdSF * EGammaGsfSF * 1 * (MCWeight_singleLepCalc/abs(MCWeight_singleLepCalc)) * 3.46777141005e-05
Cuts: (leptonPt_singleLepCalc > 50) && (corr_met_singleLepCalc > 55) && (AK4HT > 480) && (minDR_lepJet > 0.4 || ptRel_lepJet > 40) && (NJetsAK8_JetSubCalc > 2) && (minDR_leadAK8otherAK8 < 3.0) && DataPastTrigger == 1 && isMuon==1
****************************************************************************************************
****************************************************************************************************
DISTRIBUTION: Tp2Mass
            -name in ljmet trees: Tprime2_ALGO_Mass
            -x-axis label is set to: ;M(T) [GeV])
            -using the binning as: [0.0, 60.0, 120.0, 180.0, 240.0, 300.0, 360.0, 420.0, 480.0, 540.0, 600.0, 660.0, 720.0, 780.0, 840.0, 900.0, 960.0, 1020.0, 1080.0, 1140.0, 1200.0, 1260.0, 1320.0, 1380.0, 1440.0, 1500.0, 1560.0, 1620.0, 1680.0, 1740.0, 1800.0, 1860.0, 1920.0, 1980.0, 2040.0, 2100.0, 2160.0, 2220.0, 2280.0, 2340.0, 2400.0, 2460.0, 2520.0, 2580.0, 2640.0, 2700.0, 2760.0, 2820.0, 2880.0, 2940.0, 3000.0]
/////////////////////////
PROCESSING:  TTM1700TZTH
/////////////////////////
plotTreeName: Tprime2_DeepAK8_Mass
Flavour: M #tag: isV_tHtH #algo: DeepAK8
Weights: 1 * 1 * 1 * pileupWeight * 1 * lepIdSF * EGammaGsfSF * 1 * (MCWeight_singleLepCalc/abs(MCWeight_singleLepCalc)) * 1.73388570503e-05
Cuts: (leptonPt_singleLepCalc > 50) && (corr_met_singleLepCalc > 55) && (AK4HT > 480) && (minDR_lepJet > 0.4 || ptRel_lepJet > 40) && (NJetsAK8_JetSubCalc > 2) && (minDR_leadAK8otherAK8 < 3.0) && DataPastTrigger == 1 && isMuon==1
****************************************************************************************************
****************************************************************************************************
DISTRIBUTION: Tp2Mass
            -name in ljmet trees: Tprime2_ALGO_Mass
            -x-axis label is set to: ;M(T) [GeV])
            -using the binning as: [0.0, 60.0, 120.0, 180.0, 240.0, 300.0, 360.0, 420.0, 480.0, 540.0, 600.0, 660.0, 720.0, 780.0, 840.0, 900.0, 960.0, 1020.0, 1080.0, 1140.0, 1200.0, 1260.0, 1320.0, 1380.0, 1440.0, 1500.0, 1560.0, 1620.0, 1680.0, 1740.0, 1800.0, 1860.0, 1920.0, 1980.0, 2040.0, 2100.0, 2160.0, 2220.0, 2280.0, 2340.0, 2400.0, 2460.0, 2520.0, 2580.0, 2640.0, 2700.0, 2760.0, 2820.0, 2880.0, 2940.0, 3000.0]
/////////////////////////
PROCESSING:  TTM1800BWBW
/////////////////////////
plotTreeName: Tprime2_DeepAK8_Mass
Flavour: M #tag: isV_tHtH #algo: DeepAK8
Weights: 1 * 1 * 1 * pileupWeight * 1 * lepIdSF * EGammaGsfSF * 1 * (MCWeight_singleLepCalc/abs(MCWeight_singleLepCalc)) * 3.89579688164e-05
Cuts: (leptonPt_singleLepCalc > 50) && (corr_met_singleLepCalc > 55) && (AK4HT > 480) && (minDR_lepJet > 0.4 || ptRel_lepJet > 40) && (NJetsAK8_JetSubCalc > 2) && (minDR_leadAK8otherAK8 < 3.0) && DataPastTrigger == 1 && isMuon==1
****************************************************************************************************
****************************************************************************************************
DISTRIBUTION: Tp2Mass
            -name in ljmet trees: Tprime2_ALGO_Mass
            -x-axis label is set to: ;M(T) [GeV])
            -using the binning as: [0.0, 60.0, 120.0, 180.0, 240.0, 300.0, 360.0, 420.0, 480.0, 540.0, 600.0, 660.0, 720.0, 780.0, 840.0, 900.0, 960.0, 1020.0, 1080.0, 1140.0, 1200.0, 1260.0, 1320.0, 1380.0, 1440.0, 1500.0, 1560.0, 1620.0, 1680.0, 1740.0, 1800.0, 1860.0, 1920.0, 1980.0, 2040.0, 2100.0, 2160.0, 2220.0, 2280.0, 2340.0, 2400.0, 2460.0, 2520.0, 2580.0, 2640.0, 2700.0, 2760.0, 2820.0, 2880.0, 2940.0, 3000.0]
/////////////////////////
PROCESSING:  TTM1800THTH
/////////////////////////
plotTreeName: Tprime2_DeepAK8_Mass
Flavour: M #tag: isV_tHtH #algo: DeepAK8
Weights: 1 * 1 * 1 * pileupWeight * 1 * lepIdSF * EGammaGsfSF * 1 * (MCWeight_singleLepCalc/abs(MCWeight_singleLepCalc)) * 9.7394922041e-06
Cuts: (leptonPt_singleLepCalc > 50) && (corr_met_singleLepCalc > 55) && (AK4HT > 480) && (minDR_lepJet > 0.4 || ptRel_lepJet > 40) && (NJetsAK8_JetSubCalc > 2) && (minDR_leadAK8otherAK8 < 3.0) && DataPastTrigger == 1 && isMuon==1
****************************************************************************************************
****************************************************************************************************
DISTRIBUTION: Tp2Mass
            -name in ljmet trees: Tprime2_ALGO_Mass
            -x-axis label is set to: ;M(T) [GeV])
            -using the binning as: [0.0, 60.0, 120.0, 180.0, 240.0, 300.0, 360.0, 420.0, 480.0, 540.0, 600.0, 660.0, 720.0, 780.0, 840.0, 900.0, 960.0, 1020.0, 1080.0, 1140.0, 1200.0, 1260.0, 1320.0, 1380.0, 1440.0, 1500.0, 1560.0, 1620.0, 1680.0, 1740.0, 1800.0, 1860.0, 1920.0, 1980.0, 2040.0, 2100.0, 2160.0, 2220.0, 2280.0, 2340.0, 2400.0, 2460.0, 2520.0, 2580.0, 2640.0, 2700.0, 2760.0, 2820.0, 2880.0, 2940.0, 3000.0]
/////////////////////////
PROCESSING:  TTM1800TZTZ
/////////////////////////
plotTreeName: Tprime2_DeepAK8_Mass
Flavour: M #tag: isV_tHtH #algo: DeepAK8
Weights: 1 * 1 * 1 * pileupWeight * 1 * lepIdSF * EGammaGsfSF * 1 * (MCWeight_singleLepCalc/abs(MCWeight_singleLepCalc)) * 9.7394922041e-06
Cuts: (leptonPt_singleLepCalc > 50) && (corr_met_singleLepCalc > 55) && (AK4HT > 480) && (minDR_lepJet > 0.4 || ptRel_lepJet > 40) && (NJetsAK8_JetSubCalc > 2) && (minDR_leadAK8otherAK8 < 3.0) && DataPastTrigger == 1 && isMuon==1
****************************************************************************************************
****************************************************************************************************
DISTRIBUTION: Tp2Mass
            -name in ljmet trees: Tprime2_ALGO_Mass
            -x-axis label is set to: ;M(T) [GeV])
            -using the binning as: [0.0, 60.0, 120.0, 180.0, 240.0, 300.0, 360.0, 420.0, 480.0, 540.0, 600.0, 660.0, 720.0, 780.0, 840.0, 900.0, 960.0, 1020.0, 1080.0, 1140.0, 1200.0, 1260.0, 1320.0, 1380.0, 1440.0, 1500.0, 1560.0, 1620.0, 1680.0, 1740.0, 1800.0, 1860.0, 1920.0, 1980.0, 2040.0, 2100.0, 2160.0, 2220.0, 2280.0, 2340.0, 2400.0, 2460.0, 2520.0, 2580.0, 2640.0, 2700.0, 2760.0, 2820.0, 2880.0, 2940.0, 3000.0]
/////////////////////////
PROCESSING:  TTM1800TZBW
/////////////////////////
plotTreeName: Tprime2_DeepAK8_Mass
Flavour: M #tag: isV_tHtH #algo: DeepAK8
Weights: 1 * 1 * 1 * pileupWeight * 1 * lepIdSF * EGammaGsfSF * 1 * (MCWeight_singleLepCalc/abs(MCWeight_singleLepCalc)) * 1.94789844082e-05
Cuts: (leptonPt_singleLepCalc > 50) && (corr_met_singleLepCalc > 55) && (AK4HT > 480) && (minDR_lepJet > 0.4 || ptRel_lepJet > 40) && (NJetsAK8_JetSubCalc > 2) && (minDR_leadAK8otherAK8 < 3.0) && DataPastTrigger == 1 && isMuon==1
****************************************************************************************************
****************************************************************************************************
DISTRIBUTION: Tp2Mass
            -name in ljmet trees: Tprime2_ALGO_Mass
            -x-axis label is set to: ;M(T) [GeV])
            -using the binning as: [0.0, 60.0, 120.0, 180.0, 240.0, 300.0, 360.0, 420.0, 480.0, 540.0, 600.0, 660.0, 720.0, 780.0, 840.0, 900.0, 960.0, 1020.0, 1080.0, 1140.0, 1200.0, 1260.0, 1320.0, 1380.0, 1440.0, 1500.0, 1560.0, 1620.0, 1680.0, 1740.0, 1800.0, 1860.0, 1920.0, 1980.0, 2040.0, 2100.0, 2160.0, 2220.0, 2280.0, 2340.0, 2400.0, 2460.0, 2520.0, 2580.0, 2640.0, 2700.0, 2760.0, 2820.0, 2880.0, 2940.0, 3000.0]
/////////////////////////
PROCESSING:  TTM1800THBW
/////////////////////////
plotTreeName: Tprime2_DeepAK8_Mass
Flavour: M #tag: isV_tHtH #algo: DeepAK8
Weights: 1 * 1 * 1 * pileupWeight * 1 * lepIdSF * EGammaGsfSF * 1 * (MCWeight_singleLepCalc/abs(MCWeight_singleLepCalc)) * 1.94789844082e-05
Cuts: (leptonPt_singleLepCalc > 50) && (corr_met_singleLepCalc > 55) && (AK4HT > 480) && (minDR_lepJet > 0.4 || ptRel_lepJet > 40) && (NJetsAK8_JetSubCalc > 2) && (minDR_leadAK8otherAK8 < 3.0) && DataPastTrigger == 1 && isMuon==1
****************************************************************************************************
****************************************************************************************************
DISTRIBUTION: Tp2Mass
            -name in ljmet trees: Tprime2_ALGO_Mass
            -x-axis label is set to: ;M(T) [GeV])
            -using the binning as: [0.0, 60.0, 120.0, 180.0, 240.0, 300.0, 360.0, 420.0, 480.0, 540.0, 600.0, 660.0, 720.0, 780.0, 840.0, 900.0, 960.0, 1020.0, 1080.0, 1140.0, 1200.0, 1260.0, 1320.0, 1380.0, 1440.0, 1500.0, 1560.0, 1620.0, 1680.0, 1740.0, 1800.0, 1860.0, 1920.0, 1980.0, 2040.0, 2100.0, 2160.0, 2220.0, 2280.0, 2340.0, 2400.0, 2460.0, 2520.0, 2580.0, 2640.0, 2700.0, 2760.0, 2820.0, 2880.0, 2940.0, 3000.0]
/////////////////////////
PROCESSING:  TTM1800TZTH
/////////////////////////
plotTreeName: Tprime2_DeepAK8_Mass
Flavour: M #tag: isV_tHtH #algo: DeepAK8
Weights: 1 * 1 * 1 * pileupWeight * 1 * lepIdSF * EGammaGsfSF * 1 * (MCWeight_singleLepCalc/abs(MCWeight_singleLepCalc)) * 9.7394922041e-06
Cuts: (leptonPt_singleLepCalc > 50) && (corr_met_singleLepCalc > 55) && (AK4HT > 480) && (minDR_lepJet > 0.4 || ptRel_lepJet > 40) && (NJetsAK8_JetSubCalc > 2) && (minDR_leadAK8otherAK8 < 3.0) && DataPastTrigger == 1 && isMuon==1
****************************************************************************************************
****************************************************************************************************
DISTRIBUTION: Tp2Mass
            -name in ljmet trees: Tprime2_ALGO_Mass
            -x-axis label is set to: ;M(T) [GeV])
            -using the binning as: [0.0, 60.0, 120.0, 180.0, 240.0, 300.0, 360.0, 420.0, 480.0, 540.0, 600.0, 660.0, 720.0, 780.0, 840.0, 900.0, 960.0, 1020.0, 1080.0, 1140.0, 1200.0, 1260.0, 1320.0, 1380.0, 1440.0, 1500.0, 1560.0, 1620.0, 1680.0, 1740.0, 1800.0, 1860.0, 1920.0, 1980.0, 2040.0, 2100.0, 2160.0, 2220.0, 2280.0, 2340.0, 2400.0, 2460.0, 2520.0, 2580.0, 2640.0, 2700.0, 2760.0, 2820.0, 2880.0, 2940.0, 3000.0]
/////////////////////////
PROCESSING:  WJetsMG400
/////////////////////////
plotTreeName: Tprime2_DeepAK8_decorr_Mass
Flavour: M #tag: isV_tHtH #algo: DeepAK8_decorr
Weights: 1 * HTSF_Pol * 1 * pileupWeight * 1 * lepIdSF * EGammaGsfSF * 1 * (MCWeight_singleLepCalc/abs(MCWeight_singleLepCalc)) * 0.280770227538
Cuts: (leptonPt_singleLepCalc > 50) && (corr_met_singleLepCalc > 55) && (AK4HT > 480) && (minDR_lepJet > 0.4 || ptRel_lepJet > 40) && (NJetsAK8_JetSubCalc > 2) && (minDR_leadAK8otherAK8 < 3.0) && DataPastTrigger == 1 && isMuon==1
****************************************************************************************************
****************************************************************************************************
DISTRIBUTION: Tp2Mass
            -name in ljmet trees: Tprime2_ALGO_Mass
            -x-axis label is set to: ;M(T) [GeV])
            -using the binning as: [0.0, 60.0, 120.0, 180.0, 240.0, 300.0, 360.0, 420.0, 480.0, 540.0, 600.0, 660.0, 720.0, 780.0, 840.0, 900.0, 960.0, 1020.0, 1080.0, 1140.0, 1200.0, 1260.0, 1320.0, 1380.0, 1440.0, 1500.0, 1560.0, 1620.0, 1680.0, 1740.0, 1800.0, 1860.0, 1920.0, 1980.0, 2040.0, 2100.0, 2160.0, 2220.0, 2280.0, 2340.0, 2400.0, 2460.0, 2520.0, 2580.0, 2640.0, 2700.0, 2760.0, 2820.0, 2880.0, 2940.0, 3000.0]
/////////////////////////
PROCESSING:  WJetsMG600
/////////////////////////
plotTreeName: Tprime2_DeepAK8_decorr_Mass
Flavour: M #tag: isV_tHtH #algo: DeepAK8_decorr
Weights: 1 * HTSF_Pol * 1 * pileupWeight * 1 * lepIdSF * EGammaGsfSF * 1 * (MCWeight_singleLepCalc/abs(MCWeight_singleLepCalc)) * 0.0287233231554
Cuts: (leptonPt_singleLepCalc > 50) && (corr_met_singleLepCalc > 55) && (AK4HT > 480) && (minDR_lepJet > 0.4 || ptRel_lepJet > 40) && (NJetsAK8_JetSubCalc > 2) && (minDR_leadAK8otherAK8 < 3.0) && DataPastTrigger == 1 && isMuon==1
****************************************************************************************************
****************************************************************************************************
DISTRIBUTION: Tp2Mass
            -name in ljmet trees: Tprime2_ALGO_Mass
            -x-axis label is set to: ;M(T) [GeV])
            -using the binning as: [0.0, 60.0, 120.0, 180.0, 240.0, 300.0, 360.0, 420.0, 480.0, 540.0, 600.0, 660.0, 720.0, 780.0, 840.0, 900.0, 960.0, 1020.0, 1080.0, 1140.0, 1200.0, 1260.0, 1320.0, 1380.0, 1440.0, 1500.0, 1560.0, 1620.0, 1680.0, 1740.0, 1800.0, 1860.0, 1920.0, 1980.0, 2040.0, 2100.0, 2160.0, 2220.0, 2280.0, 2340.0, 2400.0, 2460.0, 2520.0, 2580.0, 2640.0, 2700.0, 2760.0, 2820.0, 2880.0, 2940.0, 3000.0]
/////////////////////////
PROCESSING:  WJetsMG800
/////////////////////////
plotTreeName: Tprime2_DeepAK8_decorr_Mass
Flavour: M #tag: isV_tHtH #algo: DeepAK8_decorr
Weights: 1 * HTSF_Pol * 1 * pileupWeight * 1 * lepIdSF * EGammaGsfSF * 1 * (MCWeight_singleLepCalc/abs(MCWeight_singleLepCalc)) * 0.0316367902594
Cuts: (leptonPt_singleLepCalc > 50) && (corr_met_singleLepCalc > 55) && (AK4HT > 480) && (minDR_lepJet > 0.4 || ptRel_lepJet > 40) && (NJetsAK8_JetSubCalc > 2) && (minDR_leadAK8otherAK8 < 3.0) && DataPastTrigger == 1 && isMuon==1
****************************************************************************************************
****************************************************************************************************
DISTRIBUTION: Tp2Mass
            -name in ljmet trees: Tprime2_ALGO_Mass
            -x-axis label is set to: ;M(T) [GeV])
            -using the binning as: [0.0, 60.0, 120.0, 180.0, 240.0, 300.0, 360.0, 420.0, 480.0, 540.0, 600.0, 660.0, 720.0, 780.0, 840.0, 900.0, 960.0, 1020.0, 1080.0, 1140.0, 1200.0, 1260.0, 1320.0, 1380.0, 1440.0, 1500.0, 1560.0, 1620.0, 1680.0, 1740.0, 1800.0, 1860.0, 1920.0, 1980.0, 2040.0, 2100.0, 2160.0, 2220.0, 2280.0, 2340.0, 2400.0, 2460.0, 2520.0, 2580.0, 2640.0, 2700.0, 2760.0, 2820.0, 2880.0, 2940.0, 3000.0]
/////////////////////////
PROCESSING:  WJetsMG1200
/////////////////////////
plotTreeName: Tprime2_DeepAK8_decorr_Mass
Flavour: M #tag: isV_tHtH #algo: DeepAK8_decorr
Weights: 1 * HTSF_Pol * 1 * pileupWeight * 1 * lepIdSF * EGammaGsfSF * 1 * (MCWeight_singleLepCalc/abs(MCWeight_singleLepCalc)) * 0.00861414819858
Cuts: (leptonPt_singleLepCalc > 50) && (corr_met_singleLepCalc > 55) && (AK4HT > 480) && (minDR_lepJet > 0.4 || ptRel_lepJet > 40) && (NJetsAK8_JetSubCalc > 2) && (minDR_leadAK8otherAK8 < 3.0) && DataPastTrigger == 1 && isMuon==1
****************************************************************************************************
****************************************************************************************************
DISTRIBUTION: Tp2Mass
            -name in ljmet trees: Tprime2_ALGO_Mass
            -x-axis label is set to: ;M(T) [GeV])
            -using the binning as: [0.0, 60.0, 120.0, 180.0, 240.0, 300.0, 360.0, 420.0, 480.0, 540.0, 600.0, 660.0, 720.0, 780.0, 840.0, 900.0, 960.0, 1020.0, 1080.0, 1140.0, 1200.0, 1260.0, 1320.0, 1380.0, 1440.0, 1500.0, 1560.0, 1620.0, 1680.0, 1740.0, 1800.0, 1860.0, 1920.0, 1980.0, 2040.0, 2100.0, 2160.0, 2220.0, 2280.0, 2340.0, 2400.0, 2460.0, 2520.0, 2580.0, 2640.0, 2700.0, 2760.0, 2820.0, 2880.0, 2940.0, 3000.0]
/////////////////////////
PROCESSING:  WJetsMG2500
/////////////////////////
plotTreeName: Tprime2_DeepAK8_decorr_Mass
Flavour: M #tag: isV_tHtH #algo: DeepAK8_decorr
Weights: 1 * HTSF_Pol * 1 * pileupWeight * 1 * lepIdSF * EGammaGsfSF * 1 * (MCWeight_singleLepCalc/abs(MCWeight_singleLepCalc)) * 0.00054308661217
Cuts: (leptonPt_singleLepCalc > 50) && (corr_met_singleLepCalc > 55) && (AK4HT > 480) && (minDR_lepJet > 0.4 || ptRel_lepJet > 40) && (NJetsAK8_JetSubCalc > 2) && (minDR_leadAK8otherAK8 < 3.0) && DataPastTrigger == 1 && isMuon==1
****************************************************************************************************
****************************************************************************************************
DISTRIBUTION: Tp2Mass
            -name in ljmet trees: Tprime2_ALGO_Mass
            -x-axis label is set to: ;M(T) [GeV])
            -using the binning as: [0.0, 60.0, 120.0, 180.0, 240.0, 300.0, 360.0, 420.0, 480.0, 540.0, 600.0, 660.0, 720.0, 780.0, 840.0, 900.0, 960.0, 1020.0, 1080.0, 1140.0, 1200.0, 1260.0, 1320.0, 1380.0, 1440.0, 1500.0, 1560.0, 1620.0, 1680.0, 1740.0, 1800.0, 1860.0, 1920.0, 1980.0, 2040.0, 2100.0, 2160.0, 2220.0, 2280.0, 2340.0, 2400.0, 2460.0, 2520.0, 2580.0, 2640.0, 2700.0, 2760.0, 2820.0, 2880.0, 2940.0, 3000.0]
/////////////////////////
PROCESSING:  TTM1100BWBW
/////////////////////////
plotTreeName: Tprime2_DeepAK8_decorr_Mass
Flavour: M #tag: isV_tHtH #algo: DeepAK8_decorr
Weights: 1 * 1 * 1 * pileupWeight * 1 * lepIdSF * EGammaGsfSF * 1 * (MCWeight_singleLepCalc/abs(MCWeight_singleLepCalc)) * 0.00223239916536
Cuts: (leptonPt_singleLepCalc > 50) && (corr_met_singleLepCalc > 55) && (AK4HT > 480) && (minDR_lepJet > 0.4 || ptRel_lepJet > 40) && (NJetsAK8_JetSubCalc > 2) && (minDR_leadAK8otherAK8 < 3.0) && DataPastTrigger == 1 && isMuon==1
****************************************************************************************************
****************************************************************************************************
DISTRIBUTION: Tp2Mass
            -name in ljmet trees: Tprime2_ALGO_Mass
            -x-axis label is set to: ;M(T) [GeV])
            -using the binning as: [0.0, 60.0, 120.0, 180.0, 240.0, 300.0, 360.0, 420.0, 480.0, 540.0, 600.0, 660.0, 720.0, 780.0, 840.0, 900.0, 960.0, 1020.0, 1080.0, 1140.0, 1200.0, 1260.0, 1320.0, 1380.0, 1440.0, 1500.0, 1560.0, 1620.0, 1680.0, 1740.0, 1800.0, 1860.0, 1920.0, 1980.0, 2040.0, 2100.0, 2160.0, 2220.0, 2280.0, 2340.0, 2400.0, 2460.0, 2520.0, 2580.0, 2640.0, 2700.0, 2760.0, 2820.0, 2880.0, 2940.0, 3000.0]
/////////////////////////
PROCESSING:  TTM1100THTH
/////////////////////////
plotTreeName: Tprime2_DeepAK8_decorr_Mass
Flavour: M #tag: isV_tHtH #algo: DeepAK8_decorr
Weights: 1 * 1 * 1 * pileupWeight * 1 * lepIdSF * EGammaGsfSF * 1 * (MCWeight_singleLepCalc/abs(MCWeight_singleLepCalc)) * 0.000558099791339
Cuts: (leptonPt_singleLepCalc > 50) && (corr_met_singleLepCalc > 55) && (AK4HT > 480) && (minDR_lepJet > 0.4 || ptRel_lepJet > 40) && (NJetsAK8_JetSubCalc > 2) && (minDR_leadAK8otherAK8 < 3.0) && DataPastTrigger == 1 && isMuon==1
****************************************************************************************************
****************************************************************************************************
DISTRIBUTION: Tp2Mass
            -name in ljmet trees: Tprime2_ALGO_Mass
            -x-axis label is set to: ;M(T) [GeV])
            -using the binning as: [0.0, 60.0, 120.0, 180.0, 240.0, 300.0, 360.0, 420.0, 480.0, 540.0, 600.0, 660.0, 720.0, 780.0, 840.0, 900.0, 960.0, 1020.0, 1080.0, 1140.0, 1200.0, 1260.0, 1320.0, 1380.0, 1440.0, 1500.0, 1560.0, 1620.0, 1680.0, 1740.0, 1800.0, 1860.0, 1920.0, 1980.0, 2040.0, 2100.0, 2160.0, 2220.0, 2280.0, 2340.0, 2400.0, 2460.0, 2520.0, 2580.0, 2640.0, 2700.0, 2760.0, 2820.0, 2880.0, 2940.0, 3000.0]
/////////////////////////
PROCESSING:  TTM1100TZTZ
/////////////////////////
plotTreeName: Tprime2_DeepAK8_decorr_Mass
Flavour: M #tag: isV_tHtH #algo: DeepAK8_decorr
Weights: 1 * 1 * 1 * pileupWeight * 1 * lepIdSF * EGammaGsfSF * 1 * (MCWeight_singleLepCalc/abs(MCWeight_singleLepCalc)) * 0.000558099791339
Cuts: (leptonPt_singleLepCalc > 50) && (corr_met_singleLepCalc > 55) && (AK4HT > 480) && (minDR_lepJet > 0.4 || ptRel_lepJet > 40) && (NJetsAK8_JetSubCalc > 2) && (minDR_leadAK8otherAK8 < 3.0) && DataPastTrigger == 1 && isMuon==1
****************************************************************************************************
****************************************************************************************************
DISTRIBUTION: Tp2Mass
            -name in ljmet trees: Tprime2_ALGO_Mass
            -x-axis label is set to: ;M(T) [GeV])
            -using the binning as: [0.0, 60.0, 120.0, 180.0, 240.0, 300.0, 360.0, 420.0, 480.0, 540.0, 600.0, 660.0, 720.0, 780.0, 840.0, 900.0, 960.0, 1020.0, 1080.0, 1140.0, 1200.0, 1260.0, 1320.0, 1380.0, 1440.0, 1500.0, 1560.0, 1620.0, 1680.0, 1740.0, 1800.0, 1860.0, 1920.0, 1980.0, 2040.0, 2100.0, 2160.0, 2220.0, 2280.0, 2340.0, 2400.0, 2460.0, 2520.0, 2580.0, 2640.0, 2700.0, 2760.0, 2820.0, 2880.0, 2940.0, 3000.0]
/////////////////////////
PROCESSING:  TTM1100TZBW
/////////////////////////
plotTreeName: Tprime2_DeepAK8_decorr_Mass
Flavour: M #tag: isV_tHtH #algo: DeepAK8_decorr
Weights: 1 * 1 * 1 * pileupWeight * 1 * lepIdSF * EGammaGsfSF * 1 * (MCWeight_singleLepCalc/abs(MCWeight_singleLepCalc)) * 0.00111619958268
Cuts: (leptonPt_singleLepCalc > 50) && (corr_met_singleLepCalc > 55) && (AK4HT > 480) && (minDR_lepJet > 0.4 || ptRel_lepJet > 40) && (NJetsAK8_JetSubCalc > 2) && (minDR_leadAK8otherAK8 < 3.0) && DataPastTrigger == 1 && isMuon==1
****************************************************************************************************
****************************************************************************************************
DISTRIBUTION: Tp2Mass
            -name in ljmet trees: Tprime2_ALGO_Mass
            -x-axis label is set to: ;M(T) [GeV])
            -using the binning as: [0.0, 60.0, 120.0, 180.0, 240.0, 300.0, 360.0, 420.0, 480.0, 540.0, 600.0, 660.0, 720.0, 780.0, 840.0, 900.0, 960.0, 1020.0, 1080.0, 1140.0, 1200.0, 1260.0, 1320.0, 1380.0, 1440.0, 1500.0, 1560.0, 1620.0, 1680.0, 1740.0, 1800.0, 1860.0, 1920.0, 1980.0, 2040.0, 2100.0, 2160.0, 2220.0, 2280.0, 2340.0, 2400.0, 2460.0, 2520.0, 2580.0, 2640.0, 2700.0, 2760.0, 2820.0, 2880.0, 2940.0, 3000.0]
/////////////////////////
PROCESSING:  TTM1100THBW
/////////////////////////
plotTreeName: Tprime2_DeepAK8_decorr_Mass
Flavour: M #tag: isV_tHtH #algo: DeepAK8_decorr
Weights: 1 * 1 * 1 * pileupWeight * 1 * lepIdSF * EGammaGsfSF * 1 * (MCWeight_singleLepCalc/abs(MCWeight_singleLepCalc)) * 0.00111619958268
Cuts: (leptonPt_singleLepCalc > 50) && (corr_met_singleLepCalc > 55) && (AK4HT > 480) && (minDR_lepJet > 0.4 || ptRel_lepJet > 40) && (NJetsAK8_JetSubCalc > 2) && (minDR_leadAK8otherAK8 < 3.0) && DataPastTrigger == 1 && isMuon==1
****************************************************************************************************
****************************************************************************************************
DISTRIBUTION: Tp2Mass
            -name in ljmet trees: Tprime2_ALGO_Mass
            -x-axis label is set to: ;M(T) [GeV])
            -using the binning as: [0.0, 60.0, 120.0, 180.0, 240.0, 300.0, 360.0, 420.0, 480.0, 540.0, 600.0, 660.0, 720.0, 780.0, 840.0, 900.0, 960.0, 1020.0, 1080.0, 1140.0, 1200.0, 1260.0, 1320.0, 1380.0, 1440.0, 1500.0, 1560.0, 1620.0, 1680.0, 1740.0, 1800.0, 1860.0, 1920.0, 1980.0, 2040.0, 2100.0, 2160.0, 2220.0, 2280.0, 2340.0, 2400.0, 2460.0, 2520.0, 2580.0, 2640.0, 2700.0, 2760.0, 2820.0, 2880.0, 2940.0, 3000.0]
/////////////////////////
PROCESSING:  TTM1100TZTH
/////////////////////////
plotTreeName: Tprime2_DeepAK8_decorr_Mass
Flavour: M #tag: isV_tHtH #algo: DeepAK8_decorr
Weights: 1 * 1 * 1 * pileupWeight * 1 * lepIdSF * EGammaGsfSF * 1 * (MCWeight_singleLepCalc/abs(MCWeight_singleLepCalc)) * 0.000558099791339
Cuts: (leptonPt_singleLepCalc > 50) && (corr_met_singleLepCalc > 55) && (AK4HT > 480) && (minDR_lepJet > 0.4 || ptRel_lepJet > 40) && (NJetsAK8_JetSubCalc > 2) && (minDR_leadAK8otherAK8 < 3.0) && DataPastTrigger == 1 && isMuon==1
****************************************************************************************************
****************************************************************************************************
DISTRIBUTION: Tp2Mass
            -name in ljmet trees: Tprime2_ALGO_Mass
            -x-axis label is set to: ;M(T) [GeV])
            -using the binning as: [0.0, 60.0, 120.0, 180.0, 240.0, 300.0, 360.0, 420.0, 480.0, 540.0, 600.0, 660.0, 720.0, 780.0, 840.0, 900.0, 960.0, 1020.0, 1080.0, 1140.0, 1200.0, 1260.0, 1320.0, 1380.0, 1440.0, 1500.0, 1560.0, 1620.0, 1680.0, 1740.0, 1800.0, 1860.0, 1920.0, 1980.0, 2040.0, 2100.0, 2160.0, 2220.0, 2280.0, 2340.0, 2400.0, 2460.0, 2520.0, 2580.0, 2640.0, 2700.0, 2760.0, 2820.0, 2880.0, 2940.0, 3000.0]
/////////////////////////
PROCESSING:  TTM1200BWBW
/////////////////////////
plotTreeName: Tprime2_DeepAK8_decorr_Mass
Flavour: M #tag: isV_tHtH #algo: DeepAK8_decorr
Weights: 1 * 1 * 1 * pileupWeight * 1 * lepIdSF * EGammaGsfSF * 1 * (MCWeight_singleLepCalc/abs(MCWeight_singleLepCalc)) * 0.00117627847652
Cuts: (leptonPt_singleLepCalc > 50) && (corr_met_singleLepCalc > 55) && (AK4HT > 480) && (minDR_lepJet > 0.4 || ptRel_lepJet > 40) && (NJetsAK8_JetSubCalc > 2) && (minDR_leadAK8otherAK8 < 3.0) && DataPastTrigger == 1 && isMuon==1
****************************************************************************************************
****************************************************************************************************
DISTRIBUTION: Tp2Mass
            -name in ljmet trees: Tprime2_ALGO_Mass
            -x-axis label is set to: ;M(T) [GeV])
            -using the binning as: [0.0, 60.0, 120.0, 180.0, 240.0, 300.0, 360.0, 420.0, 480.0, 540.0, 600.0, 660.0, 720.0, 780.0, 840.0, 900.0, 960.0, 1020.0, 1080.0, 1140.0, 1200.0, 1260.0, 1320.0, 1380.0, 1440.0, 1500.0, 1560.0, 1620.0, 1680.0, 1740.0, 1800.0, 1860.0, 1920.0, 1980.0, 2040.0, 2100.0, 2160.0, 2220.0, 2280.0, 2340.0, 2400.0, 2460.0, 2520.0, 2580.0, 2640.0, 2700.0, 2760.0, 2820.0, 2880.0, 2940.0, 3000.0]
/////////////////////////
PROCESSING:  TTM1200THTH
/////////////////////////
plotTreeName: Tprime2_DeepAK8_decorr_Mass
Flavour: M #tag: isV_tHtH #algo: DeepAK8_decorr
Weights: 1 * 1 * 1 * pileupWeight * 1 * lepIdSF * EGammaGsfSF * 1 * (MCWeight_singleLepCalc/abs(MCWeight_singleLepCalc)) * 0.00029406961913
Cuts: (leptonPt_singleLepCalc > 50) && (corr_met_singleLepCalc > 55) && (AK4HT > 480) && (minDR_lepJet > 0.4 || ptRel_lepJet > 40) && (NJetsAK8_JetSubCalc > 2) && (minDR_leadAK8otherAK8 < 3.0) && DataPastTrigger == 1 && isMuon==1
****************************************************************************************************
****************************************************************************************************
DISTRIBUTION: Tp2Mass
            -name in ljmet trees: Tprime2_ALGO_Mass
            -x-axis label is set to: ;M(T) [GeV])
            -using the binning as: [0.0, 60.0, 120.0, 180.0, 240.0, 300.0, 360.0, 420.0, 480.0, 540.0, 600.0, 660.0, 720.0, 780.0, 840.0, 900.0, 960.0, 1020.0, 1080.0, 1140.0, 1200.0, 1260.0, 1320.0, 1380.0, 1440.0, 1500.0, 1560.0, 1620.0, 1680.0, 1740.0, 1800.0, 1860.0, 1920.0, 1980.0, 2040.0, 2100.0, 2160.0, 2220.0, 2280.0, 2340.0, 2400.0, 2460.0, 2520.0, 2580.0, 2640.0, 2700.0, 2760.0, 2820.0, 2880.0, 2940.0, 3000.0]
/////////////////////////
PROCESSING:  TTM1200TZTZ
/////////////////////////
plotTreeName: Tprime2_DeepAK8_decorr_Mass
Flavour: M #tag: isV_tHtH #algo: DeepAK8_decorr
Weights: 1 * 1 * 1 * pileupWeight * 1 * lepIdSF * EGammaGsfSF * 1 * (MCWeight_singleLepCalc/abs(MCWeight_singleLepCalc)) * 0.00029406961913
Cuts: (leptonPt_singleLepCalc > 50) && (corr_met_singleLepCalc > 55) && (AK4HT > 480) && (minDR_lepJet > 0.4 || ptRel_lepJet > 40) && (NJetsAK8_JetSubCalc > 2) && (minDR_leadAK8otherAK8 < 3.0) && DataPastTrigger == 1 && isMuon==1
****************************************************************************************************
****************************************************************************************************
DISTRIBUTION: Tp2Mass
            -name in ljmet trees: Tprime2_ALGO_Mass
            -x-axis label is set to: ;M(T) [GeV])
            -using the binning as: [0.0, 60.0, 120.0, 180.0, 240.0, 300.0, 360.0, 420.0, 480.0, 540.0, 600.0, 660.0, 720.0, 780.0, 840.0, 900.0, 960.0, 1020.0, 1080.0, 1140.0, 1200.0, 1260.0, 1320.0, 1380.0, 1440.0, 1500.0, 1560.0, 1620.0, 1680.0, 1740.0, 1800.0, 1860.0, 1920.0, 1980.0, 2040.0, 2100.0, 2160.0, 2220.0, 2280.0, 2340.0, 2400.0, 2460.0, 2520.0, 2580.0, 2640.0, 2700.0, 2760.0, 2820.0, 2880.0, 2940.0, 3000.0]
/////////////////////////
PROCESSING:  TTM1200TZBW
/////////////////////////
plotTreeName: Tprime2_DeepAK8_decorr_Mass
Flavour: M #tag: isV_tHtH #algo: DeepAK8_decorr
Weights: 1 * 1 * 1 * pileupWeight * 1 * lepIdSF * EGammaGsfSF * 1 * (MCWeight_singleLepCalc/abs(MCWeight_singleLepCalc)) * 0.000588139238259
Cuts: (leptonPt_singleLepCalc > 50) && (corr_met_singleLepCalc > 55) && (AK4HT > 480) && (minDR_lepJet > 0.4 || ptRel_lepJet > 40) && (NJetsAK8_JetSubCalc > 2) && (minDR_leadAK8otherAK8 < 3.0) && DataPastTrigger == 1 && isMuon==1
****************************************************************************************************
****************************************************************************************************
DISTRIBUTION: Tp2Mass
            -name in ljmet trees: Tprime2_ALGO_Mass
            -x-axis label is set to: ;M(T) [GeV])
            -using the binning as: [0.0, 60.0, 120.0, 180.0, 240.0, 300.0, 360.0, 420.0, 480.0, 540.0, 600.0, 660.0, 720.0, 780.0, 840.0, 900.0, 960.0, 1020.0, 1080.0, 1140.0, 1200.0, 1260.0, 1320.0, 1380.0, 1440.0, 1500.0, 1560.0, 1620.0, 1680.0, 1740.0, 1800.0, 1860.0, 1920.0, 1980.0, 2040.0, 2100.0, 2160.0, 2220.0, 2280.0, 2340.0, 2400.0, 2460.0, 2520.0, 2580.0, 2640.0, 2700.0, 2760.0, 2820.0, 2880.0, 2940.0, 3000.0]
/////////////////////////
PROCESSING:  TTM1200THBW
/////////////////////////
plotTreeName: Tprime2_DeepAK8_decorr_Mass
Flavour: M #tag: isV_tHtH #algo: DeepAK8_decorr
Weights: 1 * 1 * 1 * pileupWeight * 1 * lepIdSF * EGammaGsfSF * 1 * (MCWeight_singleLepCalc/abs(MCWeight_singleLepCalc)) * 0.000588139238259
Cuts: (leptonPt_singleLepCalc > 50) && (corr_met_singleLepCalc > 55) && (AK4HT > 480) && (minDR_lepJet > 0.4 || ptRel_lepJet > 40) && (NJetsAK8_JetSubCalc > 2) && (minDR_leadAK8otherAK8 < 3.0) && DataPastTrigger == 1 && isMuon==1
****************************************************************************************************
****************************************************************************************************
DISTRIBUTION: Tp2Mass
            -name in ljmet trees: Tprime2_ALGO_Mass
            -x-axis label is set to: ;M(T) [GeV])
            -using the binning as: [0.0, 60.0, 120.0, 180.0, 240.0, 300.0, 360.0, 420.0, 480.0, 540.0, 600.0, 660.0, 720.0, 780.0, 840.0, 900.0, 960.0, 1020.0, 1080.0, 1140.0, 1200.0, 1260.0, 1320.0, 1380.0, 1440.0, 1500.0, 1560.0, 1620.0, 1680.0, 1740.0, 1800.0, 1860.0, 1920.0, 1980.0, 2040.0, 2100.0, 2160.0, 2220.0, 2280.0, 2340.0, 2400.0, 2460.0, 2520.0, 2580.0, 2640.0, 2700.0, 2760.0, 2820.0, 2880.0, 2940.0, 3000.0]
/////////////////////////
PROCESSING:  TTM1200TZTH
/////////////////////////
plotTreeName: Tprime2_DeepAK8_decorr_Mass
Flavour: M #tag: isV_tHtH #algo: DeepAK8_decorr
Weights: 1 * 1 * 1 * pileupWeight * 1 * lepIdSF * EGammaGsfSF * 1 * (MCWeight_singleLepCalc/abs(MCWeight_singleLepCalc)) * 0.00029406961913
Cuts: (leptonPt_singleLepCalc > 50) && (corr_met_singleLepCalc > 55) && (AK4HT > 480) && (minDR_lepJet > 0.4 || ptRel_lepJet > 40) && (NJetsAK8_JetSubCalc > 2) && (minDR_leadAK8otherAK8 < 3.0) && DataPastTrigger == 1 && isMuon==1
****************************************************************************************************
****************************************************************************************************
DISTRIBUTION: Tp2Mass
            -name in ljmet trees: Tprime2_ALGO_Mass
            -x-axis label is set to: ;M(T) [GeV])
            -using the binning as: [0.0, 60.0, 120.0, 180.0, 240.0, 300.0, 360.0, 420.0, 480.0, 540.0, 600.0, 660.0, 720.0, 780.0, 840.0, 900.0, 960.0, 1020.0, 1080.0, 1140.0, 1200.0, 1260.0, 1320.0, 1380.0, 1440.0, 1500.0, 1560.0, 1620.0, 1680.0, 1740.0, 1800.0, 1860.0, 1920.0, 1980.0, 2040.0, 2100.0, 2160.0, 2220.0, 2280.0, 2340.0, 2400.0, 2460.0, 2520.0, 2580.0, 2640.0, 2700.0, 2760.0, 2820.0, 2880.0, 2940.0, 3000.0]
/////////////////////////
PROCESSING:  TTM1300BWBW
/////////////////////////
plotTreeName: Tprime2_DeepAK8_decorr_Mass
Flavour: M #tag: isV_tHtH #algo: DeepAK8_decorr
Weights: 1 * 1 * 1 * pileupWeight * 1 * lepIdSF * EGammaGsfSF * 1 * (MCWeight_singleLepCalc/abs(MCWeight_singleLepCalc)) * 0.00063821114509
Cuts: (leptonPt_singleLepCalc > 50) && (corr_met_singleLepCalc > 55) && (AK4HT > 480) && (minDR_lepJet > 0.4 || ptRel_lepJet > 40) && (NJetsAK8_JetSubCalc > 2) && (minDR_leadAK8otherAK8 < 3.0) && DataPastTrigger == 1 && isMuon==1
****************************************************************************************************
****************************************************************************************************
DISTRIBUTION: Tp2Mass
            -name in ljmet trees: Tprime2_ALGO_Mass
            -x-axis label is set to: ;M(T) [GeV])
            -using the binning as: [0.0, 60.0, 120.0, 180.0, 240.0, 300.0, 360.0, 420.0, 480.0, 540.0, 600.0, 660.0, 720.0, 780.0, 840.0, 900.0, 960.0, 1020.0, 1080.0, 1140.0, 1200.0, 1260.0, 1320.0, 1380.0, 1440.0, 1500.0, 1560.0, 1620.0, 1680.0, 1740.0, 1800.0, 1860.0, 1920.0, 1980.0, 2040.0, 2100.0, 2160.0, 2220.0, 2280.0, 2340.0, 2400.0, 2460.0, 2520.0, 2580.0, 2640.0, 2700.0, 2760.0, 2820.0, 2880.0, 2940.0, 3000.0]
/////////////////////////
PROCESSING:  TTM1300THTH
/////////////////////////
plotTreeName: Tprime2_DeepAK8_decorr_Mass
Flavour: M #tag: isV_tHtH #algo: DeepAK8_decorr
Weights: 1 * 1 * 1 * pileupWeight * 1 * lepIdSF * EGammaGsfSF * 1 * (MCWeight_singleLepCalc/abs(MCWeight_singleLepCalc)) * 0.000159552786272
Cuts: (leptonPt_singleLepCalc > 50) && (corr_met_singleLepCalc > 55) && (AK4HT > 480) && (minDR_lepJet > 0.4 || ptRel_lepJet > 40) && (NJetsAK8_JetSubCalc > 2) && (minDR_leadAK8otherAK8 < 3.0) && DataPastTrigger == 1 && isMuon==1
****************************************************************************************************
****************************************************************************************************
DISTRIBUTION: Tp2Mass
            -name in ljmet trees: Tprime2_ALGO_Mass
            -x-axis label is set to: ;M(T) [GeV])
            -using the binning as: [0.0, 60.0, 120.0, 180.0, 240.0, 300.0, 360.0, 420.0, 480.0, 540.0, 600.0, 660.0, 720.0, 780.0, 840.0, 900.0, 960.0, 1020.0, 1080.0, 1140.0, 1200.0, 1260.0, 1320.0, 1380.0, 1440.0, 1500.0, 1560.0, 1620.0, 1680.0, 1740.0, 1800.0, 1860.0, 1920.0, 1980.0, 2040.0, 2100.0, 2160.0, 2220.0, 2280.0, 2340.0, 2400.0, 2460.0, 2520.0, 2580.0, 2640.0, 2700.0, 2760.0, 2820.0, 2880.0, 2940.0, 3000.0]
/////////////////////////
PROCESSING:  TTM1300TZTZ
/////////////////////////
plotTreeName: Tprime2_DeepAK8_decorr_Mass
Flavour: M #tag: isV_tHtH #algo: DeepAK8_decorr
Weights: 1 * 1 * 1 * pileupWeight * 1 * lepIdSF * EGammaGsfSF * 1 * (MCWeight_singleLepCalc/abs(MCWeight_singleLepCalc)) * 0.000159552786272
Cuts: (leptonPt_singleLepCalc > 50) && (corr_met_singleLepCalc > 55) && (AK4HT > 480) && (minDR_lepJet > 0.4 || ptRel_lepJet > 40) && (NJetsAK8_JetSubCalc > 2) && (minDR_leadAK8otherAK8 < 3.0) && DataPastTrigger == 1 && isMuon==1
****************************************************************************************************
****************************************************************************************************
DISTRIBUTION: Tp2Mass
            -name in ljmet trees: Tprime2_ALGO_Mass
            -x-axis label is set to: ;M(T) [GeV])
            -using the binning as: [0.0, 60.0, 120.0, 180.0, 240.0, 300.0, 360.0, 420.0, 480.0, 540.0, 600.0, 660.0, 720.0, 780.0, 840.0, 900.0, 960.0, 1020.0, 1080.0, 1140.0, 1200.0, 1260.0, 1320.0, 1380.0, 1440.0, 1500.0, 1560.0, 1620.0, 1680.0, 1740.0, 1800.0, 1860.0, 1920.0, 1980.0, 2040.0, 2100.0, 2160.0, 2220.0, 2280.0, 2340.0, 2400.0, 2460.0, 2520.0, 2580.0, 2640.0, 2700.0, 2760.0, 2820.0, 2880.0, 2940.0, 3000.0]
/////////////////////////
PROCESSING:  TTM1300TZBW
/////////////////////////
plotTreeName: Tprime2_DeepAK8_decorr_Mass
Flavour: M #tag: isV_tHtH #algo: DeepAK8_decorr
Weights: 1 * 1 * 1 * pileupWeight * 1 * lepIdSF * EGammaGsfSF * 1 * (MCWeight_singleLepCalc/abs(MCWeight_singleLepCalc)) * 0.000319105572545
Cuts: (leptonPt_singleLepCalc > 50) && (corr_met_singleLepCalc > 55) && (AK4HT > 480) && (minDR_lepJet > 0.4 || ptRel_lepJet > 40) && (NJetsAK8_JetSubCalc > 2) && (minDR_leadAK8otherAK8 < 3.0) && DataPastTrigger == 1 && isMuon==1
****************************************************************************************************
****************************************************************************************************
DISTRIBUTION: Tp2Mass
            -name in ljmet trees: Tprime2_ALGO_Mass
            -x-axis label is set to: ;M(T) [GeV])
            -using the binning as: [0.0, 60.0, 120.0, 180.0, 240.0, 300.0, 360.0, 420.0, 480.0, 540.0, 600.0, 660.0, 720.0, 780.0, 840.0, 900.0, 960.0, 1020.0, 1080.0, 1140.0, 1200.0, 1260.0, 1320.0, 1380.0, 1440.0, 1500.0, 1560.0, 1620.0, 1680.0, 1740.0, 1800.0, 1860.0, 1920.0, 1980.0, 2040.0, 2100.0, 2160.0, 2220.0, 2280.0, 2340.0, 2400.0, 2460.0, 2520.0, 2580.0, 2640.0, 2700.0, 2760.0, 2820.0, 2880.0, 2940.0, 3000.0]
/////////////////////////
PROCESSING:  TTM1300THBW
/////////////////////////
plotTreeName: Tprime2_DeepAK8_decorr_Mass
Flavour: M #tag: isV_tHtH #algo: DeepAK8_decorr
Weights: 1 * 1 * 1 * pileupWeight * 1 * lepIdSF * EGammaGsfSF * 1 * (MCWeight_singleLepCalc/abs(MCWeight_singleLepCalc)) * 0.000319105572545
Cuts: (leptonPt_singleLepCalc > 50) && (corr_met_singleLepCalc > 55) && (AK4HT > 480) && (minDR_lepJet > 0.4 || ptRel_lepJet > 40) && (NJetsAK8_JetSubCalc > 2) && (minDR_leadAK8otherAK8 < 3.0) && DataPastTrigger == 1 && isMuon==1
****************************************************************************************************
****************************************************************************************************
DISTRIBUTION: Tp2Mass
            -name in ljmet trees: Tprime2_ALGO_Mass
            -x-axis label is set to: ;M(T) [GeV])
            -using the binning as: [0.0, 60.0, 120.0, 180.0, 240.0, 300.0, 360.0, 420.0, 480.0, 540.0, 600.0, 660.0, 720.0, 780.0, 840.0, 900.0, 960.0, 1020.0, 1080.0, 1140.0, 1200.0, 1260.0, 1320.0, 1380.0, 1440.0, 1500.0, 1560.0, 1620.0, 1680.0, 1740.0, 1800.0, 1860.0, 1920.0, 1980.0, 2040.0, 2100.0, 2160.0, 2220.0, 2280.0, 2340.0, 2400.0, 2460.0, 2520.0, 2580.0, 2640.0, 2700.0, 2760.0, 2820.0, 2880.0, 2940.0, 3000.0]
/////////////////////////
PROCESSING:  TTM1300TZTH
/////////////////////////
plotTreeName: Tprime2_DeepAK8_decorr_Mass
Flavour: M #tag: isV_tHtH #algo: DeepAK8_decorr
Weights: 1 * 1 * 1 * pileupWeight * 1 * lepIdSF * EGammaGsfSF * 1 * (MCWeight_singleLepCalc/abs(MCWeight_singleLepCalc)) * 0.000159552786272
Cuts: (leptonPt_singleLepCalc > 50) && (corr_met_singleLepCalc > 55) && (AK4HT > 480) && (minDR_lepJet > 0.4 || ptRel_lepJet > 40) && (NJetsAK8_JetSubCalc > 2) && (minDR_leadAK8otherAK8 < 3.0) && DataPastTrigger == 1 && isMuon==1
****************************************************************************************************
****************************************************************************************************
DISTRIBUTION: Tp2Mass
            -name in ljmet trees: Tprime2_ALGO_Mass
            -x-axis label is set to: ;M(T) [GeV])
            -using the binning as: [0.0, 60.0, 120.0, 180.0, 240.0, 300.0, 360.0, 420.0, 480.0, 540.0, 600.0, 660.0, 720.0, 780.0, 840.0, 900.0, 960.0, 1020.0, 1080.0, 1140.0, 1200.0, 1260.0, 1320.0, 1380.0, 1440.0, 1500.0, 1560.0, 1620.0, 1680.0, 1740.0, 1800.0, 1860.0, 1920.0, 1980.0, 2040.0, 2100.0, 2160.0, 2220.0, 2280.0, 2340.0, 2400.0, 2460.0, 2520.0, 2580.0, 2640.0, 2700.0, 2760.0, 2820.0, 2880.0, 2940.0, 3000.0]
/////////////////////////
PROCESSING:  TTM1400BWBW
/////////////////////////
plotTreeName: Tprime2_DeepAK8_decorr_Mass
Flavour: M #tag: isV_tHtH #algo: DeepAK8_decorr
Weights: 1 * 1 * 1 * pileupWeight * 1 * lepIdSF * EGammaGsfSF * 1 * (MCWeight_singleLepCalc/abs(MCWeight_singleLepCalc)) * 0.000352883542956
Cuts: (leptonPt_singleLepCalc > 50) && (corr_met_singleLepCalc > 55) && (AK4HT > 480) && (minDR_lepJet > 0.4 || ptRel_lepJet > 40) && (NJetsAK8_JetSubCalc > 2) && (minDR_leadAK8otherAK8 < 3.0) && DataPastTrigger == 1 && isMuon==1
****************************************************************************************************
****************************************************************************************************
DISTRIBUTION: Tp2Mass
            -name in ljmet trees: Tprime2_ALGO_Mass
            -x-axis label is set to: ;M(T) [GeV])
            -using the binning as: [0.0, 60.0, 120.0, 180.0, 240.0, 300.0, 360.0, 420.0, 480.0, 540.0, 600.0, 660.0, 720.0, 780.0, 840.0, 900.0, 960.0, 1020.0, 1080.0, 1140.0, 1200.0, 1260.0, 1320.0, 1380.0, 1440.0, 1500.0, 1560.0, 1620.0, 1680.0, 1740.0, 1800.0, 1860.0, 1920.0, 1980.0, 2040.0, 2100.0, 2160.0, 2220.0, 2280.0, 2340.0, 2400.0, 2460.0, 2520.0, 2580.0, 2640.0, 2700.0, 2760.0, 2820.0, 2880.0, 2940.0, 3000.0]
/////////////////////////
PROCESSING:  TTM1400THTH
/////////////////////////
plotTreeName: Tprime2_DeepAK8_decorr_Mass
Flavour: M #tag: isV_tHtH #algo: DeepAK8_decorr
Weights: 1 * 1 * 1 * pileupWeight * 1 * lepIdSF * EGammaGsfSF * 1 * (MCWeight_singleLepCalc/abs(MCWeight_singleLepCalc)) * 8.82208857389e-05
Cuts: (leptonPt_singleLepCalc > 50) && (corr_met_singleLepCalc > 55) && (AK4HT > 480) && (minDR_lepJet > 0.4 || ptRel_lepJet > 40) && (NJetsAK8_JetSubCalc > 2) && (minDR_leadAK8otherAK8 < 3.0) && DataPastTrigger == 1 && isMuon==1
****************************************************************************************************
****************************************************************************************************
DISTRIBUTION: Tp2Mass
            -name in ljmet trees: Tprime2_ALGO_Mass
            -x-axis label is set to: ;M(T) [GeV])
            -using the binning as: [0.0, 60.0, 120.0, 180.0, 240.0, 300.0, 360.0, 420.0, 480.0, 540.0, 600.0, 660.0, 720.0, 780.0, 840.0, 900.0, 960.0, 1020.0, 1080.0, 1140.0, 1200.0, 1260.0, 1320.0, 1380.0, 1440.0, 1500.0, 1560.0, 1620.0, 1680.0, 1740.0, 1800.0, 1860.0, 1920.0, 1980.0, 2040.0, 2100.0, 2160.0, 2220.0, 2280.0, 2340.0, 2400.0, 2460.0, 2520.0, 2580.0, 2640.0, 2700.0, 2760.0, 2820.0, 2880.0, 2940.0, 3000.0]
/////////////////////////
PROCESSING:  TTM1400TZTZ
/////////////////////////
plotTreeName: Tprime2_DeepAK8_decorr_Mass
Flavour: M #tag: isV_tHtH #algo: DeepAK8_decorr
Weights: 1 * 1 * 1 * pileupWeight * 1 * lepIdSF * EGammaGsfSF * 1 * (MCWeight_singleLepCalc/abs(MCWeight_singleLepCalc)) * 8.82208857389e-05
Cuts: (leptonPt_singleLepCalc > 50) && (corr_met_singleLepCalc > 55) && (AK4HT > 480) && (minDR_lepJet > 0.4 || ptRel_lepJet > 40) && (NJetsAK8_JetSubCalc > 2) && (minDR_leadAK8otherAK8 < 3.0) && DataPastTrigger == 1 && isMuon==1
****************************************************************************************************
****************************************************************************************************
DISTRIBUTION: Tp2Mass
            -name in ljmet trees: Tprime2_ALGO_Mass
            -x-axis label is set to: ;M(T) [GeV])
            -using the binning as: [0.0, 60.0, 120.0, 180.0, 240.0, 300.0, 360.0, 420.0, 480.0, 540.0, 600.0, 660.0, 720.0, 780.0, 840.0, 900.0, 960.0, 1020.0, 1080.0, 1140.0, 1200.0, 1260.0, 1320.0, 1380.0, 1440.0, 1500.0, 1560.0, 1620.0, 1680.0, 1740.0, 1800.0, 1860.0, 1920.0, 1980.0, 2040.0, 2100.0, 2160.0, 2220.0, 2280.0, 2340.0, 2400.0, 2460.0, 2520.0, 2580.0, 2640.0, 2700.0, 2760.0, 2820.0, 2880.0, 2940.0, 3000.0]
/////////////////////////
PROCESSING:  TTM1400TZBW
/////////////////////////
plotTreeName: Tprime2_DeepAK8_decorr_Mass
Flavour: M #tag: isV_tHtH #algo: DeepAK8_decorr
Weights: 1 * 1 * 1 * pileupWeight * 1 * lepIdSF * EGammaGsfSF * 1 * (MCWeight_singleLepCalc/abs(MCWeight_singleLepCalc)) * 0.000176441771478
Cuts: (leptonPt_singleLepCalc > 50) && (corr_met_singleLepCalc > 55) && (AK4HT > 480) && (minDR_lepJet > 0.4 || ptRel_lepJet > 40) && (NJetsAK8_JetSubCalc > 2) && (minDR_leadAK8otherAK8 < 3.0) && DataPastTrigger == 1 && isMuon==1
****************************************************************************************************
****************************************************************************************************
DISTRIBUTION: Tp2Mass
            -name in ljmet trees: Tprime2_ALGO_Mass
            -x-axis label is set to: ;M(T) [GeV])
            -using the binning as: [0.0, 60.0, 120.0, 180.0, 240.0, 300.0, 360.0, 420.0, 480.0, 540.0, 600.0, 660.0, 720.0, 780.0, 840.0, 900.0, 960.0, 1020.0, 1080.0, 1140.0, 1200.0, 1260.0, 1320.0, 1380.0, 1440.0, 1500.0, 1560.0, 1620.0, 1680.0, 1740.0, 1800.0, 1860.0, 1920.0, 1980.0, 2040.0, 2100.0, 2160.0, 2220.0, 2280.0, 2340.0, 2400.0, 2460.0, 2520.0, 2580.0, 2640.0, 2700.0, 2760.0, 2820.0, 2880.0, 2940.0, 3000.0]
/////////////////////////
PROCESSING:  TTM1400THBW
/////////////////////////
plotTreeName: Tprime2_DeepAK8_decorr_Mass
Flavour: M #tag: isV_tHtH #algo: DeepAK8_decorr
Weights: 1 * 1 * 1 * pileupWeight * 1 * lepIdSF * EGammaGsfSF * 1 * (MCWeight_singleLepCalc/abs(MCWeight_singleLepCalc)) * 0.000176441771478
Cuts: (leptonPt_singleLepCalc > 50) && (corr_met_singleLepCalc > 55) && (AK4HT > 480) && (minDR_lepJet > 0.4 || ptRel_lepJet > 40) && (NJetsAK8_JetSubCalc > 2) && (minDR_leadAK8otherAK8 < 3.0) && DataPastTrigger == 1 && isMuon==1
****************************************************************************************************
****************************************************************************************************
DISTRIBUTION: Tp2Mass
            -name in ljmet trees: Tprime2_ALGO_Mass
            -x-axis label is set to: ;M(T) [GeV])
            -using the binning as: [0.0, 60.0, 120.0, 180.0, 240.0, 300.0, 360.0, 420.0, 480.0, 540.0, 600.0, 660.0, 720.0, 780.0, 840.0, 900.0, 960.0, 1020.0, 1080.0, 1140.0, 1200.0, 1260.0, 1320.0, 1380.0, 1440.0, 1500.0, 1560.0, 1620.0, 1680.0, 1740.0, 1800.0, 1860.0, 1920.0, 1980.0, 2040.0, 2100.0, 2160.0, 2220.0, 2280.0, 2340.0, 2400.0, 2460.0, 2520.0, 2580.0, 2640.0, 2700.0, 2760.0, 2820.0, 2880.0, 2940.0, 3000.0]
/////////////////////////
PROCESSING:  TTM1400TZTH
/////////////////////////
plotTreeName: Tprime2_DeepAK8_decorr_Mass
Flavour: M #tag: isV_tHtH #algo: DeepAK8_decorr
Weights: 1 * 1 * 1 * pileupWeight * 1 * lepIdSF * EGammaGsfSF * 1 * (MCWeight_singleLepCalc/abs(MCWeight_singleLepCalc)) * 8.82208857389e-05
Cuts: (leptonPt_singleLepCalc > 50) && (corr_met_singleLepCalc > 55) && (AK4HT > 480) && (minDR_lepJet > 0.4 || ptRel_lepJet > 40) && (NJetsAK8_JetSubCalc > 2) && (minDR_leadAK8otherAK8 < 3.0) && DataPastTrigger == 1 && isMuon==1
****************************************************************************************************
****************************************************************************************************
DISTRIBUTION: Tp2Mass
            -name in ljmet trees: Tprime2_ALGO_Mass
            -x-axis label is set to: ;M(T) [GeV])
            -using the binning as: [0.0, 60.0, 120.0, 180.0, 240.0, 300.0, 360.0, 420.0, 480.0, 540.0, 600.0, 660.0, 720.0, 780.0, 840.0, 900.0, 960.0, 1020.0, 1080.0, 1140.0, 1200.0, 1260.0, 1320.0, 1380.0, 1440.0, 1500.0, 1560.0, 1620.0, 1680.0, 1740.0, 1800.0, 1860.0, 1920.0, 1980.0, 2040.0, 2100.0, 2160.0, 2220.0, 2280.0, 2340.0, 2400.0, 2460.0, 2520.0, 2580.0, 2640.0, 2700.0, 2760.0, 2820.0, 2880.0, 2940.0, 3000.0]
/////////////////////////
PROCESSING:  TTM1500BWBW
/////////////////////////
plotTreeName: Tprime2_DeepAK8_decorr_Mass
Flavour: M #tag: isV_tHtH #algo: DeepAK8_decorr
Weights: 1 * 1 * 1 * pileupWeight * 1 * lepIdSF * EGammaGsfSF * 1 * (MCWeight_singleLepCalc/abs(MCWeight_singleLepCalc)) * 0.00019932135405
Cuts: (leptonPt_singleLepCalc > 50) && (corr_met_singleLepCalc > 55) && (AK4HT > 480) && (minDR_lepJet > 0.4 || ptRel_lepJet > 40) && (NJetsAK8_JetSubCalc > 2) && (minDR_leadAK8otherAK8 < 3.0) && DataPastTrigger == 1 && isMuon==1
****************************************************************************************************
****************************************************************************************************
DISTRIBUTION: Tp2Mass
            -name in ljmet trees: Tprime2_ALGO_Mass
            -x-axis label is set to: ;M(T) [GeV])
            -using the binning as: [0.0, 60.0, 120.0, 180.0, 240.0, 300.0, 360.0, 420.0, 480.0, 540.0, 600.0, 660.0, 720.0, 780.0, 840.0, 900.0, 960.0, 1020.0, 1080.0, 1140.0, 1200.0, 1260.0, 1320.0, 1380.0, 1440.0, 1500.0, 1560.0, 1620.0, 1680.0, 1740.0, 1800.0, 1860.0, 1920.0, 1980.0, 2040.0, 2100.0, 2160.0, 2220.0, 2280.0, 2340.0, 2400.0, 2460.0, 2520.0, 2580.0, 2640.0, 2700.0, 2760.0, 2820.0, 2880.0, 2940.0, 3000.0]
/////////////////////////
PROCESSING:  TTM1500THTH
/////////////////////////
plotTreeName: Tprime2_DeepAK8_decorr_Mass
Flavour: M #tag: isV_tHtH #algo: DeepAK8_decorr
Weights: 1 * 1 * 1 * pileupWeight * 1 * lepIdSF * EGammaGsfSF * 1 * (MCWeight_singleLepCalc/abs(MCWeight_singleLepCalc)) * 4.98303385124e-05
Cuts: (leptonPt_singleLepCalc > 50) && (corr_met_singleLepCalc > 55) && (AK4HT > 480) && (minDR_lepJet > 0.4 || ptRel_lepJet > 40) && (NJetsAK8_JetSubCalc > 2) && (minDR_leadAK8otherAK8 < 3.0) && DataPastTrigger == 1 && isMuon==1
****************************************************************************************************
****************************************************************************************************
DISTRIBUTION: Tp2Mass
            -name in ljmet trees: Tprime2_ALGO_Mass
            -x-axis label is set to: ;M(T) [GeV])
            -using the binning as: [0.0, 60.0, 120.0, 180.0, 240.0, 300.0, 360.0, 420.0, 480.0, 540.0, 600.0, 660.0, 720.0, 780.0, 840.0, 900.0, 960.0, 1020.0, 1080.0, 1140.0, 1200.0, 1260.0, 1320.0, 1380.0, 1440.0, 1500.0, 1560.0, 1620.0, 1680.0, 1740.0, 1800.0, 1860.0, 1920.0, 1980.0, 2040.0, 2100.0, 2160.0, 2220.0, 2280.0, 2340.0, 2400.0, 2460.0, 2520.0, 2580.0, 2640.0, 2700.0, 2760.0, 2820.0, 2880.0, 2940.0, 3000.0]
/////////////////////////
PROCESSING:  TTM1500TZTZ
/////////////////////////
plotTreeName: Tprime2_DeepAK8_decorr_Mass
Flavour: M #tag: isV_tHtH #algo: DeepAK8_decorr
Weights: 1 * 1 * 1 * pileupWeight * 1 * lepIdSF * EGammaGsfSF * 1 * (MCWeight_singleLepCalc/abs(MCWeight_singleLepCalc)) * 4.98303385124e-05
Cuts: (leptonPt_singleLepCalc > 50) && (corr_met_singleLepCalc > 55) && (AK4HT > 480) && (minDR_lepJet > 0.4 || ptRel_lepJet > 40) && (NJetsAK8_JetSubCalc > 2) && (minDR_leadAK8otherAK8 < 3.0) && DataPastTrigger == 1 && isMuon==1
****************************************************************************************************
****************************************************************************************************
DISTRIBUTION: Tp2Mass
            -name in ljmet trees: Tprime2_ALGO_Mass
            -x-axis label is set to: ;M(T) [GeV])
            -using the binning as: [0.0, 60.0, 120.0, 180.0, 240.0, 300.0, 360.0, 420.0, 480.0, 540.0, 600.0, 660.0, 720.0, 780.0, 840.0, 900.0, 960.0, 1020.0, 1080.0, 1140.0, 1200.0, 1260.0, 1320.0, 1380.0, 1440.0, 1500.0, 1560.0, 1620.0, 1680.0, 1740.0, 1800.0, 1860.0, 1920.0, 1980.0, 2040.0, 2100.0, 2160.0, 2220.0, 2280.0, 2340.0, 2400.0, 2460.0, 2520.0, 2580.0, 2640.0, 2700.0, 2760.0, 2820.0, 2880.0, 2940.0, 3000.0]
/////////////////////////
PROCESSING:  TTM1500TZBW
/////////////////////////
plotTreeName: Tprime2_DeepAK8_decorr_Mass
Flavour: M #tag: isV_tHtH #algo: DeepAK8_decorr
Weights: 1 * 1 * 1 * pileupWeight * 1 * lepIdSF * EGammaGsfSF * 1 * (MCWeight_singleLepCalc/abs(MCWeight_singleLepCalc)) * 9.96606770248e-05
Cuts: (leptonPt_singleLepCalc > 50) && (corr_met_singleLepCalc > 55) && (AK4HT > 480) && (minDR_lepJet > 0.4 || ptRel_lepJet > 40) && (NJetsAK8_JetSubCalc > 2) && (minDR_leadAK8otherAK8 < 3.0) && DataPastTrigger == 1 && isMuon==1
****************************************************************************************************
****************************************************************************************************
DISTRIBUTION: Tp2Mass
            -name in ljmet trees: Tprime2_ALGO_Mass
            -x-axis label is set to: ;M(T) [GeV])
            -using the binning as: [0.0, 60.0, 120.0, 180.0, 240.0, 300.0, 360.0, 420.0, 480.0, 540.0, 600.0, 660.0, 720.0, 780.0, 840.0, 900.0, 960.0, 1020.0, 1080.0, 1140.0, 1200.0, 1260.0, 1320.0, 1380.0, 1440.0, 1500.0, 1560.0, 1620.0, 1680.0, 1740.0, 1800.0, 1860.0, 1920.0, 1980.0, 2040.0, 2100.0, 2160.0, 2220.0, 2280.0, 2340.0, 2400.0, 2460.0, 2520.0, 2580.0, 2640.0, 2700.0, 2760.0, 2820.0, 2880.0, 2940.0, 3000.0]
/////////////////////////
PROCESSING:  TTM1500THBW
/////////////////////////
plotTreeName: Tprime2_DeepAK8_decorr_Mass
Flavour: M #tag: isV_tHtH #algo: DeepAK8_decorr
Weights: 1 * 1 * 1 * pileupWeight * 1 * lepIdSF * EGammaGsfSF * 1 * (MCWeight_singleLepCalc/abs(MCWeight_singleLepCalc)) * 9.96606770248e-05
Cuts: (leptonPt_singleLepCalc > 50) && (corr_met_singleLepCalc > 55) && (AK4HT > 480) && (minDR_lepJet > 0.4 || ptRel_lepJet > 40) && (NJetsAK8_JetSubCalc > 2) && (minDR_leadAK8otherAK8 < 3.0) && DataPastTrigger == 1 && isMuon==1
****************************************************************************************************
****************************************************************************************************
DISTRIBUTION: Tp2Mass
            -name in ljmet trees: Tprime2_ALGO_Mass
            -x-axis label is set to: ;M(T) [GeV])
            -using the binning as: [0.0, 60.0, 120.0, 180.0, 240.0, 300.0, 360.0, 420.0, 480.0, 540.0, 600.0, 660.0, 720.0, 780.0, 840.0, 900.0, 960.0, 1020.0, 1080.0, 1140.0, 1200.0, 1260.0, 1320.0, 1380.0, 1440.0, 1500.0, 1560.0, 1620.0, 1680.0, 1740.0, 1800.0, 1860.0, 1920.0, 1980.0, 2040.0, 2100.0, 2160.0, 2220.0, 2280.0, 2340.0, 2400.0, 2460.0, 2520.0, 2580.0, 2640.0, 2700.0, 2760.0, 2820.0, 2880.0, 2940.0, 3000.0]
/////////////////////////
PROCESSING:  TTM1500TZTH
/////////////////////////
plotTreeName: Tprime2_DeepAK8_decorr_Mass
Flavour: M #tag: isV_tHtH #algo: DeepAK8_decorr
Weights: 1 * 1 * 1 * pileupWeight * 1 * lepIdSF * EGammaGsfSF * 1 * (MCWeight_singleLepCalc/abs(MCWeight_singleLepCalc)) * 4.98303385124e-05
Cuts: (leptonPt_singleLepCalc > 50) && (corr_met_singleLepCalc > 55) && (AK4HT > 480) && (minDR_lepJet > 0.4 || ptRel_lepJet > 40) && (NJetsAK8_JetSubCalc > 2) && (minDR_leadAK8otherAK8 < 3.0) && DataPastTrigger == 1 && isMuon==1
****************************************************************************************************
****************************************************************************************************
DISTRIBUTION: Tp2Mass
            -name in ljmet trees: Tprime2_ALGO_Mass
            -x-axis label is set to: ;M(T) [GeV])
            -using the binning as: [0.0, 60.0, 120.0, 180.0, 240.0, 300.0, 360.0, 420.0, 480.0, 540.0, 600.0, 660.0, 720.0, 780.0, 840.0, 900.0, 960.0, 1020.0, 1080.0, 1140.0, 1200.0, 1260.0, 1320.0, 1380.0, 1440.0, 1500.0, 1560.0, 1620.0, 1680.0, 1740.0, 1800.0, 1860.0, 1920.0, 1980.0, 2040.0, 2100.0, 2160.0, 2220.0, 2280.0, 2340.0, 2400.0, 2460.0, 2520.0, 2580.0, 2640.0, 2700.0, 2760.0, 2820.0, 2880.0, 2940.0, 3000.0]
/////////////////////////
PROCESSING:  TTM1600BWBW
/////////////////////////
plotTreeName: Tprime2_DeepAK8_decorr_Mass
Flavour: M #tag: isV_tHtH #algo: DeepAK8_decorr
Weights: 1 * 1 * 1 * pileupWeight * 1 * lepIdSF * EGammaGsfSF * 1 * (MCWeight_singleLepCalc/abs(MCWeight_singleLepCalc)) * 0.000114437939919
Cuts: (leptonPt_singleLepCalc > 50) && (corr_met_singleLepCalc > 55) && (AK4HT > 480) && (minDR_lepJet > 0.4 || ptRel_lepJet > 40) && (NJetsAK8_JetSubCalc > 2) && (minDR_leadAK8otherAK8 < 3.0) && DataPastTrigger == 1 && isMuon==1
****************************************************************************************************
****************************************************************************************************
DISTRIBUTION: Tp2Mass
            -name in ljmet trees: Tprime2_ALGO_Mass
            -x-axis label is set to: ;M(T) [GeV])
            -using the binning as: [0.0, 60.0, 120.0, 180.0, 240.0, 300.0, 360.0, 420.0, 480.0, 540.0, 600.0, 660.0, 720.0, 780.0, 840.0, 900.0, 960.0, 1020.0, 1080.0, 1140.0, 1200.0, 1260.0, 1320.0, 1380.0, 1440.0, 1500.0, 1560.0, 1620.0, 1680.0, 1740.0, 1800.0, 1860.0, 1920.0, 1980.0, 2040.0, 2100.0, 2160.0, 2220.0, 2280.0, 2340.0, 2400.0, 2460.0, 2520.0, 2580.0, 2640.0, 2700.0, 2760.0, 2820.0, 2880.0, 2940.0, 3000.0]
/////////////////////////
PROCESSING:  TTM1600THTH
/////////////////////////
plotTreeName: Tprime2_DeepAK8_decorr_Mass
Flavour: M #tag: isV_tHtH #algo: DeepAK8_decorr
Weights: 1 * 1 * 1 * pileupWeight * 1 * lepIdSF * EGammaGsfSF * 1 * (MCWeight_singleLepCalc/abs(MCWeight_singleLepCalc)) * 2.86094849797e-05
Cuts: (leptonPt_singleLepCalc > 50) && (corr_met_singleLepCalc > 55) && (AK4HT > 480) && (minDR_lepJet > 0.4 || ptRel_lepJet > 40) && (NJetsAK8_JetSubCalc > 2) && (minDR_leadAK8otherAK8 < 3.0) && DataPastTrigger == 1 && isMuon==1
****************************************************************************************************
****************************************************************************************************
DISTRIBUTION: Tp2Mass
            -name in ljmet trees: Tprime2_ALGO_Mass
            -x-axis label is set to: ;M(T) [GeV])
            -using the binning as: [0.0, 60.0, 120.0, 180.0, 240.0, 300.0, 360.0, 420.0, 480.0, 540.0, 600.0, 660.0, 720.0, 780.0, 840.0, 900.0, 960.0, 1020.0, 1080.0, 1140.0, 1200.0, 1260.0, 1320.0, 1380.0, 1440.0, 1500.0, 1560.0, 1620.0, 1680.0, 1740.0, 1800.0, 1860.0, 1920.0, 1980.0, 2040.0, 2100.0, 2160.0, 2220.0, 2280.0, 2340.0, 2400.0, 2460.0, 2520.0, 2580.0, 2640.0, 2700.0, 2760.0, 2820.0, 2880.0, 2940.0, 3000.0]
/////////////////////////
PROCESSING:  TTM1600TZTZ
/////////////////////////
plotTreeName: Tprime2_DeepAK8_decorr_Mass
Flavour: M #tag: isV_tHtH #algo: DeepAK8_decorr
Weights: 1 * 1 * 1 * pileupWeight * 1 * lepIdSF * EGammaGsfSF * 1 * (MCWeight_singleLepCalc/abs(MCWeight_singleLepCalc)) * 2.86094849797e-05
Cuts: (leptonPt_singleLepCalc > 50) && (corr_met_singleLepCalc > 55) && (AK4HT > 480) && (minDR_lepJet > 0.4 || ptRel_lepJet > 40) && (NJetsAK8_JetSubCalc > 2) && (minDR_leadAK8otherAK8 < 3.0) && DataPastTrigger == 1 && isMuon==1
****************************************************************************************************
****************************************************************************************************
DISTRIBUTION: Tp2Mass
            -name in ljmet trees: Tprime2_ALGO_Mass
            -x-axis label is set to: ;M(T) [GeV])
            -using the binning as: [0.0, 60.0, 120.0, 180.0, 240.0, 300.0, 360.0, 420.0, 480.0, 540.0, 600.0, 660.0, 720.0, 780.0, 840.0, 900.0, 960.0, 1020.0, 1080.0, 1140.0, 1200.0, 1260.0, 1320.0, 1380.0, 1440.0, 1500.0, 1560.0, 1620.0, 1680.0, 1740.0, 1800.0, 1860.0, 1920.0, 1980.0, 2040.0, 2100.0, 2160.0, 2220.0, 2280.0, 2340.0, 2400.0, 2460.0, 2520.0, 2580.0, 2640.0, 2700.0, 2760.0, 2820.0, 2880.0, 2940.0, 3000.0]
/////////////////////////
PROCESSING:  TTM1600TZBW
/////////////////////////
plotTreeName: Tprime2_DeepAK8_decorr_Mass
Flavour: M #tag: isV_tHtH #algo: DeepAK8_decorr
Weights: 1 * 1 * 1 * pileupWeight * 1 * lepIdSF * EGammaGsfSF * 1 * (MCWeight_singleLepCalc/abs(MCWeight_singleLepCalc)) * 5.72189699595e-05
Cuts: (leptonPt_singleLepCalc > 50) && (corr_met_singleLepCalc > 55) && (AK4HT > 480) && (minDR_lepJet > 0.4 || ptRel_lepJet > 40) && (NJetsAK8_JetSubCalc > 2) && (minDR_leadAK8otherAK8 < 3.0) && DataPastTrigger == 1 && isMuon==1
****************************************************************************************************
****************************************************************************************************
DISTRIBUTION: Tp2Mass
            -name in ljmet trees: Tprime2_ALGO_Mass
            -x-axis label is set to: ;M(T) [GeV])
            -using the binning as: [0.0, 60.0, 120.0, 180.0, 240.0, 300.0, 360.0, 420.0, 480.0, 540.0, 600.0, 660.0, 720.0, 780.0, 840.0, 900.0, 960.0, 1020.0, 1080.0, 1140.0, 1200.0, 1260.0, 1320.0, 1380.0, 1440.0, 1500.0, 1560.0, 1620.0, 1680.0, 1740.0, 1800.0, 1860.0, 1920.0, 1980.0, 2040.0, 2100.0, 2160.0, 2220.0, 2280.0, 2340.0, 2400.0, 2460.0, 2520.0, 2580.0, 2640.0, 2700.0, 2760.0, 2820.0, 2880.0, 2940.0, 3000.0]
/////////////////////////
PROCESSING:  TTM1600THBW
/////////////////////////
plotTreeName: Tprime2_DeepAK8_decorr_Mass
Flavour: M #tag: isV_tHtH #algo: DeepAK8_decorr
Weights: 1 * 1 * 1 * pileupWeight * 1 * lepIdSF * EGammaGsfSF * 1 * (MCWeight_singleLepCalc/abs(MCWeight_singleLepCalc)) * 5.72189699595e-05
Cuts: (leptonPt_singleLepCalc > 50) && (corr_met_singleLepCalc > 55) && (AK4HT > 480) && (minDR_lepJet > 0.4 || ptRel_lepJet > 40) && (NJetsAK8_JetSubCalc > 2) && (minDR_leadAK8otherAK8 < 3.0) && DataPastTrigger == 1 && isMuon==1
****************************************************************************************************
****************************************************************************************************
DISTRIBUTION: Tp2Mass
            -name in ljmet trees: Tprime2_ALGO_Mass
            -x-axis label is set to: ;M(T) [GeV])
            -using the binning as: [0.0, 60.0, 120.0, 180.0, 240.0, 300.0, 360.0, 420.0, 480.0, 540.0, 600.0, 660.0, 720.0, 780.0, 840.0, 900.0, 960.0, 1020.0, 1080.0, 1140.0, 1200.0, 1260.0, 1320.0, 1380.0, 1440.0, 1500.0, 1560.0, 1620.0, 1680.0, 1740.0, 1800.0, 1860.0, 1920.0, 1980.0, 2040.0, 2100.0, 2160.0, 2220.0, 2280.0, 2340.0, 2400.0, 2460.0, 2520.0, 2580.0, 2640.0, 2700.0, 2760.0, 2820.0, 2880.0, 2940.0, 3000.0]
/////////////////////////
PROCESSING:  TTM1600TZTH
/////////////////////////
plotTreeName: Tprime2_DeepAK8_decorr_Mass
Flavour: M #tag: isV_tHtH #algo: DeepAK8_decorr
Weights: 1 * 1 * 1 * pileupWeight * 1 * lepIdSF * EGammaGsfSF * 1 * (MCWeight_singleLepCalc/abs(MCWeight_singleLepCalc)) * 2.86094849797e-05
Cuts: (leptonPt_singleLepCalc > 50) && (corr_met_singleLepCalc > 55) && (AK4HT > 480) && (minDR_lepJet > 0.4 || ptRel_lepJet > 40) && (NJetsAK8_JetSubCalc > 2) && (minDR_leadAK8otherAK8 < 3.0) && DataPastTrigger == 1 && isMuon==1
****************************************************************************************************
****************************************************************************************************
DISTRIBUTION: Tp2Mass
            -name in ljmet trees: Tprime2_ALGO_Mass
            -x-axis label is set to: ;M(T) [GeV])
            -using the binning as: [0.0, 60.0, 120.0, 180.0, 240.0, 300.0, 360.0, 420.0, 480.0, 540.0, 600.0, 660.0, 720.0, 780.0, 840.0, 900.0, 960.0, 1020.0, 1080.0, 1140.0, 1200.0, 1260.0, 1320.0, 1380.0, 1440.0, 1500.0, 1560.0, 1620.0, 1680.0, 1740.0, 1800.0, 1860.0, 1920.0, 1980.0, 2040.0, 2100.0, 2160.0, 2220.0, 2280.0, 2340.0, 2400.0, 2460.0, 2520.0, 2580.0, 2640.0, 2700.0, 2760.0, 2820.0, 2880.0, 2940.0, 3000.0]
/////////////////////////
PROCESSING:  TTM1700BWBW
/////////////////////////
plotTreeName: Tprime2_DeepAK8_decorr_Mass
Flavour: M #tag: isV_tHtH #algo: DeepAK8_decorr
Weights: 1 * 1 * 1 * pileupWeight * 1 * lepIdSF * EGammaGsfSF * 1 * (MCWeight_singleLepCalc/abs(MCWeight_singleLepCalc)) * 6.93554282011e-05
Cuts: (leptonPt_singleLepCalc > 50) && (corr_met_singleLepCalc > 55) && (AK4HT > 480) && (minDR_lepJet > 0.4 || ptRel_lepJet > 40) && (NJetsAK8_JetSubCalc > 2) && (minDR_leadAK8otherAK8 < 3.0) && DataPastTrigger == 1 && isMuon==1
****************************************************************************************************
****************************************************************************************************
DISTRIBUTION: Tp2Mass
            -name in ljmet trees: Tprime2_ALGO_Mass
            -x-axis label is set to: ;M(T) [GeV])
            -using the binning as: [0.0, 60.0, 120.0, 180.0, 240.0, 300.0, 360.0, 420.0, 480.0, 540.0, 600.0, 660.0, 720.0, 780.0, 840.0, 900.0, 960.0, 1020.0, 1080.0, 1140.0, 1200.0, 1260.0, 1320.0, 1380.0, 1440.0, 1500.0, 1560.0, 1620.0, 1680.0, 1740.0, 1800.0, 1860.0, 1920.0, 1980.0, 2040.0, 2100.0, 2160.0, 2220.0, 2280.0, 2340.0, 2400.0, 2460.0, 2520.0, 2580.0, 2640.0, 2700.0, 2760.0, 2820.0, 2880.0, 2940.0, 3000.0]
/////////////////////////
PROCESSING:  TTM1700THTH
/////////////////////////
plotTreeName: Tprime2_DeepAK8_decorr_Mass
Flavour: M #tag: isV_tHtH #algo: DeepAK8_decorr
Weights: 1 * 1 * 1 * pileupWeight * 1 * lepIdSF * EGammaGsfSF * 1 * (MCWeight_singleLepCalc/abs(MCWeight_singleLepCalc)) * 1.73388570503e-05
Cuts: (leptonPt_singleLepCalc > 50) && (corr_met_singleLepCalc > 55) && (AK4HT > 480) && (minDR_lepJet > 0.4 || ptRel_lepJet > 40) && (NJetsAK8_JetSubCalc > 2) && (minDR_leadAK8otherAK8 < 3.0) && DataPastTrigger == 1 && isMuon==1
****************************************************************************************************
****************************************************************************************************
DISTRIBUTION: Tp2Mass
            -name in ljmet trees: Tprime2_ALGO_Mass
            -x-axis label is set to: ;M(T) [GeV])
            -using the binning as: [0.0, 60.0, 120.0, 180.0, 240.0, 300.0, 360.0, 420.0, 480.0, 540.0, 600.0, 660.0, 720.0, 780.0, 840.0, 900.0, 960.0, 1020.0, 1080.0, 1140.0, 1200.0, 1260.0, 1320.0, 1380.0, 1440.0, 1500.0, 1560.0, 1620.0, 1680.0, 1740.0, 1800.0, 1860.0, 1920.0, 1980.0, 2040.0, 2100.0, 2160.0, 2220.0, 2280.0, 2340.0, 2400.0, 2460.0, 2520.0, 2580.0, 2640.0, 2700.0, 2760.0, 2820.0, 2880.0, 2940.0, 3000.0]
/////////////////////////
PROCESSING:  TTM1700TZTZ
/////////////////////////
plotTreeName: Tprime2_DeepAK8_decorr_Mass
Flavour: M #tag: isV_tHtH #algo: DeepAK8_decorr
Weights: 1 * 1 * 1 * pileupWeight * 1 * lepIdSF * EGammaGsfSF * 1 * (MCWeight_singleLepCalc/abs(MCWeight_singleLepCalc)) * 1.73388570503e-05
Cuts: (leptonPt_singleLepCalc > 50) && (corr_met_singleLepCalc > 55) && (AK4HT > 480) && (minDR_lepJet > 0.4 || ptRel_lepJet > 40) && (NJetsAK8_JetSubCalc > 2) && (minDR_leadAK8otherAK8 < 3.0) && DataPastTrigger == 1 && isMuon==1
****************************************************************************************************
****************************************************************************************************
DISTRIBUTION: Tp2Mass
            -name in ljmet trees: Tprime2_ALGO_Mass
            -x-axis label is set to: ;M(T) [GeV])
            -using the binning as: [0.0, 60.0, 120.0, 180.0, 240.0, 300.0, 360.0, 420.0, 480.0, 540.0, 600.0, 660.0, 720.0, 780.0, 840.0, 900.0, 960.0, 1020.0, 1080.0, 1140.0, 1200.0, 1260.0, 1320.0, 1380.0, 1440.0, 1500.0, 1560.0, 1620.0, 1680.0, 1740.0, 1800.0, 1860.0, 1920.0, 1980.0, 2040.0, 2100.0, 2160.0, 2220.0, 2280.0, 2340.0, 2400.0, 2460.0, 2520.0, 2580.0, 2640.0, 2700.0, 2760.0, 2820.0, 2880.0, 2940.0, 3000.0]
/////////////////////////
PROCESSING:  TTM1700TZBW
/////////////////////////
plotTreeName: Tprime2_DeepAK8_decorr_Mass
Flavour: M #tag: isV_tHtH #algo: DeepAK8_decorr
Weights: 1 * 1 * 1 * pileupWeight * 1 * lepIdSF * EGammaGsfSF * 1 * (MCWeight_singleLepCalc/abs(MCWeight_singleLepCalc)) * 3.46777141005e-05
Cuts: (leptonPt_singleLepCalc > 50) && (corr_met_singleLepCalc > 55) && (AK4HT > 480) && (minDR_lepJet > 0.4 || ptRel_lepJet > 40) && (NJetsAK8_JetSubCalc > 2) && (minDR_leadAK8otherAK8 < 3.0) && DataPastTrigger == 1 && isMuon==1
****************************************************************************************************
****************************************************************************************************
DISTRIBUTION: Tp2Mass
            -name in ljmet trees: Tprime2_ALGO_Mass
            -x-axis label is set to: ;M(T) [GeV])
            -using the binning as: [0.0, 60.0, 120.0, 180.0, 240.0, 300.0, 360.0, 420.0, 480.0, 540.0, 600.0, 660.0, 720.0, 780.0, 840.0, 900.0, 960.0, 1020.0, 1080.0, 1140.0, 1200.0, 1260.0, 1320.0, 1380.0, 1440.0, 1500.0, 1560.0, 1620.0, 1680.0, 1740.0, 1800.0, 1860.0, 1920.0, 1980.0, 2040.0, 2100.0, 2160.0, 2220.0, 2280.0, 2340.0, 2400.0, 2460.0, 2520.0, 2580.0, 2640.0, 2700.0, 2760.0, 2820.0, 2880.0, 2940.0, 3000.0]
/////////////////////////
PROCESSING:  TTM1700THBW
/////////////////////////
plotTreeName: Tprime2_DeepAK8_decorr_Mass
Flavour: M #tag: isV_tHtH #algo: DeepAK8_decorr
Weights: 1 * 1 * 1 * pileupWeight * 1 * lepIdSF * EGammaGsfSF * 1 * (MCWeight_singleLepCalc/abs(MCWeight_singleLepCalc)) * 3.46777141005e-05
Cuts: (leptonPt_singleLepCalc > 50) && (corr_met_singleLepCalc > 55) && (AK4HT > 480) && (minDR_lepJet > 0.4 || ptRel_lepJet > 40) && (NJetsAK8_JetSubCalc > 2) && (minDR_leadAK8otherAK8 < 3.0) && DataPastTrigger == 1 && isMuon==1
****************************************************************************************************
****************************************************************************************************
DISTRIBUTION: Tp2Mass
            -name in ljmet trees: Tprime2_ALGO_Mass
            -x-axis label is set to: ;M(T) [GeV])
            -using the binning as: [0.0, 60.0, 120.0, 180.0, 240.0, 300.0, 360.0, 420.0, 480.0, 540.0, 600.0, 660.0, 720.0, 780.0, 840.0, 900.0, 960.0, 1020.0, 1080.0, 1140.0, 1200.0, 1260.0, 1320.0, 1380.0, 1440.0, 1500.0, 1560.0, 1620.0, 1680.0, 1740.0, 1800.0, 1860.0, 1920.0, 1980.0, 2040.0, 2100.0, 2160.0, 2220.0, 2280.0, 2340.0, 2400.0, 2460.0, 2520.0, 2580.0, 2640.0, 2700.0, 2760.0, 2820.0, 2880.0, 2940.0, 3000.0]
/////////////////////////
PROCESSING:  TTM1700TZTH
/////////////////////////
plotTreeName: Tprime2_DeepAK8_decorr_Mass
Flavour: M #tag: isV_tHtH #algo: DeepAK8_decorr
Weights: 1 * 1 * 1 * pileupWeight * 1 * lepIdSF * EGammaGsfSF * 1 * (MCWeight_singleLepCalc/abs(MCWeight_singleLepCalc)) * 1.73388570503e-05
Cuts: (leptonPt_singleLepCalc > 50) && (corr_met_singleLepCalc > 55) && (AK4HT > 480) && (minDR_lepJet > 0.4 || ptRel_lepJet > 40) && (NJetsAK8_JetSubCalc > 2) && (minDR_leadAK8otherAK8 < 3.0) && DataPastTrigger == 1 && isMuon==1
****************************************************************************************************
****************************************************************************************************
DISTRIBUTION: Tp2Mass
            -name in ljmet trees: Tprime2_ALGO_Mass
            -x-axis label is set to: ;M(T) [GeV])
            -using the binning as: [0.0, 60.0, 120.0, 180.0, 240.0, 300.0, 360.0, 420.0, 480.0, 540.0, 600.0, 660.0, 720.0, 780.0, 840.0, 900.0, 960.0, 1020.0, 1080.0, 1140.0, 1200.0, 1260.0, 1320.0, 1380.0, 1440.0, 1500.0, 1560.0, 1620.0, 1680.0, 1740.0, 1800.0, 1860.0, 1920.0, 1980.0, 2040.0, 2100.0, 2160.0, 2220.0, 2280.0, 2340.0, 2400.0, 2460.0, 2520.0, 2580.0, 2640.0, 2700.0, 2760.0, 2820.0, 2880.0, 2940.0, 3000.0]
/////////////////////////
PROCESSING:  TTM1800BWBW
/////////////////////////
plotTreeName: Tprime2_DeepAK8_decorr_Mass
Flavour: M #tag: isV_tHtH #algo: DeepAK8_decorr
Weights: 1 * 1 * 1 * pileupWeight * 1 * lepIdSF * EGammaGsfSF * 1 * (MCWeight_singleLepCalc/abs(MCWeight_singleLepCalc)) * 3.89579688164e-05
Cuts: (leptonPt_singleLepCalc > 50) && (corr_met_singleLepCalc > 55) && (AK4HT > 480) && (minDR_lepJet > 0.4 || ptRel_lepJet > 40) && (NJetsAK8_JetSubCalc > 2) && (minDR_leadAK8otherAK8 < 3.0) && DataPastTrigger == 1 && isMuon==1
****************************************************************************************************
****************************************************************************************************
DISTRIBUTION: Tp2Mass
            -name in ljmet trees: Tprime2_ALGO_Mass
            -x-axis label is set to: ;M(T) [GeV])
            -using the binning as: [0.0, 60.0, 120.0, 180.0, 240.0, 300.0, 360.0, 420.0, 480.0, 540.0, 600.0, 660.0, 720.0, 780.0, 840.0, 900.0, 960.0, 1020.0, 1080.0, 1140.0, 1200.0, 1260.0, 1320.0, 1380.0, 1440.0, 1500.0, 1560.0, 1620.0, 1680.0, 1740.0, 1800.0, 1860.0, 1920.0, 1980.0, 2040.0, 2100.0, 2160.0, 2220.0, 2280.0, 2340.0, 2400.0, 2460.0, 2520.0, 2580.0, 2640.0, 2700.0, 2760.0, 2820.0, 2880.0, 2940.0, 3000.0]
/////////////////////////
PROCESSING:  TTM1800THTH
/////////////////////////
plotTreeName: Tprime2_DeepAK8_decorr_Mass
Flavour: M #tag: isV_tHtH #algo: DeepAK8_decorr
Weights: 1 * 1 * 1 * pileupWeight * 1 * lepIdSF * EGammaGsfSF * 1 * (MCWeight_singleLepCalc/abs(MCWeight_singleLepCalc)) * 9.7394922041e-06
Cuts: (leptonPt_singleLepCalc > 50) && (corr_met_singleLepCalc > 55) && (AK4HT > 480) && (minDR_lepJet > 0.4 || ptRel_lepJet > 40) && (NJetsAK8_JetSubCalc > 2) && (minDR_leadAK8otherAK8 < 3.0) && DataPastTrigger == 1 && isMuon==1
****************************************************************************************************
****************************************************************************************************
DISTRIBUTION: Tp2Mass
            -name in ljmet trees: Tprime2_ALGO_Mass
            -x-axis label is set to: ;M(T) [GeV])
            -using the binning as: [0.0, 60.0, 120.0, 180.0, 240.0, 300.0, 360.0, 420.0, 480.0, 540.0, 600.0, 660.0, 720.0, 780.0, 840.0, 900.0, 960.0, 1020.0, 1080.0, 1140.0, 1200.0, 1260.0, 1320.0, 1380.0, 1440.0, 1500.0, 1560.0, 1620.0, 1680.0, 1740.0, 1800.0, 1860.0, 1920.0, 1980.0, 2040.0, 2100.0, 2160.0, 2220.0, 2280.0, 2340.0, 2400.0, 2460.0, 2520.0, 2580.0, 2640.0, 2700.0, 2760.0, 2820.0, 2880.0, 2940.0, 3000.0]
/////////////////////////
PROCESSING:  TTM1800TZTZ
/////////////////////////
plotTreeName: Tprime2_DeepAK8_decorr_Mass
Flavour: M #tag: isV_tHtH #algo: DeepAK8_decorr
Weights: 1 * 1 * 1 * pileupWeight * 1 * lepIdSF * EGammaGsfSF * 1 * (MCWeight_singleLepCalc/abs(MCWeight_singleLepCalc)) * 9.7394922041e-06
Cuts: (leptonPt_singleLepCalc > 50) && (corr_met_singleLepCalc > 55) && (AK4HT > 480) && (minDR_lepJet > 0.4 || ptRel_lepJet > 40) && (NJetsAK8_JetSubCalc > 2) && (minDR_leadAK8otherAK8 < 3.0) && DataPastTrigger == 1 && isMuon==1
****************************************************************************************************
****************************************************************************************************
DISTRIBUTION: Tp2Mass
            -name in ljmet trees: Tprime2_ALGO_Mass
            -x-axis label is set to: ;M(T) [GeV])
            -using the binning as: [0.0, 60.0, 120.0, 180.0, 240.0, 300.0, 360.0, 420.0, 480.0, 540.0, 600.0, 660.0, 720.0, 780.0, 840.0, 900.0, 960.0, 1020.0, 1080.0, 1140.0, 1200.0, 1260.0, 1320.0, 1380.0, 1440.0, 1500.0, 1560.0, 1620.0, 1680.0, 1740.0, 1800.0, 1860.0, 1920.0, 1980.0, 2040.0, 2100.0, 2160.0, 2220.0, 2280.0, 2340.0, 2400.0, 2460.0, 2520.0, 2580.0, 2640.0, 2700.0, 2760.0, 2820.0, 2880.0, 2940.0, 3000.0]
/////////////////////////
PROCESSING:  TTM1800TZBW
/////////////////////////
plotTreeName: Tprime2_DeepAK8_decorr_Mass
Flavour: M #tag: isV_tHtH #algo: DeepAK8_decorr
Weights: 1 * 1 * 1 * pileupWeight * 1 * lepIdSF * EGammaGsfSF * 1 * (MCWeight_singleLepCalc/abs(MCWeight_singleLepCalc)) * 1.94789844082e-05
Cuts: (leptonPt_singleLepCalc > 50) && (corr_met_singleLepCalc > 55) && (AK4HT > 480) && (minDR_lepJet > 0.4 || ptRel_lepJet > 40) && (NJetsAK8_JetSubCalc > 2) && (minDR_leadAK8otherAK8 < 3.0) && DataPastTrigger == 1 && isMuon==1
****************************************************************************************************
****************************************************************************************************
DISTRIBUTION: Tp2Mass
            -name in ljmet trees: Tprime2_ALGO_Mass
            -x-axis label is set to: ;M(T) [GeV])
            -using the binning as: [0.0, 60.0, 120.0, 180.0, 240.0, 300.0, 360.0, 420.0, 480.0, 540.0, 600.0, 660.0, 720.0, 780.0, 840.0, 900.0, 960.0, 1020.0, 1080.0, 1140.0, 1200.0, 1260.0, 1320.0, 1380.0, 1440.0, 1500.0, 1560.0, 1620.0, 1680.0, 1740.0, 1800.0, 1860.0, 1920.0, 1980.0, 2040.0, 2100.0, 2160.0, 2220.0, 2280.0, 2340.0, 2400.0, 2460.0, 2520.0, 2580.0, 2640.0, 2700.0, 2760.0, 2820.0, 2880.0, 2940.0, 3000.0]
/////////////////////////
PROCESSING:  TTM1800THBW
/////////////////////////
plotTreeName: Tprime2_DeepAK8_decorr_Mass
Flavour: M #tag: isV_tHtH #algo: DeepAK8_decorr
Weights: 1 * 1 * 1 * pileupWeight * 1 * lepIdSF * EGammaGsfSF * 1 * (MCWeight_singleLepCalc/abs(MCWeight_singleLepCalc)) * 1.94789844082e-05
Cuts: (leptonPt_singleLepCalc > 50) && (corr_met_singleLepCalc > 55) && (AK4HT > 480) && (minDR_lepJet > 0.4 || ptRel_lepJet > 40) && (NJetsAK8_JetSubCalc > 2) && (minDR_leadAK8otherAK8 < 3.0) && DataPastTrigger == 1 && isMuon==1
****************************************************************************************************
****************************************************************************************************
DISTRIBUTION: Tp2Mass
            -name in ljmet trees: Tprime2_ALGO_Mass
            -x-axis label is set to: ;M(T) [GeV])
            -using the binning as: [0.0, 60.0, 120.0, 180.0, 240.0, 300.0, 360.0, 420.0, 480.0, 540.0, 600.0, 660.0, 720.0, 780.0, 840.0, 900.0, 960.0, 1020.0, 1080.0, 1140.0, 1200.0, 1260.0, 1320.0, 1380.0, 1440.0, 1500.0, 1560.0, 1620.0, 1680.0, 1740.0, 1800.0, 1860.0, 1920.0, 1980.0, 2040.0, 2100.0, 2160.0, 2220.0, 2280.0, 2340.0, 2400.0, 2460.0, 2520.0, 2580.0, 2640.0, 2700.0, 2760.0, 2820.0, 2880.0, 2940.0, 3000.0]
/////////////////////////
PROCESSING:  TTM1800TZTH
/////////////////////////
plotTreeName: Tprime2_DeepAK8_decorr_Mass
Flavour: M #tag: isV_tHtH #algo: DeepAK8_decorr
Weights: 1 * 1 * 1 * pileupWeight * 1 * lepIdSF * EGammaGsfSF * 1 * (MCWeight_singleLepCalc/abs(MCWeight_singleLepCalc)) * 9.7394922041e-06
Cuts: (leptonPt_singleLepCalc > 50) && (corr_met_singleLepCalc > 55) && (AK4HT > 480) && (minDR_lepJet > 0.4 || ptRel_lepJet > 40) && (NJetsAK8_JetSubCalc > 2) && (minDR_leadAK8otherAK8 < 3.0) && DataPastTrigger == 1 && isMuon==1
****************************************************************************************************
****************************************************************************************************
DISTRIBUTION: Tp2Mass
            -name in ljmet trees: Tprime2_ALGO_Mass
            -x-axis label is set to: ;M(T) [GeV])
            -using the binning as: [0.0, 60.0, 120.0, 180.0, 240.0, 300.0, 360.0, 420.0, 480.0, 540.0, 600.0, 660.0, 720.0, 780.0, 840.0, 900.0, 960.0, 1020.0, 1080.0, 1140.0, 1200.0, 1260.0, 1320.0, 1380.0, 1440.0, 1500.0, 1560.0, 1620.0, 1680.0, 1740.0, 1800.0, 1860.0, 1920.0, 1980.0, 2040.0, 2100.0, 2160.0, 2220.0, 2280.0, 2340.0, 2400.0, 2460.0, 2520.0, 2580.0, 2640.0, 2700.0, 2760.0, 2820.0, 2880.0, 2940.0, 3000.0]
/////////////////////////
PROCESSING:  WJetsMG400
/////////////////////////
plotTreeName: Tprime2_BEST_Mass
Flavour: M #tag: isV_tZbW #algo: BEST
Weights: 1 * HTSF_Pol * 1 * pileupWeight * 1 * lepIdSF * EGammaGsfSF * 1 * (MCWeight_singleLepCalc/abs(MCWeight_singleLepCalc)) * 0.280770227538
Cuts: (leptonPt_singleLepCalc > 50) && (corr_met_singleLepCalc > 55) && (AK4HT > 480) && (minDR_lepJet > 0.4 || ptRel_lepJet > 40) && (NJetsAK8_JetSubCalc > 2) && (minDR_leadAK8otherAK8 < 3.0) && DataPastTrigger == 1 && isMuon==1
****************************************************************************************************
****************************************************************************************************
DISTRIBUTION: Tp2Mass
            -name in ljmet trees: Tprime2_ALGO_Mass
            -x-axis label is set to: ;M(T) [GeV])
            -using the binning as: [0.0, 60.0, 120.0, 180.0, 240.0, 300.0, 360.0, 420.0, 480.0, 540.0, 600.0, 660.0, 720.0, 780.0, 840.0, 900.0, 960.0, 1020.0, 1080.0, 1140.0, 1200.0, 1260.0, 1320.0, 1380.0, 1440.0, 1500.0, 1560.0, 1620.0, 1680.0, 1740.0, 1800.0, 1860.0, 1920.0, 1980.0, 2040.0, 2100.0, 2160.0, 2220.0, 2280.0, 2340.0, 2400.0, 2460.0, 2520.0, 2580.0, 2640.0, 2700.0, 2760.0, 2820.0, 2880.0, 2940.0, 3000.0]
/////////////////////////
PROCESSING:  WJetsMG600
/////////////////////////
plotTreeName: Tprime2_BEST_Mass
Flavour: M #tag: isV_tZbW #algo: BEST
Weights: 1 * HTSF_Pol * 1 * pileupWeight * 1 * lepIdSF * EGammaGsfSF * 1 * (MCWeight_singleLepCalc/abs(MCWeight_singleLepCalc)) * 0.0287233231554
Cuts: (leptonPt_singleLepCalc > 50) && (corr_met_singleLepCalc > 55) && (AK4HT > 480) && (minDR_lepJet > 0.4 || ptRel_lepJet > 40) && (NJetsAK8_JetSubCalc > 2) && (minDR_leadAK8otherAK8 < 3.0) && DataPastTrigger == 1 && isMuon==1
****************************************************************************************************
****************************************************************************************************
DISTRIBUTION: Tp2Mass
            -name in ljmet trees: Tprime2_ALGO_Mass
            -x-axis label is set to: ;M(T) [GeV])
            -using the binning as: [0.0, 60.0, 120.0, 180.0, 240.0, 300.0, 360.0, 420.0, 480.0, 540.0, 600.0, 660.0, 720.0, 780.0, 840.0, 900.0, 960.0, 1020.0, 1080.0, 1140.0, 1200.0, 1260.0, 1320.0, 1380.0, 1440.0, 1500.0, 1560.0, 1620.0, 1680.0, 1740.0, 1800.0, 1860.0, 1920.0, 1980.0, 2040.0, 2100.0, 2160.0, 2220.0, 2280.0, 2340.0, 2400.0, 2460.0, 2520.0, 2580.0, 2640.0, 2700.0, 2760.0, 2820.0, 2880.0, 2940.0, 3000.0]
/////////////////////////
PROCESSING:  WJetsMG800
/////////////////////////
plotTreeName: Tprime2_BEST_Mass
Flavour: M #tag: isV_tZbW #algo: BEST
Weights: 1 * HTSF_Pol * 1 * pileupWeight * 1 * lepIdSF * EGammaGsfSF * 1 * (MCWeight_singleLepCalc/abs(MCWeight_singleLepCalc)) * 0.0316367902594
Cuts: (leptonPt_singleLepCalc > 50) && (corr_met_singleLepCalc > 55) && (AK4HT > 480) && (minDR_lepJet > 0.4 || ptRel_lepJet > 40) && (NJetsAK8_JetSubCalc > 2) && (minDR_leadAK8otherAK8 < 3.0) && DataPastTrigger == 1 && isMuon==1
****************************************************************************************************
****************************************************************************************************
DISTRIBUTION: Tp2Mass
            -name in ljmet trees: Tprime2_ALGO_Mass
            -x-axis label is set to: ;M(T) [GeV])
            -using the binning as: [0.0, 60.0, 120.0, 180.0, 240.0, 300.0, 360.0, 420.0, 480.0, 540.0, 600.0, 660.0, 720.0, 780.0, 840.0, 900.0, 960.0, 1020.0, 1080.0, 1140.0, 1200.0, 1260.0, 1320.0, 1380.0, 1440.0, 1500.0, 1560.0, 1620.0, 1680.0, 1740.0, 1800.0, 1860.0, 1920.0, 1980.0, 2040.0, 2100.0, 2160.0, 2220.0, 2280.0, 2340.0, 2400.0, 2460.0, 2520.0, 2580.0, 2640.0, 2700.0, 2760.0, 2820.0, 2880.0, 2940.0, 3000.0]
/////////////////////////
PROCESSING:  WJetsMG1200
/////////////////////////
plotTreeName: Tprime2_BEST_Mass
Flavour: M #tag: isV_tZbW #algo: BEST
Weights: 1 * HTSF_Pol * 1 * pileupWeight * 1 * lepIdSF * EGammaGsfSF * 1 * (MCWeight_singleLepCalc/abs(MCWeight_singleLepCalc)) * 0.00861414819858
Cuts: (leptonPt_singleLepCalc > 50) && (corr_met_singleLepCalc > 55) && (AK4HT > 480) && (minDR_lepJet > 0.4 || ptRel_lepJet > 40) && (NJetsAK8_JetSubCalc > 2) && (minDR_leadAK8otherAK8 < 3.0) && DataPastTrigger == 1 && isMuon==1
****************************************************************************************************
****************************************************************************************************
DISTRIBUTION: Tp2Mass
            -name in ljmet trees: Tprime2_ALGO_Mass
            -x-axis label is set to: ;M(T) [GeV])
            -using the binning as: [0.0, 60.0, 120.0, 180.0, 240.0, 300.0, 360.0, 420.0, 480.0, 540.0, 600.0, 660.0, 720.0, 780.0, 840.0, 900.0, 960.0, 1020.0, 1080.0, 1140.0, 1200.0, 1260.0, 1320.0, 1380.0, 1440.0, 1500.0, 1560.0, 1620.0, 1680.0, 1740.0, 1800.0, 1860.0, 1920.0, 1980.0, 2040.0, 2100.0, 2160.0, 2220.0, 2280.0, 2340.0, 2400.0, 2460.0, 2520.0, 2580.0, 2640.0, 2700.0, 2760.0, 2820.0, 2880.0, 2940.0, 3000.0]
/////////////////////////
PROCESSING:  WJetsMG2500
/////////////////////////
plotTreeName: Tprime2_BEST_Mass
Flavour: M #tag: isV_tZbW #algo: BEST
Weights: 1 * HTSF_Pol * 1 * pileupWeight * 1 * lepIdSF * EGammaGsfSF * 1 * (MCWeight_singleLepCalc/abs(MCWeight_singleLepCalc)) * 0.00054308661217
Cuts: (leptonPt_singleLepCalc > 50) && (corr_met_singleLepCalc > 55) && (AK4HT > 480) && (minDR_lepJet > 0.4 || ptRel_lepJet > 40) && (NJetsAK8_JetSubCalc > 2) && (minDR_leadAK8otherAK8 < 3.0) && DataPastTrigger == 1 && isMuon==1
****************************************************************************************************
****************************************************************************************************
DISTRIBUTION: Tp2Mass
            -name in ljmet trees: Tprime2_ALGO_Mass
            -x-axis label is set to: ;M(T) [GeV])
            -using the binning as: [0.0, 60.0, 120.0, 180.0, 240.0, 300.0, 360.0, 420.0, 480.0, 540.0, 600.0, 660.0, 720.0, 780.0, 840.0, 900.0, 960.0, 1020.0, 1080.0, 1140.0, 1200.0, 1260.0, 1320.0, 1380.0, 1440.0, 1500.0, 1560.0, 1620.0, 1680.0, 1740.0, 1800.0, 1860.0, 1920.0, 1980.0, 2040.0, 2100.0, 2160.0, 2220.0, 2280.0, 2340.0, 2400.0, 2460.0, 2520.0, 2580.0, 2640.0, 2700.0, 2760.0, 2820.0, 2880.0, 2940.0, 3000.0]
/////////////////////////
PROCESSING:  TTM1100BWBW
/////////////////////////
plotTreeName: Tprime2_BEST_Mass
Flavour: M #tag: isV_tZbW #algo: BEST
Weights: 1 * 1 * 1 * pileupWeight * 1 * lepIdSF * EGammaGsfSF * 1 * (MCWeight_singleLepCalc/abs(MCWeight_singleLepCalc)) * 0.00223239916536
Cuts: (leptonPt_singleLepCalc > 50) && (corr_met_singleLepCalc > 55) && (AK4HT > 480) && (minDR_lepJet > 0.4 || ptRel_lepJet > 40) && (NJetsAK8_JetSubCalc > 2) && (minDR_leadAK8otherAK8 < 3.0) && DataPastTrigger == 1 && isMuon==1
****************************************************************************************************
****************************************************************************************************
DISTRIBUTION: Tp2Mass
            -name in ljmet trees: Tprime2_ALGO_Mass
            -x-axis label is set to: ;M(T) [GeV])
            -using the binning as: [0.0, 60.0, 120.0, 180.0, 240.0, 300.0, 360.0, 420.0, 480.0, 540.0, 600.0, 660.0, 720.0, 780.0, 840.0, 900.0, 960.0, 1020.0, 1080.0, 1140.0, 1200.0, 1260.0, 1320.0, 1380.0, 1440.0, 1500.0, 1560.0, 1620.0, 1680.0, 1740.0, 1800.0, 1860.0, 1920.0, 1980.0, 2040.0, 2100.0, 2160.0, 2220.0, 2280.0, 2340.0, 2400.0, 2460.0, 2520.0, 2580.0, 2640.0, 2700.0, 2760.0, 2820.0, 2880.0, 2940.0, 3000.0]
/////////////////////////
PROCESSING:  TTM1100THTH
/////////////////////////
plotTreeName: Tprime2_BEST_Mass
Flavour: M #tag: isV_tZbW #algo: BEST
Weights: 1 * 1 * 1 * pileupWeight * 1 * lepIdSF * EGammaGsfSF * 1 * (MCWeight_singleLepCalc/abs(MCWeight_singleLepCalc)) * 0.000558099791339
Cuts: (leptonPt_singleLepCalc > 50) && (corr_met_singleLepCalc > 55) && (AK4HT > 480) && (minDR_lepJet > 0.4 || ptRel_lepJet > 40) && (NJetsAK8_JetSubCalc > 2) && (minDR_leadAK8otherAK8 < 3.0) && DataPastTrigger == 1 && isMuon==1
****************************************************************************************************
****************************************************************************************************
DISTRIBUTION: Tp2Mass
            -name in ljmet trees: Tprime2_ALGO_Mass
            -x-axis label is set to: ;M(T) [GeV])
            -using the binning as: [0.0, 60.0, 120.0, 180.0, 240.0, 300.0, 360.0, 420.0, 480.0, 540.0, 600.0, 660.0, 720.0, 780.0, 840.0, 900.0, 960.0, 1020.0, 1080.0, 1140.0, 1200.0, 1260.0, 1320.0, 1380.0, 1440.0, 1500.0, 1560.0, 1620.0, 1680.0, 1740.0, 1800.0, 1860.0, 1920.0, 1980.0, 2040.0, 2100.0, 2160.0, 2220.0, 2280.0, 2340.0, 2400.0, 2460.0, 2520.0, 2580.0, 2640.0, 2700.0, 2760.0, 2820.0, 2880.0, 2940.0, 3000.0]
/////////////////////////
PROCESSING:  TTM1100TZTZ
/////////////////////////
plotTreeName: Tprime2_BEST_Mass
Flavour: M #tag: isV_tZbW #algo: BEST
Weights: 1 * 1 * 1 * pileupWeight * 1 * lepIdSF * EGammaGsfSF * 1 * (MCWeight_singleLepCalc/abs(MCWeight_singleLepCalc)) * 0.000558099791339
Cuts: (leptonPt_singleLepCalc > 50) && (corr_met_singleLepCalc > 55) && (AK4HT > 480) && (minDR_lepJet > 0.4 || ptRel_lepJet > 40) && (NJetsAK8_JetSubCalc > 2) && (minDR_leadAK8otherAK8 < 3.0) && DataPastTrigger == 1 && isMuon==1
****************************************************************************************************
****************************************************************************************************
DISTRIBUTION: Tp2Mass
            -name in ljmet trees: Tprime2_ALGO_Mass
            -x-axis label is set to: ;M(T) [GeV])
            -using the binning as: [0.0, 60.0, 120.0, 180.0, 240.0, 300.0, 360.0, 420.0, 480.0, 540.0, 600.0, 660.0, 720.0, 780.0, 840.0, 900.0, 960.0, 1020.0, 1080.0, 1140.0, 1200.0, 1260.0, 1320.0, 1380.0, 1440.0, 1500.0, 1560.0, 1620.0, 1680.0, 1740.0, 1800.0, 1860.0, 1920.0, 1980.0, 2040.0, 2100.0, 2160.0, 2220.0, 2280.0, 2340.0, 2400.0, 2460.0, 2520.0, 2580.0, 2640.0, 2700.0, 2760.0, 2820.0, 2880.0, 2940.0, 3000.0]
/////////////////////////
PROCESSING:  TTM1100TZBW
/////////////////////////
plotTreeName: Tprime2_BEST_Mass
Flavour: M #tag: isV_tZbW #algo: BEST
Weights: 1 * 1 * 1 * pileupWeight * 1 * lepIdSF * EGammaGsfSF * 1 * (MCWeight_singleLepCalc/abs(MCWeight_singleLepCalc)) * 0.00111619958268
Cuts: (leptonPt_singleLepCalc > 50) && (corr_met_singleLepCalc > 55) && (AK4HT > 480) && (minDR_lepJet > 0.4 || ptRel_lepJet > 40) && (NJetsAK8_JetSubCalc > 2) && (minDR_leadAK8otherAK8 < 3.0) && DataPastTrigger == 1 && isMuon==1
****************************************************************************************************
****************************************************************************************************
DISTRIBUTION: Tp2Mass
            -name in ljmet trees: Tprime2_ALGO_Mass
            -x-axis label is set to: ;M(T) [GeV])
            -using the binning as: [0.0, 60.0, 120.0, 180.0, 240.0, 300.0, 360.0, 420.0, 480.0, 540.0, 600.0, 660.0, 720.0, 780.0, 840.0, 900.0, 960.0, 1020.0, 1080.0, 1140.0, 1200.0, 1260.0, 1320.0, 1380.0, 1440.0, 1500.0, 1560.0, 1620.0, 1680.0, 1740.0, 1800.0, 1860.0, 1920.0, 1980.0, 2040.0, 2100.0, 2160.0, 2220.0, 2280.0, 2340.0, 2400.0, 2460.0, 2520.0, 2580.0, 2640.0, 2700.0, 2760.0, 2820.0, 2880.0, 2940.0, 3000.0]
/////////////////////////
PROCESSING:  TTM1100THBW
/////////////////////////
plotTreeName: Tprime2_BEST_Mass
Flavour: M #tag: isV_tZbW #algo: BEST
Weights: 1 * 1 * 1 * pileupWeight * 1 * lepIdSF * EGammaGsfSF * 1 * (MCWeight_singleLepCalc/abs(MCWeight_singleLepCalc)) * 0.00111619958268
Cuts: (leptonPt_singleLepCalc > 50) && (corr_met_singleLepCalc > 55) && (AK4HT > 480) && (minDR_lepJet > 0.4 || ptRel_lepJet > 40) && (NJetsAK8_JetSubCalc > 2) && (minDR_leadAK8otherAK8 < 3.0) && DataPastTrigger == 1 && isMuon==1
****************************************************************************************************
****************************************************************************************************
DISTRIBUTION: Tp2Mass
            -name in ljmet trees: Tprime2_ALGO_Mass
            -x-axis label is set to: ;M(T) [GeV])
            -using the binning as: [0.0, 60.0, 120.0, 180.0, 240.0, 300.0, 360.0, 420.0, 480.0, 540.0, 600.0, 660.0, 720.0, 780.0, 840.0, 900.0, 960.0, 1020.0, 1080.0, 1140.0, 1200.0, 1260.0, 1320.0, 1380.0, 1440.0, 1500.0, 1560.0, 1620.0, 1680.0, 1740.0, 1800.0, 1860.0, 1920.0, 1980.0, 2040.0, 2100.0, 2160.0, 2220.0, 2280.0, 2340.0, 2400.0, 2460.0, 2520.0, 2580.0, 2640.0, 2700.0, 2760.0, 2820.0, 2880.0, 2940.0, 3000.0]
/////////////////////////
PROCESSING:  TTM1100TZTH
/////////////////////////
plotTreeName: Tprime2_BEST_Mass
Flavour: M #tag: isV_tZbW #algo: BEST
Weights: 1 * 1 * 1 * pileupWeight * 1 * lepIdSF * EGammaGsfSF * 1 * (MCWeight_singleLepCalc/abs(MCWeight_singleLepCalc)) * 0.000558099791339
Cuts: (leptonPt_singleLepCalc > 50) && (corr_met_singleLepCalc > 55) && (AK4HT > 480) && (minDR_lepJet > 0.4 || ptRel_lepJet > 40) && (NJetsAK8_JetSubCalc > 2) && (minDR_leadAK8otherAK8 < 3.0) && DataPastTrigger == 1 && isMuon==1
****************************************************************************************************
****************************************************************************************************
DISTRIBUTION: Tp2Mass
            -name in ljmet trees: Tprime2_ALGO_Mass
            -x-axis label is set to: ;M(T) [GeV])
            -using the binning as: [0.0, 60.0, 120.0, 180.0, 240.0, 300.0, 360.0, 420.0, 480.0, 540.0, 600.0, 660.0, 720.0, 780.0, 840.0, 900.0, 960.0, 1020.0, 1080.0, 1140.0, 1200.0, 1260.0, 1320.0, 1380.0, 1440.0, 1500.0, 1560.0, 1620.0, 1680.0, 1740.0, 1800.0, 1860.0, 1920.0, 1980.0, 2040.0, 2100.0, 2160.0, 2220.0, 2280.0, 2340.0, 2400.0, 2460.0, 2520.0, 2580.0, 2640.0, 2700.0, 2760.0, 2820.0, 2880.0, 2940.0, 3000.0]
/////////////////////////
PROCESSING:  TTM1200BWBW
/////////////////////////
plotTreeName: Tprime2_BEST_Mass
Flavour: M #tag: isV_tZbW #algo: BEST
Weights: 1 * 1 * 1 * pileupWeight * 1 * lepIdSF * EGammaGsfSF * 1 * (MCWeight_singleLepCalc/abs(MCWeight_singleLepCalc)) * 0.00117627847652
Cuts: (leptonPt_singleLepCalc > 50) && (corr_met_singleLepCalc > 55) && (AK4HT > 480) && (minDR_lepJet > 0.4 || ptRel_lepJet > 40) && (NJetsAK8_JetSubCalc > 2) && (minDR_leadAK8otherAK8 < 3.0) && DataPastTrigger == 1 && isMuon==1
****************************************************************************************************
****************************************************************************************************
DISTRIBUTION: Tp2Mass
            -name in ljmet trees: Tprime2_ALGO_Mass
            -x-axis label is set to: ;M(T) [GeV])
            -using the binning as: [0.0, 60.0, 120.0, 180.0, 240.0, 300.0, 360.0, 420.0, 480.0, 540.0, 600.0, 660.0, 720.0, 780.0, 840.0, 900.0, 960.0, 1020.0, 1080.0, 1140.0, 1200.0, 1260.0, 1320.0, 1380.0, 1440.0, 1500.0, 1560.0, 1620.0, 1680.0, 1740.0, 1800.0, 1860.0, 1920.0, 1980.0, 2040.0, 2100.0, 2160.0, 2220.0, 2280.0, 2340.0, 2400.0, 2460.0, 2520.0, 2580.0, 2640.0, 2700.0, 2760.0, 2820.0, 2880.0, 2940.0, 3000.0]
/////////////////////////
PROCESSING:  TTM1200THTH
/////////////////////////
plotTreeName: Tprime2_BEST_Mass
Flavour: M #tag: isV_tZbW #algo: BEST
Weights: 1 * 1 * 1 * pileupWeight * 1 * lepIdSF * EGammaGsfSF * 1 * (MCWeight_singleLepCalc/abs(MCWeight_singleLepCalc)) * 0.00029406961913
Cuts: (leptonPt_singleLepCalc > 50) && (corr_met_singleLepCalc > 55) && (AK4HT > 480) && (minDR_lepJet > 0.4 || ptRel_lepJet > 40) && (NJetsAK8_JetSubCalc > 2) && (minDR_leadAK8otherAK8 < 3.0) && DataPastTrigger == 1 && isMuon==1
****************************************************************************************************
****************************************************************************************************
DISTRIBUTION: Tp2Mass
            -name in ljmet trees: Tprime2_ALGO_Mass
            -x-axis label is set to: ;M(T) [GeV])
            -using the binning as: [0.0, 60.0, 120.0, 180.0, 240.0, 300.0, 360.0, 420.0, 480.0, 540.0, 600.0, 660.0, 720.0, 780.0, 840.0, 900.0, 960.0, 1020.0, 1080.0, 1140.0, 1200.0, 1260.0, 1320.0, 1380.0, 1440.0, 1500.0, 1560.0, 1620.0, 1680.0, 1740.0, 1800.0, 1860.0, 1920.0, 1980.0, 2040.0, 2100.0, 2160.0, 2220.0, 2280.0, 2340.0, 2400.0, 2460.0, 2520.0, 2580.0, 2640.0, 2700.0, 2760.0, 2820.0, 2880.0, 2940.0, 3000.0]
/////////////////////////
PROCESSING:  TTM1200TZTZ
/////////////////////////
plotTreeName: Tprime2_BEST_Mass
Flavour: M #tag: isV_tZbW #algo: BEST
Weights: 1 * 1 * 1 * pileupWeight * 1 * lepIdSF * EGammaGsfSF * 1 * (MCWeight_singleLepCalc/abs(MCWeight_singleLepCalc)) * 0.00029406961913
Cuts: (leptonPt_singleLepCalc > 50) && (corr_met_singleLepCalc > 55) && (AK4HT > 480) && (minDR_lepJet > 0.4 || ptRel_lepJet > 40) && (NJetsAK8_JetSubCalc > 2) && (minDR_leadAK8otherAK8 < 3.0) && DataPastTrigger == 1 && isMuon==1
****************************************************************************************************
****************************************************************************************************
DISTRIBUTION: Tp2Mass
            -name in ljmet trees: Tprime2_ALGO_Mass
            -x-axis label is set to: ;M(T) [GeV])
            -using the binning as: [0.0, 60.0, 120.0, 180.0, 240.0, 300.0, 360.0, 420.0, 480.0, 540.0, 600.0, 660.0, 720.0, 780.0, 840.0, 900.0, 960.0, 1020.0, 1080.0, 1140.0, 1200.0, 1260.0, 1320.0, 1380.0, 1440.0, 1500.0, 1560.0, 1620.0, 1680.0, 1740.0, 1800.0, 1860.0, 1920.0, 1980.0, 2040.0, 2100.0, 2160.0, 2220.0, 2280.0, 2340.0, 2400.0, 2460.0, 2520.0, 2580.0, 2640.0, 2700.0, 2760.0, 2820.0, 2880.0, 2940.0, 3000.0]
/////////////////////////
PROCESSING:  TTM1200TZBW
/////////////////////////
plotTreeName: Tprime2_BEST_Mass
Flavour: M #tag: isV_tZbW #algo: BEST
Weights: 1 * 1 * 1 * pileupWeight * 1 * lepIdSF * EGammaGsfSF * 1 * (MCWeight_singleLepCalc/abs(MCWeight_singleLepCalc)) * 0.000588139238259
Cuts: (leptonPt_singleLepCalc > 50) && (corr_met_singleLepCalc > 55) && (AK4HT > 480) && (minDR_lepJet > 0.4 || ptRel_lepJet > 40) && (NJetsAK8_JetSubCalc > 2) && (minDR_leadAK8otherAK8 < 3.0) && DataPastTrigger == 1 && isMuon==1
****************************************************************************************************
****************************************************************************************************
DISTRIBUTION: Tp2Mass
            -name in ljmet trees: Tprime2_ALGO_Mass
            -x-axis label is set to: ;M(T) [GeV])
            -using the binning as: [0.0, 60.0, 120.0, 180.0, 240.0, 300.0, 360.0, 420.0, 480.0, 540.0, 600.0, 660.0, 720.0, 780.0, 840.0, 900.0, 960.0, 1020.0, 1080.0, 1140.0, 1200.0, 1260.0, 1320.0, 1380.0, 1440.0, 1500.0, 1560.0, 1620.0, 1680.0, 1740.0, 1800.0, 1860.0, 1920.0, 1980.0, 2040.0, 2100.0, 2160.0, 2220.0, 2280.0, 2340.0, 2400.0, 2460.0, 2520.0, 2580.0, 2640.0, 2700.0, 2760.0, 2820.0, 2880.0, 2940.0, 3000.0]
/////////////////////////
PROCESSING:  TTM1200THBW
/////////////////////////
plotTreeName: Tprime2_BEST_Mass
Flavour: M #tag: isV_tZbW #algo: BEST
Weights: 1 * 1 * 1 * pileupWeight * 1 * lepIdSF * EGammaGsfSF * 1 * (MCWeight_singleLepCalc/abs(MCWeight_singleLepCalc)) * 0.000588139238259
Cuts: (leptonPt_singleLepCalc > 50) && (corr_met_singleLepCalc > 55) && (AK4HT > 480) && (minDR_lepJet > 0.4 || ptRel_lepJet > 40) && (NJetsAK8_JetSubCalc > 2) && (minDR_leadAK8otherAK8 < 3.0) && DataPastTrigger == 1 && isMuon==1
****************************************************************************************************
****************************************************************************************************
DISTRIBUTION: Tp2Mass
            -name in ljmet trees: Tprime2_ALGO_Mass
            -x-axis label is set to: ;M(T) [GeV])
            -using the binning as: [0.0, 60.0, 120.0, 180.0, 240.0, 300.0, 360.0, 420.0, 480.0, 540.0, 600.0, 660.0, 720.0, 780.0, 840.0, 900.0, 960.0, 1020.0, 1080.0, 1140.0, 1200.0, 1260.0, 1320.0, 1380.0, 1440.0, 1500.0, 1560.0, 1620.0, 1680.0, 1740.0, 1800.0, 1860.0, 1920.0, 1980.0, 2040.0, 2100.0, 2160.0, 2220.0, 2280.0, 2340.0, 2400.0, 2460.0, 2520.0, 2580.0, 2640.0, 2700.0, 2760.0, 2820.0, 2880.0, 2940.0, 3000.0]
/////////////////////////
PROCESSING:  TTM1200TZTH
/////////////////////////
plotTreeName: Tprime2_BEST_Mass
Flavour: M #tag: isV_tZbW #algo: BEST
Weights: 1 * 1 * 1 * pileupWeight * 1 * lepIdSF * EGammaGsfSF * 1 * (MCWeight_singleLepCalc/abs(MCWeight_singleLepCalc)) * 0.00029406961913
Cuts: (leptonPt_singleLepCalc > 50) && (corr_met_singleLepCalc > 55) && (AK4HT > 480) && (minDR_lepJet > 0.4 || ptRel_lepJet > 40) && (NJetsAK8_JetSubCalc > 2) && (minDR_leadAK8otherAK8 < 3.0) && DataPastTrigger == 1 && isMuon==1
****************************************************************************************************
****************************************************************************************************
DISTRIBUTION: Tp2Mass
            -name in ljmet trees: Tprime2_ALGO_Mass
            -x-axis label is set to: ;M(T) [GeV])
            -using the binning as: [0.0, 60.0, 120.0, 180.0, 240.0, 300.0, 360.0, 420.0, 480.0, 540.0, 600.0, 660.0, 720.0, 780.0, 840.0, 900.0, 960.0, 1020.0, 1080.0, 1140.0, 1200.0, 1260.0, 1320.0, 1380.0, 1440.0, 1500.0, 1560.0, 1620.0, 1680.0, 1740.0, 1800.0, 1860.0, 1920.0, 1980.0, 2040.0, 2100.0, 2160.0, 2220.0, 2280.0, 2340.0, 2400.0, 2460.0, 2520.0, 2580.0, 2640.0, 2700.0, 2760.0, 2820.0, 2880.0, 2940.0, 3000.0]
/////////////////////////
PROCESSING:  TTM1300BWBW
/////////////////////////
plotTreeName: Tprime2_BEST_Mass
Flavour: M #tag: isV_tZbW #algo: BEST
Weights: 1 * 1 * 1 * pileupWeight * 1 * lepIdSF * EGammaGsfSF * 1 * (MCWeight_singleLepCalc/abs(MCWeight_singleLepCalc)) * 0.00063821114509
Cuts: (leptonPt_singleLepCalc > 50) && (corr_met_singleLepCalc > 55) && (AK4HT > 480) && (minDR_lepJet > 0.4 || ptRel_lepJet > 40) && (NJetsAK8_JetSubCalc > 2) && (minDR_leadAK8otherAK8 < 3.0) && DataPastTrigger == 1 && isMuon==1
****************************************************************************************************
****************************************************************************************************
DISTRIBUTION: Tp2Mass
            -name in ljmet trees: Tprime2_ALGO_Mass
            -x-axis label is set to: ;M(T) [GeV])
            -using the binning as: [0.0, 60.0, 120.0, 180.0, 240.0, 300.0, 360.0, 420.0, 480.0, 540.0, 600.0, 660.0, 720.0, 780.0, 840.0, 900.0, 960.0, 1020.0, 1080.0, 1140.0, 1200.0, 1260.0, 1320.0, 1380.0, 1440.0, 1500.0, 1560.0, 1620.0, 1680.0, 1740.0, 1800.0, 1860.0, 1920.0, 1980.0, 2040.0, 2100.0, 2160.0, 2220.0, 2280.0, 2340.0, 2400.0, 2460.0, 2520.0, 2580.0, 2640.0, 2700.0, 2760.0, 2820.0, 2880.0, 2940.0, 3000.0]
/////////////////////////
PROCESSING:  TTM1300THTH
/////////////////////////
plotTreeName: Tprime2_BEST_Mass
Flavour: M #tag: isV_tZbW #algo: BEST
Weights: 1 * 1 * 1 * pileupWeight * 1 * lepIdSF * EGammaGsfSF * 1 * (MCWeight_singleLepCalc/abs(MCWeight_singleLepCalc)) * 0.000159552786272
Cuts: (leptonPt_singleLepCalc > 50) && (corr_met_singleLepCalc > 55) && (AK4HT > 480) && (minDR_lepJet > 0.4 || ptRel_lepJet > 40) && (NJetsAK8_JetSubCalc > 2) && (minDR_leadAK8otherAK8 < 3.0) && DataPastTrigger == 1 && isMuon==1
****************************************************************************************************
****************************************************************************************************
DISTRIBUTION: Tp2Mass
            -name in ljmet trees: Tprime2_ALGO_Mass
            -x-axis label is set to: ;M(T) [GeV])
            -using the binning as: [0.0, 60.0, 120.0, 180.0, 240.0, 300.0, 360.0, 420.0, 480.0, 540.0, 600.0, 660.0, 720.0, 780.0, 840.0, 900.0, 960.0, 1020.0, 1080.0, 1140.0, 1200.0, 1260.0, 1320.0, 1380.0, 1440.0, 1500.0, 1560.0, 1620.0, 1680.0, 1740.0, 1800.0, 1860.0, 1920.0, 1980.0, 2040.0, 2100.0, 2160.0, 2220.0, 2280.0, 2340.0, 2400.0, 2460.0, 2520.0, 2580.0, 2640.0, 2700.0, 2760.0, 2820.0, 2880.0, 2940.0, 3000.0]
/////////////////////////
PROCESSING:  TTM1300TZTZ
/////////////////////////
plotTreeName: Tprime2_BEST_Mass
Flavour: M #tag: isV_tZbW #algo: BEST
Weights: 1 * 1 * 1 * pileupWeight * 1 * lepIdSF * EGammaGsfSF * 1 * (MCWeight_singleLepCalc/abs(MCWeight_singleLepCalc)) * 0.000159552786272
Cuts: (leptonPt_singleLepCalc > 50) && (corr_met_singleLepCalc > 55) && (AK4HT > 480) && (minDR_lepJet > 0.4 || ptRel_lepJet > 40) && (NJetsAK8_JetSubCalc > 2) && (minDR_leadAK8otherAK8 < 3.0) && DataPastTrigger == 1 && isMuon==1
****************************************************************************************************
****************************************************************************************************
DISTRIBUTION: Tp2Mass
            -name in ljmet trees: Tprime2_ALGO_Mass
            -x-axis label is set to: ;M(T) [GeV])
            -using the binning as: [0.0, 60.0, 120.0, 180.0, 240.0, 300.0, 360.0, 420.0, 480.0, 540.0, 600.0, 660.0, 720.0, 780.0, 840.0, 900.0, 960.0, 1020.0, 1080.0, 1140.0, 1200.0, 1260.0, 1320.0, 1380.0, 1440.0, 1500.0, 1560.0, 1620.0, 1680.0, 1740.0, 1800.0, 1860.0, 1920.0, 1980.0, 2040.0, 2100.0, 2160.0, 2220.0, 2280.0, 2340.0, 2400.0, 2460.0, 2520.0, 2580.0, 2640.0, 2700.0, 2760.0, 2820.0, 2880.0, 2940.0, 3000.0]
/////////////////////////
PROCESSING:  TTM1300TZBW
/////////////////////////
plotTreeName: Tprime2_BEST_Mass
Flavour: M #tag: isV_tZbW #algo: BEST
Weights: 1 * 1 * 1 * pileupWeight * 1 * lepIdSF * EGammaGsfSF * 1 * (MCWeight_singleLepCalc/abs(MCWeight_singleLepCalc)) * 0.000319105572545
Cuts: (leptonPt_singleLepCalc > 50) && (corr_met_singleLepCalc > 55) && (AK4HT > 480) && (minDR_lepJet > 0.4 || ptRel_lepJet > 40) && (NJetsAK8_JetSubCalc > 2) && (minDR_leadAK8otherAK8 < 3.0) && DataPastTrigger == 1 && isMuon==1
****************************************************************************************************
****************************************************************************************************
DISTRIBUTION: Tp2Mass
            -name in ljmet trees: Tprime2_ALGO_Mass
            -x-axis label is set to: ;M(T) [GeV])
            -using the binning as: [0.0, 60.0, 120.0, 180.0, 240.0, 300.0, 360.0, 420.0, 480.0, 540.0, 600.0, 660.0, 720.0, 780.0, 840.0, 900.0, 960.0, 1020.0, 1080.0, 1140.0, 1200.0, 1260.0, 1320.0, 1380.0, 1440.0, 1500.0, 1560.0, 1620.0, 1680.0, 1740.0, 1800.0, 1860.0, 1920.0, 1980.0, 2040.0, 2100.0, 2160.0, 2220.0, 2280.0, 2340.0, 2400.0, 2460.0, 2520.0, 2580.0, 2640.0, 2700.0, 2760.0, 2820.0, 2880.0, 2940.0, 3000.0]
/////////////////////////
PROCESSING:  TTM1300THBW
/////////////////////////
plotTreeName: Tprime2_BEST_Mass
Flavour: M #tag: isV_tZbW #algo: BEST
Weights: 1 * 1 * 1 * pileupWeight * 1 * lepIdSF * EGammaGsfSF * 1 * (MCWeight_singleLepCalc/abs(MCWeight_singleLepCalc)) * 0.000319105572545
Cuts: (leptonPt_singleLepCalc > 50) && (corr_met_singleLepCalc > 55) && (AK4HT > 480) && (minDR_lepJet > 0.4 || ptRel_lepJet > 40) && (NJetsAK8_JetSubCalc > 2) && (minDR_leadAK8otherAK8 < 3.0) && DataPastTrigger == 1 && isMuon==1
****************************************************************************************************
****************************************************************************************************
DISTRIBUTION: Tp2Mass
            -name in ljmet trees: Tprime2_ALGO_Mass
            -x-axis label is set to: ;M(T) [GeV])
            -using the binning as: [0.0, 60.0, 120.0, 180.0, 240.0, 300.0, 360.0, 420.0, 480.0, 540.0, 600.0, 660.0, 720.0, 780.0, 840.0, 900.0, 960.0, 1020.0, 1080.0, 1140.0, 1200.0, 1260.0, 1320.0, 1380.0, 1440.0, 1500.0, 1560.0, 1620.0, 1680.0, 1740.0, 1800.0, 1860.0, 1920.0, 1980.0, 2040.0, 2100.0, 2160.0, 2220.0, 2280.0, 2340.0, 2400.0, 2460.0, 2520.0, 2580.0, 2640.0, 2700.0, 2760.0, 2820.0, 2880.0, 2940.0, 3000.0]
/////////////////////////
PROCESSING:  TTM1300TZTH
/////////////////////////
plotTreeName: Tprime2_BEST_Mass
Flavour: M #tag: isV_tZbW #algo: BEST
Weights: 1 * 1 * 1 * pileupWeight * 1 * lepIdSF * EGammaGsfSF * 1 * (MCWeight_singleLepCalc/abs(MCWeight_singleLepCalc)) * 0.000159552786272
Cuts: (leptonPt_singleLepCalc > 50) && (corr_met_singleLepCalc > 55) && (AK4HT > 480) && (minDR_lepJet > 0.4 || ptRel_lepJet > 40) && (NJetsAK8_JetSubCalc > 2) && (minDR_leadAK8otherAK8 < 3.0) && DataPastTrigger == 1 && isMuon==1
****************************************************************************************************
****************************************************************************************************
DISTRIBUTION: Tp2Mass
            -name in ljmet trees: Tprime2_ALGO_Mass
            -x-axis label is set to: ;M(T) [GeV])
            -using the binning as: [0.0, 60.0, 120.0, 180.0, 240.0, 300.0, 360.0, 420.0, 480.0, 540.0, 600.0, 660.0, 720.0, 780.0, 840.0, 900.0, 960.0, 1020.0, 1080.0, 1140.0, 1200.0, 1260.0, 1320.0, 1380.0, 1440.0, 1500.0, 1560.0, 1620.0, 1680.0, 1740.0, 1800.0, 1860.0, 1920.0, 1980.0, 2040.0, 2100.0, 2160.0, 2220.0, 2280.0, 2340.0, 2400.0, 2460.0, 2520.0, 2580.0, 2640.0, 2700.0, 2760.0, 2820.0, 2880.0, 2940.0, 3000.0]
/////////////////////////
PROCESSING:  TTM1400BWBW
/////////////////////////
plotTreeName: Tprime2_BEST_Mass
Flavour: M #tag: isV_tZbW #algo: BEST
Weights: 1 * 1 * 1 * pileupWeight * 1 * lepIdSF * EGammaGsfSF * 1 * (MCWeight_singleLepCalc/abs(MCWeight_singleLepCalc)) * 0.000352883542956
Cuts: (leptonPt_singleLepCalc > 50) && (corr_met_singleLepCalc > 55) && (AK4HT > 480) && (minDR_lepJet > 0.4 || ptRel_lepJet > 40) && (NJetsAK8_JetSubCalc > 2) && (minDR_leadAK8otherAK8 < 3.0) && DataPastTrigger == 1 && isMuon==1
****************************************************************************************************
****************************************************************************************************
DISTRIBUTION: Tp2Mass
            -name in ljmet trees: Tprime2_ALGO_Mass
            -x-axis label is set to: ;M(T) [GeV])
            -using the binning as: [0.0, 60.0, 120.0, 180.0, 240.0, 300.0, 360.0, 420.0, 480.0, 540.0, 600.0, 660.0, 720.0, 780.0, 840.0, 900.0, 960.0, 1020.0, 1080.0, 1140.0, 1200.0, 1260.0, 1320.0, 1380.0, 1440.0, 1500.0, 1560.0, 1620.0, 1680.0, 1740.0, 1800.0, 1860.0, 1920.0, 1980.0, 2040.0, 2100.0, 2160.0, 2220.0, 2280.0, 2340.0, 2400.0, 2460.0, 2520.0, 2580.0, 2640.0, 2700.0, 2760.0, 2820.0, 2880.0, 2940.0, 3000.0]
/////////////////////////
PROCESSING:  TTM1400THTH
/////////////////////////
plotTreeName: Tprime2_BEST_Mass
Flavour: M #tag: isV_tZbW #algo: BEST
Weights: 1 * 1 * 1 * pileupWeight * 1 * lepIdSF * EGammaGsfSF * 1 * (MCWeight_singleLepCalc/abs(MCWeight_singleLepCalc)) * 8.82208857389e-05
Cuts: (leptonPt_singleLepCalc > 50) && (corr_met_singleLepCalc > 55) && (AK4HT > 480) && (minDR_lepJet > 0.4 || ptRel_lepJet > 40) && (NJetsAK8_JetSubCalc > 2) && (minDR_leadAK8otherAK8 < 3.0) && DataPastTrigger == 1 && isMuon==1
****************************************************************************************************
****************************************************************************************************
DISTRIBUTION: Tp2Mass
            -name in ljmet trees: Tprime2_ALGO_Mass
            -x-axis label is set to: ;M(T) [GeV])
            -using the binning as: [0.0, 60.0, 120.0, 180.0, 240.0, 300.0, 360.0, 420.0, 480.0, 540.0, 600.0, 660.0, 720.0, 780.0, 840.0, 900.0, 960.0, 1020.0, 1080.0, 1140.0, 1200.0, 1260.0, 1320.0, 1380.0, 1440.0, 1500.0, 1560.0, 1620.0, 1680.0, 1740.0, 1800.0, 1860.0, 1920.0, 1980.0, 2040.0, 2100.0, 2160.0, 2220.0, 2280.0, 2340.0, 2400.0, 2460.0, 2520.0, 2580.0, 2640.0, 2700.0, 2760.0, 2820.0, 2880.0, 2940.0, 3000.0]
/////////////////////////
PROCESSING:  TTM1400TZTZ
/////////////////////////
plotTreeName: Tprime2_BEST_Mass
Flavour: M #tag: isV_tZbW #algo: BEST
Weights: 1 * 1 * 1 * pileupWeight * 1 * lepIdSF * EGammaGsfSF * 1 * (MCWeight_singleLepCalc/abs(MCWeight_singleLepCalc)) * 8.82208857389e-05
Cuts: (leptonPt_singleLepCalc > 50) && (corr_met_singleLepCalc > 55) && (AK4HT > 480) && (minDR_lepJet > 0.4 || ptRel_lepJet > 40) && (NJetsAK8_JetSubCalc > 2) && (minDR_leadAK8otherAK8 < 3.0) && DataPastTrigger == 1 && isMuon==1
****************************************************************************************************
****************************************************************************************************
DISTRIBUTION: Tp2Mass
            -name in ljmet trees: Tprime2_ALGO_Mass
            -x-axis label is set to: ;M(T) [GeV])
            -using the binning as: [0.0, 60.0, 120.0, 180.0, 240.0, 300.0, 360.0, 420.0, 480.0, 540.0, 600.0, 660.0, 720.0, 780.0, 840.0, 900.0, 960.0, 1020.0, 1080.0, 1140.0, 1200.0, 1260.0, 1320.0, 1380.0, 1440.0, 1500.0, 1560.0, 1620.0, 1680.0, 1740.0, 1800.0, 1860.0, 1920.0, 1980.0, 2040.0, 2100.0, 2160.0, 2220.0, 2280.0, 2340.0, 2400.0, 2460.0, 2520.0, 2580.0, 2640.0, 2700.0, 2760.0, 2820.0, 2880.0, 2940.0, 3000.0]
/////////////////////////
PROCESSING:  TTM1400TZBW
/////////////////////////
plotTreeName: Tprime2_BEST_Mass
Flavour: M #tag: isV_tZbW #algo: BEST
Weights: 1 * 1 * 1 * pileupWeight * 1 * lepIdSF * EGammaGsfSF * 1 * (MCWeight_singleLepCalc/abs(MCWeight_singleLepCalc)) * 0.000176441771478
Cuts: (leptonPt_singleLepCalc > 50) && (corr_met_singleLepCalc > 55) && (AK4HT > 480) && (minDR_lepJet > 0.4 || ptRel_lepJet > 40) && (NJetsAK8_JetSubCalc > 2) && (minDR_leadAK8otherAK8 < 3.0) && DataPastTrigger == 1 && isMuon==1
****************************************************************************************************
****************************************************************************************************
DISTRIBUTION: Tp2Mass
            -name in ljmet trees: Tprime2_ALGO_Mass
            -x-axis label is set to: ;M(T) [GeV])
            -using the binning as: [0.0, 60.0, 120.0, 180.0, 240.0, 300.0, 360.0, 420.0, 480.0, 540.0, 600.0, 660.0, 720.0, 780.0, 840.0, 900.0, 960.0, 1020.0, 1080.0, 1140.0, 1200.0, 1260.0, 1320.0, 1380.0, 1440.0, 1500.0, 1560.0, 1620.0, 1680.0, 1740.0, 1800.0, 1860.0, 1920.0, 1980.0, 2040.0, 2100.0, 2160.0, 2220.0, 2280.0, 2340.0, 2400.0, 2460.0, 2520.0, 2580.0, 2640.0, 2700.0, 2760.0, 2820.0, 2880.0, 2940.0, 3000.0]
/////////////////////////
PROCESSING:  TTM1400THBW
/////////////////////////
plotTreeName: Tprime2_BEST_Mass
Flavour: M #tag: isV_tZbW #algo: BEST
Weights: 1 * 1 * 1 * pileupWeight * 1 * lepIdSF * EGammaGsfSF * 1 * (MCWeight_singleLepCalc/abs(MCWeight_singleLepCalc)) * 0.000176441771478
Cuts: (leptonPt_singleLepCalc > 50) && (corr_met_singleLepCalc > 55) && (AK4HT > 480) && (minDR_lepJet > 0.4 || ptRel_lepJet > 40) && (NJetsAK8_JetSubCalc > 2) && (minDR_leadAK8otherAK8 < 3.0) && DataPastTrigger == 1 && isMuon==1
****************************************************************************************************
****************************************************************************************************
DISTRIBUTION: Tp2Mass
            -name in ljmet trees: Tprime2_ALGO_Mass
            -x-axis label is set to: ;M(T) [GeV])
            -using the binning as: [0.0, 60.0, 120.0, 180.0, 240.0, 300.0, 360.0, 420.0, 480.0, 540.0, 600.0, 660.0, 720.0, 780.0, 840.0, 900.0, 960.0, 1020.0, 1080.0, 1140.0, 1200.0, 1260.0, 1320.0, 1380.0, 1440.0, 1500.0, 1560.0, 1620.0, 1680.0, 1740.0, 1800.0, 1860.0, 1920.0, 1980.0, 2040.0, 2100.0, 2160.0, 2220.0, 2280.0, 2340.0, 2400.0, 2460.0, 2520.0, 2580.0, 2640.0, 2700.0, 2760.0, 2820.0, 2880.0, 2940.0, 3000.0]
/////////////////////////
PROCESSING:  TTM1400TZTH
/////////////////////////
plotTreeName: Tprime2_BEST_Mass
Flavour: M #tag: isV_tZbW #algo: BEST
Weights: 1 * 1 * 1 * pileupWeight * 1 * lepIdSF * EGammaGsfSF * 1 * (MCWeight_singleLepCalc/abs(MCWeight_singleLepCalc)) * 8.82208857389e-05
Cuts: (leptonPt_singleLepCalc > 50) && (corr_met_singleLepCalc > 55) && (AK4HT > 480) && (minDR_lepJet > 0.4 || ptRel_lepJet > 40) && (NJetsAK8_JetSubCalc > 2) && (minDR_leadAK8otherAK8 < 3.0) && DataPastTrigger == 1 && isMuon==1
****************************************************************************************************
****************************************************************************************************
DISTRIBUTION: Tp2Mass
            -name in ljmet trees: Tprime2_ALGO_Mass
            -x-axis label is set to: ;M(T) [GeV])
            -using the binning as: [0.0, 60.0, 120.0, 180.0, 240.0, 300.0, 360.0, 420.0, 480.0, 540.0, 600.0, 660.0, 720.0, 780.0, 840.0, 900.0, 960.0, 1020.0, 1080.0, 1140.0, 1200.0, 1260.0, 1320.0, 1380.0, 1440.0, 1500.0, 1560.0, 1620.0, 1680.0, 1740.0, 1800.0, 1860.0, 1920.0, 1980.0, 2040.0, 2100.0, 2160.0, 2220.0, 2280.0, 2340.0, 2400.0, 2460.0, 2520.0, 2580.0, 2640.0, 2700.0, 2760.0, 2820.0, 2880.0, 2940.0, 3000.0]
/////////////////////////
PROCESSING:  TTM1500BWBW
/////////////////////////
plotTreeName: Tprime2_BEST_Mass
Flavour: M #tag: isV_tZbW #algo: BEST
Weights: 1 * 1 * 1 * pileupWeight * 1 * lepIdSF * EGammaGsfSF * 1 * (MCWeight_singleLepCalc/abs(MCWeight_singleLepCalc)) * 0.00019932135405
Cuts: (leptonPt_singleLepCalc > 50) && (corr_met_singleLepCalc > 55) && (AK4HT > 480) && (minDR_lepJet > 0.4 || ptRel_lepJet > 40) && (NJetsAK8_JetSubCalc > 2) && (minDR_leadAK8otherAK8 < 3.0) && DataPastTrigger == 1 && isMuon==1
****************************************************************************************************
****************************************************************************************************
DISTRIBUTION: Tp2Mass
            -name in ljmet trees: Tprime2_ALGO_Mass
            -x-axis label is set to: ;M(T) [GeV])
            -using the binning as: [0.0, 60.0, 120.0, 180.0, 240.0, 300.0, 360.0, 420.0, 480.0, 540.0, 600.0, 660.0, 720.0, 780.0, 840.0, 900.0, 960.0, 1020.0, 1080.0, 1140.0, 1200.0, 1260.0, 1320.0, 1380.0, 1440.0, 1500.0, 1560.0, 1620.0, 1680.0, 1740.0, 1800.0, 1860.0, 1920.0, 1980.0, 2040.0, 2100.0, 2160.0, 2220.0, 2280.0, 2340.0, 2400.0, 2460.0, 2520.0, 2580.0, 2640.0, 2700.0, 2760.0, 2820.0, 2880.0, 2940.0, 3000.0]
/////////////////////////
PROCESSING:  TTM1500THTH
/////////////////////////
plotTreeName: Tprime2_BEST_Mass
Flavour: M #tag: isV_tZbW #algo: BEST
Weights: 1 * 1 * 1 * pileupWeight * 1 * lepIdSF * EGammaGsfSF * 1 * (MCWeight_singleLepCalc/abs(MCWeight_singleLepCalc)) * 4.98303385124e-05
Cuts: (leptonPt_singleLepCalc > 50) && (corr_met_singleLepCalc > 55) && (AK4HT > 480) && (minDR_lepJet > 0.4 || ptRel_lepJet > 40) && (NJetsAK8_JetSubCalc > 2) && (minDR_leadAK8otherAK8 < 3.0) && DataPastTrigger == 1 && isMuon==1
****************************************************************************************************
****************************************************************************************************
DISTRIBUTION: Tp2Mass
            -name in ljmet trees: Tprime2_ALGO_Mass
            -x-axis label is set to: ;M(T) [GeV])
            -using the binning as: [0.0, 60.0, 120.0, 180.0, 240.0, 300.0, 360.0, 420.0, 480.0, 540.0, 600.0, 660.0, 720.0, 780.0, 840.0, 900.0, 960.0, 1020.0, 1080.0, 1140.0, 1200.0, 1260.0, 1320.0, 1380.0, 1440.0, 1500.0, 1560.0, 1620.0, 1680.0, 1740.0, 1800.0, 1860.0, 1920.0, 1980.0, 2040.0, 2100.0, 2160.0, 2220.0, 2280.0, 2340.0, 2400.0, 2460.0, 2520.0, 2580.0, 2640.0, 2700.0, 2760.0, 2820.0, 2880.0, 2940.0, 3000.0]
/////////////////////////
PROCESSING:  TTM1500TZTZ
/////////////////////////
plotTreeName: Tprime2_BEST_Mass
Flavour: M #tag: isV_tZbW #algo: BEST
Weights: 1 * 1 * 1 * pileupWeight * 1 * lepIdSF * EGammaGsfSF * 1 * (MCWeight_singleLepCalc/abs(MCWeight_singleLepCalc)) * 4.98303385124e-05
Cuts: (leptonPt_singleLepCalc > 50) && (corr_met_singleLepCalc > 55) && (AK4HT > 480) && (minDR_lepJet > 0.4 || ptRel_lepJet > 40) && (NJetsAK8_JetSubCalc > 2) && (minDR_leadAK8otherAK8 < 3.0) && DataPastTrigger == 1 && isMuon==1
****************************************************************************************************
****************************************************************************************************
DISTRIBUTION: Tp2Mass
            -name in ljmet trees: Tprime2_ALGO_Mass
            -x-axis label is set to: ;M(T) [GeV])
            -using the binning as: [0.0, 60.0, 120.0, 180.0, 240.0, 300.0, 360.0, 420.0, 480.0, 540.0, 600.0, 660.0, 720.0, 780.0, 840.0, 900.0, 960.0, 1020.0, 1080.0, 1140.0, 1200.0, 1260.0, 1320.0, 1380.0, 1440.0, 1500.0, 1560.0, 1620.0, 1680.0, 1740.0, 1800.0, 1860.0, 1920.0, 1980.0, 2040.0, 2100.0, 2160.0, 2220.0, 2280.0, 2340.0, 2400.0, 2460.0, 2520.0, 2580.0, 2640.0, 2700.0, 2760.0, 2820.0, 2880.0, 2940.0, 3000.0]
/////////////////////////
PROCESSING:  TTM1500TZBW
/////////////////////////
plotTreeName: Tprime2_BEST_Mass
Flavour: M #tag: isV_tZbW #algo: BEST
Weights: 1 * 1 * 1 * pileupWeight * 1 * lepIdSF * EGammaGsfSF * 1 * (MCWeight_singleLepCalc/abs(MCWeight_singleLepCalc)) * 9.96606770248e-05
Cuts: (leptonPt_singleLepCalc > 50) && (corr_met_singleLepCalc > 55) && (AK4HT > 480) && (minDR_lepJet > 0.4 || ptRel_lepJet > 40) && (NJetsAK8_JetSubCalc > 2) && (minDR_leadAK8otherAK8 < 3.0) && DataPastTrigger == 1 && isMuon==1
****************************************************************************************************
****************************************************************************************************
DISTRIBUTION: Tp2Mass
            -name in ljmet trees: Tprime2_ALGO_Mass
            -x-axis label is set to: ;M(T) [GeV])
            -using the binning as: [0.0, 60.0, 120.0, 180.0, 240.0, 300.0, 360.0, 420.0, 480.0, 540.0, 600.0, 660.0, 720.0, 780.0, 840.0, 900.0, 960.0, 1020.0, 1080.0, 1140.0, 1200.0, 1260.0, 1320.0, 1380.0, 1440.0, 1500.0, 1560.0, 1620.0, 1680.0, 1740.0, 1800.0, 1860.0, 1920.0, 1980.0, 2040.0, 2100.0, 2160.0, 2220.0, 2280.0, 2340.0, 2400.0, 2460.0, 2520.0, 2580.0, 2640.0, 2700.0, 2760.0, 2820.0, 2880.0, 2940.0, 3000.0]
/////////////////////////
PROCESSING:  TTM1500THBW
/////////////////////////
plotTreeName: Tprime2_BEST_Mass
Flavour: M #tag: isV_tZbW #algo: BEST
Weights: 1 * 1 * 1 * pileupWeight * 1 * lepIdSF * EGammaGsfSF * 1 * (MCWeight_singleLepCalc/abs(MCWeight_singleLepCalc)) * 9.96606770248e-05
Cuts: (leptonPt_singleLepCalc > 50) && (corr_met_singleLepCalc > 55) && (AK4HT > 480) && (minDR_lepJet > 0.4 || ptRel_lepJet > 40) && (NJetsAK8_JetSubCalc > 2) && (minDR_leadAK8otherAK8 < 3.0) && DataPastTrigger == 1 && isMuon==1
****************************************************************************************************
****************************************************************************************************
DISTRIBUTION: Tp2Mass
            -name in ljmet trees: Tprime2_ALGO_Mass
            -x-axis label is set to: ;M(T) [GeV])
            -using the binning as: [0.0, 60.0, 120.0, 180.0, 240.0, 300.0, 360.0, 420.0, 480.0, 540.0, 600.0, 660.0, 720.0, 780.0, 840.0, 900.0, 960.0, 1020.0, 1080.0, 1140.0, 1200.0, 1260.0, 1320.0, 1380.0, 1440.0, 1500.0, 1560.0, 1620.0, 1680.0, 1740.0, 1800.0, 1860.0, 1920.0, 1980.0, 2040.0, 2100.0, 2160.0, 2220.0, 2280.0, 2340.0, 2400.0, 2460.0, 2520.0, 2580.0, 2640.0, 2700.0, 2760.0, 2820.0, 2880.0, 2940.0, 3000.0]
/////////////////////////
PROCESSING:  TTM1500TZTH
/////////////////////////
plotTreeName: Tprime2_BEST_Mass
Flavour: M #tag: isV_tZbW #algo: BEST
Weights: 1 * 1 * 1 * pileupWeight * 1 * lepIdSF * EGammaGsfSF * 1 * (MCWeight_singleLepCalc/abs(MCWeight_singleLepCalc)) * 4.98303385124e-05
Cuts: (leptonPt_singleLepCalc > 50) && (corr_met_singleLepCalc > 55) && (AK4HT > 480) && (minDR_lepJet > 0.4 || ptRel_lepJet > 40) && (NJetsAK8_JetSubCalc > 2) && (minDR_leadAK8otherAK8 < 3.0) && DataPastTrigger == 1 && isMuon==1
****************************************************************************************************
****************************************************************************************************
DISTRIBUTION: Tp2Mass
            -name in ljmet trees: Tprime2_ALGO_Mass
            -x-axis label is set to: ;M(T) [GeV])
            -using the binning as: [0.0, 60.0, 120.0, 180.0, 240.0, 300.0, 360.0, 420.0, 480.0, 540.0, 600.0, 660.0, 720.0, 780.0, 840.0, 900.0, 960.0, 1020.0, 1080.0, 1140.0, 1200.0, 1260.0, 1320.0, 1380.0, 1440.0, 1500.0, 1560.0, 1620.0, 1680.0, 1740.0, 1800.0, 1860.0, 1920.0, 1980.0, 2040.0, 2100.0, 2160.0, 2220.0, 2280.0, 2340.0, 2400.0, 2460.0, 2520.0, 2580.0, 2640.0, 2700.0, 2760.0, 2820.0, 2880.0, 2940.0, 3000.0]
/////////////////////////
PROCESSING:  TTM1600BWBW
/////////////////////////
plotTreeName: Tprime2_BEST_Mass
Flavour: M #tag: isV_tZbW #algo: BEST
Weights: 1 * 1 * 1 * pileupWeight * 1 * lepIdSF * EGammaGsfSF * 1 * (MCWeight_singleLepCalc/abs(MCWeight_singleLepCalc)) * 0.000114437939919
Cuts: (leptonPt_singleLepCalc > 50) && (corr_met_singleLepCalc > 55) && (AK4HT > 480) && (minDR_lepJet > 0.4 || ptRel_lepJet > 40) && (NJetsAK8_JetSubCalc > 2) && (minDR_leadAK8otherAK8 < 3.0) && DataPastTrigger == 1 && isMuon==1
****************************************************************************************************
****************************************************************************************************
DISTRIBUTION: Tp2Mass
            -name in ljmet trees: Tprime2_ALGO_Mass
            -x-axis label is set to: ;M(T) [GeV])
            -using the binning as: [0.0, 60.0, 120.0, 180.0, 240.0, 300.0, 360.0, 420.0, 480.0, 540.0, 600.0, 660.0, 720.0, 780.0, 840.0, 900.0, 960.0, 1020.0, 1080.0, 1140.0, 1200.0, 1260.0, 1320.0, 1380.0, 1440.0, 1500.0, 1560.0, 1620.0, 1680.0, 1740.0, 1800.0, 1860.0, 1920.0, 1980.0, 2040.0, 2100.0, 2160.0, 2220.0, 2280.0, 2340.0, 2400.0, 2460.0, 2520.0, 2580.0, 2640.0, 2700.0, 2760.0, 2820.0, 2880.0, 2940.0, 3000.0]
/////////////////////////
PROCESSING:  TTM1600THTH
/////////////////////////
plotTreeName: Tprime2_BEST_Mass
Flavour: M #tag: isV_tZbW #algo: BEST
Weights: 1 * 1 * 1 * pileupWeight * 1 * lepIdSF * EGammaGsfSF * 1 * (MCWeight_singleLepCalc/abs(MCWeight_singleLepCalc)) * 2.86094849797e-05
Cuts: (leptonPt_singleLepCalc > 50) && (corr_met_singleLepCalc > 55) && (AK4HT > 480) && (minDR_lepJet > 0.4 || ptRel_lepJet > 40) && (NJetsAK8_JetSubCalc > 2) && (minDR_leadAK8otherAK8 < 3.0) && DataPastTrigger == 1 && isMuon==1
****************************************************************************************************
****************************************************************************************************
DISTRIBUTION: Tp2Mass
            -name in ljmet trees: Tprime2_ALGO_Mass
            -x-axis label is set to: ;M(T) [GeV])
            -using the binning as: [0.0, 60.0, 120.0, 180.0, 240.0, 300.0, 360.0, 420.0, 480.0, 540.0, 600.0, 660.0, 720.0, 780.0, 840.0, 900.0, 960.0, 1020.0, 1080.0, 1140.0, 1200.0, 1260.0, 1320.0, 1380.0, 1440.0, 1500.0, 1560.0, 1620.0, 1680.0, 1740.0, 1800.0, 1860.0, 1920.0, 1980.0, 2040.0, 2100.0, 2160.0, 2220.0, 2280.0, 2340.0, 2400.0, 2460.0, 2520.0, 2580.0, 2640.0, 2700.0, 2760.0, 2820.0, 2880.0, 2940.0, 3000.0]
/////////////////////////
PROCESSING:  TTM1600TZTZ
/////////////////////////
plotTreeName: Tprime2_BEST_Mass
Flavour: M #tag: isV_tZbW #algo: BEST
Weights: 1 * 1 * 1 * pileupWeight * 1 * lepIdSF * EGammaGsfSF * 1 * (MCWeight_singleLepCalc/abs(MCWeight_singleLepCalc)) * 2.86094849797e-05
Cuts: (leptonPt_singleLepCalc > 50) && (corr_met_singleLepCalc > 55) && (AK4HT > 480) && (minDR_lepJet > 0.4 || ptRel_lepJet > 40) && (NJetsAK8_JetSubCalc > 2) && (minDR_leadAK8otherAK8 < 3.0) && DataPastTrigger == 1 && isMuon==1
****************************************************************************************************
****************************************************************************************************
DISTRIBUTION: Tp2Mass
            -name in ljmet trees: Tprime2_ALGO_Mass
            -x-axis label is set to: ;M(T) [GeV])
            -using the binning as: [0.0, 60.0, 120.0, 180.0, 240.0, 300.0, 360.0, 420.0, 480.0, 540.0, 600.0, 660.0, 720.0, 780.0, 840.0, 900.0, 960.0, 1020.0, 1080.0, 1140.0, 1200.0, 1260.0, 1320.0, 1380.0, 1440.0, 1500.0, 1560.0, 1620.0, 1680.0, 1740.0, 1800.0, 1860.0, 1920.0, 1980.0, 2040.0, 2100.0, 2160.0, 2220.0, 2280.0, 2340.0, 2400.0, 2460.0, 2520.0, 2580.0, 2640.0, 2700.0, 2760.0, 2820.0, 2880.0, 2940.0, 3000.0]
/////////////////////////
PROCESSING:  TTM1600TZBW
/////////////////////////
plotTreeName: Tprime2_BEST_Mass
Flavour: M #tag: isV_tZbW #algo: BEST
Weights: 1 * 1 * 1 * pileupWeight * 1 * lepIdSF * EGammaGsfSF * 1 * (MCWeight_singleLepCalc/abs(MCWeight_singleLepCalc)) * 5.72189699595e-05
Cuts: (leptonPt_singleLepCalc > 50) && (corr_met_singleLepCalc > 55) && (AK4HT > 480) && (minDR_lepJet > 0.4 || ptRel_lepJet > 40) && (NJetsAK8_JetSubCalc > 2) && (minDR_leadAK8otherAK8 < 3.0) && DataPastTrigger == 1 && isMuon==1
****************************************************************************************************
****************************************************************************************************
DISTRIBUTION: Tp2Mass
            -name in ljmet trees: Tprime2_ALGO_Mass
            -x-axis label is set to: ;M(T) [GeV])
            -using the binning as: [0.0, 60.0, 120.0, 180.0, 240.0, 300.0, 360.0, 420.0, 480.0, 540.0, 600.0, 660.0, 720.0, 780.0, 840.0, 900.0, 960.0, 1020.0, 1080.0, 1140.0, 1200.0, 1260.0, 1320.0, 1380.0, 1440.0, 1500.0, 1560.0, 1620.0, 1680.0, 1740.0, 1800.0, 1860.0, 1920.0, 1980.0, 2040.0, 2100.0, 2160.0, 2220.0, 2280.0, 2340.0, 2400.0, 2460.0, 2520.0, 2580.0, 2640.0, 2700.0, 2760.0, 2820.0, 2880.0, 2940.0, 3000.0]
/////////////////////////
PROCESSING:  TTM1600THBW
/////////////////////////
plotTreeName: Tprime2_BEST_Mass
Flavour: M #tag: isV_tZbW #algo: BEST
Weights: 1 * 1 * 1 * pileupWeight * 1 * lepIdSF * EGammaGsfSF * 1 * (MCWeight_singleLepCalc/abs(MCWeight_singleLepCalc)) * 5.72189699595e-05
Cuts: (leptonPt_singleLepCalc > 50) && (corr_met_singleLepCalc > 55) && (AK4HT > 480) && (minDR_lepJet > 0.4 || ptRel_lepJet > 40) && (NJetsAK8_JetSubCalc > 2) && (minDR_leadAK8otherAK8 < 3.0) && DataPastTrigger == 1 && isMuon==1
****************************************************************************************************
****************************************************************************************************
DISTRIBUTION: Tp2Mass
            -name in ljmet trees: Tprime2_ALGO_Mass
            -x-axis label is set to: ;M(T) [GeV])
            -using the binning as: [0.0, 60.0, 120.0, 180.0, 240.0, 300.0, 360.0, 420.0, 480.0, 540.0, 600.0, 660.0, 720.0, 780.0, 840.0, 900.0, 960.0, 1020.0, 1080.0, 1140.0, 1200.0, 1260.0, 1320.0, 1380.0, 1440.0, 1500.0, 1560.0, 1620.0, 1680.0, 1740.0, 1800.0, 1860.0, 1920.0, 1980.0, 2040.0, 2100.0, 2160.0, 2220.0, 2280.0, 2340.0, 2400.0, 2460.0, 2520.0, 2580.0, 2640.0, 2700.0, 2760.0, 2820.0, 2880.0, 2940.0, 3000.0]
/////////////////////////
PROCESSING:  TTM1600TZTH
/////////////////////////
plotTreeName: Tprime2_BEST_Mass
Flavour: M #tag: isV_tZbW #algo: BEST
Weights: 1 * 1 * 1 * pileupWeight * 1 * lepIdSF * EGammaGsfSF * 1 * (MCWeight_singleLepCalc/abs(MCWeight_singleLepCalc)) * 2.86094849797e-05
Cuts: (leptonPt_singleLepCalc > 50) && (corr_met_singleLepCalc > 55) && (AK4HT > 480) && (minDR_lepJet > 0.4 || ptRel_lepJet > 40) && (NJetsAK8_JetSubCalc > 2) && (minDR_leadAK8otherAK8 < 3.0) && DataPastTrigger == 1 && isMuon==1
****************************************************************************************************
****************************************************************************************************
DISTRIBUTION: Tp2Mass
            -name in ljmet trees: Tprime2_ALGO_Mass
            -x-axis label is set to: ;M(T) [GeV])
            -using the binning as: [0.0, 60.0, 120.0, 180.0, 240.0, 300.0, 360.0, 420.0, 480.0, 540.0, 600.0, 660.0, 720.0, 780.0, 840.0, 900.0, 960.0, 1020.0, 1080.0, 1140.0, 1200.0, 1260.0, 1320.0, 1380.0, 1440.0, 1500.0, 1560.0, 1620.0, 1680.0, 1740.0, 1800.0, 1860.0, 1920.0, 1980.0, 2040.0, 2100.0, 2160.0, 2220.0, 2280.0, 2340.0, 2400.0, 2460.0, 2520.0, 2580.0, 2640.0, 2700.0, 2760.0, 2820.0, 2880.0, 2940.0, 3000.0]
/////////////////////////
PROCESSING:  TTM1700BWBW
/////////////////////////
plotTreeName: Tprime2_BEST_Mass
Flavour: M #tag: isV_tZbW #algo: BEST
Weights: 1 * 1 * 1 * pileupWeight * 1 * lepIdSF * EGammaGsfSF * 1 * (MCWeight_singleLepCalc/abs(MCWeight_singleLepCalc)) * 6.93554282011e-05
Cuts: (leptonPt_singleLepCalc > 50) && (corr_met_singleLepCalc > 55) && (AK4HT > 480) && (minDR_lepJet > 0.4 || ptRel_lepJet > 40) && (NJetsAK8_JetSubCalc > 2) && (minDR_leadAK8otherAK8 < 3.0) && DataPastTrigger == 1 && isMuon==1
****************************************************************************************************
****************************************************************************************************
DISTRIBUTION: Tp2Mass
            -name in ljmet trees: Tprime2_ALGO_Mass
            -x-axis label is set to: ;M(T) [GeV])
            -using the binning as: [0.0, 60.0, 120.0, 180.0, 240.0, 300.0, 360.0, 420.0, 480.0, 540.0, 600.0, 660.0, 720.0, 780.0, 840.0, 900.0, 960.0, 1020.0, 1080.0, 1140.0, 1200.0, 1260.0, 1320.0, 1380.0, 1440.0, 1500.0, 1560.0, 1620.0, 1680.0, 1740.0, 1800.0, 1860.0, 1920.0, 1980.0, 2040.0, 2100.0, 2160.0, 2220.0, 2280.0, 2340.0, 2400.0, 2460.0, 2520.0, 2580.0, 2640.0, 2700.0, 2760.0, 2820.0, 2880.0, 2940.0, 3000.0]
/////////////////////////
PROCESSING:  TTM1700THTH
/////////////////////////
plotTreeName: Tprime2_BEST_Mass
Flavour: M #tag: isV_tZbW #algo: BEST
Weights: 1 * 1 * 1 * pileupWeight * 1 * lepIdSF * EGammaGsfSF * 1 * (MCWeight_singleLepCalc/abs(MCWeight_singleLepCalc)) * 1.73388570503e-05
Cuts: (leptonPt_singleLepCalc > 50) && (corr_met_singleLepCalc > 55) && (AK4HT > 480) && (minDR_lepJet > 0.4 || ptRel_lepJet > 40) && (NJetsAK8_JetSubCalc > 2) && (minDR_leadAK8otherAK8 < 3.0) && DataPastTrigger == 1 && isMuon==1
****************************************************************************************************
****************************************************************************************************
DISTRIBUTION: Tp2Mass
            -name in ljmet trees: Tprime2_ALGO_Mass
            -x-axis label is set to: ;M(T) [GeV])
            -using the binning as: [0.0, 60.0, 120.0, 180.0, 240.0, 300.0, 360.0, 420.0, 480.0, 540.0, 600.0, 660.0, 720.0, 780.0, 840.0, 900.0, 960.0, 1020.0, 1080.0, 1140.0, 1200.0, 1260.0, 1320.0, 1380.0, 1440.0, 1500.0, 1560.0, 1620.0, 1680.0, 1740.0, 1800.0, 1860.0, 1920.0, 1980.0, 2040.0, 2100.0, 2160.0, 2220.0, 2280.0, 2340.0, 2400.0, 2460.0, 2520.0, 2580.0, 2640.0, 2700.0, 2760.0, 2820.0, 2880.0, 2940.0, 3000.0]
/////////////////////////
PROCESSING:  TTM1700TZTZ
/////////////////////////
plotTreeName: Tprime2_BEST_Mass
Flavour: M #tag: isV_tZbW #algo: BEST
Weights: 1 * 1 * 1 * pileupWeight * 1 * lepIdSF * EGammaGsfSF * 1 * (MCWeight_singleLepCalc/abs(MCWeight_singleLepCalc)) * 1.73388570503e-05
Cuts: (leptonPt_singleLepCalc > 50) && (corr_met_singleLepCalc > 55) && (AK4HT > 480) && (minDR_lepJet > 0.4 || ptRel_lepJet > 40) && (NJetsAK8_JetSubCalc > 2) && (minDR_leadAK8otherAK8 < 3.0) && DataPastTrigger == 1 && isMuon==1
****************************************************************************************************
****************************************************************************************************
DISTRIBUTION: Tp2Mass
            -name in ljmet trees: Tprime2_ALGO_Mass
            -x-axis label is set to: ;M(T) [GeV])
            -using the binning as: [0.0, 60.0, 120.0, 180.0, 240.0, 300.0, 360.0, 420.0, 480.0, 540.0, 600.0, 660.0, 720.0, 780.0, 840.0, 900.0, 960.0, 1020.0, 1080.0, 1140.0, 1200.0, 1260.0, 1320.0, 1380.0, 1440.0, 1500.0, 1560.0, 1620.0, 1680.0, 1740.0, 1800.0, 1860.0, 1920.0, 1980.0, 2040.0, 2100.0, 2160.0, 2220.0, 2280.0, 2340.0, 2400.0, 2460.0, 2520.0, 2580.0, 2640.0, 2700.0, 2760.0, 2820.0, 2880.0, 2940.0, 3000.0]
/////////////////////////
PROCESSING:  TTM1700TZBW
/////////////////////////
plotTreeName: Tprime2_BEST_Mass
Flavour: M #tag: isV_tZbW #algo: BEST
Weights: 1 * 1 * 1 * pileupWeight * 1 * lepIdSF * EGammaGsfSF * 1 * (MCWeight_singleLepCalc/abs(MCWeight_singleLepCalc)) * 3.46777141005e-05
Cuts: (leptonPt_singleLepCalc > 50) && (corr_met_singleLepCalc > 55) && (AK4HT > 480) && (minDR_lepJet > 0.4 || ptRel_lepJet > 40) && (NJetsAK8_JetSubCalc > 2) && (minDR_leadAK8otherAK8 < 3.0) && DataPastTrigger == 1 && isMuon==1
****************************************************************************************************
****************************************************************************************************
DISTRIBUTION: Tp2Mass
            -name in ljmet trees: Tprime2_ALGO_Mass
            -x-axis label is set to: ;M(T) [GeV])
            -using the binning as: [0.0, 60.0, 120.0, 180.0, 240.0, 300.0, 360.0, 420.0, 480.0, 540.0, 600.0, 660.0, 720.0, 780.0, 840.0, 900.0, 960.0, 1020.0, 1080.0, 1140.0, 1200.0, 1260.0, 1320.0, 1380.0, 1440.0, 1500.0, 1560.0, 1620.0, 1680.0, 1740.0, 1800.0, 1860.0, 1920.0, 1980.0, 2040.0, 2100.0, 2160.0, 2220.0, 2280.0, 2340.0, 2400.0, 2460.0, 2520.0, 2580.0, 2640.0, 2700.0, 2760.0, 2820.0, 2880.0, 2940.0, 3000.0]
/////////////////////////
PROCESSING:  TTM1700THBW
/////////////////////////
plotTreeName: Tprime2_BEST_Mass
Flavour: M #tag: isV_tZbW #algo: BEST
Weights: 1 * 1 * 1 * pileupWeight * 1 * lepIdSF * EGammaGsfSF * 1 * (MCWeight_singleLepCalc/abs(MCWeight_singleLepCalc)) * 3.46777141005e-05
Cuts: (leptonPt_singleLepCalc > 50) && (corr_met_singleLepCalc > 55) && (AK4HT > 480) && (minDR_lepJet > 0.4 || ptRel_lepJet > 40) && (NJetsAK8_JetSubCalc > 2) && (minDR_leadAK8otherAK8 < 3.0) && DataPastTrigger == 1 && isMuon==1
****************************************************************************************************
****************************************************************************************************
DISTRIBUTION: Tp2Mass
            -name in ljmet trees: Tprime2_ALGO_Mass
            -x-axis label is set to: ;M(T) [GeV])
            -using the binning as: [0.0, 60.0, 120.0, 180.0, 240.0, 300.0, 360.0, 420.0, 480.0, 540.0, 600.0, 660.0, 720.0, 780.0, 840.0, 900.0, 960.0, 1020.0, 1080.0, 1140.0, 1200.0, 1260.0, 1320.0, 1380.0, 1440.0, 1500.0, 1560.0, 1620.0, 1680.0, 1740.0, 1800.0, 1860.0, 1920.0, 1980.0, 2040.0, 2100.0, 2160.0, 2220.0, 2280.0, 2340.0, 2400.0, 2460.0, 2520.0, 2580.0, 2640.0, 2700.0, 2760.0, 2820.0, 2880.0, 2940.0, 3000.0]
/////////////////////////
PROCESSING:  TTM1700TZTH
/////////////////////////
plotTreeName: Tprime2_BEST_Mass
Flavour: M #tag: isV_tZbW #algo: BEST
Weights: 1 * 1 * 1 * pileupWeight * 1 * lepIdSF * EGammaGsfSF * 1 * (MCWeight_singleLepCalc/abs(MCWeight_singleLepCalc)) * 1.73388570503e-05
Cuts: (leptonPt_singleLepCalc > 50) && (corr_met_singleLepCalc > 55) && (AK4HT > 480) && (minDR_lepJet > 0.4 || ptRel_lepJet > 40) && (NJetsAK8_JetSubCalc > 2) && (minDR_leadAK8otherAK8 < 3.0) && DataPastTrigger == 1 && isMuon==1
****************************************************************************************************
****************************************************************************************************
DISTRIBUTION: Tp2Mass
            -name in ljmet trees: Tprime2_ALGO_Mass
            -x-axis label is set to: ;M(T) [GeV])
            -using the binning as: [0.0, 60.0, 120.0, 180.0, 240.0, 300.0, 360.0, 420.0, 480.0, 540.0, 600.0, 660.0, 720.0, 780.0, 840.0, 900.0, 960.0, 1020.0, 1080.0, 1140.0, 1200.0, 1260.0, 1320.0, 1380.0, 1440.0, 1500.0, 1560.0, 1620.0, 1680.0, 1740.0, 1800.0, 1860.0, 1920.0, 1980.0, 2040.0, 2100.0, 2160.0, 2220.0, 2280.0, 2340.0, 2400.0, 2460.0, 2520.0, 2580.0, 2640.0, 2700.0, 2760.0, 2820.0, 2880.0, 2940.0, 3000.0]
/////////////////////////
PROCESSING:  TTM1800BWBW
/////////////////////////
plotTreeName: Tprime2_BEST_Mass
Flavour: M #tag: isV_tZbW #algo: BEST
Weights: 1 * 1 * 1 * pileupWeight * 1 * lepIdSF * EGammaGsfSF * 1 * (MCWeight_singleLepCalc/abs(MCWeight_singleLepCalc)) * 3.89579688164e-05
Cuts: (leptonPt_singleLepCalc > 50) && (corr_met_singleLepCalc > 55) && (AK4HT > 480) && (minDR_lepJet > 0.4 || ptRel_lepJet > 40) && (NJetsAK8_JetSubCalc > 2) && (minDR_leadAK8otherAK8 < 3.0) && DataPastTrigger == 1 && isMuon==1
****************************************************************************************************
****************************************************************************************************
DISTRIBUTION: Tp2Mass
            -name in ljmet trees: Tprime2_ALGO_Mass
            -x-axis label is set to: ;M(T) [GeV])
            -using the binning as: [0.0, 60.0, 120.0, 180.0, 240.0, 300.0, 360.0, 420.0, 480.0, 540.0, 600.0, 660.0, 720.0, 780.0, 840.0, 900.0, 960.0, 1020.0, 1080.0, 1140.0, 1200.0, 1260.0, 1320.0, 1380.0, 1440.0, 1500.0, 1560.0, 1620.0, 1680.0, 1740.0, 1800.0, 1860.0, 1920.0, 1980.0, 2040.0, 2100.0, 2160.0, 2220.0, 2280.0, 2340.0, 2400.0, 2460.0, 2520.0, 2580.0, 2640.0, 2700.0, 2760.0, 2820.0, 2880.0, 2940.0, 3000.0]
/////////////////////////
PROCESSING:  TTM1800THTH
/////////////////////////
plotTreeName: Tprime2_BEST_Mass
Flavour: M #tag: isV_tZbW #algo: BEST
Weights: 1 * 1 * 1 * pileupWeight * 1 * lepIdSF * EGammaGsfSF * 1 * (MCWeight_singleLepCalc/abs(MCWeight_singleLepCalc)) * 9.7394922041e-06
Cuts: (leptonPt_singleLepCalc > 50) && (corr_met_singleLepCalc > 55) && (AK4HT > 480) && (minDR_lepJet > 0.4 || ptRel_lepJet > 40) && (NJetsAK8_JetSubCalc > 2) && (minDR_leadAK8otherAK8 < 3.0) && DataPastTrigger == 1 && isMuon==1
****************************************************************************************************
****************************************************************************************************
DISTRIBUTION: Tp2Mass
            -name in ljmet trees: Tprime2_ALGO_Mass
            -x-axis label is set to: ;M(T) [GeV])
            -using the binning as: [0.0, 60.0, 120.0, 180.0, 240.0, 300.0, 360.0, 420.0, 480.0, 540.0, 600.0, 660.0, 720.0, 780.0, 840.0, 900.0, 960.0, 1020.0, 1080.0, 1140.0, 1200.0, 1260.0, 1320.0, 1380.0, 1440.0, 1500.0, 1560.0, 1620.0, 1680.0, 1740.0, 1800.0, 1860.0, 1920.0, 1980.0, 2040.0, 2100.0, 2160.0, 2220.0, 2280.0, 2340.0, 2400.0, 2460.0, 2520.0, 2580.0, 2640.0, 2700.0, 2760.0, 2820.0, 2880.0, 2940.0, 3000.0]
/////////////////////////
PROCESSING:  TTM1800TZTZ
/////////////////////////
plotTreeName: Tprime2_BEST_Mass
Flavour: M #tag: isV_tZbW #algo: BEST
Weights: 1 * 1 * 1 * pileupWeight * 1 * lepIdSF * EGammaGsfSF * 1 * (MCWeight_singleLepCalc/abs(MCWeight_singleLepCalc)) * 9.7394922041e-06
Cuts: (leptonPt_singleLepCalc > 50) && (corr_met_singleLepCalc > 55) && (AK4HT > 480) && (minDR_lepJet > 0.4 || ptRel_lepJet > 40) && (NJetsAK8_JetSubCalc > 2) && (minDR_leadAK8otherAK8 < 3.0) && DataPastTrigger == 1 && isMuon==1
****************************************************************************************************
****************************************************************************************************
DISTRIBUTION: Tp2Mass
            -name in ljmet trees: Tprime2_ALGO_Mass
            -x-axis label is set to: ;M(T) [GeV])
            -using the binning as: [0.0, 60.0, 120.0, 180.0, 240.0, 300.0, 360.0, 420.0, 480.0, 540.0, 600.0, 660.0, 720.0, 780.0, 840.0, 900.0, 960.0, 1020.0, 1080.0, 1140.0, 1200.0, 1260.0, 1320.0, 1380.0, 1440.0, 1500.0, 1560.0, 1620.0, 1680.0, 1740.0, 1800.0, 1860.0, 1920.0, 1980.0, 2040.0, 2100.0, 2160.0, 2220.0, 2280.0, 2340.0, 2400.0, 2460.0, 2520.0, 2580.0, 2640.0, 2700.0, 2760.0, 2820.0, 2880.0, 2940.0, 3000.0]
/////////////////////////
PROCESSING:  TTM1800TZBW
/////////////////////////
plotTreeName: Tprime2_BEST_Mass
Flavour: M #tag: isV_tZbW #algo: BEST
Weights: 1 * 1 * 1 * pileupWeight * 1 * lepIdSF * EGammaGsfSF * 1 * (MCWeight_singleLepCalc/abs(MCWeight_singleLepCalc)) * 1.94789844082e-05
Cuts: (leptonPt_singleLepCalc > 50) && (corr_met_singleLepCalc > 55) && (AK4HT > 480) && (minDR_lepJet > 0.4 || ptRel_lepJet > 40) && (NJetsAK8_JetSubCalc > 2) && (minDR_leadAK8otherAK8 < 3.0) && DataPastTrigger == 1 && isMuon==1
****************************************************************************************************
****************************************************************************************************
DISTRIBUTION: Tp2Mass
            -name in ljmet trees: Tprime2_ALGO_Mass
            -x-axis label is set to: ;M(T) [GeV])
            -using the binning as: [0.0, 60.0, 120.0, 180.0, 240.0, 300.0, 360.0, 420.0, 480.0, 540.0, 600.0, 660.0, 720.0, 780.0, 840.0, 900.0, 960.0, 1020.0, 1080.0, 1140.0, 1200.0, 1260.0, 1320.0, 1380.0, 1440.0, 1500.0, 1560.0, 1620.0, 1680.0, 1740.0, 1800.0, 1860.0, 1920.0, 1980.0, 2040.0, 2100.0, 2160.0, 2220.0, 2280.0, 2340.0, 2400.0, 2460.0, 2520.0, 2580.0, 2640.0, 2700.0, 2760.0, 2820.0, 2880.0, 2940.0, 3000.0]
/////////////////////////
PROCESSING:  TTM1800THBW
/////////////////////////
plotTreeName: Tprime2_BEST_Mass
Flavour: M #tag: isV_tZbW #algo: BEST
Weights: 1 * 1 * 1 * pileupWeight * 1 * lepIdSF * EGammaGsfSF * 1 * (MCWeight_singleLepCalc/abs(MCWeight_singleLepCalc)) * 1.94789844082e-05
Cuts: (leptonPt_singleLepCalc > 50) && (corr_met_singleLepCalc > 55) && (AK4HT > 480) && (minDR_lepJet > 0.4 || ptRel_lepJet > 40) && (NJetsAK8_JetSubCalc > 2) && (minDR_leadAK8otherAK8 < 3.0) && DataPastTrigger == 1 && isMuon==1
****************************************************************************************************
****************************************************************************************************
DISTRIBUTION: Tp2Mass
            -name in ljmet trees: Tprime2_ALGO_Mass
            -x-axis label is set to: ;M(T) [GeV])
            -using the binning as: [0.0, 60.0, 120.0, 180.0, 240.0, 300.0, 360.0, 420.0, 480.0, 540.0, 600.0, 660.0, 720.0, 780.0, 840.0, 900.0, 960.0, 1020.0, 1080.0, 1140.0, 1200.0, 1260.0, 1320.0, 1380.0, 1440.0, 1500.0, 1560.0, 1620.0, 1680.0, 1740.0, 1800.0, 1860.0, 1920.0, 1980.0, 2040.0, 2100.0, 2160.0, 2220.0, 2280.0, 2340.0, 2400.0, 2460.0, 2520.0, 2580.0, 2640.0, 2700.0, 2760.0, 2820.0, 2880.0, 2940.0, 3000.0]
/////////////////////////
PROCESSING:  TTM1800TZTH
/////////////////////////
plotTreeName: Tprime2_BEST_Mass
Flavour: M #tag: isV_tZbW #algo: BEST
Weights: 1 * 1 * 1 * pileupWeight * 1 * lepIdSF * EGammaGsfSF * 1 * (MCWeight_singleLepCalc/abs(MCWeight_singleLepCalc)) * 9.7394922041e-06
Cuts: (leptonPt_singleLepCalc > 50) && (corr_met_singleLepCalc > 55) && (AK4HT > 480) && (minDR_lepJet > 0.4 || ptRel_lepJet > 40) && (NJetsAK8_JetSubCalc > 2) && (minDR_leadAK8otherAK8 < 3.0) && DataPastTrigger == 1 && isMuon==1
****************************************************************************************************
****************************************************************************************************
DISTRIBUTION: Tp2Mass
            -name in ljmet trees: Tprime2_ALGO_Mass
            -x-axis label is set to: ;M(T) [GeV])
            -using the binning as: [0.0, 60.0, 120.0, 180.0, 240.0, 300.0, 360.0, 420.0, 480.0, 540.0, 600.0, 660.0, 720.0, 780.0, 840.0, 900.0, 960.0, 1020.0, 1080.0, 1140.0, 1200.0, 1260.0, 1320.0, 1380.0, 1440.0, 1500.0, 1560.0, 1620.0, 1680.0, 1740.0, 1800.0, 1860.0, 1920.0, 1980.0, 2040.0, 2100.0, 2160.0, 2220.0, 2280.0, 2340.0, 2400.0, 2460.0, 2520.0, 2580.0, 2640.0, 2700.0, 2760.0, 2820.0, 2880.0, 2940.0, 3000.0]
/////////////////////////
PROCESSING:  WJetsMG400
/////////////////////////
plotTreeName: Tprime2_DeepAK8_Mass
Flavour: M #tag: isV_tZbW #algo: DeepAK8
Weights: 1 * HTSF_Pol * 1 * pileupWeight * 1 * lepIdSF * EGammaGsfSF * 1 * (MCWeight_singleLepCalc/abs(MCWeight_singleLepCalc)) * 0.280770227538
Cuts: (leptonPt_singleLepCalc > 50) && (corr_met_singleLepCalc > 55) && (AK4HT > 480) && (minDR_lepJet > 0.4 || ptRel_lepJet > 40) && (NJetsAK8_JetSubCalc > 2) && (minDR_leadAK8otherAK8 < 3.0) && DataPastTrigger == 1 && isMuon==1
****************************************************************************************************
****************************************************************************************************
DISTRIBUTION: Tp2Mass
            -name in ljmet trees: Tprime2_ALGO_Mass
            -x-axis label is set to: ;M(T) [GeV])
            -using the binning as: [0.0, 60.0, 120.0, 180.0, 240.0, 300.0, 360.0, 420.0, 480.0, 540.0, 600.0, 660.0, 720.0, 780.0, 840.0, 900.0, 960.0, 1020.0, 1080.0, 1140.0, 1200.0, 1260.0, 1320.0, 1380.0, 1440.0, 1500.0, 1560.0, 1620.0, 1680.0, 1740.0, 1800.0, 1860.0, 1920.0, 1980.0, 2040.0, 2100.0, 2160.0, 2220.0, 2280.0, 2340.0, 2400.0, 2460.0, 2520.0, 2580.0, 2640.0, 2700.0, 2760.0, 2820.0, 2880.0, 2940.0, 3000.0]
/////////////////////////
PROCESSING:  WJetsMG600
/////////////////////////
plotTreeName: Tprime2_DeepAK8_Mass
Flavour: M #tag: isV_tZbW #algo: DeepAK8
Weights: 1 * HTSF_Pol * 1 * pileupWeight * 1 * lepIdSF * EGammaGsfSF * 1 * (MCWeight_singleLepCalc/abs(MCWeight_singleLepCalc)) * 0.0287233231554
Cuts: (leptonPt_singleLepCalc > 50) && (corr_met_singleLepCalc > 55) && (AK4HT > 480) && (minDR_lepJet > 0.4 || ptRel_lepJet > 40) && (NJetsAK8_JetSubCalc > 2) && (minDR_leadAK8otherAK8 < 3.0) && DataPastTrigger == 1 && isMuon==1
****************************************************************************************************
****************************************************************************************************
DISTRIBUTION: Tp2Mass
            -name in ljmet trees: Tprime2_ALGO_Mass
            -x-axis label is set to: ;M(T) [GeV])
            -using the binning as: [0.0, 60.0, 120.0, 180.0, 240.0, 300.0, 360.0, 420.0, 480.0, 540.0, 600.0, 660.0, 720.0, 780.0, 840.0, 900.0, 960.0, 1020.0, 1080.0, 1140.0, 1200.0, 1260.0, 1320.0, 1380.0, 1440.0, 1500.0, 1560.0, 1620.0, 1680.0, 1740.0, 1800.0, 1860.0, 1920.0, 1980.0, 2040.0, 2100.0, 2160.0, 2220.0, 2280.0, 2340.0, 2400.0, 2460.0, 2520.0, 2580.0, 2640.0, 2700.0, 2760.0, 2820.0, 2880.0, 2940.0, 3000.0]
/////////////////////////
PROCESSING:  WJetsMG800
/////////////////////////
plotTreeName: Tprime2_DeepAK8_Mass
Flavour: M #tag: isV_tZbW #algo: DeepAK8
Weights: 1 * HTSF_Pol * 1 * pileupWeight * 1 * lepIdSF * EGammaGsfSF * 1 * (MCWeight_singleLepCalc/abs(MCWeight_singleLepCalc)) * 0.0316367902594
Cuts: (leptonPt_singleLepCalc > 50) && (corr_met_singleLepCalc > 55) && (AK4HT > 480) && (minDR_lepJet > 0.4 || ptRel_lepJet > 40) && (NJetsAK8_JetSubCalc > 2) && (minDR_leadAK8otherAK8 < 3.0) && DataPastTrigger == 1 && isMuon==1
****************************************************************************************************
****************************************************************************************************
DISTRIBUTION: Tp2Mass
            -name in ljmet trees: Tprime2_ALGO_Mass
            -x-axis label is set to: ;M(T) [GeV])
            -using the binning as: [0.0, 60.0, 120.0, 180.0, 240.0, 300.0, 360.0, 420.0, 480.0, 540.0, 600.0, 660.0, 720.0, 780.0, 840.0, 900.0, 960.0, 1020.0, 1080.0, 1140.0, 1200.0, 1260.0, 1320.0, 1380.0, 1440.0, 1500.0, 1560.0, 1620.0, 1680.0, 1740.0, 1800.0, 1860.0, 1920.0, 1980.0, 2040.0, 2100.0, 2160.0, 2220.0, 2280.0, 2340.0, 2400.0, 2460.0, 2520.0, 2580.0, 2640.0, 2700.0, 2760.0, 2820.0, 2880.0, 2940.0, 3000.0]
/////////////////////////
PROCESSING:  WJetsMG1200
/////////////////////////
plotTreeName: Tprime2_DeepAK8_Mass
Flavour: M #tag: isV_tZbW #algo: DeepAK8
Weights: 1 * HTSF_Pol * 1 * pileupWeight * 1 * lepIdSF * EGammaGsfSF * 1 * (MCWeight_singleLepCalc/abs(MCWeight_singleLepCalc)) * 0.00861414819858
Cuts: (leptonPt_singleLepCalc > 50) && (corr_met_singleLepCalc > 55) && (AK4HT > 480) && (minDR_lepJet > 0.4 || ptRel_lepJet > 40) && (NJetsAK8_JetSubCalc > 2) && (minDR_leadAK8otherAK8 < 3.0) && DataPastTrigger == 1 && isMuon==1
****************************************************************************************************
****************************************************************************************************
DISTRIBUTION: Tp2Mass
            -name in ljmet trees: Tprime2_ALGO_Mass
            -x-axis label is set to: ;M(T) [GeV])
            -using the binning as: [0.0, 60.0, 120.0, 180.0, 240.0, 300.0, 360.0, 420.0, 480.0, 540.0, 600.0, 660.0, 720.0, 780.0, 840.0, 900.0, 960.0, 1020.0, 1080.0, 1140.0, 1200.0, 1260.0, 1320.0, 1380.0, 1440.0, 1500.0, 1560.0, 1620.0, 1680.0, 1740.0, 1800.0, 1860.0, 1920.0, 1980.0, 2040.0, 2100.0, 2160.0, 2220.0, 2280.0, 2340.0, 2400.0, 2460.0, 2520.0, 2580.0, 2640.0, 2700.0, 2760.0, 2820.0, 2880.0, 2940.0, 3000.0]
/////////////////////////
PROCESSING:  WJetsMG2500
/////////////////////////
plotTreeName: Tprime2_DeepAK8_Mass
Flavour: M #tag: isV_tZbW #algo: DeepAK8
Weights: 1 * HTSF_Pol * 1 * pileupWeight * 1 * lepIdSF * EGammaGsfSF * 1 * (MCWeight_singleLepCalc/abs(MCWeight_singleLepCalc)) * 0.00054308661217
Cuts: (leptonPt_singleLepCalc > 50) && (corr_met_singleLepCalc > 55) && (AK4HT > 480) && (minDR_lepJet > 0.4 || ptRel_lepJet > 40) && (NJetsAK8_JetSubCalc > 2) && (minDR_leadAK8otherAK8 < 3.0) && DataPastTrigger == 1 && isMuon==1
****************************************************************************************************
****************************************************************************************************
DISTRIBUTION: Tp2Mass
            -name in ljmet trees: Tprime2_ALGO_Mass
            -x-axis label is set to: ;M(T) [GeV])
            -using the binning as: [0.0, 60.0, 120.0, 180.0, 240.0, 300.0, 360.0, 420.0, 480.0, 540.0, 600.0, 660.0, 720.0, 780.0, 840.0, 900.0, 960.0, 1020.0, 1080.0, 1140.0, 1200.0, 1260.0, 1320.0, 1380.0, 1440.0, 1500.0, 1560.0, 1620.0, 1680.0, 1740.0, 1800.0, 1860.0, 1920.0, 1980.0, 2040.0, 2100.0, 2160.0, 2220.0, 2280.0, 2340.0, 2400.0, 2460.0, 2520.0, 2580.0, 2640.0, 2700.0, 2760.0, 2820.0, 2880.0, 2940.0, 3000.0]
/////////////////////////
PROCESSING:  TTM1100BWBW
/////////////////////////
plotTreeName: Tprime2_DeepAK8_Mass
Flavour: M #tag: isV_tZbW #algo: DeepAK8
Weights: 1 * 1 * 1 * pileupWeight * 1 * lepIdSF * EGammaGsfSF * 1 * (MCWeight_singleLepCalc/abs(MCWeight_singleLepCalc)) * 0.00223239916536
Cuts: (leptonPt_singleLepCalc > 50) && (corr_met_singleLepCalc > 55) && (AK4HT > 480) && (minDR_lepJet > 0.4 || ptRel_lepJet > 40) && (NJetsAK8_JetSubCalc > 2) && (minDR_leadAK8otherAK8 < 3.0) && DataPastTrigger == 1 && isMuon==1
****************************************************************************************************
****************************************************************************************************
DISTRIBUTION: Tp2Mass
            -name in ljmet trees: Tprime2_ALGO_Mass
            -x-axis label is set to: ;M(T) [GeV])
            -using the binning as: [0.0, 60.0, 120.0, 180.0, 240.0, 300.0, 360.0, 420.0, 480.0, 540.0, 600.0, 660.0, 720.0, 780.0, 840.0, 900.0, 960.0, 1020.0, 1080.0, 1140.0, 1200.0, 1260.0, 1320.0, 1380.0, 1440.0, 1500.0, 1560.0, 1620.0, 1680.0, 1740.0, 1800.0, 1860.0, 1920.0, 1980.0, 2040.0, 2100.0, 2160.0, 2220.0, 2280.0, 2340.0, 2400.0, 2460.0, 2520.0, 2580.0, 2640.0, 2700.0, 2760.0, 2820.0, 2880.0, 2940.0, 3000.0]
/////////////////////////
PROCESSING:  TTM1100THTH
/////////////////////////
plotTreeName: Tprime2_DeepAK8_Mass
Flavour: M #tag: isV_tZbW #algo: DeepAK8
Weights: 1 * 1 * 1 * pileupWeight * 1 * lepIdSF * EGammaGsfSF * 1 * (MCWeight_singleLepCalc/abs(MCWeight_singleLepCalc)) * 0.000558099791339
Cuts: (leptonPt_singleLepCalc > 50) && (corr_met_singleLepCalc > 55) && (AK4HT > 480) && (minDR_lepJet > 0.4 || ptRel_lepJet > 40) && (NJetsAK8_JetSubCalc > 2) && (minDR_leadAK8otherAK8 < 3.0) && DataPastTrigger == 1 && isMuon==1
****************************************************************************************************
****************************************************************************************************
DISTRIBUTION: Tp2Mass
            -name in ljmet trees: Tprime2_ALGO_Mass
            -x-axis label is set to: ;M(T) [GeV])
            -using the binning as: [0.0, 60.0, 120.0, 180.0, 240.0, 300.0, 360.0, 420.0, 480.0, 540.0, 600.0, 660.0, 720.0, 780.0, 840.0, 900.0, 960.0, 1020.0, 1080.0, 1140.0, 1200.0, 1260.0, 1320.0, 1380.0, 1440.0, 1500.0, 1560.0, 1620.0, 1680.0, 1740.0, 1800.0, 1860.0, 1920.0, 1980.0, 2040.0, 2100.0, 2160.0, 2220.0, 2280.0, 2340.0, 2400.0, 2460.0, 2520.0, 2580.0, 2640.0, 2700.0, 2760.0, 2820.0, 2880.0, 2940.0, 3000.0]
/////////////////////////
PROCESSING:  TTM1100TZTZ
/////////////////////////
plotTreeName: Tprime2_DeepAK8_Mass
Flavour: M #tag: isV_tZbW #algo: DeepAK8
Weights: 1 * 1 * 1 * pileupWeight * 1 * lepIdSF * EGammaGsfSF * 1 * (MCWeight_singleLepCalc/abs(MCWeight_singleLepCalc)) * 0.000558099791339
Cuts: (leptonPt_singleLepCalc > 50) && (corr_met_singleLepCalc > 55) && (AK4HT > 480) && (minDR_lepJet > 0.4 || ptRel_lepJet > 40) && (NJetsAK8_JetSubCalc > 2) && (minDR_leadAK8otherAK8 < 3.0) && DataPastTrigger == 1 && isMuon==1
****************************************************************************************************
****************************************************************************************************
DISTRIBUTION: Tp2Mass
            -name in ljmet trees: Tprime2_ALGO_Mass
            -x-axis label is set to: ;M(T) [GeV])
            -using the binning as: [0.0, 60.0, 120.0, 180.0, 240.0, 300.0, 360.0, 420.0, 480.0, 540.0, 600.0, 660.0, 720.0, 780.0, 840.0, 900.0, 960.0, 1020.0, 1080.0, 1140.0, 1200.0, 1260.0, 1320.0, 1380.0, 1440.0, 1500.0, 1560.0, 1620.0, 1680.0, 1740.0, 1800.0, 1860.0, 1920.0, 1980.0, 2040.0, 2100.0, 2160.0, 2220.0, 2280.0, 2340.0, 2400.0, 2460.0, 2520.0, 2580.0, 2640.0, 2700.0, 2760.0, 2820.0, 2880.0, 2940.0, 3000.0]
/////////////////////////
PROCESSING:  TTM1100TZBW
/////////////////////////
plotTreeName: Tprime2_DeepAK8_Mass
Flavour: M #tag: isV_tZbW #algo: DeepAK8
Weights: 1 * 1 * 1 * pileupWeight * 1 * lepIdSF * EGammaGsfSF * 1 * (MCWeight_singleLepCalc/abs(MCWeight_singleLepCalc)) * 0.00111619958268
Cuts: (leptonPt_singleLepCalc > 50) && (corr_met_singleLepCalc > 55) && (AK4HT > 480) && (minDR_lepJet > 0.4 || ptRel_lepJet > 40) && (NJetsAK8_JetSubCalc > 2) && (minDR_leadAK8otherAK8 < 3.0) && DataPastTrigger == 1 && isMuon==1
****************************************************************************************************
****************************************************************************************************
DISTRIBUTION: Tp2Mass
            -name in ljmet trees: Tprime2_ALGO_Mass
            -x-axis label is set to: ;M(T) [GeV])
            -using the binning as: [0.0, 60.0, 120.0, 180.0, 240.0, 300.0, 360.0, 420.0, 480.0, 540.0, 600.0, 660.0, 720.0, 780.0, 840.0, 900.0, 960.0, 1020.0, 1080.0, 1140.0, 1200.0, 1260.0, 1320.0, 1380.0, 1440.0, 1500.0, 1560.0, 1620.0, 1680.0, 1740.0, 1800.0, 1860.0, 1920.0, 1980.0, 2040.0, 2100.0, 2160.0, 2220.0, 2280.0, 2340.0, 2400.0, 2460.0, 2520.0, 2580.0, 2640.0, 2700.0, 2760.0, 2820.0, 2880.0, 2940.0, 3000.0]
/////////////////////////
PROCESSING:  TTM1100THBW
/////////////////////////
plotTreeName: Tprime2_DeepAK8_Mass
Flavour: M #tag: isV_tZbW #algo: DeepAK8
Weights: 1 * 1 * 1 * pileupWeight * 1 * lepIdSF * EGammaGsfSF * 1 * (MCWeight_singleLepCalc/abs(MCWeight_singleLepCalc)) * 0.00111619958268
Cuts: (leptonPt_singleLepCalc > 50) && (corr_met_singleLepCalc > 55) && (AK4HT > 480) && (minDR_lepJet > 0.4 || ptRel_lepJet > 40) && (NJetsAK8_JetSubCalc > 2) && (minDR_leadAK8otherAK8 < 3.0) && DataPastTrigger == 1 && isMuon==1
****************************************************************************************************
****************************************************************************************************
DISTRIBUTION: Tp2Mass
            -name in ljmet trees: Tprime2_ALGO_Mass
            -x-axis label is set to: ;M(T) [GeV])
            -using the binning as: [0.0, 60.0, 120.0, 180.0, 240.0, 300.0, 360.0, 420.0, 480.0, 540.0, 600.0, 660.0, 720.0, 780.0, 840.0, 900.0, 960.0, 1020.0, 1080.0, 1140.0, 1200.0, 1260.0, 1320.0, 1380.0, 1440.0, 1500.0, 1560.0, 1620.0, 1680.0, 1740.0, 1800.0, 1860.0, 1920.0, 1980.0, 2040.0, 2100.0, 2160.0, 2220.0, 2280.0, 2340.0, 2400.0, 2460.0, 2520.0, 2580.0, 2640.0, 2700.0, 2760.0, 2820.0, 2880.0, 2940.0, 3000.0]
/////////////////////////
PROCESSING:  TTM1100TZTH
/////////////////////////
plotTreeName: Tprime2_DeepAK8_Mass
Flavour: M #tag: isV_tZbW #algo: DeepAK8
Weights: 1 * 1 * 1 * pileupWeight * 1 * lepIdSF * EGammaGsfSF * 1 * (MCWeight_singleLepCalc/abs(MCWeight_singleLepCalc)) * 0.000558099791339
Cuts: (leptonPt_singleLepCalc > 50) && (corr_met_singleLepCalc > 55) && (AK4HT > 480) && (minDR_lepJet > 0.4 || ptRel_lepJet > 40) && (NJetsAK8_JetSubCalc > 2) && (minDR_leadAK8otherAK8 < 3.0) && DataPastTrigger == 1 && isMuon==1
****************************************************************************************************
****************************************************************************************************
DISTRIBUTION: Tp2Mass
            -name in ljmet trees: Tprime2_ALGO_Mass
            -x-axis label is set to: ;M(T) [GeV])
            -using the binning as: [0.0, 60.0, 120.0, 180.0, 240.0, 300.0, 360.0, 420.0, 480.0, 540.0, 600.0, 660.0, 720.0, 780.0, 840.0, 900.0, 960.0, 1020.0, 1080.0, 1140.0, 1200.0, 1260.0, 1320.0, 1380.0, 1440.0, 1500.0, 1560.0, 1620.0, 1680.0, 1740.0, 1800.0, 1860.0, 1920.0, 1980.0, 2040.0, 2100.0, 2160.0, 2220.0, 2280.0, 2340.0, 2400.0, 2460.0, 2520.0, 2580.0, 2640.0, 2700.0, 2760.0, 2820.0, 2880.0, 2940.0, 3000.0]
/////////////////////////
PROCESSING:  TTM1200BWBW
/////////////////////////
plotTreeName: Tprime2_DeepAK8_Mass
Flavour: M #tag: isV_tZbW #algo: DeepAK8
Weights: 1 * 1 * 1 * pileupWeight * 1 * lepIdSF * EGammaGsfSF * 1 * (MCWeight_singleLepCalc/abs(MCWeight_singleLepCalc)) * 0.00117627847652
Cuts: (leptonPt_singleLepCalc > 50) && (corr_met_singleLepCalc > 55) && (AK4HT > 480) && (minDR_lepJet > 0.4 || ptRel_lepJet > 40) && (NJetsAK8_JetSubCalc > 2) && (minDR_leadAK8otherAK8 < 3.0) && DataPastTrigger == 1 && isMuon==1
****************************************************************************************************
****************************************************************************************************
DISTRIBUTION: Tp2Mass
            -name in ljmet trees: Tprime2_ALGO_Mass
            -x-axis label is set to: ;M(T) [GeV])
            -using the binning as: [0.0, 60.0, 120.0, 180.0, 240.0, 300.0, 360.0, 420.0, 480.0, 540.0, 600.0, 660.0, 720.0, 780.0, 840.0, 900.0, 960.0, 1020.0, 1080.0, 1140.0, 1200.0, 1260.0, 1320.0, 1380.0, 1440.0, 1500.0, 1560.0, 1620.0, 1680.0, 1740.0, 1800.0, 1860.0, 1920.0, 1980.0, 2040.0, 2100.0, 2160.0, 2220.0, 2280.0, 2340.0, 2400.0, 2460.0, 2520.0, 2580.0, 2640.0, 2700.0, 2760.0, 2820.0, 2880.0, 2940.0, 3000.0]
/////////////////////////
PROCESSING:  TTM1200THTH
/////////////////////////
plotTreeName: Tprime2_DeepAK8_Mass
Flavour: M #tag: isV_tZbW #algo: DeepAK8
Weights: 1 * 1 * 1 * pileupWeight * 1 * lepIdSF * EGammaGsfSF * 1 * (MCWeight_singleLepCalc/abs(MCWeight_singleLepCalc)) * 0.00029406961913
Cuts: (leptonPt_singleLepCalc > 50) && (corr_met_singleLepCalc > 55) && (AK4HT > 480) && (minDR_lepJet > 0.4 || ptRel_lepJet > 40) && (NJetsAK8_JetSubCalc > 2) && (minDR_leadAK8otherAK8 < 3.0) && DataPastTrigger == 1 && isMuon==1
****************************************************************************************************
****************************************************************************************************
DISTRIBUTION: Tp2Mass
            -name in ljmet trees: Tprime2_ALGO_Mass
            -x-axis label is set to: ;M(T) [GeV])
            -using the binning as: [0.0, 60.0, 120.0, 180.0, 240.0, 300.0, 360.0, 420.0, 480.0, 540.0, 600.0, 660.0, 720.0, 780.0, 840.0, 900.0, 960.0, 1020.0, 1080.0, 1140.0, 1200.0, 1260.0, 1320.0, 1380.0, 1440.0, 1500.0, 1560.0, 1620.0, 1680.0, 1740.0, 1800.0, 1860.0, 1920.0, 1980.0, 2040.0, 2100.0, 2160.0, 2220.0, 2280.0, 2340.0, 2400.0, 2460.0, 2520.0, 2580.0, 2640.0, 2700.0, 2760.0, 2820.0, 2880.0, 2940.0, 3000.0]
/////////////////////////
PROCESSING:  TTM1200TZTZ
/////////////////////////
plotTreeName: Tprime2_DeepAK8_Mass
Flavour: M #tag: isV_tZbW #algo: DeepAK8
Weights: 1 * 1 * 1 * pileupWeight * 1 * lepIdSF * EGammaGsfSF * 1 * (MCWeight_singleLepCalc/abs(MCWeight_singleLepCalc)) * 0.00029406961913
Cuts: (leptonPt_singleLepCalc > 50) && (corr_met_singleLepCalc > 55) && (AK4HT > 480) && (minDR_lepJet > 0.4 || ptRel_lepJet > 40) && (NJetsAK8_JetSubCalc > 2) && (minDR_leadAK8otherAK8 < 3.0) && DataPastTrigger == 1 && isMuon==1
****************************************************************************************************
****************************************************************************************************
DISTRIBUTION: Tp2Mass
            -name in ljmet trees: Tprime2_ALGO_Mass
            -x-axis label is set to: ;M(T) [GeV])
            -using the binning as: [0.0, 60.0, 120.0, 180.0, 240.0, 300.0, 360.0, 420.0, 480.0, 540.0, 600.0, 660.0, 720.0, 780.0, 840.0, 900.0, 960.0, 1020.0, 1080.0, 1140.0, 1200.0, 1260.0, 1320.0, 1380.0, 1440.0, 1500.0, 1560.0, 1620.0, 1680.0, 1740.0, 1800.0, 1860.0, 1920.0, 1980.0, 2040.0, 2100.0, 2160.0, 2220.0, 2280.0, 2340.0, 2400.0, 2460.0, 2520.0, 2580.0, 2640.0, 2700.0, 2760.0, 2820.0, 2880.0, 2940.0, 3000.0]
/////////////////////////
PROCESSING:  TTM1200TZBW
/////////////////////////
plotTreeName: Tprime2_DeepAK8_Mass
Flavour: M #tag: isV_tZbW #algo: DeepAK8
Weights: 1 * 1 * 1 * pileupWeight * 1 * lepIdSF * EGammaGsfSF * 1 * (MCWeight_singleLepCalc/abs(MCWeight_singleLepCalc)) * 0.000588139238259
Cuts: (leptonPt_singleLepCalc > 50) && (corr_met_singleLepCalc > 55) && (AK4HT > 480) && (minDR_lepJet > 0.4 || ptRel_lepJet > 40) && (NJetsAK8_JetSubCalc > 2) && (minDR_leadAK8otherAK8 < 3.0) && DataPastTrigger == 1 && isMuon==1
****************************************************************************************************
****************************************************************************************************
DISTRIBUTION: Tp2Mass
            -name in ljmet trees: Tprime2_ALGO_Mass
            -x-axis label is set to: ;M(T) [GeV])
            -using the binning as: [0.0, 60.0, 120.0, 180.0, 240.0, 300.0, 360.0, 420.0, 480.0, 540.0, 600.0, 660.0, 720.0, 780.0, 840.0, 900.0, 960.0, 1020.0, 1080.0, 1140.0, 1200.0, 1260.0, 1320.0, 1380.0, 1440.0, 1500.0, 1560.0, 1620.0, 1680.0, 1740.0, 1800.0, 1860.0, 1920.0, 1980.0, 2040.0, 2100.0, 2160.0, 2220.0, 2280.0, 2340.0, 2400.0, 2460.0, 2520.0, 2580.0, 2640.0, 2700.0, 2760.0, 2820.0, 2880.0, 2940.0, 3000.0]
/////////////////////////
PROCESSING:  TTM1200THBW
/////////////////////////
plotTreeName: Tprime2_DeepAK8_Mass
Flavour: M #tag: isV_tZbW #algo: DeepAK8
Weights: 1 * 1 * 1 * pileupWeight * 1 * lepIdSF * EGammaGsfSF * 1 * (MCWeight_singleLepCalc/abs(MCWeight_singleLepCalc)) * 0.000588139238259
Cuts: (leptonPt_singleLepCalc > 50) && (corr_met_singleLepCalc > 55) && (AK4HT > 480) && (minDR_lepJet > 0.4 || ptRel_lepJet > 40) && (NJetsAK8_JetSubCalc > 2) && (minDR_leadAK8otherAK8 < 3.0) && DataPastTrigger == 1 && isMuon==1
****************************************************************************************************
****************************************************************************************************
DISTRIBUTION: Tp2Mass
            -name in ljmet trees: Tprime2_ALGO_Mass
            -x-axis label is set to: ;M(T) [GeV])
            -using the binning as: [0.0, 60.0, 120.0, 180.0, 240.0, 300.0, 360.0, 420.0, 480.0, 540.0, 600.0, 660.0, 720.0, 780.0, 840.0, 900.0, 960.0, 1020.0, 1080.0, 1140.0, 1200.0, 1260.0, 1320.0, 1380.0, 1440.0, 1500.0, 1560.0, 1620.0, 1680.0, 1740.0, 1800.0, 1860.0, 1920.0, 1980.0, 2040.0, 2100.0, 2160.0, 2220.0, 2280.0, 2340.0, 2400.0, 2460.0, 2520.0, 2580.0, 2640.0, 2700.0, 2760.0, 2820.0, 2880.0, 2940.0, 3000.0]
/////////////////////////
PROCESSING:  TTM1200TZTH
/////////////////////////
plotTreeName: Tprime2_DeepAK8_Mass
Flavour: M #tag: isV_tZbW #algo: DeepAK8
Weights: 1 * 1 * 1 * pileupWeight * 1 * lepIdSF * EGammaGsfSF * 1 * (MCWeight_singleLepCalc/abs(MCWeight_singleLepCalc)) * 0.00029406961913
Cuts: (leptonPt_singleLepCalc > 50) && (corr_met_singleLepCalc > 55) && (AK4HT > 480) && (minDR_lepJet > 0.4 || ptRel_lepJet > 40) && (NJetsAK8_JetSubCalc > 2) && (minDR_leadAK8otherAK8 < 3.0) && DataPastTrigger == 1 && isMuon==1
****************************************************************************************************
****************************************************************************************************
DISTRIBUTION: Tp2Mass
            -name in ljmet trees: Tprime2_ALGO_Mass
            -x-axis label is set to: ;M(T) [GeV])
            -using the binning as: [0.0, 60.0, 120.0, 180.0, 240.0, 300.0, 360.0, 420.0, 480.0, 540.0, 600.0, 660.0, 720.0, 780.0, 840.0, 900.0, 960.0, 1020.0, 1080.0, 1140.0, 1200.0, 1260.0, 1320.0, 1380.0, 1440.0, 1500.0, 1560.0, 1620.0, 1680.0, 1740.0, 1800.0, 1860.0, 1920.0, 1980.0, 2040.0, 2100.0, 2160.0, 2220.0, 2280.0, 2340.0, 2400.0, 2460.0, 2520.0, 2580.0, 2640.0, 2700.0, 2760.0, 2820.0, 2880.0, 2940.0, 3000.0]
/////////////////////////
PROCESSING:  TTM1300BWBW
/////////////////////////
plotTreeName: Tprime2_DeepAK8_Mass
Flavour: M #tag: isV_tZbW #algo: DeepAK8
Weights: 1 * 1 * 1 * pileupWeight * 1 * lepIdSF * EGammaGsfSF * 1 * (MCWeight_singleLepCalc/abs(MCWeight_singleLepCalc)) * 0.00063821114509
Cuts: (leptonPt_singleLepCalc > 50) && (corr_met_singleLepCalc > 55) && (AK4HT > 480) && (minDR_lepJet > 0.4 || ptRel_lepJet > 40) && (NJetsAK8_JetSubCalc > 2) && (minDR_leadAK8otherAK8 < 3.0) && DataPastTrigger == 1 && isMuon==1
****************************************************************************************************
****************************************************************************************************
DISTRIBUTION: Tp2Mass
            -name in ljmet trees: Tprime2_ALGO_Mass
            -x-axis label is set to: ;M(T) [GeV])
            -using the binning as: [0.0, 60.0, 120.0, 180.0, 240.0, 300.0, 360.0, 420.0, 480.0, 540.0, 600.0, 660.0, 720.0, 780.0, 840.0, 900.0, 960.0, 1020.0, 1080.0, 1140.0, 1200.0, 1260.0, 1320.0, 1380.0, 1440.0, 1500.0, 1560.0, 1620.0, 1680.0, 1740.0, 1800.0, 1860.0, 1920.0, 1980.0, 2040.0, 2100.0, 2160.0, 2220.0, 2280.0, 2340.0, 2400.0, 2460.0, 2520.0, 2580.0, 2640.0, 2700.0, 2760.0, 2820.0, 2880.0, 2940.0, 3000.0]
/////////////////////////
PROCESSING:  TTM1300THTH
/////////////////////////
plotTreeName: Tprime2_DeepAK8_Mass
Flavour: M #tag: isV_tZbW #algo: DeepAK8
Weights: 1 * 1 * 1 * pileupWeight * 1 * lepIdSF * EGammaGsfSF * 1 * (MCWeight_singleLepCalc/abs(MCWeight_singleLepCalc)) * 0.000159552786272
Cuts: (leptonPt_singleLepCalc > 50) && (corr_met_singleLepCalc > 55) && (AK4HT > 480) && (minDR_lepJet > 0.4 || ptRel_lepJet > 40) && (NJetsAK8_JetSubCalc > 2) && (minDR_leadAK8otherAK8 < 3.0) && DataPastTrigger == 1 && isMuon==1
****************************************************************************************************
****************************************************************************************************
DISTRIBUTION: Tp2Mass
            -name in ljmet trees: Tprime2_ALGO_Mass
            -x-axis label is set to: ;M(T) [GeV])
            -using the binning as: [0.0, 60.0, 120.0, 180.0, 240.0, 300.0, 360.0, 420.0, 480.0, 540.0, 600.0, 660.0, 720.0, 780.0, 840.0, 900.0, 960.0, 1020.0, 1080.0, 1140.0, 1200.0, 1260.0, 1320.0, 1380.0, 1440.0, 1500.0, 1560.0, 1620.0, 1680.0, 1740.0, 1800.0, 1860.0, 1920.0, 1980.0, 2040.0, 2100.0, 2160.0, 2220.0, 2280.0, 2340.0, 2400.0, 2460.0, 2520.0, 2580.0, 2640.0, 2700.0, 2760.0, 2820.0, 2880.0, 2940.0, 3000.0]
/////////////////////////
PROCESSING:  TTM1300TZTZ
/////////////////////////
plotTreeName: Tprime2_DeepAK8_Mass
Flavour: M #tag: isV_tZbW #algo: DeepAK8
Weights: 1 * 1 * 1 * pileupWeight * 1 * lepIdSF * EGammaGsfSF * 1 * (MCWeight_singleLepCalc/abs(MCWeight_singleLepCalc)) * 0.000159552786272
Cuts: (leptonPt_singleLepCalc > 50) && (corr_met_singleLepCalc > 55) && (AK4HT > 480) && (minDR_lepJet > 0.4 || ptRel_lepJet > 40) && (NJetsAK8_JetSubCalc > 2) && (minDR_leadAK8otherAK8 < 3.0) && DataPastTrigger == 1 && isMuon==1
****************************************************************************************************
****************************************************************************************************
DISTRIBUTION: Tp2Mass
            -name in ljmet trees: Tprime2_ALGO_Mass
            -x-axis label is set to: ;M(T) [GeV])
            -using the binning as: [0.0, 60.0, 120.0, 180.0, 240.0, 300.0, 360.0, 420.0, 480.0, 540.0, 600.0, 660.0, 720.0, 780.0, 840.0, 900.0, 960.0, 1020.0, 1080.0, 1140.0, 1200.0, 1260.0, 1320.0, 1380.0, 1440.0, 1500.0, 1560.0, 1620.0, 1680.0, 1740.0, 1800.0, 1860.0, 1920.0, 1980.0, 2040.0, 2100.0, 2160.0, 2220.0, 2280.0, 2340.0, 2400.0, 2460.0, 2520.0, 2580.0, 2640.0, 2700.0, 2760.0, 2820.0, 2880.0, 2940.0, 3000.0]
/////////////////////////
PROCESSING:  TTM1300TZBW
/////////////////////////
plotTreeName: Tprime2_DeepAK8_Mass
Flavour: M #tag: isV_tZbW #algo: DeepAK8
Weights: 1 * 1 * 1 * pileupWeight * 1 * lepIdSF * EGammaGsfSF * 1 * (MCWeight_singleLepCalc/abs(MCWeight_singleLepCalc)) * 0.000319105572545
Cuts: (leptonPt_singleLepCalc > 50) && (corr_met_singleLepCalc > 55) && (AK4HT > 480) && (minDR_lepJet > 0.4 || ptRel_lepJet > 40) && (NJetsAK8_JetSubCalc > 2) && (minDR_leadAK8otherAK8 < 3.0) && DataPastTrigger == 1 && isMuon==1
****************************************************************************************************
****************************************************************************************************
DISTRIBUTION: Tp2Mass
            -name in ljmet trees: Tprime2_ALGO_Mass
            -x-axis label is set to: ;M(T) [GeV])
            -using the binning as: [0.0, 60.0, 120.0, 180.0, 240.0, 300.0, 360.0, 420.0, 480.0, 540.0, 600.0, 660.0, 720.0, 780.0, 840.0, 900.0, 960.0, 1020.0, 1080.0, 1140.0, 1200.0, 1260.0, 1320.0, 1380.0, 1440.0, 1500.0, 1560.0, 1620.0, 1680.0, 1740.0, 1800.0, 1860.0, 1920.0, 1980.0, 2040.0, 2100.0, 2160.0, 2220.0, 2280.0, 2340.0, 2400.0, 2460.0, 2520.0, 2580.0, 2640.0, 2700.0, 2760.0, 2820.0, 2880.0, 2940.0, 3000.0]
/////////////////////////
PROCESSING:  TTM1300THBW
/////////////////////////
plotTreeName: Tprime2_DeepAK8_Mass
Flavour: M #tag: isV_tZbW #algo: DeepAK8
Weights: 1 * 1 * 1 * pileupWeight * 1 * lepIdSF * EGammaGsfSF * 1 * (MCWeight_singleLepCalc/abs(MCWeight_singleLepCalc)) * 0.000319105572545
Cuts: (leptonPt_singleLepCalc > 50) && (corr_met_singleLepCalc > 55) && (AK4HT > 480) && (minDR_lepJet > 0.4 || ptRel_lepJet > 40) && (NJetsAK8_JetSubCalc > 2) && (minDR_leadAK8otherAK8 < 3.0) && DataPastTrigger == 1 && isMuon==1
****************************************************************************************************
****************************************************************************************************
DISTRIBUTION: Tp2Mass
            -name in ljmet trees: Tprime2_ALGO_Mass
            -x-axis label is set to: ;M(T) [GeV])
            -using the binning as: [0.0, 60.0, 120.0, 180.0, 240.0, 300.0, 360.0, 420.0, 480.0, 540.0, 600.0, 660.0, 720.0, 780.0, 840.0, 900.0, 960.0, 1020.0, 1080.0, 1140.0, 1200.0, 1260.0, 1320.0, 1380.0, 1440.0, 1500.0, 1560.0, 1620.0, 1680.0, 1740.0, 1800.0, 1860.0, 1920.0, 1980.0, 2040.0, 2100.0, 2160.0, 2220.0, 2280.0, 2340.0, 2400.0, 2460.0, 2520.0, 2580.0, 2640.0, 2700.0, 2760.0, 2820.0, 2880.0, 2940.0, 3000.0]
/////////////////////////
PROCESSING:  TTM1300TZTH
/////////////////////////
plotTreeName: Tprime2_DeepAK8_Mass
Flavour: M #tag: isV_tZbW #algo: DeepAK8
Weights: 1 * 1 * 1 * pileupWeight * 1 * lepIdSF * EGammaGsfSF * 1 * (MCWeight_singleLepCalc/abs(MCWeight_singleLepCalc)) * 0.000159552786272
Cuts: (leptonPt_singleLepCalc > 50) && (corr_met_singleLepCalc > 55) && (AK4HT > 480) && (minDR_lepJet > 0.4 || ptRel_lepJet > 40) && (NJetsAK8_JetSubCalc > 2) && (minDR_leadAK8otherAK8 < 3.0) && DataPastTrigger == 1 && isMuon==1
****************************************************************************************************
****************************************************************************************************
DISTRIBUTION: Tp2Mass
            -name in ljmet trees: Tprime2_ALGO_Mass
            -x-axis label is set to: ;M(T) [GeV])
            -using the binning as: [0.0, 60.0, 120.0, 180.0, 240.0, 300.0, 360.0, 420.0, 480.0, 540.0, 600.0, 660.0, 720.0, 780.0, 840.0, 900.0, 960.0, 1020.0, 1080.0, 1140.0, 1200.0, 1260.0, 1320.0, 1380.0, 1440.0, 1500.0, 1560.0, 1620.0, 1680.0, 1740.0, 1800.0, 1860.0, 1920.0, 1980.0, 2040.0, 2100.0, 2160.0, 2220.0, 2280.0, 2340.0, 2400.0, 2460.0, 2520.0, 2580.0, 2640.0, 2700.0, 2760.0, 2820.0, 2880.0, 2940.0, 3000.0]
/////////////////////////
PROCESSING:  TTM1400BWBW
/////////////////////////
plotTreeName: Tprime2_DeepAK8_Mass
Flavour: M #tag: isV_tZbW #algo: DeepAK8
Weights: 1 * 1 * 1 * pileupWeight * 1 * lepIdSF * EGammaGsfSF * 1 * (MCWeight_singleLepCalc/abs(MCWeight_singleLepCalc)) * 0.000352883542956
Cuts: (leptonPt_singleLepCalc > 50) && (corr_met_singleLepCalc > 55) && (AK4HT > 480) && (minDR_lepJet > 0.4 || ptRel_lepJet > 40) && (NJetsAK8_JetSubCalc > 2) && (minDR_leadAK8otherAK8 < 3.0) && DataPastTrigger == 1 && isMuon==1
****************************************************************************************************
****************************************************************************************************
DISTRIBUTION: Tp2Mass
            -name in ljmet trees: Tprime2_ALGO_Mass
            -x-axis label is set to: ;M(T) [GeV])
            -using the binning as: [0.0, 60.0, 120.0, 180.0, 240.0, 300.0, 360.0, 420.0, 480.0, 540.0, 600.0, 660.0, 720.0, 780.0, 840.0, 900.0, 960.0, 1020.0, 1080.0, 1140.0, 1200.0, 1260.0, 1320.0, 1380.0, 1440.0, 1500.0, 1560.0, 1620.0, 1680.0, 1740.0, 1800.0, 1860.0, 1920.0, 1980.0, 2040.0, 2100.0, 2160.0, 2220.0, 2280.0, 2340.0, 2400.0, 2460.0, 2520.0, 2580.0, 2640.0, 2700.0, 2760.0, 2820.0, 2880.0, 2940.0, 3000.0]
/////////////////////////
PROCESSING:  TTM1400THTH
/////////////////////////
plotTreeName: Tprime2_DeepAK8_Mass
Flavour: M #tag: isV_tZbW #algo: DeepAK8
Weights: 1 * 1 * 1 * pileupWeight * 1 * lepIdSF * EGammaGsfSF * 1 * (MCWeight_singleLepCalc/abs(MCWeight_singleLepCalc)) * 8.82208857389e-05
Cuts: (leptonPt_singleLepCalc > 50) && (corr_met_singleLepCalc > 55) && (AK4HT > 480) && (minDR_lepJet > 0.4 || ptRel_lepJet > 40) && (NJetsAK8_JetSubCalc > 2) && (minDR_leadAK8otherAK8 < 3.0) && DataPastTrigger == 1 && isMuon==1
****************************************************************************************************
****************************************************************************************************
DISTRIBUTION: Tp2Mass
            -name in ljmet trees: Tprime2_ALGO_Mass
            -x-axis label is set to: ;M(T) [GeV])
            -using the binning as: [0.0, 60.0, 120.0, 180.0, 240.0, 300.0, 360.0, 420.0, 480.0, 540.0, 600.0, 660.0, 720.0, 780.0, 840.0, 900.0, 960.0, 1020.0, 1080.0, 1140.0, 1200.0, 1260.0, 1320.0, 1380.0, 1440.0, 1500.0, 1560.0, 1620.0, 1680.0, 1740.0, 1800.0, 1860.0, 1920.0, 1980.0, 2040.0, 2100.0, 2160.0, 2220.0, 2280.0, 2340.0, 2400.0, 2460.0, 2520.0, 2580.0, 2640.0, 2700.0, 2760.0, 2820.0, 2880.0, 2940.0, 3000.0]
/////////////////////////
PROCESSING:  TTM1400TZTZ
/////////////////////////
plotTreeName: Tprime2_DeepAK8_Mass
Flavour: M #tag: isV_tZbW #algo: DeepAK8
Weights: 1 * 1 * 1 * pileupWeight * 1 * lepIdSF * EGammaGsfSF * 1 * (MCWeight_singleLepCalc/abs(MCWeight_singleLepCalc)) * 8.82208857389e-05
Cuts: (leptonPt_singleLepCalc > 50) && (corr_met_singleLepCalc > 55) && (AK4HT > 480) && (minDR_lepJet > 0.4 || ptRel_lepJet > 40) && (NJetsAK8_JetSubCalc > 2) && (minDR_leadAK8otherAK8 < 3.0) && DataPastTrigger == 1 && isMuon==1
****************************************************************************************************
****************************************************************************************************
DISTRIBUTION: Tp2Mass
            -name in ljmet trees: Tprime2_ALGO_Mass
            -x-axis label is set to: ;M(T) [GeV])
            -using the binning as: [0.0, 60.0, 120.0, 180.0, 240.0, 300.0, 360.0, 420.0, 480.0, 540.0, 600.0, 660.0, 720.0, 780.0, 840.0, 900.0, 960.0, 1020.0, 1080.0, 1140.0, 1200.0, 1260.0, 1320.0, 1380.0, 1440.0, 1500.0, 1560.0, 1620.0, 1680.0, 1740.0, 1800.0, 1860.0, 1920.0, 1980.0, 2040.0, 2100.0, 2160.0, 2220.0, 2280.0, 2340.0, 2400.0, 2460.0, 2520.0, 2580.0, 2640.0, 2700.0, 2760.0, 2820.0, 2880.0, 2940.0, 3000.0]
/////////////////////////
PROCESSING:  TTM1400TZBW
/////////////////////////
plotTreeName: Tprime2_DeepAK8_Mass
Flavour: M #tag: isV_tZbW #algo: DeepAK8
Weights: 1 * 1 * 1 * pileupWeight * 1 * lepIdSF * EGammaGsfSF * 1 * (MCWeight_singleLepCalc/abs(MCWeight_singleLepCalc)) * 0.000176441771478
Cuts: (leptonPt_singleLepCalc > 50) && (corr_met_singleLepCalc > 55) && (AK4HT > 480) && (minDR_lepJet > 0.4 || ptRel_lepJet > 40) && (NJetsAK8_JetSubCalc > 2) && (minDR_leadAK8otherAK8 < 3.0) && DataPastTrigger == 1 && isMuon==1
****************************************************************************************************
****************************************************************************************************
DISTRIBUTION: Tp2Mass
            -name in ljmet trees: Tprime2_ALGO_Mass
            -x-axis label is set to: ;M(T) [GeV])
            -using the binning as: [0.0, 60.0, 120.0, 180.0, 240.0, 300.0, 360.0, 420.0, 480.0, 540.0, 600.0, 660.0, 720.0, 780.0, 840.0, 900.0, 960.0, 1020.0, 1080.0, 1140.0, 1200.0, 1260.0, 1320.0, 1380.0, 1440.0, 1500.0, 1560.0, 1620.0, 1680.0, 1740.0, 1800.0, 1860.0, 1920.0, 1980.0, 2040.0, 2100.0, 2160.0, 2220.0, 2280.0, 2340.0, 2400.0, 2460.0, 2520.0, 2580.0, 2640.0, 2700.0, 2760.0, 2820.0, 2880.0, 2940.0, 3000.0]
/////////////////////////
PROCESSING:  TTM1400THBW
/////////////////////////
plotTreeName: Tprime2_DeepAK8_Mass
Flavour: M #tag: isV_tZbW #algo: DeepAK8
Weights: 1 * 1 * 1 * pileupWeight * 1 * lepIdSF * EGammaGsfSF * 1 * (MCWeight_singleLepCalc/abs(MCWeight_singleLepCalc)) * 0.000176441771478
Cuts: (leptonPt_singleLepCalc > 50) && (corr_met_singleLepCalc > 55) && (AK4HT > 480) && (minDR_lepJet > 0.4 || ptRel_lepJet > 40) && (NJetsAK8_JetSubCalc > 2) && (minDR_leadAK8otherAK8 < 3.0) && DataPastTrigger == 1 && isMuon==1
****************************************************************************************************
****************************************************************************************************
DISTRIBUTION: Tp2Mass
            -name in ljmet trees: Tprime2_ALGO_Mass
            -x-axis label is set to: ;M(T) [GeV])
            -using the binning as: [0.0, 60.0, 120.0, 180.0, 240.0, 300.0, 360.0, 420.0, 480.0, 540.0, 600.0, 660.0, 720.0, 780.0, 840.0, 900.0, 960.0, 1020.0, 1080.0, 1140.0, 1200.0, 1260.0, 1320.0, 1380.0, 1440.0, 1500.0, 1560.0, 1620.0, 1680.0, 1740.0, 1800.0, 1860.0, 1920.0, 1980.0, 2040.0, 2100.0, 2160.0, 2220.0, 2280.0, 2340.0, 2400.0, 2460.0, 2520.0, 2580.0, 2640.0, 2700.0, 2760.0, 2820.0, 2880.0, 2940.0, 3000.0]
/////////////////////////
PROCESSING:  TTM1400TZTH
/////////////////////////
plotTreeName: Tprime2_DeepAK8_Mass
Flavour: M #tag: isV_tZbW #algo: DeepAK8
Weights: 1 * 1 * 1 * pileupWeight * 1 * lepIdSF * EGammaGsfSF * 1 * (MCWeight_singleLepCalc/abs(MCWeight_singleLepCalc)) * 8.82208857389e-05
Cuts: (leptonPt_singleLepCalc > 50) && (corr_met_singleLepCalc > 55) && (AK4HT > 480) && (minDR_lepJet > 0.4 || ptRel_lepJet > 40) && (NJetsAK8_JetSubCalc > 2) && (minDR_leadAK8otherAK8 < 3.0) && DataPastTrigger == 1 && isMuon==1
****************************************************************************************************
****************************************************************************************************
DISTRIBUTION: Tp2Mass
            -name in ljmet trees: Tprime2_ALGO_Mass
            -x-axis label is set to: ;M(T) [GeV])
            -using the binning as: [0.0, 60.0, 120.0, 180.0, 240.0, 300.0, 360.0, 420.0, 480.0, 540.0, 600.0, 660.0, 720.0, 780.0, 840.0, 900.0, 960.0, 1020.0, 1080.0, 1140.0, 1200.0, 1260.0, 1320.0, 1380.0, 1440.0, 1500.0, 1560.0, 1620.0, 1680.0, 1740.0, 1800.0, 1860.0, 1920.0, 1980.0, 2040.0, 2100.0, 2160.0, 2220.0, 2280.0, 2340.0, 2400.0, 2460.0, 2520.0, 2580.0, 2640.0, 2700.0, 2760.0, 2820.0, 2880.0, 2940.0, 3000.0]
/////////////////////////
PROCESSING:  TTM1500BWBW
/////////////////////////
plotTreeName: Tprime2_DeepAK8_Mass
Flavour: M #tag: isV_tZbW #algo: DeepAK8
Weights: 1 * 1 * 1 * pileupWeight * 1 * lepIdSF * EGammaGsfSF * 1 * (MCWeight_singleLepCalc/abs(MCWeight_singleLepCalc)) * 0.00019932135405
Cuts: (leptonPt_singleLepCalc > 50) && (corr_met_singleLepCalc > 55) && (AK4HT > 480) && (minDR_lepJet > 0.4 || ptRel_lepJet > 40) && (NJetsAK8_JetSubCalc > 2) && (minDR_leadAK8otherAK8 < 3.0) && DataPastTrigger == 1 && isMuon==1
****************************************************************************************************
****************************************************************************************************
DISTRIBUTION: Tp2Mass
            -name in ljmet trees: Tprime2_ALGO_Mass
            -x-axis label is set to: ;M(T) [GeV])
            -using the binning as: [0.0, 60.0, 120.0, 180.0, 240.0, 300.0, 360.0, 420.0, 480.0, 540.0, 600.0, 660.0, 720.0, 780.0, 840.0, 900.0, 960.0, 1020.0, 1080.0, 1140.0, 1200.0, 1260.0, 1320.0, 1380.0, 1440.0, 1500.0, 1560.0, 1620.0, 1680.0, 1740.0, 1800.0, 1860.0, 1920.0, 1980.0, 2040.0, 2100.0, 2160.0, 2220.0, 2280.0, 2340.0, 2400.0, 2460.0, 2520.0, 2580.0, 2640.0, 2700.0, 2760.0, 2820.0, 2880.0, 2940.0, 3000.0]
/////////////////////////
PROCESSING:  TTM1500THTH
/////////////////////////
plotTreeName: Tprime2_DeepAK8_Mass
Flavour: M #tag: isV_tZbW #algo: DeepAK8
Weights: 1 * 1 * 1 * pileupWeight * 1 * lepIdSF * EGammaGsfSF * 1 * (MCWeight_singleLepCalc/abs(MCWeight_singleLepCalc)) * 4.98303385124e-05
Cuts: (leptonPt_singleLepCalc > 50) && (corr_met_singleLepCalc > 55) && (AK4HT > 480) && (minDR_lepJet > 0.4 || ptRel_lepJet > 40) && (NJetsAK8_JetSubCalc > 2) && (minDR_leadAK8otherAK8 < 3.0) && DataPastTrigger == 1 && isMuon==1
****************************************************************************************************
****************************************************************************************************
DISTRIBUTION: Tp2Mass
            -name in ljmet trees: Tprime2_ALGO_Mass
            -x-axis label is set to: ;M(T) [GeV])
            -using the binning as: [0.0, 60.0, 120.0, 180.0, 240.0, 300.0, 360.0, 420.0, 480.0, 540.0, 600.0, 660.0, 720.0, 780.0, 840.0, 900.0, 960.0, 1020.0, 1080.0, 1140.0, 1200.0, 1260.0, 1320.0, 1380.0, 1440.0, 1500.0, 1560.0, 1620.0, 1680.0, 1740.0, 1800.0, 1860.0, 1920.0, 1980.0, 2040.0, 2100.0, 2160.0, 2220.0, 2280.0, 2340.0, 2400.0, 2460.0, 2520.0, 2580.0, 2640.0, 2700.0, 2760.0, 2820.0, 2880.0, 2940.0, 3000.0]
/////////////////////////
PROCESSING:  TTM1500TZTZ
/////////////////////////
plotTreeName: Tprime2_DeepAK8_Mass
Flavour: M #tag: isV_tZbW #algo: DeepAK8
Weights: 1 * 1 * 1 * pileupWeight * 1 * lepIdSF * EGammaGsfSF * 1 * (MCWeight_singleLepCalc/abs(MCWeight_singleLepCalc)) * 4.98303385124e-05
Cuts: (leptonPt_singleLepCalc > 50) && (corr_met_singleLepCalc > 55) && (AK4HT > 480) && (minDR_lepJet > 0.4 || ptRel_lepJet > 40) && (NJetsAK8_JetSubCalc > 2) && (minDR_leadAK8otherAK8 < 3.0) && DataPastTrigger == 1 && isMuon==1
****************************************************************************************************
****************************************************************************************************
DISTRIBUTION: Tp2Mass
            -name in ljmet trees: Tprime2_ALGO_Mass
            -x-axis label is set to: ;M(T) [GeV])
            -using the binning as: [0.0, 60.0, 120.0, 180.0, 240.0, 300.0, 360.0, 420.0, 480.0, 540.0, 600.0, 660.0, 720.0, 780.0, 840.0, 900.0, 960.0, 1020.0, 1080.0, 1140.0, 1200.0, 1260.0, 1320.0, 1380.0, 1440.0, 1500.0, 1560.0, 1620.0, 1680.0, 1740.0, 1800.0, 1860.0, 1920.0, 1980.0, 2040.0, 2100.0, 2160.0, 2220.0, 2280.0, 2340.0, 2400.0, 2460.0, 2520.0, 2580.0, 2640.0, 2700.0, 2760.0, 2820.0, 2880.0, 2940.0, 3000.0]
/////////////////////////
PROCESSING:  TTM1500TZBW
/////////////////////////
plotTreeName: Tprime2_DeepAK8_Mass
Flavour: M #tag: isV_tZbW #algo: DeepAK8
Weights: 1 * 1 * 1 * pileupWeight * 1 * lepIdSF * EGammaGsfSF * 1 * (MCWeight_singleLepCalc/abs(MCWeight_singleLepCalc)) * 9.96606770248e-05
Cuts: (leptonPt_singleLepCalc > 50) && (corr_met_singleLepCalc > 55) && (AK4HT > 480) && (minDR_lepJet > 0.4 || ptRel_lepJet > 40) && (NJetsAK8_JetSubCalc > 2) && (minDR_leadAK8otherAK8 < 3.0) && DataPastTrigger == 1 && isMuon==1
****************************************************************************************************
****************************************************************************************************
DISTRIBUTION: Tp2Mass
            -name in ljmet trees: Tprime2_ALGO_Mass
            -x-axis label is set to: ;M(T) [GeV])
            -using the binning as: [0.0, 60.0, 120.0, 180.0, 240.0, 300.0, 360.0, 420.0, 480.0, 540.0, 600.0, 660.0, 720.0, 780.0, 840.0, 900.0, 960.0, 1020.0, 1080.0, 1140.0, 1200.0, 1260.0, 1320.0, 1380.0, 1440.0, 1500.0, 1560.0, 1620.0, 1680.0, 1740.0, 1800.0, 1860.0, 1920.0, 1980.0, 2040.0, 2100.0, 2160.0, 2220.0, 2280.0, 2340.0, 2400.0, 2460.0, 2520.0, 2580.0, 2640.0, 2700.0, 2760.0, 2820.0, 2880.0, 2940.0, 3000.0]
/////////////////////////
PROCESSING:  TTM1500THBW
/////////////////////////
plotTreeName: Tprime2_DeepAK8_Mass
Flavour: M #tag: isV_tZbW #algo: DeepAK8
Weights: 1 * 1 * 1 * pileupWeight * 1 * lepIdSF * EGammaGsfSF * 1 * (MCWeight_singleLepCalc/abs(MCWeight_singleLepCalc)) * 9.96606770248e-05
Cuts: (leptonPt_singleLepCalc > 50) && (corr_met_singleLepCalc > 55) && (AK4HT > 480) && (minDR_lepJet > 0.4 || ptRel_lepJet > 40) && (NJetsAK8_JetSubCalc > 2) && (minDR_leadAK8otherAK8 < 3.0) && DataPastTrigger == 1 && isMuon==1
****************************************************************************************************
****************************************************************************************************
DISTRIBUTION: Tp2Mass
            -name in ljmet trees: Tprime2_ALGO_Mass
            -x-axis label is set to: ;M(T) [GeV])
            -using the binning as: [0.0, 60.0, 120.0, 180.0, 240.0, 300.0, 360.0, 420.0, 480.0, 540.0, 600.0, 660.0, 720.0, 780.0, 840.0, 900.0, 960.0, 1020.0, 1080.0, 1140.0, 1200.0, 1260.0, 1320.0, 1380.0, 1440.0, 1500.0, 1560.0, 1620.0, 1680.0, 1740.0, 1800.0, 1860.0, 1920.0, 1980.0, 2040.0, 2100.0, 2160.0, 2220.0, 2280.0, 2340.0, 2400.0, 2460.0, 2520.0, 2580.0, 2640.0, 2700.0, 2760.0, 2820.0, 2880.0, 2940.0, 3000.0]
/////////////////////////
PROCESSING:  TTM1500TZTH
/////////////////////////
plotTreeName: Tprime2_DeepAK8_Mass
Flavour: M #tag: isV_tZbW #algo: DeepAK8
Weights: 1 * 1 * 1 * pileupWeight * 1 * lepIdSF * EGammaGsfSF * 1 * (MCWeight_singleLepCalc/abs(MCWeight_singleLepCalc)) * 4.98303385124e-05
Cuts: (leptonPt_singleLepCalc > 50) && (corr_met_singleLepCalc > 55) && (AK4HT > 480) && (minDR_lepJet > 0.4 || ptRel_lepJet > 40) && (NJetsAK8_JetSubCalc > 2) && (minDR_leadAK8otherAK8 < 3.0) && DataPastTrigger == 1 && isMuon==1
****************************************************************************************************
****************************************************************************************************
DISTRIBUTION: Tp2Mass
            -name in ljmet trees: Tprime2_ALGO_Mass
            -x-axis label is set to: ;M(T) [GeV])
            -using the binning as: [0.0, 60.0, 120.0, 180.0, 240.0, 300.0, 360.0, 420.0, 480.0, 540.0, 600.0, 660.0, 720.0, 780.0, 840.0, 900.0, 960.0, 1020.0, 1080.0, 1140.0, 1200.0, 1260.0, 1320.0, 1380.0, 1440.0, 1500.0, 1560.0, 1620.0, 1680.0, 1740.0, 1800.0, 1860.0, 1920.0, 1980.0, 2040.0, 2100.0, 2160.0, 2220.0, 2280.0, 2340.0, 2400.0, 2460.0, 2520.0, 2580.0, 2640.0, 2700.0, 2760.0, 2820.0, 2880.0, 2940.0, 3000.0]
/////////////////////////
PROCESSING:  TTM1600BWBW
/////////////////////////
plotTreeName: Tprime2_DeepAK8_Mass
Flavour: M #tag: isV_tZbW #algo: DeepAK8
Weights: 1 * 1 * 1 * pileupWeight * 1 * lepIdSF * EGammaGsfSF * 1 * (MCWeight_singleLepCalc/abs(MCWeight_singleLepCalc)) * 0.000114437939919
Cuts: (leptonPt_singleLepCalc > 50) && (corr_met_singleLepCalc > 55) && (AK4HT > 480) && (minDR_lepJet > 0.4 || ptRel_lepJet > 40) && (NJetsAK8_JetSubCalc > 2) && (minDR_leadAK8otherAK8 < 3.0) && DataPastTrigger == 1 && isMuon==1
****************************************************************************************************
****************************************************************************************************
DISTRIBUTION: Tp2Mass
            -name in ljmet trees: Tprime2_ALGO_Mass
            -x-axis label is set to: ;M(T) [GeV])
            -using the binning as: [0.0, 60.0, 120.0, 180.0, 240.0, 300.0, 360.0, 420.0, 480.0, 540.0, 600.0, 660.0, 720.0, 780.0, 840.0, 900.0, 960.0, 1020.0, 1080.0, 1140.0, 1200.0, 1260.0, 1320.0, 1380.0, 1440.0, 1500.0, 1560.0, 1620.0, 1680.0, 1740.0, 1800.0, 1860.0, 1920.0, 1980.0, 2040.0, 2100.0, 2160.0, 2220.0, 2280.0, 2340.0, 2400.0, 2460.0, 2520.0, 2580.0, 2640.0, 2700.0, 2760.0, 2820.0, 2880.0, 2940.0, 3000.0]
/////////////////////////
PROCESSING:  TTM1600THTH
/////////////////////////
plotTreeName: Tprime2_DeepAK8_Mass
Flavour: M #tag: isV_tZbW #algo: DeepAK8
Weights: 1 * 1 * 1 * pileupWeight * 1 * lepIdSF * EGammaGsfSF * 1 * (MCWeight_singleLepCalc/abs(MCWeight_singleLepCalc)) * 2.86094849797e-05
Cuts: (leptonPt_singleLepCalc > 50) && (corr_met_singleLepCalc > 55) && (AK4HT > 480) && (minDR_lepJet > 0.4 || ptRel_lepJet > 40) && (NJetsAK8_JetSubCalc > 2) && (minDR_leadAK8otherAK8 < 3.0) && DataPastTrigger == 1 && isMuon==1
****************************************************************************************************
****************************************************************************************************
DISTRIBUTION: Tp2Mass
            -name in ljmet trees: Tprime2_ALGO_Mass
            -x-axis label is set to: ;M(T) [GeV])
            -using the binning as: [0.0, 60.0, 120.0, 180.0, 240.0, 300.0, 360.0, 420.0, 480.0, 540.0, 600.0, 660.0, 720.0, 780.0, 840.0, 900.0, 960.0, 1020.0, 1080.0, 1140.0, 1200.0, 1260.0, 1320.0, 1380.0, 1440.0, 1500.0, 1560.0, 1620.0, 1680.0, 1740.0, 1800.0, 1860.0, 1920.0, 1980.0, 2040.0, 2100.0, 2160.0, 2220.0, 2280.0, 2340.0, 2400.0, 2460.0, 2520.0, 2580.0, 2640.0, 2700.0, 2760.0, 2820.0, 2880.0, 2940.0, 3000.0]
/////////////////////////
PROCESSING:  TTM1600TZTZ
/////////////////////////
plotTreeName: Tprime2_DeepAK8_Mass
Flavour: M #tag: isV_tZbW #algo: DeepAK8
Weights: 1 * 1 * 1 * pileupWeight * 1 * lepIdSF * EGammaGsfSF * 1 * (MCWeight_singleLepCalc/abs(MCWeight_singleLepCalc)) * 2.86094849797e-05
Cuts: (leptonPt_singleLepCalc > 50) && (corr_met_singleLepCalc > 55) && (AK4HT > 480) && (minDR_lepJet > 0.4 || ptRel_lepJet > 40) && (NJetsAK8_JetSubCalc > 2) && (minDR_leadAK8otherAK8 < 3.0) && DataPastTrigger == 1 && isMuon==1
****************************************************************************************************
****************************************************************************************************
DISTRIBUTION: Tp2Mass
            -name in ljmet trees: Tprime2_ALGO_Mass
            -x-axis label is set to: ;M(T) [GeV])
            -using the binning as: [0.0, 60.0, 120.0, 180.0, 240.0, 300.0, 360.0, 420.0, 480.0, 540.0, 600.0, 660.0, 720.0, 780.0, 840.0, 900.0, 960.0, 1020.0, 1080.0, 1140.0, 1200.0, 1260.0, 1320.0, 1380.0, 1440.0, 1500.0, 1560.0, 1620.0, 1680.0, 1740.0, 1800.0, 1860.0, 1920.0, 1980.0, 2040.0, 2100.0, 2160.0, 2220.0, 2280.0, 2340.0, 2400.0, 2460.0, 2520.0, 2580.0, 2640.0, 2700.0, 2760.0, 2820.0, 2880.0, 2940.0, 3000.0]
/////////////////////////
PROCESSING:  TTM1600TZBW
/////////////////////////
plotTreeName: Tprime2_DeepAK8_Mass
Flavour: M #tag: isV_tZbW #algo: DeepAK8
Weights: 1 * 1 * 1 * pileupWeight * 1 * lepIdSF * EGammaGsfSF * 1 * (MCWeight_singleLepCalc/abs(MCWeight_singleLepCalc)) * 5.72189699595e-05
Cuts: (leptonPt_singleLepCalc > 50) && (corr_met_singleLepCalc > 55) && (AK4HT > 480) && (minDR_lepJet > 0.4 || ptRel_lepJet > 40) && (NJetsAK8_JetSubCalc > 2) && (minDR_leadAK8otherAK8 < 3.0) && DataPastTrigger == 1 && isMuon==1
****************************************************************************************************
****************************************************************************************************
DISTRIBUTION: Tp2Mass
            -name in ljmet trees: Tprime2_ALGO_Mass
            -x-axis label is set to: ;M(T) [GeV])
            -using the binning as: [0.0, 60.0, 120.0, 180.0, 240.0, 300.0, 360.0, 420.0, 480.0, 540.0, 600.0, 660.0, 720.0, 780.0, 840.0, 900.0, 960.0, 1020.0, 1080.0, 1140.0, 1200.0, 1260.0, 1320.0, 1380.0, 1440.0, 1500.0, 1560.0, 1620.0, 1680.0, 1740.0, 1800.0, 1860.0, 1920.0, 1980.0, 2040.0, 2100.0, 2160.0, 2220.0, 2280.0, 2340.0, 2400.0, 2460.0, 2520.0, 2580.0, 2640.0, 2700.0, 2760.0, 2820.0, 2880.0, 2940.0, 3000.0]
/////////////////////////
PROCESSING:  TTM1600THBW
/////////////////////////
plotTreeName: Tprime2_DeepAK8_Mass
Flavour: M #tag: isV_tZbW #algo: DeepAK8
Weights: 1 * 1 * 1 * pileupWeight * 1 * lepIdSF * EGammaGsfSF * 1 * (MCWeight_singleLepCalc/abs(MCWeight_singleLepCalc)) * 5.72189699595e-05
Cuts: (leptonPt_singleLepCalc > 50) && (corr_met_singleLepCalc > 55) && (AK4HT > 480) && (minDR_lepJet > 0.4 || ptRel_lepJet > 40) && (NJetsAK8_JetSubCalc > 2) && (minDR_leadAK8otherAK8 < 3.0) && DataPastTrigger == 1 && isMuon==1
****************************************************************************************************
****************************************************************************************************
DISTRIBUTION: Tp2Mass
            -name in ljmet trees: Tprime2_ALGO_Mass
            -x-axis label is set to: ;M(T) [GeV])
            -using the binning as: [0.0, 60.0, 120.0, 180.0, 240.0, 300.0, 360.0, 420.0, 480.0, 540.0, 600.0, 660.0, 720.0, 780.0, 840.0, 900.0, 960.0, 1020.0, 1080.0, 1140.0, 1200.0, 1260.0, 1320.0, 1380.0, 1440.0, 1500.0, 1560.0, 1620.0, 1680.0, 1740.0, 1800.0, 1860.0, 1920.0, 1980.0, 2040.0, 2100.0, 2160.0, 2220.0, 2280.0, 2340.0, 2400.0, 2460.0, 2520.0, 2580.0, 2640.0, 2700.0, 2760.0, 2820.0, 2880.0, 2940.0, 3000.0]
/////////////////////////
PROCESSING:  TTM1600TZTH
/////////////////////////
plotTreeName: Tprime2_DeepAK8_Mass
Flavour: M #tag: isV_tZbW #algo: DeepAK8
Weights: 1 * 1 * 1 * pileupWeight * 1 * lepIdSF * EGammaGsfSF * 1 * (MCWeight_singleLepCalc/abs(MCWeight_singleLepCalc)) * 2.86094849797e-05
Cuts: (leptonPt_singleLepCalc > 50) && (corr_met_singleLepCalc > 55) && (AK4HT > 480) && (minDR_lepJet > 0.4 || ptRel_lepJet > 40) && (NJetsAK8_JetSubCalc > 2) && (minDR_leadAK8otherAK8 < 3.0) && DataPastTrigger == 1 && isMuon==1
****************************************************************************************************
****************************************************************************************************
DISTRIBUTION: Tp2Mass
            -name in ljmet trees: Tprime2_ALGO_Mass
            -x-axis label is set to: ;M(T) [GeV])
            -using the binning as: [0.0, 60.0, 120.0, 180.0, 240.0, 300.0, 360.0, 420.0, 480.0, 540.0, 600.0, 660.0, 720.0, 780.0, 840.0, 900.0, 960.0, 1020.0, 1080.0, 1140.0, 1200.0, 1260.0, 1320.0, 1380.0, 1440.0, 1500.0, 1560.0, 1620.0, 1680.0, 1740.0, 1800.0, 1860.0, 1920.0, 1980.0, 2040.0, 2100.0, 2160.0, 2220.0, 2280.0, 2340.0, 2400.0, 2460.0, 2520.0, 2580.0, 2640.0, 2700.0, 2760.0, 2820.0, 2880.0, 2940.0, 3000.0]
/////////////////////////
PROCESSING:  TTM1700BWBW
/////////////////////////
plotTreeName: Tprime2_DeepAK8_Mass
Flavour: M #tag: isV_tZbW #algo: DeepAK8
Weights: 1 * 1 * 1 * pileupWeight * 1 * lepIdSF * EGammaGsfSF * 1 * (MCWeight_singleLepCalc/abs(MCWeight_singleLepCalc)) * 6.93554282011e-05
Cuts: (leptonPt_singleLepCalc > 50) && (corr_met_singleLepCalc > 55) && (AK4HT > 480) && (minDR_lepJet > 0.4 || ptRel_lepJet > 40) && (NJetsAK8_JetSubCalc > 2) && (minDR_leadAK8otherAK8 < 3.0) && DataPastTrigger == 1 && isMuon==1
****************************************************************************************************
****************************************************************************************************
DISTRIBUTION: Tp2Mass
            -name in ljmet trees: Tprime2_ALGO_Mass
            -x-axis label is set to: ;M(T) [GeV])
            -using the binning as: [0.0, 60.0, 120.0, 180.0, 240.0, 300.0, 360.0, 420.0, 480.0, 540.0, 600.0, 660.0, 720.0, 780.0, 840.0, 900.0, 960.0, 1020.0, 1080.0, 1140.0, 1200.0, 1260.0, 1320.0, 1380.0, 1440.0, 1500.0, 1560.0, 1620.0, 1680.0, 1740.0, 1800.0, 1860.0, 1920.0, 1980.0, 2040.0, 2100.0, 2160.0, 2220.0, 2280.0, 2340.0, 2400.0, 2460.0, 2520.0, 2580.0, 2640.0, 2700.0, 2760.0, 2820.0, 2880.0, 2940.0, 3000.0]
/////////////////////////
PROCESSING:  TTM1700THTH
/////////////////////////
plotTreeName: Tprime2_DeepAK8_Mass
Flavour: M #tag: isV_tZbW #algo: DeepAK8
Weights: 1 * 1 * 1 * pileupWeight * 1 * lepIdSF * EGammaGsfSF * 1 * (MCWeight_singleLepCalc/abs(MCWeight_singleLepCalc)) * 1.73388570503e-05
Cuts: (leptonPt_singleLepCalc > 50) && (corr_met_singleLepCalc > 55) && (AK4HT > 480) && (minDR_lepJet > 0.4 || ptRel_lepJet > 40) && (NJetsAK8_JetSubCalc > 2) && (minDR_leadAK8otherAK8 < 3.0) && DataPastTrigger == 1 && isMuon==1
****************************************************************************************************
****************************************************************************************************
DISTRIBUTION: Tp2Mass
            -name in ljmet trees: Tprime2_ALGO_Mass
            -x-axis label is set to: ;M(T) [GeV])
            -using the binning as: [0.0, 60.0, 120.0, 180.0, 240.0, 300.0, 360.0, 420.0, 480.0, 540.0, 600.0, 660.0, 720.0, 780.0, 840.0, 900.0, 960.0, 1020.0, 1080.0, 1140.0, 1200.0, 1260.0, 1320.0, 1380.0, 1440.0, 1500.0, 1560.0, 1620.0, 1680.0, 1740.0, 1800.0, 1860.0, 1920.0, 1980.0, 2040.0, 2100.0, 2160.0, 2220.0, 2280.0, 2340.0, 2400.0, 2460.0, 2520.0, 2580.0, 2640.0, 2700.0, 2760.0, 2820.0, 2880.0, 2940.0, 3000.0]
/////////////////////////
PROCESSING:  TTM1700TZTZ
/////////////////////////
plotTreeName: Tprime2_DeepAK8_Mass
Flavour: M #tag: isV_tZbW #algo: DeepAK8
Weights: 1 * 1 * 1 * pileupWeight * 1 * lepIdSF * EGammaGsfSF * 1 * (MCWeight_singleLepCalc/abs(MCWeight_singleLepCalc)) * 1.73388570503e-05
Cuts: (leptonPt_singleLepCalc > 50) && (corr_met_singleLepCalc > 55) && (AK4HT > 480) && (minDR_lepJet > 0.4 || ptRel_lepJet > 40) && (NJetsAK8_JetSubCalc > 2) && (minDR_leadAK8otherAK8 < 3.0) && DataPastTrigger == 1 && isMuon==1
****************************************************************************************************
****************************************************************************************************
DISTRIBUTION: Tp2Mass
            -name in ljmet trees: Tprime2_ALGO_Mass
            -x-axis label is set to: ;M(T) [GeV])
            -using the binning as: [0.0, 60.0, 120.0, 180.0, 240.0, 300.0, 360.0, 420.0, 480.0, 540.0, 600.0, 660.0, 720.0, 780.0, 840.0, 900.0, 960.0, 1020.0, 1080.0, 1140.0, 1200.0, 1260.0, 1320.0, 1380.0, 1440.0, 1500.0, 1560.0, 1620.0, 1680.0, 1740.0, 1800.0, 1860.0, 1920.0, 1980.0, 2040.0, 2100.0, 2160.0, 2220.0, 2280.0, 2340.0, 2400.0, 2460.0, 2520.0, 2580.0, 2640.0, 2700.0, 2760.0, 2820.0, 2880.0, 2940.0, 3000.0]
/////////////////////////
PROCESSING:  TTM1700TZBW
/////////////////////////
plotTreeName: Tprime2_DeepAK8_Mass
Flavour: M #tag: isV_tZbW #algo: DeepAK8
Weights: 1 * 1 * 1 * pileupWeight * 1 * lepIdSF * EGammaGsfSF * 1 * (MCWeight_singleLepCalc/abs(MCWeight_singleLepCalc)) * 3.46777141005e-05
Cuts: (leptonPt_singleLepCalc > 50) && (corr_met_singleLepCalc > 55) && (AK4HT > 480) && (minDR_lepJet > 0.4 || ptRel_lepJet > 40) && (NJetsAK8_JetSubCalc > 2) && (minDR_leadAK8otherAK8 < 3.0) && DataPastTrigger == 1 && isMuon==1
****************************************************************************************************
****************************************************************************************************
DISTRIBUTION: Tp2Mass
            -name in ljmet trees: Tprime2_ALGO_Mass
            -x-axis label is set to: ;M(T) [GeV])
            -using the binning as: [0.0, 60.0, 120.0, 180.0, 240.0, 300.0, 360.0, 420.0, 480.0, 540.0, 600.0, 660.0, 720.0, 780.0, 840.0, 900.0, 960.0, 1020.0, 1080.0, 1140.0, 1200.0, 1260.0, 1320.0, 1380.0, 1440.0, 1500.0, 1560.0, 1620.0, 1680.0, 1740.0, 1800.0, 1860.0, 1920.0, 1980.0, 2040.0, 2100.0, 2160.0, 2220.0, 2280.0, 2340.0, 2400.0, 2460.0, 2520.0, 2580.0, 2640.0, 2700.0, 2760.0, 2820.0, 2880.0, 2940.0, 3000.0]
/////////////////////////
PROCESSING:  TTM1700THBW
/////////////////////////
plotTreeName: Tprime2_DeepAK8_Mass
Flavour: M #tag: isV_tZbW #algo: DeepAK8
Weights: 1 * 1 * 1 * pileupWeight * 1 * lepIdSF * EGammaGsfSF * 1 * (MCWeight_singleLepCalc/abs(MCWeight_singleLepCalc)) * 3.46777141005e-05
Cuts: (leptonPt_singleLepCalc > 50) && (corr_met_singleLepCalc > 55) && (AK4HT > 480) && (minDR_lepJet > 0.4 || ptRel_lepJet > 40) && (NJetsAK8_JetSubCalc > 2) && (minDR_leadAK8otherAK8 < 3.0) && DataPastTrigger == 1 && isMuon==1
****************************************************************************************************
****************************************************************************************************
DISTRIBUTION: Tp2Mass
            -name in ljmet trees: Tprime2_ALGO_Mass
            -x-axis label is set to: ;M(T) [GeV])
            -using the binning as: [0.0, 60.0, 120.0, 180.0, 240.0, 300.0, 360.0, 420.0, 480.0, 540.0, 600.0, 660.0, 720.0, 780.0, 840.0, 900.0, 960.0, 1020.0, 1080.0, 1140.0, 1200.0, 1260.0, 1320.0, 1380.0, 1440.0, 1500.0, 1560.0, 1620.0, 1680.0, 1740.0, 1800.0, 1860.0, 1920.0, 1980.0, 2040.0, 2100.0, 2160.0, 2220.0, 2280.0, 2340.0, 2400.0, 2460.0, 2520.0, 2580.0, 2640.0, 2700.0, 2760.0, 2820.0, 2880.0, 2940.0, 3000.0]
/////////////////////////
PROCESSING:  TTM1700TZTH
/////////////////////////
plotTreeName: Tprime2_DeepAK8_Mass
Flavour: M #tag: isV_tZbW #algo: DeepAK8
Weights: 1 * 1 * 1 * pileupWeight * 1 * lepIdSF * EGammaGsfSF * 1 * (MCWeight_singleLepCalc/abs(MCWeight_singleLepCalc)) * 1.73388570503e-05
Cuts: (leptonPt_singleLepCalc > 50) && (corr_met_singleLepCalc > 55) && (AK4HT > 480) && (minDR_lepJet > 0.4 || ptRel_lepJet > 40) && (NJetsAK8_JetSubCalc > 2) && (minDR_leadAK8otherAK8 < 3.0) && DataPastTrigger == 1 && isMuon==1
****************************************************************************************************
****************************************************************************************************
DISTRIBUTION: Tp2Mass
            -name in ljmet trees: Tprime2_ALGO_Mass
            -x-axis label is set to: ;M(T) [GeV])
            -using the binning as: [0.0, 60.0, 120.0, 180.0, 240.0, 300.0, 360.0, 420.0, 480.0, 540.0, 600.0, 660.0, 720.0, 780.0, 840.0, 900.0, 960.0, 1020.0, 1080.0, 1140.0, 1200.0, 1260.0, 1320.0, 1380.0, 1440.0, 1500.0, 1560.0, 1620.0, 1680.0, 1740.0, 1800.0, 1860.0, 1920.0, 1980.0, 2040.0, 2100.0, 2160.0, 2220.0, 2280.0, 2340.0, 2400.0, 2460.0, 2520.0, 2580.0, 2640.0, 2700.0, 2760.0, 2820.0, 2880.0, 2940.0, 3000.0]
/////////////////////////
PROCESSING:  TTM1800BWBW
/////////////////////////
plotTreeName: Tprime2_DeepAK8_Mass
Flavour: M #tag: isV_tZbW #algo: DeepAK8
Weights: 1 * 1 * 1 * pileupWeight * 1 * lepIdSF * EGammaGsfSF * 1 * (MCWeight_singleLepCalc/abs(MCWeight_singleLepCalc)) * 3.89579688164e-05
Cuts: (leptonPt_singleLepCalc > 50) && (corr_met_singleLepCalc > 55) && (AK4HT > 480) && (minDR_lepJet > 0.4 || ptRel_lepJet > 40) && (NJetsAK8_JetSubCalc > 2) && (minDR_leadAK8otherAK8 < 3.0) && DataPastTrigger == 1 && isMuon==1
****************************************************************************************************
****************************************************************************************************
DISTRIBUTION: Tp2Mass
            -name in ljmet trees: Tprime2_ALGO_Mass
            -x-axis label is set to: ;M(T) [GeV])
            -using the binning as: [0.0, 60.0, 120.0, 180.0, 240.0, 300.0, 360.0, 420.0, 480.0, 540.0, 600.0, 660.0, 720.0, 780.0, 840.0, 900.0, 960.0, 1020.0, 1080.0, 1140.0, 1200.0, 1260.0, 1320.0, 1380.0, 1440.0, 1500.0, 1560.0, 1620.0, 1680.0, 1740.0, 1800.0, 1860.0, 1920.0, 1980.0, 2040.0, 2100.0, 2160.0, 2220.0, 2280.0, 2340.0, 2400.0, 2460.0, 2520.0, 2580.0, 2640.0, 2700.0, 2760.0, 2820.0, 2880.0, 2940.0, 3000.0]
/////////////////////////
PROCESSING:  TTM1800THTH
/////////////////////////
plotTreeName: Tprime2_DeepAK8_Mass
Flavour: M #tag: isV_tZbW #algo: DeepAK8
Weights: 1 * 1 * 1 * pileupWeight * 1 * lepIdSF * EGammaGsfSF * 1 * (MCWeight_singleLepCalc/abs(MCWeight_singleLepCalc)) * 9.7394922041e-06
Cuts: (leptonPt_singleLepCalc > 50) && (corr_met_singleLepCalc > 55) && (AK4HT > 480) && (minDR_lepJet > 0.4 || ptRel_lepJet > 40) && (NJetsAK8_JetSubCalc > 2) && (minDR_leadAK8otherAK8 < 3.0) && DataPastTrigger == 1 && isMuon==1
****************************************************************************************************
****************************************************************************************************
DISTRIBUTION: Tp2Mass
            -name in ljmet trees: Tprime2_ALGO_Mass
            -x-axis label is set to: ;M(T) [GeV])
            -using the binning as: [0.0, 60.0, 120.0, 180.0, 240.0, 300.0, 360.0, 420.0, 480.0, 540.0, 600.0, 660.0, 720.0, 780.0, 840.0, 900.0, 960.0, 1020.0, 1080.0, 1140.0, 1200.0, 1260.0, 1320.0, 1380.0, 1440.0, 1500.0, 1560.0, 1620.0, 1680.0, 1740.0, 1800.0, 1860.0, 1920.0, 1980.0, 2040.0, 2100.0, 2160.0, 2220.0, 2280.0, 2340.0, 2400.0, 2460.0, 2520.0, 2580.0, 2640.0, 2700.0, 2760.0, 2820.0, 2880.0, 2940.0, 3000.0]
/////////////////////////
PROCESSING:  TTM1800TZTZ
/////////////////////////
plotTreeName: Tprime2_DeepAK8_Mass
Flavour: M #tag: isV_tZbW #algo: DeepAK8
Weights: 1 * 1 * 1 * pileupWeight * 1 * lepIdSF * EGammaGsfSF * 1 * (MCWeight_singleLepCalc/abs(MCWeight_singleLepCalc)) * 9.7394922041e-06
Cuts: (leptonPt_singleLepCalc > 50) && (corr_met_singleLepCalc > 55) && (AK4HT > 480) && (minDR_lepJet > 0.4 || ptRel_lepJet > 40) && (NJetsAK8_JetSubCalc > 2) && (minDR_leadAK8otherAK8 < 3.0) && DataPastTrigger == 1 && isMuon==1
****************************************************************************************************
****************************************************************************************************
DISTRIBUTION: Tp2Mass
            -name in ljmet trees: Tprime2_ALGO_Mass
            -x-axis label is set to: ;M(T) [GeV])
            -using the binning as: [0.0, 60.0, 120.0, 180.0, 240.0, 300.0, 360.0, 420.0, 480.0, 540.0, 600.0, 660.0, 720.0, 780.0, 840.0, 900.0, 960.0, 1020.0, 1080.0, 1140.0, 1200.0, 1260.0, 1320.0, 1380.0, 1440.0, 1500.0, 1560.0, 1620.0, 1680.0, 1740.0, 1800.0, 1860.0, 1920.0, 1980.0, 2040.0, 2100.0, 2160.0, 2220.0, 2280.0, 2340.0, 2400.0, 2460.0, 2520.0, 2580.0, 2640.0, 2700.0, 2760.0, 2820.0, 2880.0, 2940.0, 3000.0]
/////////////////////////
PROCESSING:  TTM1800TZBW
/////////////////////////
plotTreeName: Tprime2_DeepAK8_Mass
Flavour: M #tag: isV_tZbW #algo: DeepAK8
Weights: 1 * 1 * 1 * pileupWeight * 1 * lepIdSF * EGammaGsfSF * 1 * (MCWeight_singleLepCalc/abs(MCWeight_singleLepCalc)) * 1.94789844082e-05
Cuts: (leptonPt_singleLepCalc > 50) && (corr_met_singleLepCalc > 55) && (AK4HT > 480) && (minDR_lepJet > 0.4 || ptRel_lepJet > 40) && (NJetsAK8_JetSubCalc > 2) && (minDR_leadAK8otherAK8 < 3.0) && DataPastTrigger == 1 && isMuon==1
****************************************************************************************************
****************************************************************************************************
DISTRIBUTION: Tp2Mass
            -name in ljmet trees: Tprime2_ALGO_Mass
            -x-axis label is set to: ;M(T) [GeV])
            -using the binning as: [0.0, 60.0, 120.0, 180.0, 240.0, 300.0, 360.0, 420.0, 480.0, 540.0, 600.0, 660.0, 720.0, 780.0, 840.0, 900.0, 960.0, 1020.0, 1080.0, 1140.0, 1200.0, 1260.0, 1320.0, 1380.0, 1440.0, 1500.0, 1560.0, 1620.0, 1680.0, 1740.0, 1800.0, 1860.0, 1920.0, 1980.0, 2040.0, 2100.0, 2160.0, 2220.0, 2280.0, 2340.0, 2400.0, 2460.0, 2520.0, 2580.0, 2640.0, 2700.0, 2760.0, 2820.0, 2880.0, 2940.0, 3000.0]
/////////////////////////
PROCESSING:  TTM1800THBW
/////////////////////////
plotTreeName: Tprime2_DeepAK8_Mass
Flavour: M #tag: isV_tZbW #algo: DeepAK8
Weights: 1 * 1 * 1 * pileupWeight * 1 * lepIdSF * EGammaGsfSF * 1 * (MCWeight_singleLepCalc/abs(MCWeight_singleLepCalc)) * 1.94789844082e-05
Cuts: (leptonPt_singleLepCalc > 50) && (corr_met_singleLepCalc > 55) && (AK4HT > 480) && (minDR_lepJet > 0.4 || ptRel_lepJet > 40) && (NJetsAK8_JetSubCalc > 2) && (minDR_leadAK8otherAK8 < 3.0) && DataPastTrigger == 1 && isMuon==1
****************************************************************************************************
****************************************************************************************************
DISTRIBUTION: Tp2Mass
            -name in ljmet trees: Tprime2_ALGO_Mass
            -x-axis label is set to: ;M(T) [GeV])
            -using the binning as: [0.0, 60.0, 120.0, 180.0, 240.0, 300.0, 360.0, 420.0, 480.0, 540.0, 600.0, 660.0, 720.0, 780.0, 840.0, 900.0, 960.0, 1020.0, 1080.0, 1140.0, 1200.0, 1260.0, 1320.0, 1380.0, 1440.0, 1500.0, 1560.0, 1620.0, 1680.0, 1740.0, 1800.0, 1860.0, 1920.0, 1980.0, 2040.0, 2100.0, 2160.0, 2220.0, 2280.0, 2340.0, 2400.0, 2460.0, 2520.0, 2580.0, 2640.0, 2700.0, 2760.0, 2820.0, 2880.0, 2940.0, 3000.0]
/////////////////////////
PROCESSING:  TTM1800TZTH
/////////////////////////
plotTreeName: Tprime2_DeepAK8_Mass
Flavour: M #tag: isV_tZbW #algo: DeepAK8
Weights: 1 * 1 * 1 * pileupWeight * 1 * lepIdSF * EGammaGsfSF * 1 * (MCWeight_singleLepCalc/abs(MCWeight_singleLepCalc)) * 9.7394922041e-06
Cuts: (leptonPt_singleLepCalc > 50) && (corr_met_singleLepCalc > 55) && (AK4HT > 480) && (minDR_lepJet > 0.4 || ptRel_lepJet > 40) && (NJetsAK8_JetSubCalc > 2) && (minDR_leadAK8otherAK8 < 3.0) && DataPastTrigger == 1 && isMuon==1
****************************************************************************************************
****************************************************************************************************
DISTRIBUTION: Tp2Mass
            -name in ljmet trees: Tprime2_ALGO_Mass
            -x-axis label is set to: ;M(T) [GeV])
            -using the binning as: [0.0, 60.0, 120.0, 180.0, 240.0, 300.0, 360.0, 420.0, 480.0, 540.0, 600.0, 660.0, 720.0, 780.0, 840.0, 900.0, 960.0, 1020.0, 1080.0, 1140.0, 1200.0, 1260.0, 1320.0, 1380.0, 1440.0, 1500.0, 1560.0, 1620.0, 1680.0, 1740.0, 1800.0, 1860.0, 1920.0, 1980.0, 2040.0, 2100.0, 2160.0, 2220.0, 2280.0, 2340.0, 2400.0, 2460.0, 2520.0, 2580.0, 2640.0, 2700.0, 2760.0, 2820.0, 2880.0, 2940.0, 3000.0]
/////////////////////////
PROCESSING:  WJetsMG400
/////////////////////////
plotTreeName: Tprime2_DeepAK8_decorr_Mass
Flavour: M #tag: isV_tZbW #algo: DeepAK8_decorr
Weights: 1 * HTSF_Pol * 1 * pileupWeight * 1 * lepIdSF * EGammaGsfSF * 1 * (MCWeight_singleLepCalc/abs(MCWeight_singleLepCalc)) * 0.280770227538
Cuts: (leptonPt_singleLepCalc > 50) && (corr_met_singleLepCalc > 55) && (AK4HT > 480) && (minDR_lepJet > 0.4 || ptRel_lepJet > 40) && (NJetsAK8_JetSubCalc > 2) && (minDR_leadAK8otherAK8 < 3.0) && DataPastTrigger == 1 && isMuon==1
****************************************************************************************************
****************************************************************************************************
DISTRIBUTION: Tp2Mass
            -name in ljmet trees: Tprime2_ALGO_Mass
            -x-axis label is set to: ;M(T) [GeV])
            -using the binning as: [0.0, 60.0, 120.0, 180.0, 240.0, 300.0, 360.0, 420.0, 480.0, 540.0, 600.0, 660.0, 720.0, 780.0, 840.0, 900.0, 960.0, 1020.0, 1080.0, 1140.0, 1200.0, 1260.0, 1320.0, 1380.0, 1440.0, 1500.0, 1560.0, 1620.0, 1680.0, 1740.0, 1800.0, 1860.0, 1920.0, 1980.0, 2040.0, 2100.0, 2160.0, 2220.0, 2280.0, 2340.0, 2400.0, 2460.0, 2520.0, 2580.0, 2640.0, 2700.0, 2760.0, 2820.0, 2880.0, 2940.0, 3000.0]
/////////////////////////
PROCESSING:  WJetsMG600
/////////////////////////
plotTreeName: Tprime2_DeepAK8_decorr_Mass
Flavour: M #tag: isV_tZbW #algo: DeepAK8_decorr
Weights: 1 * HTSF_Pol * 1 * pileupWeight * 1 * lepIdSF * EGammaGsfSF * 1 * (MCWeight_singleLepCalc/abs(MCWeight_singleLepCalc)) * 0.0287233231554
Cuts: (leptonPt_singleLepCalc > 50) && (corr_met_singleLepCalc > 55) && (AK4HT > 480) && (minDR_lepJet > 0.4 || ptRel_lepJet > 40) && (NJetsAK8_JetSubCalc > 2) && (minDR_leadAK8otherAK8 < 3.0) && DataPastTrigger == 1 && isMuon==1
****************************************************************************************************
****************************************************************************************************
DISTRIBUTION: Tp2Mass
            -name in ljmet trees: Tprime2_ALGO_Mass
            -x-axis label is set to: ;M(T) [GeV])
            -using the binning as: [0.0, 60.0, 120.0, 180.0, 240.0, 300.0, 360.0, 420.0, 480.0, 540.0, 600.0, 660.0, 720.0, 780.0, 840.0, 900.0, 960.0, 1020.0, 1080.0, 1140.0, 1200.0, 1260.0, 1320.0, 1380.0, 1440.0, 1500.0, 1560.0, 1620.0, 1680.0, 1740.0, 1800.0, 1860.0, 1920.0, 1980.0, 2040.0, 2100.0, 2160.0, 2220.0, 2280.0, 2340.0, 2400.0, 2460.0, 2520.0, 2580.0, 2640.0, 2700.0, 2760.0, 2820.0, 2880.0, 2940.0, 3000.0]
/////////////////////////
PROCESSING:  WJetsMG800
/////////////////////////
plotTreeName: Tprime2_DeepAK8_decorr_Mass
Flavour: M #tag: isV_tZbW #algo: DeepAK8_decorr
Weights: 1 * HTSF_Pol * 1 * pileupWeight * 1 * lepIdSF * EGammaGsfSF * 1 * (MCWeight_singleLepCalc/abs(MCWeight_singleLepCalc)) * 0.0316367902594
Cuts: (leptonPt_singleLepCalc > 50) && (corr_met_singleLepCalc > 55) && (AK4HT > 480) && (minDR_lepJet > 0.4 || ptRel_lepJet > 40) && (NJetsAK8_JetSubCalc > 2) && (minDR_leadAK8otherAK8 < 3.0) && DataPastTrigger == 1 && isMuon==1
****************************************************************************************************
****************************************************************************************************
DISTRIBUTION: Tp2Mass
            -name in ljmet trees: Tprime2_ALGO_Mass
            -x-axis label is set to: ;M(T) [GeV])
            -using the binning as: [0.0, 60.0, 120.0, 180.0, 240.0, 300.0, 360.0, 420.0, 480.0, 540.0, 600.0, 660.0, 720.0, 780.0, 840.0, 900.0, 960.0, 1020.0, 1080.0, 1140.0, 1200.0, 1260.0, 1320.0, 1380.0, 1440.0, 1500.0, 1560.0, 1620.0, 1680.0, 1740.0, 1800.0, 1860.0, 1920.0, 1980.0, 2040.0, 2100.0, 2160.0, 2220.0, 2280.0, 2340.0, 2400.0, 2460.0, 2520.0, 2580.0, 2640.0, 2700.0, 2760.0, 2820.0, 2880.0, 2940.0, 3000.0]
/////////////////////////
PROCESSING:  WJetsMG1200
/////////////////////////
plotTreeName: Tprime2_DeepAK8_decorr_Mass
Flavour: M #tag: isV_tZbW #algo: DeepAK8_decorr
Weights: 1 * HTSF_Pol * 1 * pileupWeight * 1 * lepIdSF * EGammaGsfSF * 1 * (MCWeight_singleLepCalc/abs(MCWeight_singleLepCalc)) * 0.00861414819858
Cuts: (leptonPt_singleLepCalc > 50) && (corr_met_singleLepCalc > 55) && (AK4HT > 480) && (minDR_lepJet > 0.4 || ptRel_lepJet > 40) && (NJetsAK8_JetSubCalc > 2) && (minDR_leadAK8otherAK8 < 3.0) && DataPastTrigger == 1 && isMuon==1
****************************************************************************************************
****************************************************************************************************
DISTRIBUTION: Tp2Mass
            -name in ljmet trees: Tprime2_ALGO_Mass
            -x-axis label is set to: ;M(T) [GeV])
            -using the binning as: [0.0, 60.0, 120.0, 180.0, 240.0, 300.0, 360.0, 420.0, 480.0, 540.0, 600.0, 660.0, 720.0, 780.0, 840.0, 900.0, 960.0, 1020.0, 1080.0, 1140.0, 1200.0, 1260.0, 1320.0, 1380.0, 1440.0, 1500.0, 1560.0, 1620.0, 1680.0, 1740.0, 1800.0, 1860.0, 1920.0, 1980.0, 2040.0, 2100.0, 2160.0, 2220.0, 2280.0, 2340.0, 2400.0, 2460.0, 2520.0, 2580.0, 2640.0, 2700.0, 2760.0, 2820.0, 2880.0, 2940.0, 3000.0]
/////////////////////////
PROCESSING:  WJetsMG2500
/////////////////////////
plotTreeName: Tprime2_DeepAK8_decorr_Mass
Flavour: M #tag: isV_tZbW #algo: DeepAK8_decorr
Weights: 1 * HTSF_Pol * 1 * pileupWeight * 1 * lepIdSF * EGammaGsfSF * 1 * (MCWeight_singleLepCalc/abs(MCWeight_singleLepCalc)) * 0.00054308661217
Cuts: (leptonPt_singleLepCalc > 50) && (corr_met_singleLepCalc > 55) && (AK4HT > 480) && (minDR_lepJet > 0.4 || ptRel_lepJet > 40) && (NJetsAK8_JetSubCalc > 2) && (minDR_leadAK8otherAK8 < 3.0) && DataPastTrigger == 1 && isMuon==1
****************************************************************************************************
****************************************************************************************************
DISTRIBUTION: Tp2Mass
            -name in ljmet trees: Tprime2_ALGO_Mass
            -x-axis label is set to: ;M(T) [GeV])
            -using the binning as: [0.0, 60.0, 120.0, 180.0, 240.0, 300.0, 360.0, 420.0, 480.0, 540.0, 600.0, 660.0, 720.0, 780.0, 840.0, 900.0, 960.0, 1020.0, 1080.0, 1140.0, 1200.0, 1260.0, 1320.0, 1380.0, 1440.0, 1500.0, 1560.0, 1620.0, 1680.0, 1740.0, 1800.0, 1860.0, 1920.0, 1980.0, 2040.0, 2100.0, 2160.0, 2220.0, 2280.0, 2340.0, 2400.0, 2460.0, 2520.0, 2580.0, 2640.0, 2700.0, 2760.0, 2820.0, 2880.0, 2940.0, 3000.0]
/////////////////////////
PROCESSING:  TTM1100BWBW
/////////////////////////
plotTreeName: Tprime2_DeepAK8_decorr_Mass
Flavour: M #tag: isV_tZbW #algo: DeepAK8_decorr
Weights: 1 * 1 * 1 * pileupWeight * 1 * lepIdSF * EGammaGsfSF * 1 * (MCWeight_singleLepCalc/abs(MCWeight_singleLepCalc)) * 0.00223239916536
Cuts: (leptonPt_singleLepCalc > 50) && (corr_met_singleLepCalc > 55) && (AK4HT > 480) && (minDR_lepJet > 0.4 || ptRel_lepJet > 40) && (NJetsAK8_JetSubCalc > 2) && (minDR_leadAK8otherAK8 < 3.0) && DataPastTrigger == 1 && isMuon==1
****************************************************************************************************
****************************************************************************************************
DISTRIBUTION: Tp2Mass
            -name in ljmet trees: Tprime2_ALGO_Mass
            -x-axis label is set to: ;M(T) [GeV])
            -using the binning as: [0.0, 60.0, 120.0, 180.0, 240.0, 300.0, 360.0, 420.0, 480.0, 540.0, 600.0, 660.0, 720.0, 780.0, 840.0, 900.0, 960.0, 1020.0, 1080.0, 1140.0, 1200.0, 1260.0, 1320.0, 1380.0, 1440.0, 1500.0, 1560.0, 1620.0, 1680.0, 1740.0, 1800.0, 1860.0, 1920.0, 1980.0, 2040.0, 2100.0, 2160.0, 2220.0, 2280.0, 2340.0, 2400.0, 2460.0, 2520.0, 2580.0, 2640.0, 2700.0, 2760.0, 2820.0, 2880.0, 2940.0, 3000.0]
/////////////////////////
PROCESSING:  TTM1100THTH
/////////////////////////
plotTreeName: Tprime2_DeepAK8_decorr_Mass
Flavour: M #tag: isV_tZbW #algo: DeepAK8_decorr
Weights: 1 * 1 * 1 * pileupWeight * 1 * lepIdSF * EGammaGsfSF * 1 * (MCWeight_singleLepCalc/abs(MCWeight_singleLepCalc)) * 0.000558099791339
Cuts: (leptonPt_singleLepCalc > 50) && (corr_met_singleLepCalc > 55) && (AK4HT > 480) && (minDR_lepJet > 0.4 || ptRel_lepJet > 40) && (NJetsAK8_JetSubCalc > 2) && (minDR_leadAK8otherAK8 < 3.0) && DataPastTrigger == 1 && isMuon==1
****************************************************************************************************
****************************************************************************************************
DISTRIBUTION: Tp2Mass
            -name in ljmet trees: Tprime2_ALGO_Mass
            -x-axis label is set to: ;M(T) [GeV])
            -using the binning as: [0.0, 60.0, 120.0, 180.0, 240.0, 300.0, 360.0, 420.0, 480.0, 540.0, 600.0, 660.0, 720.0, 780.0, 840.0, 900.0, 960.0, 1020.0, 1080.0, 1140.0, 1200.0, 1260.0, 1320.0, 1380.0, 1440.0, 1500.0, 1560.0, 1620.0, 1680.0, 1740.0, 1800.0, 1860.0, 1920.0, 1980.0, 2040.0, 2100.0, 2160.0, 2220.0, 2280.0, 2340.0, 2400.0, 2460.0, 2520.0, 2580.0, 2640.0, 2700.0, 2760.0, 2820.0, 2880.0, 2940.0, 3000.0]
/////////////////////////
PROCESSING:  TTM1100TZTZ
/////////////////////////
plotTreeName: Tprime2_DeepAK8_decorr_Mass
Flavour: M #tag: isV_tZbW #algo: DeepAK8_decorr
Weights: 1 * 1 * 1 * pileupWeight * 1 * lepIdSF * EGammaGsfSF * 1 * (MCWeight_singleLepCalc/abs(MCWeight_singleLepCalc)) * 0.000558099791339
Cuts: (leptonPt_singleLepCalc > 50) && (corr_met_singleLepCalc > 55) && (AK4HT > 480) && (minDR_lepJet > 0.4 || ptRel_lepJet > 40) && (NJetsAK8_JetSubCalc > 2) && (minDR_leadAK8otherAK8 < 3.0) && DataPastTrigger == 1 && isMuon==1
****************************************************************************************************
****************************************************************************************************
DISTRIBUTION: Tp2Mass
            -name in ljmet trees: Tprime2_ALGO_Mass
            -x-axis label is set to: ;M(T) [GeV])
            -using the binning as: [0.0, 60.0, 120.0, 180.0, 240.0, 300.0, 360.0, 420.0, 480.0, 540.0, 600.0, 660.0, 720.0, 780.0, 840.0, 900.0, 960.0, 1020.0, 1080.0, 1140.0, 1200.0, 1260.0, 1320.0, 1380.0, 1440.0, 1500.0, 1560.0, 1620.0, 1680.0, 1740.0, 1800.0, 1860.0, 1920.0, 1980.0, 2040.0, 2100.0, 2160.0, 2220.0, 2280.0, 2340.0, 2400.0, 2460.0, 2520.0, 2580.0, 2640.0, 2700.0, 2760.0, 2820.0, 2880.0, 2940.0, 3000.0]
/////////////////////////
PROCESSING:  TTM1100TZBW
/////////////////////////
plotTreeName: Tprime2_DeepAK8_decorr_Mass
Flavour: M #tag: isV_tZbW #algo: DeepAK8_decorr
Weights: 1 * 1 * 1 * pileupWeight * 1 * lepIdSF * EGammaGsfSF * 1 * (MCWeight_singleLepCalc/abs(MCWeight_singleLepCalc)) * 0.00111619958268
Cuts: (leptonPt_singleLepCalc > 50) && (corr_met_singleLepCalc > 55) && (AK4HT > 480) && (minDR_lepJet > 0.4 || ptRel_lepJet > 40) && (NJetsAK8_JetSubCalc > 2) && (minDR_leadAK8otherAK8 < 3.0) && DataPastTrigger == 1 && isMuon==1
****************************************************************************************************
****************************************************************************************************
DISTRIBUTION: Tp2Mass
            -name in ljmet trees: Tprime2_ALGO_Mass
            -x-axis label is set to: ;M(T) [GeV])
            -using the binning as: [0.0, 60.0, 120.0, 180.0, 240.0, 300.0, 360.0, 420.0, 480.0, 540.0, 600.0, 660.0, 720.0, 780.0, 840.0, 900.0, 960.0, 1020.0, 1080.0, 1140.0, 1200.0, 1260.0, 1320.0, 1380.0, 1440.0, 1500.0, 1560.0, 1620.0, 1680.0, 1740.0, 1800.0, 1860.0, 1920.0, 1980.0, 2040.0, 2100.0, 2160.0, 2220.0, 2280.0, 2340.0, 2400.0, 2460.0, 2520.0, 2580.0, 2640.0, 2700.0, 2760.0, 2820.0, 2880.0, 2940.0, 3000.0]
/////////////////////////
PROCESSING:  TTM1100THBW
/////////////////////////
plotTreeName: Tprime2_DeepAK8_decorr_Mass
Flavour: M #tag: isV_tZbW #algo: DeepAK8_decorr
Weights: 1 * 1 * 1 * pileupWeight * 1 * lepIdSF * EGammaGsfSF * 1 * (MCWeight_singleLepCalc/abs(MCWeight_singleLepCalc)) * 0.00111619958268
Cuts: (leptonPt_singleLepCalc > 50) && (corr_met_singleLepCalc > 55) && (AK4HT > 480) && (minDR_lepJet > 0.4 || ptRel_lepJet > 40) && (NJetsAK8_JetSubCalc > 2) && (minDR_leadAK8otherAK8 < 3.0) && DataPastTrigger == 1 && isMuon==1
****************************************************************************************************
****************************************************************************************************
DISTRIBUTION: Tp2Mass
            -name in ljmet trees: Tprime2_ALGO_Mass
            -x-axis label is set to: ;M(T) [GeV])
            -using the binning as: [0.0, 60.0, 120.0, 180.0, 240.0, 300.0, 360.0, 420.0, 480.0, 540.0, 600.0, 660.0, 720.0, 780.0, 840.0, 900.0, 960.0, 1020.0, 1080.0, 1140.0, 1200.0, 1260.0, 1320.0, 1380.0, 1440.0, 1500.0, 1560.0, 1620.0, 1680.0, 1740.0, 1800.0, 1860.0, 1920.0, 1980.0, 2040.0, 2100.0, 2160.0, 2220.0, 2280.0, 2340.0, 2400.0, 2460.0, 2520.0, 2580.0, 2640.0, 2700.0, 2760.0, 2820.0, 2880.0, 2940.0, 3000.0]
/////////////////////////
PROCESSING:  TTM1100TZTH
/////////////////////////
plotTreeName: Tprime2_DeepAK8_decorr_Mass
Flavour: M #tag: isV_tZbW #algo: DeepAK8_decorr
Weights: 1 * 1 * 1 * pileupWeight * 1 * lepIdSF * EGammaGsfSF * 1 * (MCWeight_singleLepCalc/abs(MCWeight_singleLepCalc)) * 0.000558099791339
Cuts: (leptonPt_singleLepCalc > 50) && (corr_met_singleLepCalc > 55) && (AK4HT > 480) && (minDR_lepJet > 0.4 || ptRel_lepJet > 40) && (NJetsAK8_JetSubCalc > 2) && (minDR_leadAK8otherAK8 < 3.0) && DataPastTrigger == 1 && isMuon==1
****************************************************************************************************
****************************************************************************************************
DISTRIBUTION: Tp2Mass
            -name in ljmet trees: Tprime2_ALGO_Mass
            -x-axis label is set to: ;M(T) [GeV])
            -using the binning as: [0.0, 60.0, 120.0, 180.0, 240.0, 300.0, 360.0, 420.0, 480.0, 540.0, 600.0, 660.0, 720.0, 780.0, 840.0, 900.0, 960.0, 1020.0, 1080.0, 1140.0, 1200.0, 1260.0, 1320.0, 1380.0, 1440.0, 1500.0, 1560.0, 1620.0, 1680.0, 1740.0, 1800.0, 1860.0, 1920.0, 1980.0, 2040.0, 2100.0, 2160.0, 2220.0, 2280.0, 2340.0, 2400.0, 2460.0, 2520.0, 2580.0, 2640.0, 2700.0, 2760.0, 2820.0, 2880.0, 2940.0, 3000.0]
/////////////////////////
PROCESSING:  TTM1200BWBW
/////////////////////////
plotTreeName: Tprime2_DeepAK8_decorr_Mass
Flavour: M #tag: isV_tZbW #algo: DeepAK8_decorr
Weights: 1 * 1 * 1 * pileupWeight * 1 * lepIdSF * EGammaGsfSF * 1 * (MCWeight_singleLepCalc/abs(MCWeight_singleLepCalc)) * 0.00117627847652
Cuts: (leptonPt_singleLepCalc > 50) && (corr_met_singleLepCalc > 55) && (AK4HT > 480) && (minDR_lepJet > 0.4 || ptRel_lepJet > 40) && (NJetsAK8_JetSubCalc > 2) && (minDR_leadAK8otherAK8 < 3.0) && DataPastTrigger == 1 && isMuon==1
****************************************************************************************************
****************************************************************************************************
DISTRIBUTION: Tp2Mass
            -name in ljmet trees: Tprime2_ALGO_Mass
            -x-axis label is set to: ;M(T) [GeV])
            -using the binning as: [0.0, 60.0, 120.0, 180.0, 240.0, 300.0, 360.0, 420.0, 480.0, 540.0, 600.0, 660.0, 720.0, 780.0, 840.0, 900.0, 960.0, 1020.0, 1080.0, 1140.0, 1200.0, 1260.0, 1320.0, 1380.0, 1440.0, 1500.0, 1560.0, 1620.0, 1680.0, 1740.0, 1800.0, 1860.0, 1920.0, 1980.0, 2040.0, 2100.0, 2160.0, 2220.0, 2280.0, 2340.0, 2400.0, 2460.0, 2520.0, 2580.0, 2640.0, 2700.0, 2760.0, 2820.0, 2880.0, 2940.0, 3000.0]
/////////////////////////
PROCESSING:  TTM1200THTH
/////////////////////////
plotTreeName: Tprime2_DeepAK8_decorr_Mass
Flavour: M #tag: isV_tZbW #algo: DeepAK8_decorr
Weights: 1 * 1 * 1 * pileupWeight * 1 * lepIdSF * EGammaGsfSF * 1 * (MCWeight_singleLepCalc/abs(MCWeight_singleLepCalc)) * 0.00029406961913
Cuts: (leptonPt_singleLepCalc > 50) && (corr_met_singleLepCalc > 55) && (AK4HT > 480) && (minDR_lepJet > 0.4 || ptRel_lepJet > 40) && (NJetsAK8_JetSubCalc > 2) && (minDR_leadAK8otherAK8 < 3.0) && DataPastTrigger == 1 && isMuon==1
****************************************************************************************************
****************************************************************************************************
DISTRIBUTION: Tp2Mass
            -name in ljmet trees: Tprime2_ALGO_Mass
            -x-axis label is set to: ;M(T) [GeV])
            -using the binning as: [0.0, 60.0, 120.0, 180.0, 240.0, 300.0, 360.0, 420.0, 480.0, 540.0, 600.0, 660.0, 720.0, 780.0, 840.0, 900.0, 960.0, 1020.0, 1080.0, 1140.0, 1200.0, 1260.0, 1320.0, 1380.0, 1440.0, 1500.0, 1560.0, 1620.0, 1680.0, 1740.0, 1800.0, 1860.0, 1920.0, 1980.0, 2040.0, 2100.0, 2160.0, 2220.0, 2280.0, 2340.0, 2400.0, 2460.0, 2520.0, 2580.0, 2640.0, 2700.0, 2760.0, 2820.0, 2880.0, 2940.0, 3000.0]
/////////////////////////
PROCESSING:  TTM1200TZTZ
/////////////////////////
plotTreeName: Tprime2_DeepAK8_decorr_Mass
Flavour: M #tag: isV_tZbW #algo: DeepAK8_decorr
Weights: 1 * 1 * 1 * pileupWeight * 1 * lepIdSF * EGammaGsfSF * 1 * (MCWeight_singleLepCalc/abs(MCWeight_singleLepCalc)) * 0.00029406961913
Cuts: (leptonPt_singleLepCalc > 50) && (corr_met_singleLepCalc > 55) && (AK4HT > 480) && (minDR_lepJet > 0.4 || ptRel_lepJet > 40) && (NJetsAK8_JetSubCalc > 2) && (minDR_leadAK8otherAK8 < 3.0) && DataPastTrigger == 1 && isMuon==1
****************************************************************************************************
****************************************************************************************************
DISTRIBUTION: Tp2Mass
            -name in ljmet trees: Tprime2_ALGO_Mass
            -x-axis label is set to: ;M(T) [GeV])
            -using the binning as: [0.0, 60.0, 120.0, 180.0, 240.0, 300.0, 360.0, 420.0, 480.0, 540.0, 600.0, 660.0, 720.0, 780.0, 840.0, 900.0, 960.0, 1020.0, 1080.0, 1140.0, 1200.0, 1260.0, 1320.0, 1380.0, 1440.0, 1500.0, 1560.0, 1620.0, 1680.0, 1740.0, 1800.0, 1860.0, 1920.0, 1980.0, 2040.0, 2100.0, 2160.0, 2220.0, 2280.0, 2340.0, 2400.0, 2460.0, 2520.0, 2580.0, 2640.0, 2700.0, 2760.0, 2820.0, 2880.0, 2940.0, 3000.0]
/////////////////////////
PROCESSING:  TTM1200TZBW
/////////////////////////
plotTreeName: Tprime2_DeepAK8_decorr_Mass
Flavour: M #tag: isV_tZbW #algo: DeepAK8_decorr
Weights: 1 * 1 * 1 * pileupWeight * 1 * lepIdSF * EGammaGsfSF * 1 * (MCWeight_singleLepCalc/abs(MCWeight_singleLepCalc)) * 0.000588139238259
Cuts: (leptonPt_singleLepCalc > 50) && (corr_met_singleLepCalc > 55) && (AK4HT > 480) && (minDR_lepJet > 0.4 || ptRel_lepJet > 40) && (NJetsAK8_JetSubCalc > 2) && (minDR_leadAK8otherAK8 < 3.0) && DataPastTrigger == 1 && isMuon==1
****************************************************************************************************
****************************************************************************************************
DISTRIBUTION: Tp2Mass
            -name in ljmet trees: Tprime2_ALGO_Mass
            -x-axis label is set to: ;M(T) [GeV])
            -using the binning as: [0.0, 60.0, 120.0, 180.0, 240.0, 300.0, 360.0, 420.0, 480.0, 540.0, 600.0, 660.0, 720.0, 780.0, 840.0, 900.0, 960.0, 1020.0, 1080.0, 1140.0, 1200.0, 1260.0, 1320.0, 1380.0, 1440.0, 1500.0, 1560.0, 1620.0, 1680.0, 1740.0, 1800.0, 1860.0, 1920.0, 1980.0, 2040.0, 2100.0, 2160.0, 2220.0, 2280.0, 2340.0, 2400.0, 2460.0, 2520.0, 2580.0, 2640.0, 2700.0, 2760.0, 2820.0, 2880.0, 2940.0, 3000.0]
/////////////////////////
PROCESSING:  TTM1200THBW
/////////////////////////
plotTreeName: Tprime2_DeepAK8_decorr_Mass
Flavour: M #tag: isV_tZbW #algo: DeepAK8_decorr
Weights: 1 * 1 * 1 * pileupWeight * 1 * lepIdSF * EGammaGsfSF * 1 * (MCWeight_singleLepCalc/abs(MCWeight_singleLepCalc)) * 0.000588139238259
Cuts: (leptonPt_singleLepCalc > 50) && (corr_met_singleLepCalc > 55) && (AK4HT > 480) && (minDR_lepJet > 0.4 || ptRel_lepJet > 40) && (NJetsAK8_JetSubCalc > 2) && (minDR_leadAK8otherAK8 < 3.0) && DataPastTrigger == 1 && isMuon==1
****************************************************************************************************
****************************************************************************************************
DISTRIBUTION: Tp2Mass
            -name in ljmet trees: Tprime2_ALGO_Mass
            -x-axis label is set to: ;M(T) [GeV])
            -using the binning as: [0.0, 60.0, 120.0, 180.0, 240.0, 300.0, 360.0, 420.0, 480.0, 540.0, 600.0, 660.0, 720.0, 780.0, 840.0, 900.0, 960.0, 1020.0, 1080.0, 1140.0, 1200.0, 1260.0, 1320.0, 1380.0, 1440.0, 1500.0, 1560.0, 1620.0, 1680.0, 1740.0, 1800.0, 1860.0, 1920.0, 1980.0, 2040.0, 2100.0, 2160.0, 2220.0, 2280.0, 2340.0, 2400.0, 2460.0, 2520.0, 2580.0, 2640.0, 2700.0, 2760.0, 2820.0, 2880.0, 2940.0, 3000.0]
/////////////////////////
PROCESSING:  TTM1200TZTH
/////////////////////////
plotTreeName: Tprime2_DeepAK8_decorr_Mass
Flavour: M #tag: isV_tZbW #algo: DeepAK8_decorr
Weights: 1 * 1 * 1 * pileupWeight * 1 * lepIdSF * EGammaGsfSF * 1 * (MCWeight_singleLepCalc/abs(MCWeight_singleLepCalc)) * 0.00029406961913
Cuts: (leptonPt_singleLepCalc > 50) && (corr_met_singleLepCalc > 55) && (AK4HT > 480) && (minDR_lepJet > 0.4 || ptRel_lepJet > 40) && (NJetsAK8_JetSubCalc > 2) && (minDR_leadAK8otherAK8 < 3.0) && DataPastTrigger == 1 && isMuon==1
****************************************************************************************************
****************************************************************************************************
DISTRIBUTION: Tp2Mass
            -name in ljmet trees: Tprime2_ALGO_Mass
            -x-axis label is set to: ;M(T) [GeV])
            -using the binning as: [0.0, 60.0, 120.0, 180.0, 240.0, 300.0, 360.0, 420.0, 480.0, 540.0, 600.0, 660.0, 720.0, 780.0, 840.0, 900.0, 960.0, 1020.0, 1080.0, 1140.0, 1200.0, 1260.0, 1320.0, 1380.0, 1440.0, 1500.0, 1560.0, 1620.0, 1680.0, 1740.0, 1800.0, 1860.0, 1920.0, 1980.0, 2040.0, 2100.0, 2160.0, 2220.0, 2280.0, 2340.0, 2400.0, 2460.0, 2520.0, 2580.0, 2640.0, 2700.0, 2760.0, 2820.0, 2880.0, 2940.0, 3000.0]
/////////////////////////
PROCESSING:  TTM1300BWBW
/////////////////////////
plotTreeName: Tprime2_DeepAK8_decorr_Mass
Flavour: M #tag: isV_tZbW #algo: DeepAK8_decorr
Weights: 1 * 1 * 1 * pileupWeight * 1 * lepIdSF * EGammaGsfSF * 1 * (MCWeight_singleLepCalc/abs(MCWeight_singleLepCalc)) * 0.00063821114509
Cuts: (leptonPt_singleLepCalc > 50) && (corr_met_singleLepCalc > 55) && (AK4HT > 480) && (minDR_lepJet > 0.4 || ptRel_lepJet > 40) && (NJetsAK8_JetSubCalc > 2) && (minDR_leadAK8otherAK8 < 3.0) && DataPastTrigger == 1 && isMuon==1
****************************************************************************************************
****************************************************************************************************
DISTRIBUTION: Tp2Mass
            -name in ljmet trees: Tprime2_ALGO_Mass
            -x-axis label is set to: ;M(T) [GeV])
            -using the binning as: [0.0, 60.0, 120.0, 180.0, 240.0, 300.0, 360.0, 420.0, 480.0, 540.0, 600.0, 660.0, 720.0, 780.0, 840.0, 900.0, 960.0, 1020.0, 1080.0, 1140.0, 1200.0, 1260.0, 1320.0, 1380.0, 1440.0, 1500.0, 1560.0, 1620.0, 1680.0, 1740.0, 1800.0, 1860.0, 1920.0, 1980.0, 2040.0, 2100.0, 2160.0, 2220.0, 2280.0, 2340.0, 2400.0, 2460.0, 2520.0, 2580.0, 2640.0, 2700.0, 2760.0, 2820.0, 2880.0, 2940.0, 3000.0]
/////////////////////////
PROCESSING:  TTM1300THTH
/////////////////////////
plotTreeName: Tprime2_DeepAK8_decorr_Mass
Flavour: M #tag: isV_tZbW #algo: DeepAK8_decorr
Weights: 1 * 1 * 1 * pileupWeight * 1 * lepIdSF * EGammaGsfSF * 1 * (MCWeight_singleLepCalc/abs(MCWeight_singleLepCalc)) * 0.000159552786272
Cuts: (leptonPt_singleLepCalc > 50) && (corr_met_singleLepCalc > 55) && (AK4HT > 480) && (minDR_lepJet > 0.4 || ptRel_lepJet > 40) && (NJetsAK8_JetSubCalc > 2) && (minDR_leadAK8otherAK8 < 3.0) && DataPastTrigger == 1 && isMuon==1
****************************************************************************************************
****************************************************************************************************
DISTRIBUTION: Tp2Mass
            -name in ljmet trees: Tprime2_ALGO_Mass
            -x-axis label is set to: ;M(T) [GeV])
            -using the binning as: [0.0, 60.0, 120.0, 180.0, 240.0, 300.0, 360.0, 420.0, 480.0, 540.0, 600.0, 660.0, 720.0, 780.0, 840.0, 900.0, 960.0, 1020.0, 1080.0, 1140.0, 1200.0, 1260.0, 1320.0, 1380.0, 1440.0, 1500.0, 1560.0, 1620.0, 1680.0, 1740.0, 1800.0, 1860.0, 1920.0, 1980.0, 2040.0, 2100.0, 2160.0, 2220.0, 2280.0, 2340.0, 2400.0, 2460.0, 2520.0, 2580.0, 2640.0, 2700.0, 2760.0, 2820.0, 2880.0, 2940.0, 3000.0]
/////////////////////////
PROCESSING:  TTM1300TZTZ
/////////////////////////
plotTreeName: Tprime2_DeepAK8_decorr_Mass
Flavour: M #tag: isV_tZbW #algo: DeepAK8_decorr
Weights: 1 * 1 * 1 * pileupWeight * 1 * lepIdSF * EGammaGsfSF * 1 * (MCWeight_singleLepCalc/abs(MCWeight_singleLepCalc)) * 0.000159552786272
Cuts: (leptonPt_singleLepCalc > 50) && (corr_met_singleLepCalc > 55) && (AK4HT > 480) && (minDR_lepJet > 0.4 || ptRel_lepJet > 40) && (NJetsAK8_JetSubCalc > 2) && (minDR_leadAK8otherAK8 < 3.0) && DataPastTrigger == 1 && isMuon==1
****************************************************************************************************
****************************************************************************************************
DISTRIBUTION: Tp2Mass
            -name in ljmet trees: Tprime2_ALGO_Mass
            -x-axis label is set to: ;M(T) [GeV])
            -using the binning as: [0.0, 60.0, 120.0, 180.0, 240.0, 300.0, 360.0, 420.0, 480.0, 540.0, 600.0, 660.0, 720.0, 780.0, 840.0, 900.0, 960.0, 1020.0, 1080.0, 1140.0, 1200.0, 1260.0, 1320.0, 1380.0, 1440.0, 1500.0, 1560.0, 1620.0, 1680.0, 1740.0, 1800.0, 1860.0, 1920.0, 1980.0, 2040.0, 2100.0, 2160.0, 2220.0, 2280.0, 2340.0, 2400.0, 2460.0, 2520.0, 2580.0, 2640.0, 2700.0, 2760.0, 2820.0, 2880.0, 2940.0, 3000.0]
/////////////////////////
PROCESSING:  TTM1300TZBW
/////////////////////////
plotTreeName: Tprime2_DeepAK8_decorr_Mass
Flavour: M #tag: isV_tZbW #algo: DeepAK8_decorr
Weights: 1 * 1 * 1 * pileupWeight * 1 * lepIdSF * EGammaGsfSF * 1 * (MCWeight_singleLepCalc/abs(MCWeight_singleLepCalc)) * 0.000319105572545
Cuts: (leptonPt_singleLepCalc > 50) && (corr_met_singleLepCalc > 55) && (AK4HT > 480) && (minDR_lepJet > 0.4 || ptRel_lepJet > 40) && (NJetsAK8_JetSubCalc > 2) && (minDR_leadAK8otherAK8 < 3.0) && DataPastTrigger == 1 && isMuon==1
****************************************************************************************************
****************************************************************************************************
DISTRIBUTION: Tp2Mass
            -name in ljmet trees: Tprime2_ALGO_Mass
            -x-axis label is set to: ;M(T) [GeV])
            -using the binning as: [0.0, 60.0, 120.0, 180.0, 240.0, 300.0, 360.0, 420.0, 480.0, 540.0, 600.0, 660.0, 720.0, 780.0, 840.0, 900.0, 960.0, 1020.0, 1080.0, 1140.0, 1200.0, 1260.0, 1320.0, 1380.0, 1440.0, 1500.0, 1560.0, 1620.0, 1680.0, 1740.0, 1800.0, 1860.0, 1920.0, 1980.0, 2040.0, 2100.0, 2160.0, 2220.0, 2280.0, 2340.0, 2400.0, 2460.0, 2520.0, 2580.0, 2640.0, 2700.0, 2760.0, 2820.0, 2880.0, 2940.0, 3000.0]
/////////////////////////
PROCESSING:  TTM1300THBW
/////////////////////////
plotTreeName: Tprime2_DeepAK8_decorr_Mass
Flavour: M #tag: isV_tZbW #algo: DeepAK8_decorr
Weights: 1 * 1 * 1 * pileupWeight * 1 * lepIdSF * EGammaGsfSF * 1 * (MCWeight_singleLepCalc/abs(MCWeight_singleLepCalc)) * 0.000319105572545
Cuts: (leptonPt_singleLepCalc > 50) && (corr_met_singleLepCalc > 55) && (AK4HT > 480) && (minDR_lepJet > 0.4 || ptRel_lepJet > 40) && (NJetsAK8_JetSubCalc > 2) && (minDR_leadAK8otherAK8 < 3.0) && DataPastTrigger == 1 && isMuon==1
****************************************************************************************************
****************************************************************************************************
DISTRIBUTION: Tp2Mass
            -name in ljmet trees: Tprime2_ALGO_Mass
            -x-axis label is set to: ;M(T) [GeV])
            -using the binning as: [0.0, 60.0, 120.0, 180.0, 240.0, 300.0, 360.0, 420.0, 480.0, 540.0, 600.0, 660.0, 720.0, 780.0, 840.0, 900.0, 960.0, 1020.0, 1080.0, 1140.0, 1200.0, 1260.0, 1320.0, 1380.0, 1440.0, 1500.0, 1560.0, 1620.0, 1680.0, 1740.0, 1800.0, 1860.0, 1920.0, 1980.0, 2040.0, 2100.0, 2160.0, 2220.0, 2280.0, 2340.0, 2400.0, 2460.0, 2520.0, 2580.0, 2640.0, 2700.0, 2760.0, 2820.0, 2880.0, 2940.0, 3000.0]
/////////////////////////
PROCESSING:  TTM1300TZTH
/////////////////////////
plotTreeName: Tprime2_DeepAK8_decorr_Mass
Flavour: M #tag: isV_tZbW #algo: DeepAK8_decorr
Weights: 1 * 1 * 1 * pileupWeight * 1 * lepIdSF * EGammaGsfSF * 1 * (MCWeight_singleLepCalc/abs(MCWeight_singleLepCalc)) * 0.000159552786272
Cuts: (leptonPt_singleLepCalc > 50) && (corr_met_singleLepCalc > 55) && (AK4HT > 480) && (minDR_lepJet > 0.4 || ptRel_lepJet > 40) && (NJetsAK8_JetSubCalc > 2) && (minDR_leadAK8otherAK8 < 3.0) && DataPastTrigger == 1 && isMuon==1
****************************************************************************************************
****************************************************************************************************
DISTRIBUTION: Tp2Mass
            -name in ljmet trees: Tprime2_ALGO_Mass
            -x-axis label is set to: ;M(T) [GeV])
            -using the binning as: [0.0, 60.0, 120.0, 180.0, 240.0, 300.0, 360.0, 420.0, 480.0, 540.0, 600.0, 660.0, 720.0, 780.0, 840.0, 900.0, 960.0, 1020.0, 1080.0, 1140.0, 1200.0, 1260.0, 1320.0, 1380.0, 1440.0, 1500.0, 1560.0, 1620.0, 1680.0, 1740.0, 1800.0, 1860.0, 1920.0, 1980.0, 2040.0, 2100.0, 2160.0, 2220.0, 2280.0, 2340.0, 2400.0, 2460.0, 2520.0, 2580.0, 2640.0, 2700.0, 2760.0, 2820.0, 2880.0, 2940.0, 3000.0]
/////////////////////////
PROCESSING:  TTM1400BWBW
/////////////////////////
plotTreeName: Tprime2_DeepAK8_decorr_Mass
Flavour: M #tag: isV_tZbW #algo: DeepAK8_decorr
Weights: 1 * 1 * 1 * pileupWeight * 1 * lepIdSF * EGammaGsfSF * 1 * (MCWeight_singleLepCalc/abs(MCWeight_singleLepCalc)) * 0.000352883542956
Cuts: (leptonPt_singleLepCalc > 50) && (corr_met_singleLepCalc > 55) && (AK4HT > 480) && (minDR_lepJet > 0.4 || ptRel_lepJet > 40) && (NJetsAK8_JetSubCalc > 2) && (minDR_leadAK8otherAK8 < 3.0) && DataPastTrigger == 1 && isMuon==1
****************************************************************************************************
****************************************************************************************************
DISTRIBUTION: Tp2Mass
            -name in ljmet trees: Tprime2_ALGO_Mass
            -x-axis label is set to: ;M(T) [GeV])
            -using the binning as: [0.0, 60.0, 120.0, 180.0, 240.0, 300.0, 360.0, 420.0, 480.0, 540.0, 600.0, 660.0, 720.0, 780.0, 840.0, 900.0, 960.0, 1020.0, 1080.0, 1140.0, 1200.0, 1260.0, 1320.0, 1380.0, 1440.0, 1500.0, 1560.0, 1620.0, 1680.0, 1740.0, 1800.0, 1860.0, 1920.0, 1980.0, 2040.0, 2100.0, 2160.0, 2220.0, 2280.0, 2340.0, 2400.0, 2460.0, 2520.0, 2580.0, 2640.0, 2700.0, 2760.0, 2820.0, 2880.0, 2940.0, 3000.0]
/////////////////////////
PROCESSING:  TTM1400THTH
/////////////////////////
plotTreeName: Tprime2_DeepAK8_decorr_Mass
Flavour: M #tag: isV_tZbW #algo: DeepAK8_decorr
Weights: 1 * 1 * 1 * pileupWeight * 1 * lepIdSF * EGammaGsfSF * 1 * (MCWeight_singleLepCalc/abs(MCWeight_singleLepCalc)) * 8.82208857389e-05
Cuts: (leptonPt_singleLepCalc > 50) && (corr_met_singleLepCalc > 55) && (AK4HT > 480) && (minDR_lepJet > 0.4 || ptRel_lepJet > 40) && (NJetsAK8_JetSubCalc > 2) && (minDR_leadAK8otherAK8 < 3.0) && DataPastTrigger == 1 && isMuon==1
****************************************************************************************************
****************************************************************************************************
DISTRIBUTION: Tp2Mass
            -name in ljmet trees: Tprime2_ALGO_Mass
            -x-axis label is set to: ;M(T) [GeV])
            -using the binning as: [0.0, 60.0, 120.0, 180.0, 240.0, 300.0, 360.0, 420.0, 480.0, 540.0, 600.0, 660.0, 720.0, 780.0, 840.0, 900.0, 960.0, 1020.0, 1080.0, 1140.0, 1200.0, 1260.0, 1320.0, 1380.0, 1440.0, 1500.0, 1560.0, 1620.0, 1680.0, 1740.0, 1800.0, 1860.0, 1920.0, 1980.0, 2040.0, 2100.0, 2160.0, 2220.0, 2280.0, 2340.0, 2400.0, 2460.0, 2520.0, 2580.0, 2640.0, 2700.0, 2760.0, 2820.0, 2880.0, 2940.0, 3000.0]
/////////////////////////
PROCESSING:  TTM1400TZTZ
/////////////////////////
plotTreeName: Tprime2_DeepAK8_decorr_Mass
Flavour: M #tag: isV_tZbW #algo: DeepAK8_decorr
Weights: 1 * 1 * 1 * pileupWeight * 1 * lepIdSF * EGammaGsfSF * 1 * (MCWeight_singleLepCalc/abs(MCWeight_singleLepCalc)) * 8.82208857389e-05
Cuts: (leptonPt_singleLepCalc > 50) && (corr_met_singleLepCalc > 55) && (AK4HT > 480) && (minDR_lepJet > 0.4 || ptRel_lepJet > 40) && (NJetsAK8_JetSubCalc > 2) && (minDR_leadAK8otherAK8 < 3.0) && DataPastTrigger == 1 && isMuon==1
****************************************************************************************************
****************************************************************************************************
DISTRIBUTION: Tp2Mass
            -name in ljmet trees: Tprime2_ALGO_Mass
            -x-axis label is set to: ;M(T) [GeV])
            -using the binning as: [0.0, 60.0, 120.0, 180.0, 240.0, 300.0, 360.0, 420.0, 480.0, 540.0, 600.0, 660.0, 720.0, 780.0, 840.0, 900.0, 960.0, 1020.0, 1080.0, 1140.0, 1200.0, 1260.0, 1320.0, 1380.0, 1440.0, 1500.0, 1560.0, 1620.0, 1680.0, 1740.0, 1800.0, 1860.0, 1920.0, 1980.0, 2040.0, 2100.0, 2160.0, 2220.0, 2280.0, 2340.0, 2400.0, 2460.0, 2520.0, 2580.0, 2640.0, 2700.0, 2760.0, 2820.0, 2880.0, 2940.0, 3000.0]
/////////////////////////
PROCESSING:  TTM1400TZBW
/////////////////////////
plotTreeName: Tprime2_DeepAK8_decorr_Mass
Flavour: M #tag: isV_tZbW #algo: DeepAK8_decorr
Weights: 1 * 1 * 1 * pileupWeight * 1 * lepIdSF * EGammaGsfSF * 1 * (MCWeight_singleLepCalc/abs(MCWeight_singleLepCalc)) * 0.000176441771478
Cuts: (leptonPt_singleLepCalc > 50) && (corr_met_singleLepCalc > 55) && (AK4HT > 480) && (minDR_lepJet > 0.4 || ptRel_lepJet > 40) && (NJetsAK8_JetSubCalc > 2) && (minDR_leadAK8otherAK8 < 3.0) && DataPastTrigger == 1 && isMuon==1
****************************************************************************************************
****************************************************************************************************
DISTRIBUTION: Tp2Mass
            -name in ljmet trees: Tprime2_ALGO_Mass
            -x-axis label is set to: ;M(T) [GeV])
            -using the binning as: [0.0, 60.0, 120.0, 180.0, 240.0, 300.0, 360.0, 420.0, 480.0, 540.0, 600.0, 660.0, 720.0, 780.0, 840.0, 900.0, 960.0, 1020.0, 1080.0, 1140.0, 1200.0, 1260.0, 1320.0, 1380.0, 1440.0, 1500.0, 1560.0, 1620.0, 1680.0, 1740.0, 1800.0, 1860.0, 1920.0, 1980.0, 2040.0, 2100.0, 2160.0, 2220.0, 2280.0, 2340.0, 2400.0, 2460.0, 2520.0, 2580.0, 2640.0, 2700.0, 2760.0, 2820.0, 2880.0, 2940.0, 3000.0]
/////////////////////////
PROCESSING:  TTM1400THBW
/////////////////////////
plotTreeName: Tprime2_DeepAK8_decorr_Mass
Flavour: M #tag: isV_tZbW #algo: DeepAK8_decorr
Weights: 1 * 1 * 1 * pileupWeight * 1 * lepIdSF * EGammaGsfSF * 1 * (MCWeight_singleLepCalc/abs(MCWeight_singleLepCalc)) * 0.000176441771478
Cuts: (leptonPt_singleLepCalc > 50) && (corr_met_singleLepCalc > 55) && (AK4HT > 480) && (minDR_lepJet > 0.4 || ptRel_lepJet > 40) && (NJetsAK8_JetSubCalc > 2) && (minDR_leadAK8otherAK8 < 3.0) && DataPastTrigger == 1 && isMuon==1
****************************************************************************************************
****************************************************************************************************
DISTRIBUTION: Tp2Mass
            -name in ljmet trees: Tprime2_ALGO_Mass
            -x-axis label is set to: ;M(T) [GeV])
            -using the binning as: [0.0, 60.0, 120.0, 180.0, 240.0, 300.0, 360.0, 420.0, 480.0, 540.0, 600.0, 660.0, 720.0, 780.0, 840.0, 900.0, 960.0, 1020.0, 1080.0, 1140.0, 1200.0, 1260.0, 1320.0, 1380.0, 1440.0, 1500.0, 1560.0, 1620.0, 1680.0, 1740.0, 1800.0, 1860.0, 1920.0, 1980.0, 2040.0, 2100.0, 2160.0, 2220.0, 2280.0, 2340.0, 2400.0, 2460.0, 2520.0, 2580.0, 2640.0, 2700.0, 2760.0, 2820.0, 2880.0, 2940.0, 3000.0]
/////////////////////////
PROCESSING:  TTM1400TZTH
/////////////////////////
plotTreeName: Tprime2_DeepAK8_decorr_Mass
Flavour: M #tag: isV_tZbW #algo: DeepAK8_decorr
Weights: 1 * 1 * 1 * pileupWeight * 1 * lepIdSF * EGammaGsfSF * 1 * (MCWeight_singleLepCalc/abs(MCWeight_singleLepCalc)) * 8.82208857389e-05
Cuts: (leptonPt_singleLepCalc > 50) && (corr_met_singleLepCalc > 55) && (AK4HT > 480) && (minDR_lepJet > 0.4 || ptRel_lepJet > 40) && (NJetsAK8_JetSubCalc > 2) && (minDR_leadAK8otherAK8 < 3.0) && DataPastTrigger == 1 && isMuon==1
****************************************************************************************************
****************************************************************************************************
DISTRIBUTION: Tp2Mass
            -name in ljmet trees: Tprime2_ALGO_Mass
            -x-axis label is set to: ;M(T) [GeV])
            -using the binning as: [0.0, 60.0, 120.0, 180.0, 240.0, 300.0, 360.0, 420.0, 480.0, 540.0, 600.0, 660.0, 720.0, 780.0, 840.0, 900.0, 960.0, 1020.0, 1080.0, 1140.0, 1200.0, 1260.0, 1320.0, 1380.0, 1440.0, 1500.0, 1560.0, 1620.0, 1680.0, 1740.0, 1800.0, 1860.0, 1920.0, 1980.0, 2040.0, 2100.0, 2160.0, 2220.0, 2280.0, 2340.0, 2400.0, 2460.0, 2520.0, 2580.0, 2640.0, 2700.0, 2760.0, 2820.0, 2880.0, 2940.0, 3000.0]
/////////////////////////
PROCESSING:  TTM1500BWBW
/////////////////////////
plotTreeName: Tprime2_DeepAK8_decorr_Mass
Flavour: M #tag: isV_tZbW #algo: DeepAK8_decorr
Weights: 1 * 1 * 1 * pileupWeight * 1 * lepIdSF * EGammaGsfSF * 1 * (MCWeight_singleLepCalc/abs(MCWeight_singleLepCalc)) * 0.00019932135405
Cuts: (leptonPt_singleLepCalc > 50) && (corr_met_singleLepCalc > 55) && (AK4HT > 480) && (minDR_lepJet > 0.4 || ptRel_lepJet > 40) && (NJetsAK8_JetSubCalc > 2) && (minDR_leadAK8otherAK8 < 3.0) && DataPastTrigger == 1 && isMuon==1
****************************************************************************************************
****************************************************************************************************
DISTRIBUTION: Tp2Mass
            -name in ljmet trees: Tprime2_ALGO_Mass
            -x-axis label is set to: ;M(T) [GeV])
            -using the binning as: [0.0, 60.0, 120.0, 180.0, 240.0, 300.0, 360.0, 420.0, 480.0, 540.0, 600.0, 660.0, 720.0, 780.0, 840.0, 900.0, 960.0, 1020.0, 1080.0, 1140.0, 1200.0, 1260.0, 1320.0, 1380.0, 1440.0, 1500.0, 1560.0, 1620.0, 1680.0, 1740.0, 1800.0, 1860.0, 1920.0, 1980.0, 2040.0, 2100.0, 2160.0, 2220.0, 2280.0, 2340.0, 2400.0, 2460.0, 2520.0, 2580.0, 2640.0, 2700.0, 2760.0, 2820.0, 2880.0, 2940.0, 3000.0]
/////////////////////////
PROCESSING:  TTM1500THTH
/////////////////////////
plotTreeName: Tprime2_DeepAK8_decorr_Mass
Flavour: M #tag: isV_tZbW #algo: DeepAK8_decorr
Weights: 1 * 1 * 1 * pileupWeight * 1 * lepIdSF * EGammaGsfSF * 1 * (MCWeight_singleLepCalc/abs(MCWeight_singleLepCalc)) * 4.98303385124e-05
Cuts: (leptonPt_singleLepCalc > 50) && (corr_met_singleLepCalc > 55) && (AK4HT > 480) && (minDR_lepJet > 0.4 || ptRel_lepJet > 40) && (NJetsAK8_JetSubCalc > 2) && (minDR_leadAK8otherAK8 < 3.0) && DataPastTrigger == 1 && isMuon==1
****************************************************************************************************
****************************************************************************************************
DISTRIBUTION: Tp2Mass
            -name in ljmet trees: Tprime2_ALGO_Mass
            -x-axis label is set to: ;M(T) [GeV])
            -using the binning as: [0.0, 60.0, 120.0, 180.0, 240.0, 300.0, 360.0, 420.0, 480.0, 540.0, 600.0, 660.0, 720.0, 780.0, 840.0, 900.0, 960.0, 1020.0, 1080.0, 1140.0, 1200.0, 1260.0, 1320.0, 1380.0, 1440.0, 1500.0, 1560.0, 1620.0, 1680.0, 1740.0, 1800.0, 1860.0, 1920.0, 1980.0, 2040.0, 2100.0, 2160.0, 2220.0, 2280.0, 2340.0, 2400.0, 2460.0, 2520.0, 2580.0, 2640.0, 2700.0, 2760.0, 2820.0, 2880.0, 2940.0, 3000.0]
/////////////////////////
PROCESSING:  TTM1500TZTZ
/////////////////////////
plotTreeName: Tprime2_DeepAK8_decorr_Mass
Flavour: M #tag: isV_tZbW #algo: DeepAK8_decorr
Weights: 1 * 1 * 1 * pileupWeight * 1 * lepIdSF * EGammaGsfSF * 1 * (MCWeight_singleLepCalc/abs(MCWeight_singleLepCalc)) * 4.98303385124e-05
Cuts: (leptonPt_singleLepCalc > 50) && (corr_met_singleLepCalc > 55) && (AK4HT > 480) && (minDR_lepJet > 0.4 || ptRel_lepJet > 40) && (NJetsAK8_JetSubCalc > 2) && (minDR_leadAK8otherAK8 < 3.0) && DataPastTrigger == 1 && isMuon==1
****************************************************************************************************
****************************************************************************************************
DISTRIBUTION: Tp2Mass
            -name in ljmet trees: Tprime2_ALGO_Mass
            -x-axis label is set to: ;M(T) [GeV])
            -using the binning as: [0.0, 60.0, 120.0, 180.0, 240.0, 300.0, 360.0, 420.0, 480.0, 540.0, 600.0, 660.0, 720.0, 780.0, 840.0, 900.0, 960.0, 1020.0, 1080.0, 1140.0, 1200.0, 1260.0, 1320.0, 1380.0, 1440.0, 1500.0, 1560.0, 1620.0, 1680.0, 1740.0, 1800.0, 1860.0, 1920.0, 1980.0, 2040.0, 2100.0, 2160.0, 2220.0, 2280.0, 2340.0, 2400.0, 2460.0, 2520.0, 2580.0, 2640.0, 2700.0, 2760.0, 2820.0, 2880.0, 2940.0, 3000.0]
/////////////////////////
PROCESSING:  TTM1500TZBW
/////////////////////////
plotTreeName: Tprime2_DeepAK8_decorr_Mass
Flavour: M #tag: isV_tZbW #algo: DeepAK8_decorr
Weights: 1 * 1 * 1 * pileupWeight * 1 * lepIdSF * EGammaGsfSF * 1 * (MCWeight_singleLepCalc/abs(MCWeight_singleLepCalc)) * 9.96606770248e-05
Cuts: (leptonPt_singleLepCalc > 50) && (corr_met_singleLepCalc > 55) && (AK4HT > 480) && (minDR_lepJet > 0.4 || ptRel_lepJet > 40) && (NJetsAK8_JetSubCalc > 2) && (minDR_leadAK8otherAK8 < 3.0) && DataPastTrigger == 1 && isMuon==1
****************************************************************************************************
****************************************************************************************************
DISTRIBUTION: Tp2Mass
            -name in ljmet trees: Tprime2_ALGO_Mass
            -x-axis label is set to: ;M(T) [GeV])
            -using the binning as: [0.0, 60.0, 120.0, 180.0, 240.0, 300.0, 360.0, 420.0, 480.0, 540.0, 600.0, 660.0, 720.0, 780.0, 840.0, 900.0, 960.0, 1020.0, 1080.0, 1140.0, 1200.0, 1260.0, 1320.0, 1380.0, 1440.0, 1500.0, 1560.0, 1620.0, 1680.0, 1740.0, 1800.0, 1860.0, 1920.0, 1980.0, 2040.0, 2100.0, 2160.0, 2220.0, 2280.0, 2340.0, 2400.0, 2460.0, 2520.0, 2580.0, 2640.0, 2700.0, 2760.0, 2820.0, 2880.0, 2940.0, 3000.0]
/////////////////////////
PROCESSING:  TTM1500THBW
/////////////////////////
plotTreeName: Tprime2_DeepAK8_decorr_Mass
Flavour: M #tag: isV_tZbW #algo: DeepAK8_decorr
Weights: 1 * 1 * 1 * pileupWeight * 1 * lepIdSF * EGammaGsfSF * 1 * (MCWeight_singleLepCalc/abs(MCWeight_singleLepCalc)) * 9.96606770248e-05
Cuts: (leptonPt_singleLepCalc > 50) && (corr_met_singleLepCalc > 55) && (AK4HT > 480) && (minDR_lepJet > 0.4 || ptRel_lepJet > 40) && (NJetsAK8_JetSubCalc > 2) && (minDR_leadAK8otherAK8 < 3.0) && DataPastTrigger == 1 && isMuon==1
****************************************************************************************************
****************************************************************************************************
DISTRIBUTION: Tp2Mass
            -name in ljmet trees: Tprime2_ALGO_Mass
            -x-axis label is set to: ;M(T) [GeV])
            -using the binning as: [0.0, 60.0, 120.0, 180.0, 240.0, 300.0, 360.0, 420.0, 480.0, 540.0, 600.0, 660.0, 720.0, 780.0, 840.0, 900.0, 960.0, 1020.0, 1080.0, 1140.0, 1200.0, 1260.0, 1320.0, 1380.0, 1440.0, 1500.0, 1560.0, 1620.0, 1680.0, 1740.0, 1800.0, 1860.0, 1920.0, 1980.0, 2040.0, 2100.0, 2160.0, 2220.0, 2280.0, 2340.0, 2400.0, 2460.0, 2520.0, 2580.0, 2640.0, 2700.0, 2760.0, 2820.0, 2880.0, 2940.0, 3000.0]
/////////////////////////
PROCESSING:  TTM1500TZTH
/////////////////////////
plotTreeName: Tprime2_DeepAK8_decorr_Mass
Flavour: M #tag: isV_tZbW #algo: DeepAK8_decorr
Weights: 1 * 1 * 1 * pileupWeight * 1 * lepIdSF * EGammaGsfSF * 1 * (MCWeight_singleLepCalc/abs(MCWeight_singleLepCalc)) * 4.98303385124e-05
Cuts: (leptonPt_singleLepCalc > 50) && (corr_met_singleLepCalc > 55) && (AK4HT > 480) && (minDR_lepJet > 0.4 || ptRel_lepJet > 40) && (NJetsAK8_JetSubCalc > 2) && (minDR_leadAK8otherAK8 < 3.0) && DataPastTrigger == 1 && isMuon==1
****************************************************************************************************
****************************************************************************************************
DISTRIBUTION: Tp2Mass
            -name in ljmet trees: Tprime2_ALGO_Mass
            -x-axis label is set to: ;M(T) [GeV])
            -using the binning as: [0.0, 60.0, 120.0, 180.0, 240.0, 300.0, 360.0, 420.0, 480.0, 540.0, 600.0, 660.0, 720.0, 780.0, 840.0, 900.0, 960.0, 1020.0, 1080.0, 1140.0, 1200.0, 1260.0, 1320.0, 1380.0, 1440.0, 1500.0, 1560.0, 1620.0, 1680.0, 1740.0, 1800.0, 1860.0, 1920.0, 1980.0, 2040.0, 2100.0, 2160.0, 2220.0, 2280.0, 2340.0, 2400.0, 2460.0, 2520.0, 2580.0, 2640.0, 2700.0, 2760.0, 2820.0, 2880.0, 2940.0, 3000.0]
/////////////////////////
PROCESSING:  TTM1600BWBW
/////////////////////////
plotTreeName: Tprime2_DeepAK8_decorr_Mass
Flavour: M #tag: isV_tZbW #algo: DeepAK8_decorr
Weights: 1 * 1 * 1 * pileupWeight * 1 * lepIdSF * EGammaGsfSF * 1 * (MCWeight_singleLepCalc/abs(MCWeight_singleLepCalc)) * 0.000114437939919
Cuts: (leptonPt_singleLepCalc > 50) && (corr_met_singleLepCalc > 55) && (AK4HT > 480) && (minDR_lepJet > 0.4 || ptRel_lepJet > 40) && (NJetsAK8_JetSubCalc > 2) && (minDR_leadAK8otherAK8 < 3.0) && DataPastTrigger == 1 && isMuon==1
****************************************************************************************************
****************************************************************************************************
DISTRIBUTION: Tp2Mass
            -name in ljmet trees: Tprime2_ALGO_Mass
            -x-axis label is set to: ;M(T) [GeV])
            -using the binning as: [0.0, 60.0, 120.0, 180.0, 240.0, 300.0, 360.0, 420.0, 480.0, 540.0, 600.0, 660.0, 720.0, 780.0, 840.0, 900.0, 960.0, 1020.0, 1080.0, 1140.0, 1200.0, 1260.0, 1320.0, 1380.0, 1440.0, 1500.0, 1560.0, 1620.0, 1680.0, 1740.0, 1800.0, 1860.0, 1920.0, 1980.0, 2040.0, 2100.0, 2160.0, 2220.0, 2280.0, 2340.0, 2400.0, 2460.0, 2520.0, 2580.0, 2640.0, 2700.0, 2760.0, 2820.0, 2880.0, 2940.0, 3000.0]
/////////////////////////
PROCESSING:  TTM1600THTH
/////////////////////////
plotTreeName: Tprime2_DeepAK8_decorr_Mass
Flavour: M #tag: isV_tZbW #algo: DeepAK8_decorr
Weights: 1 * 1 * 1 * pileupWeight * 1 * lepIdSF * EGammaGsfSF * 1 * (MCWeight_singleLepCalc/abs(MCWeight_singleLepCalc)) * 2.86094849797e-05
Cuts: (leptonPt_singleLepCalc > 50) && (corr_met_singleLepCalc > 55) && (AK4HT > 480) && (minDR_lepJet > 0.4 || ptRel_lepJet > 40) && (NJetsAK8_JetSubCalc > 2) && (minDR_leadAK8otherAK8 < 3.0) && DataPastTrigger == 1 && isMuon==1
****************************************************************************************************
****************************************************************************************************
DISTRIBUTION: Tp2Mass
            -name in ljmet trees: Tprime2_ALGO_Mass
            -x-axis label is set to: ;M(T) [GeV])
            -using the binning as: [0.0, 60.0, 120.0, 180.0, 240.0, 300.0, 360.0, 420.0, 480.0, 540.0, 600.0, 660.0, 720.0, 780.0, 840.0, 900.0, 960.0, 1020.0, 1080.0, 1140.0, 1200.0, 1260.0, 1320.0, 1380.0, 1440.0, 1500.0, 1560.0, 1620.0, 1680.0, 1740.0, 1800.0, 1860.0, 1920.0, 1980.0, 2040.0, 2100.0, 2160.0, 2220.0, 2280.0, 2340.0, 2400.0, 2460.0, 2520.0, 2580.0, 2640.0, 2700.0, 2760.0, 2820.0, 2880.0, 2940.0, 3000.0]
/////////////////////////
PROCESSING:  TTM1600TZTZ
/////////////////////////
plotTreeName: Tprime2_DeepAK8_decorr_Mass
Flavour: M #tag: isV_tZbW #algo: DeepAK8_decorr
Weights: 1 * 1 * 1 * pileupWeight * 1 * lepIdSF * EGammaGsfSF * 1 * (MCWeight_singleLepCalc/abs(MCWeight_singleLepCalc)) * 2.86094849797e-05
Cuts: (leptonPt_singleLepCalc > 50) && (corr_met_singleLepCalc > 55) && (AK4HT > 480) && (minDR_lepJet > 0.4 || ptRel_lepJet > 40) && (NJetsAK8_JetSubCalc > 2) && (minDR_leadAK8otherAK8 < 3.0) && DataPastTrigger == 1 && isMuon==1
****************************************************************************************************
****************************************************************************************************
DISTRIBUTION: Tp2Mass
            -name in ljmet trees: Tprime2_ALGO_Mass
            -x-axis label is set to: ;M(T) [GeV])
            -using the binning as: [0.0, 60.0, 120.0, 180.0, 240.0, 300.0, 360.0, 420.0, 480.0, 540.0, 600.0, 660.0, 720.0, 780.0, 840.0, 900.0, 960.0, 1020.0, 1080.0, 1140.0, 1200.0, 1260.0, 1320.0, 1380.0, 1440.0, 1500.0, 1560.0, 1620.0, 1680.0, 1740.0, 1800.0, 1860.0, 1920.0, 1980.0, 2040.0, 2100.0, 2160.0, 2220.0, 2280.0, 2340.0, 2400.0, 2460.0, 2520.0, 2580.0, 2640.0, 2700.0, 2760.0, 2820.0, 2880.0, 2940.0, 3000.0]
/////////////////////////
PROCESSING:  TTM1600TZBW
/////////////////////////
plotTreeName: Tprime2_DeepAK8_decorr_Mass
Flavour: M #tag: isV_tZbW #algo: DeepAK8_decorr
Weights: 1 * 1 * 1 * pileupWeight * 1 * lepIdSF * EGammaGsfSF * 1 * (MCWeight_singleLepCalc/abs(MCWeight_singleLepCalc)) * 5.72189699595e-05
Cuts: (leptonPt_singleLepCalc > 50) && (corr_met_singleLepCalc > 55) && (AK4HT > 480) && (minDR_lepJet > 0.4 || ptRel_lepJet > 40) && (NJetsAK8_JetSubCalc > 2) && (minDR_leadAK8otherAK8 < 3.0) && DataPastTrigger == 1 && isMuon==1
****************************************************************************************************
****************************************************************************************************
DISTRIBUTION: Tp2Mass
            -name in ljmet trees: Tprime2_ALGO_Mass
            -x-axis label is set to: ;M(T) [GeV])
            -using the binning as: [0.0, 60.0, 120.0, 180.0, 240.0, 300.0, 360.0, 420.0, 480.0, 540.0, 600.0, 660.0, 720.0, 780.0, 840.0, 900.0, 960.0, 1020.0, 1080.0, 1140.0, 1200.0, 1260.0, 1320.0, 1380.0, 1440.0, 1500.0, 1560.0, 1620.0, 1680.0, 1740.0, 1800.0, 1860.0, 1920.0, 1980.0, 2040.0, 2100.0, 2160.0, 2220.0, 2280.0, 2340.0, 2400.0, 2460.0, 2520.0, 2580.0, 2640.0, 2700.0, 2760.0, 2820.0, 2880.0, 2940.0, 3000.0]
/////////////////////////
PROCESSING:  TTM1600THBW
/////////////////////////
plotTreeName: Tprime2_DeepAK8_decorr_Mass
Flavour: M #tag: isV_tZbW #algo: DeepAK8_decorr
Weights: 1 * 1 * 1 * pileupWeight * 1 * lepIdSF * EGammaGsfSF * 1 * (MCWeight_singleLepCalc/abs(MCWeight_singleLepCalc)) * 5.72189699595e-05
Cuts: (leptonPt_singleLepCalc > 50) && (corr_met_singleLepCalc > 55) && (AK4HT > 480) && (minDR_lepJet > 0.4 || ptRel_lepJet > 40) && (NJetsAK8_JetSubCalc > 2) && (minDR_leadAK8otherAK8 < 3.0) && DataPastTrigger == 1 && isMuon==1
****************************************************************************************************
****************************************************************************************************
DISTRIBUTION: Tp2Mass
            -name in ljmet trees: Tprime2_ALGO_Mass
            -x-axis label is set to: ;M(T) [GeV])
            -using the binning as: [0.0, 60.0, 120.0, 180.0, 240.0, 300.0, 360.0, 420.0, 480.0, 540.0, 600.0, 660.0, 720.0, 780.0, 840.0, 900.0, 960.0, 1020.0, 1080.0, 1140.0, 1200.0, 1260.0, 1320.0, 1380.0, 1440.0, 1500.0, 1560.0, 1620.0, 1680.0, 1740.0, 1800.0, 1860.0, 1920.0, 1980.0, 2040.0, 2100.0, 2160.0, 2220.0, 2280.0, 2340.0, 2400.0, 2460.0, 2520.0, 2580.0, 2640.0, 2700.0, 2760.0, 2820.0, 2880.0, 2940.0, 3000.0]
/////////////////////////
PROCESSING:  TTM1600TZTH
/////////////////////////
plotTreeName: Tprime2_DeepAK8_decorr_Mass
Flavour: M #tag: isV_tZbW #algo: DeepAK8_decorr
Weights: 1 * 1 * 1 * pileupWeight * 1 * lepIdSF * EGammaGsfSF * 1 * (MCWeight_singleLepCalc/abs(MCWeight_singleLepCalc)) * 2.86094849797e-05
Cuts: (leptonPt_singleLepCalc > 50) && (corr_met_singleLepCalc > 55) && (AK4HT > 480) && (minDR_lepJet > 0.4 || ptRel_lepJet > 40) && (NJetsAK8_JetSubCalc > 2) && (minDR_leadAK8otherAK8 < 3.0) && DataPastTrigger == 1 && isMuon==1
****************************************************************************************************
****************************************************************************************************
DISTRIBUTION: Tp2Mass
            -name in ljmet trees: Tprime2_ALGO_Mass
            -x-axis label is set to: ;M(T) [GeV])
            -using the binning as: [0.0, 60.0, 120.0, 180.0, 240.0, 300.0, 360.0, 420.0, 480.0, 540.0, 600.0, 660.0, 720.0, 780.0, 840.0, 900.0, 960.0, 1020.0, 1080.0, 1140.0, 1200.0, 1260.0, 1320.0, 1380.0, 1440.0, 1500.0, 1560.0, 1620.0, 1680.0, 1740.0, 1800.0, 1860.0, 1920.0, 1980.0, 2040.0, 2100.0, 2160.0, 2220.0, 2280.0, 2340.0, 2400.0, 2460.0, 2520.0, 2580.0, 2640.0, 2700.0, 2760.0, 2820.0, 2880.0, 2940.0, 3000.0]
/////////////////////////
PROCESSING:  TTM1700BWBW
/////////////////////////
plotTreeName: Tprime2_DeepAK8_decorr_Mass
Flavour: M #tag: isV_tZbW #algo: DeepAK8_decorr
Weights: 1 * 1 * 1 * pileupWeight * 1 * lepIdSF * EGammaGsfSF * 1 * (MCWeight_singleLepCalc/abs(MCWeight_singleLepCalc)) * 6.93554282011e-05
Cuts: (leptonPt_singleLepCalc > 50) && (corr_met_singleLepCalc > 55) && (AK4HT > 480) && (minDR_lepJet > 0.4 || ptRel_lepJet > 40) && (NJetsAK8_JetSubCalc > 2) && (minDR_leadAK8otherAK8 < 3.0) && DataPastTrigger == 1 && isMuon==1
****************************************************************************************************
****************************************************************************************************
DISTRIBUTION: Tp2Mass
            -name in ljmet trees: Tprime2_ALGO_Mass
            -x-axis label is set to: ;M(T) [GeV])
            -using the binning as: [0.0, 60.0, 120.0, 180.0, 240.0, 300.0, 360.0, 420.0, 480.0, 540.0, 600.0, 660.0, 720.0, 780.0, 840.0, 900.0, 960.0, 1020.0, 1080.0, 1140.0, 1200.0, 1260.0, 1320.0, 1380.0, 1440.0, 1500.0, 1560.0, 1620.0, 1680.0, 1740.0, 1800.0, 1860.0, 1920.0, 1980.0, 2040.0, 2100.0, 2160.0, 2220.0, 2280.0, 2340.0, 2400.0, 2460.0, 2520.0, 2580.0, 2640.0, 2700.0, 2760.0, 2820.0, 2880.0, 2940.0, 3000.0]
/////////////////////////
PROCESSING:  TTM1700THTH
/////////////////////////
plotTreeName: Tprime2_DeepAK8_decorr_Mass
Flavour: M #tag: isV_tZbW #algo: DeepAK8_decorr
Weights: 1 * 1 * 1 * pileupWeight * 1 * lepIdSF * EGammaGsfSF * 1 * (MCWeight_singleLepCalc/abs(MCWeight_singleLepCalc)) * 1.73388570503e-05
Cuts: (leptonPt_singleLepCalc > 50) && (corr_met_singleLepCalc > 55) && (AK4HT > 480) && (minDR_lepJet > 0.4 || ptRel_lepJet > 40) && (NJetsAK8_JetSubCalc > 2) && (minDR_leadAK8otherAK8 < 3.0) && DataPastTrigger == 1 && isMuon==1
****************************************************************************************************
****************************************************************************************************
DISTRIBUTION: Tp2Mass
            -name in ljmet trees: Tprime2_ALGO_Mass
            -x-axis label is set to: ;M(T) [GeV])
            -using the binning as: [0.0, 60.0, 120.0, 180.0, 240.0, 300.0, 360.0, 420.0, 480.0, 540.0, 600.0, 660.0, 720.0, 780.0, 840.0, 900.0, 960.0, 1020.0, 1080.0, 1140.0, 1200.0, 1260.0, 1320.0, 1380.0, 1440.0, 1500.0, 1560.0, 1620.0, 1680.0, 1740.0, 1800.0, 1860.0, 1920.0, 1980.0, 2040.0, 2100.0, 2160.0, 2220.0, 2280.0, 2340.0, 2400.0, 2460.0, 2520.0, 2580.0, 2640.0, 2700.0, 2760.0, 2820.0, 2880.0, 2940.0, 3000.0]
/////////////////////////
PROCESSING:  TTM1700TZTZ
/////////////////////////
plotTreeName: Tprime2_DeepAK8_decorr_Mass
Flavour: M #tag: isV_tZbW #algo: DeepAK8_decorr
Weights: 1 * 1 * 1 * pileupWeight * 1 * lepIdSF * EGammaGsfSF * 1 * (MCWeight_singleLepCalc/abs(MCWeight_singleLepCalc)) * 1.73388570503e-05
Cuts: (leptonPt_singleLepCalc > 50) && (corr_met_singleLepCalc > 55) && (AK4HT > 480) && (minDR_lepJet > 0.4 || ptRel_lepJet > 40) && (NJetsAK8_JetSubCalc > 2) && (minDR_leadAK8otherAK8 < 3.0) && DataPastTrigger == 1 && isMuon==1
****************************************************************************************************
****************************************************************************************************
DISTRIBUTION: Tp2Mass
            -name in ljmet trees: Tprime2_ALGO_Mass
            -x-axis label is set to: ;M(T) [GeV])
            -using the binning as: [0.0, 60.0, 120.0, 180.0, 240.0, 300.0, 360.0, 420.0, 480.0, 540.0, 600.0, 660.0, 720.0, 780.0, 840.0, 900.0, 960.0, 1020.0, 1080.0, 1140.0, 1200.0, 1260.0, 1320.0, 1380.0, 1440.0, 1500.0, 1560.0, 1620.0, 1680.0, 1740.0, 1800.0, 1860.0, 1920.0, 1980.0, 2040.0, 2100.0, 2160.0, 2220.0, 2280.0, 2340.0, 2400.0, 2460.0, 2520.0, 2580.0, 2640.0, 2700.0, 2760.0, 2820.0, 2880.0, 2940.0, 3000.0]
/////////////////////////
PROCESSING:  TTM1700TZBW
/////////////////////////
plotTreeName: Tprime2_DeepAK8_decorr_Mass
Flavour: M #tag: isV_tZbW #algo: DeepAK8_decorr
Weights: 1 * 1 * 1 * pileupWeight * 1 * lepIdSF * EGammaGsfSF * 1 * (MCWeight_singleLepCalc/abs(MCWeight_singleLepCalc)) * 3.46777141005e-05
Cuts: (leptonPt_singleLepCalc > 50) && (corr_met_singleLepCalc > 55) && (AK4HT > 480) && (minDR_lepJet > 0.4 || ptRel_lepJet > 40) && (NJetsAK8_JetSubCalc > 2) && (minDR_leadAK8otherAK8 < 3.0) && DataPastTrigger == 1 && isMuon==1
****************************************************************************************************
****************************************************************************************************
DISTRIBUTION: Tp2Mass
            -name in ljmet trees: Tprime2_ALGO_Mass
            -x-axis label is set to: ;M(T) [GeV])
            -using the binning as: [0.0, 60.0, 120.0, 180.0, 240.0, 300.0, 360.0, 420.0, 480.0, 540.0, 600.0, 660.0, 720.0, 780.0, 840.0, 900.0, 960.0, 1020.0, 1080.0, 1140.0, 1200.0, 1260.0, 1320.0, 1380.0, 1440.0, 1500.0, 1560.0, 1620.0, 1680.0, 1740.0, 1800.0, 1860.0, 1920.0, 1980.0, 2040.0, 2100.0, 2160.0, 2220.0, 2280.0, 2340.0, 2400.0, 2460.0, 2520.0, 2580.0, 2640.0, 2700.0, 2760.0, 2820.0, 2880.0, 2940.0, 3000.0]
/////////////////////////
PROCESSING:  TTM1700THBW
/////////////////////////
plotTreeName: Tprime2_DeepAK8_decorr_Mass
Flavour: M #tag: isV_tZbW #algo: DeepAK8_decorr
Weights: 1 * 1 * 1 * pileupWeight * 1 * lepIdSF * EGammaGsfSF * 1 * (MCWeight_singleLepCalc/abs(MCWeight_singleLepCalc)) * 3.46777141005e-05
Cuts: (leptonPt_singleLepCalc > 50) && (corr_met_singleLepCalc > 55) && (AK4HT > 480) && (minDR_lepJet > 0.4 || ptRel_lepJet > 40) && (NJetsAK8_JetSubCalc > 2) && (minDR_leadAK8otherAK8 < 3.0) && DataPastTrigger == 1 && isMuon==1
****************************************************************************************************
****************************************************************************************************
DISTRIBUTION: Tp2Mass
            -name in ljmet trees: Tprime2_ALGO_Mass
            -x-axis label is set to: ;M(T) [GeV])
            -using the binning as: [0.0, 60.0, 120.0, 180.0, 240.0, 300.0, 360.0, 420.0, 480.0, 540.0, 600.0, 660.0, 720.0, 780.0, 840.0, 900.0, 960.0, 1020.0, 1080.0, 1140.0, 1200.0, 1260.0, 1320.0, 1380.0, 1440.0, 1500.0, 1560.0, 1620.0, 1680.0, 1740.0, 1800.0, 1860.0, 1920.0, 1980.0, 2040.0, 2100.0, 2160.0, 2220.0, 2280.0, 2340.0, 2400.0, 2460.0, 2520.0, 2580.0, 2640.0, 2700.0, 2760.0, 2820.0, 2880.0, 2940.0, 3000.0]
/////////////////////////
PROCESSING:  TTM1700TZTH
/////////////////////////
plotTreeName: Tprime2_DeepAK8_decorr_Mass
Flavour: M #tag: isV_tZbW #algo: DeepAK8_decorr
Weights: 1 * 1 * 1 * pileupWeight * 1 * lepIdSF * EGammaGsfSF * 1 * (MCWeight_singleLepCalc/abs(MCWeight_singleLepCalc)) * 1.73388570503e-05
Cuts: (leptonPt_singleLepCalc > 50) && (corr_met_singleLepCalc > 55) && (AK4HT > 480) && (minDR_lepJet > 0.4 || ptRel_lepJet > 40) && (NJetsAK8_JetSubCalc > 2) && (minDR_leadAK8otherAK8 < 3.0) && DataPastTrigger == 1 && isMuon==1
****************************************************************************************************
****************************************************************************************************
DISTRIBUTION: Tp2Mass
            -name in ljmet trees: Tprime2_ALGO_Mass
            -x-axis label is set to: ;M(T) [GeV])
            -using the binning as: [0.0, 60.0, 120.0, 180.0, 240.0, 300.0, 360.0, 420.0, 480.0, 540.0, 600.0, 660.0, 720.0, 780.0, 840.0, 900.0, 960.0, 1020.0, 1080.0, 1140.0, 1200.0, 1260.0, 1320.0, 1380.0, 1440.0, 1500.0, 1560.0, 1620.0, 1680.0, 1740.0, 1800.0, 1860.0, 1920.0, 1980.0, 2040.0, 2100.0, 2160.0, 2220.0, 2280.0, 2340.0, 2400.0, 2460.0, 2520.0, 2580.0, 2640.0, 2700.0, 2760.0, 2820.0, 2880.0, 2940.0, 3000.0]
/////////////////////////
PROCESSING:  TTM1800BWBW
/////////////////////////
plotTreeName: Tprime2_DeepAK8_decorr_Mass
Flavour: M #tag: isV_tZbW #algo: DeepAK8_decorr
Weights: 1 * 1 * 1 * pileupWeight * 1 * lepIdSF * EGammaGsfSF * 1 * (MCWeight_singleLepCalc/abs(MCWeight_singleLepCalc)) * 3.89579688164e-05
Cuts: (leptonPt_singleLepCalc > 50) && (corr_met_singleLepCalc > 55) && (AK4HT > 480) && (minDR_lepJet > 0.4 || ptRel_lepJet > 40) && (NJetsAK8_JetSubCalc > 2) && (minDR_leadAK8otherAK8 < 3.0) && DataPastTrigger == 1 && isMuon==1
****************************************************************************************************
****************************************************************************************************
DISTRIBUTION: Tp2Mass
            -name in ljmet trees: Tprime2_ALGO_Mass
            -x-axis label is set to: ;M(T) [GeV])
            -using the binning as: [0.0, 60.0, 120.0, 180.0, 240.0, 300.0, 360.0, 420.0, 480.0, 540.0, 600.0, 660.0, 720.0, 780.0, 840.0, 900.0, 960.0, 1020.0, 1080.0, 1140.0, 1200.0, 1260.0, 1320.0, 1380.0, 1440.0, 1500.0, 1560.0, 1620.0, 1680.0, 1740.0, 1800.0, 1860.0, 1920.0, 1980.0, 2040.0, 2100.0, 2160.0, 2220.0, 2280.0, 2340.0, 2400.0, 2460.0, 2520.0, 2580.0, 2640.0, 2700.0, 2760.0, 2820.0, 2880.0, 2940.0, 3000.0]
/////////////////////////
PROCESSING:  TTM1800THTH
/////////////////////////
plotTreeName: Tprime2_DeepAK8_decorr_Mass
Flavour: M #tag: isV_tZbW #algo: DeepAK8_decorr
Weights: 1 * 1 * 1 * pileupWeight * 1 * lepIdSF * EGammaGsfSF * 1 * (MCWeight_singleLepCalc/abs(MCWeight_singleLepCalc)) * 9.7394922041e-06
Cuts: (leptonPt_singleLepCalc > 50) && (corr_met_singleLepCalc > 55) && (AK4HT > 480) && (minDR_lepJet > 0.4 || ptRel_lepJet > 40) && (NJetsAK8_JetSubCalc > 2) && (minDR_leadAK8otherAK8 < 3.0) && DataPastTrigger == 1 && isMuon==1
****************************************************************************************************
****************************************************************************************************
DISTRIBUTION: Tp2Mass
            -name in ljmet trees: Tprime2_ALGO_Mass
            -x-axis label is set to: ;M(T) [GeV])
            -using the binning as: [0.0, 60.0, 120.0, 180.0, 240.0, 300.0, 360.0, 420.0, 480.0, 540.0, 600.0, 660.0, 720.0, 780.0, 840.0, 900.0, 960.0, 1020.0, 1080.0, 1140.0, 1200.0, 1260.0, 1320.0, 1380.0, 1440.0, 1500.0, 1560.0, 1620.0, 1680.0, 1740.0, 1800.0, 1860.0, 1920.0, 1980.0, 2040.0, 2100.0, 2160.0, 2220.0, 2280.0, 2340.0, 2400.0, 2460.0, 2520.0, 2580.0, 2640.0, 2700.0, 2760.0, 2820.0, 2880.0, 2940.0, 3000.0]
/////////////////////////
PROCESSING:  TTM1800TZTZ
/////////////////////////
plotTreeName: Tprime2_DeepAK8_decorr_Mass
Flavour: M #tag: isV_tZbW #algo: DeepAK8_decorr
Weights: 1 * 1 * 1 * pileupWeight * 1 * lepIdSF * EGammaGsfSF * 1 * (MCWeight_singleLepCalc/abs(MCWeight_singleLepCalc)) * 9.7394922041e-06
Cuts: (leptonPt_singleLepCalc > 50) && (corr_met_singleLepCalc > 55) && (AK4HT > 480) && (minDR_lepJet > 0.4 || ptRel_lepJet > 40) && (NJetsAK8_JetSubCalc > 2) && (minDR_leadAK8otherAK8 < 3.0) && DataPastTrigger == 1 && isMuon==1
****************************************************************************************************
****************************************************************************************************
DISTRIBUTION: Tp2Mass
            -name in ljmet trees: Tprime2_ALGO_Mass
            -x-axis label is set to: ;M(T) [GeV])
            -using the binning as: [0.0, 60.0, 120.0, 180.0, 240.0, 300.0, 360.0, 420.0, 480.0, 540.0, 600.0, 660.0, 720.0, 780.0, 840.0, 900.0, 960.0, 1020.0, 1080.0, 1140.0, 1200.0, 1260.0, 1320.0, 1380.0, 1440.0, 1500.0, 1560.0, 1620.0, 1680.0, 1740.0, 1800.0, 1860.0, 1920.0, 1980.0, 2040.0, 2100.0, 2160.0, 2220.0, 2280.0, 2340.0, 2400.0, 2460.0, 2520.0, 2580.0, 2640.0, 2700.0, 2760.0, 2820.0, 2880.0, 2940.0, 3000.0]
/////////////////////////
PROCESSING:  TTM1800TZBW
/////////////////////////
plotTreeName: Tprime2_DeepAK8_decorr_Mass
Flavour: M #tag: isV_tZbW #algo: DeepAK8_decorr
Weights: 1 * 1 * 1 * pileupWeight * 1 * lepIdSF * EGammaGsfSF * 1 * (MCWeight_singleLepCalc/abs(MCWeight_singleLepCalc)) * 1.94789844082e-05
Cuts: (leptonPt_singleLepCalc > 50) && (corr_met_singleLepCalc > 55) && (AK4HT > 480) && (minDR_lepJet > 0.4 || ptRel_lepJet > 40) && (NJetsAK8_JetSubCalc > 2) && (minDR_leadAK8otherAK8 < 3.0) && DataPastTrigger == 1 && isMuon==1
****************************************************************************************************
****************************************************************************************************
DISTRIBUTION: Tp2Mass
            -name in ljmet trees: Tprime2_ALGO_Mass
            -x-axis label is set to: ;M(T) [GeV])
            -using the binning as: [0.0, 60.0, 120.0, 180.0, 240.0, 300.0, 360.0, 420.0, 480.0, 540.0, 600.0, 660.0, 720.0, 780.0, 840.0, 900.0, 960.0, 1020.0, 1080.0, 1140.0, 1200.0, 1260.0, 1320.0, 1380.0, 1440.0, 1500.0, 1560.0, 1620.0, 1680.0, 1740.0, 1800.0, 1860.0, 1920.0, 1980.0, 2040.0, 2100.0, 2160.0, 2220.0, 2280.0, 2340.0, 2400.0, 2460.0, 2520.0, 2580.0, 2640.0, 2700.0, 2760.0, 2820.0, 2880.0, 2940.0, 3000.0]
/////////////////////////
PROCESSING:  TTM1800THBW
/////////////////////////
plotTreeName: Tprime2_DeepAK8_decorr_Mass
Flavour: M #tag: isV_tZbW #algo: DeepAK8_decorr
Weights: 1 * 1 * 1 * pileupWeight * 1 * lepIdSF * EGammaGsfSF * 1 * (MCWeight_singleLepCalc/abs(MCWeight_singleLepCalc)) * 1.94789844082e-05
Cuts: (leptonPt_singleLepCalc > 50) && (corr_met_singleLepCalc > 55) && (AK4HT > 480) && (minDR_lepJet > 0.4 || ptRel_lepJet > 40) && (NJetsAK8_JetSubCalc > 2) && (minDR_leadAK8otherAK8 < 3.0) && DataPastTrigger == 1 && isMuon==1
****************************************************************************************************
****************************************************************************************************
DISTRIBUTION: Tp2Mass
            -name in ljmet trees: Tprime2_ALGO_Mass
            -x-axis label is set to: ;M(T) [GeV])
            -using the binning as: [0.0, 60.0, 120.0, 180.0, 240.0, 300.0, 360.0, 420.0, 480.0, 540.0, 600.0, 660.0, 720.0, 780.0, 840.0, 900.0, 960.0, 1020.0, 1080.0, 1140.0, 1200.0, 1260.0, 1320.0, 1380.0, 1440.0, 1500.0, 1560.0, 1620.0, 1680.0, 1740.0, 1800.0, 1860.0, 1920.0, 1980.0, 2040.0, 2100.0, 2160.0, 2220.0, 2280.0, 2340.0, 2400.0, 2460.0, 2520.0, 2580.0, 2640.0, 2700.0, 2760.0, 2820.0, 2880.0, 2940.0, 3000.0]
/////////////////////////
PROCESSING:  TTM1800TZTH
/////////////////////////
plotTreeName: Tprime2_DeepAK8_decorr_Mass
Flavour: M #tag: isV_tZbW #algo: DeepAK8_decorr
Weights: 1 * 1 * 1 * pileupWeight * 1 * lepIdSF * EGammaGsfSF * 1 * (MCWeight_singleLepCalc/abs(MCWeight_singleLepCalc)) * 9.7394922041e-06
Cuts: (leptonPt_singleLepCalc > 50) && (corr_met_singleLepCalc > 55) && (AK4HT > 480) && (minDR_lepJet > 0.4 || ptRel_lepJet > 40) && (NJetsAK8_JetSubCalc > 2) && (minDR_leadAK8otherAK8 < 3.0) && DataPastTrigger == 1 && isMuon==1
****************************************************************************************************
****************************************************************************************************
DISTRIBUTION: Tp2Mass
            -name in ljmet trees: Tprime2_ALGO_Mass
            -x-axis label is set to: ;M(T) [GeV])
            -using the binning as: [0.0, 60.0, 120.0, 180.0, 240.0, 300.0, 360.0, 420.0, 480.0, 540.0, 600.0, 660.0, 720.0, 780.0, 840.0, 900.0, 960.0, 1020.0, 1080.0, 1140.0, 1200.0, 1260.0, 1320.0, 1380.0, 1440.0, 1500.0, 1560.0, 1620.0, 1680.0, 1740.0, 1800.0, 1860.0, 1920.0, 1980.0, 2040.0, 2100.0, 2160.0, 2220.0, 2280.0, 2340.0, 2400.0, 2460.0, 2520.0, 2580.0, 2640.0, 2700.0, 2760.0, 2820.0, 2880.0, 2940.0, 3000.0]
/////////////////////////
PROCESSING:  WJetsMG400
/////////////////////////
plotTreeName: Tprime2_BEST_Mass
Flavour: M #tag: isV_tZtH #algo: BEST
Weights: 1 * HTSF_Pol * 1 * pileupWeight * 1 * lepIdSF * EGammaGsfSF * 1 * (MCWeight_singleLepCalc/abs(MCWeight_singleLepCalc)) * 0.280770227538
Cuts: (leptonPt_singleLepCalc > 50) && (corr_met_singleLepCalc > 55) && (AK4HT > 480) && (minDR_lepJet > 0.4 || ptRel_lepJet > 40) && (NJetsAK8_JetSubCalc > 2) && (minDR_leadAK8otherAK8 < 3.0) && DataPastTrigger == 1 && isMuon==1
****************************************************************************************************
****************************************************************************************************
DISTRIBUTION: Tp2Mass
            -name in ljmet trees: Tprime2_ALGO_Mass
            -x-axis label is set to: ;M(T) [GeV])
            -using the binning as: [0.0, 60.0, 120.0, 180.0, 240.0, 300.0, 360.0, 420.0, 480.0, 540.0, 600.0, 660.0, 720.0, 780.0, 840.0, 900.0, 960.0, 1020.0, 1080.0, 1140.0, 1200.0, 1260.0, 1320.0, 1380.0, 1440.0, 1500.0, 1560.0, 1620.0, 1680.0, 1740.0, 1800.0, 1860.0, 1920.0, 1980.0, 2040.0, 2100.0, 2160.0, 2220.0, 2280.0, 2340.0, 2400.0, 2460.0, 2520.0, 2580.0, 2640.0, 2700.0, 2760.0, 2820.0, 2880.0, 2940.0, 3000.0]
/////////////////////////
PROCESSING:  WJetsMG600
/////////////////////////
plotTreeName: Tprime2_BEST_Mass
Flavour: M #tag: isV_tZtH #algo: BEST
Weights: 1 * HTSF_Pol * 1 * pileupWeight * 1 * lepIdSF * EGammaGsfSF * 1 * (MCWeight_singleLepCalc/abs(MCWeight_singleLepCalc)) * 0.0287233231554
Cuts: (leptonPt_singleLepCalc > 50) && (corr_met_singleLepCalc > 55) && (AK4HT > 480) && (minDR_lepJet > 0.4 || ptRel_lepJet > 40) && (NJetsAK8_JetSubCalc > 2) && (minDR_leadAK8otherAK8 < 3.0) && DataPastTrigger == 1 && isMuon==1
****************************************************************************************************
****************************************************************************************************
DISTRIBUTION: Tp2Mass
            -name in ljmet trees: Tprime2_ALGO_Mass
            -x-axis label is set to: ;M(T) [GeV])
            -using the binning as: [0.0, 60.0, 120.0, 180.0, 240.0, 300.0, 360.0, 420.0, 480.0, 540.0, 600.0, 660.0, 720.0, 780.0, 840.0, 900.0, 960.0, 1020.0, 1080.0, 1140.0, 1200.0, 1260.0, 1320.0, 1380.0, 1440.0, 1500.0, 1560.0, 1620.0, 1680.0, 1740.0, 1800.0, 1860.0, 1920.0, 1980.0, 2040.0, 2100.0, 2160.0, 2220.0, 2280.0, 2340.0, 2400.0, 2460.0, 2520.0, 2580.0, 2640.0, 2700.0, 2760.0, 2820.0, 2880.0, 2940.0, 3000.0]
/////////////////////////
PROCESSING:  WJetsMG800
/////////////////////////
plotTreeName: Tprime2_BEST_Mass
Flavour: M #tag: isV_tZtH #algo: BEST
Weights: 1 * HTSF_Pol * 1 * pileupWeight * 1 * lepIdSF * EGammaGsfSF * 1 * (MCWeight_singleLepCalc/abs(MCWeight_singleLepCalc)) * 0.0316367902594
Cuts: (leptonPt_singleLepCalc > 50) && (corr_met_singleLepCalc > 55) && (AK4HT > 480) && (minDR_lepJet > 0.4 || ptRel_lepJet > 40) && (NJetsAK8_JetSubCalc > 2) && (minDR_leadAK8otherAK8 < 3.0) && DataPastTrigger == 1 && isMuon==1
****************************************************************************************************
****************************************************************************************************
DISTRIBUTION: Tp2Mass
            -name in ljmet trees: Tprime2_ALGO_Mass
            -x-axis label is set to: ;M(T) [GeV])
            -using the binning as: [0.0, 60.0, 120.0, 180.0, 240.0, 300.0, 360.0, 420.0, 480.0, 540.0, 600.0, 660.0, 720.0, 780.0, 840.0, 900.0, 960.0, 1020.0, 1080.0, 1140.0, 1200.0, 1260.0, 1320.0, 1380.0, 1440.0, 1500.0, 1560.0, 1620.0, 1680.0, 1740.0, 1800.0, 1860.0, 1920.0, 1980.0, 2040.0, 2100.0, 2160.0, 2220.0, 2280.0, 2340.0, 2400.0, 2460.0, 2520.0, 2580.0, 2640.0, 2700.0, 2760.0, 2820.0, 2880.0, 2940.0, 3000.0]
/////////////////////////
PROCESSING:  WJetsMG1200
/////////////////////////
plotTreeName: Tprime2_BEST_Mass
Flavour: M #tag: isV_tZtH #algo: BEST
Weights: 1 * HTSF_Pol * 1 * pileupWeight * 1 * lepIdSF * EGammaGsfSF * 1 * (MCWeight_singleLepCalc/abs(MCWeight_singleLepCalc)) * 0.00861414819858
Cuts: (leptonPt_singleLepCalc > 50) && (corr_met_singleLepCalc > 55) && (AK4HT > 480) && (minDR_lepJet > 0.4 || ptRel_lepJet > 40) && (NJetsAK8_JetSubCalc > 2) && (minDR_leadAK8otherAK8 < 3.0) && DataPastTrigger == 1 && isMuon==1
****************************************************************************************************
****************************************************************************************************
DISTRIBUTION: Tp2Mass
            -name in ljmet trees: Tprime2_ALGO_Mass
            -x-axis label is set to: ;M(T) [GeV])
            -using the binning as: [0.0, 60.0, 120.0, 180.0, 240.0, 300.0, 360.0, 420.0, 480.0, 540.0, 600.0, 660.0, 720.0, 780.0, 840.0, 900.0, 960.0, 1020.0, 1080.0, 1140.0, 1200.0, 1260.0, 1320.0, 1380.0, 1440.0, 1500.0, 1560.0, 1620.0, 1680.0, 1740.0, 1800.0, 1860.0, 1920.0, 1980.0, 2040.0, 2100.0, 2160.0, 2220.0, 2280.0, 2340.0, 2400.0, 2460.0, 2520.0, 2580.0, 2640.0, 2700.0, 2760.0, 2820.0, 2880.0, 2940.0, 3000.0]
/////////////////////////
PROCESSING:  WJetsMG2500
/////////////////////////
plotTreeName: Tprime2_BEST_Mass
Flavour: M #tag: isV_tZtH #algo: BEST
Weights: 1 * HTSF_Pol * 1 * pileupWeight * 1 * lepIdSF * EGammaGsfSF * 1 * (MCWeight_singleLepCalc/abs(MCWeight_singleLepCalc)) * 0.00054308661217
Cuts: (leptonPt_singleLepCalc > 50) && (corr_met_singleLepCalc > 55) && (AK4HT > 480) && (minDR_lepJet > 0.4 || ptRel_lepJet > 40) && (NJetsAK8_JetSubCalc > 2) && (minDR_leadAK8otherAK8 < 3.0) && DataPastTrigger == 1 && isMuon==1
****************************************************************************************************
****************************************************************************************************
DISTRIBUTION: Tp2Mass
            -name in ljmet trees: Tprime2_ALGO_Mass
            -x-axis label is set to: ;M(T) [GeV])
            -using the binning as: [0.0, 60.0, 120.0, 180.0, 240.0, 300.0, 360.0, 420.0, 480.0, 540.0, 600.0, 660.0, 720.0, 780.0, 840.0, 900.0, 960.0, 1020.0, 1080.0, 1140.0, 1200.0, 1260.0, 1320.0, 1380.0, 1440.0, 1500.0, 1560.0, 1620.0, 1680.0, 1740.0, 1800.0, 1860.0, 1920.0, 1980.0, 2040.0, 2100.0, 2160.0, 2220.0, 2280.0, 2340.0, 2400.0, 2460.0, 2520.0, 2580.0, 2640.0, 2700.0, 2760.0, 2820.0, 2880.0, 2940.0, 3000.0]
/////////////////////////
PROCESSING:  TTM1100BWBW
/////////////////////////
plotTreeName: Tprime2_BEST_Mass
Flavour: M #tag: isV_tZtH #algo: BEST
Weights: 1 * 1 * 1 * pileupWeight * 1 * lepIdSF * EGammaGsfSF * 1 * (MCWeight_singleLepCalc/abs(MCWeight_singleLepCalc)) * 0.00223239916536
Cuts: (leptonPt_singleLepCalc > 50) && (corr_met_singleLepCalc > 55) && (AK4HT > 480) && (minDR_lepJet > 0.4 || ptRel_lepJet > 40) && (NJetsAK8_JetSubCalc > 2) && (minDR_leadAK8otherAK8 < 3.0) && DataPastTrigger == 1 && isMuon==1
****************************************************************************************************
****************************************************************************************************
DISTRIBUTION: Tp2Mass
            -name in ljmet trees: Tprime2_ALGO_Mass
            -x-axis label is set to: ;M(T) [GeV])
            -using the binning as: [0.0, 60.0, 120.0, 180.0, 240.0, 300.0, 360.0, 420.0, 480.0, 540.0, 600.0, 660.0, 720.0, 780.0, 840.0, 900.0, 960.0, 1020.0, 1080.0, 1140.0, 1200.0, 1260.0, 1320.0, 1380.0, 1440.0, 1500.0, 1560.0, 1620.0, 1680.0, 1740.0, 1800.0, 1860.0, 1920.0, 1980.0, 2040.0, 2100.0, 2160.0, 2220.0, 2280.0, 2340.0, 2400.0, 2460.0, 2520.0, 2580.0, 2640.0, 2700.0, 2760.0, 2820.0, 2880.0, 2940.0, 3000.0]
/////////////////////////
PROCESSING:  TTM1100THTH
/////////////////////////
plotTreeName: Tprime2_BEST_Mass
Flavour: M #tag: isV_tZtH #algo: BEST
Weights: 1 * 1 * 1 * pileupWeight * 1 * lepIdSF * EGammaGsfSF * 1 * (MCWeight_singleLepCalc/abs(MCWeight_singleLepCalc)) * 0.000558099791339
Cuts: (leptonPt_singleLepCalc > 50) && (corr_met_singleLepCalc > 55) && (AK4HT > 480) && (minDR_lepJet > 0.4 || ptRel_lepJet > 40) && (NJetsAK8_JetSubCalc > 2) && (minDR_leadAK8otherAK8 < 3.0) && DataPastTrigger == 1 && isMuon==1
****************************************************************************************************
****************************************************************************************************
DISTRIBUTION: Tp2Mass
            -name in ljmet trees: Tprime2_ALGO_Mass
            -x-axis label is set to: ;M(T) [GeV])
            -using the binning as: [0.0, 60.0, 120.0, 180.0, 240.0, 300.0, 360.0, 420.0, 480.0, 540.0, 600.0, 660.0, 720.0, 780.0, 840.0, 900.0, 960.0, 1020.0, 1080.0, 1140.0, 1200.0, 1260.0, 1320.0, 1380.0, 1440.0, 1500.0, 1560.0, 1620.0, 1680.0, 1740.0, 1800.0, 1860.0, 1920.0, 1980.0, 2040.0, 2100.0, 2160.0, 2220.0, 2280.0, 2340.0, 2400.0, 2460.0, 2520.0, 2580.0, 2640.0, 2700.0, 2760.0, 2820.0, 2880.0, 2940.0, 3000.0]
/////////////////////////
PROCESSING:  TTM1100TZTZ
/////////////////////////
plotTreeName: Tprime2_BEST_Mass
Flavour: M #tag: isV_tZtH #algo: BEST
Weights: 1 * 1 * 1 * pileupWeight * 1 * lepIdSF * EGammaGsfSF * 1 * (MCWeight_singleLepCalc/abs(MCWeight_singleLepCalc)) * 0.000558099791339
Cuts: (leptonPt_singleLepCalc > 50) && (corr_met_singleLepCalc > 55) && (AK4HT > 480) && (minDR_lepJet > 0.4 || ptRel_lepJet > 40) && (NJetsAK8_JetSubCalc > 2) && (minDR_leadAK8otherAK8 < 3.0) && DataPastTrigger == 1 && isMuon==1
****************************************************************************************************
****************************************************************************************************
DISTRIBUTION: Tp2Mass
            -name in ljmet trees: Tprime2_ALGO_Mass
            -x-axis label is set to: ;M(T) [GeV])
            -using the binning as: [0.0, 60.0, 120.0, 180.0, 240.0, 300.0, 360.0, 420.0, 480.0, 540.0, 600.0, 660.0, 720.0, 780.0, 840.0, 900.0, 960.0, 1020.0, 1080.0, 1140.0, 1200.0, 1260.0, 1320.0, 1380.0, 1440.0, 1500.0, 1560.0, 1620.0, 1680.0, 1740.0, 1800.0, 1860.0, 1920.0, 1980.0, 2040.0, 2100.0, 2160.0, 2220.0, 2280.0, 2340.0, 2400.0, 2460.0, 2520.0, 2580.0, 2640.0, 2700.0, 2760.0, 2820.0, 2880.0, 2940.0, 3000.0]
/////////////////////////
PROCESSING:  TTM1100TZBW
/////////////////////////
plotTreeName: Tprime2_BEST_Mass
Flavour: M #tag: isV_tZtH #algo: BEST
Weights: 1 * 1 * 1 * pileupWeight * 1 * lepIdSF * EGammaGsfSF * 1 * (MCWeight_singleLepCalc/abs(MCWeight_singleLepCalc)) * 0.00111619958268
Cuts: (leptonPt_singleLepCalc > 50) && (corr_met_singleLepCalc > 55) && (AK4HT > 480) && (minDR_lepJet > 0.4 || ptRel_lepJet > 40) && (NJetsAK8_JetSubCalc > 2) && (minDR_leadAK8otherAK8 < 3.0) && DataPastTrigger == 1 && isMuon==1
****************************************************************************************************
****************************************************************************************************
DISTRIBUTION: Tp2Mass
            -name in ljmet trees: Tprime2_ALGO_Mass
            -x-axis label is set to: ;M(T) [GeV])
            -using the binning as: [0.0, 60.0, 120.0, 180.0, 240.0, 300.0, 360.0, 420.0, 480.0, 540.0, 600.0, 660.0, 720.0, 780.0, 840.0, 900.0, 960.0, 1020.0, 1080.0, 1140.0, 1200.0, 1260.0, 1320.0, 1380.0, 1440.0, 1500.0, 1560.0, 1620.0, 1680.0, 1740.0, 1800.0, 1860.0, 1920.0, 1980.0, 2040.0, 2100.0, 2160.0, 2220.0, 2280.0, 2340.0, 2400.0, 2460.0, 2520.0, 2580.0, 2640.0, 2700.0, 2760.0, 2820.0, 2880.0, 2940.0, 3000.0]
/////////////////////////
PROCESSING:  TTM1100THBW
/////////////////////////
plotTreeName: Tprime2_BEST_Mass
Flavour: M #tag: isV_tZtH #algo: BEST
Weights: 1 * 1 * 1 * pileupWeight * 1 * lepIdSF * EGammaGsfSF * 1 * (MCWeight_singleLepCalc/abs(MCWeight_singleLepCalc)) * 0.00111619958268
Cuts: (leptonPt_singleLepCalc > 50) && (corr_met_singleLepCalc > 55) && (AK4HT > 480) && (minDR_lepJet > 0.4 || ptRel_lepJet > 40) && (NJetsAK8_JetSubCalc > 2) && (minDR_leadAK8otherAK8 < 3.0) && DataPastTrigger == 1 && isMuon==1
****************************************************************************************************
****************************************************************************************************
DISTRIBUTION: Tp2Mass
            -name in ljmet trees: Tprime2_ALGO_Mass
            -x-axis label is set to: ;M(T) [GeV])
            -using the binning as: [0.0, 60.0, 120.0, 180.0, 240.0, 300.0, 360.0, 420.0, 480.0, 540.0, 600.0, 660.0, 720.0, 780.0, 840.0, 900.0, 960.0, 1020.0, 1080.0, 1140.0, 1200.0, 1260.0, 1320.0, 1380.0, 1440.0, 1500.0, 1560.0, 1620.0, 1680.0, 1740.0, 1800.0, 1860.0, 1920.0, 1980.0, 2040.0, 2100.0, 2160.0, 2220.0, 2280.0, 2340.0, 2400.0, 2460.0, 2520.0, 2580.0, 2640.0, 2700.0, 2760.0, 2820.0, 2880.0, 2940.0, 3000.0]
/////////////////////////
PROCESSING:  TTM1100TZTH
/////////////////////////
plotTreeName: Tprime2_BEST_Mass
Flavour: M #tag: isV_tZtH #algo: BEST
Weights: 1 * 1 * 1 * pileupWeight * 1 * lepIdSF * EGammaGsfSF * 1 * (MCWeight_singleLepCalc/abs(MCWeight_singleLepCalc)) * 0.000558099791339
Cuts: (leptonPt_singleLepCalc > 50) && (corr_met_singleLepCalc > 55) && (AK4HT > 480) && (minDR_lepJet > 0.4 || ptRel_lepJet > 40) && (NJetsAK8_JetSubCalc > 2) && (minDR_leadAK8otherAK8 < 3.0) && DataPastTrigger == 1 && isMuon==1
****************************************************************************************************
****************************************************************************************************
DISTRIBUTION: Tp2Mass
            -name in ljmet trees: Tprime2_ALGO_Mass
            -x-axis label is set to: ;M(T) [GeV])
            -using the binning as: [0.0, 60.0, 120.0, 180.0, 240.0, 300.0, 360.0, 420.0, 480.0, 540.0, 600.0, 660.0, 720.0, 780.0, 840.0, 900.0, 960.0, 1020.0, 1080.0, 1140.0, 1200.0, 1260.0, 1320.0, 1380.0, 1440.0, 1500.0, 1560.0, 1620.0, 1680.0, 1740.0, 1800.0, 1860.0, 1920.0, 1980.0, 2040.0, 2100.0, 2160.0, 2220.0, 2280.0, 2340.0, 2400.0, 2460.0, 2520.0, 2580.0, 2640.0, 2700.0, 2760.0, 2820.0, 2880.0, 2940.0, 3000.0]
/////////////////////////
PROCESSING:  TTM1200BWBW
/////////////////////////
plotTreeName: Tprime2_BEST_Mass
Flavour: M #tag: isV_tZtH #algo: BEST
Weights: 1 * 1 * 1 * pileupWeight * 1 * lepIdSF * EGammaGsfSF * 1 * (MCWeight_singleLepCalc/abs(MCWeight_singleLepCalc)) * 0.00117627847652
Cuts: (leptonPt_singleLepCalc > 50) && (corr_met_singleLepCalc > 55) && (AK4HT > 480) && (minDR_lepJet > 0.4 || ptRel_lepJet > 40) && (NJetsAK8_JetSubCalc > 2) && (minDR_leadAK8otherAK8 < 3.0) && DataPastTrigger == 1 && isMuon==1
****************************************************************************************************
****************************************************************************************************
DISTRIBUTION: Tp2Mass
            -name in ljmet trees: Tprime2_ALGO_Mass
            -x-axis label is set to: ;M(T) [GeV])
            -using the binning as: [0.0, 60.0, 120.0, 180.0, 240.0, 300.0, 360.0, 420.0, 480.0, 540.0, 600.0, 660.0, 720.0, 780.0, 840.0, 900.0, 960.0, 1020.0, 1080.0, 1140.0, 1200.0, 1260.0, 1320.0, 1380.0, 1440.0, 1500.0, 1560.0, 1620.0, 1680.0, 1740.0, 1800.0, 1860.0, 1920.0, 1980.0, 2040.0, 2100.0, 2160.0, 2220.0, 2280.0, 2340.0, 2400.0, 2460.0, 2520.0, 2580.0, 2640.0, 2700.0, 2760.0, 2820.0, 2880.0, 2940.0, 3000.0]
/////////////////////////
PROCESSING:  TTM1200THTH
/////////////////////////
plotTreeName: Tprime2_BEST_Mass
Flavour: M #tag: isV_tZtH #algo: BEST
Weights: 1 * 1 * 1 * pileupWeight * 1 * lepIdSF * EGammaGsfSF * 1 * (MCWeight_singleLepCalc/abs(MCWeight_singleLepCalc)) * 0.00029406961913
Cuts: (leptonPt_singleLepCalc > 50) && (corr_met_singleLepCalc > 55) && (AK4HT > 480) && (minDR_lepJet > 0.4 || ptRel_lepJet > 40) && (NJetsAK8_JetSubCalc > 2) && (minDR_leadAK8otherAK8 < 3.0) && DataPastTrigger == 1 && isMuon==1
****************************************************************************************************
****************************************************************************************************
DISTRIBUTION: Tp2Mass
            -name in ljmet trees: Tprime2_ALGO_Mass
            -x-axis label is set to: ;M(T) [GeV])
            -using the binning as: [0.0, 60.0, 120.0, 180.0, 240.0, 300.0, 360.0, 420.0, 480.0, 540.0, 600.0, 660.0, 720.0, 780.0, 840.0, 900.0, 960.0, 1020.0, 1080.0, 1140.0, 1200.0, 1260.0, 1320.0, 1380.0, 1440.0, 1500.0, 1560.0, 1620.0, 1680.0, 1740.0, 1800.0, 1860.0, 1920.0, 1980.0, 2040.0, 2100.0, 2160.0, 2220.0, 2280.0, 2340.0, 2400.0, 2460.0, 2520.0, 2580.0, 2640.0, 2700.0, 2760.0, 2820.0, 2880.0, 2940.0, 3000.0]
/////////////////////////
PROCESSING:  TTM1200TZTZ
/////////////////////////
plotTreeName: Tprime2_BEST_Mass
Flavour: M #tag: isV_tZtH #algo: BEST
Weights: 1 * 1 * 1 * pileupWeight * 1 * lepIdSF * EGammaGsfSF * 1 * (MCWeight_singleLepCalc/abs(MCWeight_singleLepCalc)) * 0.00029406961913
Cuts: (leptonPt_singleLepCalc > 50) && (corr_met_singleLepCalc > 55) && (AK4HT > 480) && (minDR_lepJet > 0.4 || ptRel_lepJet > 40) && (NJetsAK8_JetSubCalc > 2) && (minDR_leadAK8otherAK8 < 3.0) && DataPastTrigger == 1 && isMuon==1
****************************************************************************************************
****************************************************************************************************
DISTRIBUTION: Tp2Mass
            -name in ljmet trees: Tprime2_ALGO_Mass
            -x-axis label is set to: ;M(T) [GeV])
            -using the binning as: [0.0, 60.0, 120.0, 180.0, 240.0, 300.0, 360.0, 420.0, 480.0, 540.0, 600.0, 660.0, 720.0, 780.0, 840.0, 900.0, 960.0, 1020.0, 1080.0, 1140.0, 1200.0, 1260.0, 1320.0, 1380.0, 1440.0, 1500.0, 1560.0, 1620.0, 1680.0, 1740.0, 1800.0, 1860.0, 1920.0, 1980.0, 2040.0, 2100.0, 2160.0, 2220.0, 2280.0, 2340.0, 2400.0, 2460.0, 2520.0, 2580.0, 2640.0, 2700.0, 2760.0, 2820.0, 2880.0, 2940.0, 3000.0]
/////////////////////////
PROCESSING:  TTM1200TZBW
/////////////////////////
plotTreeName: Tprime2_BEST_Mass
Flavour: M #tag: isV_tZtH #algo: BEST
Weights: 1 * 1 * 1 * pileupWeight * 1 * lepIdSF * EGammaGsfSF * 1 * (MCWeight_singleLepCalc/abs(MCWeight_singleLepCalc)) * 0.000588139238259
Cuts: (leptonPt_singleLepCalc > 50) && (corr_met_singleLepCalc > 55) && (AK4HT > 480) && (minDR_lepJet > 0.4 || ptRel_lepJet > 40) && (NJetsAK8_JetSubCalc > 2) && (minDR_leadAK8otherAK8 < 3.0) && DataPastTrigger == 1 && isMuon==1
****************************************************************************************************
****************************************************************************************************
DISTRIBUTION: Tp2Mass
            -name in ljmet trees: Tprime2_ALGO_Mass
            -x-axis label is set to: ;M(T) [GeV])
            -using the binning as: [0.0, 60.0, 120.0, 180.0, 240.0, 300.0, 360.0, 420.0, 480.0, 540.0, 600.0, 660.0, 720.0, 780.0, 840.0, 900.0, 960.0, 1020.0, 1080.0, 1140.0, 1200.0, 1260.0, 1320.0, 1380.0, 1440.0, 1500.0, 1560.0, 1620.0, 1680.0, 1740.0, 1800.0, 1860.0, 1920.0, 1980.0, 2040.0, 2100.0, 2160.0, 2220.0, 2280.0, 2340.0, 2400.0, 2460.0, 2520.0, 2580.0, 2640.0, 2700.0, 2760.0, 2820.0, 2880.0, 2940.0, 3000.0]
/////////////////////////
PROCESSING:  TTM1200THBW
/////////////////////////
plotTreeName: Tprime2_BEST_Mass
Flavour: M #tag: isV_tZtH #algo: BEST
Weights: 1 * 1 * 1 * pileupWeight * 1 * lepIdSF * EGammaGsfSF * 1 * (MCWeight_singleLepCalc/abs(MCWeight_singleLepCalc)) * 0.000588139238259
Cuts: (leptonPt_singleLepCalc > 50) && (corr_met_singleLepCalc > 55) && (AK4HT > 480) && (minDR_lepJet > 0.4 || ptRel_lepJet > 40) && (NJetsAK8_JetSubCalc > 2) && (minDR_leadAK8otherAK8 < 3.0) && DataPastTrigger == 1 && isMuon==1
****************************************************************************************************
****************************************************************************************************
DISTRIBUTION: Tp2Mass
            -name in ljmet trees: Tprime2_ALGO_Mass
            -x-axis label is set to: ;M(T) [GeV])
            -using the binning as: [0.0, 60.0, 120.0, 180.0, 240.0, 300.0, 360.0, 420.0, 480.0, 540.0, 600.0, 660.0, 720.0, 780.0, 840.0, 900.0, 960.0, 1020.0, 1080.0, 1140.0, 1200.0, 1260.0, 1320.0, 1380.0, 1440.0, 1500.0, 1560.0, 1620.0, 1680.0, 1740.0, 1800.0, 1860.0, 1920.0, 1980.0, 2040.0, 2100.0, 2160.0, 2220.0, 2280.0, 2340.0, 2400.0, 2460.0, 2520.0, 2580.0, 2640.0, 2700.0, 2760.0, 2820.0, 2880.0, 2940.0, 3000.0]
/////////////////////////
PROCESSING:  TTM1200TZTH
/////////////////////////
plotTreeName: Tprime2_BEST_Mass
Flavour: M #tag: isV_tZtH #algo: BEST
Weights: 1 * 1 * 1 * pileupWeight * 1 * lepIdSF * EGammaGsfSF * 1 * (MCWeight_singleLepCalc/abs(MCWeight_singleLepCalc)) * 0.00029406961913
Cuts: (leptonPt_singleLepCalc > 50) && (corr_met_singleLepCalc > 55) && (AK4HT > 480) && (minDR_lepJet > 0.4 || ptRel_lepJet > 40) && (NJetsAK8_JetSubCalc > 2) && (minDR_leadAK8otherAK8 < 3.0) && DataPastTrigger == 1 && isMuon==1
****************************************************************************************************
****************************************************************************************************
DISTRIBUTION: Tp2Mass
            -name in ljmet trees: Tprime2_ALGO_Mass
            -x-axis label is set to: ;M(T) [GeV])
            -using the binning as: [0.0, 60.0, 120.0, 180.0, 240.0, 300.0, 360.0, 420.0, 480.0, 540.0, 600.0, 660.0, 720.0, 780.0, 840.0, 900.0, 960.0, 1020.0, 1080.0, 1140.0, 1200.0, 1260.0, 1320.0, 1380.0, 1440.0, 1500.0, 1560.0, 1620.0, 1680.0, 1740.0, 1800.0, 1860.0, 1920.0, 1980.0, 2040.0, 2100.0, 2160.0, 2220.0, 2280.0, 2340.0, 2400.0, 2460.0, 2520.0, 2580.0, 2640.0, 2700.0, 2760.0, 2820.0, 2880.0, 2940.0, 3000.0]
/////////////////////////
PROCESSING:  TTM1300BWBW
/////////////////////////
plotTreeName: Tprime2_BEST_Mass
Flavour: M #tag: isV_tZtH #algo: BEST
Weights: 1 * 1 * 1 * pileupWeight * 1 * lepIdSF * EGammaGsfSF * 1 * (MCWeight_singleLepCalc/abs(MCWeight_singleLepCalc)) * 0.00063821114509
Cuts: (leptonPt_singleLepCalc > 50) && (corr_met_singleLepCalc > 55) && (AK4HT > 480) && (minDR_lepJet > 0.4 || ptRel_lepJet > 40) && (NJetsAK8_JetSubCalc > 2) && (minDR_leadAK8otherAK8 < 3.0) && DataPastTrigger == 1 && isMuon==1
****************************************************************************************************
****************************************************************************************************
DISTRIBUTION: Tp2Mass
            -name in ljmet trees: Tprime2_ALGO_Mass
            -x-axis label is set to: ;M(T) [GeV])
            -using the binning as: [0.0, 60.0, 120.0, 180.0, 240.0, 300.0, 360.0, 420.0, 480.0, 540.0, 600.0, 660.0, 720.0, 780.0, 840.0, 900.0, 960.0, 1020.0, 1080.0, 1140.0, 1200.0, 1260.0, 1320.0, 1380.0, 1440.0, 1500.0, 1560.0, 1620.0, 1680.0, 1740.0, 1800.0, 1860.0, 1920.0, 1980.0, 2040.0, 2100.0, 2160.0, 2220.0, 2280.0, 2340.0, 2400.0, 2460.0, 2520.0, 2580.0, 2640.0, 2700.0, 2760.0, 2820.0, 2880.0, 2940.0, 3000.0]
/////////////////////////
PROCESSING:  TTM1300THTH
/////////////////////////
plotTreeName: Tprime2_BEST_Mass
Flavour: M #tag: isV_tZtH #algo: BEST
Weights: 1 * 1 * 1 * pileupWeight * 1 * lepIdSF * EGammaGsfSF * 1 * (MCWeight_singleLepCalc/abs(MCWeight_singleLepCalc)) * 0.000159552786272
Cuts: (leptonPt_singleLepCalc > 50) && (corr_met_singleLepCalc > 55) && (AK4HT > 480) && (minDR_lepJet > 0.4 || ptRel_lepJet > 40) && (NJetsAK8_JetSubCalc > 2) && (minDR_leadAK8otherAK8 < 3.0) && DataPastTrigger == 1 && isMuon==1
****************************************************************************************************
****************************************************************************************************
DISTRIBUTION: Tp2Mass
            -name in ljmet trees: Tprime2_ALGO_Mass
            -x-axis label is set to: ;M(T) [GeV])
            -using the binning as: [0.0, 60.0, 120.0, 180.0, 240.0, 300.0, 360.0, 420.0, 480.0, 540.0, 600.0, 660.0, 720.0, 780.0, 840.0, 900.0, 960.0, 1020.0, 1080.0, 1140.0, 1200.0, 1260.0, 1320.0, 1380.0, 1440.0, 1500.0, 1560.0, 1620.0, 1680.0, 1740.0, 1800.0, 1860.0, 1920.0, 1980.0, 2040.0, 2100.0, 2160.0, 2220.0, 2280.0, 2340.0, 2400.0, 2460.0, 2520.0, 2580.0, 2640.0, 2700.0, 2760.0, 2820.0, 2880.0, 2940.0, 3000.0]
/////////////////////////
PROCESSING:  TTM1300TZTZ
/////////////////////////
plotTreeName: Tprime2_BEST_Mass
Flavour: M #tag: isV_tZtH #algo: BEST
Weights: 1 * 1 * 1 * pileupWeight * 1 * lepIdSF * EGammaGsfSF * 1 * (MCWeight_singleLepCalc/abs(MCWeight_singleLepCalc)) * 0.000159552786272
Cuts: (leptonPt_singleLepCalc > 50) && (corr_met_singleLepCalc > 55) && (AK4HT > 480) && (minDR_lepJet > 0.4 || ptRel_lepJet > 40) && (NJetsAK8_JetSubCalc > 2) && (minDR_leadAK8otherAK8 < 3.0) && DataPastTrigger == 1 && isMuon==1
****************************************************************************************************
****************************************************************************************************
DISTRIBUTION: Tp2Mass
            -name in ljmet trees: Tprime2_ALGO_Mass
            -x-axis label is set to: ;M(T) [GeV])
            -using the binning as: [0.0, 60.0, 120.0, 180.0, 240.0, 300.0, 360.0, 420.0, 480.0, 540.0, 600.0, 660.0, 720.0, 780.0, 840.0, 900.0, 960.0, 1020.0, 1080.0, 1140.0, 1200.0, 1260.0, 1320.0, 1380.0, 1440.0, 1500.0, 1560.0, 1620.0, 1680.0, 1740.0, 1800.0, 1860.0, 1920.0, 1980.0, 2040.0, 2100.0, 2160.0, 2220.0, 2280.0, 2340.0, 2400.0, 2460.0, 2520.0, 2580.0, 2640.0, 2700.0, 2760.0, 2820.0, 2880.0, 2940.0, 3000.0]
/////////////////////////
PROCESSING:  TTM1300TZBW
/////////////////////////
plotTreeName: Tprime2_BEST_Mass
Flavour: M #tag: isV_tZtH #algo: BEST
Weights: 1 * 1 * 1 * pileupWeight * 1 * lepIdSF * EGammaGsfSF * 1 * (MCWeight_singleLepCalc/abs(MCWeight_singleLepCalc)) * 0.000319105572545
Cuts: (leptonPt_singleLepCalc > 50) && (corr_met_singleLepCalc > 55) && (AK4HT > 480) && (minDR_lepJet > 0.4 || ptRel_lepJet > 40) && (NJetsAK8_JetSubCalc > 2) && (minDR_leadAK8otherAK8 < 3.0) && DataPastTrigger == 1 && isMuon==1
****************************************************************************************************
****************************************************************************************************
DISTRIBUTION: Tp2Mass
            -name in ljmet trees: Tprime2_ALGO_Mass
            -x-axis label is set to: ;M(T) [GeV])
            -using the binning as: [0.0, 60.0, 120.0, 180.0, 240.0, 300.0, 360.0, 420.0, 480.0, 540.0, 600.0, 660.0, 720.0, 780.0, 840.0, 900.0, 960.0, 1020.0, 1080.0, 1140.0, 1200.0, 1260.0, 1320.0, 1380.0, 1440.0, 1500.0, 1560.0, 1620.0, 1680.0, 1740.0, 1800.0, 1860.0, 1920.0, 1980.0, 2040.0, 2100.0, 2160.0, 2220.0, 2280.0, 2340.0, 2400.0, 2460.0, 2520.0, 2580.0, 2640.0, 2700.0, 2760.0, 2820.0, 2880.0, 2940.0, 3000.0]
/////////////////////////
PROCESSING:  TTM1300THBW
/////////////////////////
plotTreeName: Tprime2_BEST_Mass
Flavour: M #tag: isV_tZtH #algo: BEST
Weights: 1 * 1 * 1 * pileupWeight * 1 * lepIdSF * EGammaGsfSF * 1 * (MCWeight_singleLepCalc/abs(MCWeight_singleLepCalc)) * 0.000319105572545
Cuts: (leptonPt_singleLepCalc > 50) && (corr_met_singleLepCalc > 55) && (AK4HT > 480) && (minDR_lepJet > 0.4 || ptRel_lepJet > 40) && (NJetsAK8_JetSubCalc > 2) && (minDR_leadAK8otherAK8 < 3.0) && DataPastTrigger == 1 && isMuon==1
****************************************************************************************************
****************************************************************************************************
DISTRIBUTION: Tp2Mass
            -name in ljmet trees: Tprime2_ALGO_Mass
            -x-axis label is set to: ;M(T) [GeV])
            -using the binning as: [0.0, 60.0, 120.0, 180.0, 240.0, 300.0, 360.0, 420.0, 480.0, 540.0, 600.0, 660.0, 720.0, 780.0, 840.0, 900.0, 960.0, 1020.0, 1080.0, 1140.0, 1200.0, 1260.0, 1320.0, 1380.0, 1440.0, 1500.0, 1560.0, 1620.0, 1680.0, 1740.0, 1800.0, 1860.0, 1920.0, 1980.0, 2040.0, 2100.0, 2160.0, 2220.0, 2280.0, 2340.0, 2400.0, 2460.0, 2520.0, 2580.0, 2640.0, 2700.0, 2760.0, 2820.0, 2880.0, 2940.0, 3000.0]
/////////////////////////
PROCESSING:  TTM1300TZTH
/////////////////////////
plotTreeName: Tprime2_BEST_Mass
Flavour: M #tag: isV_tZtH #algo: BEST
Weights: 1 * 1 * 1 * pileupWeight * 1 * lepIdSF * EGammaGsfSF * 1 * (MCWeight_singleLepCalc/abs(MCWeight_singleLepCalc)) * 0.000159552786272
Cuts: (leptonPt_singleLepCalc > 50) && (corr_met_singleLepCalc > 55) && (AK4HT > 480) && (minDR_lepJet > 0.4 || ptRel_lepJet > 40) && (NJetsAK8_JetSubCalc > 2) && (minDR_leadAK8otherAK8 < 3.0) && DataPastTrigger == 1 && isMuon==1
****************************************************************************************************
****************************************************************************************************
DISTRIBUTION: Tp2Mass
            -name in ljmet trees: Tprime2_ALGO_Mass
            -x-axis label is set to: ;M(T) [GeV])
            -using the binning as: [0.0, 60.0, 120.0, 180.0, 240.0, 300.0, 360.0, 420.0, 480.0, 540.0, 600.0, 660.0, 720.0, 780.0, 840.0, 900.0, 960.0, 1020.0, 1080.0, 1140.0, 1200.0, 1260.0, 1320.0, 1380.0, 1440.0, 1500.0, 1560.0, 1620.0, 1680.0, 1740.0, 1800.0, 1860.0, 1920.0, 1980.0, 2040.0, 2100.0, 2160.0, 2220.0, 2280.0, 2340.0, 2400.0, 2460.0, 2520.0, 2580.0, 2640.0, 2700.0, 2760.0, 2820.0, 2880.0, 2940.0, 3000.0]
/////////////////////////
PROCESSING:  TTM1400BWBW
/////////////////////////
plotTreeName: Tprime2_BEST_Mass
Flavour: M #tag: isV_tZtH #algo: BEST
Weights: 1 * 1 * 1 * pileupWeight * 1 * lepIdSF * EGammaGsfSF * 1 * (MCWeight_singleLepCalc/abs(MCWeight_singleLepCalc)) * 0.000352883542956
Cuts: (leptonPt_singleLepCalc > 50) && (corr_met_singleLepCalc > 55) && (AK4HT > 480) && (minDR_lepJet > 0.4 || ptRel_lepJet > 40) && (NJetsAK8_JetSubCalc > 2) && (minDR_leadAK8otherAK8 < 3.0) && DataPastTrigger == 1 && isMuon==1
****************************************************************************************************
****************************************************************************************************
DISTRIBUTION: Tp2Mass
            -name in ljmet trees: Tprime2_ALGO_Mass
            -x-axis label is set to: ;M(T) [GeV])
            -using the binning as: [0.0, 60.0, 120.0, 180.0, 240.0, 300.0, 360.0, 420.0, 480.0, 540.0, 600.0, 660.0, 720.0, 780.0, 840.0, 900.0, 960.0, 1020.0, 1080.0, 1140.0, 1200.0, 1260.0, 1320.0, 1380.0, 1440.0, 1500.0, 1560.0, 1620.0, 1680.0, 1740.0, 1800.0, 1860.0, 1920.0, 1980.0, 2040.0, 2100.0, 2160.0, 2220.0, 2280.0, 2340.0, 2400.0, 2460.0, 2520.0, 2580.0, 2640.0, 2700.0, 2760.0, 2820.0, 2880.0, 2940.0, 3000.0]
/////////////////////////
PROCESSING:  TTM1400THTH
/////////////////////////
plotTreeName: Tprime2_BEST_Mass
Flavour: M #tag: isV_tZtH #algo: BEST
Weights: 1 * 1 * 1 * pileupWeight * 1 * lepIdSF * EGammaGsfSF * 1 * (MCWeight_singleLepCalc/abs(MCWeight_singleLepCalc)) * 8.82208857389e-05
Cuts: (leptonPt_singleLepCalc > 50) && (corr_met_singleLepCalc > 55) && (AK4HT > 480) && (minDR_lepJet > 0.4 || ptRel_lepJet > 40) && (NJetsAK8_JetSubCalc > 2) && (minDR_leadAK8otherAK8 < 3.0) && DataPastTrigger == 1 && isMuon==1
****************************************************************************************************
****************************************************************************************************
DISTRIBUTION: Tp2Mass
            -name in ljmet trees: Tprime2_ALGO_Mass
            -x-axis label is set to: ;M(T) [GeV])
            -using the binning as: [0.0, 60.0, 120.0, 180.0, 240.0, 300.0, 360.0, 420.0, 480.0, 540.0, 600.0, 660.0, 720.0, 780.0, 840.0, 900.0, 960.0, 1020.0, 1080.0, 1140.0, 1200.0, 1260.0, 1320.0, 1380.0, 1440.0, 1500.0, 1560.0, 1620.0, 1680.0, 1740.0, 1800.0, 1860.0, 1920.0, 1980.0, 2040.0, 2100.0, 2160.0, 2220.0, 2280.0, 2340.0, 2400.0, 2460.0, 2520.0, 2580.0, 2640.0, 2700.0, 2760.0, 2820.0, 2880.0, 2940.0, 3000.0]
/////////////////////////
PROCESSING:  TTM1400TZTZ
/////////////////////////
plotTreeName: Tprime2_BEST_Mass
Flavour: M #tag: isV_tZtH #algo: BEST
Weights: 1 * 1 * 1 * pileupWeight * 1 * lepIdSF * EGammaGsfSF * 1 * (MCWeight_singleLepCalc/abs(MCWeight_singleLepCalc)) * 8.82208857389e-05
Cuts: (leptonPt_singleLepCalc > 50) && (corr_met_singleLepCalc > 55) && (AK4HT > 480) && (minDR_lepJet > 0.4 || ptRel_lepJet > 40) && (NJetsAK8_JetSubCalc > 2) && (minDR_leadAK8otherAK8 < 3.0) && DataPastTrigger == 1 && isMuon==1
****************************************************************************************************
****************************************************************************************************
DISTRIBUTION: Tp2Mass
            -name in ljmet trees: Tprime2_ALGO_Mass
            -x-axis label is set to: ;M(T) [GeV])
            -using the binning as: [0.0, 60.0, 120.0, 180.0, 240.0, 300.0, 360.0, 420.0, 480.0, 540.0, 600.0, 660.0, 720.0, 780.0, 840.0, 900.0, 960.0, 1020.0, 1080.0, 1140.0, 1200.0, 1260.0, 1320.0, 1380.0, 1440.0, 1500.0, 1560.0, 1620.0, 1680.0, 1740.0, 1800.0, 1860.0, 1920.0, 1980.0, 2040.0, 2100.0, 2160.0, 2220.0, 2280.0, 2340.0, 2400.0, 2460.0, 2520.0, 2580.0, 2640.0, 2700.0, 2760.0, 2820.0, 2880.0, 2940.0, 3000.0]
/////////////////////////
PROCESSING:  TTM1400TZBW
/////////////////////////
plotTreeName: Tprime2_BEST_Mass
Flavour: M #tag: isV_tZtH #algo: BEST
Weights: 1 * 1 * 1 * pileupWeight * 1 * lepIdSF * EGammaGsfSF * 1 * (MCWeight_singleLepCalc/abs(MCWeight_singleLepCalc)) * 0.000176441771478
Cuts: (leptonPt_singleLepCalc > 50) && (corr_met_singleLepCalc > 55) && (AK4HT > 480) && (minDR_lepJet > 0.4 || ptRel_lepJet > 40) && (NJetsAK8_JetSubCalc > 2) && (minDR_leadAK8otherAK8 < 3.0) && DataPastTrigger == 1 && isMuon==1
****************************************************************************************************
****************************************************************************************************
DISTRIBUTION: Tp2Mass
            -name in ljmet trees: Tprime2_ALGO_Mass
            -x-axis label is set to: ;M(T) [GeV])
            -using the binning as: [0.0, 60.0, 120.0, 180.0, 240.0, 300.0, 360.0, 420.0, 480.0, 540.0, 600.0, 660.0, 720.0, 780.0, 840.0, 900.0, 960.0, 1020.0, 1080.0, 1140.0, 1200.0, 1260.0, 1320.0, 1380.0, 1440.0, 1500.0, 1560.0, 1620.0, 1680.0, 1740.0, 1800.0, 1860.0, 1920.0, 1980.0, 2040.0, 2100.0, 2160.0, 2220.0, 2280.0, 2340.0, 2400.0, 2460.0, 2520.0, 2580.0, 2640.0, 2700.0, 2760.0, 2820.0, 2880.0, 2940.0, 3000.0]
/////////////////////////
PROCESSING:  TTM1400THBW
/////////////////////////
plotTreeName: Tprime2_BEST_Mass
Flavour: M #tag: isV_tZtH #algo: BEST
Weights: 1 * 1 * 1 * pileupWeight * 1 * lepIdSF * EGammaGsfSF * 1 * (MCWeight_singleLepCalc/abs(MCWeight_singleLepCalc)) * 0.000176441771478
Cuts: (leptonPt_singleLepCalc > 50) && (corr_met_singleLepCalc > 55) && (AK4HT > 480) && (minDR_lepJet > 0.4 || ptRel_lepJet > 40) && (NJetsAK8_JetSubCalc > 2) && (minDR_leadAK8otherAK8 < 3.0) && DataPastTrigger == 1 && isMuon==1
****************************************************************************************************
****************************************************************************************************
DISTRIBUTION: Tp2Mass
            -name in ljmet trees: Tprime2_ALGO_Mass
            -x-axis label is set to: ;M(T) [GeV])
            -using the binning as: [0.0, 60.0, 120.0, 180.0, 240.0, 300.0, 360.0, 420.0, 480.0, 540.0, 600.0, 660.0, 720.0, 780.0, 840.0, 900.0, 960.0, 1020.0, 1080.0, 1140.0, 1200.0, 1260.0, 1320.0, 1380.0, 1440.0, 1500.0, 1560.0, 1620.0, 1680.0, 1740.0, 1800.0, 1860.0, 1920.0, 1980.0, 2040.0, 2100.0, 2160.0, 2220.0, 2280.0, 2340.0, 2400.0, 2460.0, 2520.0, 2580.0, 2640.0, 2700.0, 2760.0, 2820.0, 2880.0, 2940.0, 3000.0]
/////////////////////////
PROCESSING:  TTM1400TZTH
/////////////////////////
plotTreeName: Tprime2_BEST_Mass
Flavour: M #tag: isV_tZtH #algo: BEST
Weights: 1 * 1 * 1 * pileupWeight * 1 * lepIdSF * EGammaGsfSF * 1 * (MCWeight_singleLepCalc/abs(MCWeight_singleLepCalc)) * 8.82208857389e-05
Cuts: (leptonPt_singleLepCalc > 50) && (corr_met_singleLepCalc > 55) && (AK4HT > 480) && (minDR_lepJet > 0.4 || ptRel_lepJet > 40) && (NJetsAK8_JetSubCalc > 2) && (minDR_leadAK8otherAK8 < 3.0) && DataPastTrigger == 1 && isMuon==1
****************************************************************************************************
****************************************************************************************************
DISTRIBUTION: Tp2Mass
            -name in ljmet trees: Tprime2_ALGO_Mass
            -x-axis label is set to: ;M(T) [GeV])
            -using the binning as: [0.0, 60.0, 120.0, 180.0, 240.0, 300.0, 360.0, 420.0, 480.0, 540.0, 600.0, 660.0, 720.0, 780.0, 840.0, 900.0, 960.0, 1020.0, 1080.0, 1140.0, 1200.0, 1260.0, 1320.0, 1380.0, 1440.0, 1500.0, 1560.0, 1620.0, 1680.0, 1740.0, 1800.0, 1860.0, 1920.0, 1980.0, 2040.0, 2100.0, 2160.0, 2220.0, 2280.0, 2340.0, 2400.0, 2460.0, 2520.0, 2580.0, 2640.0, 2700.0, 2760.0, 2820.0, 2880.0, 2940.0, 3000.0]
/////////////////////////
PROCESSING:  TTM1500BWBW
/////////////////////////
plotTreeName: Tprime2_BEST_Mass
Flavour: M #tag: isV_tZtH #algo: BEST
Weights: 1 * 1 * 1 * pileupWeight * 1 * lepIdSF * EGammaGsfSF * 1 * (MCWeight_singleLepCalc/abs(MCWeight_singleLepCalc)) * 0.00019932135405
Cuts: (leptonPt_singleLepCalc > 50) && (corr_met_singleLepCalc > 55) && (AK4HT > 480) && (minDR_lepJet > 0.4 || ptRel_lepJet > 40) && (NJetsAK8_JetSubCalc > 2) && (minDR_leadAK8otherAK8 < 3.0) && DataPastTrigger == 1 && isMuon==1
****************************************************************************************************
****************************************************************************************************
DISTRIBUTION: Tp2Mass
            -name in ljmet trees: Tprime2_ALGO_Mass
            -x-axis label is set to: ;M(T) [GeV])
            -using the binning as: [0.0, 60.0, 120.0, 180.0, 240.0, 300.0, 360.0, 420.0, 480.0, 540.0, 600.0, 660.0, 720.0, 780.0, 840.0, 900.0, 960.0, 1020.0, 1080.0, 1140.0, 1200.0, 1260.0, 1320.0, 1380.0, 1440.0, 1500.0, 1560.0, 1620.0, 1680.0, 1740.0, 1800.0, 1860.0, 1920.0, 1980.0, 2040.0, 2100.0, 2160.0, 2220.0, 2280.0, 2340.0, 2400.0, 2460.0, 2520.0, 2580.0, 2640.0, 2700.0, 2760.0, 2820.0, 2880.0, 2940.0, 3000.0]
/////////////////////////
PROCESSING:  TTM1500THTH
/////////////////////////
plotTreeName: Tprime2_BEST_Mass
Flavour: M #tag: isV_tZtH #algo: BEST
Weights: 1 * 1 * 1 * pileupWeight * 1 * lepIdSF * EGammaGsfSF * 1 * (MCWeight_singleLepCalc/abs(MCWeight_singleLepCalc)) * 4.98303385124e-05
Cuts: (leptonPt_singleLepCalc > 50) && (corr_met_singleLepCalc > 55) && (AK4HT > 480) && (minDR_lepJet > 0.4 || ptRel_lepJet > 40) && (NJetsAK8_JetSubCalc > 2) && (minDR_leadAK8otherAK8 < 3.0) && DataPastTrigger == 1 && isMuon==1
****************************************************************************************************
****************************************************************************************************
DISTRIBUTION: Tp2Mass
            -name in ljmet trees: Tprime2_ALGO_Mass
            -x-axis label is set to: ;M(T) [GeV])
            -using the binning as: [0.0, 60.0, 120.0, 180.0, 240.0, 300.0, 360.0, 420.0, 480.0, 540.0, 600.0, 660.0, 720.0, 780.0, 840.0, 900.0, 960.0, 1020.0, 1080.0, 1140.0, 1200.0, 1260.0, 1320.0, 1380.0, 1440.0, 1500.0, 1560.0, 1620.0, 1680.0, 1740.0, 1800.0, 1860.0, 1920.0, 1980.0, 2040.0, 2100.0, 2160.0, 2220.0, 2280.0, 2340.0, 2400.0, 2460.0, 2520.0, 2580.0, 2640.0, 2700.0, 2760.0, 2820.0, 2880.0, 2940.0, 3000.0]
/////////////////////////
PROCESSING:  TTM1500TZTZ
/////////////////////////
plotTreeName: Tprime2_BEST_Mass
Flavour: M #tag: isV_tZtH #algo: BEST
Weights: 1 * 1 * 1 * pileupWeight * 1 * lepIdSF * EGammaGsfSF * 1 * (MCWeight_singleLepCalc/abs(MCWeight_singleLepCalc)) * 4.98303385124e-05
Cuts: (leptonPt_singleLepCalc > 50) && (corr_met_singleLepCalc > 55) && (AK4HT > 480) && (minDR_lepJet > 0.4 || ptRel_lepJet > 40) && (NJetsAK8_JetSubCalc > 2) && (minDR_leadAK8otherAK8 < 3.0) && DataPastTrigger == 1 && isMuon==1
****************************************************************************************************
****************************************************************************************************
DISTRIBUTION: Tp2Mass
            -name in ljmet trees: Tprime2_ALGO_Mass
            -x-axis label is set to: ;M(T) [GeV])
            -using the binning as: [0.0, 60.0, 120.0, 180.0, 240.0, 300.0, 360.0, 420.0, 480.0, 540.0, 600.0, 660.0, 720.0, 780.0, 840.0, 900.0, 960.0, 1020.0, 1080.0, 1140.0, 1200.0, 1260.0, 1320.0, 1380.0, 1440.0, 1500.0, 1560.0, 1620.0, 1680.0, 1740.0, 1800.0, 1860.0, 1920.0, 1980.0, 2040.0, 2100.0, 2160.0, 2220.0, 2280.0, 2340.0, 2400.0, 2460.0, 2520.0, 2580.0, 2640.0, 2700.0, 2760.0, 2820.0, 2880.0, 2940.0, 3000.0]
/////////////////////////
PROCESSING:  TTM1500TZBW
/////////////////////////
plotTreeName: Tprime2_BEST_Mass
Flavour: M #tag: isV_tZtH #algo: BEST
Weights: 1 * 1 * 1 * pileupWeight * 1 * lepIdSF * EGammaGsfSF * 1 * (MCWeight_singleLepCalc/abs(MCWeight_singleLepCalc)) * 9.96606770248e-05
Cuts: (leptonPt_singleLepCalc > 50) && (corr_met_singleLepCalc > 55) && (AK4HT > 480) && (minDR_lepJet > 0.4 || ptRel_lepJet > 40) && (NJetsAK8_JetSubCalc > 2) && (minDR_leadAK8otherAK8 < 3.0) && DataPastTrigger == 1 && isMuon==1
****************************************************************************************************
****************************************************************************************************
DISTRIBUTION: Tp2Mass
            -name in ljmet trees: Tprime2_ALGO_Mass
            -x-axis label is set to: ;M(T) [GeV])
            -using the binning as: [0.0, 60.0, 120.0, 180.0, 240.0, 300.0, 360.0, 420.0, 480.0, 540.0, 600.0, 660.0, 720.0, 780.0, 840.0, 900.0, 960.0, 1020.0, 1080.0, 1140.0, 1200.0, 1260.0, 1320.0, 1380.0, 1440.0, 1500.0, 1560.0, 1620.0, 1680.0, 1740.0, 1800.0, 1860.0, 1920.0, 1980.0, 2040.0, 2100.0, 2160.0, 2220.0, 2280.0, 2340.0, 2400.0, 2460.0, 2520.0, 2580.0, 2640.0, 2700.0, 2760.0, 2820.0, 2880.0, 2940.0, 3000.0]
/////////////////////////
PROCESSING:  TTM1500THBW
/////////////////////////
plotTreeName: Tprime2_BEST_Mass
Flavour: M #tag: isV_tZtH #algo: BEST
Weights: 1 * 1 * 1 * pileupWeight * 1 * lepIdSF * EGammaGsfSF * 1 * (MCWeight_singleLepCalc/abs(MCWeight_singleLepCalc)) * 9.96606770248e-05
Cuts: (leptonPt_singleLepCalc > 50) && (corr_met_singleLepCalc > 55) && (AK4HT > 480) && (minDR_lepJet > 0.4 || ptRel_lepJet > 40) && (NJetsAK8_JetSubCalc > 2) && (minDR_leadAK8otherAK8 < 3.0) && DataPastTrigger == 1 && isMuon==1
****************************************************************************************************
****************************************************************************************************
DISTRIBUTION: Tp2Mass
            -name in ljmet trees: Tprime2_ALGO_Mass
            -x-axis label is set to: ;M(T) [GeV])
            -using the binning as: [0.0, 60.0, 120.0, 180.0, 240.0, 300.0, 360.0, 420.0, 480.0, 540.0, 600.0, 660.0, 720.0, 780.0, 840.0, 900.0, 960.0, 1020.0, 1080.0, 1140.0, 1200.0, 1260.0, 1320.0, 1380.0, 1440.0, 1500.0, 1560.0, 1620.0, 1680.0, 1740.0, 1800.0, 1860.0, 1920.0, 1980.0, 2040.0, 2100.0, 2160.0, 2220.0, 2280.0, 2340.0, 2400.0, 2460.0, 2520.0, 2580.0, 2640.0, 2700.0, 2760.0, 2820.0, 2880.0, 2940.0, 3000.0]
/////////////////////////
PROCESSING:  TTM1500TZTH
/////////////////////////
plotTreeName: Tprime2_BEST_Mass
Flavour: M #tag: isV_tZtH #algo: BEST
Weights: 1 * 1 * 1 * pileupWeight * 1 * lepIdSF * EGammaGsfSF * 1 * (MCWeight_singleLepCalc/abs(MCWeight_singleLepCalc)) * 4.98303385124e-05
Cuts: (leptonPt_singleLepCalc > 50) && (corr_met_singleLepCalc > 55) && (AK4HT > 480) && (minDR_lepJet > 0.4 || ptRel_lepJet > 40) && (NJetsAK8_JetSubCalc > 2) && (minDR_leadAK8otherAK8 < 3.0) && DataPastTrigger == 1 && isMuon==1
****************************************************************************************************
****************************************************************************************************
DISTRIBUTION: Tp2Mass
            -name in ljmet trees: Tprime2_ALGO_Mass
            -x-axis label is set to: ;M(T) [GeV])
            -using the binning as: [0.0, 60.0, 120.0, 180.0, 240.0, 300.0, 360.0, 420.0, 480.0, 540.0, 600.0, 660.0, 720.0, 780.0, 840.0, 900.0, 960.0, 1020.0, 1080.0, 1140.0, 1200.0, 1260.0, 1320.0, 1380.0, 1440.0, 1500.0, 1560.0, 1620.0, 1680.0, 1740.0, 1800.0, 1860.0, 1920.0, 1980.0, 2040.0, 2100.0, 2160.0, 2220.0, 2280.0, 2340.0, 2400.0, 2460.0, 2520.0, 2580.0, 2640.0, 2700.0, 2760.0, 2820.0, 2880.0, 2940.0, 3000.0]
/////////////////////////
PROCESSING:  TTM1600BWBW
/////////////////////////
plotTreeName: Tprime2_BEST_Mass
Flavour: M #tag: isV_tZtH #algo: BEST
Weights: 1 * 1 * 1 * pileupWeight * 1 * lepIdSF * EGammaGsfSF * 1 * (MCWeight_singleLepCalc/abs(MCWeight_singleLepCalc)) * 0.000114437939919
Cuts: (leptonPt_singleLepCalc > 50) && (corr_met_singleLepCalc > 55) && (AK4HT > 480) && (minDR_lepJet > 0.4 || ptRel_lepJet > 40) && (NJetsAK8_JetSubCalc > 2) && (minDR_leadAK8otherAK8 < 3.0) && DataPastTrigger == 1 && isMuon==1
****************************************************************************************************
****************************************************************************************************
DISTRIBUTION: Tp2Mass
            -name in ljmet trees: Tprime2_ALGO_Mass
            -x-axis label is set to: ;M(T) [GeV])
            -using the binning as: [0.0, 60.0, 120.0, 180.0, 240.0, 300.0, 360.0, 420.0, 480.0, 540.0, 600.0, 660.0, 720.0, 780.0, 840.0, 900.0, 960.0, 1020.0, 1080.0, 1140.0, 1200.0, 1260.0, 1320.0, 1380.0, 1440.0, 1500.0, 1560.0, 1620.0, 1680.0, 1740.0, 1800.0, 1860.0, 1920.0, 1980.0, 2040.0, 2100.0, 2160.0, 2220.0, 2280.0, 2340.0, 2400.0, 2460.0, 2520.0, 2580.0, 2640.0, 2700.0, 2760.0, 2820.0, 2880.0, 2940.0, 3000.0]
/////////////////////////
PROCESSING:  TTM1600THTH
/////////////////////////
plotTreeName: Tprime2_BEST_Mass
Flavour: M #tag: isV_tZtH #algo: BEST
Weights: 1 * 1 * 1 * pileupWeight * 1 * lepIdSF * EGammaGsfSF * 1 * (MCWeight_singleLepCalc/abs(MCWeight_singleLepCalc)) * 2.86094849797e-05
Cuts: (leptonPt_singleLepCalc > 50) && (corr_met_singleLepCalc > 55) && (AK4HT > 480) && (minDR_lepJet > 0.4 || ptRel_lepJet > 40) && (NJetsAK8_JetSubCalc > 2) && (minDR_leadAK8otherAK8 < 3.0) && DataPastTrigger == 1 && isMuon==1
****************************************************************************************************
****************************************************************************************************
DISTRIBUTION: Tp2Mass
            -name in ljmet trees: Tprime2_ALGO_Mass
            -x-axis label is set to: ;M(T) [GeV])
            -using the binning as: [0.0, 60.0, 120.0, 180.0, 240.0, 300.0, 360.0, 420.0, 480.0, 540.0, 600.0, 660.0, 720.0, 780.0, 840.0, 900.0, 960.0, 1020.0, 1080.0, 1140.0, 1200.0, 1260.0, 1320.0, 1380.0, 1440.0, 1500.0, 1560.0, 1620.0, 1680.0, 1740.0, 1800.0, 1860.0, 1920.0, 1980.0, 2040.0, 2100.0, 2160.0, 2220.0, 2280.0, 2340.0, 2400.0, 2460.0, 2520.0, 2580.0, 2640.0, 2700.0, 2760.0, 2820.0, 2880.0, 2940.0, 3000.0]
/////////////////////////
PROCESSING:  TTM1600TZTZ
/////////////////////////
plotTreeName: Tprime2_BEST_Mass
Flavour: M #tag: isV_tZtH #algo: BEST
Weights: 1 * 1 * 1 * pileupWeight * 1 * lepIdSF * EGammaGsfSF * 1 * (MCWeight_singleLepCalc/abs(MCWeight_singleLepCalc)) * 2.86094849797e-05
Cuts: (leptonPt_singleLepCalc > 50) && (corr_met_singleLepCalc > 55) && (AK4HT > 480) && (minDR_lepJet > 0.4 || ptRel_lepJet > 40) && (NJetsAK8_JetSubCalc > 2) && (minDR_leadAK8otherAK8 < 3.0) && DataPastTrigger == 1 && isMuon==1
****************************************************************************************************
****************************************************************************************************
DISTRIBUTION: Tp2Mass
            -name in ljmet trees: Tprime2_ALGO_Mass
            -x-axis label is set to: ;M(T) [GeV])
            -using the binning as: [0.0, 60.0, 120.0, 180.0, 240.0, 300.0, 360.0, 420.0, 480.0, 540.0, 600.0, 660.0, 720.0, 780.0, 840.0, 900.0, 960.0, 1020.0, 1080.0, 1140.0, 1200.0, 1260.0, 1320.0, 1380.0, 1440.0, 1500.0, 1560.0, 1620.0, 1680.0, 1740.0, 1800.0, 1860.0, 1920.0, 1980.0, 2040.0, 2100.0, 2160.0, 2220.0, 2280.0, 2340.0, 2400.0, 2460.0, 2520.0, 2580.0, 2640.0, 2700.0, 2760.0, 2820.0, 2880.0, 2940.0, 3000.0]
/////////////////////////
PROCESSING:  TTM1600TZBW
/////////////////////////
plotTreeName: Tprime2_BEST_Mass
Flavour: M #tag: isV_tZtH #algo: BEST
Weights: 1 * 1 * 1 * pileupWeight * 1 * lepIdSF * EGammaGsfSF * 1 * (MCWeight_singleLepCalc/abs(MCWeight_singleLepCalc)) * 5.72189699595e-05
Cuts: (leptonPt_singleLepCalc > 50) && (corr_met_singleLepCalc > 55) && (AK4HT > 480) && (minDR_lepJet > 0.4 || ptRel_lepJet > 40) && (NJetsAK8_JetSubCalc > 2) && (minDR_leadAK8otherAK8 < 3.0) && DataPastTrigger == 1 && isMuon==1
****************************************************************************************************
****************************************************************************************************
DISTRIBUTION: Tp2Mass
            -name in ljmet trees: Tprime2_ALGO_Mass
            -x-axis label is set to: ;M(T) [GeV])
            -using the binning as: [0.0, 60.0, 120.0, 180.0, 240.0, 300.0, 360.0, 420.0, 480.0, 540.0, 600.0, 660.0, 720.0, 780.0, 840.0, 900.0, 960.0, 1020.0, 1080.0, 1140.0, 1200.0, 1260.0, 1320.0, 1380.0, 1440.0, 1500.0, 1560.0, 1620.0, 1680.0, 1740.0, 1800.0, 1860.0, 1920.0, 1980.0, 2040.0, 2100.0, 2160.0, 2220.0, 2280.0, 2340.0, 2400.0, 2460.0, 2520.0, 2580.0, 2640.0, 2700.0, 2760.0, 2820.0, 2880.0, 2940.0, 3000.0]
/////////////////////////
PROCESSING:  TTM1600THBW
/////////////////////////
plotTreeName: Tprime2_BEST_Mass
Flavour: M #tag: isV_tZtH #algo: BEST
Weights: 1 * 1 * 1 * pileupWeight * 1 * lepIdSF * EGammaGsfSF * 1 * (MCWeight_singleLepCalc/abs(MCWeight_singleLepCalc)) * 5.72189699595e-05
Cuts: (leptonPt_singleLepCalc > 50) && (corr_met_singleLepCalc > 55) && (AK4HT > 480) && (minDR_lepJet > 0.4 || ptRel_lepJet > 40) && (NJetsAK8_JetSubCalc > 2) && (minDR_leadAK8otherAK8 < 3.0) && DataPastTrigger == 1 && isMuon==1
****************************************************************************************************
****************************************************************************************************
DISTRIBUTION: Tp2Mass
            -name in ljmet trees: Tprime2_ALGO_Mass
            -x-axis label is set to: ;M(T) [GeV])
            -using the binning as: [0.0, 60.0, 120.0, 180.0, 240.0, 300.0, 360.0, 420.0, 480.0, 540.0, 600.0, 660.0, 720.0, 780.0, 840.0, 900.0, 960.0, 1020.0, 1080.0, 1140.0, 1200.0, 1260.0, 1320.0, 1380.0, 1440.0, 1500.0, 1560.0, 1620.0, 1680.0, 1740.0, 1800.0, 1860.0, 1920.0, 1980.0, 2040.0, 2100.0, 2160.0, 2220.0, 2280.0, 2340.0, 2400.0, 2460.0, 2520.0, 2580.0, 2640.0, 2700.0, 2760.0, 2820.0, 2880.0, 2940.0, 3000.0]
/////////////////////////
PROCESSING:  TTM1600TZTH
/////////////////////////
plotTreeName: Tprime2_BEST_Mass
Flavour: M #tag: isV_tZtH #algo: BEST
Weights: 1 * 1 * 1 * pileupWeight * 1 * lepIdSF * EGammaGsfSF * 1 * (MCWeight_singleLepCalc/abs(MCWeight_singleLepCalc)) * 2.86094849797e-05
Cuts: (leptonPt_singleLepCalc > 50) && (corr_met_singleLepCalc > 55) && (AK4HT > 480) && (minDR_lepJet > 0.4 || ptRel_lepJet > 40) && (NJetsAK8_JetSubCalc > 2) && (minDR_leadAK8otherAK8 < 3.0) && DataPastTrigger == 1 && isMuon==1
****************************************************************************************************
****************************************************************************************************
DISTRIBUTION: Tp2Mass
            -name in ljmet trees: Tprime2_ALGO_Mass
            -x-axis label is set to: ;M(T) [GeV])
            -using the binning as: [0.0, 60.0, 120.0, 180.0, 240.0, 300.0, 360.0, 420.0, 480.0, 540.0, 600.0, 660.0, 720.0, 780.0, 840.0, 900.0, 960.0, 1020.0, 1080.0, 1140.0, 1200.0, 1260.0, 1320.0, 1380.0, 1440.0, 1500.0, 1560.0, 1620.0, 1680.0, 1740.0, 1800.0, 1860.0, 1920.0, 1980.0, 2040.0, 2100.0, 2160.0, 2220.0, 2280.0, 2340.0, 2400.0, 2460.0, 2520.0, 2580.0, 2640.0, 2700.0, 2760.0, 2820.0, 2880.0, 2940.0, 3000.0]
/////////////////////////
PROCESSING:  TTM1700BWBW
/////////////////////////
plotTreeName: Tprime2_BEST_Mass
Flavour: M #tag: isV_tZtH #algo: BEST
Weights: 1 * 1 * 1 * pileupWeight * 1 * lepIdSF * EGammaGsfSF * 1 * (MCWeight_singleLepCalc/abs(MCWeight_singleLepCalc)) * 6.93554282011e-05
Cuts: (leptonPt_singleLepCalc > 50) && (corr_met_singleLepCalc > 55) && (AK4HT > 480) && (minDR_lepJet > 0.4 || ptRel_lepJet > 40) && (NJetsAK8_JetSubCalc > 2) && (minDR_leadAK8otherAK8 < 3.0) && DataPastTrigger == 1 && isMuon==1
****************************************************************************************************
****************************************************************************************************
DISTRIBUTION: Tp2Mass
            -name in ljmet trees: Tprime2_ALGO_Mass
            -x-axis label is set to: ;M(T) [GeV])
            -using the binning as: [0.0, 60.0, 120.0, 180.0, 240.0, 300.0, 360.0, 420.0, 480.0, 540.0, 600.0, 660.0, 720.0, 780.0, 840.0, 900.0, 960.0, 1020.0, 1080.0, 1140.0, 1200.0, 1260.0, 1320.0, 1380.0, 1440.0, 1500.0, 1560.0, 1620.0, 1680.0, 1740.0, 1800.0, 1860.0, 1920.0, 1980.0, 2040.0, 2100.0, 2160.0, 2220.0, 2280.0, 2340.0, 2400.0, 2460.0, 2520.0, 2580.0, 2640.0, 2700.0, 2760.0, 2820.0, 2880.0, 2940.0, 3000.0]
/////////////////////////
PROCESSING:  TTM1700THTH
/////////////////////////
plotTreeName: Tprime2_BEST_Mass
Flavour: M #tag: isV_tZtH #algo: BEST
Weights: 1 * 1 * 1 * pileupWeight * 1 * lepIdSF * EGammaGsfSF * 1 * (MCWeight_singleLepCalc/abs(MCWeight_singleLepCalc)) * 1.73388570503e-05
Cuts: (leptonPt_singleLepCalc > 50) && (corr_met_singleLepCalc > 55) && (AK4HT > 480) && (minDR_lepJet > 0.4 || ptRel_lepJet > 40) && (NJetsAK8_JetSubCalc > 2) && (minDR_leadAK8otherAK8 < 3.0) && DataPastTrigger == 1 && isMuon==1
****************************************************************************************************
****************************************************************************************************
DISTRIBUTION: Tp2Mass
            -name in ljmet trees: Tprime2_ALGO_Mass
            -x-axis label is set to: ;M(T) [GeV])
            -using the binning as: [0.0, 60.0, 120.0, 180.0, 240.0, 300.0, 360.0, 420.0, 480.0, 540.0, 600.0, 660.0, 720.0, 780.0, 840.0, 900.0, 960.0, 1020.0, 1080.0, 1140.0, 1200.0, 1260.0, 1320.0, 1380.0, 1440.0, 1500.0, 1560.0, 1620.0, 1680.0, 1740.0, 1800.0, 1860.0, 1920.0, 1980.0, 2040.0, 2100.0, 2160.0, 2220.0, 2280.0, 2340.0, 2400.0, 2460.0, 2520.0, 2580.0, 2640.0, 2700.0, 2760.0, 2820.0, 2880.0, 2940.0, 3000.0]
/////////////////////////
PROCESSING:  TTM1700TZTZ
/////////////////////////
plotTreeName: Tprime2_BEST_Mass
Flavour: M #tag: isV_tZtH #algo: BEST
Weights: 1 * 1 * 1 * pileupWeight * 1 * lepIdSF * EGammaGsfSF * 1 * (MCWeight_singleLepCalc/abs(MCWeight_singleLepCalc)) * 1.73388570503e-05
Cuts: (leptonPt_singleLepCalc > 50) && (corr_met_singleLepCalc > 55) && (AK4HT > 480) && (minDR_lepJet > 0.4 || ptRel_lepJet > 40) && (NJetsAK8_JetSubCalc > 2) && (minDR_leadAK8otherAK8 < 3.0) && DataPastTrigger == 1 && isMuon==1
****************************************************************************************************
****************************************************************************************************
DISTRIBUTION: Tp2Mass
            -name in ljmet trees: Tprime2_ALGO_Mass
            -x-axis label is set to: ;M(T) [GeV])
            -using the binning as: [0.0, 60.0, 120.0, 180.0, 240.0, 300.0, 360.0, 420.0, 480.0, 540.0, 600.0, 660.0, 720.0, 780.0, 840.0, 900.0, 960.0, 1020.0, 1080.0, 1140.0, 1200.0, 1260.0, 1320.0, 1380.0, 1440.0, 1500.0, 1560.0, 1620.0, 1680.0, 1740.0, 1800.0, 1860.0, 1920.0, 1980.0, 2040.0, 2100.0, 2160.0, 2220.0, 2280.0, 2340.0, 2400.0, 2460.0, 2520.0, 2580.0, 2640.0, 2700.0, 2760.0, 2820.0, 2880.0, 2940.0, 3000.0]
/////////////////////////
PROCESSING:  TTM1700TZBW
/////////////////////////
plotTreeName: Tprime2_BEST_Mass
Flavour: M #tag: isV_tZtH #algo: BEST
Weights: 1 * 1 * 1 * pileupWeight * 1 * lepIdSF * EGammaGsfSF * 1 * (MCWeight_singleLepCalc/abs(MCWeight_singleLepCalc)) * 3.46777141005e-05
Cuts: (leptonPt_singleLepCalc > 50) && (corr_met_singleLepCalc > 55) && (AK4HT > 480) && (minDR_lepJet > 0.4 || ptRel_lepJet > 40) && (NJetsAK8_JetSubCalc > 2) && (minDR_leadAK8otherAK8 < 3.0) && DataPastTrigger == 1 && isMuon==1
****************************************************************************************************
****************************************************************************************************
DISTRIBUTION: Tp2Mass
            -name in ljmet trees: Tprime2_ALGO_Mass
            -x-axis label is set to: ;M(T) [GeV])
            -using the binning as: [0.0, 60.0, 120.0, 180.0, 240.0, 300.0, 360.0, 420.0, 480.0, 540.0, 600.0, 660.0, 720.0, 780.0, 840.0, 900.0, 960.0, 1020.0, 1080.0, 1140.0, 1200.0, 1260.0, 1320.0, 1380.0, 1440.0, 1500.0, 1560.0, 1620.0, 1680.0, 1740.0, 1800.0, 1860.0, 1920.0, 1980.0, 2040.0, 2100.0, 2160.0, 2220.0, 2280.0, 2340.0, 2400.0, 2460.0, 2520.0, 2580.0, 2640.0, 2700.0, 2760.0, 2820.0, 2880.0, 2940.0, 3000.0]
/////////////////////////
PROCESSING:  TTM1700THBW
/////////////////////////
plotTreeName: Tprime2_BEST_Mass
Flavour: M #tag: isV_tZtH #algo: BEST
Weights: 1 * 1 * 1 * pileupWeight * 1 * lepIdSF * EGammaGsfSF * 1 * (MCWeight_singleLepCalc/abs(MCWeight_singleLepCalc)) * 3.46777141005e-05
Cuts: (leptonPt_singleLepCalc > 50) && (corr_met_singleLepCalc > 55) && (AK4HT > 480) && (minDR_lepJet > 0.4 || ptRel_lepJet > 40) && (NJetsAK8_JetSubCalc > 2) && (minDR_leadAK8otherAK8 < 3.0) && DataPastTrigger == 1 && isMuon==1
****************************************************************************************************
****************************************************************************************************
DISTRIBUTION: Tp2Mass
            -name in ljmet trees: Tprime2_ALGO_Mass
            -x-axis label is set to: ;M(T) [GeV])
            -using the binning as: [0.0, 60.0, 120.0, 180.0, 240.0, 300.0, 360.0, 420.0, 480.0, 540.0, 600.0, 660.0, 720.0, 780.0, 840.0, 900.0, 960.0, 1020.0, 1080.0, 1140.0, 1200.0, 1260.0, 1320.0, 1380.0, 1440.0, 1500.0, 1560.0, 1620.0, 1680.0, 1740.0, 1800.0, 1860.0, 1920.0, 1980.0, 2040.0, 2100.0, 2160.0, 2220.0, 2280.0, 2340.0, 2400.0, 2460.0, 2520.0, 2580.0, 2640.0, 2700.0, 2760.0, 2820.0, 2880.0, 2940.0, 3000.0]
/////////////////////////
PROCESSING:  TTM1700TZTH
/////////////////////////
plotTreeName: Tprime2_BEST_Mass
Flavour: M #tag: isV_tZtH #algo: BEST
Weights: 1 * 1 * 1 * pileupWeight * 1 * lepIdSF * EGammaGsfSF * 1 * (MCWeight_singleLepCalc/abs(MCWeight_singleLepCalc)) * 1.73388570503e-05
Cuts: (leptonPt_singleLepCalc > 50) && (corr_met_singleLepCalc > 55) && (AK4HT > 480) && (minDR_lepJet > 0.4 || ptRel_lepJet > 40) && (NJetsAK8_JetSubCalc > 2) && (minDR_leadAK8otherAK8 < 3.0) && DataPastTrigger == 1 && isMuon==1
****************************************************************************************************
****************************************************************************************************
DISTRIBUTION: Tp2Mass
            -name in ljmet trees: Tprime2_ALGO_Mass
            -x-axis label is set to: ;M(T) [GeV])
            -using the binning as: [0.0, 60.0, 120.0, 180.0, 240.0, 300.0, 360.0, 420.0, 480.0, 540.0, 600.0, 660.0, 720.0, 780.0, 840.0, 900.0, 960.0, 1020.0, 1080.0, 1140.0, 1200.0, 1260.0, 1320.0, 1380.0, 1440.0, 1500.0, 1560.0, 1620.0, 1680.0, 1740.0, 1800.0, 1860.0, 1920.0, 1980.0, 2040.0, 2100.0, 2160.0, 2220.0, 2280.0, 2340.0, 2400.0, 2460.0, 2520.0, 2580.0, 2640.0, 2700.0, 2760.0, 2820.0, 2880.0, 2940.0, 3000.0]
/////////////////////////
PROCESSING:  TTM1800BWBW
/////////////////////////
plotTreeName: Tprime2_BEST_Mass
Flavour: M #tag: isV_tZtH #algo: BEST
Weights: 1 * 1 * 1 * pileupWeight * 1 * lepIdSF * EGammaGsfSF * 1 * (MCWeight_singleLepCalc/abs(MCWeight_singleLepCalc)) * 3.89579688164e-05
Cuts: (leptonPt_singleLepCalc > 50) && (corr_met_singleLepCalc > 55) && (AK4HT > 480) && (minDR_lepJet > 0.4 || ptRel_lepJet > 40) && (NJetsAK8_JetSubCalc > 2) && (minDR_leadAK8otherAK8 < 3.0) && DataPastTrigger == 1 && isMuon==1
****************************************************************************************************
****************************************************************************************************
DISTRIBUTION: Tp2Mass
            -name in ljmet trees: Tprime2_ALGO_Mass
            -x-axis label is set to: ;M(T) [GeV])
            -using the binning as: [0.0, 60.0, 120.0, 180.0, 240.0, 300.0, 360.0, 420.0, 480.0, 540.0, 600.0, 660.0, 720.0, 780.0, 840.0, 900.0, 960.0, 1020.0, 1080.0, 1140.0, 1200.0, 1260.0, 1320.0, 1380.0, 1440.0, 1500.0, 1560.0, 1620.0, 1680.0, 1740.0, 1800.0, 1860.0, 1920.0, 1980.0, 2040.0, 2100.0, 2160.0, 2220.0, 2280.0, 2340.0, 2400.0, 2460.0, 2520.0, 2580.0, 2640.0, 2700.0, 2760.0, 2820.0, 2880.0, 2940.0, 3000.0]
/////////////////////////
PROCESSING:  TTM1800THTH
/////////////////////////
plotTreeName: Tprime2_BEST_Mass
Flavour: M #tag: isV_tZtH #algo: BEST
Weights: 1 * 1 * 1 * pileupWeight * 1 * lepIdSF * EGammaGsfSF * 1 * (MCWeight_singleLepCalc/abs(MCWeight_singleLepCalc)) * 9.7394922041e-06
Cuts: (leptonPt_singleLepCalc > 50) && (corr_met_singleLepCalc > 55) && (AK4HT > 480) && (minDR_lepJet > 0.4 || ptRel_lepJet > 40) && (NJetsAK8_JetSubCalc > 2) && (minDR_leadAK8otherAK8 < 3.0) && DataPastTrigger == 1 && isMuon==1
****************************************************************************************************
****************************************************************************************************
DISTRIBUTION: Tp2Mass
            -name in ljmet trees: Tprime2_ALGO_Mass
            -x-axis label is set to: ;M(T) [GeV])
            -using the binning as: [0.0, 60.0, 120.0, 180.0, 240.0, 300.0, 360.0, 420.0, 480.0, 540.0, 600.0, 660.0, 720.0, 780.0, 840.0, 900.0, 960.0, 1020.0, 1080.0, 1140.0, 1200.0, 1260.0, 1320.0, 1380.0, 1440.0, 1500.0, 1560.0, 1620.0, 1680.0, 1740.0, 1800.0, 1860.0, 1920.0, 1980.0, 2040.0, 2100.0, 2160.0, 2220.0, 2280.0, 2340.0, 2400.0, 2460.0, 2520.0, 2580.0, 2640.0, 2700.0, 2760.0, 2820.0, 2880.0, 2940.0, 3000.0]
/////////////////////////
PROCESSING:  TTM1800TZTZ
/////////////////////////
plotTreeName: Tprime2_BEST_Mass
Flavour: M #tag: isV_tZtH #algo: BEST
Weights: 1 * 1 * 1 * pileupWeight * 1 * lepIdSF * EGammaGsfSF * 1 * (MCWeight_singleLepCalc/abs(MCWeight_singleLepCalc)) * 9.7394922041e-06
Cuts: (leptonPt_singleLepCalc > 50) && (corr_met_singleLepCalc > 55) && (AK4HT > 480) && (minDR_lepJet > 0.4 || ptRel_lepJet > 40) && (NJetsAK8_JetSubCalc > 2) && (minDR_leadAK8otherAK8 < 3.0) && DataPastTrigger == 1 && isMuon==1
****************************************************************************************************
****************************************************************************************************
DISTRIBUTION: Tp2Mass
            -name in ljmet trees: Tprime2_ALGO_Mass
            -x-axis label is set to: ;M(T) [GeV])
            -using the binning as: [0.0, 60.0, 120.0, 180.0, 240.0, 300.0, 360.0, 420.0, 480.0, 540.0, 600.0, 660.0, 720.0, 780.0, 840.0, 900.0, 960.0, 1020.0, 1080.0, 1140.0, 1200.0, 1260.0, 1320.0, 1380.0, 1440.0, 1500.0, 1560.0, 1620.0, 1680.0, 1740.0, 1800.0, 1860.0, 1920.0, 1980.0, 2040.0, 2100.0, 2160.0, 2220.0, 2280.0, 2340.0, 2400.0, 2460.0, 2520.0, 2580.0, 2640.0, 2700.0, 2760.0, 2820.0, 2880.0, 2940.0, 3000.0]
/////////////////////////
PROCESSING:  TTM1800TZBW
/////////////////////////
plotTreeName: Tprime2_BEST_Mass
Flavour: M #tag: isV_tZtH #algo: BEST
Weights: 1 * 1 * 1 * pileupWeight * 1 * lepIdSF * EGammaGsfSF * 1 * (MCWeight_singleLepCalc/abs(MCWeight_singleLepCalc)) * 1.94789844082e-05
Cuts: (leptonPt_singleLepCalc > 50) && (corr_met_singleLepCalc > 55) && (AK4HT > 480) && (minDR_lepJet > 0.4 || ptRel_lepJet > 40) && (NJetsAK8_JetSubCalc > 2) && (minDR_leadAK8otherAK8 < 3.0) && DataPastTrigger == 1 && isMuon==1
****************************************************************************************************
****************************************************************************************************
DISTRIBUTION: Tp2Mass
            -name in ljmet trees: Tprime2_ALGO_Mass
            -x-axis label is set to: ;M(T) [GeV])
            -using the binning as: [0.0, 60.0, 120.0, 180.0, 240.0, 300.0, 360.0, 420.0, 480.0, 540.0, 600.0, 660.0, 720.0, 780.0, 840.0, 900.0, 960.0, 1020.0, 1080.0, 1140.0, 1200.0, 1260.0, 1320.0, 1380.0, 1440.0, 1500.0, 1560.0, 1620.0, 1680.0, 1740.0, 1800.0, 1860.0, 1920.0, 1980.0, 2040.0, 2100.0, 2160.0, 2220.0, 2280.0, 2340.0, 2400.0, 2460.0, 2520.0, 2580.0, 2640.0, 2700.0, 2760.0, 2820.0, 2880.0, 2940.0, 3000.0]
/////////////////////////
PROCESSING:  TTM1800THBW
/////////////////////////
plotTreeName: Tprime2_BEST_Mass
Flavour: M #tag: isV_tZtH #algo: BEST
Weights: 1 * 1 * 1 * pileupWeight * 1 * lepIdSF * EGammaGsfSF * 1 * (MCWeight_singleLepCalc/abs(MCWeight_singleLepCalc)) * 1.94789844082e-05
Cuts: (leptonPt_singleLepCalc > 50) && (corr_met_singleLepCalc > 55) && (AK4HT > 480) && (minDR_lepJet > 0.4 || ptRel_lepJet > 40) && (NJetsAK8_JetSubCalc > 2) && (minDR_leadAK8otherAK8 < 3.0) && DataPastTrigger == 1 && isMuon==1
****************************************************************************************************
****************************************************************************************************
DISTRIBUTION: Tp2Mass
            -name in ljmet trees: Tprime2_ALGO_Mass
            -x-axis label is set to: ;M(T) [GeV])
            -using the binning as: [0.0, 60.0, 120.0, 180.0, 240.0, 300.0, 360.0, 420.0, 480.0, 540.0, 600.0, 660.0, 720.0, 780.0, 840.0, 900.0, 960.0, 1020.0, 1080.0, 1140.0, 1200.0, 1260.0, 1320.0, 1380.0, 1440.0, 1500.0, 1560.0, 1620.0, 1680.0, 1740.0, 1800.0, 1860.0, 1920.0, 1980.0, 2040.0, 2100.0, 2160.0, 2220.0, 2280.0, 2340.0, 2400.0, 2460.0, 2520.0, 2580.0, 2640.0, 2700.0, 2760.0, 2820.0, 2880.0, 2940.0, 3000.0]
/////////////////////////
PROCESSING:  TTM1800TZTH
/////////////////////////
plotTreeName: Tprime2_BEST_Mass
Flavour: M #tag: isV_tZtH #algo: BEST
Weights: 1 * 1 * 1 * pileupWeight * 1 * lepIdSF * EGammaGsfSF * 1 * (MCWeight_singleLepCalc/abs(MCWeight_singleLepCalc)) * 9.7394922041e-06
Cuts: (leptonPt_singleLepCalc > 50) && (corr_met_singleLepCalc > 55) && (AK4HT > 480) && (minDR_lepJet > 0.4 || ptRel_lepJet > 40) && (NJetsAK8_JetSubCalc > 2) && (minDR_leadAK8otherAK8 < 3.0) && DataPastTrigger == 1 && isMuon==1
****************************************************************************************************
****************************************************************************************************
DISTRIBUTION: Tp2Mass
            -name in ljmet trees: Tprime2_ALGO_Mass
            -x-axis label is set to: ;M(T) [GeV])
            -using the binning as: [0.0, 60.0, 120.0, 180.0, 240.0, 300.0, 360.0, 420.0, 480.0, 540.0, 600.0, 660.0, 720.0, 780.0, 840.0, 900.0, 960.0, 1020.0, 1080.0, 1140.0, 1200.0, 1260.0, 1320.0, 1380.0, 1440.0, 1500.0, 1560.0, 1620.0, 1680.0, 1740.0, 1800.0, 1860.0, 1920.0, 1980.0, 2040.0, 2100.0, 2160.0, 2220.0, 2280.0, 2340.0, 2400.0, 2460.0, 2520.0, 2580.0, 2640.0, 2700.0, 2760.0, 2820.0, 2880.0, 2940.0, 3000.0]
/////////////////////////
PROCESSING:  WJetsMG400
/////////////////////////
plotTreeName: Tprime2_DeepAK8_Mass
Flavour: M #tag: isV_tZtH #algo: DeepAK8
Weights: 1 * HTSF_Pol * 1 * pileupWeight * 1 * lepIdSF * EGammaGsfSF * 1 * (MCWeight_singleLepCalc/abs(MCWeight_singleLepCalc)) * 0.280770227538
Cuts: (leptonPt_singleLepCalc > 50) && (corr_met_singleLepCalc > 55) && (AK4HT > 480) && (minDR_lepJet > 0.4 || ptRel_lepJet > 40) && (NJetsAK8_JetSubCalc > 2) && (minDR_leadAK8otherAK8 < 3.0) && DataPastTrigger == 1 && isMuon==1
****************************************************************************************************
****************************************************************************************************
DISTRIBUTION: Tp2Mass
            -name in ljmet trees: Tprime2_ALGO_Mass
            -x-axis label is set to: ;M(T) [GeV])
            -using the binning as: [0.0, 60.0, 120.0, 180.0, 240.0, 300.0, 360.0, 420.0, 480.0, 540.0, 600.0, 660.0, 720.0, 780.0, 840.0, 900.0, 960.0, 1020.0, 1080.0, 1140.0, 1200.0, 1260.0, 1320.0, 1380.0, 1440.0, 1500.0, 1560.0, 1620.0, 1680.0, 1740.0, 1800.0, 1860.0, 1920.0, 1980.0, 2040.0, 2100.0, 2160.0, 2220.0, 2280.0, 2340.0, 2400.0, 2460.0, 2520.0, 2580.0, 2640.0, 2700.0, 2760.0, 2820.0, 2880.0, 2940.0, 3000.0]
/////////////////////////
PROCESSING:  WJetsMG600
/////////////////////////
plotTreeName: Tprime2_DeepAK8_Mass
Flavour: M #tag: isV_tZtH #algo: DeepAK8
Weights: 1 * HTSF_Pol * 1 * pileupWeight * 1 * lepIdSF * EGammaGsfSF * 1 * (MCWeight_singleLepCalc/abs(MCWeight_singleLepCalc)) * 0.0287233231554
Cuts: (leptonPt_singleLepCalc > 50) && (corr_met_singleLepCalc > 55) && (AK4HT > 480) && (minDR_lepJet > 0.4 || ptRel_lepJet > 40) && (NJetsAK8_JetSubCalc > 2) && (minDR_leadAK8otherAK8 < 3.0) && DataPastTrigger == 1 && isMuon==1
****************************************************************************************************
****************************************************************************************************
DISTRIBUTION: Tp2Mass
            -name in ljmet trees: Tprime2_ALGO_Mass
            -x-axis label is set to: ;M(T) [GeV])
            -using the binning as: [0.0, 60.0, 120.0, 180.0, 240.0, 300.0, 360.0, 420.0, 480.0, 540.0, 600.0, 660.0, 720.0, 780.0, 840.0, 900.0, 960.0, 1020.0, 1080.0, 1140.0, 1200.0, 1260.0, 1320.0, 1380.0, 1440.0, 1500.0, 1560.0, 1620.0, 1680.0, 1740.0, 1800.0, 1860.0, 1920.0, 1980.0, 2040.0, 2100.0, 2160.0, 2220.0, 2280.0, 2340.0, 2400.0, 2460.0, 2520.0, 2580.0, 2640.0, 2700.0, 2760.0, 2820.0, 2880.0, 2940.0, 3000.0]
/////////////////////////
PROCESSING:  WJetsMG800
/////////////////////////
plotTreeName: Tprime2_DeepAK8_Mass
Flavour: M #tag: isV_tZtH #algo: DeepAK8
Weights: 1 * HTSF_Pol * 1 * pileupWeight * 1 * lepIdSF * EGammaGsfSF * 1 * (MCWeight_singleLepCalc/abs(MCWeight_singleLepCalc)) * 0.0316367902594
Cuts: (leptonPt_singleLepCalc > 50) && (corr_met_singleLepCalc > 55) && (AK4HT > 480) && (minDR_lepJet > 0.4 || ptRel_lepJet > 40) && (NJetsAK8_JetSubCalc > 2) && (minDR_leadAK8otherAK8 < 3.0) && DataPastTrigger == 1 && isMuon==1
****************************************************************************************************
****************************************************************************************************
DISTRIBUTION: Tp2Mass
            -name in ljmet trees: Tprime2_ALGO_Mass
            -x-axis label is set to: ;M(T) [GeV])
            -using the binning as: [0.0, 60.0, 120.0, 180.0, 240.0, 300.0, 360.0, 420.0, 480.0, 540.0, 600.0, 660.0, 720.0, 780.0, 840.0, 900.0, 960.0, 1020.0, 1080.0, 1140.0, 1200.0, 1260.0, 1320.0, 1380.0, 1440.0, 1500.0, 1560.0, 1620.0, 1680.0, 1740.0, 1800.0, 1860.0, 1920.0, 1980.0, 2040.0, 2100.0, 2160.0, 2220.0, 2280.0, 2340.0, 2400.0, 2460.0, 2520.0, 2580.0, 2640.0, 2700.0, 2760.0, 2820.0, 2880.0, 2940.0, 3000.0]
/////////////////////////
PROCESSING:  WJetsMG1200
/////////////////////////
plotTreeName: Tprime2_DeepAK8_Mass
Flavour: M #tag: isV_tZtH #algo: DeepAK8
Weights: 1 * HTSF_Pol * 1 * pileupWeight * 1 * lepIdSF * EGammaGsfSF * 1 * (MCWeight_singleLepCalc/abs(MCWeight_singleLepCalc)) * 0.00861414819858
Cuts: (leptonPt_singleLepCalc > 50) && (corr_met_singleLepCalc > 55) && (AK4HT > 480) && (minDR_lepJet > 0.4 || ptRel_lepJet > 40) && (NJetsAK8_JetSubCalc > 2) && (minDR_leadAK8otherAK8 < 3.0) && DataPastTrigger == 1 && isMuon==1
****************************************************************************************************
****************************************************************************************************
DISTRIBUTION: Tp2Mass
            -name in ljmet trees: Tprime2_ALGO_Mass
            -x-axis label is set to: ;M(T) [GeV])
            -using the binning as: [0.0, 60.0, 120.0, 180.0, 240.0, 300.0, 360.0, 420.0, 480.0, 540.0, 600.0, 660.0, 720.0, 780.0, 840.0, 900.0, 960.0, 1020.0, 1080.0, 1140.0, 1200.0, 1260.0, 1320.0, 1380.0, 1440.0, 1500.0, 1560.0, 1620.0, 1680.0, 1740.0, 1800.0, 1860.0, 1920.0, 1980.0, 2040.0, 2100.0, 2160.0, 2220.0, 2280.0, 2340.0, 2400.0, 2460.0, 2520.0, 2580.0, 2640.0, 2700.0, 2760.0, 2820.0, 2880.0, 2940.0, 3000.0]
/////////////////////////
PROCESSING:  WJetsMG2500
/////////////////////////
plotTreeName: Tprime2_DeepAK8_Mass
Flavour: M #tag: isV_tZtH #algo: DeepAK8
Weights: 1 * HTSF_Pol * 1 * pileupWeight * 1 * lepIdSF * EGammaGsfSF * 1 * (MCWeight_singleLepCalc/abs(MCWeight_singleLepCalc)) * 0.00054308661217
Cuts: (leptonPt_singleLepCalc > 50) && (corr_met_singleLepCalc > 55) && (AK4HT > 480) && (minDR_lepJet > 0.4 || ptRel_lepJet > 40) && (NJetsAK8_JetSubCalc > 2) && (minDR_leadAK8otherAK8 < 3.0) && DataPastTrigger == 1 && isMuon==1
****************************************************************************************************
****************************************************************************************************
DISTRIBUTION: Tp2Mass
            -name in ljmet trees: Tprime2_ALGO_Mass
            -x-axis label is set to: ;M(T) [GeV])
            -using the binning as: [0.0, 60.0, 120.0, 180.0, 240.0, 300.0, 360.0, 420.0, 480.0, 540.0, 600.0, 660.0, 720.0, 780.0, 840.0, 900.0, 960.0, 1020.0, 1080.0, 1140.0, 1200.0, 1260.0, 1320.0, 1380.0, 1440.0, 1500.0, 1560.0, 1620.0, 1680.0, 1740.0, 1800.0, 1860.0, 1920.0, 1980.0, 2040.0, 2100.0, 2160.0, 2220.0, 2280.0, 2340.0, 2400.0, 2460.0, 2520.0, 2580.0, 2640.0, 2700.0, 2760.0, 2820.0, 2880.0, 2940.0, 3000.0]
/////////////////////////
PROCESSING:  TTM1100BWBW
/////////////////////////
plotTreeName: Tprime2_DeepAK8_Mass
Flavour: M #tag: isV_tZtH #algo: DeepAK8
Weights: 1 * 1 * 1 * pileupWeight * 1 * lepIdSF * EGammaGsfSF * 1 * (MCWeight_singleLepCalc/abs(MCWeight_singleLepCalc)) * 0.00223239916536
Cuts: (leptonPt_singleLepCalc > 50) && (corr_met_singleLepCalc > 55) && (AK4HT > 480) && (minDR_lepJet > 0.4 || ptRel_lepJet > 40) && (NJetsAK8_JetSubCalc > 2) && (minDR_leadAK8otherAK8 < 3.0) && DataPastTrigger == 1 && isMuon==1
****************************************************************************************************
****************************************************************************************************
DISTRIBUTION: Tp2Mass
            -name in ljmet trees: Tprime2_ALGO_Mass
            -x-axis label is set to: ;M(T) [GeV])
            -using the binning as: [0.0, 60.0, 120.0, 180.0, 240.0, 300.0, 360.0, 420.0, 480.0, 540.0, 600.0, 660.0, 720.0, 780.0, 840.0, 900.0, 960.0, 1020.0, 1080.0, 1140.0, 1200.0, 1260.0, 1320.0, 1380.0, 1440.0, 1500.0, 1560.0, 1620.0, 1680.0, 1740.0, 1800.0, 1860.0, 1920.0, 1980.0, 2040.0, 2100.0, 2160.0, 2220.0, 2280.0, 2340.0, 2400.0, 2460.0, 2520.0, 2580.0, 2640.0, 2700.0, 2760.0, 2820.0, 2880.0, 2940.0, 3000.0]
/////////////////////////
PROCESSING:  TTM1100THTH
/////////////////////////
plotTreeName: Tprime2_DeepAK8_Mass
Flavour: M #tag: isV_tZtH #algo: DeepAK8
Weights: 1 * 1 * 1 * pileupWeight * 1 * lepIdSF * EGammaGsfSF * 1 * (MCWeight_singleLepCalc/abs(MCWeight_singleLepCalc)) * 0.000558099791339
Cuts: (leptonPt_singleLepCalc > 50) && (corr_met_singleLepCalc > 55) && (AK4HT > 480) && (minDR_lepJet > 0.4 || ptRel_lepJet > 40) && (NJetsAK8_JetSubCalc > 2) && (minDR_leadAK8otherAK8 < 3.0) && DataPastTrigger == 1 && isMuon==1
****************************************************************************************************
****************************************************************************************************
DISTRIBUTION: Tp2Mass
            -name in ljmet trees: Tprime2_ALGO_Mass
            -x-axis label is set to: ;M(T) [GeV])
            -using the binning as: [0.0, 60.0, 120.0, 180.0, 240.0, 300.0, 360.0, 420.0, 480.0, 540.0, 600.0, 660.0, 720.0, 780.0, 840.0, 900.0, 960.0, 1020.0, 1080.0, 1140.0, 1200.0, 1260.0, 1320.0, 1380.0, 1440.0, 1500.0, 1560.0, 1620.0, 1680.0, 1740.0, 1800.0, 1860.0, 1920.0, 1980.0, 2040.0, 2100.0, 2160.0, 2220.0, 2280.0, 2340.0, 2400.0, 2460.0, 2520.0, 2580.0, 2640.0, 2700.0, 2760.0, 2820.0, 2880.0, 2940.0, 3000.0]
/////////////////////////
PROCESSING:  TTM1100TZTZ
/////////////////////////
plotTreeName: Tprime2_DeepAK8_Mass
Flavour: M #tag: isV_tZtH #algo: DeepAK8
Weights: 1 * 1 * 1 * pileupWeight * 1 * lepIdSF * EGammaGsfSF * 1 * (MCWeight_singleLepCalc/abs(MCWeight_singleLepCalc)) * 0.000558099791339
Cuts: (leptonPt_singleLepCalc > 50) && (corr_met_singleLepCalc > 55) && (AK4HT > 480) && (minDR_lepJet > 0.4 || ptRel_lepJet > 40) && (NJetsAK8_JetSubCalc > 2) && (minDR_leadAK8otherAK8 < 3.0) && DataPastTrigger == 1 && isMuon==1
****************************************************************************************************
****************************************************************************************************
DISTRIBUTION: Tp2Mass
            -name in ljmet trees: Tprime2_ALGO_Mass
            -x-axis label is set to: ;M(T) [GeV])
            -using the binning as: [0.0, 60.0, 120.0, 180.0, 240.0, 300.0, 360.0, 420.0, 480.0, 540.0, 600.0, 660.0, 720.0, 780.0, 840.0, 900.0, 960.0, 1020.0, 1080.0, 1140.0, 1200.0, 1260.0, 1320.0, 1380.0, 1440.0, 1500.0, 1560.0, 1620.0, 1680.0, 1740.0, 1800.0, 1860.0, 1920.0, 1980.0, 2040.0, 2100.0, 2160.0, 2220.0, 2280.0, 2340.0, 2400.0, 2460.0, 2520.0, 2580.0, 2640.0, 2700.0, 2760.0, 2820.0, 2880.0, 2940.0, 3000.0]
/////////////////////////
PROCESSING:  TTM1100TZBW
/////////////////////////
plotTreeName: Tprime2_DeepAK8_Mass
Flavour: M #tag: isV_tZtH #algo: DeepAK8
Weights: 1 * 1 * 1 * pileupWeight * 1 * lepIdSF * EGammaGsfSF * 1 * (MCWeight_singleLepCalc/abs(MCWeight_singleLepCalc)) * 0.00111619958268
Cuts: (leptonPt_singleLepCalc > 50) && (corr_met_singleLepCalc > 55) && (AK4HT > 480) && (minDR_lepJet > 0.4 || ptRel_lepJet > 40) && (NJetsAK8_JetSubCalc > 2) && (minDR_leadAK8otherAK8 < 3.0) && DataPastTrigger == 1 && isMuon==1
****************************************************************************************************
****************************************************************************************************
DISTRIBUTION: Tp2Mass
            -name in ljmet trees: Tprime2_ALGO_Mass
            -x-axis label is set to: ;M(T) [GeV])
            -using the binning as: [0.0, 60.0, 120.0, 180.0, 240.0, 300.0, 360.0, 420.0, 480.0, 540.0, 600.0, 660.0, 720.0, 780.0, 840.0, 900.0, 960.0, 1020.0, 1080.0, 1140.0, 1200.0, 1260.0, 1320.0, 1380.0, 1440.0, 1500.0, 1560.0, 1620.0, 1680.0, 1740.0, 1800.0, 1860.0, 1920.0, 1980.0, 2040.0, 2100.0, 2160.0, 2220.0, 2280.0, 2340.0, 2400.0, 2460.0, 2520.0, 2580.0, 2640.0, 2700.0, 2760.0, 2820.0, 2880.0, 2940.0, 3000.0]
/////////////////////////
PROCESSING:  TTM1100THBW
/////////////////////////
plotTreeName: Tprime2_DeepAK8_Mass
Flavour: M #tag: isV_tZtH #algo: DeepAK8
Weights: 1 * 1 * 1 * pileupWeight * 1 * lepIdSF * EGammaGsfSF * 1 * (MCWeight_singleLepCalc/abs(MCWeight_singleLepCalc)) * 0.00111619958268
Cuts: (leptonPt_singleLepCalc > 50) && (corr_met_singleLepCalc > 55) && (AK4HT > 480) && (minDR_lepJet > 0.4 || ptRel_lepJet > 40) && (NJetsAK8_JetSubCalc > 2) && (minDR_leadAK8otherAK8 < 3.0) && DataPastTrigger == 1 && isMuon==1
****************************************************************************************************
****************************************************************************************************
DISTRIBUTION: Tp2Mass
            -name in ljmet trees: Tprime2_ALGO_Mass
            -x-axis label is set to: ;M(T) [GeV])
            -using the binning as: [0.0, 60.0, 120.0, 180.0, 240.0, 300.0, 360.0, 420.0, 480.0, 540.0, 600.0, 660.0, 720.0, 780.0, 840.0, 900.0, 960.0, 1020.0, 1080.0, 1140.0, 1200.0, 1260.0, 1320.0, 1380.0, 1440.0, 1500.0, 1560.0, 1620.0, 1680.0, 1740.0, 1800.0, 1860.0, 1920.0, 1980.0, 2040.0, 2100.0, 2160.0, 2220.0, 2280.0, 2340.0, 2400.0, 2460.0, 2520.0, 2580.0, 2640.0, 2700.0, 2760.0, 2820.0, 2880.0, 2940.0, 3000.0]
/////////////////////////
PROCESSING:  TTM1100TZTH
/////////////////////////
plotTreeName: Tprime2_DeepAK8_Mass
Flavour: M #tag: isV_tZtH #algo: DeepAK8
Weights: 1 * 1 * 1 * pileupWeight * 1 * lepIdSF * EGammaGsfSF * 1 * (MCWeight_singleLepCalc/abs(MCWeight_singleLepCalc)) * 0.000558099791339
Cuts: (leptonPt_singleLepCalc > 50) && (corr_met_singleLepCalc > 55) && (AK4HT > 480) && (minDR_lepJet > 0.4 || ptRel_lepJet > 40) && (NJetsAK8_JetSubCalc > 2) && (minDR_leadAK8otherAK8 < 3.0) && DataPastTrigger == 1 && isMuon==1
****************************************************************************************************
****************************************************************************************************
DISTRIBUTION: Tp2Mass
            -name in ljmet trees: Tprime2_ALGO_Mass
            -x-axis label is set to: ;M(T) [GeV])
            -using the binning as: [0.0, 60.0, 120.0, 180.0, 240.0, 300.0, 360.0, 420.0, 480.0, 540.0, 600.0, 660.0, 720.0, 780.0, 840.0, 900.0, 960.0, 1020.0, 1080.0, 1140.0, 1200.0, 1260.0, 1320.0, 1380.0, 1440.0, 1500.0, 1560.0, 1620.0, 1680.0, 1740.0, 1800.0, 1860.0, 1920.0, 1980.0, 2040.0, 2100.0, 2160.0, 2220.0, 2280.0, 2340.0, 2400.0, 2460.0, 2520.0, 2580.0, 2640.0, 2700.0, 2760.0, 2820.0, 2880.0, 2940.0, 3000.0]
/////////////////////////
PROCESSING:  TTM1200BWBW
/////////////////////////
plotTreeName: Tprime2_DeepAK8_Mass
Flavour: M #tag: isV_tZtH #algo: DeepAK8
Weights: 1 * 1 * 1 * pileupWeight * 1 * lepIdSF * EGammaGsfSF * 1 * (MCWeight_singleLepCalc/abs(MCWeight_singleLepCalc)) * 0.00117627847652
Cuts: (leptonPt_singleLepCalc > 50) && (corr_met_singleLepCalc > 55) && (AK4HT > 480) && (minDR_lepJet > 0.4 || ptRel_lepJet > 40) && (NJetsAK8_JetSubCalc > 2) && (minDR_leadAK8otherAK8 < 3.0) && DataPastTrigger == 1 && isMuon==1
****************************************************************************************************
****************************************************************************************************
DISTRIBUTION: Tp2Mass
            -name in ljmet trees: Tprime2_ALGO_Mass
            -x-axis label is set to: ;M(T) [GeV])
            -using the binning as: [0.0, 60.0, 120.0, 180.0, 240.0, 300.0, 360.0, 420.0, 480.0, 540.0, 600.0, 660.0, 720.0, 780.0, 840.0, 900.0, 960.0, 1020.0, 1080.0, 1140.0, 1200.0, 1260.0, 1320.0, 1380.0, 1440.0, 1500.0, 1560.0, 1620.0, 1680.0, 1740.0, 1800.0, 1860.0, 1920.0, 1980.0, 2040.0, 2100.0, 2160.0, 2220.0, 2280.0, 2340.0, 2400.0, 2460.0, 2520.0, 2580.0, 2640.0, 2700.0, 2760.0, 2820.0, 2880.0, 2940.0, 3000.0]
/////////////////////////
PROCESSING:  TTM1200THTH
/////////////////////////
plotTreeName: Tprime2_DeepAK8_Mass
Flavour: M #tag: isV_tZtH #algo: DeepAK8
Weights: 1 * 1 * 1 * pileupWeight * 1 * lepIdSF * EGammaGsfSF * 1 * (MCWeight_singleLepCalc/abs(MCWeight_singleLepCalc)) * 0.00029406961913
Cuts: (leptonPt_singleLepCalc > 50) && (corr_met_singleLepCalc > 55) && (AK4HT > 480) && (minDR_lepJet > 0.4 || ptRel_lepJet > 40) && (NJetsAK8_JetSubCalc > 2) && (minDR_leadAK8otherAK8 < 3.0) && DataPastTrigger == 1 && isMuon==1
****************************************************************************************************
****************************************************************************************************
DISTRIBUTION: Tp2Mass
            -name in ljmet trees: Tprime2_ALGO_Mass
            -x-axis label is set to: ;M(T) [GeV])
            -using the binning as: [0.0, 60.0, 120.0, 180.0, 240.0, 300.0, 360.0, 420.0, 480.0, 540.0, 600.0, 660.0, 720.0, 780.0, 840.0, 900.0, 960.0, 1020.0, 1080.0, 1140.0, 1200.0, 1260.0, 1320.0, 1380.0, 1440.0, 1500.0, 1560.0, 1620.0, 1680.0, 1740.0, 1800.0, 1860.0, 1920.0, 1980.0, 2040.0, 2100.0, 2160.0, 2220.0, 2280.0, 2340.0, 2400.0, 2460.0, 2520.0, 2580.0, 2640.0, 2700.0, 2760.0, 2820.0, 2880.0, 2940.0, 3000.0]
/////////////////////////
PROCESSING:  TTM1200TZTZ
/////////////////////////
plotTreeName: Tprime2_DeepAK8_Mass
Flavour: M #tag: isV_tZtH #algo: DeepAK8
Weights: 1 * 1 * 1 * pileupWeight * 1 * lepIdSF * EGammaGsfSF * 1 * (MCWeight_singleLepCalc/abs(MCWeight_singleLepCalc)) * 0.00029406961913
Cuts: (leptonPt_singleLepCalc > 50) && (corr_met_singleLepCalc > 55) && (AK4HT > 480) && (minDR_lepJet > 0.4 || ptRel_lepJet > 40) && (NJetsAK8_JetSubCalc > 2) && (minDR_leadAK8otherAK8 < 3.0) && DataPastTrigger == 1 && isMuon==1
****************************************************************************************************
****************************************************************************************************
DISTRIBUTION: Tp2Mass
            -name in ljmet trees: Tprime2_ALGO_Mass
            -x-axis label is set to: ;M(T) [GeV])
            -using the binning as: [0.0, 60.0, 120.0, 180.0, 240.0, 300.0, 360.0, 420.0, 480.0, 540.0, 600.0, 660.0, 720.0, 780.0, 840.0, 900.0, 960.0, 1020.0, 1080.0, 1140.0, 1200.0, 1260.0, 1320.0, 1380.0, 1440.0, 1500.0, 1560.0, 1620.0, 1680.0, 1740.0, 1800.0, 1860.0, 1920.0, 1980.0, 2040.0, 2100.0, 2160.0, 2220.0, 2280.0, 2340.0, 2400.0, 2460.0, 2520.0, 2580.0, 2640.0, 2700.0, 2760.0, 2820.0, 2880.0, 2940.0, 3000.0]
/////////////////////////
PROCESSING:  TTM1200TZBW
/////////////////////////
plotTreeName: Tprime2_DeepAK8_Mass
Flavour: M #tag: isV_tZtH #algo: DeepAK8
Weights: 1 * 1 * 1 * pileupWeight * 1 * lepIdSF * EGammaGsfSF * 1 * (MCWeight_singleLepCalc/abs(MCWeight_singleLepCalc)) * 0.000588139238259
Cuts: (leptonPt_singleLepCalc > 50) && (corr_met_singleLepCalc > 55) && (AK4HT > 480) && (minDR_lepJet > 0.4 || ptRel_lepJet > 40) && (NJetsAK8_JetSubCalc > 2) && (minDR_leadAK8otherAK8 < 3.0) && DataPastTrigger == 1 && isMuon==1
****************************************************************************************************
****************************************************************************************************
DISTRIBUTION: Tp2Mass
            -name in ljmet trees: Tprime2_ALGO_Mass
            -x-axis label is set to: ;M(T) [GeV])
            -using the binning as: [0.0, 60.0, 120.0, 180.0, 240.0, 300.0, 360.0, 420.0, 480.0, 540.0, 600.0, 660.0, 720.0, 780.0, 840.0, 900.0, 960.0, 1020.0, 1080.0, 1140.0, 1200.0, 1260.0, 1320.0, 1380.0, 1440.0, 1500.0, 1560.0, 1620.0, 1680.0, 1740.0, 1800.0, 1860.0, 1920.0, 1980.0, 2040.0, 2100.0, 2160.0, 2220.0, 2280.0, 2340.0, 2400.0, 2460.0, 2520.0, 2580.0, 2640.0, 2700.0, 2760.0, 2820.0, 2880.0, 2940.0, 3000.0]
/////////////////////////
PROCESSING:  TTM1200THBW
/////////////////////////
plotTreeName: Tprime2_DeepAK8_Mass
Flavour: M #tag: isV_tZtH #algo: DeepAK8
Weights: 1 * 1 * 1 * pileupWeight * 1 * lepIdSF * EGammaGsfSF * 1 * (MCWeight_singleLepCalc/abs(MCWeight_singleLepCalc)) * 0.000588139238259
Cuts: (leptonPt_singleLepCalc > 50) && (corr_met_singleLepCalc > 55) && (AK4HT > 480) && (minDR_lepJet > 0.4 || ptRel_lepJet > 40) && (NJetsAK8_JetSubCalc > 2) && (minDR_leadAK8otherAK8 < 3.0) && DataPastTrigger == 1 && isMuon==1
****************************************************************************************************
****************************************************************************************************
DISTRIBUTION: Tp2Mass
            -name in ljmet trees: Tprime2_ALGO_Mass
            -x-axis label is set to: ;M(T) [GeV])
            -using the binning as: [0.0, 60.0, 120.0, 180.0, 240.0, 300.0, 360.0, 420.0, 480.0, 540.0, 600.0, 660.0, 720.0, 780.0, 840.0, 900.0, 960.0, 1020.0, 1080.0, 1140.0, 1200.0, 1260.0, 1320.0, 1380.0, 1440.0, 1500.0, 1560.0, 1620.0, 1680.0, 1740.0, 1800.0, 1860.0, 1920.0, 1980.0, 2040.0, 2100.0, 2160.0, 2220.0, 2280.0, 2340.0, 2400.0, 2460.0, 2520.0, 2580.0, 2640.0, 2700.0, 2760.0, 2820.0, 2880.0, 2940.0, 3000.0]
/////////////////////////
PROCESSING:  TTM1200TZTH
/////////////////////////
plotTreeName: Tprime2_DeepAK8_Mass
Flavour: M #tag: isV_tZtH #algo: DeepAK8
Weights: 1 * 1 * 1 * pileupWeight * 1 * lepIdSF * EGammaGsfSF * 1 * (MCWeight_singleLepCalc/abs(MCWeight_singleLepCalc)) * 0.00029406961913
Cuts: (leptonPt_singleLepCalc > 50) && (corr_met_singleLepCalc > 55) && (AK4HT > 480) && (minDR_lepJet > 0.4 || ptRel_lepJet > 40) && (NJetsAK8_JetSubCalc > 2) && (minDR_leadAK8otherAK8 < 3.0) && DataPastTrigger == 1 && isMuon==1
****************************************************************************************************
****************************************************************************************************
DISTRIBUTION: Tp2Mass
            -name in ljmet trees: Tprime2_ALGO_Mass
            -x-axis label is set to: ;M(T) [GeV])
            -using the binning as: [0.0, 60.0, 120.0, 180.0, 240.0, 300.0, 360.0, 420.0, 480.0, 540.0, 600.0, 660.0, 720.0, 780.0, 840.0, 900.0, 960.0, 1020.0, 1080.0, 1140.0, 1200.0, 1260.0, 1320.0, 1380.0, 1440.0, 1500.0, 1560.0, 1620.0, 1680.0, 1740.0, 1800.0, 1860.0, 1920.0, 1980.0, 2040.0, 2100.0, 2160.0, 2220.0, 2280.0, 2340.0, 2400.0, 2460.0, 2520.0, 2580.0, 2640.0, 2700.0, 2760.0, 2820.0, 2880.0, 2940.0, 3000.0]
/////////////////////////
PROCESSING:  TTM1300BWBW
/////////////////////////
plotTreeName: Tprime2_DeepAK8_Mass
Flavour: M #tag: isV_tZtH #algo: DeepAK8
Weights: 1 * 1 * 1 * pileupWeight * 1 * lepIdSF * EGammaGsfSF * 1 * (MCWeight_singleLepCalc/abs(MCWeight_singleLepCalc)) * 0.00063821114509
Cuts: (leptonPt_singleLepCalc > 50) && (corr_met_singleLepCalc > 55) && (AK4HT > 480) && (minDR_lepJet > 0.4 || ptRel_lepJet > 40) && (NJetsAK8_JetSubCalc > 2) && (minDR_leadAK8otherAK8 < 3.0) && DataPastTrigger == 1 && isMuon==1
****************************************************************************************************
****************************************************************************************************
DISTRIBUTION: Tp2Mass
            -name in ljmet trees: Tprime2_ALGO_Mass
            -x-axis label is set to: ;M(T) [GeV])
            -using the binning as: [0.0, 60.0, 120.0, 180.0, 240.0, 300.0, 360.0, 420.0, 480.0, 540.0, 600.0, 660.0, 720.0, 780.0, 840.0, 900.0, 960.0, 1020.0, 1080.0, 1140.0, 1200.0, 1260.0, 1320.0, 1380.0, 1440.0, 1500.0, 1560.0, 1620.0, 1680.0, 1740.0, 1800.0, 1860.0, 1920.0, 1980.0, 2040.0, 2100.0, 2160.0, 2220.0, 2280.0, 2340.0, 2400.0, 2460.0, 2520.0, 2580.0, 2640.0, 2700.0, 2760.0, 2820.0, 2880.0, 2940.0, 3000.0]
/////////////////////////
PROCESSING:  TTM1300THTH
/////////////////////////
plotTreeName: Tprime2_DeepAK8_Mass
Flavour: M #tag: isV_tZtH #algo: DeepAK8
Weights: 1 * 1 * 1 * pileupWeight * 1 * lepIdSF * EGammaGsfSF * 1 * (MCWeight_singleLepCalc/abs(MCWeight_singleLepCalc)) * 0.000159552786272
Cuts: (leptonPt_singleLepCalc > 50) && (corr_met_singleLepCalc > 55) && (AK4HT > 480) && (minDR_lepJet > 0.4 || ptRel_lepJet > 40) && (NJetsAK8_JetSubCalc > 2) && (minDR_leadAK8otherAK8 < 3.0) && DataPastTrigger == 1 && isMuon==1
****************************************************************************************************
****************************************************************************************************
DISTRIBUTION: Tp2Mass
            -name in ljmet trees: Tprime2_ALGO_Mass
            -x-axis label is set to: ;M(T) [GeV])
            -using the binning as: [0.0, 60.0, 120.0, 180.0, 240.0, 300.0, 360.0, 420.0, 480.0, 540.0, 600.0, 660.0, 720.0, 780.0, 840.0, 900.0, 960.0, 1020.0, 1080.0, 1140.0, 1200.0, 1260.0, 1320.0, 1380.0, 1440.0, 1500.0, 1560.0, 1620.0, 1680.0, 1740.0, 1800.0, 1860.0, 1920.0, 1980.0, 2040.0, 2100.0, 2160.0, 2220.0, 2280.0, 2340.0, 2400.0, 2460.0, 2520.0, 2580.0, 2640.0, 2700.0, 2760.0, 2820.0, 2880.0, 2940.0, 3000.0]
/////////////////////////
PROCESSING:  TTM1300TZTZ
/////////////////////////
plotTreeName: Tprime2_DeepAK8_Mass
Flavour: M #tag: isV_tZtH #algo: DeepAK8
Weights: 1 * 1 * 1 * pileupWeight * 1 * lepIdSF * EGammaGsfSF * 1 * (MCWeight_singleLepCalc/abs(MCWeight_singleLepCalc)) * 0.000159552786272
Cuts: (leptonPt_singleLepCalc > 50) && (corr_met_singleLepCalc > 55) && (AK4HT > 480) && (minDR_lepJet > 0.4 || ptRel_lepJet > 40) && (NJetsAK8_JetSubCalc > 2) && (minDR_leadAK8otherAK8 < 3.0) && DataPastTrigger == 1 && isMuon==1
****************************************************************************************************
****************************************************************************************************
DISTRIBUTION: Tp2Mass
            -name in ljmet trees: Tprime2_ALGO_Mass
            -x-axis label is set to: ;M(T) [GeV])
            -using the binning as: [0.0, 60.0, 120.0, 180.0, 240.0, 300.0, 360.0, 420.0, 480.0, 540.0, 600.0, 660.0, 720.0, 780.0, 840.0, 900.0, 960.0, 1020.0, 1080.0, 1140.0, 1200.0, 1260.0, 1320.0, 1380.0, 1440.0, 1500.0, 1560.0, 1620.0, 1680.0, 1740.0, 1800.0, 1860.0, 1920.0, 1980.0, 2040.0, 2100.0, 2160.0, 2220.0, 2280.0, 2340.0, 2400.0, 2460.0, 2520.0, 2580.0, 2640.0, 2700.0, 2760.0, 2820.0, 2880.0, 2940.0, 3000.0]
/////////////////////////
PROCESSING:  TTM1300TZBW
/////////////////////////
plotTreeName: Tprime2_DeepAK8_Mass
Flavour: M #tag: isV_tZtH #algo: DeepAK8
Weights: 1 * 1 * 1 * pileupWeight * 1 * lepIdSF * EGammaGsfSF * 1 * (MCWeight_singleLepCalc/abs(MCWeight_singleLepCalc)) * 0.000319105572545
Cuts: (leptonPt_singleLepCalc > 50) && (corr_met_singleLepCalc > 55) && (AK4HT > 480) && (minDR_lepJet > 0.4 || ptRel_lepJet > 40) && (NJetsAK8_JetSubCalc > 2) && (minDR_leadAK8otherAK8 < 3.0) && DataPastTrigger == 1 && isMuon==1
****************************************************************************************************
****************************************************************************************************
DISTRIBUTION: Tp2Mass
            -name in ljmet trees: Tprime2_ALGO_Mass
            -x-axis label is set to: ;M(T) [GeV])
            -using the binning as: [0.0, 60.0, 120.0, 180.0, 240.0, 300.0, 360.0, 420.0, 480.0, 540.0, 600.0, 660.0, 720.0, 780.0, 840.0, 900.0, 960.0, 1020.0, 1080.0, 1140.0, 1200.0, 1260.0, 1320.0, 1380.0, 1440.0, 1500.0, 1560.0, 1620.0, 1680.0, 1740.0, 1800.0, 1860.0, 1920.0, 1980.0, 2040.0, 2100.0, 2160.0, 2220.0, 2280.0, 2340.0, 2400.0, 2460.0, 2520.0, 2580.0, 2640.0, 2700.0, 2760.0, 2820.0, 2880.0, 2940.0, 3000.0]
/////////////////////////
PROCESSING:  TTM1300THBW
/////////////////////////
plotTreeName: Tprime2_DeepAK8_Mass
Flavour: M #tag: isV_tZtH #algo: DeepAK8
Weights: 1 * 1 * 1 * pileupWeight * 1 * lepIdSF * EGammaGsfSF * 1 * (MCWeight_singleLepCalc/abs(MCWeight_singleLepCalc)) * 0.000319105572545
Cuts: (leptonPt_singleLepCalc > 50) && (corr_met_singleLepCalc > 55) && (AK4HT > 480) && (minDR_lepJet > 0.4 || ptRel_lepJet > 40) && (NJetsAK8_JetSubCalc > 2) && (minDR_leadAK8otherAK8 < 3.0) && DataPastTrigger == 1 && isMuon==1
****************************************************************************************************
****************************************************************************************************
DISTRIBUTION: Tp2Mass
            -name in ljmet trees: Tprime2_ALGO_Mass
            -x-axis label is set to: ;M(T) [GeV])
            -using the binning as: [0.0, 60.0, 120.0, 180.0, 240.0, 300.0, 360.0, 420.0, 480.0, 540.0, 600.0, 660.0, 720.0, 780.0, 840.0, 900.0, 960.0, 1020.0, 1080.0, 1140.0, 1200.0, 1260.0, 1320.0, 1380.0, 1440.0, 1500.0, 1560.0, 1620.0, 1680.0, 1740.0, 1800.0, 1860.0, 1920.0, 1980.0, 2040.0, 2100.0, 2160.0, 2220.0, 2280.0, 2340.0, 2400.0, 2460.0, 2520.0, 2580.0, 2640.0, 2700.0, 2760.0, 2820.0, 2880.0, 2940.0, 3000.0]
/////////////////////////
PROCESSING:  TTM1300TZTH
/////////////////////////
plotTreeName: Tprime2_DeepAK8_Mass
Flavour: M #tag: isV_tZtH #algo: DeepAK8
Weights: 1 * 1 * 1 * pileupWeight * 1 * lepIdSF * EGammaGsfSF * 1 * (MCWeight_singleLepCalc/abs(MCWeight_singleLepCalc)) * 0.000159552786272
Cuts: (leptonPt_singleLepCalc > 50) && (corr_met_singleLepCalc > 55) && (AK4HT > 480) && (minDR_lepJet > 0.4 || ptRel_lepJet > 40) && (NJetsAK8_JetSubCalc > 2) && (minDR_leadAK8otherAK8 < 3.0) && DataPastTrigger == 1 && isMuon==1
****************************************************************************************************
****************************************************************************************************
DISTRIBUTION: Tp2Mass
            -name in ljmet trees: Tprime2_ALGO_Mass
            -x-axis label is set to: ;M(T) [GeV])
            -using the binning as: [0.0, 60.0, 120.0, 180.0, 240.0, 300.0, 360.0, 420.0, 480.0, 540.0, 600.0, 660.0, 720.0, 780.0, 840.0, 900.0, 960.0, 1020.0, 1080.0, 1140.0, 1200.0, 1260.0, 1320.0, 1380.0, 1440.0, 1500.0, 1560.0, 1620.0, 1680.0, 1740.0, 1800.0, 1860.0, 1920.0, 1980.0, 2040.0, 2100.0, 2160.0, 2220.0, 2280.0, 2340.0, 2400.0, 2460.0, 2520.0, 2580.0, 2640.0, 2700.0, 2760.0, 2820.0, 2880.0, 2940.0, 3000.0]
/////////////////////////
PROCESSING:  TTM1400BWBW
/////////////////////////
plotTreeName: Tprime2_DeepAK8_Mass
Flavour: M #tag: isV_tZtH #algo: DeepAK8
Weights: 1 * 1 * 1 * pileupWeight * 1 * lepIdSF * EGammaGsfSF * 1 * (MCWeight_singleLepCalc/abs(MCWeight_singleLepCalc)) * 0.000352883542956
Cuts: (leptonPt_singleLepCalc > 50) && (corr_met_singleLepCalc > 55) && (AK4HT > 480) && (minDR_lepJet > 0.4 || ptRel_lepJet > 40) && (NJetsAK8_JetSubCalc > 2) && (minDR_leadAK8otherAK8 < 3.0) && DataPastTrigger == 1 && isMuon==1
****************************************************************************************************
****************************************************************************************************
DISTRIBUTION: Tp2Mass
            -name in ljmet trees: Tprime2_ALGO_Mass
            -x-axis label is set to: ;M(T) [GeV])
            -using the binning as: [0.0, 60.0, 120.0, 180.0, 240.0, 300.0, 360.0, 420.0, 480.0, 540.0, 600.0, 660.0, 720.0, 780.0, 840.0, 900.0, 960.0, 1020.0, 1080.0, 1140.0, 1200.0, 1260.0, 1320.0, 1380.0, 1440.0, 1500.0, 1560.0, 1620.0, 1680.0, 1740.0, 1800.0, 1860.0, 1920.0, 1980.0, 2040.0, 2100.0, 2160.0, 2220.0, 2280.0, 2340.0, 2400.0, 2460.0, 2520.0, 2580.0, 2640.0, 2700.0, 2760.0, 2820.0, 2880.0, 2940.0, 3000.0]
/////////////////////////
PROCESSING:  TTM1400THTH
/////////////////////////
plotTreeName: Tprime2_DeepAK8_Mass
Flavour: M #tag: isV_tZtH #algo: DeepAK8
Weights: 1 * 1 * 1 * pileupWeight * 1 * lepIdSF * EGammaGsfSF * 1 * (MCWeight_singleLepCalc/abs(MCWeight_singleLepCalc)) * 8.82208857389e-05
Cuts: (leptonPt_singleLepCalc > 50) && (corr_met_singleLepCalc > 55) && (AK4HT > 480) && (minDR_lepJet > 0.4 || ptRel_lepJet > 40) && (NJetsAK8_JetSubCalc > 2) && (minDR_leadAK8otherAK8 < 3.0) && DataPastTrigger == 1 && isMuon==1
****************************************************************************************************
****************************************************************************************************
DISTRIBUTION: Tp2Mass
            -name in ljmet trees: Tprime2_ALGO_Mass
            -x-axis label is set to: ;M(T) [GeV])
            -using the binning as: [0.0, 60.0, 120.0, 180.0, 240.0, 300.0, 360.0, 420.0, 480.0, 540.0, 600.0, 660.0, 720.0, 780.0, 840.0, 900.0, 960.0, 1020.0, 1080.0, 1140.0, 1200.0, 1260.0, 1320.0, 1380.0, 1440.0, 1500.0, 1560.0, 1620.0, 1680.0, 1740.0, 1800.0, 1860.0, 1920.0, 1980.0, 2040.0, 2100.0, 2160.0, 2220.0, 2280.0, 2340.0, 2400.0, 2460.0, 2520.0, 2580.0, 2640.0, 2700.0, 2760.0, 2820.0, 2880.0, 2940.0, 3000.0]
/////////////////////////
PROCESSING:  TTM1400TZTZ
/////////////////////////
plotTreeName: Tprime2_DeepAK8_Mass
Flavour: M #tag: isV_tZtH #algo: DeepAK8
Weights: 1 * 1 * 1 * pileupWeight * 1 * lepIdSF * EGammaGsfSF * 1 * (MCWeight_singleLepCalc/abs(MCWeight_singleLepCalc)) * 8.82208857389e-05
Cuts: (leptonPt_singleLepCalc > 50) && (corr_met_singleLepCalc > 55) && (AK4HT > 480) && (minDR_lepJet > 0.4 || ptRel_lepJet > 40) && (NJetsAK8_JetSubCalc > 2) && (minDR_leadAK8otherAK8 < 3.0) && DataPastTrigger == 1 && isMuon==1
****************************************************************************************************
****************************************************************************************************
DISTRIBUTION: Tp2Mass
            -name in ljmet trees: Tprime2_ALGO_Mass
            -x-axis label is set to: ;M(T) [GeV])
            -using the binning as: [0.0, 60.0, 120.0, 180.0, 240.0, 300.0, 360.0, 420.0, 480.0, 540.0, 600.0, 660.0, 720.0, 780.0, 840.0, 900.0, 960.0, 1020.0, 1080.0, 1140.0, 1200.0, 1260.0, 1320.0, 1380.0, 1440.0, 1500.0, 1560.0, 1620.0, 1680.0, 1740.0, 1800.0, 1860.0, 1920.0, 1980.0, 2040.0, 2100.0, 2160.0, 2220.0, 2280.0, 2340.0, 2400.0, 2460.0, 2520.0, 2580.0, 2640.0, 2700.0, 2760.0, 2820.0, 2880.0, 2940.0, 3000.0]
/////////////////////////
PROCESSING:  TTM1400TZBW
/////////////////////////
plotTreeName: Tprime2_DeepAK8_Mass
Flavour: M #tag: isV_tZtH #algo: DeepAK8
Weights: 1 * 1 * 1 * pileupWeight * 1 * lepIdSF * EGammaGsfSF * 1 * (MCWeight_singleLepCalc/abs(MCWeight_singleLepCalc)) * 0.000176441771478
Cuts: (leptonPt_singleLepCalc > 50) && (corr_met_singleLepCalc > 55) && (AK4HT > 480) && (minDR_lepJet > 0.4 || ptRel_lepJet > 40) && (NJetsAK8_JetSubCalc > 2) && (minDR_leadAK8otherAK8 < 3.0) && DataPastTrigger == 1 && isMuon==1
****************************************************************************************************
****************************************************************************************************
DISTRIBUTION: Tp2Mass
            -name in ljmet trees: Tprime2_ALGO_Mass
            -x-axis label is set to: ;M(T) [GeV])
            -using the binning as: [0.0, 60.0, 120.0, 180.0, 240.0, 300.0, 360.0, 420.0, 480.0, 540.0, 600.0, 660.0, 720.0, 780.0, 840.0, 900.0, 960.0, 1020.0, 1080.0, 1140.0, 1200.0, 1260.0, 1320.0, 1380.0, 1440.0, 1500.0, 1560.0, 1620.0, 1680.0, 1740.0, 1800.0, 1860.0, 1920.0, 1980.0, 2040.0, 2100.0, 2160.0, 2220.0, 2280.0, 2340.0, 2400.0, 2460.0, 2520.0, 2580.0, 2640.0, 2700.0, 2760.0, 2820.0, 2880.0, 2940.0, 3000.0]
/////////////////////////
PROCESSING:  TTM1400THBW
/////////////////////////
plotTreeName: Tprime2_DeepAK8_Mass
Flavour: M #tag: isV_tZtH #algo: DeepAK8
Weights: 1 * 1 * 1 * pileupWeight * 1 * lepIdSF * EGammaGsfSF * 1 * (MCWeight_singleLepCalc/abs(MCWeight_singleLepCalc)) * 0.000176441771478
Cuts: (leptonPt_singleLepCalc > 50) && (corr_met_singleLepCalc > 55) && (AK4HT > 480) && (minDR_lepJet > 0.4 || ptRel_lepJet > 40) && (NJetsAK8_JetSubCalc > 2) && (minDR_leadAK8otherAK8 < 3.0) && DataPastTrigger == 1 && isMuon==1
****************************************************************************************************
****************************************************************************************************
DISTRIBUTION: Tp2Mass
            -name in ljmet trees: Tprime2_ALGO_Mass
            -x-axis label is set to: ;M(T) [GeV])
            -using the binning as: [0.0, 60.0, 120.0, 180.0, 240.0, 300.0, 360.0, 420.0, 480.0, 540.0, 600.0, 660.0, 720.0, 780.0, 840.0, 900.0, 960.0, 1020.0, 1080.0, 1140.0, 1200.0, 1260.0, 1320.0, 1380.0, 1440.0, 1500.0, 1560.0, 1620.0, 1680.0, 1740.0, 1800.0, 1860.0, 1920.0, 1980.0, 2040.0, 2100.0, 2160.0, 2220.0, 2280.0, 2340.0, 2400.0, 2460.0, 2520.0, 2580.0, 2640.0, 2700.0, 2760.0, 2820.0, 2880.0, 2940.0, 3000.0]
/////////////////////////
PROCESSING:  TTM1400TZTH
/////////////////////////
plotTreeName: Tprime2_DeepAK8_Mass
Flavour: M #tag: isV_tZtH #algo: DeepAK8
Weights: 1 * 1 * 1 * pileupWeight * 1 * lepIdSF * EGammaGsfSF * 1 * (MCWeight_singleLepCalc/abs(MCWeight_singleLepCalc)) * 8.82208857389e-05
Cuts: (leptonPt_singleLepCalc > 50) && (corr_met_singleLepCalc > 55) && (AK4HT > 480) && (minDR_lepJet > 0.4 || ptRel_lepJet > 40) && (NJetsAK8_JetSubCalc > 2) && (minDR_leadAK8otherAK8 < 3.0) && DataPastTrigger == 1 && isMuon==1
****************************************************************************************************
****************************************************************************************************
DISTRIBUTION: Tp2Mass
            -name in ljmet trees: Tprime2_ALGO_Mass
            -x-axis label is set to: ;M(T) [GeV])
            -using the binning as: [0.0, 60.0, 120.0, 180.0, 240.0, 300.0, 360.0, 420.0, 480.0, 540.0, 600.0, 660.0, 720.0, 780.0, 840.0, 900.0, 960.0, 1020.0, 1080.0, 1140.0, 1200.0, 1260.0, 1320.0, 1380.0, 1440.0, 1500.0, 1560.0, 1620.0, 1680.0, 1740.0, 1800.0, 1860.0, 1920.0, 1980.0, 2040.0, 2100.0, 2160.0, 2220.0, 2280.0, 2340.0, 2400.0, 2460.0, 2520.0, 2580.0, 2640.0, 2700.0, 2760.0, 2820.0, 2880.0, 2940.0, 3000.0]
/////////////////////////
PROCESSING:  TTM1500BWBW
/////////////////////////
plotTreeName: Tprime2_DeepAK8_Mass
Flavour: M #tag: isV_tZtH #algo: DeepAK8
Weights: 1 * 1 * 1 * pileupWeight * 1 * lepIdSF * EGammaGsfSF * 1 * (MCWeight_singleLepCalc/abs(MCWeight_singleLepCalc)) * 0.00019932135405
Cuts: (leptonPt_singleLepCalc > 50) && (corr_met_singleLepCalc > 55) && (AK4HT > 480) && (minDR_lepJet > 0.4 || ptRel_lepJet > 40) && (NJetsAK8_JetSubCalc > 2) && (minDR_leadAK8otherAK8 < 3.0) && DataPastTrigger == 1 && isMuon==1
****************************************************************************************************
****************************************************************************************************
DISTRIBUTION: Tp2Mass
            -name in ljmet trees: Tprime2_ALGO_Mass
            -x-axis label is set to: ;M(T) [GeV])
            -using the binning as: [0.0, 60.0, 120.0, 180.0, 240.0, 300.0, 360.0, 420.0, 480.0, 540.0, 600.0, 660.0, 720.0, 780.0, 840.0, 900.0, 960.0, 1020.0, 1080.0, 1140.0, 1200.0, 1260.0, 1320.0, 1380.0, 1440.0, 1500.0, 1560.0, 1620.0, 1680.0, 1740.0, 1800.0, 1860.0, 1920.0, 1980.0, 2040.0, 2100.0, 2160.0, 2220.0, 2280.0, 2340.0, 2400.0, 2460.0, 2520.0, 2580.0, 2640.0, 2700.0, 2760.0, 2820.0, 2880.0, 2940.0, 3000.0]
/////////////////////////
PROCESSING:  TTM1500THTH
/////////////////////////
plotTreeName: Tprime2_DeepAK8_Mass
Flavour: M #tag: isV_tZtH #algo: DeepAK8
Weights: 1 * 1 * 1 * pileupWeight * 1 * lepIdSF * EGammaGsfSF * 1 * (MCWeight_singleLepCalc/abs(MCWeight_singleLepCalc)) * 4.98303385124e-05
Cuts: (leptonPt_singleLepCalc > 50) && (corr_met_singleLepCalc > 55) && (AK4HT > 480) && (minDR_lepJet > 0.4 || ptRel_lepJet > 40) && (NJetsAK8_JetSubCalc > 2) && (minDR_leadAK8otherAK8 < 3.0) && DataPastTrigger == 1 && isMuon==1
****************************************************************************************************
****************************************************************************************************
DISTRIBUTION: Tp2Mass
            -name in ljmet trees: Tprime2_ALGO_Mass
            -x-axis label is set to: ;M(T) [GeV])
            -using the binning as: [0.0, 60.0, 120.0, 180.0, 240.0, 300.0, 360.0, 420.0, 480.0, 540.0, 600.0, 660.0, 720.0, 780.0, 840.0, 900.0, 960.0, 1020.0, 1080.0, 1140.0, 1200.0, 1260.0, 1320.0, 1380.0, 1440.0, 1500.0, 1560.0, 1620.0, 1680.0, 1740.0, 1800.0, 1860.0, 1920.0, 1980.0, 2040.0, 2100.0, 2160.0, 2220.0, 2280.0, 2340.0, 2400.0, 2460.0, 2520.0, 2580.0, 2640.0, 2700.0, 2760.0, 2820.0, 2880.0, 2940.0, 3000.0]
/////////////////////////
PROCESSING:  TTM1500TZTZ
/////////////////////////
plotTreeName: Tprime2_DeepAK8_Mass
Flavour: M #tag: isV_tZtH #algo: DeepAK8
Weights: 1 * 1 * 1 * pileupWeight * 1 * lepIdSF * EGammaGsfSF * 1 * (MCWeight_singleLepCalc/abs(MCWeight_singleLepCalc)) * 4.98303385124e-05
Cuts: (leptonPt_singleLepCalc > 50) && (corr_met_singleLepCalc > 55) && (AK4HT > 480) && (minDR_lepJet > 0.4 || ptRel_lepJet > 40) && (NJetsAK8_JetSubCalc > 2) && (minDR_leadAK8otherAK8 < 3.0) && DataPastTrigger == 1 && isMuon==1
****************************************************************************************************
****************************************************************************************************
DISTRIBUTION: Tp2Mass
            -name in ljmet trees: Tprime2_ALGO_Mass
            -x-axis label is set to: ;M(T) [GeV])
            -using the binning as: [0.0, 60.0, 120.0, 180.0, 240.0, 300.0, 360.0, 420.0, 480.0, 540.0, 600.0, 660.0, 720.0, 780.0, 840.0, 900.0, 960.0, 1020.0, 1080.0, 1140.0, 1200.0, 1260.0, 1320.0, 1380.0, 1440.0, 1500.0, 1560.0, 1620.0, 1680.0, 1740.0, 1800.0, 1860.0, 1920.0, 1980.0, 2040.0, 2100.0, 2160.0, 2220.0, 2280.0, 2340.0, 2400.0, 2460.0, 2520.0, 2580.0, 2640.0, 2700.0, 2760.0, 2820.0, 2880.0, 2940.0, 3000.0]
/////////////////////////
PROCESSING:  TTM1500TZBW
/////////////////////////
plotTreeName: Tprime2_DeepAK8_Mass
Flavour: M #tag: isV_tZtH #algo: DeepAK8
Weights: 1 * 1 * 1 * pileupWeight * 1 * lepIdSF * EGammaGsfSF * 1 * (MCWeight_singleLepCalc/abs(MCWeight_singleLepCalc)) * 9.96606770248e-05
Cuts: (leptonPt_singleLepCalc > 50) && (corr_met_singleLepCalc > 55) && (AK4HT > 480) && (minDR_lepJet > 0.4 || ptRel_lepJet > 40) && (NJetsAK8_JetSubCalc > 2) && (minDR_leadAK8otherAK8 < 3.0) && DataPastTrigger == 1 && isMuon==1
****************************************************************************************************
****************************************************************************************************
DISTRIBUTION: Tp2Mass
            -name in ljmet trees: Tprime2_ALGO_Mass
            -x-axis label is set to: ;M(T) [GeV])
            -using the binning as: [0.0, 60.0, 120.0, 180.0, 240.0, 300.0, 360.0, 420.0, 480.0, 540.0, 600.0, 660.0, 720.0, 780.0, 840.0, 900.0, 960.0, 1020.0, 1080.0, 1140.0, 1200.0, 1260.0, 1320.0, 1380.0, 1440.0, 1500.0, 1560.0, 1620.0, 1680.0, 1740.0, 1800.0, 1860.0, 1920.0, 1980.0, 2040.0, 2100.0, 2160.0, 2220.0, 2280.0, 2340.0, 2400.0, 2460.0, 2520.0, 2580.0, 2640.0, 2700.0, 2760.0, 2820.0, 2880.0, 2940.0, 3000.0]
/////////////////////////
PROCESSING:  TTM1500THBW
/////////////////////////
plotTreeName: Tprime2_DeepAK8_Mass
Flavour: M #tag: isV_tZtH #algo: DeepAK8
Weights: 1 * 1 * 1 * pileupWeight * 1 * lepIdSF * EGammaGsfSF * 1 * (MCWeight_singleLepCalc/abs(MCWeight_singleLepCalc)) * 9.96606770248e-05
Cuts: (leptonPt_singleLepCalc > 50) && (corr_met_singleLepCalc > 55) && (AK4HT > 480) && (minDR_lepJet > 0.4 || ptRel_lepJet > 40) && (NJetsAK8_JetSubCalc > 2) && (minDR_leadAK8otherAK8 < 3.0) && DataPastTrigger == 1 && isMuon==1
****************************************************************************************************
****************************************************************************************************
DISTRIBUTION: Tp2Mass
            -name in ljmet trees: Tprime2_ALGO_Mass
            -x-axis label is set to: ;M(T) [GeV])
            -using the binning as: [0.0, 60.0, 120.0, 180.0, 240.0, 300.0, 360.0, 420.0, 480.0, 540.0, 600.0, 660.0, 720.0, 780.0, 840.0, 900.0, 960.0, 1020.0, 1080.0, 1140.0, 1200.0, 1260.0, 1320.0, 1380.0, 1440.0, 1500.0, 1560.0, 1620.0, 1680.0, 1740.0, 1800.0, 1860.0, 1920.0, 1980.0, 2040.0, 2100.0, 2160.0, 2220.0, 2280.0, 2340.0, 2400.0, 2460.0, 2520.0, 2580.0, 2640.0, 2700.0, 2760.0, 2820.0, 2880.0, 2940.0, 3000.0]
/////////////////////////
PROCESSING:  TTM1500TZTH
/////////////////////////
plotTreeName: Tprime2_DeepAK8_Mass
Flavour: M #tag: isV_tZtH #algo: DeepAK8
Weights: 1 * 1 * 1 * pileupWeight * 1 * lepIdSF * EGammaGsfSF * 1 * (MCWeight_singleLepCalc/abs(MCWeight_singleLepCalc)) * 4.98303385124e-05
Cuts: (leptonPt_singleLepCalc > 50) && (corr_met_singleLepCalc > 55) && (AK4HT > 480) && (minDR_lepJet > 0.4 || ptRel_lepJet > 40) && (NJetsAK8_JetSubCalc > 2) && (minDR_leadAK8otherAK8 < 3.0) && DataPastTrigger == 1 && isMuon==1
****************************************************************************************************
****************************************************************************************************
DISTRIBUTION: Tp2Mass
            -name in ljmet trees: Tprime2_ALGO_Mass
            -x-axis label is set to: ;M(T) [GeV])
            -using the binning as: [0.0, 60.0, 120.0, 180.0, 240.0, 300.0, 360.0, 420.0, 480.0, 540.0, 600.0, 660.0, 720.0, 780.0, 840.0, 900.0, 960.0, 1020.0, 1080.0, 1140.0, 1200.0, 1260.0, 1320.0, 1380.0, 1440.0, 1500.0, 1560.0, 1620.0, 1680.0, 1740.0, 1800.0, 1860.0, 1920.0, 1980.0, 2040.0, 2100.0, 2160.0, 2220.0, 2280.0, 2340.0, 2400.0, 2460.0, 2520.0, 2580.0, 2640.0, 2700.0, 2760.0, 2820.0, 2880.0, 2940.0, 3000.0]
/////////////////////////
PROCESSING:  TTM1600BWBW
/////////////////////////
plotTreeName: Tprime2_DeepAK8_Mass
Flavour: M #tag: isV_tZtH #algo: DeepAK8
Weights: 1 * 1 * 1 * pileupWeight * 1 * lepIdSF * EGammaGsfSF * 1 * (MCWeight_singleLepCalc/abs(MCWeight_singleLepCalc)) * 0.000114437939919
Cuts: (leptonPt_singleLepCalc > 50) && (corr_met_singleLepCalc > 55) && (AK4HT > 480) && (minDR_lepJet > 0.4 || ptRel_lepJet > 40) && (NJetsAK8_JetSubCalc > 2) && (minDR_leadAK8otherAK8 < 3.0) && DataPastTrigger == 1 && isMuon==1
****************************************************************************************************
****************************************************************************************************
DISTRIBUTION: Tp2Mass
            -name in ljmet trees: Tprime2_ALGO_Mass
            -x-axis label is set to: ;M(T) [GeV])
            -using the binning as: [0.0, 60.0, 120.0, 180.0, 240.0, 300.0, 360.0, 420.0, 480.0, 540.0, 600.0, 660.0, 720.0, 780.0, 840.0, 900.0, 960.0, 1020.0, 1080.0, 1140.0, 1200.0, 1260.0, 1320.0, 1380.0, 1440.0, 1500.0, 1560.0, 1620.0, 1680.0, 1740.0, 1800.0, 1860.0, 1920.0, 1980.0, 2040.0, 2100.0, 2160.0, 2220.0, 2280.0, 2340.0, 2400.0, 2460.0, 2520.0, 2580.0, 2640.0, 2700.0, 2760.0, 2820.0, 2880.0, 2940.0, 3000.0]
/////////////////////////
PROCESSING:  TTM1600THTH
/////////////////////////
plotTreeName: Tprime2_DeepAK8_Mass
Flavour: M #tag: isV_tZtH #algo: DeepAK8
Weights: 1 * 1 * 1 * pileupWeight * 1 * lepIdSF * EGammaGsfSF * 1 * (MCWeight_singleLepCalc/abs(MCWeight_singleLepCalc)) * 2.86094849797e-05
Cuts: (leptonPt_singleLepCalc > 50) && (corr_met_singleLepCalc > 55) && (AK4HT > 480) && (minDR_lepJet > 0.4 || ptRel_lepJet > 40) && (NJetsAK8_JetSubCalc > 2) && (minDR_leadAK8otherAK8 < 3.0) && DataPastTrigger == 1 && isMuon==1
****************************************************************************************************
****************************************************************************************************
DISTRIBUTION: Tp2Mass
            -name in ljmet trees: Tprime2_ALGO_Mass
            -x-axis label is set to: ;M(T) [GeV])
            -using the binning as: [0.0, 60.0, 120.0, 180.0, 240.0, 300.0, 360.0, 420.0, 480.0, 540.0, 600.0, 660.0, 720.0, 780.0, 840.0, 900.0, 960.0, 1020.0, 1080.0, 1140.0, 1200.0, 1260.0, 1320.0, 1380.0, 1440.0, 1500.0, 1560.0, 1620.0, 1680.0, 1740.0, 1800.0, 1860.0, 1920.0, 1980.0, 2040.0, 2100.0, 2160.0, 2220.0, 2280.0, 2340.0, 2400.0, 2460.0, 2520.0, 2580.0, 2640.0, 2700.0, 2760.0, 2820.0, 2880.0, 2940.0, 3000.0]
/////////////////////////
PROCESSING:  TTM1600TZTZ
/////////////////////////
plotTreeName: Tprime2_DeepAK8_Mass
Flavour: M #tag: isV_tZtH #algo: DeepAK8
Weights: 1 * 1 * 1 * pileupWeight * 1 * lepIdSF * EGammaGsfSF * 1 * (MCWeight_singleLepCalc/abs(MCWeight_singleLepCalc)) * 2.86094849797e-05
Cuts: (leptonPt_singleLepCalc > 50) && (corr_met_singleLepCalc > 55) && (AK4HT > 480) && (minDR_lepJet > 0.4 || ptRel_lepJet > 40) && (NJetsAK8_JetSubCalc > 2) && (minDR_leadAK8otherAK8 < 3.0) && DataPastTrigger == 1 && isMuon==1
****************************************************************************************************
****************************************************************************************************
DISTRIBUTION: Tp2Mass
            -name in ljmet trees: Tprime2_ALGO_Mass
            -x-axis label is set to: ;M(T) [GeV])
            -using the binning as: [0.0, 60.0, 120.0, 180.0, 240.0, 300.0, 360.0, 420.0, 480.0, 540.0, 600.0, 660.0, 720.0, 780.0, 840.0, 900.0, 960.0, 1020.0, 1080.0, 1140.0, 1200.0, 1260.0, 1320.0, 1380.0, 1440.0, 1500.0, 1560.0, 1620.0, 1680.0, 1740.0, 1800.0, 1860.0, 1920.0, 1980.0, 2040.0, 2100.0, 2160.0, 2220.0, 2280.0, 2340.0, 2400.0, 2460.0, 2520.0, 2580.0, 2640.0, 2700.0, 2760.0, 2820.0, 2880.0, 2940.0, 3000.0]
/////////////////////////
PROCESSING:  TTM1600TZBW
/////////////////////////
plotTreeName: Tprime2_DeepAK8_Mass
Flavour: M #tag: isV_tZtH #algo: DeepAK8
Weights: 1 * 1 * 1 * pileupWeight * 1 * lepIdSF * EGammaGsfSF * 1 * (MCWeight_singleLepCalc/abs(MCWeight_singleLepCalc)) * 5.72189699595e-05
Cuts: (leptonPt_singleLepCalc > 50) && (corr_met_singleLepCalc > 55) && (AK4HT > 480) && (minDR_lepJet > 0.4 || ptRel_lepJet > 40) && (NJetsAK8_JetSubCalc > 2) && (minDR_leadAK8otherAK8 < 3.0) && DataPastTrigger == 1 && isMuon==1
****************************************************************************************************
****************************************************************************************************
DISTRIBUTION: Tp2Mass
            -name in ljmet trees: Tprime2_ALGO_Mass
            -x-axis label is set to: ;M(T) [GeV])
            -using the binning as: [0.0, 60.0, 120.0, 180.0, 240.0, 300.0, 360.0, 420.0, 480.0, 540.0, 600.0, 660.0, 720.0, 780.0, 840.0, 900.0, 960.0, 1020.0, 1080.0, 1140.0, 1200.0, 1260.0, 1320.0, 1380.0, 1440.0, 1500.0, 1560.0, 1620.0, 1680.0, 1740.0, 1800.0, 1860.0, 1920.0, 1980.0, 2040.0, 2100.0, 2160.0, 2220.0, 2280.0, 2340.0, 2400.0, 2460.0, 2520.0, 2580.0, 2640.0, 2700.0, 2760.0, 2820.0, 2880.0, 2940.0, 3000.0]
/////////////////////////
PROCESSING:  TTM1600THBW
/////////////////////////
plotTreeName: Tprime2_DeepAK8_Mass
Flavour: M #tag: isV_tZtH #algo: DeepAK8
Weights: 1 * 1 * 1 * pileupWeight * 1 * lepIdSF * EGammaGsfSF * 1 * (MCWeight_singleLepCalc/abs(MCWeight_singleLepCalc)) * 5.72189699595e-05
Cuts: (leptonPt_singleLepCalc > 50) && (corr_met_singleLepCalc > 55) && (AK4HT > 480) && (minDR_lepJet > 0.4 || ptRel_lepJet > 40) && (NJetsAK8_JetSubCalc > 2) && (minDR_leadAK8otherAK8 < 3.0) && DataPastTrigger == 1 && isMuon==1
****************************************************************************************************
****************************************************************************************************
DISTRIBUTION: Tp2Mass
            -name in ljmet trees: Tprime2_ALGO_Mass
            -x-axis label is set to: ;M(T) [GeV])
            -using the binning as: [0.0, 60.0, 120.0, 180.0, 240.0, 300.0, 360.0, 420.0, 480.0, 540.0, 600.0, 660.0, 720.0, 780.0, 840.0, 900.0, 960.0, 1020.0, 1080.0, 1140.0, 1200.0, 1260.0, 1320.0, 1380.0, 1440.0, 1500.0, 1560.0, 1620.0, 1680.0, 1740.0, 1800.0, 1860.0, 1920.0, 1980.0, 2040.0, 2100.0, 2160.0, 2220.0, 2280.0, 2340.0, 2400.0, 2460.0, 2520.0, 2580.0, 2640.0, 2700.0, 2760.0, 2820.0, 2880.0, 2940.0, 3000.0]
/////////////////////////
PROCESSING:  TTM1600TZTH
/////////////////////////
plotTreeName: Tprime2_DeepAK8_Mass
Flavour: M #tag: isV_tZtH #algo: DeepAK8
Weights: 1 * 1 * 1 * pileupWeight * 1 * lepIdSF * EGammaGsfSF * 1 * (MCWeight_singleLepCalc/abs(MCWeight_singleLepCalc)) * 2.86094849797e-05
Cuts: (leptonPt_singleLepCalc > 50) && (corr_met_singleLepCalc > 55) && (AK4HT > 480) && (minDR_lepJet > 0.4 || ptRel_lepJet > 40) && (NJetsAK8_JetSubCalc > 2) && (minDR_leadAK8otherAK8 < 3.0) && DataPastTrigger == 1 && isMuon==1
****************************************************************************************************
****************************************************************************************************
DISTRIBUTION: Tp2Mass
            -name in ljmet trees: Tprime2_ALGO_Mass
            -x-axis label is set to: ;M(T) [GeV])
            -using the binning as: [0.0, 60.0, 120.0, 180.0, 240.0, 300.0, 360.0, 420.0, 480.0, 540.0, 600.0, 660.0, 720.0, 780.0, 840.0, 900.0, 960.0, 1020.0, 1080.0, 1140.0, 1200.0, 1260.0, 1320.0, 1380.0, 1440.0, 1500.0, 1560.0, 1620.0, 1680.0, 1740.0, 1800.0, 1860.0, 1920.0, 1980.0, 2040.0, 2100.0, 2160.0, 2220.0, 2280.0, 2340.0, 2400.0, 2460.0, 2520.0, 2580.0, 2640.0, 2700.0, 2760.0, 2820.0, 2880.0, 2940.0, 3000.0]
/////////////////////////
PROCESSING:  TTM1700BWBW
/////////////////////////
plotTreeName: Tprime2_DeepAK8_Mass
Flavour: M #tag: isV_tZtH #algo: DeepAK8
Weights: 1 * 1 * 1 * pileupWeight * 1 * lepIdSF * EGammaGsfSF * 1 * (MCWeight_singleLepCalc/abs(MCWeight_singleLepCalc)) * 6.93554282011e-05
Cuts: (leptonPt_singleLepCalc > 50) && (corr_met_singleLepCalc > 55) && (AK4HT > 480) && (minDR_lepJet > 0.4 || ptRel_lepJet > 40) && (NJetsAK8_JetSubCalc > 2) && (minDR_leadAK8otherAK8 < 3.0) && DataPastTrigger == 1 && isMuon==1
****************************************************************************************************
****************************************************************************************************
DISTRIBUTION: Tp2Mass
            -name in ljmet trees: Tprime2_ALGO_Mass
            -x-axis label is set to: ;M(T) [GeV])
            -using the binning as: [0.0, 60.0, 120.0, 180.0, 240.0, 300.0, 360.0, 420.0, 480.0, 540.0, 600.0, 660.0, 720.0, 780.0, 840.0, 900.0, 960.0, 1020.0, 1080.0, 1140.0, 1200.0, 1260.0, 1320.0, 1380.0, 1440.0, 1500.0, 1560.0, 1620.0, 1680.0, 1740.0, 1800.0, 1860.0, 1920.0, 1980.0, 2040.0, 2100.0, 2160.0, 2220.0, 2280.0, 2340.0, 2400.0, 2460.0, 2520.0, 2580.0, 2640.0, 2700.0, 2760.0, 2820.0, 2880.0, 2940.0, 3000.0]
/////////////////////////
PROCESSING:  TTM1700THTH
/////////////////////////
plotTreeName: Tprime2_DeepAK8_Mass
Flavour: M #tag: isV_tZtH #algo: DeepAK8
Weights: 1 * 1 * 1 * pileupWeight * 1 * lepIdSF * EGammaGsfSF * 1 * (MCWeight_singleLepCalc/abs(MCWeight_singleLepCalc)) * 1.73388570503e-05
Cuts: (leptonPt_singleLepCalc > 50) && (corr_met_singleLepCalc > 55) && (AK4HT > 480) && (minDR_lepJet > 0.4 || ptRel_lepJet > 40) && (NJetsAK8_JetSubCalc > 2) && (minDR_leadAK8otherAK8 < 3.0) && DataPastTrigger == 1 && isMuon==1
****************************************************************************************************
****************************************************************************************************
DISTRIBUTION: Tp2Mass
            -name in ljmet trees: Tprime2_ALGO_Mass
            -x-axis label is set to: ;M(T) [GeV])
            -using the binning as: [0.0, 60.0, 120.0, 180.0, 240.0, 300.0, 360.0, 420.0, 480.0, 540.0, 600.0, 660.0, 720.0, 780.0, 840.0, 900.0, 960.0, 1020.0, 1080.0, 1140.0, 1200.0, 1260.0, 1320.0, 1380.0, 1440.0, 1500.0, 1560.0, 1620.0, 1680.0, 1740.0, 1800.0, 1860.0, 1920.0, 1980.0, 2040.0, 2100.0, 2160.0, 2220.0, 2280.0, 2340.0, 2400.0, 2460.0, 2520.0, 2580.0, 2640.0, 2700.0, 2760.0, 2820.0, 2880.0, 2940.0, 3000.0]
/////////////////////////
PROCESSING:  TTM1700TZTZ
/////////////////////////
plotTreeName: Tprime2_DeepAK8_Mass
Flavour: M #tag: isV_tZtH #algo: DeepAK8
Weights: 1 * 1 * 1 * pileupWeight * 1 * lepIdSF * EGammaGsfSF * 1 * (MCWeight_singleLepCalc/abs(MCWeight_singleLepCalc)) * 1.73388570503e-05
Cuts: (leptonPt_singleLepCalc > 50) && (corr_met_singleLepCalc > 55) && (AK4HT > 480) && (minDR_lepJet > 0.4 || ptRel_lepJet > 40) && (NJetsAK8_JetSubCalc > 2) && (minDR_leadAK8otherAK8 < 3.0) && DataPastTrigger == 1 && isMuon==1
****************************************************************************************************
****************************************************************************************************
DISTRIBUTION: Tp2Mass
            -name in ljmet trees: Tprime2_ALGO_Mass
            -x-axis label is set to: ;M(T) [GeV])
            -using the binning as: [0.0, 60.0, 120.0, 180.0, 240.0, 300.0, 360.0, 420.0, 480.0, 540.0, 600.0, 660.0, 720.0, 780.0, 840.0, 900.0, 960.0, 1020.0, 1080.0, 1140.0, 1200.0, 1260.0, 1320.0, 1380.0, 1440.0, 1500.0, 1560.0, 1620.0, 1680.0, 1740.0, 1800.0, 1860.0, 1920.0, 1980.0, 2040.0, 2100.0, 2160.0, 2220.0, 2280.0, 2340.0, 2400.0, 2460.0, 2520.0, 2580.0, 2640.0, 2700.0, 2760.0, 2820.0, 2880.0, 2940.0, 3000.0]
/////////////////////////
PROCESSING:  TTM1700TZBW
/////////////////////////
plotTreeName: Tprime2_DeepAK8_Mass
Flavour: M #tag: isV_tZtH #algo: DeepAK8
Weights: 1 * 1 * 1 * pileupWeight * 1 * lepIdSF * EGammaGsfSF * 1 * (MCWeight_singleLepCalc/abs(MCWeight_singleLepCalc)) * 3.46777141005e-05
Cuts: (leptonPt_singleLepCalc > 50) && (corr_met_singleLepCalc > 55) && (AK4HT > 480) && (minDR_lepJet > 0.4 || ptRel_lepJet > 40) && (NJetsAK8_JetSubCalc > 2) && (minDR_leadAK8otherAK8 < 3.0) && DataPastTrigger == 1 && isMuon==1
****************************************************************************************************
****************************************************************************************************
DISTRIBUTION: Tp2Mass
            -name in ljmet trees: Tprime2_ALGO_Mass
            -x-axis label is set to: ;M(T) [GeV])
            -using the binning as: [0.0, 60.0, 120.0, 180.0, 240.0, 300.0, 360.0, 420.0, 480.0, 540.0, 600.0, 660.0, 720.0, 780.0, 840.0, 900.0, 960.0, 1020.0, 1080.0, 1140.0, 1200.0, 1260.0, 1320.0, 1380.0, 1440.0, 1500.0, 1560.0, 1620.0, 1680.0, 1740.0, 1800.0, 1860.0, 1920.0, 1980.0, 2040.0, 2100.0, 2160.0, 2220.0, 2280.0, 2340.0, 2400.0, 2460.0, 2520.0, 2580.0, 2640.0, 2700.0, 2760.0, 2820.0, 2880.0, 2940.0, 3000.0]
/////////////////////////
PROCESSING:  TTM1700THBW
/////////////////////////
plotTreeName: Tprime2_DeepAK8_Mass
Flavour: M #tag: isV_tZtH #algo: DeepAK8
Weights: 1 * 1 * 1 * pileupWeight * 1 * lepIdSF * EGammaGsfSF * 1 * (MCWeight_singleLepCalc/abs(MCWeight_singleLepCalc)) * 3.46777141005e-05
Cuts: (leptonPt_singleLepCalc > 50) && (corr_met_singleLepCalc > 55) && (AK4HT > 480) && (minDR_lepJet > 0.4 || ptRel_lepJet > 40) && (NJetsAK8_JetSubCalc > 2) && (minDR_leadAK8otherAK8 < 3.0) && DataPastTrigger == 1 && isMuon==1
****************************************************************************************************
****************************************************************************************************
DISTRIBUTION: Tp2Mass
            -name in ljmet trees: Tprime2_ALGO_Mass
            -x-axis label is set to: ;M(T) [GeV])
            -using the binning as: [0.0, 60.0, 120.0, 180.0, 240.0, 300.0, 360.0, 420.0, 480.0, 540.0, 600.0, 660.0, 720.0, 780.0, 840.0, 900.0, 960.0, 1020.0, 1080.0, 1140.0, 1200.0, 1260.0, 1320.0, 1380.0, 1440.0, 1500.0, 1560.0, 1620.0, 1680.0, 1740.0, 1800.0, 1860.0, 1920.0, 1980.0, 2040.0, 2100.0, 2160.0, 2220.0, 2280.0, 2340.0, 2400.0, 2460.0, 2520.0, 2580.0, 2640.0, 2700.0, 2760.0, 2820.0, 2880.0, 2940.0, 3000.0]
/////////////////////////
PROCESSING:  TTM1700TZTH
/////////////////////////
plotTreeName: Tprime2_DeepAK8_Mass
Flavour: M #tag: isV_tZtH #algo: DeepAK8
Weights: 1 * 1 * 1 * pileupWeight * 1 * lepIdSF * EGammaGsfSF * 1 * (MCWeight_singleLepCalc/abs(MCWeight_singleLepCalc)) * 1.73388570503e-05
Cuts: (leptonPt_singleLepCalc > 50) && (corr_met_singleLepCalc > 55) && (AK4HT > 480) && (minDR_lepJet > 0.4 || ptRel_lepJet > 40) && (NJetsAK8_JetSubCalc > 2) && (minDR_leadAK8otherAK8 < 3.0) && DataPastTrigger == 1 && isMuon==1
****************************************************************************************************
****************************************************************************************************
DISTRIBUTION: Tp2Mass
            -name in ljmet trees: Tprime2_ALGO_Mass
            -x-axis label is set to: ;M(T) [GeV])
            -using the binning as: [0.0, 60.0, 120.0, 180.0, 240.0, 300.0, 360.0, 420.0, 480.0, 540.0, 600.0, 660.0, 720.0, 780.0, 840.0, 900.0, 960.0, 1020.0, 1080.0, 1140.0, 1200.0, 1260.0, 1320.0, 1380.0, 1440.0, 1500.0, 1560.0, 1620.0, 1680.0, 1740.0, 1800.0, 1860.0, 1920.0, 1980.0, 2040.0, 2100.0, 2160.0, 2220.0, 2280.0, 2340.0, 2400.0, 2460.0, 2520.0, 2580.0, 2640.0, 2700.0, 2760.0, 2820.0, 2880.0, 2940.0, 3000.0]
/////////////////////////
PROCESSING:  TTM1800BWBW
/////////////////////////
plotTreeName: Tprime2_DeepAK8_Mass
Flavour: M #tag: isV_tZtH #algo: DeepAK8
Weights: 1 * 1 * 1 * pileupWeight * 1 * lepIdSF * EGammaGsfSF * 1 * (MCWeight_singleLepCalc/abs(MCWeight_singleLepCalc)) * 3.89579688164e-05
Cuts: (leptonPt_singleLepCalc > 50) && (corr_met_singleLepCalc > 55) && (AK4HT > 480) && (minDR_lepJet > 0.4 || ptRel_lepJet > 40) && (NJetsAK8_JetSubCalc > 2) && (minDR_leadAK8otherAK8 < 3.0) && DataPastTrigger == 1 && isMuon==1
****************************************************************************************************
****************************************************************************************************
DISTRIBUTION: Tp2Mass
            -name in ljmet trees: Tprime2_ALGO_Mass
            -x-axis label is set to: ;M(T) [GeV])
            -using the binning as: [0.0, 60.0, 120.0, 180.0, 240.0, 300.0, 360.0, 420.0, 480.0, 540.0, 600.0, 660.0, 720.0, 780.0, 840.0, 900.0, 960.0, 1020.0, 1080.0, 1140.0, 1200.0, 1260.0, 1320.0, 1380.0, 1440.0, 1500.0, 1560.0, 1620.0, 1680.0, 1740.0, 1800.0, 1860.0, 1920.0, 1980.0, 2040.0, 2100.0, 2160.0, 2220.0, 2280.0, 2340.0, 2400.0, 2460.0, 2520.0, 2580.0, 2640.0, 2700.0, 2760.0, 2820.0, 2880.0, 2940.0, 3000.0]
/////////////////////////
PROCESSING:  TTM1800THTH
/////////////////////////
plotTreeName: Tprime2_DeepAK8_Mass
Flavour: M #tag: isV_tZtH #algo: DeepAK8
Weights: 1 * 1 * 1 * pileupWeight * 1 * lepIdSF * EGammaGsfSF * 1 * (MCWeight_singleLepCalc/abs(MCWeight_singleLepCalc)) * 9.7394922041e-06
Cuts: (leptonPt_singleLepCalc > 50) && (corr_met_singleLepCalc > 55) && (AK4HT > 480) && (minDR_lepJet > 0.4 || ptRel_lepJet > 40) && (NJetsAK8_JetSubCalc > 2) && (minDR_leadAK8otherAK8 < 3.0) && DataPastTrigger == 1 && isMuon==1
****************************************************************************************************
****************************************************************************************************
DISTRIBUTION: Tp2Mass
            -name in ljmet trees: Tprime2_ALGO_Mass
            -x-axis label is set to: ;M(T) [GeV])
            -using the binning as: [0.0, 60.0, 120.0, 180.0, 240.0, 300.0, 360.0, 420.0, 480.0, 540.0, 600.0, 660.0, 720.0, 780.0, 840.0, 900.0, 960.0, 1020.0, 1080.0, 1140.0, 1200.0, 1260.0, 1320.0, 1380.0, 1440.0, 1500.0, 1560.0, 1620.0, 1680.0, 1740.0, 1800.0, 1860.0, 1920.0, 1980.0, 2040.0, 2100.0, 2160.0, 2220.0, 2280.0, 2340.0, 2400.0, 2460.0, 2520.0, 2580.0, 2640.0, 2700.0, 2760.0, 2820.0, 2880.0, 2940.0, 3000.0]
/////////////////////////
PROCESSING:  TTM1800TZTZ
/////////////////////////
plotTreeName: Tprime2_DeepAK8_Mass
Flavour: M #tag: isV_tZtH #algo: DeepAK8
Weights: 1 * 1 * 1 * pileupWeight * 1 * lepIdSF * EGammaGsfSF * 1 * (MCWeight_singleLepCalc/abs(MCWeight_singleLepCalc)) * 9.7394922041e-06
Cuts: (leptonPt_singleLepCalc > 50) && (corr_met_singleLepCalc > 55) && (AK4HT > 480) && (minDR_lepJet > 0.4 || ptRel_lepJet > 40) && (NJetsAK8_JetSubCalc > 2) && (minDR_leadAK8otherAK8 < 3.0) && DataPastTrigger == 1 && isMuon==1
****************************************************************************************************
****************************************************************************************************
DISTRIBUTION: Tp2Mass
            -name in ljmet trees: Tprime2_ALGO_Mass
            -x-axis label is set to: ;M(T) [GeV])
            -using the binning as: [0.0, 60.0, 120.0, 180.0, 240.0, 300.0, 360.0, 420.0, 480.0, 540.0, 600.0, 660.0, 720.0, 780.0, 840.0, 900.0, 960.0, 1020.0, 1080.0, 1140.0, 1200.0, 1260.0, 1320.0, 1380.0, 1440.0, 1500.0, 1560.0, 1620.0, 1680.0, 1740.0, 1800.0, 1860.0, 1920.0, 1980.0, 2040.0, 2100.0, 2160.0, 2220.0, 2280.0, 2340.0, 2400.0, 2460.0, 2520.0, 2580.0, 2640.0, 2700.0, 2760.0, 2820.0, 2880.0, 2940.0, 3000.0]
/////////////////////////
PROCESSING:  TTM1800TZBW
/////////////////////////
plotTreeName: Tprime2_DeepAK8_Mass
Flavour: M #tag: isV_tZtH #algo: DeepAK8
Weights: 1 * 1 * 1 * pileupWeight * 1 * lepIdSF * EGammaGsfSF * 1 * (MCWeight_singleLepCalc/abs(MCWeight_singleLepCalc)) * 1.94789844082e-05
Cuts: (leptonPt_singleLepCalc > 50) && (corr_met_singleLepCalc > 55) && (AK4HT > 480) && (minDR_lepJet > 0.4 || ptRel_lepJet > 40) && (NJetsAK8_JetSubCalc > 2) && (minDR_leadAK8otherAK8 < 3.0) && DataPastTrigger == 1 && isMuon==1
****************************************************************************************************
****************************************************************************************************
DISTRIBUTION: Tp2Mass
            -name in ljmet trees: Tprime2_ALGO_Mass
            -x-axis label is set to: ;M(T) [GeV])
            -using the binning as: [0.0, 60.0, 120.0, 180.0, 240.0, 300.0, 360.0, 420.0, 480.0, 540.0, 600.0, 660.0, 720.0, 780.0, 840.0, 900.0, 960.0, 1020.0, 1080.0, 1140.0, 1200.0, 1260.0, 1320.0, 1380.0, 1440.0, 1500.0, 1560.0, 1620.0, 1680.0, 1740.0, 1800.0, 1860.0, 1920.0, 1980.0, 2040.0, 2100.0, 2160.0, 2220.0, 2280.0, 2340.0, 2400.0, 2460.0, 2520.0, 2580.0, 2640.0, 2700.0, 2760.0, 2820.0, 2880.0, 2940.0, 3000.0]
/////////////////////////
PROCESSING:  TTM1800THBW
/////////////////////////
plotTreeName: Tprime2_DeepAK8_Mass
Flavour: M #tag: isV_tZtH #algo: DeepAK8
Weights: 1 * 1 * 1 * pileupWeight * 1 * lepIdSF * EGammaGsfSF * 1 * (MCWeight_singleLepCalc/abs(MCWeight_singleLepCalc)) * 1.94789844082e-05
Cuts: (leptonPt_singleLepCalc > 50) && (corr_met_singleLepCalc > 55) && (AK4HT > 480) && (minDR_lepJet > 0.4 || ptRel_lepJet > 40) && (NJetsAK8_JetSubCalc > 2) && (minDR_leadAK8otherAK8 < 3.0) && DataPastTrigger == 1 && isMuon==1
****************************************************************************************************
****************************************************************************************************
DISTRIBUTION: Tp2Mass
            -name in ljmet trees: Tprime2_ALGO_Mass
            -x-axis label is set to: ;M(T) [GeV])
            -using the binning as: [0.0, 60.0, 120.0, 180.0, 240.0, 300.0, 360.0, 420.0, 480.0, 540.0, 600.0, 660.0, 720.0, 780.0, 840.0, 900.0, 960.0, 1020.0, 1080.0, 1140.0, 1200.0, 1260.0, 1320.0, 1380.0, 1440.0, 1500.0, 1560.0, 1620.0, 1680.0, 1740.0, 1800.0, 1860.0, 1920.0, 1980.0, 2040.0, 2100.0, 2160.0, 2220.0, 2280.0, 2340.0, 2400.0, 2460.0, 2520.0, 2580.0, 2640.0, 2700.0, 2760.0, 2820.0, 2880.0, 2940.0, 3000.0]
/////////////////////////
PROCESSING:  TTM1800TZTH
/////////////////////////
plotTreeName: Tprime2_DeepAK8_Mass
Flavour: M #tag: isV_tZtH #algo: DeepAK8
Weights: 1 * 1 * 1 * pileupWeight * 1 * lepIdSF * EGammaGsfSF * 1 * (MCWeight_singleLepCalc/abs(MCWeight_singleLepCalc)) * 9.7394922041e-06
Cuts: (leptonPt_singleLepCalc > 50) && (corr_met_singleLepCalc > 55) && (AK4HT > 480) && (minDR_lepJet > 0.4 || ptRel_lepJet > 40) && (NJetsAK8_JetSubCalc > 2) && (minDR_leadAK8otherAK8 < 3.0) && DataPastTrigger == 1 && isMuon==1
****************************************************************************************************
****************************************************************************************************
DISTRIBUTION: Tp2Mass
            -name in ljmet trees: Tprime2_ALGO_Mass
            -x-axis label is set to: ;M(T) [GeV])
            -using the binning as: [0.0, 60.0, 120.0, 180.0, 240.0, 300.0, 360.0, 420.0, 480.0, 540.0, 600.0, 660.0, 720.0, 780.0, 840.0, 900.0, 960.0, 1020.0, 1080.0, 1140.0, 1200.0, 1260.0, 1320.0, 1380.0, 1440.0, 1500.0, 1560.0, 1620.0, 1680.0, 1740.0, 1800.0, 1860.0, 1920.0, 1980.0, 2040.0, 2100.0, 2160.0, 2220.0, 2280.0, 2340.0, 2400.0, 2460.0, 2520.0, 2580.0, 2640.0, 2700.0, 2760.0, 2820.0, 2880.0, 2940.0, 3000.0]
/////////////////////////
PROCESSING:  WJetsMG400
/////////////////////////
plotTreeName: Tprime2_DeepAK8_decorr_Mass
Flavour: M #tag: isV_tZtH #algo: DeepAK8_decorr
Weights: 1 * HTSF_Pol * 1 * pileupWeight * 1 * lepIdSF * EGammaGsfSF * 1 * (MCWeight_singleLepCalc/abs(MCWeight_singleLepCalc)) * 0.280770227538
Cuts: (leptonPt_singleLepCalc > 50) && (corr_met_singleLepCalc > 55) && (AK4HT > 480) && (minDR_lepJet > 0.4 || ptRel_lepJet > 40) && (NJetsAK8_JetSubCalc > 2) && (minDR_leadAK8otherAK8 < 3.0) && DataPastTrigger == 1 && isMuon==1
****************************************************************************************************
****************************************************************************************************
DISTRIBUTION: Tp2Mass
            -name in ljmet trees: Tprime2_ALGO_Mass
            -x-axis label is set to: ;M(T) [GeV])
            -using the binning as: [0.0, 60.0, 120.0, 180.0, 240.0, 300.0, 360.0, 420.0, 480.0, 540.0, 600.0, 660.0, 720.0, 780.0, 840.0, 900.0, 960.0, 1020.0, 1080.0, 1140.0, 1200.0, 1260.0, 1320.0, 1380.0, 1440.0, 1500.0, 1560.0, 1620.0, 1680.0, 1740.0, 1800.0, 1860.0, 1920.0, 1980.0, 2040.0, 2100.0, 2160.0, 2220.0, 2280.0, 2340.0, 2400.0, 2460.0, 2520.0, 2580.0, 2640.0, 2700.0, 2760.0, 2820.0, 2880.0, 2940.0, 3000.0]
/////////////////////////
PROCESSING:  WJetsMG600
/////////////////////////
plotTreeName: Tprime2_DeepAK8_decorr_Mass
Flavour: M #tag: isV_tZtH #algo: DeepAK8_decorr
Weights: 1 * HTSF_Pol * 1 * pileupWeight * 1 * lepIdSF * EGammaGsfSF * 1 * (MCWeight_singleLepCalc/abs(MCWeight_singleLepCalc)) * 0.0287233231554
Cuts: (leptonPt_singleLepCalc > 50) && (corr_met_singleLepCalc > 55) && (AK4HT > 480) && (minDR_lepJet > 0.4 || ptRel_lepJet > 40) && (NJetsAK8_JetSubCalc > 2) && (minDR_leadAK8otherAK8 < 3.0) && DataPastTrigger == 1 && isMuon==1
****************************************************************************************************
****************************************************************************************************
DISTRIBUTION: Tp2Mass
            -name in ljmet trees: Tprime2_ALGO_Mass
            -x-axis label is set to: ;M(T) [GeV])
            -using the binning as: [0.0, 60.0, 120.0, 180.0, 240.0, 300.0, 360.0, 420.0, 480.0, 540.0, 600.0, 660.0, 720.0, 780.0, 840.0, 900.0, 960.0, 1020.0, 1080.0, 1140.0, 1200.0, 1260.0, 1320.0, 1380.0, 1440.0, 1500.0, 1560.0, 1620.0, 1680.0, 1740.0, 1800.0, 1860.0, 1920.0, 1980.0, 2040.0, 2100.0, 2160.0, 2220.0, 2280.0, 2340.0, 2400.0, 2460.0, 2520.0, 2580.0, 2640.0, 2700.0, 2760.0, 2820.0, 2880.0, 2940.0, 3000.0]
/////////////////////////
PROCESSING:  WJetsMG800
/////////////////////////
plotTreeName: Tprime2_DeepAK8_decorr_Mass
Flavour: M #tag: isV_tZtH #algo: DeepAK8_decorr
Weights: 1 * HTSF_Pol * 1 * pileupWeight * 1 * lepIdSF * EGammaGsfSF * 1 * (MCWeight_singleLepCalc/abs(MCWeight_singleLepCalc)) * 0.0316367902594
Cuts: (leptonPt_singleLepCalc > 50) && (corr_met_singleLepCalc > 55) && (AK4HT > 480) && (minDR_lepJet > 0.4 || ptRel_lepJet > 40) && (NJetsAK8_JetSubCalc > 2) && (minDR_leadAK8otherAK8 < 3.0) && DataPastTrigger == 1 && isMuon==1
****************************************************************************************************
****************************************************************************************************
DISTRIBUTION: Tp2Mass
            -name in ljmet trees: Tprime2_ALGO_Mass
            -x-axis label is set to: ;M(T) [GeV])
            -using the binning as: [0.0, 60.0, 120.0, 180.0, 240.0, 300.0, 360.0, 420.0, 480.0, 540.0, 600.0, 660.0, 720.0, 780.0, 840.0, 900.0, 960.0, 1020.0, 1080.0, 1140.0, 1200.0, 1260.0, 1320.0, 1380.0, 1440.0, 1500.0, 1560.0, 1620.0, 1680.0, 1740.0, 1800.0, 1860.0, 1920.0, 1980.0, 2040.0, 2100.0, 2160.0, 2220.0, 2280.0, 2340.0, 2400.0, 2460.0, 2520.0, 2580.0, 2640.0, 2700.0, 2760.0, 2820.0, 2880.0, 2940.0, 3000.0]
/////////////////////////
PROCESSING:  WJetsMG1200
/////////////////////////
plotTreeName: Tprime2_DeepAK8_decorr_Mass
Flavour: M #tag: isV_tZtH #algo: DeepAK8_decorr
Weights: 1 * HTSF_Pol * 1 * pileupWeight * 1 * lepIdSF * EGammaGsfSF * 1 * (MCWeight_singleLepCalc/abs(MCWeight_singleLepCalc)) * 0.00861414819858
Cuts: (leptonPt_singleLepCalc > 50) && (corr_met_singleLepCalc > 55) && (AK4HT > 480) && (minDR_lepJet > 0.4 || ptRel_lepJet > 40) && (NJetsAK8_JetSubCalc > 2) && (minDR_leadAK8otherAK8 < 3.0) && DataPastTrigger == 1 && isMuon==1
****************************************************************************************************
****************************************************************************************************
DISTRIBUTION: Tp2Mass
            -name in ljmet trees: Tprime2_ALGO_Mass
            -x-axis label is set to: ;M(T) [GeV])
            -using the binning as: [0.0, 60.0, 120.0, 180.0, 240.0, 300.0, 360.0, 420.0, 480.0, 540.0, 600.0, 660.0, 720.0, 780.0, 840.0, 900.0, 960.0, 1020.0, 1080.0, 1140.0, 1200.0, 1260.0, 1320.0, 1380.0, 1440.0, 1500.0, 1560.0, 1620.0, 1680.0, 1740.0, 1800.0, 1860.0, 1920.0, 1980.0, 2040.0, 2100.0, 2160.0, 2220.0, 2280.0, 2340.0, 2400.0, 2460.0, 2520.0, 2580.0, 2640.0, 2700.0, 2760.0, 2820.0, 2880.0, 2940.0, 3000.0]
/////////////////////////
PROCESSING:  WJetsMG2500
/////////////////////////
plotTreeName: Tprime2_DeepAK8_decorr_Mass
Flavour: M #tag: isV_tZtH #algo: DeepAK8_decorr
Weights: 1 * HTSF_Pol * 1 * pileupWeight * 1 * lepIdSF * EGammaGsfSF * 1 * (MCWeight_singleLepCalc/abs(MCWeight_singleLepCalc)) * 0.00054308661217
Cuts: (leptonPt_singleLepCalc > 50) && (corr_met_singleLepCalc > 55) && (AK4HT > 480) && (minDR_lepJet > 0.4 || ptRel_lepJet > 40) && (NJetsAK8_JetSubCalc > 2) && (minDR_leadAK8otherAK8 < 3.0) && DataPastTrigger == 1 && isMuon==1
****************************************************************************************************
****************************************************************************************************
DISTRIBUTION: Tp2Mass
            -name in ljmet trees: Tprime2_ALGO_Mass
            -x-axis label is set to: ;M(T) [GeV])
            -using the binning as: [0.0, 60.0, 120.0, 180.0, 240.0, 300.0, 360.0, 420.0, 480.0, 540.0, 600.0, 660.0, 720.0, 780.0, 840.0, 900.0, 960.0, 1020.0, 1080.0, 1140.0, 1200.0, 1260.0, 1320.0, 1380.0, 1440.0, 1500.0, 1560.0, 1620.0, 1680.0, 1740.0, 1800.0, 1860.0, 1920.0, 1980.0, 2040.0, 2100.0, 2160.0, 2220.0, 2280.0, 2340.0, 2400.0, 2460.0, 2520.0, 2580.0, 2640.0, 2700.0, 2760.0, 2820.0, 2880.0, 2940.0, 3000.0]
/////////////////////////
PROCESSING:  TTM1100BWBW
/////////////////////////
plotTreeName: Tprime2_DeepAK8_decorr_Mass
Flavour: M #tag: isV_tZtH #algo: DeepAK8_decorr
Weights: 1 * 1 * 1 * pileupWeight * 1 * lepIdSF * EGammaGsfSF * 1 * (MCWeight_singleLepCalc/abs(MCWeight_singleLepCalc)) * 0.00223239916536
Cuts: (leptonPt_singleLepCalc > 50) && (corr_met_singleLepCalc > 55) && (AK4HT > 480) && (minDR_lepJet > 0.4 || ptRel_lepJet > 40) && (NJetsAK8_JetSubCalc > 2) && (minDR_leadAK8otherAK8 < 3.0) && DataPastTrigger == 1 && isMuon==1
****************************************************************************************************
****************************************************************************************************
DISTRIBUTION: Tp2Mass
            -name in ljmet trees: Tprime2_ALGO_Mass
            -x-axis label is set to: ;M(T) [GeV])
            -using the binning as: [0.0, 60.0, 120.0, 180.0, 240.0, 300.0, 360.0, 420.0, 480.0, 540.0, 600.0, 660.0, 720.0, 780.0, 840.0, 900.0, 960.0, 1020.0, 1080.0, 1140.0, 1200.0, 1260.0, 1320.0, 1380.0, 1440.0, 1500.0, 1560.0, 1620.0, 1680.0, 1740.0, 1800.0, 1860.0, 1920.0, 1980.0, 2040.0, 2100.0, 2160.0, 2220.0, 2280.0, 2340.0, 2400.0, 2460.0, 2520.0, 2580.0, 2640.0, 2700.0, 2760.0, 2820.0, 2880.0, 2940.0, 3000.0]
/////////////////////////
PROCESSING:  TTM1100THTH
/////////////////////////
plotTreeName: Tprime2_DeepAK8_decorr_Mass
Flavour: M #tag: isV_tZtH #algo: DeepAK8_decorr
Weights: 1 * 1 * 1 * pileupWeight * 1 * lepIdSF * EGammaGsfSF * 1 * (MCWeight_singleLepCalc/abs(MCWeight_singleLepCalc)) * 0.000558099791339
Cuts: (leptonPt_singleLepCalc > 50) && (corr_met_singleLepCalc > 55) && (AK4HT > 480) && (minDR_lepJet > 0.4 || ptRel_lepJet > 40) && (NJetsAK8_JetSubCalc > 2) && (minDR_leadAK8otherAK8 < 3.0) && DataPastTrigger == 1 && isMuon==1
****************************************************************************************************
****************************************************************************************************
DISTRIBUTION: Tp2Mass
            -name in ljmet trees: Tprime2_ALGO_Mass
            -x-axis label is set to: ;M(T) [GeV])
            -using the binning as: [0.0, 60.0, 120.0, 180.0, 240.0, 300.0, 360.0, 420.0, 480.0, 540.0, 600.0, 660.0, 720.0, 780.0, 840.0, 900.0, 960.0, 1020.0, 1080.0, 1140.0, 1200.0, 1260.0, 1320.0, 1380.0, 1440.0, 1500.0, 1560.0, 1620.0, 1680.0, 1740.0, 1800.0, 1860.0, 1920.0, 1980.0, 2040.0, 2100.0, 2160.0, 2220.0, 2280.0, 2340.0, 2400.0, 2460.0, 2520.0, 2580.0, 2640.0, 2700.0, 2760.0, 2820.0, 2880.0, 2940.0, 3000.0]
/////////////////////////
PROCESSING:  TTM1100TZTZ
/////////////////////////
plotTreeName: Tprime2_DeepAK8_decorr_Mass
Flavour: M #tag: isV_tZtH #algo: DeepAK8_decorr
Weights: 1 * 1 * 1 * pileupWeight * 1 * lepIdSF * EGammaGsfSF * 1 * (MCWeight_singleLepCalc/abs(MCWeight_singleLepCalc)) * 0.000558099791339
Cuts: (leptonPt_singleLepCalc > 50) && (corr_met_singleLepCalc > 55) && (AK4HT > 480) && (minDR_lepJet > 0.4 || ptRel_lepJet > 40) && (NJetsAK8_JetSubCalc > 2) && (minDR_leadAK8otherAK8 < 3.0) && DataPastTrigger == 1 && isMuon==1
****************************************************************************************************
****************************************************************************************************
DISTRIBUTION: Tp2Mass
            -name in ljmet trees: Tprime2_ALGO_Mass
            -x-axis label is set to: ;M(T) [GeV])
            -using the binning as: [0.0, 60.0, 120.0, 180.0, 240.0, 300.0, 360.0, 420.0, 480.0, 540.0, 600.0, 660.0, 720.0, 780.0, 840.0, 900.0, 960.0, 1020.0, 1080.0, 1140.0, 1200.0, 1260.0, 1320.0, 1380.0, 1440.0, 1500.0, 1560.0, 1620.0, 1680.0, 1740.0, 1800.0, 1860.0, 1920.0, 1980.0, 2040.0, 2100.0, 2160.0, 2220.0, 2280.0, 2340.0, 2400.0, 2460.0, 2520.0, 2580.0, 2640.0, 2700.0, 2760.0, 2820.0, 2880.0, 2940.0, 3000.0]
/////////////////////////
PROCESSING:  TTM1100TZBW
/////////////////////////
plotTreeName: Tprime2_DeepAK8_decorr_Mass
Flavour: M #tag: isV_tZtH #algo: DeepAK8_decorr
Weights: 1 * 1 * 1 * pileupWeight * 1 * lepIdSF * EGammaGsfSF * 1 * (MCWeight_singleLepCalc/abs(MCWeight_singleLepCalc)) * 0.00111619958268
Cuts: (leptonPt_singleLepCalc > 50) && (corr_met_singleLepCalc > 55) && (AK4HT > 480) && (minDR_lepJet > 0.4 || ptRel_lepJet > 40) && (NJetsAK8_JetSubCalc > 2) && (minDR_leadAK8otherAK8 < 3.0) && DataPastTrigger == 1 && isMuon==1
****************************************************************************************************
****************************************************************************************************
DISTRIBUTION: Tp2Mass
            -name in ljmet trees: Tprime2_ALGO_Mass
            -x-axis label is set to: ;M(T) [GeV])
            -using the binning as: [0.0, 60.0, 120.0, 180.0, 240.0, 300.0, 360.0, 420.0, 480.0, 540.0, 600.0, 660.0, 720.0, 780.0, 840.0, 900.0, 960.0, 1020.0, 1080.0, 1140.0, 1200.0, 1260.0, 1320.0, 1380.0, 1440.0, 1500.0, 1560.0, 1620.0, 1680.0, 1740.0, 1800.0, 1860.0, 1920.0, 1980.0, 2040.0, 2100.0, 2160.0, 2220.0, 2280.0, 2340.0, 2400.0, 2460.0, 2520.0, 2580.0, 2640.0, 2700.0, 2760.0, 2820.0, 2880.0, 2940.0, 3000.0]
/////////////////////////
PROCESSING:  TTM1100THBW
/////////////////////////
plotTreeName: Tprime2_DeepAK8_decorr_Mass
Flavour: M #tag: isV_tZtH #algo: DeepAK8_decorr
Weights: 1 * 1 * 1 * pileupWeight * 1 * lepIdSF * EGammaGsfSF * 1 * (MCWeight_singleLepCalc/abs(MCWeight_singleLepCalc)) * 0.00111619958268
Cuts: (leptonPt_singleLepCalc > 50) && (corr_met_singleLepCalc > 55) && (AK4HT > 480) && (minDR_lepJet > 0.4 || ptRel_lepJet > 40) && (NJetsAK8_JetSubCalc > 2) && (minDR_leadAK8otherAK8 < 3.0) && DataPastTrigger == 1 && isMuon==1
****************************************************************************************************
****************************************************************************************************
DISTRIBUTION: Tp2Mass
            -name in ljmet trees: Tprime2_ALGO_Mass
            -x-axis label is set to: ;M(T) [GeV])
            -using the binning as: [0.0, 60.0, 120.0, 180.0, 240.0, 300.0, 360.0, 420.0, 480.0, 540.0, 600.0, 660.0, 720.0, 780.0, 840.0, 900.0, 960.0, 1020.0, 1080.0, 1140.0, 1200.0, 1260.0, 1320.0, 1380.0, 1440.0, 1500.0, 1560.0, 1620.0, 1680.0, 1740.0, 1800.0, 1860.0, 1920.0, 1980.0, 2040.0, 2100.0, 2160.0, 2220.0, 2280.0, 2340.0, 2400.0, 2460.0, 2520.0, 2580.0, 2640.0, 2700.0, 2760.0, 2820.0, 2880.0, 2940.0, 3000.0]
/////////////////////////
PROCESSING:  TTM1100TZTH
/////////////////////////
plotTreeName: Tprime2_DeepAK8_decorr_Mass
Flavour: M #tag: isV_tZtH #algo: DeepAK8_decorr
Weights: 1 * 1 * 1 * pileupWeight * 1 * lepIdSF * EGammaGsfSF * 1 * (MCWeight_singleLepCalc/abs(MCWeight_singleLepCalc)) * 0.000558099791339
Cuts: (leptonPt_singleLepCalc > 50) && (corr_met_singleLepCalc > 55) && (AK4HT > 480) && (minDR_lepJet > 0.4 || ptRel_lepJet > 40) && (NJetsAK8_JetSubCalc > 2) && (minDR_leadAK8otherAK8 < 3.0) && DataPastTrigger == 1 && isMuon==1
****************************************************************************************************
****************************************************************************************************
DISTRIBUTION: Tp2Mass
            -name in ljmet trees: Tprime2_ALGO_Mass
            -x-axis label is set to: ;M(T) [GeV])
            -using the binning as: [0.0, 60.0, 120.0, 180.0, 240.0, 300.0, 360.0, 420.0, 480.0, 540.0, 600.0, 660.0, 720.0, 780.0, 840.0, 900.0, 960.0, 1020.0, 1080.0, 1140.0, 1200.0, 1260.0, 1320.0, 1380.0, 1440.0, 1500.0, 1560.0, 1620.0, 1680.0, 1740.0, 1800.0, 1860.0, 1920.0, 1980.0, 2040.0, 2100.0, 2160.0, 2220.0, 2280.0, 2340.0, 2400.0, 2460.0, 2520.0, 2580.0, 2640.0, 2700.0, 2760.0, 2820.0, 2880.0, 2940.0, 3000.0]
/////////////////////////
PROCESSING:  TTM1200BWBW
/////////////////////////
plotTreeName: Tprime2_DeepAK8_decorr_Mass
Flavour: M #tag: isV_tZtH #algo: DeepAK8_decorr
Weights: 1 * 1 * 1 * pileupWeight * 1 * lepIdSF * EGammaGsfSF * 1 * (MCWeight_singleLepCalc/abs(MCWeight_singleLepCalc)) * 0.00117627847652
Cuts: (leptonPt_singleLepCalc > 50) && (corr_met_singleLepCalc > 55) && (AK4HT > 480) && (minDR_lepJet > 0.4 || ptRel_lepJet > 40) && (NJetsAK8_JetSubCalc > 2) && (minDR_leadAK8otherAK8 < 3.0) && DataPastTrigger == 1 && isMuon==1
****************************************************************************************************
****************************************************************************************************
DISTRIBUTION: Tp2Mass
            -name in ljmet trees: Tprime2_ALGO_Mass
            -x-axis label is set to: ;M(T) [GeV])
            -using the binning as: [0.0, 60.0, 120.0, 180.0, 240.0, 300.0, 360.0, 420.0, 480.0, 540.0, 600.0, 660.0, 720.0, 780.0, 840.0, 900.0, 960.0, 1020.0, 1080.0, 1140.0, 1200.0, 1260.0, 1320.0, 1380.0, 1440.0, 1500.0, 1560.0, 1620.0, 1680.0, 1740.0, 1800.0, 1860.0, 1920.0, 1980.0, 2040.0, 2100.0, 2160.0, 2220.0, 2280.0, 2340.0, 2400.0, 2460.0, 2520.0, 2580.0, 2640.0, 2700.0, 2760.0, 2820.0, 2880.0, 2940.0, 3000.0]
/////////////////////////
PROCESSING:  TTM1200THTH
/////////////////////////
plotTreeName: Tprime2_DeepAK8_decorr_Mass
Flavour: M #tag: isV_tZtH #algo: DeepAK8_decorr
Weights: 1 * 1 * 1 * pileupWeight * 1 * lepIdSF * EGammaGsfSF * 1 * (MCWeight_singleLepCalc/abs(MCWeight_singleLepCalc)) * 0.00029406961913
Cuts: (leptonPt_singleLepCalc > 50) && (corr_met_singleLepCalc > 55) && (AK4HT > 480) && (minDR_lepJet > 0.4 || ptRel_lepJet > 40) && (NJetsAK8_JetSubCalc > 2) && (minDR_leadAK8otherAK8 < 3.0) && DataPastTrigger == 1 && isMuon==1
****************************************************************************************************
****************************************************************************************************
DISTRIBUTION: Tp2Mass
            -name in ljmet trees: Tprime2_ALGO_Mass
            -x-axis label is set to: ;M(T) [GeV])
            -using the binning as: [0.0, 60.0, 120.0, 180.0, 240.0, 300.0, 360.0, 420.0, 480.0, 540.0, 600.0, 660.0, 720.0, 780.0, 840.0, 900.0, 960.0, 1020.0, 1080.0, 1140.0, 1200.0, 1260.0, 1320.0, 1380.0, 1440.0, 1500.0, 1560.0, 1620.0, 1680.0, 1740.0, 1800.0, 1860.0, 1920.0, 1980.0, 2040.0, 2100.0, 2160.0, 2220.0, 2280.0, 2340.0, 2400.0, 2460.0, 2520.0, 2580.0, 2640.0, 2700.0, 2760.0, 2820.0, 2880.0, 2940.0, 3000.0]
/////////////////////////
PROCESSING:  TTM1200TZTZ
/////////////////////////
plotTreeName: Tprime2_DeepAK8_decorr_Mass
Flavour: M #tag: isV_tZtH #algo: DeepAK8_decorr
Weights: 1 * 1 * 1 * pileupWeight * 1 * lepIdSF * EGammaGsfSF * 1 * (MCWeight_singleLepCalc/abs(MCWeight_singleLepCalc)) * 0.00029406961913
Cuts: (leptonPt_singleLepCalc > 50) && (corr_met_singleLepCalc > 55) && (AK4HT > 480) && (minDR_lepJet > 0.4 || ptRel_lepJet > 40) && (NJetsAK8_JetSubCalc > 2) && (minDR_leadAK8otherAK8 < 3.0) && DataPastTrigger == 1 && isMuon==1
****************************************************************************************************
****************************************************************************************************
DISTRIBUTION: Tp2Mass
            -name in ljmet trees: Tprime2_ALGO_Mass
            -x-axis label is set to: ;M(T) [GeV])
            -using the binning as: [0.0, 60.0, 120.0, 180.0, 240.0, 300.0, 360.0, 420.0, 480.0, 540.0, 600.0, 660.0, 720.0, 780.0, 840.0, 900.0, 960.0, 1020.0, 1080.0, 1140.0, 1200.0, 1260.0, 1320.0, 1380.0, 1440.0, 1500.0, 1560.0, 1620.0, 1680.0, 1740.0, 1800.0, 1860.0, 1920.0, 1980.0, 2040.0, 2100.0, 2160.0, 2220.0, 2280.0, 2340.0, 2400.0, 2460.0, 2520.0, 2580.0, 2640.0, 2700.0, 2760.0, 2820.0, 2880.0, 2940.0, 3000.0]
/////////////////////////
PROCESSING:  TTM1200TZBW
/////////////////////////
plotTreeName: Tprime2_DeepAK8_decorr_Mass
Flavour: M #tag: isV_tZtH #algo: DeepAK8_decorr
Weights: 1 * 1 * 1 * pileupWeight * 1 * lepIdSF * EGammaGsfSF * 1 * (MCWeight_singleLepCalc/abs(MCWeight_singleLepCalc)) * 0.000588139238259
Cuts: (leptonPt_singleLepCalc > 50) && (corr_met_singleLepCalc > 55) && (AK4HT > 480) && (minDR_lepJet > 0.4 || ptRel_lepJet > 40) && (NJetsAK8_JetSubCalc > 2) && (minDR_leadAK8otherAK8 < 3.0) && DataPastTrigger == 1 && isMuon==1
****************************************************************************************************
****************************************************************************************************
DISTRIBUTION: Tp2Mass
            -name in ljmet trees: Tprime2_ALGO_Mass
            -x-axis label is set to: ;M(T) [GeV])
            -using the binning as: [0.0, 60.0, 120.0, 180.0, 240.0, 300.0, 360.0, 420.0, 480.0, 540.0, 600.0, 660.0, 720.0, 780.0, 840.0, 900.0, 960.0, 1020.0, 1080.0, 1140.0, 1200.0, 1260.0, 1320.0, 1380.0, 1440.0, 1500.0, 1560.0, 1620.0, 1680.0, 1740.0, 1800.0, 1860.0, 1920.0, 1980.0, 2040.0, 2100.0, 2160.0, 2220.0, 2280.0, 2340.0, 2400.0, 2460.0, 2520.0, 2580.0, 2640.0, 2700.0, 2760.0, 2820.0, 2880.0, 2940.0, 3000.0]
/////////////////////////
PROCESSING:  TTM1200THBW
/////////////////////////
plotTreeName: Tprime2_DeepAK8_decorr_Mass
Flavour: M #tag: isV_tZtH #algo: DeepAK8_decorr
Weights: 1 * 1 * 1 * pileupWeight * 1 * lepIdSF * EGammaGsfSF * 1 * (MCWeight_singleLepCalc/abs(MCWeight_singleLepCalc)) * 0.000588139238259
Cuts: (leptonPt_singleLepCalc > 50) && (corr_met_singleLepCalc > 55) && (AK4HT > 480) && (minDR_lepJet > 0.4 || ptRel_lepJet > 40) && (NJetsAK8_JetSubCalc > 2) && (minDR_leadAK8otherAK8 < 3.0) && DataPastTrigger == 1 && isMuon==1
****************************************************************************************************
****************************************************************************************************
DISTRIBUTION: Tp2Mass
            -name in ljmet trees: Tprime2_ALGO_Mass
            -x-axis label is set to: ;M(T) [GeV])
            -using the binning as: [0.0, 60.0, 120.0, 180.0, 240.0, 300.0, 360.0, 420.0, 480.0, 540.0, 600.0, 660.0, 720.0, 780.0, 840.0, 900.0, 960.0, 1020.0, 1080.0, 1140.0, 1200.0, 1260.0, 1320.0, 1380.0, 1440.0, 1500.0, 1560.0, 1620.0, 1680.0, 1740.0, 1800.0, 1860.0, 1920.0, 1980.0, 2040.0, 2100.0, 2160.0, 2220.0, 2280.0, 2340.0, 2400.0, 2460.0, 2520.0, 2580.0, 2640.0, 2700.0, 2760.0, 2820.0, 2880.0, 2940.0, 3000.0]
/////////////////////////
PROCESSING:  TTM1200TZTH
/////////////////////////
plotTreeName: Tprime2_DeepAK8_decorr_Mass
Flavour: M #tag: isV_tZtH #algo: DeepAK8_decorr
Weights: 1 * 1 * 1 * pileupWeight * 1 * lepIdSF * EGammaGsfSF * 1 * (MCWeight_singleLepCalc/abs(MCWeight_singleLepCalc)) * 0.00029406961913
Cuts: (leptonPt_singleLepCalc > 50) && (corr_met_singleLepCalc > 55) && (AK4HT > 480) && (minDR_lepJet > 0.4 || ptRel_lepJet > 40) && (NJetsAK8_JetSubCalc > 2) && (minDR_leadAK8otherAK8 < 3.0) && DataPastTrigger == 1 && isMuon==1
****************************************************************************************************
****************************************************************************************************
DISTRIBUTION: Tp2Mass
            -name in ljmet trees: Tprime2_ALGO_Mass
            -x-axis label is set to: ;M(T) [GeV])
            -using the binning as: [0.0, 60.0, 120.0, 180.0, 240.0, 300.0, 360.0, 420.0, 480.0, 540.0, 600.0, 660.0, 720.0, 780.0, 840.0, 900.0, 960.0, 1020.0, 1080.0, 1140.0, 1200.0, 1260.0, 1320.0, 1380.0, 1440.0, 1500.0, 1560.0, 1620.0, 1680.0, 1740.0, 1800.0, 1860.0, 1920.0, 1980.0, 2040.0, 2100.0, 2160.0, 2220.0, 2280.0, 2340.0, 2400.0, 2460.0, 2520.0, 2580.0, 2640.0, 2700.0, 2760.0, 2820.0, 2880.0, 2940.0, 3000.0]
/////////////////////////
PROCESSING:  TTM1300BWBW
/////////////////////////
plotTreeName: Tprime2_DeepAK8_decorr_Mass
Flavour: M #tag: isV_tZtH #algo: DeepAK8_decorr
Weights: 1 * 1 * 1 * pileupWeight * 1 * lepIdSF * EGammaGsfSF * 1 * (MCWeight_singleLepCalc/abs(MCWeight_singleLepCalc)) * 0.00063821114509
Cuts: (leptonPt_singleLepCalc > 50) && (corr_met_singleLepCalc > 55) && (AK4HT > 480) && (minDR_lepJet > 0.4 || ptRel_lepJet > 40) && (NJetsAK8_JetSubCalc > 2) && (minDR_leadAK8otherAK8 < 3.0) && DataPastTrigger == 1 && isMuon==1
****************************************************************************************************
****************************************************************************************************
DISTRIBUTION: Tp2Mass
            -name in ljmet trees: Tprime2_ALGO_Mass
            -x-axis label is set to: ;M(T) [GeV])
            -using the binning as: [0.0, 60.0, 120.0, 180.0, 240.0, 300.0, 360.0, 420.0, 480.0, 540.0, 600.0, 660.0, 720.0, 780.0, 840.0, 900.0, 960.0, 1020.0, 1080.0, 1140.0, 1200.0, 1260.0, 1320.0, 1380.0, 1440.0, 1500.0, 1560.0, 1620.0, 1680.0, 1740.0, 1800.0, 1860.0, 1920.0, 1980.0, 2040.0, 2100.0, 2160.0, 2220.0, 2280.0, 2340.0, 2400.0, 2460.0, 2520.0, 2580.0, 2640.0, 2700.0, 2760.0, 2820.0, 2880.0, 2940.0, 3000.0]
/////////////////////////
PROCESSING:  TTM1300THTH
/////////////////////////
plotTreeName: Tprime2_DeepAK8_decorr_Mass
Flavour: M #tag: isV_tZtH #algo: DeepAK8_decorr
Weights: 1 * 1 * 1 * pileupWeight * 1 * lepIdSF * EGammaGsfSF * 1 * (MCWeight_singleLepCalc/abs(MCWeight_singleLepCalc)) * 0.000159552786272
Cuts: (leptonPt_singleLepCalc > 50) && (corr_met_singleLepCalc > 55) && (AK4HT > 480) && (minDR_lepJet > 0.4 || ptRel_lepJet > 40) && (NJetsAK8_JetSubCalc > 2) && (minDR_leadAK8otherAK8 < 3.0) && DataPastTrigger == 1 && isMuon==1
****************************************************************************************************
****************************************************************************************************
DISTRIBUTION: Tp2Mass
            -name in ljmet trees: Tprime2_ALGO_Mass
            -x-axis label is set to: ;M(T) [GeV])
            -using the binning as: [0.0, 60.0, 120.0, 180.0, 240.0, 300.0, 360.0, 420.0, 480.0, 540.0, 600.0, 660.0, 720.0, 780.0, 840.0, 900.0, 960.0, 1020.0, 1080.0, 1140.0, 1200.0, 1260.0, 1320.0, 1380.0, 1440.0, 1500.0, 1560.0, 1620.0, 1680.0, 1740.0, 1800.0, 1860.0, 1920.0, 1980.0, 2040.0, 2100.0, 2160.0, 2220.0, 2280.0, 2340.0, 2400.0, 2460.0, 2520.0, 2580.0, 2640.0, 2700.0, 2760.0, 2820.0, 2880.0, 2940.0, 3000.0]
/////////////////////////
PROCESSING:  TTM1300TZTZ
/////////////////////////
plotTreeName: Tprime2_DeepAK8_decorr_Mass
Flavour: M #tag: isV_tZtH #algo: DeepAK8_decorr
Weights: 1 * 1 * 1 * pileupWeight * 1 * lepIdSF * EGammaGsfSF * 1 * (MCWeight_singleLepCalc/abs(MCWeight_singleLepCalc)) * 0.000159552786272
Cuts: (leptonPt_singleLepCalc > 50) && (corr_met_singleLepCalc > 55) && (AK4HT > 480) && (minDR_lepJet > 0.4 || ptRel_lepJet > 40) && (NJetsAK8_JetSubCalc > 2) && (minDR_leadAK8otherAK8 < 3.0) && DataPastTrigger == 1 && isMuon==1
****************************************************************************************************
****************************************************************************************************
DISTRIBUTION: Tp2Mass
            -name in ljmet trees: Tprime2_ALGO_Mass
            -x-axis label is set to: ;M(T) [GeV])
            -using the binning as: [0.0, 60.0, 120.0, 180.0, 240.0, 300.0, 360.0, 420.0, 480.0, 540.0, 600.0, 660.0, 720.0, 780.0, 840.0, 900.0, 960.0, 1020.0, 1080.0, 1140.0, 1200.0, 1260.0, 1320.0, 1380.0, 1440.0, 1500.0, 1560.0, 1620.0, 1680.0, 1740.0, 1800.0, 1860.0, 1920.0, 1980.0, 2040.0, 2100.0, 2160.0, 2220.0, 2280.0, 2340.0, 2400.0, 2460.0, 2520.0, 2580.0, 2640.0, 2700.0, 2760.0, 2820.0, 2880.0, 2940.0, 3000.0]
/////////////////////////
PROCESSING:  TTM1300TZBW
/////////////////////////
plotTreeName: Tprime2_DeepAK8_decorr_Mass
Flavour: M #tag: isV_tZtH #algo: DeepAK8_decorr
Weights: 1 * 1 * 1 * pileupWeight * 1 * lepIdSF * EGammaGsfSF * 1 * (MCWeight_singleLepCalc/abs(MCWeight_singleLepCalc)) * 0.000319105572545
Cuts: (leptonPt_singleLepCalc > 50) && (corr_met_singleLepCalc > 55) && (AK4HT > 480) && (minDR_lepJet > 0.4 || ptRel_lepJet > 40) && (NJetsAK8_JetSubCalc > 2) && (minDR_leadAK8otherAK8 < 3.0) && DataPastTrigger == 1 && isMuon==1
****************************************************************************************************
****************************************************************************************************
DISTRIBUTION: Tp2Mass
            -name in ljmet trees: Tprime2_ALGO_Mass
            -x-axis label is set to: ;M(T) [GeV])
            -using the binning as: [0.0, 60.0, 120.0, 180.0, 240.0, 300.0, 360.0, 420.0, 480.0, 540.0, 600.0, 660.0, 720.0, 780.0, 840.0, 900.0, 960.0, 1020.0, 1080.0, 1140.0, 1200.0, 1260.0, 1320.0, 1380.0, 1440.0, 1500.0, 1560.0, 1620.0, 1680.0, 1740.0, 1800.0, 1860.0, 1920.0, 1980.0, 2040.0, 2100.0, 2160.0, 2220.0, 2280.0, 2340.0, 2400.0, 2460.0, 2520.0, 2580.0, 2640.0, 2700.0, 2760.0, 2820.0, 2880.0, 2940.0, 3000.0]
/////////////////////////
PROCESSING:  TTM1300THBW
/////////////////////////
plotTreeName: Tprime2_DeepAK8_decorr_Mass
Flavour: M #tag: isV_tZtH #algo: DeepAK8_decorr
Weights: 1 * 1 * 1 * pileupWeight * 1 * lepIdSF * EGammaGsfSF * 1 * (MCWeight_singleLepCalc/abs(MCWeight_singleLepCalc)) * 0.000319105572545
Cuts: (leptonPt_singleLepCalc > 50) && (corr_met_singleLepCalc > 55) && (AK4HT > 480) && (minDR_lepJet > 0.4 || ptRel_lepJet > 40) && (NJetsAK8_JetSubCalc > 2) && (minDR_leadAK8otherAK8 < 3.0) && DataPastTrigger == 1 && isMuon==1
****************************************************************************************************
****************************************************************************************************
DISTRIBUTION: Tp2Mass
            -name in ljmet trees: Tprime2_ALGO_Mass
            -x-axis label is set to: ;M(T) [GeV])
            -using the binning as: [0.0, 60.0, 120.0, 180.0, 240.0, 300.0, 360.0, 420.0, 480.0, 540.0, 600.0, 660.0, 720.0, 780.0, 840.0, 900.0, 960.0, 1020.0, 1080.0, 1140.0, 1200.0, 1260.0, 1320.0, 1380.0, 1440.0, 1500.0, 1560.0, 1620.0, 1680.0, 1740.0, 1800.0, 1860.0, 1920.0, 1980.0, 2040.0, 2100.0, 2160.0, 2220.0, 2280.0, 2340.0, 2400.0, 2460.0, 2520.0, 2580.0, 2640.0, 2700.0, 2760.0, 2820.0, 2880.0, 2940.0, 3000.0]
/////////////////////////
PROCESSING:  TTM1300TZTH
/////////////////////////
plotTreeName: Tprime2_DeepAK8_decorr_Mass
Flavour: M #tag: isV_tZtH #algo: DeepAK8_decorr
Weights: 1 * 1 * 1 * pileupWeight * 1 * lepIdSF * EGammaGsfSF * 1 * (MCWeight_singleLepCalc/abs(MCWeight_singleLepCalc)) * 0.000159552786272
Cuts: (leptonPt_singleLepCalc > 50) && (corr_met_singleLepCalc > 55) && (AK4HT > 480) && (minDR_lepJet > 0.4 || ptRel_lepJet > 40) && (NJetsAK8_JetSubCalc > 2) && (minDR_leadAK8otherAK8 < 3.0) && DataPastTrigger == 1 && isMuon==1
****************************************************************************************************
****************************************************************************************************
DISTRIBUTION: Tp2Mass
            -name in ljmet trees: Tprime2_ALGO_Mass
            -x-axis label is set to: ;M(T) [GeV])
            -using the binning as: [0.0, 60.0, 120.0, 180.0, 240.0, 300.0, 360.0, 420.0, 480.0, 540.0, 600.0, 660.0, 720.0, 780.0, 840.0, 900.0, 960.0, 1020.0, 1080.0, 1140.0, 1200.0, 1260.0, 1320.0, 1380.0, 1440.0, 1500.0, 1560.0, 1620.0, 1680.0, 1740.0, 1800.0, 1860.0, 1920.0, 1980.0, 2040.0, 2100.0, 2160.0, 2220.0, 2280.0, 2340.0, 2400.0, 2460.0, 2520.0, 2580.0, 2640.0, 2700.0, 2760.0, 2820.0, 2880.0, 2940.0, 3000.0]
/////////////////////////
PROCESSING:  TTM1400BWBW
/////////////////////////
plotTreeName: Tprime2_DeepAK8_decorr_Mass
Flavour: M #tag: isV_tZtH #algo: DeepAK8_decorr
Weights: 1 * 1 * 1 * pileupWeight * 1 * lepIdSF * EGammaGsfSF * 1 * (MCWeight_singleLepCalc/abs(MCWeight_singleLepCalc)) * 0.000352883542956
Cuts: (leptonPt_singleLepCalc > 50) && (corr_met_singleLepCalc > 55) && (AK4HT > 480) && (minDR_lepJet > 0.4 || ptRel_lepJet > 40) && (NJetsAK8_JetSubCalc > 2) && (minDR_leadAK8otherAK8 < 3.0) && DataPastTrigger == 1 && isMuon==1
****************************************************************************************************
****************************************************************************************************
DISTRIBUTION: Tp2Mass
            -name in ljmet trees: Tprime2_ALGO_Mass
            -x-axis label is set to: ;M(T) [GeV])
            -using the binning as: [0.0, 60.0, 120.0, 180.0, 240.0, 300.0, 360.0, 420.0, 480.0, 540.0, 600.0, 660.0, 720.0, 780.0, 840.0, 900.0, 960.0, 1020.0, 1080.0, 1140.0, 1200.0, 1260.0, 1320.0, 1380.0, 1440.0, 1500.0, 1560.0, 1620.0, 1680.0, 1740.0, 1800.0, 1860.0, 1920.0, 1980.0, 2040.0, 2100.0, 2160.0, 2220.0, 2280.0, 2340.0, 2400.0, 2460.0, 2520.0, 2580.0, 2640.0, 2700.0, 2760.0, 2820.0, 2880.0, 2940.0, 3000.0]
/////////////////////////
PROCESSING:  TTM1400THTH
/////////////////////////
plotTreeName: Tprime2_DeepAK8_decorr_Mass
Flavour: M #tag: isV_tZtH #algo: DeepAK8_decorr
Weights: 1 * 1 * 1 * pileupWeight * 1 * lepIdSF * EGammaGsfSF * 1 * (MCWeight_singleLepCalc/abs(MCWeight_singleLepCalc)) * 8.82208857389e-05
Cuts: (leptonPt_singleLepCalc > 50) && (corr_met_singleLepCalc > 55) && (AK4HT > 480) && (minDR_lepJet > 0.4 || ptRel_lepJet > 40) && (NJetsAK8_JetSubCalc > 2) && (minDR_leadAK8otherAK8 < 3.0) && DataPastTrigger == 1 && isMuon==1
****************************************************************************************************
****************************************************************************************************
DISTRIBUTION: Tp2Mass
            -name in ljmet trees: Tprime2_ALGO_Mass
            -x-axis label is set to: ;M(T) [GeV])
            -using the binning as: [0.0, 60.0, 120.0, 180.0, 240.0, 300.0, 360.0, 420.0, 480.0, 540.0, 600.0, 660.0, 720.0, 780.0, 840.0, 900.0, 960.0, 1020.0, 1080.0, 1140.0, 1200.0, 1260.0, 1320.0, 1380.0, 1440.0, 1500.0, 1560.0, 1620.0, 1680.0, 1740.0, 1800.0, 1860.0, 1920.0, 1980.0, 2040.0, 2100.0, 2160.0, 2220.0, 2280.0, 2340.0, 2400.0, 2460.0, 2520.0, 2580.0, 2640.0, 2700.0, 2760.0, 2820.0, 2880.0, 2940.0, 3000.0]
/////////////////////////
PROCESSING:  TTM1400TZTZ
/////////////////////////
plotTreeName: Tprime2_DeepAK8_decorr_Mass
Flavour: M #tag: isV_tZtH #algo: DeepAK8_decorr
Weights: 1 * 1 * 1 * pileupWeight * 1 * lepIdSF * EGammaGsfSF * 1 * (MCWeight_singleLepCalc/abs(MCWeight_singleLepCalc)) * 8.82208857389e-05
Cuts: (leptonPt_singleLepCalc > 50) && (corr_met_singleLepCalc > 55) && (AK4HT > 480) && (minDR_lepJet > 0.4 || ptRel_lepJet > 40) && (NJetsAK8_JetSubCalc > 2) && (minDR_leadAK8otherAK8 < 3.0) && DataPastTrigger == 1 && isMuon==1
****************************************************************************************************
****************************************************************************************************
DISTRIBUTION: Tp2Mass
            -name in ljmet trees: Tprime2_ALGO_Mass
            -x-axis label is set to: ;M(T) [GeV])
            -using the binning as: [0.0, 60.0, 120.0, 180.0, 240.0, 300.0, 360.0, 420.0, 480.0, 540.0, 600.0, 660.0, 720.0, 780.0, 840.0, 900.0, 960.0, 1020.0, 1080.0, 1140.0, 1200.0, 1260.0, 1320.0, 1380.0, 1440.0, 1500.0, 1560.0, 1620.0, 1680.0, 1740.0, 1800.0, 1860.0, 1920.0, 1980.0, 2040.0, 2100.0, 2160.0, 2220.0, 2280.0, 2340.0, 2400.0, 2460.0, 2520.0, 2580.0, 2640.0, 2700.0, 2760.0, 2820.0, 2880.0, 2940.0, 3000.0]
/////////////////////////
PROCESSING:  TTM1400TZBW
/////////////////////////
plotTreeName: Tprime2_DeepAK8_decorr_Mass
Flavour: M #tag: isV_tZtH #algo: DeepAK8_decorr
Weights: 1 * 1 * 1 * pileupWeight * 1 * lepIdSF * EGammaGsfSF * 1 * (MCWeight_singleLepCalc/abs(MCWeight_singleLepCalc)) * 0.000176441771478
Cuts: (leptonPt_singleLepCalc > 50) && (corr_met_singleLepCalc > 55) && (AK4HT > 480) && (minDR_lepJet > 0.4 || ptRel_lepJet > 40) && (NJetsAK8_JetSubCalc > 2) && (minDR_leadAK8otherAK8 < 3.0) && DataPastTrigger == 1 && isMuon==1
****************************************************************************************************
****************************************************************************************************
DISTRIBUTION: Tp2Mass
            -name in ljmet trees: Tprime2_ALGO_Mass
            -x-axis label is set to: ;M(T) [GeV])
            -using the binning as: [0.0, 60.0, 120.0, 180.0, 240.0, 300.0, 360.0, 420.0, 480.0, 540.0, 600.0, 660.0, 720.0, 780.0, 840.0, 900.0, 960.0, 1020.0, 1080.0, 1140.0, 1200.0, 1260.0, 1320.0, 1380.0, 1440.0, 1500.0, 1560.0, 1620.0, 1680.0, 1740.0, 1800.0, 1860.0, 1920.0, 1980.0, 2040.0, 2100.0, 2160.0, 2220.0, 2280.0, 2340.0, 2400.0, 2460.0, 2520.0, 2580.0, 2640.0, 2700.0, 2760.0, 2820.0, 2880.0, 2940.0, 3000.0]
/////////////////////////
PROCESSING:  TTM1400THBW
/////////////////////////
plotTreeName: Tprime2_DeepAK8_decorr_Mass
Flavour: M #tag: isV_tZtH #algo: DeepAK8_decorr
Weights: 1 * 1 * 1 * pileupWeight * 1 * lepIdSF * EGammaGsfSF * 1 * (MCWeight_singleLepCalc/abs(MCWeight_singleLepCalc)) * 0.000176441771478
Cuts: (leptonPt_singleLepCalc > 50) && (corr_met_singleLepCalc > 55) && (AK4HT > 480) && (minDR_lepJet > 0.4 || ptRel_lepJet > 40) && (NJetsAK8_JetSubCalc > 2) && (minDR_leadAK8otherAK8 < 3.0) && DataPastTrigger == 1 && isMuon==1
****************************************************************************************************
****************************************************************************************************
DISTRIBUTION: Tp2Mass
            -name in ljmet trees: Tprime2_ALGO_Mass
            -x-axis label is set to: ;M(T) [GeV])
            -using the binning as: [0.0, 60.0, 120.0, 180.0, 240.0, 300.0, 360.0, 420.0, 480.0, 540.0, 600.0, 660.0, 720.0, 780.0, 840.0, 900.0, 960.0, 1020.0, 1080.0, 1140.0, 1200.0, 1260.0, 1320.0, 1380.0, 1440.0, 1500.0, 1560.0, 1620.0, 1680.0, 1740.0, 1800.0, 1860.0, 1920.0, 1980.0, 2040.0, 2100.0, 2160.0, 2220.0, 2280.0, 2340.0, 2400.0, 2460.0, 2520.0, 2580.0, 2640.0, 2700.0, 2760.0, 2820.0, 2880.0, 2940.0, 3000.0]
/////////////////////////
PROCESSING:  TTM1400TZTH
/////////////////////////
plotTreeName: Tprime2_DeepAK8_decorr_Mass
Flavour: M #tag: isV_tZtH #algo: DeepAK8_decorr
Weights: 1 * 1 * 1 * pileupWeight * 1 * lepIdSF * EGammaGsfSF * 1 * (MCWeight_singleLepCalc/abs(MCWeight_singleLepCalc)) * 8.82208857389e-05
Cuts: (leptonPt_singleLepCalc > 50) && (corr_met_singleLepCalc > 55) && (AK4HT > 480) && (minDR_lepJet > 0.4 || ptRel_lepJet > 40) && (NJetsAK8_JetSubCalc > 2) && (minDR_leadAK8otherAK8 < 3.0) && DataPastTrigger == 1 && isMuon==1
****************************************************************************************************
****************************************************************************************************
DISTRIBUTION: Tp2Mass
            -name in ljmet trees: Tprime2_ALGO_Mass
            -x-axis label is set to: ;M(T) [GeV])
            -using the binning as: [0.0, 60.0, 120.0, 180.0, 240.0, 300.0, 360.0, 420.0, 480.0, 540.0, 600.0, 660.0, 720.0, 780.0, 840.0, 900.0, 960.0, 1020.0, 1080.0, 1140.0, 1200.0, 1260.0, 1320.0, 1380.0, 1440.0, 1500.0, 1560.0, 1620.0, 1680.0, 1740.0, 1800.0, 1860.0, 1920.0, 1980.0, 2040.0, 2100.0, 2160.0, 2220.0, 2280.0, 2340.0, 2400.0, 2460.0, 2520.0, 2580.0, 2640.0, 2700.0, 2760.0, 2820.0, 2880.0, 2940.0, 3000.0]
/////////////////////////
PROCESSING:  TTM1500BWBW
/////////////////////////
plotTreeName: Tprime2_DeepAK8_decorr_Mass
Flavour: M #tag: isV_tZtH #algo: DeepAK8_decorr
Weights: 1 * 1 * 1 * pileupWeight * 1 * lepIdSF * EGammaGsfSF * 1 * (MCWeight_singleLepCalc/abs(MCWeight_singleLepCalc)) * 0.00019932135405
Cuts: (leptonPt_singleLepCalc > 50) && (corr_met_singleLepCalc > 55) && (AK4HT > 480) && (minDR_lepJet > 0.4 || ptRel_lepJet > 40) && (NJetsAK8_JetSubCalc > 2) && (minDR_leadAK8otherAK8 < 3.0) && DataPastTrigger == 1 && isMuon==1
****************************************************************************************************
****************************************************************************************************
DISTRIBUTION: Tp2Mass
            -name in ljmet trees: Tprime2_ALGO_Mass
            -x-axis label is set to: ;M(T) [GeV])
            -using the binning as: [0.0, 60.0, 120.0, 180.0, 240.0, 300.0, 360.0, 420.0, 480.0, 540.0, 600.0, 660.0, 720.0, 780.0, 840.0, 900.0, 960.0, 1020.0, 1080.0, 1140.0, 1200.0, 1260.0, 1320.0, 1380.0, 1440.0, 1500.0, 1560.0, 1620.0, 1680.0, 1740.0, 1800.0, 1860.0, 1920.0, 1980.0, 2040.0, 2100.0, 2160.0, 2220.0, 2280.0, 2340.0, 2400.0, 2460.0, 2520.0, 2580.0, 2640.0, 2700.0, 2760.0, 2820.0, 2880.0, 2940.0, 3000.0]
/////////////////////////
PROCESSING:  TTM1500THTH
/////////////////////////
plotTreeName: Tprime2_DeepAK8_decorr_Mass
Flavour: M #tag: isV_tZtH #algo: DeepAK8_decorr
Weights: 1 * 1 * 1 * pileupWeight * 1 * lepIdSF * EGammaGsfSF * 1 * (MCWeight_singleLepCalc/abs(MCWeight_singleLepCalc)) * 4.98303385124e-05
Cuts: (leptonPt_singleLepCalc > 50) && (corr_met_singleLepCalc > 55) && (AK4HT > 480) && (minDR_lepJet > 0.4 || ptRel_lepJet > 40) && (NJetsAK8_JetSubCalc > 2) && (minDR_leadAK8otherAK8 < 3.0) && DataPastTrigger == 1 && isMuon==1
****************************************************************************************************
****************************************************************************************************
DISTRIBUTION: Tp2Mass
            -name in ljmet trees: Tprime2_ALGO_Mass
            -x-axis label is set to: ;M(T) [GeV])
            -using the binning as: [0.0, 60.0, 120.0, 180.0, 240.0, 300.0, 360.0, 420.0, 480.0, 540.0, 600.0, 660.0, 720.0, 780.0, 840.0, 900.0, 960.0, 1020.0, 1080.0, 1140.0, 1200.0, 1260.0, 1320.0, 1380.0, 1440.0, 1500.0, 1560.0, 1620.0, 1680.0, 1740.0, 1800.0, 1860.0, 1920.0, 1980.0, 2040.0, 2100.0, 2160.0, 2220.0, 2280.0, 2340.0, 2400.0, 2460.0, 2520.0, 2580.0, 2640.0, 2700.0, 2760.0, 2820.0, 2880.0, 2940.0, 3000.0]
/////////////////////////
PROCESSING:  TTM1500TZTZ
/////////////////////////
plotTreeName: Tprime2_DeepAK8_decorr_Mass
Flavour: M #tag: isV_tZtH #algo: DeepAK8_decorr
Weights: 1 * 1 * 1 * pileupWeight * 1 * lepIdSF * EGammaGsfSF * 1 * (MCWeight_singleLepCalc/abs(MCWeight_singleLepCalc)) * 4.98303385124e-05
Cuts: (leptonPt_singleLepCalc > 50) && (corr_met_singleLepCalc > 55) && (AK4HT > 480) && (minDR_lepJet > 0.4 || ptRel_lepJet > 40) && (NJetsAK8_JetSubCalc > 2) && (minDR_leadAK8otherAK8 < 3.0) && DataPastTrigger == 1 && isMuon==1
****************************************************************************************************
****************************************************************************************************
DISTRIBUTION: Tp2Mass
            -name in ljmet trees: Tprime2_ALGO_Mass
            -x-axis label is set to: ;M(T) [GeV])
            -using the binning as: [0.0, 60.0, 120.0, 180.0, 240.0, 300.0, 360.0, 420.0, 480.0, 540.0, 600.0, 660.0, 720.0, 780.0, 840.0, 900.0, 960.0, 1020.0, 1080.0, 1140.0, 1200.0, 1260.0, 1320.0, 1380.0, 1440.0, 1500.0, 1560.0, 1620.0, 1680.0, 1740.0, 1800.0, 1860.0, 1920.0, 1980.0, 2040.0, 2100.0, 2160.0, 2220.0, 2280.0, 2340.0, 2400.0, 2460.0, 2520.0, 2580.0, 2640.0, 2700.0, 2760.0, 2820.0, 2880.0, 2940.0, 3000.0]
/////////////////////////
PROCESSING:  TTM1500TZBW
/////////////////////////
plotTreeName: Tprime2_DeepAK8_decorr_Mass
Flavour: M #tag: isV_tZtH #algo: DeepAK8_decorr
Weights: 1 * 1 * 1 * pileupWeight * 1 * lepIdSF * EGammaGsfSF * 1 * (MCWeight_singleLepCalc/abs(MCWeight_singleLepCalc)) * 9.96606770248e-05
Cuts: (leptonPt_singleLepCalc > 50) && (corr_met_singleLepCalc > 55) && (AK4HT > 480) && (minDR_lepJet > 0.4 || ptRel_lepJet > 40) && (NJetsAK8_JetSubCalc > 2) && (minDR_leadAK8otherAK8 < 3.0) && DataPastTrigger == 1 && isMuon==1
****************************************************************************************************
****************************************************************************************************
DISTRIBUTION: Tp2Mass
            -name in ljmet trees: Tprime2_ALGO_Mass
            -x-axis label is set to: ;M(T) [GeV])
            -using the binning as: [0.0, 60.0, 120.0, 180.0, 240.0, 300.0, 360.0, 420.0, 480.0, 540.0, 600.0, 660.0, 720.0, 780.0, 840.0, 900.0, 960.0, 1020.0, 1080.0, 1140.0, 1200.0, 1260.0, 1320.0, 1380.0, 1440.0, 1500.0, 1560.0, 1620.0, 1680.0, 1740.0, 1800.0, 1860.0, 1920.0, 1980.0, 2040.0, 2100.0, 2160.0, 2220.0, 2280.0, 2340.0, 2400.0, 2460.0, 2520.0, 2580.0, 2640.0, 2700.0, 2760.0, 2820.0, 2880.0, 2940.0, 3000.0]
/////////////////////////
PROCESSING:  TTM1500THBW
/////////////////////////
plotTreeName: Tprime2_DeepAK8_decorr_Mass
Flavour: M #tag: isV_tZtH #algo: DeepAK8_decorr
Weights: 1 * 1 * 1 * pileupWeight * 1 * lepIdSF * EGammaGsfSF * 1 * (MCWeight_singleLepCalc/abs(MCWeight_singleLepCalc)) * 9.96606770248e-05
Cuts: (leptonPt_singleLepCalc > 50) && (corr_met_singleLepCalc > 55) && (AK4HT > 480) && (minDR_lepJet > 0.4 || ptRel_lepJet > 40) && (NJetsAK8_JetSubCalc > 2) && (minDR_leadAK8otherAK8 < 3.0) && DataPastTrigger == 1 && isMuon==1
****************************************************************************************************
****************************************************************************************************
DISTRIBUTION: Tp2Mass
            -name in ljmet trees: Tprime2_ALGO_Mass
            -x-axis label is set to: ;M(T) [GeV])
            -using the binning as: [0.0, 60.0, 120.0, 180.0, 240.0, 300.0, 360.0, 420.0, 480.0, 540.0, 600.0, 660.0, 720.0, 780.0, 840.0, 900.0, 960.0, 1020.0, 1080.0, 1140.0, 1200.0, 1260.0, 1320.0, 1380.0, 1440.0, 1500.0, 1560.0, 1620.0, 1680.0, 1740.0, 1800.0, 1860.0, 1920.0, 1980.0, 2040.0, 2100.0, 2160.0, 2220.0, 2280.0, 2340.0, 2400.0, 2460.0, 2520.0, 2580.0, 2640.0, 2700.0, 2760.0, 2820.0, 2880.0, 2940.0, 3000.0]
/////////////////////////
PROCESSING:  TTM1500TZTH
/////////////////////////
plotTreeName: Tprime2_DeepAK8_decorr_Mass
Flavour: M #tag: isV_tZtH #algo: DeepAK8_decorr
Weights: 1 * 1 * 1 * pileupWeight * 1 * lepIdSF * EGammaGsfSF * 1 * (MCWeight_singleLepCalc/abs(MCWeight_singleLepCalc)) * 4.98303385124e-05
Cuts: (leptonPt_singleLepCalc > 50) && (corr_met_singleLepCalc > 55) && (AK4HT > 480) && (minDR_lepJet > 0.4 || ptRel_lepJet > 40) && (NJetsAK8_JetSubCalc > 2) && (minDR_leadAK8otherAK8 < 3.0) && DataPastTrigger == 1 && isMuon==1
****************************************************************************************************
****************************************************************************************************
DISTRIBUTION: Tp2Mass
            -name in ljmet trees: Tprime2_ALGO_Mass
            -x-axis label is set to: ;M(T) [GeV])
            -using the binning as: [0.0, 60.0, 120.0, 180.0, 240.0, 300.0, 360.0, 420.0, 480.0, 540.0, 600.0, 660.0, 720.0, 780.0, 840.0, 900.0, 960.0, 1020.0, 1080.0, 1140.0, 1200.0, 1260.0, 1320.0, 1380.0, 1440.0, 1500.0, 1560.0, 1620.0, 1680.0, 1740.0, 1800.0, 1860.0, 1920.0, 1980.0, 2040.0, 2100.0, 2160.0, 2220.0, 2280.0, 2340.0, 2400.0, 2460.0, 2520.0, 2580.0, 2640.0, 2700.0, 2760.0, 2820.0, 2880.0, 2940.0, 3000.0]
/////////////////////////
PROCESSING:  TTM1600BWBW
/////////////////////////
plotTreeName: Tprime2_DeepAK8_decorr_Mass
Flavour: M #tag: isV_tZtH #algo: DeepAK8_decorr
Weights: 1 * 1 * 1 * pileupWeight * 1 * lepIdSF * EGammaGsfSF * 1 * (MCWeight_singleLepCalc/abs(MCWeight_singleLepCalc)) * 0.000114437939919
Cuts: (leptonPt_singleLepCalc > 50) && (corr_met_singleLepCalc > 55) && (AK4HT > 480) && (minDR_lepJet > 0.4 || ptRel_lepJet > 40) && (NJetsAK8_JetSubCalc > 2) && (minDR_leadAK8otherAK8 < 3.0) && DataPastTrigger == 1 && isMuon==1
****************************************************************************************************
****************************************************************************************************
DISTRIBUTION: Tp2Mass
            -name in ljmet trees: Tprime2_ALGO_Mass
            -x-axis label is set to: ;M(T) [GeV])
            -using the binning as: [0.0, 60.0, 120.0, 180.0, 240.0, 300.0, 360.0, 420.0, 480.0, 540.0, 600.0, 660.0, 720.0, 780.0, 840.0, 900.0, 960.0, 1020.0, 1080.0, 1140.0, 1200.0, 1260.0, 1320.0, 1380.0, 1440.0, 1500.0, 1560.0, 1620.0, 1680.0, 1740.0, 1800.0, 1860.0, 1920.0, 1980.0, 2040.0, 2100.0, 2160.0, 2220.0, 2280.0, 2340.0, 2400.0, 2460.0, 2520.0, 2580.0, 2640.0, 2700.0, 2760.0, 2820.0, 2880.0, 2940.0, 3000.0]
/////////////////////////
PROCESSING:  TTM1600THTH
/////////////////////////
plotTreeName: Tprime2_DeepAK8_decorr_Mass
Flavour: M #tag: isV_tZtH #algo: DeepAK8_decorr
Weights: 1 * 1 * 1 * pileupWeight * 1 * lepIdSF * EGammaGsfSF * 1 * (MCWeight_singleLepCalc/abs(MCWeight_singleLepCalc)) * 2.86094849797e-05
Cuts: (leptonPt_singleLepCalc > 50) && (corr_met_singleLepCalc > 55) && (AK4HT > 480) && (minDR_lepJet > 0.4 || ptRel_lepJet > 40) && (NJetsAK8_JetSubCalc > 2) && (minDR_leadAK8otherAK8 < 3.0) && DataPastTrigger == 1 && isMuon==1
****************************************************************************************************
****************************************************************************************************
DISTRIBUTION: Tp2Mass
            -name in ljmet trees: Tprime2_ALGO_Mass
            -x-axis label is set to: ;M(T) [GeV])
            -using the binning as: [0.0, 60.0, 120.0, 180.0, 240.0, 300.0, 360.0, 420.0, 480.0, 540.0, 600.0, 660.0, 720.0, 780.0, 840.0, 900.0, 960.0, 1020.0, 1080.0, 1140.0, 1200.0, 1260.0, 1320.0, 1380.0, 1440.0, 1500.0, 1560.0, 1620.0, 1680.0, 1740.0, 1800.0, 1860.0, 1920.0, 1980.0, 2040.0, 2100.0, 2160.0, 2220.0, 2280.0, 2340.0, 2400.0, 2460.0, 2520.0, 2580.0, 2640.0, 2700.0, 2760.0, 2820.0, 2880.0, 2940.0, 3000.0]
/////////////////////////
PROCESSING:  TTM1600TZTZ
/////////////////////////
plotTreeName: Tprime2_DeepAK8_decorr_Mass
Flavour: M #tag: isV_tZtH #algo: DeepAK8_decorr
Weights: 1 * 1 * 1 * pileupWeight * 1 * lepIdSF * EGammaGsfSF * 1 * (MCWeight_singleLepCalc/abs(MCWeight_singleLepCalc)) * 2.86094849797e-05
Cuts: (leptonPt_singleLepCalc > 50) && (corr_met_singleLepCalc > 55) && (AK4HT > 480) && (minDR_lepJet > 0.4 || ptRel_lepJet > 40) && (NJetsAK8_JetSubCalc > 2) && (minDR_leadAK8otherAK8 < 3.0) && DataPastTrigger == 1 && isMuon==1
****************************************************************************************************
****************************************************************************************************
DISTRIBUTION: Tp2Mass
            -name in ljmet trees: Tprime2_ALGO_Mass
            -x-axis label is set to: ;M(T) [GeV])
            -using the binning as: [0.0, 60.0, 120.0, 180.0, 240.0, 300.0, 360.0, 420.0, 480.0, 540.0, 600.0, 660.0, 720.0, 780.0, 840.0, 900.0, 960.0, 1020.0, 1080.0, 1140.0, 1200.0, 1260.0, 1320.0, 1380.0, 1440.0, 1500.0, 1560.0, 1620.0, 1680.0, 1740.0, 1800.0, 1860.0, 1920.0, 1980.0, 2040.0, 2100.0, 2160.0, 2220.0, 2280.0, 2340.0, 2400.0, 2460.0, 2520.0, 2580.0, 2640.0, 2700.0, 2760.0, 2820.0, 2880.0, 2940.0, 3000.0]
/////////////////////////
PROCESSING:  TTM1600TZBW
/////////////////////////
plotTreeName: Tprime2_DeepAK8_decorr_Mass
Flavour: M #tag: isV_tZtH #algo: DeepAK8_decorr
Weights: 1 * 1 * 1 * pileupWeight * 1 * lepIdSF * EGammaGsfSF * 1 * (MCWeight_singleLepCalc/abs(MCWeight_singleLepCalc)) * 5.72189699595e-05
Cuts: (leptonPt_singleLepCalc > 50) && (corr_met_singleLepCalc > 55) && (AK4HT > 480) && (minDR_lepJet > 0.4 || ptRel_lepJet > 40) && (NJetsAK8_JetSubCalc > 2) && (minDR_leadAK8otherAK8 < 3.0) && DataPastTrigger == 1 && isMuon==1
****************************************************************************************************
****************************************************************************************************
DISTRIBUTION: Tp2Mass
            -name in ljmet trees: Tprime2_ALGO_Mass
            -x-axis label is set to: ;M(T) [GeV])
            -using the binning as: [0.0, 60.0, 120.0, 180.0, 240.0, 300.0, 360.0, 420.0, 480.0, 540.0, 600.0, 660.0, 720.0, 780.0, 840.0, 900.0, 960.0, 1020.0, 1080.0, 1140.0, 1200.0, 1260.0, 1320.0, 1380.0, 1440.0, 1500.0, 1560.0, 1620.0, 1680.0, 1740.0, 1800.0, 1860.0, 1920.0, 1980.0, 2040.0, 2100.0, 2160.0, 2220.0, 2280.0, 2340.0, 2400.0, 2460.0, 2520.0, 2580.0, 2640.0, 2700.0, 2760.0, 2820.0, 2880.0, 2940.0, 3000.0]
/////////////////////////
PROCESSING:  TTM1600THBW
/////////////////////////
plotTreeName: Tprime2_DeepAK8_decorr_Mass
Flavour: M #tag: isV_tZtH #algo: DeepAK8_decorr
Weights: 1 * 1 * 1 * pileupWeight * 1 * lepIdSF * EGammaGsfSF * 1 * (MCWeight_singleLepCalc/abs(MCWeight_singleLepCalc)) * 5.72189699595e-05
Cuts: (leptonPt_singleLepCalc > 50) && (corr_met_singleLepCalc > 55) && (AK4HT > 480) && (minDR_lepJet > 0.4 || ptRel_lepJet > 40) && (NJetsAK8_JetSubCalc > 2) && (minDR_leadAK8otherAK8 < 3.0) && DataPastTrigger == 1 && isMuon==1
****************************************************************************************************
****************************************************************************************************
DISTRIBUTION: Tp2Mass
            -name in ljmet trees: Tprime2_ALGO_Mass
            -x-axis label is set to: ;M(T) [GeV])
            -using the binning as: [0.0, 60.0, 120.0, 180.0, 240.0, 300.0, 360.0, 420.0, 480.0, 540.0, 600.0, 660.0, 720.0, 780.0, 840.0, 900.0, 960.0, 1020.0, 1080.0, 1140.0, 1200.0, 1260.0, 1320.0, 1380.0, 1440.0, 1500.0, 1560.0, 1620.0, 1680.0, 1740.0, 1800.0, 1860.0, 1920.0, 1980.0, 2040.0, 2100.0, 2160.0, 2220.0, 2280.0, 2340.0, 2400.0, 2460.0, 2520.0, 2580.0, 2640.0, 2700.0, 2760.0, 2820.0, 2880.0, 2940.0, 3000.0]
/////////////////////////
PROCESSING:  TTM1600TZTH
/////////////////////////
plotTreeName: Tprime2_DeepAK8_decorr_Mass
Flavour: M #tag: isV_tZtH #algo: DeepAK8_decorr
Weights: 1 * 1 * 1 * pileupWeight * 1 * lepIdSF * EGammaGsfSF * 1 * (MCWeight_singleLepCalc/abs(MCWeight_singleLepCalc)) * 2.86094849797e-05
Cuts: (leptonPt_singleLepCalc > 50) && (corr_met_singleLepCalc > 55) && (AK4HT > 480) && (minDR_lepJet > 0.4 || ptRel_lepJet > 40) && (NJetsAK8_JetSubCalc > 2) && (minDR_leadAK8otherAK8 < 3.0) && DataPastTrigger == 1 && isMuon==1
****************************************************************************************************
****************************************************************************************************
DISTRIBUTION: Tp2Mass
            -name in ljmet trees: Tprime2_ALGO_Mass
            -x-axis label is set to: ;M(T) [GeV])
            -using the binning as: [0.0, 60.0, 120.0, 180.0, 240.0, 300.0, 360.0, 420.0, 480.0, 540.0, 600.0, 660.0, 720.0, 780.0, 840.0, 900.0, 960.0, 1020.0, 1080.0, 1140.0, 1200.0, 1260.0, 1320.0, 1380.0, 1440.0, 1500.0, 1560.0, 1620.0, 1680.0, 1740.0, 1800.0, 1860.0, 1920.0, 1980.0, 2040.0, 2100.0, 2160.0, 2220.0, 2280.0, 2340.0, 2400.0, 2460.0, 2520.0, 2580.0, 2640.0, 2700.0, 2760.0, 2820.0, 2880.0, 2940.0, 3000.0]
/////////////////////////
PROCESSING:  TTM1700BWBW
/////////////////////////
plotTreeName: Tprime2_DeepAK8_decorr_Mass
Flavour: M #tag: isV_tZtH #algo: DeepAK8_decorr
Weights: 1 * 1 * 1 * pileupWeight * 1 * lepIdSF * EGammaGsfSF * 1 * (MCWeight_singleLepCalc/abs(MCWeight_singleLepCalc)) * 6.93554282011e-05
Cuts: (leptonPt_singleLepCalc > 50) && (corr_met_singleLepCalc > 55) && (AK4HT > 480) && (minDR_lepJet > 0.4 || ptRel_lepJet > 40) && (NJetsAK8_JetSubCalc > 2) && (minDR_leadAK8otherAK8 < 3.0) && DataPastTrigger == 1 && isMuon==1
****************************************************************************************************
****************************************************************************************************
DISTRIBUTION: Tp2Mass
            -name in ljmet trees: Tprime2_ALGO_Mass
            -x-axis label is set to: ;M(T) [GeV])
            -using the binning as: [0.0, 60.0, 120.0, 180.0, 240.0, 300.0, 360.0, 420.0, 480.0, 540.0, 600.0, 660.0, 720.0, 780.0, 840.0, 900.0, 960.0, 1020.0, 1080.0, 1140.0, 1200.0, 1260.0, 1320.0, 1380.0, 1440.0, 1500.0, 1560.0, 1620.0, 1680.0, 1740.0, 1800.0, 1860.0, 1920.0, 1980.0, 2040.0, 2100.0, 2160.0, 2220.0, 2280.0, 2340.0, 2400.0, 2460.0, 2520.0, 2580.0, 2640.0, 2700.0, 2760.0, 2820.0, 2880.0, 2940.0, 3000.0]
/////////////////////////
PROCESSING:  TTM1700THTH
/////////////////////////
plotTreeName: Tprime2_DeepAK8_decorr_Mass
Flavour: M #tag: isV_tZtH #algo: DeepAK8_decorr
Weights: 1 * 1 * 1 * pileupWeight * 1 * lepIdSF * EGammaGsfSF * 1 * (MCWeight_singleLepCalc/abs(MCWeight_singleLepCalc)) * 1.73388570503e-05
Cuts: (leptonPt_singleLepCalc > 50) && (corr_met_singleLepCalc > 55) && (AK4HT > 480) && (minDR_lepJet > 0.4 || ptRel_lepJet > 40) && (NJetsAK8_JetSubCalc > 2) && (minDR_leadAK8otherAK8 < 3.0) && DataPastTrigger == 1 && isMuon==1
****************************************************************************************************
****************************************************************************************************
DISTRIBUTION: Tp2Mass
            -name in ljmet trees: Tprime2_ALGO_Mass
            -x-axis label is set to: ;M(T) [GeV])
            -using the binning as: [0.0, 60.0, 120.0, 180.0, 240.0, 300.0, 360.0, 420.0, 480.0, 540.0, 600.0, 660.0, 720.0, 780.0, 840.0, 900.0, 960.0, 1020.0, 1080.0, 1140.0, 1200.0, 1260.0, 1320.0, 1380.0, 1440.0, 1500.0, 1560.0, 1620.0, 1680.0, 1740.0, 1800.0, 1860.0, 1920.0, 1980.0, 2040.0, 2100.0, 2160.0, 2220.0, 2280.0, 2340.0, 2400.0, 2460.0, 2520.0, 2580.0, 2640.0, 2700.0, 2760.0, 2820.0, 2880.0, 2940.0, 3000.0]
/////////////////////////
PROCESSING:  TTM1700TZTZ
/////////////////////////
plotTreeName: Tprime2_DeepAK8_decorr_Mass
Flavour: M #tag: isV_tZtH #algo: DeepAK8_decorr
Weights: 1 * 1 * 1 * pileupWeight * 1 * lepIdSF * EGammaGsfSF * 1 * (MCWeight_singleLepCalc/abs(MCWeight_singleLepCalc)) * 1.73388570503e-05
Cuts: (leptonPt_singleLepCalc > 50) && (corr_met_singleLepCalc > 55) && (AK4HT > 480) && (minDR_lepJet > 0.4 || ptRel_lepJet > 40) && (NJetsAK8_JetSubCalc > 2) && (minDR_leadAK8otherAK8 < 3.0) && DataPastTrigger == 1 && isMuon==1
****************************************************************************************************
****************************************************************************************************
DISTRIBUTION: Tp2Mass
            -name in ljmet trees: Tprime2_ALGO_Mass
            -x-axis label is set to: ;M(T) [GeV])
            -using the binning as: [0.0, 60.0, 120.0, 180.0, 240.0, 300.0, 360.0, 420.0, 480.0, 540.0, 600.0, 660.0, 720.0, 780.0, 840.0, 900.0, 960.0, 1020.0, 1080.0, 1140.0, 1200.0, 1260.0, 1320.0, 1380.0, 1440.0, 1500.0, 1560.0, 1620.0, 1680.0, 1740.0, 1800.0, 1860.0, 1920.0, 1980.0, 2040.0, 2100.0, 2160.0, 2220.0, 2280.0, 2340.0, 2400.0, 2460.0, 2520.0, 2580.0, 2640.0, 2700.0, 2760.0, 2820.0, 2880.0, 2940.0, 3000.0]
/////////////////////////
PROCESSING:  TTM1700TZBW
/////////////////////////
plotTreeName: Tprime2_DeepAK8_decorr_Mass
Flavour: M #tag: isV_tZtH #algo: DeepAK8_decorr
Weights: 1 * 1 * 1 * pileupWeight * 1 * lepIdSF * EGammaGsfSF * 1 * (MCWeight_singleLepCalc/abs(MCWeight_singleLepCalc)) * 3.46777141005e-05
Cuts: (leptonPt_singleLepCalc > 50) && (corr_met_singleLepCalc > 55) && (AK4HT > 480) && (minDR_lepJet > 0.4 || ptRel_lepJet > 40) && (NJetsAK8_JetSubCalc > 2) && (minDR_leadAK8otherAK8 < 3.0) && DataPastTrigger == 1 && isMuon==1
****************************************************************************************************
****************************************************************************************************
DISTRIBUTION: Tp2Mass
            -name in ljmet trees: Tprime2_ALGO_Mass
            -x-axis label is set to: ;M(T) [GeV])
            -using the binning as: [0.0, 60.0, 120.0, 180.0, 240.0, 300.0, 360.0, 420.0, 480.0, 540.0, 600.0, 660.0, 720.0, 780.0, 840.0, 900.0, 960.0, 1020.0, 1080.0, 1140.0, 1200.0, 1260.0, 1320.0, 1380.0, 1440.0, 1500.0, 1560.0, 1620.0, 1680.0, 1740.0, 1800.0, 1860.0, 1920.0, 1980.0, 2040.0, 2100.0, 2160.0, 2220.0, 2280.0, 2340.0, 2400.0, 2460.0, 2520.0, 2580.0, 2640.0, 2700.0, 2760.0, 2820.0, 2880.0, 2940.0, 3000.0]
/////////////////////////
PROCESSING:  TTM1700THBW
/////////////////////////
plotTreeName: Tprime2_DeepAK8_decorr_Mass
Flavour: M #tag: isV_tZtH #algo: DeepAK8_decorr
Weights: 1 * 1 * 1 * pileupWeight * 1 * lepIdSF * EGammaGsfSF * 1 * (MCWeight_singleLepCalc/abs(MCWeight_singleLepCalc)) * 3.46777141005e-05
Cuts: (leptonPt_singleLepCalc > 50) && (corr_met_singleLepCalc > 55) && (AK4HT > 480) && (minDR_lepJet > 0.4 || ptRel_lepJet > 40) && (NJetsAK8_JetSubCalc > 2) && (minDR_leadAK8otherAK8 < 3.0) && DataPastTrigger == 1 && isMuon==1
****************************************************************************************************
****************************************************************************************************
DISTRIBUTION: Tp2Mass
            -name in ljmet trees: Tprime2_ALGO_Mass
            -x-axis label is set to: ;M(T) [GeV])
            -using the binning as: [0.0, 60.0, 120.0, 180.0, 240.0, 300.0, 360.0, 420.0, 480.0, 540.0, 600.0, 660.0, 720.0, 780.0, 840.0, 900.0, 960.0, 1020.0, 1080.0, 1140.0, 1200.0, 1260.0, 1320.0, 1380.0, 1440.0, 1500.0, 1560.0, 1620.0, 1680.0, 1740.0, 1800.0, 1860.0, 1920.0, 1980.0, 2040.0, 2100.0, 2160.0, 2220.0, 2280.0, 2340.0, 2400.0, 2460.0, 2520.0, 2580.0, 2640.0, 2700.0, 2760.0, 2820.0, 2880.0, 2940.0, 3000.0]
/////////////////////////
PROCESSING:  TTM1700TZTH
/////////////////////////
plotTreeName: Tprime2_DeepAK8_decorr_Mass
Flavour: M #tag: isV_tZtH #algo: DeepAK8_decorr
Weights: 1 * 1 * 1 * pileupWeight * 1 * lepIdSF * EGammaGsfSF * 1 * (MCWeight_singleLepCalc/abs(MCWeight_singleLepCalc)) * 1.73388570503e-05
Cuts: (leptonPt_singleLepCalc > 50) && (corr_met_singleLepCalc > 55) && (AK4HT > 480) && (minDR_lepJet > 0.4 || ptRel_lepJet > 40) && (NJetsAK8_JetSubCalc > 2) && (minDR_leadAK8otherAK8 < 3.0) && DataPastTrigger == 1 && isMuon==1
****************************************************************************************************
****************************************************************************************************
DISTRIBUTION: Tp2Mass
            -name in ljmet trees: Tprime2_ALGO_Mass
            -x-axis label is set to: ;M(T) [GeV])
            -using the binning as: [0.0, 60.0, 120.0, 180.0, 240.0, 300.0, 360.0, 420.0, 480.0, 540.0, 600.0, 660.0, 720.0, 780.0, 840.0, 900.0, 960.0, 1020.0, 1080.0, 1140.0, 1200.0, 1260.0, 1320.0, 1380.0, 1440.0, 1500.0, 1560.0, 1620.0, 1680.0, 1740.0, 1800.0, 1860.0, 1920.0, 1980.0, 2040.0, 2100.0, 2160.0, 2220.0, 2280.0, 2340.0, 2400.0, 2460.0, 2520.0, 2580.0, 2640.0, 2700.0, 2760.0, 2820.0, 2880.0, 2940.0, 3000.0]
/////////////////////////
PROCESSING:  TTM1800BWBW
/////////////////////////
plotTreeName: Tprime2_DeepAK8_decorr_Mass
Flavour: M #tag: isV_tZtH #algo: DeepAK8_decorr
Weights: 1 * 1 * 1 * pileupWeight * 1 * lepIdSF * EGammaGsfSF * 1 * (MCWeight_singleLepCalc/abs(MCWeight_singleLepCalc)) * 3.89579688164e-05
Cuts: (leptonPt_singleLepCalc > 50) && (corr_met_singleLepCalc > 55) && (AK4HT > 480) && (minDR_lepJet > 0.4 || ptRel_lepJet > 40) && (NJetsAK8_JetSubCalc > 2) && (minDR_leadAK8otherAK8 < 3.0) && DataPastTrigger == 1 && isMuon==1
****************************************************************************************************
****************************************************************************************************
DISTRIBUTION: Tp2Mass
            -name in ljmet trees: Tprime2_ALGO_Mass
            -x-axis label is set to: ;M(T) [GeV])
            -using the binning as: [0.0, 60.0, 120.0, 180.0, 240.0, 300.0, 360.0, 420.0, 480.0, 540.0, 600.0, 660.0, 720.0, 780.0, 840.0, 900.0, 960.0, 1020.0, 1080.0, 1140.0, 1200.0, 1260.0, 1320.0, 1380.0, 1440.0, 1500.0, 1560.0, 1620.0, 1680.0, 1740.0, 1800.0, 1860.0, 1920.0, 1980.0, 2040.0, 2100.0, 2160.0, 2220.0, 2280.0, 2340.0, 2400.0, 2460.0, 2520.0, 2580.0, 2640.0, 2700.0, 2760.0, 2820.0, 2880.0, 2940.0, 3000.0]
/////////////////////////
PROCESSING:  TTM1800THTH
/////////////////////////
plotTreeName: Tprime2_DeepAK8_decorr_Mass
Flavour: M #tag: isV_tZtH #algo: DeepAK8_decorr
Weights: 1 * 1 * 1 * pileupWeight * 1 * lepIdSF * EGammaGsfSF * 1 * (MCWeight_singleLepCalc/abs(MCWeight_singleLepCalc)) * 9.7394922041e-06
Cuts: (leptonPt_singleLepCalc > 50) && (corr_met_singleLepCalc > 55) && (AK4HT > 480) && (minDR_lepJet > 0.4 || ptRel_lepJet > 40) && (NJetsAK8_JetSubCalc > 2) && (minDR_leadAK8otherAK8 < 3.0) && DataPastTrigger == 1 && isMuon==1
****************************************************************************************************
****************************************************************************************************
DISTRIBUTION: Tp2Mass
            -name in ljmet trees: Tprime2_ALGO_Mass
            -x-axis label is set to: ;M(T) [GeV])
            -using the binning as: [0.0, 60.0, 120.0, 180.0, 240.0, 300.0, 360.0, 420.0, 480.0, 540.0, 600.0, 660.0, 720.0, 780.0, 840.0, 900.0, 960.0, 1020.0, 1080.0, 1140.0, 1200.0, 1260.0, 1320.0, 1380.0, 1440.0, 1500.0, 1560.0, 1620.0, 1680.0, 1740.0, 1800.0, 1860.0, 1920.0, 1980.0, 2040.0, 2100.0, 2160.0, 2220.0, 2280.0, 2340.0, 2400.0, 2460.0, 2520.0, 2580.0, 2640.0, 2700.0, 2760.0, 2820.0, 2880.0, 2940.0, 3000.0]
/////////////////////////
PROCESSING:  TTM1800TZTZ
/////////////////////////
plotTreeName: Tprime2_DeepAK8_decorr_Mass
Flavour: M #tag: isV_tZtH #algo: DeepAK8_decorr
Weights: 1 * 1 * 1 * pileupWeight * 1 * lepIdSF * EGammaGsfSF * 1 * (MCWeight_singleLepCalc/abs(MCWeight_singleLepCalc)) * 9.7394922041e-06
Cuts: (leptonPt_singleLepCalc > 50) && (corr_met_singleLepCalc > 55) && (AK4HT > 480) && (minDR_lepJet > 0.4 || ptRel_lepJet > 40) && (NJetsAK8_JetSubCalc > 2) && (minDR_leadAK8otherAK8 < 3.0) && DataPastTrigger == 1 && isMuon==1
****************************************************************************************************
****************************************************************************************************
DISTRIBUTION: Tp2Mass
            -name in ljmet trees: Tprime2_ALGO_Mass
            -x-axis label is set to: ;M(T) [GeV])
            -using the binning as: [0.0, 60.0, 120.0, 180.0, 240.0, 300.0, 360.0, 420.0, 480.0, 540.0, 600.0, 660.0, 720.0, 780.0, 840.0, 900.0, 960.0, 1020.0, 1080.0, 1140.0, 1200.0, 1260.0, 1320.0, 1380.0, 1440.0, 1500.0, 1560.0, 1620.0, 1680.0, 1740.0, 1800.0, 1860.0, 1920.0, 1980.0, 2040.0, 2100.0, 2160.0, 2220.0, 2280.0, 2340.0, 2400.0, 2460.0, 2520.0, 2580.0, 2640.0, 2700.0, 2760.0, 2820.0, 2880.0, 2940.0, 3000.0]
/////////////////////////
PROCESSING:  TTM1800TZBW
/////////////////////////
plotTreeName: Tprime2_DeepAK8_decorr_Mass
Flavour: M #tag: isV_tZtH #algo: DeepAK8_decorr
Weights: 1 * 1 * 1 * pileupWeight * 1 * lepIdSF * EGammaGsfSF * 1 * (MCWeight_singleLepCalc/abs(MCWeight_singleLepCalc)) * 1.94789844082e-05
Cuts: (leptonPt_singleLepCalc > 50) && (corr_met_singleLepCalc > 55) && (AK4HT > 480) && (minDR_lepJet > 0.4 || ptRel_lepJet > 40) && (NJetsAK8_JetSubCalc > 2) && (minDR_leadAK8otherAK8 < 3.0) && DataPastTrigger == 1 && isMuon==1
****************************************************************************************************
****************************************************************************************************
DISTRIBUTION: Tp2Mass
            -name in ljmet trees: Tprime2_ALGO_Mass
            -x-axis label is set to: ;M(T) [GeV])
            -using the binning as: [0.0, 60.0, 120.0, 180.0, 240.0, 300.0, 360.0, 420.0, 480.0, 540.0, 600.0, 660.0, 720.0, 780.0, 840.0, 900.0, 960.0, 1020.0, 1080.0, 1140.0, 1200.0, 1260.0, 1320.0, 1380.0, 1440.0, 1500.0, 1560.0, 1620.0, 1680.0, 1740.0, 1800.0, 1860.0, 1920.0, 1980.0, 2040.0, 2100.0, 2160.0, 2220.0, 2280.0, 2340.0, 2400.0, 2460.0, 2520.0, 2580.0, 2640.0, 2700.0, 2760.0, 2820.0, 2880.0, 2940.0, 3000.0]
/////////////////////////
PROCESSING:  TTM1800THBW
/////////////////////////
plotTreeName: Tprime2_DeepAK8_decorr_Mass
Flavour: M #tag: isV_tZtH #algo: DeepAK8_decorr
Weights: 1 * 1 * 1 * pileupWeight * 1 * lepIdSF * EGammaGsfSF * 1 * (MCWeight_singleLepCalc/abs(MCWeight_singleLepCalc)) * 1.94789844082e-05
Cuts: (leptonPt_singleLepCalc > 50) && (corr_met_singleLepCalc > 55) && (AK4HT > 480) && (minDR_lepJet > 0.4 || ptRel_lepJet > 40) && (NJetsAK8_JetSubCalc > 2) && (minDR_leadAK8otherAK8 < 3.0) && DataPastTrigger == 1 && isMuon==1
****************************************************************************************************
****************************************************************************************************
DISTRIBUTION: Tp2Mass
            -name in ljmet trees: Tprime2_ALGO_Mass
            -x-axis label is set to: ;M(T) [GeV])
            -using the binning as: [0.0, 60.0, 120.0, 180.0, 240.0, 300.0, 360.0, 420.0, 480.0, 540.0, 600.0, 660.0, 720.0, 780.0, 840.0, 900.0, 960.0, 1020.0, 1080.0, 1140.0, 1200.0, 1260.0, 1320.0, 1380.0, 1440.0, 1500.0, 1560.0, 1620.0, 1680.0, 1740.0, 1800.0, 1860.0, 1920.0, 1980.0, 2040.0, 2100.0, 2160.0, 2220.0, 2280.0, 2340.0, 2400.0, 2460.0, 2520.0, 2580.0, 2640.0, 2700.0, 2760.0, 2820.0, 2880.0, 2940.0, 3000.0]
/////////////////////////
PROCESSING:  TTM1800TZTH
/////////////////////////
plotTreeName: Tprime2_DeepAK8_decorr_Mass
Flavour: M #tag: isV_tZtH #algo: DeepAK8_decorr
Weights: 1 * 1 * 1 * pileupWeight * 1 * lepIdSF * EGammaGsfSF * 1 * (MCWeight_singleLepCalc/abs(MCWeight_singleLepCalc)) * 9.7394922041e-06
Cuts: (leptonPt_singleLepCalc > 50) && (corr_met_singleLepCalc > 55) && (AK4HT > 480) && (minDR_lepJet > 0.4 || ptRel_lepJet > 40) && (NJetsAK8_JetSubCalc > 2) && (minDR_leadAK8otherAK8 < 3.0) && DataPastTrigger == 1 && isMuon==1
****************************************************************************************************
****************************************************************************************************
DISTRIBUTION: Tp2Mass
            -name in ljmet trees: Tprime2_ALGO_Mass
            -x-axis label is set to: ;M(T) [GeV])
            -using the binning as: [0.0, 60.0, 120.0, 180.0, 240.0, 300.0, 360.0, 420.0, 480.0, 540.0, 600.0, 660.0, 720.0, 780.0, 840.0, 900.0, 960.0, 1020.0, 1080.0, 1140.0, 1200.0, 1260.0, 1320.0, 1380.0, 1440.0, 1500.0, 1560.0, 1620.0, 1680.0, 1740.0, 1800.0, 1860.0, 1920.0, 1980.0, 2040.0, 2100.0, 2160.0, 2220.0, 2280.0, 2340.0, 2400.0, 2460.0, 2520.0, 2580.0, 2640.0, 2700.0, 2760.0, 2820.0, 2880.0, 2940.0, 3000.0]
/////////////////////////
PROCESSING:  WJetsMG400
/////////////////////////
plotTreeName: Tprime2_BEST_Mass
Flavour: M #tag: isV_tZtZ #algo: BEST
Weights: 1 * HTSF_Pol * 1 * pileupWeight * 1 * lepIdSF * EGammaGsfSF * 1 * (MCWeight_singleLepCalc/abs(MCWeight_singleLepCalc)) * 0.280770227538
Cuts: (leptonPt_singleLepCalc > 50) && (corr_met_singleLepCalc > 55) && (AK4HT > 480) && (minDR_lepJet > 0.4 || ptRel_lepJet > 40) && (NJetsAK8_JetSubCalc > 2) && (minDR_leadAK8otherAK8 < 3.0) && DataPastTrigger == 1 && isMuon==1
****************************************************************************************************
****************************************************************************************************
DISTRIBUTION: Tp2Mass
            -name in ljmet trees: Tprime2_ALGO_Mass
            -x-axis label is set to: ;M(T) [GeV])
            -using the binning as: [0.0, 60.0, 120.0, 180.0, 240.0, 300.0, 360.0, 420.0, 480.0, 540.0, 600.0, 660.0, 720.0, 780.0, 840.0, 900.0, 960.0, 1020.0, 1080.0, 1140.0, 1200.0, 1260.0, 1320.0, 1380.0, 1440.0, 1500.0, 1560.0, 1620.0, 1680.0, 1740.0, 1800.0, 1860.0, 1920.0, 1980.0, 2040.0, 2100.0, 2160.0, 2220.0, 2280.0, 2340.0, 2400.0, 2460.0, 2520.0, 2580.0, 2640.0, 2700.0, 2760.0, 2820.0, 2880.0, 2940.0, 3000.0]
/////////////////////////
PROCESSING:  WJetsMG600
/////////////////////////
plotTreeName: Tprime2_BEST_Mass
Flavour: M #tag: isV_tZtZ #algo: BEST
Weights: 1 * HTSF_Pol * 1 * pileupWeight * 1 * lepIdSF * EGammaGsfSF * 1 * (MCWeight_singleLepCalc/abs(MCWeight_singleLepCalc)) * 0.0287233231554
Cuts: (leptonPt_singleLepCalc > 50) && (corr_met_singleLepCalc > 55) && (AK4HT > 480) && (minDR_lepJet > 0.4 || ptRel_lepJet > 40) && (NJetsAK8_JetSubCalc > 2) && (minDR_leadAK8otherAK8 < 3.0) && DataPastTrigger == 1 && isMuon==1
****************************************************************************************************
****************************************************************************************************
DISTRIBUTION: Tp2Mass
            -name in ljmet trees: Tprime2_ALGO_Mass
            -x-axis label is set to: ;M(T) [GeV])
            -using the binning as: [0.0, 60.0, 120.0, 180.0, 240.0, 300.0, 360.0, 420.0, 480.0, 540.0, 600.0, 660.0, 720.0, 780.0, 840.0, 900.0, 960.0, 1020.0, 1080.0, 1140.0, 1200.0, 1260.0, 1320.0, 1380.0, 1440.0, 1500.0, 1560.0, 1620.0, 1680.0, 1740.0, 1800.0, 1860.0, 1920.0, 1980.0, 2040.0, 2100.0, 2160.0, 2220.0, 2280.0, 2340.0, 2400.0, 2460.0, 2520.0, 2580.0, 2640.0, 2700.0, 2760.0, 2820.0, 2880.0, 2940.0, 3000.0]
/////////////////////////
PROCESSING:  WJetsMG800
/////////////////////////
plotTreeName: Tprime2_BEST_Mass
Flavour: M #tag: isV_tZtZ #algo: BEST
Weights: 1 * HTSF_Pol * 1 * pileupWeight * 1 * lepIdSF * EGammaGsfSF * 1 * (MCWeight_singleLepCalc/abs(MCWeight_singleLepCalc)) * 0.0316367902594
Cuts: (leptonPt_singleLepCalc > 50) && (corr_met_singleLepCalc > 55) && (AK4HT > 480) && (minDR_lepJet > 0.4 || ptRel_lepJet > 40) && (NJetsAK8_JetSubCalc > 2) && (minDR_leadAK8otherAK8 < 3.0) && DataPastTrigger == 1 && isMuon==1
****************************************************************************************************
****************************************************************************************************
DISTRIBUTION: Tp2Mass
            -name in ljmet trees: Tprime2_ALGO_Mass
            -x-axis label is set to: ;M(T) [GeV])
            -using the binning as: [0.0, 60.0, 120.0, 180.0, 240.0, 300.0, 360.0, 420.0, 480.0, 540.0, 600.0, 660.0, 720.0, 780.0, 840.0, 900.0, 960.0, 1020.0, 1080.0, 1140.0, 1200.0, 1260.0, 1320.0, 1380.0, 1440.0, 1500.0, 1560.0, 1620.0, 1680.0, 1740.0, 1800.0, 1860.0, 1920.0, 1980.0, 2040.0, 2100.0, 2160.0, 2220.0, 2280.0, 2340.0, 2400.0, 2460.0, 2520.0, 2580.0, 2640.0, 2700.0, 2760.0, 2820.0, 2880.0, 2940.0, 3000.0]
/////////////////////////
PROCESSING:  WJetsMG1200
/////////////////////////
plotTreeName: Tprime2_BEST_Mass
Flavour: M #tag: isV_tZtZ #algo: BEST
Weights: 1 * HTSF_Pol * 1 * pileupWeight * 1 * lepIdSF * EGammaGsfSF * 1 * (MCWeight_singleLepCalc/abs(MCWeight_singleLepCalc)) * 0.00861414819858
Cuts: (leptonPt_singleLepCalc > 50) && (corr_met_singleLepCalc > 55) && (AK4HT > 480) && (minDR_lepJet > 0.4 || ptRel_lepJet > 40) && (NJetsAK8_JetSubCalc > 2) && (minDR_leadAK8otherAK8 < 3.0) && DataPastTrigger == 1 && isMuon==1
****************************************************************************************************
****************************************************************************************************
DISTRIBUTION: Tp2Mass
            -name in ljmet trees: Tprime2_ALGO_Mass
            -x-axis label is set to: ;M(T) [GeV])
            -using the binning as: [0.0, 60.0, 120.0, 180.0, 240.0, 300.0, 360.0, 420.0, 480.0, 540.0, 600.0, 660.0, 720.0, 780.0, 840.0, 900.0, 960.0, 1020.0, 1080.0, 1140.0, 1200.0, 1260.0, 1320.0, 1380.0, 1440.0, 1500.0, 1560.0, 1620.0, 1680.0, 1740.0, 1800.0, 1860.0, 1920.0, 1980.0, 2040.0, 2100.0, 2160.0, 2220.0, 2280.0, 2340.0, 2400.0, 2460.0, 2520.0, 2580.0, 2640.0, 2700.0, 2760.0, 2820.0, 2880.0, 2940.0, 3000.0]
/////////////////////////
PROCESSING:  WJetsMG2500
/////////////////////////
plotTreeName: Tprime2_BEST_Mass
Flavour: M #tag: isV_tZtZ #algo: BEST
Weights: 1 * HTSF_Pol * 1 * pileupWeight * 1 * lepIdSF * EGammaGsfSF * 1 * (MCWeight_singleLepCalc/abs(MCWeight_singleLepCalc)) * 0.00054308661217
Cuts: (leptonPt_singleLepCalc > 50) && (corr_met_singleLepCalc > 55) && (AK4HT > 480) && (minDR_lepJet > 0.4 || ptRel_lepJet > 40) && (NJetsAK8_JetSubCalc > 2) && (minDR_leadAK8otherAK8 < 3.0) && DataPastTrigger == 1 && isMuon==1
****************************************************************************************************
****************************************************************************************************
DISTRIBUTION: Tp2Mass
            -name in ljmet trees: Tprime2_ALGO_Mass
            -x-axis label is set to: ;M(T) [GeV])
            -using the binning as: [0.0, 60.0, 120.0, 180.0, 240.0, 300.0, 360.0, 420.0, 480.0, 540.0, 600.0, 660.0, 720.0, 780.0, 840.0, 900.0, 960.0, 1020.0, 1080.0, 1140.0, 1200.0, 1260.0, 1320.0, 1380.0, 1440.0, 1500.0, 1560.0, 1620.0, 1680.0, 1740.0, 1800.0, 1860.0, 1920.0, 1980.0, 2040.0, 2100.0, 2160.0, 2220.0, 2280.0, 2340.0, 2400.0, 2460.0, 2520.0, 2580.0, 2640.0, 2700.0, 2760.0, 2820.0, 2880.0, 2940.0, 3000.0]
/////////////////////////
PROCESSING:  TTM1100BWBW
/////////////////////////
plotTreeName: Tprime2_BEST_Mass
Flavour: M #tag: isV_tZtZ #algo: BEST
Weights: 1 * 1 * 1 * pileupWeight * 1 * lepIdSF * EGammaGsfSF * 1 * (MCWeight_singleLepCalc/abs(MCWeight_singleLepCalc)) * 0.00223239916536
Cuts: (leptonPt_singleLepCalc > 50) && (corr_met_singleLepCalc > 55) && (AK4HT > 480) && (minDR_lepJet > 0.4 || ptRel_lepJet > 40) && (NJetsAK8_JetSubCalc > 2) && (minDR_leadAK8otherAK8 < 3.0) && DataPastTrigger == 1 && isMuon==1
****************************************************************************************************
****************************************************************************************************
DISTRIBUTION: Tp2Mass
            -name in ljmet trees: Tprime2_ALGO_Mass
            -x-axis label is set to: ;M(T) [GeV])
            -using the binning as: [0.0, 60.0, 120.0, 180.0, 240.0, 300.0, 360.0, 420.0, 480.0, 540.0, 600.0, 660.0, 720.0, 780.0, 840.0, 900.0, 960.0, 1020.0, 1080.0, 1140.0, 1200.0, 1260.0, 1320.0, 1380.0, 1440.0, 1500.0, 1560.0, 1620.0, 1680.0, 1740.0, 1800.0, 1860.0, 1920.0, 1980.0, 2040.0, 2100.0, 2160.0, 2220.0, 2280.0, 2340.0, 2400.0, 2460.0, 2520.0, 2580.0, 2640.0, 2700.0, 2760.0, 2820.0, 2880.0, 2940.0, 3000.0]
/////////////////////////
PROCESSING:  TTM1100THTH
/////////////////////////
plotTreeName: Tprime2_BEST_Mass
Flavour: M #tag: isV_tZtZ #algo: BEST
Weights: 1 * 1 * 1 * pileupWeight * 1 * lepIdSF * EGammaGsfSF * 1 * (MCWeight_singleLepCalc/abs(MCWeight_singleLepCalc)) * 0.000558099791339
Cuts: (leptonPt_singleLepCalc > 50) && (corr_met_singleLepCalc > 55) && (AK4HT > 480) && (minDR_lepJet > 0.4 || ptRel_lepJet > 40) && (NJetsAK8_JetSubCalc > 2) && (minDR_leadAK8otherAK8 < 3.0) && DataPastTrigger == 1 && isMuon==1
****************************************************************************************************
****************************************************************************************************
DISTRIBUTION: Tp2Mass
            -name in ljmet trees: Tprime2_ALGO_Mass
            -x-axis label is set to: ;M(T) [GeV])
            -using the binning as: [0.0, 60.0, 120.0, 180.0, 240.0, 300.0, 360.0, 420.0, 480.0, 540.0, 600.0, 660.0, 720.0, 780.0, 840.0, 900.0, 960.0, 1020.0, 1080.0, 1140.0, 1200.0, 1260.0, 1320.0, 1380.0, 1440.0, 1500.0, 1560.0, 1620.0, 1680.0, 1740.0, 1800.0, 1860.0, 1920.0, 1980.0, 2040.0, 2100.0, 2160.0, 2220.0, 2280.0, 2340.0, 2400.0, 2460.0, 2520.0, 2580.0, 2640.0, 2700.0, 2760.0, 2820.0, 2880.0, 2940.0, 3000.0]
/////////////////////////
PROCESSING:  TTM1100TZTZ
/////////////////////////
plotTreeName: Tprime2_BEST_Mass
Flavour: M #tag: isV_tZtZ #algo: BEST
Weights: 1 * 1 * 1 * pileupWeight * 1 * lepIdSF * EGammaGsfSF * 1 * (MCWeight_singleLepCalc/abs(MCWeight_singleLepCalc)) * 0.000558099791339
Cuts: (leptonPt_singleLepCalc > 50) && (corr_met_singleLepCalc > 55) && (AK4HT > 480) && (minDR_lepJet > 0.4 || ptRel_lepJet > 40) && (NJetsAK8_JetSubCalc > 2) && (minDR_leadAK8otherAK8 < 3.0) && DataPastTrigger == 1 && isMuon==1
****************************************************************************************************
****************************************************************************************************
DISTRIBUTION: Tp2Mass
            -name in ljmet trees: Tprime2_ALGO_Mass
            -x-axis label is set to: ;M(T) [GeV])
            -using the binning as: [0.0, 60.0, 120.0, 180.0, 240.0, 300.0, 360.0, 420.0, 480.0, 540.0, 600.0, 660.0, 720.0, 780.0, 840.0, 900.0, 960.0, 1020.0, 1080.0, 1140.0, 1200.0, 1260.0, 1320.0, 1380.0, 1440.0, 1500.0, 1560.0, 1620.0, 1680.0, 1740.0, 1800.0, 1860.0, 1920.0, 1980.0, 2040.0, 2100.0, 2160.0, 2220.0, 2280.0, 2340.0, 2400.0, 2460.0, 2520.0, 2580.0, 2640.0, 2700.0, 2760.0, 2820.0, 2880.0, 2940.0, 3000.0]
/////////////////////////
PROCESSING:  TTM1100TZBW
/////////////////////////
plotTreeName: Tprime2_BEST_Mass
Flavour: M #tag: isV_tZtZ #algo: BEST
Weights: 1 * 1 * 1 * pileupWeight * 1 * lepIdSF * EGammaGsfSF * 1 * (MCWeight_singleLepCalc/abs(MCWeight_singleLepCalc)) * 0.00111619958268
Cuts: (leptonPt_singleLepCalc > 50) && (corr_met_singleLepCalc > 55) && (AK4HT > 480) && (minDR_lepJet > 0.4 || ptRel_lepJet > 40) && (NJetsAK8_JetSubCalc > 2) && (minDR_leadAK8otherAK8 < 3.0) && DataPastTrigger == 1 && isMuon==1
****************************************************************************************************
****************************************************************************************************
DISTRIBUTION: Tp2Mass
            -name in ljmet trees: Tprime2_ALGO_Mass
            -x-axis label is set to: ;M(T) [GeV])
            -using the binning as: [0.0, 60.0, 120.0, 180.0, 240.0, 300.0, 360.0, 420.0, 480.0, 540.0, 600.0, 660.0, 720.0, 780.0, 840.0, 900.0, 960.0, 1020.0, 1080.0, 1140.0, 1200.0, 1260.0, 1320.0, 1380.0, 1440.0, 1500.0, 1560.0, 1620.0, 1680.0, 1740.0, 1800.0, 1860.0, 1920.0, 1980.0, 2040.0, 2100.0, 2160.0, 2220.0, 2280.0, 2340.0, 2400.0, 2460.0, 2520.0, 2580.0, 2640.0, 2700.0, 2760.0, 2820.0, 2880.0, 2940.0, 3000.0]
/////////////////////////
PROCESSING:  TTM1100THBW
/////////////////////////
plotTreeName: Tprime2_BEST_Mass
Flavour: M #tag: isV_tZtZ #algo: BEST
Weights: 1 * 1 * 1 * pileupWeight * 1 * lepIdSF * EGammaGsfSF * 1 * (MCWeight_singleLepCalc/abs(MCWeight_singleLepCalc)) * 0.00111619958268
Cuts: (leptonPt_singleLepCalc > 50) && (corr_met_singleLepCalc > 55) && (AK4HT > 480) && (minDR_lepJet > 0.4 || ptRel_lepJet > 40) && (NJetsAK8_JetSubCalc > 2) && (minDR_leadAK8otherAK8 < 3.0) && DataPastTrigger == 1 && isMuon==1
****************************************************************************************************
****************************************************************************************************
DISTRIBUTION: Tp2Mass
            -name in ljmet trees: Tprime2_ALGO_Mass
            -x-axis label is set to: ;M(T) [GeV])
            -using the binning as: [0.0, 60.0, 120.0, 180.0, 240.0, 300.0, 360.0, 420.0, 480.0, 540.0, 600.0, 660.0, 720.0, 780.0, 840.0, 900.0, 960.0, 1020.0, 1080.0, 1140.0, 1200.0, 1260.0, 1320.0, 1380.0, 1440.0, 1500.0, 1560.0, 1620.0, 1680.0, 1740.0, 1800.0, 1860.0, 1920.0, 1980.0, 2040.0, 2100.0, 2160.0, 2220.0, 2280.0, 2340.0, 2400.0, 2460.0, 2520.0, 2580.0, 2640.0, 2700.0, 2760.0, 2820.0, 2880.0, 2940.0, 3000.0]
/////////////////////////
PROCESSING:  TTM1100TZTH
/////////////////////////
plotTreeName: Tprime2_BEST_Mass
Flavour: M #tag: isV_tZtZ #algo: BEST
Weights: 1 * 1 * 1 * pileupWeight * 1 * lepIdSF * EGammaGsfSF * 1 * (MCWeight_singleLepCalc/abs(MCWeight_singleLepCalc)) * 0.000558099791339
Cuts: (leptonPt_singleLepCalc > 50) && (corr_met_singleLepCalc > 55) && (AK4HT > 480) && (minDR_lepJet > 0.4 || ptRel_lepJet > 40) && (NJetsAK8_JetSubCalc > 2) && (minDR_leadAK8otherAK8 < 3.0) && DataPastTrigger == 1 && isMuon==1
****************************************************************************************************
****************************************************************************************************
DISTRIBUTION: Tp2Mass
            -name in ljmet trees: Tprime2_ALGO_Mass
            -x-axis label is set to: ;M(T) [GeV])
            -using the binning as: [0.0, 60.0, 120.0, 180.0, 240.0, 300.0, 360.0, 420.0, 480.0, 540.0, 600.0, 660.0, 720.0, 780.0, 840.0, 900.0, 960.0, 1020.0, 1080.0, 1140.0, 1200.0, 1260.0, 1320.0, 1380.0, 1440.0, 1500.0, 1560.0, 1620.0, 1680.0, 1740.0, 1800.0, 1860.0, 1920.0, 1980.0, 2040.0, 2100.0, 2160.0, 2220.0, 2280.0, 2340.0, 2400.0, 2460.0, 2520.0, 2580.0, 2640.0, 2700.0, 2760.0, 2820.0, 2880.0, 2940.0, 3000.0]
/////////////////////////
PROCESSING:  TTM1200BWBW
/////////////////////////
plotTreeName: Tprime2_BEST_Mass
Flavour: M #tag: isV_tZtZ #algo: BEST
Weights: 1 * 1 * 1 * pileupWeight * 1 * lepIdSF * EGammaGsfSF * 1 * (MCWeight_singleLepCalc/abs(MCWeight_singleLepCalc)) * 0.00117627847652
Cuts: (leptonPt_singleLepCalc > 50) && (corr_met_singleLepCalc > 55) && (AK4HT > 480) && (minDR_lepJet > 0.4 || ptRel_lepJet > 40) && (NJetsAK8_JetSubCalc > 2) && (minDR_leadAK8otherAK8 < 3.0) && DataPastTrigger == 1 && isMuon==1
****************************************************************************************************
****************************************************************************************************
DISTRIBUTION: Tp2Mass
            -name in ljmet trees: Tprime2_ALGO_Mass
            -x-axis label is set to: ;M(T) [GeV])
            -using the binning as: [0.0, 60.0, 120.0, 180.0, 240.0, 300.0, 360.0, 420.0, 480.0, 540.0, 600.0, 660.0, 720.0, 780.0, 840.0, 900.0, 960.0, 1020.0, 1080.0, 1140.0, 1200.0, 1260.0, 1320.0, 1380.0, 1440.0, 1500.0, 1560.0, 1620.0, 1680.0, 1740.0, 1800.0, 1860.0, 1920.0, 1980.0, 2040.0, 2100.0, 2160.0, 2220.0, 2280.0, 2340.0, 2400.0, 2460.0, 2520.0, 2580.0, 2640.0, 2700.0, 2760.0, 2820.0, 2880.0, 2940.0, 3000.0]
/////////////////////////
PROCESSING:  TTM1200THTH
/////////////////////////
plotTreeName: Tprime2_BEST_Mass
Flavour: M #tag: isV_tZtZ #algo: BEST
Weights: 1 * 1 * 1 * pileupWeight * 1 * lepIdSF * EGammaGsfSF * 1 * (MCWeight_singleLepCalc/abs(MCWeight_singleLepCalc)) * 0.00029406961913
Cuts: (leptonPt_singleLepCalc > 50) && (corr_met_singleLepCalc > 55) && (AK4HT > 480) && (minDR_lepJet > 0.4 || ptRel_lepJet > 40) && (NJetsAK8_JetSubCalc > 2) && (minDR_leadAK8otherAK8 < 3.0) && DataPastTrigger == 1 && isMuon==1
****************************************************************************************************
****************************************************************************************************
DISTRIBUTION: Tp2Mass
            -name in ljmet trees: Tprime2_ALGO_Mass
            -x-axis label is set to: ;M(T) [GeV])
            -using the binning as: [0.0, 60.0, 120.0, 180.0, 240.0, 300.0, 360.0, 420.0, 480.0, 540.0, 600.0, 660.0, 720.0, 780.0, 840.0, 900.0, 960.0, 1020.0, 1080.0, 1140.0, 1200.0, 1260.0, 1320.0, 1380.0, 1440.0, 1500.0, 1560.0, 1620.0, 1680.0, 1740.0, 1800.0, 1860.0, 1920.0, 1980.0, 2040.0, 2100.0, 2160.0, 2220.0, 2280.0, 2340.0, 2400.0, 2460.0, 2520.0, 2580.0, 2640.0, 2700.0, 2760.0, 2820.0, 2880.0, 2940.0, 3000.0]
/////////////////////////
PROCESSING:  TTM1200TZTZ
/////////////////////////
plotTreeName: Tprime2_BEST_Mass
Flavour: M #tag: isV_tZtZ #algo: BEST
Weights: 1 * 1 * 1 * pileupWeight * 1 * lepIdSF * EGammaGsfSF * 1 * (MCWeight_singleLepCalc/abs(MCWeight_singleLepCalc)) * 0.00029406961913
Cuts: (leptonPt_singleLepCalc > 50) && (corr_met_singleLepCalc > 55) && (AK4HT > 480) && (minDR_lepJet > 0.4 || ptRel_lepJet > 40) && (NJetsAK8_JetSubCalc > 2) && (minDR_leadAK8otherAK8 < 3.0) && DataPastTrigger == 1 && isMuon==1
****************************************************************************************************
****************************************************************************************************
DISTRIBUTION: Tp2Mass
            -name in ljmet trees: Tprime2_ALGO_Mass
            -x-axis label is set to: ;M(T) [GeV])
            -using the binning as: [0.0, 60.0, 120.0, 180.0, 240.0, 300.0, 360.0, 420.0, 480.0, 540.0, 600.0, 660.0, 720.0, 780.0, 840.0, 900.0, 960.0, 1020.0, 1080.0, 1140.0, 1200.0, 1260.0, 1320.0, 1380.0, 1440.0, 1500.0, 1560.0, 1620.0, 1680.0, 1740.0, 1800.0, 1860.0, 1920.0, 1980.0, 2040.0, 2100.0, 2160.0, 2220.0, 2280.0, 2340.0, 2400.0, 2460.0, 2520.0, 2580.0, 2640.0, 2700.0, 2760.0, 2820.0, 2880.0, 2940.0, 3000.0]
/////////////////////////
PROCESSING:  TTM1200TZBW
/////////////////////////
plotTreeName: Tprime2_BEST_Mass
Flavour: M #tag: isV_tZtZ #algo: BEST
Weights: 1 * 1 * 1 * pileupWeight * 1 * lepIdSF * EGammaGsfSF * 1 * (MCWeight_singleLepCalc/abs(MCWeight_singleLepCalc)) * 0.000588139238259
Cuts: (leptonPt_singleLepCalc > 50) && (corr_met_singleLepCalc > 55) && (AK4HT > 480) && (minDR_lepJet > 0.4 || ptRel_lepJet > 40) && (NJetsAK8_JetSubCalc > 2) && (minDR_leadAK8otherAK8 < 3.0) && DataPastTrigger == 1 && isMuon==1
****************************************************************************************************
****************************************************************************************************
DISTRIBUTION: Tp2Mass
            -name in ljmet trees: Tprime2_ALGO_Mass
            -x-axis label is set to: ;M(T) [GeV])
            -using the binning as: [0.0, 60.0, 120.0, 180.0, 240.0, 300.0, 360.0, 420.0, 480.0, 540.0, 600.0, 660.0, 720.0, 780.0, 840.0, 900.0, 960.0, 1020.0, 1080.0, 1140.0, 1200.0, 1260.0, 1320.0, 1380.0, 1440.0, 1500.0, 1560.0, 1620.0, 1680.0, 1740.0, 1800.0, 1860.0, 1920.0, 1980.0, 2040.0, 2100.0, 2160.0, 2220.0, 2280.0, 2340.0, 2400.0, 2460.0, 2520.0, 2580.0, 2640.0, 2700.0, 2760.0, 2820.0, 2880.0, 2940.0, 3000.0]
/////////////////////////
PROCESSING:  TTM1200THBW
/////////////////////////
plotTreeName: Tprime2_BEST_Mass
Flavour: M #tag: isV_tZtZ #algo: BEST
Weights: 1 * 1 * 1 * pileupWeight * 1 * lepIdSF * EGammaGsfSF * 1 * (MCWeight_singleLepCalc/abs(MCWeight_singleLepCalc)) * 0.000588139238259
Cuts: (leptonPt_singleLepCalc > 50) && (corr_met_singleLepCalc > 55) && (AK4HT > 480) && (minDR_lepJet > 0.4 || ptRel_lepJet > 40) && (NJetsAK8_JetSubCalc > 2) && (minDR_leadAK8otherAK8 < 3.0) && DataPastTrigger == 1 && isMuon==1
****************************************************************************************************
****************************************************************************************************
DISTRIBUTION: Tp2Mass
            -name in ljmet trees: Tprime2_ALGO_Mass
            -x-axis label is set to: ;M(T) [GeV])
            -using the binning as: [0.0, 60.0, 120.0, 180.0, 240.0, 300.0, 360.0, 420.0, 480.0, 540.0, 600.0, 660.0, 720.0, 780.0, 840.0, 900.0, 960.0, 1020.0, 1080.0, 1140.0, 1200.0, 1260.0, 1320.0, 1380.0, 1440.0, 1500.0, 1560.0, 1620.0, 1680.0, 1740.0, 1800.0, 1860.0, 1920.0, 1980.0, 2040.0, 2100.0, 2160.0, 2220.0, 2280.0, 2340.0, 2400.0, 2460.0, 2520.0, 2580.0, 2640.0, 2700.0, 2760.0, 2820.0, 2880.0, 2940.0, 3000.0]
/////////////////////////
PROCESSING:  TTM1200TZTH
/////////////////////////
plotTreeName: Tprime2_BEST_Mass
Flavour: M #tag: isV_tZtZ #algo: BEST
Weights: 1 * 1 * 1 * pileupWeight * 1 * lepIdSF * EGammaGsfSF * 1 * (MCWeight_singleLepCalc/abs(MCWeight_singleLepCalc)) * 0.00029406961913
Cuts: (leptonPt_singleLepCalc > 50) && (corr_met_singleLepCalc > 55) && (AK4HT > 480) && (minDR_lepJet > 0.4 || ptRel_lepJet > 40) && (NJetsAK8_JetSubCalc > 2) && (minDR_leadAK8otherAK8 < 3.0) && DataPastTrigger == 1 && isMuon==1
****************************************************************************************************
****************************************************************************************************
DISTRIBUTION: Tp2Mass
            -name in ljmet trees: Tprime2_ALGO_Mass
            -x-axis label is set to: ;M(T) [GeV])
            -using the binning as: [0.0, 60.0, 120.0, 180.0, 240.0, 300.0, 360.0, 420.0, 480.0, 540.0, 600.0, 660.0, 720.0, 780.0, 840.0, 900.0, 960.0, 1020.0, 1080.0, 1140.0, 1200.0, 1260.0, 1320.0, 1380.0, 1440.0, 1500.0, 1560.0, 1620.0, 1680.0, 1740.0, 1800.0, 1860.0, 1920.0, 1980.0, 2040.0, 2100.0, 2160.0, 2220.0, 2280.0, 2340.0, 2400.0, 2460.0, 2520.0, 2580.0, 2640.0, 2700.0, 2760.0, 2820.0, 2880.0, 2940.0, 3000.0]
/////////////////////////
PROCESSING:  TTM1300BWBW
/////////////////////////
plotTreeName: Tprime2_BEST_Mass
Flavour: M #tag: isV_tZtZ #algo: BEST
Weights: 1 * 1 * 1 * pileupWeight * 1 * lepIdSF * EGammaGsfSF * 1 * (MCWeight_singleLepCalc/abs(MCWeight_singleLepCalc)) * 0.00063821114509
Cuts: (leptonPt_singleLepCalc > 50) && (corr_met_singleLepCalc > 55) && (AK4HT > 480) && (minDR_lepJet > 0.4 || ptRel_lepJet > 40) && (NJetsAK8_JetSubCalc > 2) && (minDR_leadAK8otherAK8 < 3.0) && DataPastTrigger == 1 && isMuon==1
****************************************************************************************************
****************************************************************************************************
DISTRIBUTION: Tp2Mass
            -name in ljmet trees: Tprime2_ALGO_Mass
            -x-axis label is set to: ;M(T) [GeV])
            -using the binning as: [0.0, 60.0, 120.0, 180.0, 240.0, 300.0, 360.0, 420.0, 480.0, 540.0, 600.0, 660.0, 720.0, 780.0, 840.0, 900.0, 960.0, 1020.0, 1080.0, 1140.0, 1200.0, 1260.0, 1320.0, 1380.0, 1440.0, 1500.0, 1560.0, 1620.0, 1680.0, 1740.0, 1800.0, 1860.0, 1920.0, 1980.0, 2040.0, 2100.0, 2160.0, 2220.0, 2280.0, 2340.0, 2400.0, 2460.0, 2520.0, 2580.0, 2640.0, 2700.0, 2760.0, 2820.0, 2880.0, 2940.0, 3000.0]
/////////////////////////
PROCESSING:  TTM1300THTH
/////////////////////////
plotTreeName: Tprime2_BEST_Mass
Flavour: M #tag: isV_tZtZ #algo: BEST
Weights: 1 * 1 * 1 * pileupWeight * 1 * lepIdSF * EGammaGsfSF * 1 * (MCWeight_singleLepCalc/abs(MCWeight_singleLepCalc)) * 0.000159552786272
Cuts: (leptonPt_singleLepCalc > 50) && (corr_met_singleLepCalc > 55) && (AK4HT > 480) && (minDR_lepJet > 0.4 || ptRel_lepJet > 40) && (NJetsAK8_JetSubCalc > 2) && (minDR_leadAK8otherAK8 < 3.0) && DataPastTrigger == 1 && isMuon==1
****************************************************************************************************
****************************************************************************************************
DISTRIBUTION: Tp2Mass
            -name in ljmet trees: Tprime2_ALGO_Mass
            -x-axis label is set to: ;M(T) [GeV])
            -using the binning as: [0.0, 60.0, 120.0, 180.0, 240.0, 300.0, 360.0, 420.0, 480.0, 540.0, 600.0, 660.0, 720.0, 780.0, 840.0, 900.0, 960.0, 1020.0, 1080.0, 1140.0, 1200.0, 1260.0, 1320.0, 1380.0, 1440.0, 1500.0, 1560.0, 1620.0, 1680.0, 1740.0, 1800.0, 1860.0, 1920.0, 1980.0, 2040.0, 2100.0, 2160.0, 2220.0, 2280.0, 2340.0, 2400.0, 2460.0, 2520.0, 2580.0, 2640.0, 2700.0, 2760.0, 2820.0, 2880.0, 2940.0, 3000.0]
/////////////////////////
PROCESSING:  TTM1300TZTZ
/////////////////////////
plotTreeName: Tprime2_BEST_Mass
Flavour: M #tag: isV_tZtZ #algo: BEST
Weights: 1 * 1 * 1 * pileupWeight * 1 * lepIdSF * EGammaGsfSF * 1 * (MCWeight_singleLepCalc/abs(MCWeight_singleLepCalc)) * 0.000159552786272
Cuts: (leptonPt_singleLepCalc > 50) && (corr_met_singleLepCalc > 55) && (AK4HT > 480) && (minDR_lepJet > 0.4 || ptRel_lepJet > 40) && (NJetsAK8_JetSubCalc > 2) && (minDR_leadAK8otherAK8 < 3.0) && DataPastTrigger == 1 && isMuon==1
****************************************************************************************************
****************************************************************************************************
DISTRIBUTION: Tp2Mass
            -name in ljmet trees: Tprime2_ALGO_Mass
            -x-axis label is set to: ;M(T) [GeV])
            -using the binning as: [0.0, 60.0, 120.0, 180.0, 240.0, 300.0, 360.0, 420.0, 480.0, 540.0, 600.0, 660.0, 720.0, 780.0, 840.0, 900.0, 960.0, 1020.0, 1080.0, 1140.0, 1200.0, 1260.0, 1320.0, 1380.0, 1440.0, 1500.0, 1560.0, 1620.0, 1680.0, 1740.0, 1800.0, 1860.0, 1920.0, 1980.0, 2040.0, 2100.0, 2160.0, 2220.0, 2280.0, 2340.0, 2400.0, 2460.0, 2520.0, 2580.0, 2640.0, 2700.0, 2760.0, 2820.0, 2880.0, 2940.0, 3000.0]
/////////////////////////
PROCESSING:  TTM1300TZBW
/////////////////////////
plotTreeName: Tprime2_BEST_Mass
Flavour: M #tag: isV_tZtZ #algo: BEST
Weights: 1 * 1 * 1 * pileupWeight * 1 * lepIdSF * EGammaGsfSF * 1 * (MCWeight_singleLepCalc/abs(MCWeight_singleLepCalc)) * 0.000319105572545
Cuts: (leptonPt_singleLepCalc > 50) && (corr_met_singleLepCalc > 55) && (AK4HT > 480) && (minDR_lepJet > 0.4 || ptRel_lepJet > 40) && (NJetsAK8_JetSubCalc > 2) && (minDR_leadAK8otherAK8 < 3.0) && DataPastTrigger == 1 && isMuon==1
****************************************************************************************************
****************************************************************************************************
DISTRIBUTION: Tp2Mass
            -name in ljmet trees: Tprime2_ALGO_Mass
            -x-axis label is set to: ;M(T) [GeV])
            -using the binning as: [0.0, 60.0, 120.0, 180.0, 240.0, 300.0, 360.0, 420.0, 480.0, 540.0, 600.0, 660.0, 720.0, 780.0, 840.0, 900.0, 960.0, 1020.0, 1080.0, 1140.0, 1200.0, 1260.0, 1320.0, 1380.0, 1440.0, 1500.0, 1560.0, 1620.0, 1680.0, 1740.0, 1800.0, 1860.0, 1920.0, 1980.0, 2040.0, 2100.0, 2160.0, 2220.0, 2280.0, 2340.0, 2400.0, 2460.0, 2520.0, 2580.0, 2640.0, 2700.0, 2760.0, 2820.0, 2880.0, 2940.0, 3000.0]
/////////////////////////
PROCESSING:  TTM1300THBW
/////////////////////////
plotTreeName: Tprime2_BEST_Mass
Flavour: M #tag: isV_tZtZ #algo: BEST
Weights: 1 * 1 * 1 * pileupWeight * 1 * lepIdSF * EGammaGsfSF * 1 * (MCWeight_singleLepCalc/abs(MCWeight_singleLepCalc)) * 0.000319105572545
Cuts: (leptonPt_singleLepCalc > 50) && (corr_met_singleLepCalc > 55) && (AK4HT > 480) && (minDR_lepJet > 0.4 || ptRel_lepJet > 40) && (NJetsAK8_JetSubCalc > 2) && (minDR_leadAK8otherAK8 < 3.0) && DataPastTrigger == 1 && isMuon==1
****************************************************************************************************
****************************************************************************************************
DISTRIBUTION: Tp2Mass
            -name in ljmet trees: Tprime2_ALGO_Mass
            -x-axis label is set to: ;M(T) [GeV])
            -using the binning as: [0.0, 60.0, 120.0, 180.0, 240.0, 300.0, 360.0, 420.0, 480.0, 540.0, 600.0, 660.0, 720.0, 780.0, 840.0, 900.0, 960.0, 1020.0, 1080.0, 1140.0, 1200.0, 1260.0, 1320.0, 1380.0, 1440.0, 1500.0, 1560.0, 1620.0, 1680.0, 1740.0, 1800.0, 1860.0, 1920.0, 1980.0, 2040.0, 2100.0, 2160.0, 2220.0, 2280.0, 2340.0, 2400.0, 2460.0, 2520.0, 2580.0, 2640.0, 2700.0, 2760.0, 2820.0, 2880.0, 2940.0, 3000.0]
/////////////////////////
PROCESSING:  TTM1300TZTH
/////////////////////////
plotTreeName: Tprime2_BEST_Mass
Flavour: M #tag: isV_tZtZ #algo: BEST
Weights: 1 * 1 * 1 * pileupWeight * 1 * lepIdSF * EGammaGsfSF * 1 * (MCWeight_singleLepCalc/abs(MCWeight_singleLepCalc)) * 0.000159552786272
Cuts: (leptonPt_singleLepCalc > 50) && (corr_met_singleLepCalc > 55) && (AK4HT > 480) && (minDR_lepJet > 0.4 || ptRel_lepJet > 40) && (NJetsAK8_JetSubCalc > 2) && (minDR_leadAK8otherAK8 < 3.0) && DataPastTrigger == 1 && isMuon==1
****************************************************************************************************
****************************************************************************************************
DISTRIBUTION: Tp2Mass
            -name in ljmet trees: Tprime2_ALGO_Mass
            -x-axis label is set to: ;M(T) [GeV])
            -using the binning as: [0.0, 60.0, 120.0, 180.0, 240.0, 300.0, 360.0, 420.0, 480.0, 540.0, 600.0, 660.0, 720.0, 780.0, 840.0, 900.0, 960.0, 1020.0, 1080.0, 1140.0, 1200.0, 1260.0, 1320.0, 1380.0, 1440.0, 1500.0, 1560.0, 1620.0, 1680.0, 1740.0, 1800.0, 1860.0, 1920.0, 1980.0, 2040.0, 2100.0, 2160.0, 2220.0, 2280.0, 2340.0, 2400.0, 2460.0, 2520.0, 2580.0, 2640.0, 2700.0, 2760.0, 2820.0, 2880.0, 2940.0, 3000.0]
/////////////////////////
PROCESSING:  TTM1400BWBW
/////////////////////////
plotTreeName: Tprime2_BEST_Mass
Flavour: M #tag: isV_tZtZ #algo: BEST
Weights: 1 * 1 * 1 * pileupWeight * 1 * lepIdSF * EGammaGsfSF * 1 * (MCWeight_singleLepCalc/abs(MCWeight_singleLepCalc)) * 0.000352883542956
Cuts: (leptonPt_singleLepCalc > 50) && (corr_met_singleLepCalc > 55) && (AK4HT > 480) && (minDR_lepJet > 0.4 || ptRel_lepJet > 40) && (NJetsAK8_JetSubCalc > 2) && (minDR_leadAK8otherAK8 < 3.0) && DataPastTrigger == 1 && isMuon==1
****************************************************************************************************
****************************************************************************************************
DISTRIBUTION: Tp2Mass
            -name in ljmet trees: Tprime2_ALGO_Mass
            -x-axis label is set to: ;M(T) [GeV])
            -using the binning as: [0.0, 60.0, 120.0, 180.0, 240.0, 300.0, 360.0, 420.0, 480.0, 540.0, 600.0, 660.0, 720.0, 780.0, 840.0, 900.0, 960.0, 1020.0, 1080.0, 1140.0, 1200.0, 1260.0, 1320.0, 1380.0, 1440.0, 1500.0, 1560.0, 1620.0, 1680.0, 1740.0, 1800.0, 1860.0, 1920.0, 1980.0, 2040.0, 2100.0, 2160.0, 2220.0, 2280.0, 2340.0, 2400.0, 2460.0, 2520.0, 2580.0, 2640.0, 2700.0, 2760.0, 2820.0, 2880.0, 2940.0, 3000.0]
/////////////////////////
PROCESSING:  TTM1400THTH
/////////////////////////
plotTreeName: Tprime2_BEST_Mass
Flavour: M #tag: isV_tZtZ #algo: BEST
Weights: 1 * 1 * 1 * pileupWeight * 1 * lepIdSF * EGammaGsfSF * 1 * (MCWeight_singleLepCalc/abs(MCWeight_singleLepCalc)) * 8.82208857389e-05
Cuts: (leptonPt_singleLepCalc > 50) && (corr_met_singleLepCalc > 55) && (AK4HT > 480) && (minDR_lepJet > 0.4 || ptRel_lepJet > 40) && (NJetsAK8_JetSubCalc > 2) && (minDR_leadAK8otherAK8 < 3.0) && DataPastTrigger == 1 && isMuon==1
****************************************************************************************************
****************************************************************************************************
DISTRIBUTION: Tp2Mass
            -name in ljmet trees: Tprime2_ALGO_Mass
            -x-axis label is set to: ;M(T) [GeV])
            -using the binning as: [0.0, 60.0, 120.0, 180.0, 240.0, 300.0, 360.0, 420.0, 480.0, 540.0, 600.0, 660.0, 720.0, 780.0, 840.0, 900.0, 960.0, 1020.0, 1080.0, 1140.0, 1200.0, 1260.0, 1320.0, 1380.0, 1440.0, 1500.0, 1560.0, 1620.0, 1680.0, 1740.0, 1800.0, 1860.0, 1920.0, 1980.0, 2040.0, 2100.0, 2160.0, 2220.0, 2280.0, 2340.0, 2400.0, 2460.0, 2520.0, 2580.0, 2640.0, 2700.0, 2760.0, 2820.0, 2880.0, 2940.0, 3000.0]
/////////////////////////
PROCESSING:  TTM1400TZTZ
/////////////////////////
plotTreeName: Tprime2_BEST_Mass
Flavour: M #tag: isV_tZtZ #algo: BEST
Weights: 1 * 1 * 1 * pileupWeight * 1 * lepIdSF * EGammaGsfSF * 1 * (MCWeight_singleLepCalc/abs(MCWeight_singleLepCalc)) * 8.82208857389e-05
Cuts: (leptonPt_singleLepCalc > 50) && (corr_met_singleLepCalc > 55) && (AK4HT > 480) && (minDR_lepJet > 0.4 || ptRel_lepJet > 40) && (NJetsAK8_JetSubCalc > 2) && (minDR_leadAK8otherAK8 < 3.0) && DataPastTrigger == 1 && isMuon==1
****************************************************************************************************
****************************************************************************************************
DISTRIBUTION: Tp2Mass
            -name in ljmet trees: Tprime2_ALGO_Mass
            -x-axis label is set to: ;M(T) [GeV])
            -using the binning as: [0.0, 60.0, 120.0, 180.0, 240.0, 300.0, 360.0, 420.0, 480.0, 540.0, 600.0, 660.0, 720.0, 780.0, 840.0, 900.0, 960.0, 1020.0, 1080.0, 1140.0, 1200.0, 1260.0, 1320.0, 1380.0, 1440.0, 1500.0, 1560.0, 1620.0, 1680.0, 1740.0, 1800.0, 1860.0, 1920.0, 1980.0, 2040.0, 2100.0, 2160.0, 2220.0, 2280.0, 2340.0, 2400.0, 2460.0, 2520.0, 2580.0, 2640.0, 2700.0, 2760.0, 2820.0, 2880.0, 2940.0, 3000.0]
/////////////////////////
PROCESSING:  TTM1400TZBW
/////////////////////////
plotTreeName: Tprime2_BEST_Mass
Flavour: M #tag: isV_tZtZ #algo: BEST
Weights: 1 * 1 * 1 * pileupWeight * 1 * lepIdSF * EGammaGsfSF * 1 * (MCWeight_singleLepCalc/abs(MCWeight_singleLepCalc)) * 0.000176441771478
Cuts: (leptonPt_singleLepCalc > 50) && (corr_met_singleLepCalc > 55) && (AK4HT > 480) && (minDR_lepJet > 0.4 || ptRel_lepJet > 40) && (NJetsAK8_JetSubCalc > 2) && (minDR_leadAK8otherAK8 < 3.0) && DataPastTrigger == 1 && isMuon==1
****************************************************************************************************
****************************************************************************************************
DISTRIBUTION: Tp2Mass
            -name in ljmet trees: Tprime2_ALGO_Mass
            -x-axis label is set to: ;M(T) [GeV])
            -using the binning as: [0.0, 60.0, 120.0, 180.0, 240.0, 300.0, 360.0, 420.0, 480.0, 540.0, 600.0, 660.0, 720.0, 780.0, 840.0, 900.0, 960.0, 1020.0, 1080.0, 1140.0, 1200.0, 1260.0, 1320.0, 1380.0, 1440.0, 1500.0, 1560.0, 1620.0, 1680.0, 1740.0, 1800.0, 1860.0, 1920.0, 1980.0, 2040.0, 2100.0, 2160.0, 2220.0, 2280.0, 2340.0, 2400.0, 2460.0, 2520.0, 2580.0, 2640.0, 2700.0, 2760.0, 2820.0, 2880.0, 2940.0, 3000.0]
/////////////////////////
PROCESSING:  TTM1400THBW
/////////////////////////
plotTreeName: Tprime2_BEST_Mass
Flavour: M #tag: isV_tZtZ #algo: BEST
Weights: 1 * 1 * 1 * pileupWeight * 1 * lepIdSF * EGammaGsfSF * 1 * (MCWeight_singleLepCalc/abs(MCWeight_singleLepCalc)) * 0.000176441771478
Cuts: (leptonPt_singleLepCalc > 50) && (corr_met_singleLepCalc > 55) && (AK4HT > 480) && (minDR_lepJet > 0.4 || ptRel_lepJet > 40) && (NJetsAK8_JetSubCalc > 2) && (minDR_leadAK8otherAK8 < 3.0) && DataPastTrigger == 1 && isMuon==1
****************************************************************************************************
****************************************************************************************************
DISTRIBUTION: Tp2Mass
            -name in ljmet trees: Tprime2_ALGO_Mass
            -x-axis label is set to: ;M(T) [GeV])
            -using the binning as: [0.0, 60.0, 120.0, 180.0, 240.0, 300.0, 360.0, 420.0, 480.0, 540.0, 600.0, 660.0, 720.0, 780.0, 840.0, 900.0, 960.0, 1020.0, 1080.0, 1140.0, 1200.0, 1260.0, 1320.0, 1380.0, 1440.0, 1500.0, 1560.0, 1620.0, 1680.0, 1740.0, 1800.0, 1860.0, 1920.0, 1980.0, 2040.0, 2100.0, 2160.0, 2220.0, 2280.0, 2340.0, 2400.0, 2460.0, 2520.0, 2580.0, 2640.0, 2700.0, 2760.0, 2820.0, 2880.0, 2940.0, 3000.0]
/////////////////////////
PROCESSING:  TTM1400TZTH
/////////////////////////
plotTreeName: Tprime2_BEST_Mass
Flavour: M #tag: isV_tZtZ #algo: BEST
Weights: 1 * 1 * 1 * pileupWeight * 1 * lepIdSF * EGammaGsfSF * 1 * (MCWeight_singleLepCalc/abs(MCWeight_singleLepCalc)) * 8.82208857389e-05
Cuts: (leptonPt_singleLepCalc > 50) && (corr_met_singleLepCalc > 55) && (AK4HT > 480) && (minDR_lepJet > 0.4 || ptRel_lepJet > 40) && (NJetsAK8_JetSubCalc > 2) && (minDR_leadAK8otherAK8 < 3.0) && DataPastTrigger == 1 && isMuon==1
****************************************************************************************************
****************************************************************************************************
DISTRIBUTION: Tp2Mass
            -name in ljmet trees: Tprime2_ALGO_Mass
            -x-axis label is set to: ;M(T) [GeV])
            -using the binning as: [0.0, 60.0, 120.0, 180.0, 240.0, 300.0, 360.0, 420.0, 480.0, 540.0, 600.0, 660.0, 720.0, 780.0, 840.0, 900.0, 960.0, 1020.0, 1080.0, 1140.0, 1200.0, 1260.0, 1320.0, 1380.0, 1440.0, 1500.0, 1560.0, 1620.0, 1680.0, 1740.0, 1800.0, 1860.0, 1920.0, 1980.0, 2040.0, 2100.0, 2160.0, 2220.0, 2280.0, 2340.0, 2400.0, 2460.0, 2520.0, 2580.0, 2640.0, 2700.0, 2760.0, 2820.0, 2880.0, 2940.0, 3000.0]
/////////////////////////
PROCESSING:  TTM1500BWBW
/////////////////////////
plotTreeName: Tprime2_BEST_Mass
Flavour: M #tag: isV_tZtZ #algo: BEST
Weights: 1 * 1 * 1 * pileupWeight * 1 * lepIdSF * EGammaGsfSF * 1 * (MCWeight_singleLepCalc/abs(MCWeight_singleLepCalc)) * 0.00019932135405
Cuts: (leptonPt_singleLepCalc > 50) && (corr_met_singleLepCalc > 55) && (AK4HT > 480) && (minDR_lepJet > 0.4 || ptRel_lepJet > 40) && (NJetsAK8_JetSubCalc > 2) && (minDR_leadAK8otherAK8 < 3.0) && DataPastTrigger == 1 && isMuon==1
****************************************************************************************************
****************************************************************************************************
DISTRIBUTION: Tp2Mass
            -name in ljmet trees: Tprime2_ALGO_Mass
            -x-axis label is set to: ;M(T) [GeV])
            -using the binning as: [0.0, 60.0, 120.0, 180.0, 240.0, 300.0, 360.0, 420.0, 480.0, 540.0, 600.0, 660.0, 720.0, 780.0, 840.0, 900.0, 960.0, 1020.0, 1080.0, 1140.0, 1200.0, 1260.0, 1320.0, 1380.0, 1440.0, 1500.0, 1560.0, 1620.0, 1680.0, 1740.0, 1800.0, 1860.0, 1920.0, 1980.0, 2040.0, 2100.0, 2160.0, 2220.0, 2280.0, 2340.0, 2400.0, 2460.0, 2520.0, 2580.0, 2640.0, 2700.0, 2760.0, 2820.0, 2880.0, 2940.0, 3000.0]
/////////////////////////
PROCESSING:  TTM1500THTH
/////////////////////////
plotTreeName: Tprime2_BEST_Mass
Flavour: M #tag: isV_tZtZ #algo: BEST
Weights: 1 * 1 * 1 * pileupWeight * 1 * lepIdSF * EGammaGsfSF * 1 * (MCWeight_singleLepCalc/abs(MCWeight_singleLepCalc)) * 4.98303385124e-05
Cuts: (leptonPt_singleLepCalc > 50) && (corr_met_singleLepCalc > 55) && (AK4HT > 480) && (minDR_lepJet > 0.4 || ptRel_lepJet > 40) && (NJetsAK8_JetSubCalc > 2) && (minDR_leadAK8otherAK8 < 3.0) && DataPastTrigger == 1 && isMuon==1
****************************************************************************************************
****************************************************************************************************
DISTRIBUTION: Tp2Mass
            -name in ljmet trees: Tprime2_ALGO_Mass
            -x-axis label is set to: ;M(T) [GeV])
            -using the binning as: [0.0, 60.0, 120.0, 180.0, 240.0, 300.0, 360.0, 420.0, 480.0, 540.0, 600.0, 660.0, 720.0, 780.0, 840.0, 900.0, 960.0, 1020.0, 1080.0, 1140.0, 1200.0, 1260.0, 1320.0, 1380.0, 1440.0, 1500.0, 1560.0, 1620.0, 1680.0, 1740.0, 1800.0, 1860.0, 1920.0, 1980.0, 2040.0, 2100.0, 2160.0, 2220.0, 2280.0, 2340.0, 2400.0, 2460.0, 2520.0, 2580.0, 2640.0, 2700.0, 2760.0, 2820.0, 2880.0, 2940.0, 3000.0]
/////////////////////////
PROCESSING:  TTM1500TZTZ
/////////////////////////
plotTreeName: Tprime2_BEST_Mass
Flavour: M #tag: isV_tZtZ #algo: BEST
Weights: 1 * 1 * 1 * pileupWeight * 1 * lepIdSF * EGammaGsfSF * 1 * (MCWeight_singleLepCalc/abs(MCWeight_singleLepCalc)) * 4.98303385124e-05
Cuts: (leptonPt_singleLepCalc > 50) && (corr_met_singleLepCalc > 55) && (AK4HT > 480) && (minDR_lepJet > 0.4 || ptRel_lepJet > 40) && (NJetsAK8_JetSubCalc > 2) && (minDR_leadAK8otherAK8 < 3.0) && DataPastTrigger == 1 && isMuon==1
****************************************************************************************************
****************************************************************************************************
DISTRIBUTION: Tp2Mass
            -name in ljmet trees: Tprime2_ALGO_Mass
            -x-axis label is set to: ;M(T) [GeV])
            -using the binning as: [0.0, 60.0, 120.0, 180.0, 240.0, 300.0, 360.0, 420.0, 480.0, 540.0, 600.0, 660.0, 720.0, 780.0, 840.0, 900.0, 960.0, 1020.0, 1080.0, 1140.0, 1200.0, 1260.0, 1320.0, 1380.0, 1440.0, 1500.0, 1560.0, 1620.0, 1680.0, 1740.0, 1800.0, 1860.0, 1920.0, 1980.0, 2040.0, 2100.0, 2160.0, 2220.0, 2280.0, 2340.0, 2400.0, 2460.0, 2520.0, 2580.0, 2640.0, 2700.0, 2760.0, 2820.0, 2880.0, 2940.0, 3000.0]
/////////////////////////
PROCESSING:  TTM1500TZBW
/////////////////////////
plotTreeName: Tprime2_BEST_Mass
Flavour: M #tag: isV_tZtZ #algo: BEST
Weights: 1 * 1 * 1 * pileupWeight * 1 * lepIdSF * EGammaGsfSF * 1 * (MCWeight_singleLepCalc/abs(MCWeight_singleLepCalc)) * 9.96606770248e-05
Cuts: (leptonPt_singleLepCalc > 50) && (corr_met_singleLepCalc > 55) && (AK4HT > 480) && (minDR_lepJet > 0.4 || ptRel_lepJet > 40) && (NJetsAK8_JetSubCalc > 2) && (minDR_leadAK8otherAK8 < 3.0) && DataPastTrigger == 1 && isMuon==1
****************************************************************************************************
****************************************************************************************************
DISTRIBUTION: Tp2Mass
            -name in ljmet trees: Tprime2_ALGO_Mass
            -x-axis label is set to: ;M(T) [GeV])
            -using the binning as: [0.0, 60.0, 120.0, 180.0, 240.0, 300.0, 360.0, 420.0, 480.0, 540.0, 600.0, 660.0, 720.0, 780.0, 840.0, 900.0, 960.0, 1020.0, 1080.0, 1140.0, 1200.0, 1260.0, 1320.0, 1380.0, 1440.0, 1500.0, 1560.0, 1620.0, 1680.0, 1740.0, 1800.0, 1860.0, 1920.0, 1980.0, 2040.0, 2100.0, 2160.0, 2220.0, 2280.0, 2340.0, 2400.0, 2460.0, 2520.0, 2580.0, 2640.0, 2700.0, 2760.0, 2820.0, 2880.0, 2940.0, 3000.0]
/////////////////////////
PROCESSING:  TTM1500THBW
/////////////////////////
plotTreeName: Tprime2_BEST_Mass
Flavour: M #tag: isV_tZtZ #algo: BEST
Weights: 1 * 1 * 1 * pileupWeight * 1 * lepIdSF * EGammaGsfSF * 1 * (MCWeight_singleLepCalc/abs(MCWeight_singleLepCalc)) * 9.96606770248e-05
Cuts: (leptonPt_singleLepCalc > 50) && (corr_met_singleLepCalc > 55) && (AK4HT > 480) && (minDR_lepJet > 0.4 || ptRel_lepJet > 40) && (NJetsAK8_JetSubCalc > 2) && (minDR_leadAK8otherAK8 < 3.0) && DataPastTrigger == 1 && isMuon==1
****************************************************************************************************
****************************************************************************************************
DISTRIBUTION: Tp2Mass
            -name in ljmet trees: Tprime2_ALGO_Mass
            -x-axis label is set to: ;M(T) [GeV])
            -using the binning as: [0.0, 60.0, 120.0, 180.0, 240.0, 300.0, 360.0, 420.0, 480.0, 540.0, 600.0, 660.0, 720.0, 780.0, 840.0, 900.0, 960.0, 1020.0, 1080.0, 1140.0, 1200.0, 1260.0, 1320.0, 1380.0, 1440.0, 1500.0, 1560.0, 1620.0, 1680.0, 1740.0, 1800.0, 1860.0, 1920.0, 1980.0, 2040.0, 2100.0, 2160.0, 2220.0, 2280.0, 2340.0, 2400.0, 2460.0, 2520.0, 2580.0, 2640.0, 2700.0, 2760.0, 2820.0, 2880.0, 2940.0, 3000.0]
/////////////////////////
PROCESSING:  TTM1500TZTH
/////////////////////////
plotTreeName: Tprime2_BEST_Mass
Flavour: M #tag: isV_tZtZ #algo: BEST
Weights: 1 * 1 * 1 * pileupWeight * 1 * lepIdSF * EGammaGsfSF * 1 * (MCWeight_singleLepCalc/abs(MCWeight_singleLepCalc)) * 4.98303385124e-05
Cuts: (leptonPt_singleLepCalc > 50) && (corr_met_singleLepCalc > 55) && (AK4HT > 480) && (minDR_lepJet > 0.4 || ptRel_lepJet > 40) && (NJetsAK8_JetSubCalc > 2) && (minDR_leadAK8otherAK8 < 3.0) && DataPastTrigger == 1 && isMuon==1
****************************************************************************************************
****************************************************************************************************
DISTRIBUTION: Tp2Mass
            -name in ljmet trees: Tprime2_ALGO_Mass
            -x-axis label is set to: ;M(T) [GeV])
            -using the binning as: [0.0, 60.0, 120.0, 180.0, 240.0, 300.0, 360.0, 420.0, 480.0, 540.0, 600.0, 660.0, 720.0, 780.0, 840.0, 900.0, 960.0, 1020.0, 1080.0, 1140.0, 1200.0, 1260.0, 1320.0, 1380.0, 1440.0, 1500.0, 1560.0, 1620.0, 1680.0, 1740.0, 1800.0, 1860.0, 1920.0, 1980.0, 2040.0, 2100.0, 2160.0, 2220.0, 2280.0, 2340.0, 2400.0, 2460.0, 2520.0, 2580.0, 2640.0, 2700.0, 2760.0, 2820.0, 2880.0, 2940.0, 3000.0]
/////////////////////////
PROCESSING:  TTM1600BWBW
/////////////////////////
plotTreeName: Tprime2_BEST_Mass
Flavour: M #tag: isV_tZtZ #algo: BEST
Weights: 1 * 1 * 1 * pileupWeight * 1 * lepIdSF * EGammaGsfSF * 1 * (MCWeight_singleLepCalc/abs(MCWeight_singleLepCalc)) * 0.000114437939919
Cuts: (leptonPt_singleLepCalc > 50) && (corr_met_singleLepCalc > 55) && (AK4HT > 480) && (minDR_lepJet > 0.4 || ptRel_lepJet > 40) && (NJetsAK8_JetSubCalc > 2) && (minDR_leadAK8otherAK8 < 3.0) && DataPastTrigger == 1 && isMuon==1
****************************************************************************************************
****************************************************************************************************
DISTRIBUTION: Tp2Mass
            -name in ljmet trees: Tprime2_ALGO_Mass
            -x-axis label is set to: ;M(T) [GeV])
            -using the binning as: [0.0, 60.0, 120.0, 180.0, 240.0, 300.0, 360.0, 420.0, 480.0, 540.0, 600.0, 660.0, 720.0, 780.0, 840.0, 900.0, 960.0, 1020.0, 1080.0, 1140.0, 1200.0, 1260.0, 1320.0, 1380.0, 1440.0, 1500.0, 1560.0, 1620.0, 1680.0, 1740.0, 1800.0, 1860.0, 1920.0, 1980.0, 2040.0, 2100.0, 2160.0, 2220.0, 2280.0, 2340.0, 2400.0, 2460.0, 2520.0, 2580.0, 2640.0, 2700.0, 2760.0, 2820.0, 2880.0, 2940.0, 3000.0]
/////////////////////////
PROCESSING:  TTM1600THTH
/////////////////////////
plotTreeName: Tprime2_BEST_Mass
Flavour: M #tag: isV_tZtZ #algo: BEST
Weights: 1 * 1 * 1 * pileupWeight * 1 * lepIdSF * EGammaGsfSF * 1 * (MCWeight_singleLepCalc/abs(MCWeight_singleLepCalc)) * 2.86094849797e-05
Cuts: (leptonPt_singleLepCalc > 50) && (corr_met_singleLepCalc > 55) && (AK4HT > 480) && (minDR_lepJet > 0.4 || ptRel_lepJet > 40) && (NJetsAK8_JetSubCalc > 2) && (minDR_leadAK8otherAK8 < 3.0) && DataPastTrigger == 1 && isMuon==1
****************************************************************************************************
****************************************************************************************************
DISTRIBUTION: Tp2Mass
            -name in ljmet trees: Tprime2_ALGO_Mass
            -x-axis label is set to: ;M(T) [GeV])
            -using the binning as: [0.0, 60.0, 120.0, 180.0, 240.0, 300.0, 360.0, 420.0, 480.0, 540.0, 600.0, 660.0, 720.0, 780.0, 840.0, 900.0, 960.0, 1020.0, 1080.0, 1140.0, 1200.0, 1260.0, 1320.0, 1380.0, 1440.0, 1500.0, 1560.0, 1620.0, 1680.0, 1740.0, 1800.0, 1860.0, 1920.0, 1980.0, 2040.0, 2100.0, 2160.0, 2220.0, 2280.0, 2340.0, 2400.0, 2460.0, 2520.0, 2580.0, 2640.0, 2700.0, 2760.0, 2820.0, 2880.0, 2940.0, 3000.0]
/////////////////////////
PROCESSING:  TTM1600TZTZ
/////////////////////////
plotTreeName: Tprime2_BEST_Mass
Flavour: M #tag: isV_tZtZ #algo: BEST
Weights: 1 * 1 * 1 * pileupWeight * 1 * lepIdSF * EGammaGsfSF * 1 * (MCWeight_singleLepCalc/abs(MCWeight_singleLepCalc)) * 2.86094849797e-05
Cuts: (leptonPt_singleLepCalc > 50) && (corr_met_singleLepCalc > 55) && (AK4HT > 480) && (minDR_lepJet > 0.4 || ptRel_lepJet > 40) && (NJetsAK8_JetSubCalc > 2) && (minDR_leadAK8otherAK8 < 3.0) && DataPastTrigger == 1 && isMuon==1
****************************************************************************************************
****************************************************************************************************
DISTRIBUTION: Tp2Mass
            -name in ljmet trees: Tprime2_ALGO_Mass
            -x-axis label is set to: ;M(T) [GeV])
            -using the binning as: [0.0, 60.0, 120.0, 180.0, 240.0, 300.0, 360.0, 420.0, 480.0, 540.0, 600.0, 660.0, 720.0, 780.0, 840.0, 900.0, 960.0, 1020.0, 1080.0, 1140.0, 1200.0, 1260.0, 1320.0, 1380.0, 1440.0, 1500.0, 1560.0, 1620.0, 1680.0, 1740.0, 1800.0, 1860.0, 1920.0, 1980.0, 2040.0, 2100.0, 2160.0, 2220.0, 2280.0, 2340.0, 2400.0, 2460.0, 2520.0, 2580.0, 2640.0, 2700.0, 2760.0, 2820.0, 2880.0, 2940.0, 3000.0]
/////////////////////////
PROCESSING:  TTM1600TZBW
/////////////////////////
plotTreeName: Tprime2_BEST_Mass
Flavour: M #tag: isV_tZtZ #algo: BEST
Weights: 1 * 1 * 1 * pileupWeight * 1 * lepIdSF * EGammaGsfSF * 1 * (MCWeight_singleLepCalc/abs(MCWeight_singleLepCalc)) * 5.72189699595e-05
Cuts: (leptonPt_singleLepCalc > 50) && (corr_met_singleLepCalc > 55) && (AK4HT > 480) && (minDR_lepJet > 0.4 || ptRel_lepJet > 40) && (NJetsAK8_JetSubCalc > 2) && (minDR_leadAK8otherAK8 < 3.0) && DataPastTrigger == 1 && isMuon==1
****************************************************************************************************
****************************************************************************************************
DISTRIBUTION: Tp2Mass
            -name in ljmet trees: Tprime2_ALGO_Mass
            -x-axis label is set to: ;M(T) [GeV])
            -using the binning as: [0.0, 60.0, 120.0, 180.0, 240.0, 300.0, 360.0, 420.0, 480.0, 540.0, 600.0, 660.0, 720.0, 780.0, 840.0, 900.0, 960.0, 1020.0, 1080.0, 1140.0, 1200.0, 1260.0, 1320.0, 1380.0, 1440.0, 1500.0, 1560.0, 1620.0, 1680.0, 1740.0, 1800.0, 1860.0, 1920.0, 1980.0, 2040.0, 2100.0, 2160.0, 2220.0, 2280.0, 2340.0, 2400.0, 2460.0, 2520.0, 2580.0, 2640.0, 2700.0, 2760.0, 2820.0, 2880.0, 2940.0, 3000.0]
/////////////////////////
PROCESSING:  TTM1600THBW
/////////////////////////
plotTreeName: Tprime2_BEST_Mass
Flavour: M #tag: isV_tZtZ #algo: BEST
Weights: 1 * 1 * 1 * pileupWeight * 1 * lepIdSF * EGammaGsfSF * 1 * (MCWeight_singleLepCalc/abs(MCWeight_singleLepCalc)) * 5.72189699595e-05
Cuts: (leptonPt_singleLepCalc > 50) && (corr_met_singleLepCalc > 55) && (AK4HT > 480) && (minDR_lepJet > 0.4 || ptRel_lepJet > 40) && (NJetsAK8_JetSubCalc > 2) && (minDR_leadAK8otherAK8 < 3.0) && DataPastTrigger == 1 && isMuon==1
****************************************************************************************************
****************************************************************************************************
DISTRIBUTION: Tp2Mass
            -name in ljmet trees: Tprime2_ALGO_Mass
            -x-axis label is set to: ;M(T) [GeV])
            -using the binning as: [0.0, 60.0, 120.0, 180.0, 240.0, 300.0, 360.0, 420.0, 480.0, 540.0, 600.0, 660.0, 720.0, 780.0, 840.0, 900.0, 960.0, 1020.0, 1080.0, 1140.0, 1200.0, 1260.0, 1320.0, 1380.0, 1440.0, 1500.0, 1560.0, 1620.0, 1680.0, 1740.0, 1800.0, 1860.0, 1920.0, 1980.0, 2040.0, 2100.0, 2160.0, 2220.0, 2280.0, 2340.0, 2400.0, 2460.0, 2520.0, 2580.0, 2640.0, 2700.0, 2760.0, 2820.0, 2880.0, 2940.0, 3000.0]
/////////////////////////
PROCESSING:  TTM1600TZTH
/////////////////////////
plotTreeName: Tprime2_BEST_Mass
Flavour: M #tag: isV_tZtZ #algo: BEST
Weights: 1 * 1 * 1 * pileupWeight * 1 * lepIdSF * EGammaGsfSF * 1 * (MCWeight_singleLepCalc/abs(MCWeight_singleLepCalc)) * 2.86094849797e-05
Cuts: (leptonPt_singleLepCalc > 50) && (corr_met_singleLepCalc > 55) && (AK4HT > 480) && (minDR_lepJet > 0.4 || ptRel_lepJet > 40) && (NJetsAK8_JetSubCalc > 2) && (minDR_leadAK8otherAK8 < 3.0) && DataPastTrigger == 1 && isMuon==1
****************************************************************************************************
****************************************************************************************************
DISTRIBUTION: Tp2Mass
            -name in ljmet trees: Tprime2_ALGO_Mass
            -x-axis label is set to: ;M(T) [GeV])
            -using the binning as: [0.0, 60.0, 120.0, 180.0, 240.0, 300.0, 360.0, 420.0, 480.0, 540.0, 600.0, 660.0, 720.0, 780.0, 840.0, 900.0, 960.0, 1020.0, 1080.0, 1140.0, 1200.0, 1260.0, 1320.0, 1380.0, 1440.0, 1500.0, 1560.0, 1620.0, 1680.0, 1740.0, 1800.0, 1860.0, 1920.0, 1980.0, 2040.0, 2100.0, 2160.0, 2220.0, 2280.0, 2340.0, 2400.0, 2460.0, 2520.0, 2580.0, 2640.0, 2700.0, 2760.0, 2820.0, 2880.0, 2940.0, 3000.0]
/////////////////////////
PROCESSING:  TTM1700BWBW
/////////////////////////
plotTreeName: Tprime2_BEST_Mass
Flavour: M #tag: isV_tZtZ #algo: BEST
Weights: 1 * 1 * 1 * pileupWeight * 1 * lepIdSF * EGammaGsfSF * 1 * (MCWeight_singleLepCalc/abs(MCWeight_singleLepCalc)) * 6.93554282011e-05
Cuts: (leptonPt_singleLepCalc > 50) && (corr_met_singleLepCalc > 55) && (AK4HT > 480) && (minDR_lepJet > 0.4 || ptRel_lepJet > 40) && (NJetsAK8_JetSubCalc > 2) && (minDR_leadAK8otherAK8 < 3.0) && DataPastTrigger == 1 && isMuon==1
****************************************************************************************************
****************************************************************************************************
DISTRIBUTION: Tp2Mass
            -name in ljmet trees: Tprime2_ALGO_Mass
            -x-axis label is set to: ;M(T) [GeV])
            -using the binning as: [0.0, 60.0, 120.0, 180.0, 240.0, 300.0, 360.0, 420.0, 480.0, 540.0, 600.0, 660.0, 720.0, 780.0, 840.0, 900.0, 960.0, 1020.0, 1080.0, 1140.0, 1200.0, 1260.0, 1320.0, 1380.0, 1440.0, 1500.0, 1560.0, 1620.0, 1680.0, 1740.0, 1800.0, 1860.0, 1920.0, 1980.0, 2040.0, 2100.0, 2160.0, 2220.0, 2280.0, 2340.0, 2400.0, 2460.0, 2520.0, 2580.0, 2640.0, 2700.0, 2760.0, 2820.0, 2880.0, 2940.0, 3000.0]
/////////////////////////
PROCESSING:  TTM1700THTH
/////////////////////////
plotTreeName: Tprime2_BEST_Mass
Flavour: M #tag: isV_tZtZ #algo: BEST
Weights: 1 * 1 * 1 * pileupWeight * 1 * lepIdSF * EGammaGsfSF * 1 * (MCWeight_singleLepCalc/abs(MCWeight_singleLepCalc)) * 1.73388570503e-05
Cuts: (leptonPt_singleLepCalc > 50) && (corr_met_singleLepCalc > 55) && (AK4HT > 480) && (minDR_lepJet > 0.4 || ptRel_lepJet > 40) && (NJetsAK8_JetSubCalc > 2) && (minDR_leadAK8otherAK8 < 3.0) && DataPastTrigger == 1 && isMuon==1
****************************************************************************************************
****************************************************************************************************
DISTRIBUTION: Tp2Mass
            -name in ljmet trees: Tprime2_ALGO_Mass
            -x-axis label is set to: ;M(T) [GeV])
            -using the binning as: [0.0, 60.0, 120.0, 180.0, 240.0, 300.0, 360.0, 420.0, 480.0, 540.0, 600.0, 660.0, 720.0, 780.0, 840.0, 900.0, 960.0, 1020.0, 1080.0, 1140.0, 1200.0, 1260.0, 1320.0, 1380.0, 1440.0, 1500.0, 1560.0, 1620.0, 1680.0, 1740.0, 1800.0, 1860.0, 1920.0, 1980.0, 2040.0, 2100.0, 2160.0, 2220.0, 2280.0, 2340.0, 2400.0, 2460.0, 2520.0, 2580.0, 2640.0, 2700.0, 2760.0, 2820.0, 2880.0, 2940.0, 3000.0]
/////////////////////////
PROCESSING:  TTM1700TZTZ
/////////////////////////
plotTreeName: Tprime2_BEST_Mass
Flavour: M #tag: isV_tZtZ #algo: BEST
Weights: 1 * 1 * 1 * pileupWeight * 1 * lepIdSF * EGammaGsfSF * 1 * (MCWeight_singleLepCalc/abs(MCWeight_singleLepCalc)) * 1.73388570503e-05
Cuts: (leptonPt_singleLepCalc > 50) && (corr_met_singleLepCalc > 55) && (AK4HT > 480) && (minDR_lepJet > 0.4 || ptRel_lepJet > 40) && (NJetsAK8_JetSubCalc > 2) && (minDR_leadAK8otherAK8 < 3.0) && DataPastTrigger == 1 && isMuon==1
****************************************************************************************************
****************************************************************************************************
DISTRIBUTION: Tp2Mass
            -name in ljmet trees: Tprime2_ALGO_Mass
            -x-axis label is set to: ;M(T) [GeV])
            -using the binning as: [0.0, 60.0, 120.0, 180.0, 240.0, 300.0, 360.0, 420.0, 480.0, 540.0, 600.0, 660.0, 720.0, 780.0, 840.0, 900.0, 960.0, 1020.0, 1080.0, 1140.0, 1200.0, 1260.0, 1320.0, 1380.0, 1440.0, 1500.0, 1560.0, 1620.0, 1680.0, 1740.0, 1800.0, 1860.0, 1920.0, 1980.0, 2040.0, 2100.0, 2160.0, 2220.0, 2280.0, 2340.0, 2400.0, 2460.0, 2520.0, 2580.0, 2640.0, 2700.0, 2760.0, 2820.0, 2880.0, 2940.0, 3000.0]
/////////////////////////
PROCESSING:  TTM1700TZBW
/////////////////////////
plotTreeName: Tprime2_BEST_Mass
Flavour: M #tag: isV_tZtZ #algo: BEST
Weights: 1 * 1 * 1 * pileupWeight * 1 * lepIdSF * EGammaGsfSF * 1 * (MCWeight_singleLepCalc/abs(MCWeight_singleLepCalc)) * 3.46777141005e-05
Cuts: (leptonPt_singleLepCalc > 50) && (corr_met_singleLepCalc > 55) && (AK4HT > 480) && (minDR_lepJet > 0.4 || ptRel_lepJet > 40) && (NJetsAK8_JetSubCalc > 2) && (minDR_leadAK8otherAK8 < 3.0) && DataPastTrigger == 1 && isMuon==1
****************************************************************************************************
****************************************************************************************************
DISTRIBUTION: Tp2Mass
            -name in ljmet trees: Tprime2_ALGO_Mass
            -x-axis label is set to: ;M(T) [GeV])
            -using the binning as: [0.0, 60.0, 120.0, 180.0, 240.0, 300.0, 360.0, 420.0, 480.0, 540.0, 600.0, 660.0, 720.0, 780.0, 840.0, 900.0, 960.0, 1020.0, 1080.0, 1140.0, 1200.0, 1260.0, 1320.0, 1380.0, 1440.0, 1500.0, 1560.0, 1620.0, 1680.0, 1740.0, 1800.0, 1860.0, 1920.0, 1980.0, 2040.0, 2100.0, 2160.0, 2220.0, 2280.0, 2340.0, 2400.0, 2460.0, 2520.0, 2580.0, 2640.0, 2700.0, 2760.0, 2820.0, 2880.0, 2940.0, 3000.0]
/////////////////////////
PROCESSING:  TTM1700THBW
/////////////////////////
plotTreeName: Tprime2_BEST_Mass
Flavour: M #tag: isV_tZtZ #algo: BEST
Weights: 1 * 1 * 1 * pileupWeight * 1 * lepIdSF * EGammaGsfSF * 1 * (MCWeight_singleLepCalc/abs(MCWeight_singleLepCalc)) * 3.46777141005e-05
Cuts: (leptonPt_singleLepCalc > 50) && (corr_met_singleLepCalc > 55) && (AK4HT > 480) && (minDR_lepJet > 0.4 || ptRel_lepJet > 40) && (NJetsAK8_JetSubCalc > 2) && (minDR_leadAK8otherAK8 < 3.0) && DataPastTrigger == 1 && isMuon==1
****************************************************************************************************
****************************************************************************************************
DISTRIBUTION: Tp2Mass
            -name in ljmet trees: Tprime2_ALGO_Mass
            -x-axis label is set to: ;M(T) [GeV])
            -using the binning as: [0.0, 60.0, 120.0, 180.0, 240.0, 300.0, 360.0, 420.0, 480.0, 540.0, 600.0, 660.0, 720.0, 780.0, 840.0, 900.0, 960.0, 1020.0, 1080.0, 1140.0, 1200.0, 1260.0, 1320.0, 1380.0, 1440.0, 1500.0, 1560.0, 1620.0, 1680.0, 1740.0, 1800.0, 1860.0, 1920.0, 1980.0, 2040.0, 2100.0, 2160.0, 2220.0, 2280.0, 2340.0, 2400.0, 2460.0, 2520.0, 2580.0, 2640.0, 2700.0, 2760.0, 2820.0, 2880.0, 2940.0, 3000.0]
/////////////////////////
PROCESSING:  TTM1700TZTH
/////////////////////////
plotTreeName: Tprime2_BEST_Mass
Flavour: M #tag: isV_tZtZ #algo: BEST
Weights: 1 * 1 * 1 * pileupWeight * 1 * lepIdSF * EGammaGsfSF * 1 * (MCWeight_singleLepCalc/abs(MCWeight_singleLepCalc)) * 1.73388570503e-05
Cuts: (leptonPt_singleLepCalc > 50) && (corr_met_singleLepCalc > 55) && (AK4HT > 480) && (minDR_lepJet > 0.4 || ptRel_lepJet > 40) && (NJetsAK8_JetSubCalc > 2) && (minDR_leadAK8otherAK8 < 3.0) && DataPastTrigger == 1 && isMuon==1
****************************************************************************************************
****************************************************************************************************
DISTRIBUTION: Tp2Mass
            -name in ljmet trees: Tprime2_ALGO_Mass
            -x-axis label is set to: ;M(T) [GeV])
            -using the binning as: [0.0, 60.0, 120.0, 180.0, 240.0, 300.0, 360.0, 420.0, 480.0, 540.0, 600.0, 660.0, 720.0, 780.0, 840.0, 900.0, 960.0, 1020.0, 1080.0, 1140.0, 1200.0, 1260.0, 1320.0, 1380.0, 1440.0, 1500.0, 1560.0, 1620.0, 1680.0, 1740.0, 1800.0, 1860.0, 1920.0, 1980.0, 2040.0, 2100.0, 2160.0, 2220.0, 2280.0, 2340.0, 2400.0, 2460.0, 2520.0, 2580.0, 2640.0, 2700.0, 2760.0, 2820.0, 2880.0, 2940.0, 3000.0]
/////////////////////////
PROCESSING:  TTM1800BWBW
/////////////////////////
plotTreeName: Tprime2_BEST_Mass
Flavour: M #tag: isV_tZtZ #algo: BEST
Weights: 1 * 1 * 1 * pileupWeight * 1 * lepIdSF * EGammaGsfSF * 1 * (MCWeight_singleLepCalc/abs(MCWeight_singleLepCalc)) * 3.89579688164e-05
Cuts: (leptonPt_singleLepCalc > 50) && (corr_met_singleLepCalc > 55) && (AK4HT > 480) && (minDR_lepJet > 0.4 || ptRel_lepJet > 40) && (NJetsAK8_JetSubCalc > 2) && (minDR_leadAK8otherAK8 < 3.0) && DataPastTrigger == 1 && isMuon==1
****************************************************************************************************
****************************************************************************************************
DISTRIBUTION: Tp2Mass
            -name in ljmet trees: Tprime2_ALGO_Mass
            -x-axis label is set to: ;M(T) [GeV])
            -using the binning as: [0.0, 60.0, 120.0, 180.0, 240.0, 300.0, 360.0, 420.0, 480.0, 540.0, 600.0, 660.0, 720.0, 780.0, 840.0, 900.0, 960.0, 1020.0, 1080.0, 1140.0, 1200.0, 1260.0, 1320.0, 1380.0, 1440.0, 1500.0, 1560.0, 1620.0, 1680.0, 1740.0, 1800.0, 1860.0, 1920.0, 1980.0, 2040.0, 2100.0, 2160.0, 2220.0, 2280.0, 2340.0, 2400.0, 2460.0, 2520.0, 2580.0, 2640.0, 2700.0, 2760.0, 2820.0, 2880.0, 2940.0, 3000.0]
/////////////////////////
PROCESSING:  TTM1800THTH
/////////////////////////
plotTreeName: Tprime2_BEST_Mass
Flavour: M #tag: isV_tZtZ #algo: BEST
Weights: 1 * 1 * 1 * pileupWeight * 1 * lepIdSF * EGammaGsfSF * 1 * (MCWeight_singleLepCalc/abs(MCWeight_singleLepCalc)) * 9.7394922041e-06
Cuts: (leptonPt_singleLepCalc > 50) && (corr_met_singleLepCalc > 55) && (AK4HT > 480) && (minDR_lepJet > 0.4 || ptRel_lepJet > 40) && (NJetsAK8_JetSubCalc > 2) && (minDR_leadAK8otherAK8 < 3.0) && DataPastTrigger == 1 && isMuon==1
****************************************************************************************************
****************************************************************************************************
DISTRIBUTION: Tp2Mass
            -name in ljmet trees: Tprime2_ALGO_Mass
            -x-axis label is set to: ;M(T) [GeV])
            -using the binning as: [0.0, 60.0, 120.0, 180.0, 240.0, 300.0, 360.0, 420.0, 480.0, 540.0, 600.0, 660.0, 720.0, 780.0, 840.0, 900.0, 960.0, 1020.0, 1080.0, 1140.0, 1200.0, 1260.0, 1320.0, 1380.0, 1440.0, 1500.0, 1560.0, 1620.0, 1680.0, 1740.0, 1800.0, 1860.0, 1920.0, 1980.0, 2040.0, 2100.0, 2160.0, 2220.0, 2280.0, 2340.0, 2400.0, 2460.0, 2520.0, 2580.0, 2640.0, 2700.0, 2760.0, 2820.0, 2880.0, 2940.0, 3000.0]
/////////////////////////
PROCESSING:  TTM1800TZTZ
/////////////////////////
plotTreeName: Tprime2_BEST_Mass
Flavour: M #tag: isV_tZtZ #algo: BEST
Weights: 1 * 1 * 1 * pileupWeight * 1 * lepIdSF * EGammaGsfSF * 1 * (MCWeight_singleLepCalc/abs(MCWeight_singleLepCalc)) * 9.7394922041e-06
Cuts: (leptonPt_singleLepCalc > 50) && (corr_met_singleLepCalc > 55) && (AK4HT > 480) && (minDR_lepJet > 0.4 || ptRel_lepJet > 40) && (NJetsAK8_JetSubCalc > 2) && (minDR_leadAK8otherAK8 < 3.0) && DataPastTrigger == 1 && isMuon==1
****************************************************************************************************
****************************************************************************************************
DISTRIBUTION: Tp2Mass
            -name in ljmet trees: Tprime2_ALGO_Mass
            -x-axis label is set to: ;M(T) [GeV])
            -using the binning as: [0.0, 60.0, 120.0, 180.0, 240.0, 300.0, 360.0, 420.0, 480.0, 540.0, 600.0, 660.0, 720.0, 780.0, 840.0, 900.0, 960.0, 1020.0, 1080.0, 1140.0, 1200.0, 1260.0, 1320.0, 1380.0, 1440.0, 1500.0, 1560.0, 1620.0, 1680.0, 1740.0, 1800.0, 1860.0, 1920.0, 1980.0, 2040.0, 2100.0, 2160.0, 2220.0, 2280.0, 2340.0, 2400.0, 2460.0, 2520.0, 2580.0, 2640.0, 2700.0, 2760.0, 2820.0, 2880.0, 2940.0, 3000.0]
/////////////////////////
PROCESSING:  TTM1800TZBW
/////////////////////////
plotTreeName: Tprime2_BEST_Mass
Flavour: M #tag: isV_tZtZ #algo: BEST
Weights: 1 * 1 * 1 * pileupWeight * 1 * lepIdSF * EGammaGsfSF * 1 * (MCWeight_singleLepCalc/abs(MCWeight_singleLepCalc)) * 1.94789844082e-05
Cuts: (leptonPt_singleLepCalc > 50) && (corr_met_singleLepCalc > 55) && (AK4HT > 480) && (minDR_lepJet > 0.4 || ptRel_lepJet > 40) && (NJetsAK8_JetSubCalc > 2) && (minDR_leadAK8otherAK8 < 3.0) && DataPastTrigger == 1 && isMuon==1
****************************************************************************************************
****************************************************************************************************
DISTRIBUTION: Tp2Mass
            -name in ljmet trees: Tprime2_ALGO_Mass
            -x-axis label is set to: ;M(T) [GeV])
            -using the binning as: [0.0, 60.0, 120.0, 180.0, 240.0, 300.0, 360.0, 420.0, 480.0, 540.0, 600.0, 660.0, 720.0, 780.0, 840.0, 900.0, 960.0, 1020.0, 1080.0, 1140.0, 1200.0, 1260.0, 1320.0, 1380.0, 1440.0, 1500.0, 1560.0, 1620.0, 1680.0, 1740.0, 1800.0, 1860.0, 1920.0, 1980.0, 2040.0, 2100.0, 2160.0, 2220.0, 2280.0, 2340.0, 2400.0, 2460.0, 2520.0, 2580.0, 2640.0, 2700.0, 2760.0, 2820.0, 2880.0, 2940.0, 3000.0]
/////////////////////////
PROCESSING:  TTM1800THBW
/////////////////////////
plotTreeName: Tprime2_BEST_Mass
Flavour: M #tag: isV_tZtZ #algo: BEST
Weights: 1 * 1 * 1 * pileupWeight * 1 * lepIdSF * EGammaGsfSF * 1 * (MCWeight_singleLepCalc/abs(MCWeight_singleLepCalc)) * 1.94789844082e-05
Cuts: (leptonPt_singleLepCalc > 50) && (corr_met_singleLepCalc > 55) && (AK4HT > 480) && (minDR_lepJet > 0.4 || ptRel_lepJet > 40) && (NJetsAK8_JetSubCalc > 2) && (minDR_leadAK8otherAK8 < 3.0) && DataPastTrigger == 1 && isMuon==1
****************************************************************************************************
****************************************************************************************************
DISTRIBUTION: Tp2Mass
            -name in ljmet trees: Tprime2_ALGO_Mass
            -x-axis label is set to: ;M(T) [GeV])
            -using the binning as: [0.0, 60.0, 120.0, 180.0, 240.0, 300.0, 360.0, 420.0, 480.0, 540.0, 600.0, 660.0, 720.0, 780.0, 840.0, 900.0, 960.0, 1020.0, 1080.0, 1140.0, 1200.0, 1260.0, 1320.0, 1380.0, 1440.0, 1500.0, 1560.0, 1620.0, 1680.0, 1740.0, 1800.0, 1860.0, 1920.0, 1980.0, 2040.0, 2100.0, 2160.0, 2220.0, 2280.0, 2340.0, 2400.0, 2460.0, 2520.0, 2580.0, 2640.0, 2700.0, 2760.0, 2820.0, 2880.0, 2940.0, 3000.0]
/////////////////////////
PROCESSING:  TTM1800TZTH
/////////////////////////
plotTreeName: Tprime2_BEST_Mass
Flavour: M #tag: isV_tZtZ #algo: BEST
Weights: 1 * 1 * 1 * pileupWeight * 1 * lepIdSF * EGammaGsfSF * 1 * (MCWeight_singleLepCalc/abs(MCWeight_singleLepCalc)) * 9.7394922041e-06
Cuts: (leptonPt_singleLepCalc > 50) && (corr_met_singleLepCalc > 55) && (AK4HT > 480) && (minDR_lepJet > 0.4 || ptRel_lepJet > 40) && (NJetsAK8_JetSubCalc > 2) && (minDR_leadAK8otherAK8 < 3.0) && DataPastTrigger == 1 && isMuon==1
****************************************************************************************************
****************************************************************************************************
DISTRIBUTION: Tp2Mass
            -name in ljmet trees: Tprime2_ALGO_Mass
            -x-axis label is set to: ;M(T) [GeV])
            -using the binning as: [0.0, 60.0, 120.0, 180.0, 240.0, 300.0, 360.0, 420.0, 480.0, 540.0, 600.0, 660.0, 720.0, 780.0, 840.0, 900.0, 960.0, 1020.0, 1080.0, 1140.0, 1200.0, 1260.0, 1320.0, 1380.0, 1440.0, 1500.0, 1560.0, 1620.0, 1680.0, 1740.0, 1800.0, 1860.0, 1920.0, 1980.0, 2040.0, 2100.0, 2160.0, 2220.0, 2280.0, 2340.0, 2400.0, 2460.0, 2520.0, 2580.0, 2640.0, 2700.0, 2760.0, 2820.0, 2880.0, 2940.0, 3000.0]
/////////////////////////
PROCESSING:  WJetsMG400
/////////////////////////
plotTreeName: Tprime2_DeepAK8_Mass
Flavour: M #tag: isV_tZtZ #algo: DeepAK8
Weights: 1 * HTSF_Pol * 1 * pileupWeight * 1 * lepIdSF * EGammaGsfSF * 1 * (MCWeight_singleLepCalc/abs(MCWeight_singleLepCalc)) * 0.280770227538
Cuts: (leptonPt_singleLepCalc > 50) && (corr_met_singleLepCalc > 55) && (AK4HT > 480) && (minDR_lepJet > 0.4 || ptRel_lepJet > 40) && (NJetsAK8_JetSubCalc > 2) && (minDR_leadAK8otherAK8 < 3.0) && DataPastTrigger == 1 && isMuon==1
****************************************************************************************************
****************************************************************************************************
DISTRIBUTION: Tp2Mass
            -name in ljmet trees: Tprime2_ALGO_Mass
            -x-axis label is set to: ;M(T) [GeV])
            -using the binning as: [0.0, 60.0, 120.0, 180.0, 240.0, 300.0, 360.0, 420.0, 480.0, 540.0, 600.0, 660.0, 720.0, 780.0, 840.0, 900.0, 960.0, 1020.0, 1080.0, 1140.0, 1200.0, 1260.0, 1320.0, 1380.0, 1440.0, 1500.0, 1560.0, 1620.0, 1680.0, 1740.0, 1800.0, 1860.0, 1920.0, 1980.0, 2040.0, 2100.0, 2160.0, 2220.0, 2280.0, 2340.0, 2400.0, 2460.0, 2520.0, 2580.0, 2640.0, 2700.0, 2760.0, 2820.0, 2880.0, 2940.0, 3000.0]
/////////////////////////
PROCESSING:  WJetsMG600
/////////////////////////
plotTreeName: Tprime2_DeepAK8_Mass
Flavour: M #tag: isV_tZtZ #algo: DeepAK8
Weights: 1 * HTSF_Pol * 1 * pileupWeight * 1 * lepIdSF * EGammaGsfSF * 1 * (MCWeight_singleLepCalc/abs(MCWeight_singleLepCalc)) * 0.0287233231554
Cuts: (leptonPt_singleLepCalc > 50) && (corr_met_singleLepCalc > 55) && (AK4HT > 480) && (minDR_lepJet > 0.4 || ptRel_lepJet > 40) && (NJetsAK8_JetSubCalc > 2) && (minDR_leadAK8otherAK8 < 3.0) && DataPastTrigger == 1 && isMuon==1
****************************************************************************************************
****************************************************************************************************
DISTRIBUTION: Tp2Mass
            -name in ljmet trees: Tprime2_ALGO_Mass
            -x-axis label is set to: ;M(T) [GeV])
            -using the binning as: [0.0, 60.0, 120.0, 180.0, 240.0, 300.0, 360.0, 420.0, 480.0, 540.0, 600.0, 660.0, 720.0, 780.0, 840.0, 900.0, 960.0, 1020.0, 1080.0, 1140.0, 1200.0, 1260.0, 1320.0, 1380.0, 1440.0, 1500.0, 1560.0, 1620.0, 1680.0, 1740.0, 1800.0, 1860.0, 1920.0, 1980.0, 2040.0, 2100.0, 2160.0, 2220.0, 2280.0, 2340.0, 2400.0, 2460.0, 2520.0, 2580.0, 2640.0, 2700.0, 2760.0, 2820.0, 2880.0, 2940.0, 3000.0]
/////////////////////////
PROCESSING:  WJetsMG800
/////////////////////////
plotTreeName: Tprime2_DeepAK8_Mass
Flavour: M #tag: isV_tZtZ #algo: DeepAK8
Weights: 1 * HTSF_Pol * 1 * pileupWeight * 1 * lepIdSF * EGammaGsfSF * 1 * (MCWeight_singleLepCalc/abs(MCWeight_singleLepCalc)) * 0.0316367902594
Cuts: (leptonPt_singleLepCalc > 50) && (corr_met_singleLepCalc > 55) && (AK4HT > 480) && (minDR_lepJet > 0.4 || ptRel_lepJet > 40) && (NJetsAK8_JetSubCalc > 2) && (minDR_leadAK8otherAK8 < 3.0) && DataPastTrigger == 1 && isMuon==1
****************************************************************************************************
****************************************************************************************************
DISTRIBUTION: Tp2Mass
            -name in ljmet trees: Tprime2_ALGO_Mass
            -x-axis label is set to: ;M(T) [GeV])
            -using the binning as: [0.0, 60.0, 120.0, 180.0, 240.0, 300.0, 360.0, 420.0, 480.0, 540.0, 600.0, 660.0, 720.0, 780.0, 840.0, 900.0, 960.0, 1020.0, 1080.0, 1140.0, 1200.0, 1260.0, 1320.0, 1380.0, 1440.0, 1500.0, 1560.0, 1620.0, 1680.0, 1740.0, 1800.0, 1860.0, 1920.0, 1980.0, 2040.0, 2100.0, 2160.0, 2220.0, 2280.0, 2340.0, 2400.0, 2460.0, 2520.0, 2580.0, 2640.0, 2700.0, 2760.0, 2820.0, 2880.0, 2940.0, 3000.0]
/////////////////////////
PROCESSING:  WJetsMG1200
/////////////////////////
plotTreeName: Tprime2_DeepAK8_Mass
Flavour: M #tag: isV_tZtZ #algo: DeepAK8
Weights: 1 * HTSF_Pol * 1 * pileupWeight * 1 * lepIdSF * EGammaGsfSF * 1 * (MCWeight_singleLepCalc/abs(MCWeight_singleLepCalc)) * 0.00861414819858
Cuts: (leptonPt_singleLepCalc > 50) && (corr_met_singleLepCalc > 55) && (AK4HT > 480) && (minDR_lepJet > 0.4 || ptRel_lepJet > 40) && (NJetsAK8_JetSubCalc > 2) && (minDR_leadAK8otherAK8 < 3.0) && DataPastTrigger == 1 && isMuon==1
****************************************************************************************************
****************************************************************************************************
DISTRIBUTION: Tp2Mass
            -name in ljmet trees: Tprime2_ALGO_Mass
            -x-axis label is set to: ;M(T) [GeV])
            -using the binning as: [0.0, 60.0, 120.0, 180.0, 240.0, 300.0, 360.0, 420.0, 480.0, 540.0, 600.0, 660.0, 720.0, 780.0, 840.0, 900.0, 960.0, 1020.0, 1080.0, 1140.0, 1200.0, 1260.0, 1320.0, 1380.0, 1440.0, 1500.0, 1560.0, 1620.0, 1680.0, 1740.0, 1800.0, 1860.0, 1920.0, 1980.0, 2040.0, 2100.0, 2160.0, 2220.0, 2280.0, 2340.0, 2400.0, 2460.0, 2520.0, 2580.0, 2640.0, 2700.0, 2760.0, 2820.0, 2880.0, 2940.0, 3000.0]
/////////////////////////
PROCESSING:  WJetsMG2500
/////////////////////////
plotTreeName: Tprime2_DeepAK8_Mass
Flavour: M #tag: isV_tZtZ #algo: DeepAK8
Weights: 1 * HTSF_Pol * 1 * pileupWeight * 1 * lepIdSF * EGammaGsfSF * 1 * (MCWeight_singleLepCalc/abs(MCWeight_singleLepCalc)) * 0.00054308661217
Cuts: (leptonPt_singleLepCalc > 50) && (corr_met_singleLepCalc > 55) && (AK4HT > 480) && (minDR_lepJet > 0.4 || ptRel_lepJet > 40) && (NJetsAK8_JetSubCalc > 2) && (minDR_leadAK8otherAK8 < 3.0) && DataPastTrigger == 1 && isMuon==1
****************************************************************************************************
****************************************************************************************************
DISTRIBUTION: Tp2Mass
            -name in ljmet trees: Tprime2_ALGO_Mass
            -x-axis label is set to: ;M(T) [GeV])
            -using the binning as: [0.0, 60.0, 120.0, 180.0, 240.0, 300.0, 360.0, 420.0, 480.0, 540.0, 600.0, 660.0, 720.0, 780.0, 840.0, 900.0, 960.0, 1020.0, 1080.0, 1140.0, 1200.0, 1260.0, 1320.0, 1380.0, 1440.0, 1500.0, 1560.0, 1620.0, 1680.0, 1740.0, 1800.0, 1860.0, 1920.0, 1980.0, 2040.0, 2100.0, 2160.0, 2220.0, 2280.0, 2340.0, 2400.0, 2460.0, 2520.0, 2580.0, 2640.0, 2700.0, 2760.0, 2820.0, 2880.0, 2940.0, 3000.0]
/////////////////////////
PROCESSING:  TTM1100BWBW
/////////////////////////
plotTreeName: Tprime2_DeepAK8_Mass
Flavour: M #tag: isV_tZtZ #algo: DeepAK8
Weights: 1 * 1 * 1 * pileupWeight * 1 * lepIdSF * EGammaGsfSF * 1 * (MCWeight_singleLepCalc/abs(MCWeight_singleLepCalc)) * 0.00223239916536
Cuts: (leptonPt_singleLepCalc > 50) && (corr_met_singleLepCalc > 55) && (AK4HT > 480) && (minDR_lepJet > 0.4 || ptRel_lepJet > 40) && (NJetsAK8_JetSubCalc > 2) && (minDR_leadAK8otherAK8 < 3.0) && DataPastTrigger == 1 && isMuon==1
****************************************************************************************************
****************************************************************************************************
DISTRIBUTION: Tp2Mass
            -name in ljmet trees: Tprime2_ALGO_Mass
            -x-axis label is set to: ;M(T) [GeV])
            -using the binning as: [0.0, 60.0, 120.0, 180.0, 240.0, 300.0, 360.0, 420.0, 480.0, 540.0, 600.0, 660.0, 720.0, 780.0, 840.0, 900.0, 960.0, 1020.0, 1080.0, 1140.0, 1200.0, 1260.0, 1320.0, 1380.0, 1440.0, 1500.0, 1560.0, 1620.0, 1680.0, 1740.0, 1800.0, 1860.0, 1920.0, 1980.0, 2040.0, 2100.0, 2160.0, 2220.0, 2280.0, 2340.0, 2400.0, 2460.0, 2520.0, 2580.0, 2640.0, 2700.0, 2760.0, 2820.0, 2880.0, 2940.0, 3000.0]
/////////////////////////
PROCESSING:  TTM1100THTH
/////////////////////////
plotTreeName: Tprime2_DeepAK8_Mass
Flavour: M #tag: isV_tZtZ #algo: DeepAK8
Weights: 1 * 1 * 1 * pileupWeight * 1 * lepIdSF * EGammaGsfSF * 1 * (MCWeight_singleLepCalc/abs(MCWeight_singleLepCalc)) * 0.000558099791339
Cuts: (leptonPt_singleLepCalc > 50) && (corr_met_singleLepCalc > 55) && (AK4HT > 480) && (minDR_lepJet > 0.4 || ptRel_lepJet > 40) && (NJetsAK8_JetSubCalc > 2) && (minDR_leadAK8otherAK8 < 3.0) && DataPastTrigger == 1 && isMuon==1
****************************************************************************************************
****************************************************************************************************
DISTRIBUTION: Tp2Mass
            -name in ljmet trees: Tprime2_ALGO_Mass
            -x-axis label is set to: ;M(T) [GeV])
            -using the binning as: [0.0, 60.0, 120.0, 180.0, 240.0, 300.0, 360.0, 420.0, 480.0, 540.0, 600.0, 660.0, 720.0, 780.0, 840.0, 900.0, 960.0, 1020.0, 1080.0, 1140.0, 1200.0, 1260.0, 1320.0, 1380.0, 1440.0, 1500.0, 1560.0, 1620.0, 1680.0, 1740.0, 1800.0, 1860.0, 1920.0, 1980.0, 2040.0, 2100.0, 2160.0, 2220.0, 2280.0, 2340.0, 2400.0, 2460.0, 2520.0, 2580.0, 2640.0, 2700.0, 2760.0, 2820.0, 2880.0, 2940.0, 3000.0]
/////////////////////////
PROCESSING:  TTM1100TZTZ
/////////////////////////
plotTreeName: Tprime2_DeepAK8_Mass
Flavour: M #tag: isV_tZtZ #algo: DeepAK8
Weights: 1 * 1 * 1 * pileupWeight * 1 * lepIdSF * EGammaGsfSF * 1 * (MCWeight_singleLepCalc/abs(MCWeight_singleLepCalc)) * 0.000558099791339
Cuts: (leptonPt_singleLepCalc > 50) && (corr_met_singleLepCalc > 55) && (AK4HT > 480) && (minDR_lepJet > 0.4 || ptRel_lepJet > 40) && (NJetsAK8_JetSubCalc > 2) && (minDR_leadAK8otherAK8 < 3.0) && DataPastTrigger == 1 && isMuon==1
****************************************************************************************************
****************************************************************************************************
DISTRIBUTION: Tp2Mass
            -name in ljmet trees: Tprime2_ALGO_Mass
            -x-axis label is set to: ;M(T) [GeV])
            -using the binning as: [0.0, 60.0, 120.0, 180.0, 240.0, 300.0, 360.0, 420.0, 480.0, 540.0, 600.0, 660.0, 720.0, 780.0, 840.0, 900.0, 960.0, 1020.0, 1080.0, 1140.0, 1200.0, 1260.0, 1320.0, 1380.0, 1440.0, 1500.0, 1560.0, 1620.0, 1680.0, 1740.0, 1800.0, 1860.0, 1920.0, 1980.0, 2040.0, 2100.0, 2160.0, 2220.0, 2280.0, 2340.0, 2400.0, 2460.0, 2520.0, 2580.0, 2640.0, 2700.0, 2760.0, 2820.0, 2880.0, 2940.0, 3000.0]
/////////////////////////
PROCESSING:  TTM1100TZBW
/////////////////////////
plotTreeName: Tprime2_DeepAK8_Mass
Flavour: M #tag: isV_tZtZ #algo: DeepAK8
Weights: 1 * 1 * 1 * pileupWeight * 1 * lepIdSF * EGammaGsfSF * 1 * (MCWeight_singleLepCalc/abs(MCWeight_singleLepCalc)) * 0.00111619958268
Cuts: (leptonPt_singleLepCalc > 50) && (corr_met_singleLepCalc > 55) && (AK4HT > 480) && (minDR_lepJet > 0.4 || ptRel_lepJet > 40) && (NJetsAK8_JetSubCalc > 2) && (minDR_leadAK8otherAK8 < 3.0) && DataPastTrigger == 1 && isMuon==1
****************************************************************************************************
****************************************************************************************************
DISTRIBUTION: Tp2Mass
            -name in ljmet trees: Tprime2_ALGO_Mass
            -x-axis label is set to: ;M(T) [GeV])
            -using the binning as: [0.0, 60.0, 120.0, 180.0, 240.0, 300.0, 360.0, 420.0, 480.0, 540.0, 600.0, 660.0, 720.0, 780.0, 840.0, 900.0, 960.0, 1020.0, 1080.0, 1140.0, 1200.0, 1260.0, 1320.0, 1380.0, 1440.0, 1500.0, 1560.0, 1620.0, 1680.0, 1740.0, 1800.0, 1860.0, 1920.0, 1980.0, 2040.0, 2100.0, 2160.0, 2220.0, 2280.0, 2340.0, 2400.0, 2460.0, 2520.0, 2580.0, 2640.0, 2700.0, 2760.0, 2820.0, 2880.0, 2940.0, 3000.0]
/////////////////////////
PROCESSING:  TTM1100THBW
/////////////////////////
plotTreeName: Tprime2_DeepAK8_Mass
Flavour: M #tag: isV_tZtZ #algo: DeepAK8
Weights: 1 * 1 * 1 * pileupWeight * 1 * lepIdSF * EGammaGsfSF * 1 * (MCWeight_singleLepCalc/abs(MCWeight_singleLepCalc)) * 0.00111619958268
Cuts: (leptonPt_singleLepCalc > 50) && (corr_met_singleLepCalc > 55) && (AK4HT > 480) && (minDR_lepJet > 0.4 || ptRel_lepJet > 40) && (NJetsAK8_JetSubCalc > 2) && (minDR_leadAK8otherAK8 < 3.0) && DataPastTrigger == 1 && isMuon==1
****************************************************************************************************
****************************************************************************************************
DISTRIBUTION: Tp2Mass
            -name in ljmet trees: Tprime2_ALGO_Mass
            -x-axis label is set to: ;M(T) [GeV])
            -using the binning as: [0.0, 60.0, 120.0, 180.0, 240.0, 300.0, 360.0, 420.0, 480.0, 540.0, 600.0, 660.0, 720.0, 780.0, 840.0, 900.0, 960.0, 1020.0, 1080.0, 1140.0, 1200.0, 1260.0, 1320.0, 1380.0, 1440.0, 1500.0, 1560.0, 1620.0, 1680.0, 1740.0, 1800.0, 1860.0, 1920.0, 1980.0, 2040.0, 2100.0, 2160.0, 2220.0, 2280.0, 2340.0, 2400.0, 2460.0, 2520.0, 2580.0, 2640.0, 2700.0, 2760.0, 2820.0, 2880.0, 2940.0, 3000.0]
/////////////////////////
PROCESSING:  TTM1100TZTH
/////////////////////////
plotTreeName: Tprime2_DeepAK8_Mass
Flavour: M #tag: isV_tZtZ #algo: DeepAK8
Weights: 1 * 1 * 1 * pileupWeight * 1 * lepIdSF * EGammaGsfSF * 1 * (MCWeight_singleLepCalc/abs(MCWeight_singleLepCalc)) * 0.000558099791339
Cuts: (leptonPt_singleLepCalc > 50) && (corr_met_singleLepCalc > 55) && (AK4HT > 480) && (minDR_lepJet > 0.4 || ptRel_lepJet > 40) && (NJetsAK8_JetSubCalc > 2) && (minDR_leadAK8otherAK8 < 3.0) && DataPastTrigger == 1 && isMuon==1
****************************************************************************************************
****************************************************************************************************
DISTRIBUTION: Tp2Mass
            -name in ljmet trees: Tprime2_ALGO_Mass
            -x-axis label is set to: ;M(T) [GeV])
            -using the binning as: [0.0, 60.0, 120.0, 180.0, 240.0, 300.0, 360.0, 420.0, 480.0, 540.0, 600.0, 660.0, 720.0, 780.0, 840.0, 900.0, 960.0, 1020.0, 1080.0, 1140.0, 1200.0, 1260.0, 1320.0, 1380.0, 1440.0, 1500.0, 1560.0, 1620.0, 1680.0, 1740.0, 1800.0, 1860.0, 1920.0, 1980.0, 2040.0, 2100.0, 2160.0, 2220.0, 2280.0, 2340.0, 2400.0, 2460.0, 2520.0, 2580.0, 2640.0, 2700.0, 2760.0, 2820.0, 2880.0, 2940.0, 3000.0]
/////////////////////////
PROCESSING:  TTM1200BWBW
/////////////////////////
plotTreeName: Tprime2_DeepAK8_Mass
Flavour: M #tag: isV_tZtZ #algo: DeepAK8
Weights: 1 * 1 * 1 * pileupWeight * 1 * lepIdSF * EGammaGsfSF * 1 * (MCWeight_singleLepCalc/abs(MCWeight_singleLepCalc)) * 0.00117627847652
Cuts: (leptonPt_singleLepCalc > 50) && (corr_met_singleLepCalc > 55) && (AK4HT > 480) && (minDR_lepJet > 0.4 || ptRel_lepJet > 40) && (NJetsAK8_JetSubCalc > 2) && (minDR_leadAK8otherAK8 < 3.0) && DataPastTrigger == 1 && isMuon==1
****************************************************************************************************
****************************************************************************************************
DISTRIBUTION: Tp2Mass
            -name in ljmet trees: Tprime2_ALGO_Mass
            -x-axis label is set to: ;M(T) [GeV])
            -using the binning as: [0.0, 60.0, 120.0, 180.0, 240.0, 300.0, 360.0, 420.0, 480.0, 540.0, 600.0, 660.0, 720.0, 780.0, 840.0, 900.0, 960.0, 1020.0, 1080.0, 1140.0, 1200.0, 1260.0, 1320.0, 1380.0, 1440.0, 1500.0, 1560.0, 1620.0, 1680.0, 1740.0, 1800.0, 1860.0, 1920.0, 1980.0, 2040.0, 2100.0, 2160.0, 2220.0, 2280.0, 2340.0, 2400.0, 2460.0, 2520.0, 2580.0, 2640.0, 2700.0, 2760.0, 2820.0, 2880.0, 2940.0, 3000.0]
/////////////////////////
PROCESSING:  TTM1200THTH
/////////////////////////
plotTreeName: Tprime2_DeepAK8_Mass
Flavour: M #tag: isV_tZtZ #algo: DeepAK8
Weights: 1 * 1 * 1 * pileupWeight * 1 * lepIdSF * EGammaGsfSF * 1 * (MCWeight_singleLepCalc/abs(MCWeight_singleLepCalc)) * 0.00029406961913
Cuts: (leptonPt_singleLepCalc > 50) && (corr_met_singleLepCalc > 55) && (AK4HT > 480) && (minDR_lepJet > 0.4 || ptRel_lepJet > 40) && (NJetsAK8_JetSubCalc > 2) && (minDR_leadAK8otherAK8 < 3.0) && DataPastTrigger == 1 && isMuon==1
****************************************************************************************************
****************************************************************************************************
DISTRIBUTION: Tp2Mass
            -name in ljmet trees: Tprime2_ALGO_Mass
            -x-axis label is set to: ;M(T) [GeV])
            -using the binning as: [0.0, 60.0, 120.0, 180.0, 240.0, 300.0, 360.0, 420.0, 480.0, 540.0, 600.0, 660.0, 720.0, 780.0, 840.0, 900.0, 960.0, 1020.0, 1080.0, 1140.0, 1200.0, 1260.0, 1320.0, 1380.0, 1440.0, 1500.0, 1560.0, 1620.0, 1680.0, 1740.0, 1800.0, 1860.0, 1920.0, 1980.0, 2040.0, 2100.0, 2160.0, 2220.0, 2280.0, 2340.0, 2400.0, 2460.0, 2520.0, 2580.0, 2640.0, 2700.0, 2760.0, 2820.0, 2880.0, 2940.0, 3000.0]
/////////////////////////
PROCESSING:  TTM1200TZTZ
/////////////////////////
plotTreeName: Tprime2_DeepAK8_Mass
Flavour: M #tag: isV_tZtZ #algo: DeepAK8
Weights: 1 * 1 * 1 * pileupWeight * 1 * lepIdSF * EGammaGsfSF * 1 * (MCWeight_singleLepCalc/abs(MCWeight_singleLepCalc)) * 0.00029406961913
Cuts: (leptonPt_singleLepCalc > 50) && (corr_met_singleLepCalc > 55) && (AK4HT > 480) && (minDR_lepJet > 0.4 || ptRel_lepJet > 40) && (NJetsAK8_JetSubCalc > 2) && (minDR_leadAK8otherAK8 < 3.0) && DataPastTrigger == 1 && isMuon==1
****************************************************************************************************
****************************************************************************************************
DISTRIBUTION: Tp2Mass
            -name in ljmet trees: Tprime2_ALGO_Mass
            -x-axis label is set to: ;M(T) [GeV])
            -using the binning as: [0.0, 60.0, 120.0, 180.0, 240.0, 300.0, 360.0, 420.0, 480.0, 540.0, 600.0, 660.0, 720.0, 780.0, 840.0, 900.0, 960.0, 1020.0, 1080.0, 1140.0, 1200.0, 1260.0, 1320.0, 1380.0, 1440.0, 1500.0, 1560.0, 1620.0, 1680.0, 1740.0, 1800.0, 1860.0, 1920.0, 1980.0, 2040.0, 2100.0, 2160.0, 2220.0, 2280.0, 2340.0, 2400.0, 2460.0, 2520.0, 2580.0, 2640.0, 2700.0, 2760.0, 2820.0, 2880.0, 2940.0, 3000.0]
/////////////////////////
PROCESSING:  TTM1200TZBW
/////////////////////////
plotTreeName: Tprime2_DeepAK8_Mass
Flavour: M #tag: isV_tZtZ #algo: DeepAK8
Weights: 1 * 1 * 1 * pileupWeight * 1 * lepIdSF * EGammaGsfSF * 1 * (MCWeight_singleLepCalc/abs(MCWeight_singleLepCalc)) * 0.000588139238259
Cuts: (leptonPt_singleLepCalc > 50) && (corr_met_singleLepCalc > 55) && (AK4HT > 480) && (minDR_lepJet > 0.4 || ptRel_lepJet > 40) && (NJetsAK8_JetSubCalc > 2) && (minDR_leadAK8otherAK8 < 3.0) && DataPastTrigger == 1 && isMuon==1
****************************************************************************************************
****************************************************************************************************
DISTRIBUTION: Tp2Mass
            -name in ljmet trees: Tprime2_ALGO_Mass
            -x-axis label is set to: ;M(T) [GeV])
            -using the binning as: [0.0, 60.0, 120.0, 180.0, 240.0, 300.0, 360.0, 420.0, 480.0, 540.0, 600.0, 660.0, 720.0, 780.0, 840.0, 900.0, 960.0, 1020.0, 1080.0, 1140.0, 1200.0, 1260.0, 1320.0, 1380.0, 1440.0, 1500.0, 1560.0, 1620.0, 1680.0, 1740.0, 1800.0, 1860.0, 1920.0, 1980.0, 2040.0, 2100.0, 2160.0, 2220.0, 2280.0, 2340.0, 2400.0, 2460.0, 2520.0, 2580.0, 2640.0, 2700.0, 2760.0, 2820.0, 2880.0, 2940.0, 3000.0]
/////////////////////////
PROCESSING:  TTM1200THBW
/////////////////////////
plotTreeName: Tprime2_DeepAK8_Mass
Flavour: M #tag: isV_tZtZ #algo: DeepAK8
Weights: 1 * 1 * 1 * pileupWeight * 1 * lepIdSF * EGammaGsfSF * 1 * (MCWeight_singleLepCalc/abs(MCWeight_singleLepCalc)) * 0.000588139238259
Cuts: (leptonPt_singleLepCalc > 50) && (corr_met_singleLepCalc > 55) && (AK4HT > 480) && (minDR_lepJet > 0.4 || ptRel_lepJet > 40) && (NJetsAK8_JetSubCalc > 2) && (minDR_leadAK8otherAK8 < 3.0) && DataPastTrigger == 1 && isMuon==1
****************************************************************************************************
****************************************************************************************************
DISTRIBUTION: Tp2Mass
            -name in ljmet trees: Tprime2_ALGO_Mass
            -x-axis label is set to: ;M(T) [GeV])
            -using the binning as: [0.0, 60.0, 120.0, 180.0, 240.0, 300.0, 360.0, 420.0, 480.0, 540.0, 600.0, 660.0, 720.0, 780.0, 840.0, 900.0, 960.0, 1020.0, 1080.0, 1140.0, 1200.0, 1260.0, 1320.0, 1380.0, 1440.0, 1500.0, 1560.0, 1620.0, 1680.0, 1740.0, 1800.0, 1860.0, 1920.0, 1980.0, 2040.0, 2100.0, 2160.0, 2220.0, 2280.0, 2340.0, 2400.0, 2460.0, 2520.0, 2580.0, 2640.0, 2700.0, 2760.0, 2820.0, 2880.0, 2940.0, 3000.0]
/////////////////////////
PROCESSING:  TTM1200TZTH
/////////////////////////
plotTreeName: Tprime2_DeepAK8_Mass
Flavour: M #tag: isV_tZtZ #algo: DeepAK8
Weights: 1 * 1 * 1 * pileupWeight * 1 * lepIdSF * EGammaGsfSF * 1 * (MCWeight_singleLepCalc/abs(MCWeight_singleLepCalc)) * 0.00029406961913
Cuts: (leptonPt_singleLepCalc > 50) && (corr_met_singleLepCalc > 55) && (AK4HT > 480) && (minDR_lepJet > 0.4 || ptRel_lepJet > 40) && (NJetsAK8_JetSubCalc > 2) && (minDR_leadAK8otherAK8 < 3.0) && DataPastTrigger == 1 && isMuon==1
****************************************************************************************************
****************************************************************************************************
DISTRIBUTION: Tp2Mass
            -name in ljmet trees: Tprime2_ALGO_Mass
            -x-axis label is set to: ;M(T) [GeV])
            -using the binning as: [0.0, 60.0, 120.0, 180.0, 240.0, 300.0, 360.0, 420.0, 480.0, 540.0, 600.0, 660.0, 720.0, 780.0, 840.0, 900.0, 960.0, 1020.0, 1080.0, 1140.0, 1200.0, 1260.0, 1320.0, 1380.0, 1440.0, 1500.0, 1560.0, 1620.0, 1680.0, 1740.0, 1800.0, 1860.0, 1920.0, 1980.0, 2040.0, 2100.0, 2160.0, 2220.0, 2280.0, 2340.0, 2400.0, 2460.0, 2520.0, 2580.0, 2640.0, 2700.0, 2760.0, 2820.0, 2880.0, 2940.0, 3000.0]
/////////////////////////
PROCESSING:  TTM1300BWBW
/////////////////////////
plotTreeName: Tprime2_DeepAK8_Mass
Flavour: M #tag: isV_tZtZ #algo: DeepAK8
Weights: 1 * 1 * 1 * pileupWeight * 1 * lepIdSF * EGammaGsfSF * 1 * (MCWeight_singleLepCalc/abs(MCWeight_singleLepCalc)) * 0.00063821114509
Cuts: (leptonPt_singleLepCalc > 50) && (corr_met_singleLepCalc > 55) && (AK4HT > 480) && (minDR_lepJet > 0.4 || ptRel_lepJet > 40) && (NJetsAK8_JetSubCalc > 2) && (minDR_leadAK8otherAK8 < 3.0) && DataPastTrigger == 1 && isMuon==1
****************************************************************************************************
****************************************************************************************************
DISTRIBUTION: Tp2Mass
            -name in ljmet trees: Tprime2_ALGO_Mass
            -x-axis label is set to: ;M(T) [GeV])
            -using the binning as: [0.0, 60.0, 120.0, 180.0, 240.0, 300.0, 360.0, 420.0, 480.0, 540.0, 600.0, 660.0, 720.0, 780.0, 840.0, 900.0, 960.0, 1020.0, 1080.0, 1140.0, 1200.0, 1260.0, 1320.0, 1380.0, 1440.0, 1500.0, 1560.0, 1620.0, 1680.0, 1740.0, 1800.0, 1860.0, 1920.0, 1980.0, 2040.0, 2100.0, 2160.0, 2220.0, 2280.0, 2340.0, 2400.0, 2460.0, 2520.0, 2580.0, 2640.0, 2700.0, 2760.0, 2820.0, 2880.0, 2940.0, 3000.0]
/////////////////////////
PROCESSING:  TTM1300THTH
/////////////////////////
plotTreeName: Tprime2_DeepAK8_Mass
Flavour: M #tag: isV_tZtZ #algo: DeepAK8
Weights: 1 * 1 * 1 * pileupWeight * 1 * lepIdSF * EGammaGsfSF * 1 * (MCWeight_singleLepCalc/abs(MCWeight_singleLepCalc)) * 0.000159552786272
Cuts: (leptonPt_singleLepCalc > 50) && (corr_met_singleLepCalc > 55) && (AK4HT > 480) && (minDR_lepJet > 0.4 || ptRel_lepJet > 40) && (NJetsAK8_JetSubCalc > 2) && (minDR_leadAK8otherAK8 < 3.0) && DataPastTrigger == 1 && isMuon==1
****************************************************************************************************
****************************************************************************************************
DISTRIBUTION: Tp2Mass
            -name in ljmet trees: Tprime2_ALGO_Mass
            -x-axis label is set to: ;M(T) [GeV])
            -using the binning as: [0.0, 60.0, 120.0, 180.0, 240.0, 300.0, 360.0, 420.0, 480.0, 540.0, 600.0, 660.0, 720.0, 780.0, 840.0, 900.0, 960.0, 1020.0, 1080.0, 1140.0, 1200.0, 1260.0, 1320.0, 1380.0, 1440.0, 1500.0, 1560.0, 1620.0, 1680.0, 1740.0, 1800.0, 1860.0, 1920.0, 1980.0, 2040.0, 2100.0, 2160.0, 2220.0, 2280.0, 2340.0, 2400.0, 2460.0, 2520.0, 2580.0, 2640.0, 2700.0, 2760.0, 2820.0, 2880.0, 2940.0, 3000.0]
/////////////////////////
PROCESSING:  TTM1300TZTZ
/////////////////////////
plotTreeName: Tprime2_DeepAK8_Mass
Flavour: M #tag: isV_tZtZ #algo: DeepAK8
Weights: 1 * 1 * 1 * pileupWeight * 1 * lepIdSF * EGammaGsfSF * 1 * (MCWeight_singleLepCalc/abs(MCWeight_singleLepCalc)) * 0.000159552786272
Cuts: (leptonPt_singleLepCalc > 50) && (corr_met_singleLepCalc > 55) && (AK4HT > 480) && (minDR_lepJet > 0.4 || ptRel_lepJet > 40) && (NJetsAK8_JetSubCalc > 2) && (minDR_leadAK8otherAK8 < 3.0) && DataPastTrigger == 1 && isMuon==1
****************************************************************************************************
****************************************************************************************************
DISTRIBUTION: Tp2Mass
            -name in ljmet trees: Tprime2_ALGO_Mass
            -x-axis label is set to: ;M(T) [GeV])
            -using the binning as: [0.0, 60.0, 120.0, 180.0, 240.0, 300.0, 360.0, 420.0, 480.0, 540.0, 600.0, 660.0, 720.0, 780.0, 840.0, 900.0, 960.0, 1020.0, 1080.0, 1140.0, 1200.0, 1260.0, 1320.0, 1380.0, 1440.0, 1500.0, 1560.0, 1620.0, 1680.0, 1740.0, 1800.0, 1860.0, 1920.0, 1980.0, 2040.0, 2100.0, 2160.0, 2220.0, 2280.0, 2340.0, 2400.0, 2460.0, 2520.0, 2580.0, 2640.0, 2700.0, 2760.0, 2820.0, 2880.0, 2940.0, 3000.0]
/////////////////////////
PROCESSING:  TTM1300TZBW
/////////////////////////
plotTreeName: Tprime2_DeepAK8_Mass
Flavour: M #tag: isV_tZtZ #algo: DeepAK8
Weights: 1 * 1 * 1 * pileupWeight * 1 * lepIdSF * EGammaGsfSF * 1 * (MCWeight_singleLepCalc/abs(MCWeight_singleLepCalc)) * 0.000319105572545
Cuts: (leptonPt_singleLepCalc > 50) && (corr_met_singleLepCalc > 55) && (AK4HT > 480) && (minDR_lepJet > 0.4 || ptRel_lepJet > 40) && (NJetsAK8_JetSubCalc > 2) && (minDR_leadAK8otherAK8 < 3.0) && DataPastTrigger == 1 && isMuon==1
****************************************************************************************************
****************************************************************************************************
DISTRIBUTION: Tp2Mass
            -name in ljmet trees: Tprime2_ALGO_Mass
            -x-axis label is set to: ;M(T) [GeV])
            -using the binning as: [0.0, 60.0, 120.0, 180.0, 240.0, 300.0, 360.0, 420.0, 480.0, 540.0, 600.0, 660.0, 720.0, 780.0, 840.0, 900.0, 960.0, 1020.0, 1080.0, 1140.0, 1200.0, 1260.0, 1320.0, 1380.0, 1440.0, 1500.0, 1560.0, 1620.0, 1680.0, 1740.0, 1800.0, 1860.0, 1920.0, 1980.0, 2040.0, 2100.0, 2160.0, 2220.0, 2280.0, 2340.0, 2400.0, 2460.0, 2520.0, 2580.0, 2640.0, 2700.0, 2760.0, 2820.0, 2880.0, 2940.0, 3000.0]
/////////////////////////
PROCESSING:  TTM1300THBW
/////////////////////////
plotTreeName: Tprime2_DeepAK8_Mass
Flavour: M #tag: isV_tZtZ #algo: DeepAK8
Weights: 1 * 1 * 1 * pileupWeight * 1 * lepIdSF * EGammaGsfSF * 1 * (MCWeight_singleLepCalc/abs(MCWeight_singleLepCalc)) * 0.000319105572545
Cuts: (leptonPt_singleLepCalc > 50) && (corr_met_singleLepCalc > 55) && (AK4HT > 480) && (minDR_lepJet > 0.4 || ptRel_lepJet > 40) && (NJetsAK8_JetSubCalc > 2) && (minDR_leadAK8otherAK8 < 3.0) && DataPastTrigger == 1 && isMuon==1
****************************************************************************************************
****************************************************************************************************
DISTRIBUTION: Tp2Mass
            -name in ljmet trees: Tprime2_ALGO_Mass
            -x-axis label is set to: ;M(T) [GeV])
            -using the binning as: [0.0, 60.0, 120.0, 180.0, 240.0, 300.0, 360.0, 420.0, 480.0, 540.0, 600.0, 660.0, 720.0, 780.0, 840.0, 900.0, 960.0, 1020.0, 1080.0, 1140.0, 1200.0, 1260.0, 1320.0, 1380.0, 1440.0, 1500.0, 1560.0, 1620.0, 1680.0, 1740.0, 1800.0, 1860.0, 1920.0, 1980.0, 2040.0, 2100.0, 2160.0, 2220.0, 2280.0, 2340.0, 2400.0, 2460.0, 2520.0, 2580.0, 2640.0, 2700.0, 2760.0, 2820.0, 2880.0, 2940.0, 3000.0]
/////////////////////////
PROCESSING:  TTM1300TZTH
/////////////////////////
plotTreeName: Tprime2_DeepAK8_Mass
Flavour: M #tag: isV_tZtZ #algo: DeepAK8
Weights: 1 * 1 * 1 * pileupWeight * 1 * lepIdSF * EGammaGsfSF * 1 * (MCWeight_singleLepCalc/abs(MCWeight_singleLepCalc)) * 0.000159552786272
Cuts: (leptonPt_singleLepCalc > 50) && (corr_met_singleLepCalc > 55) && (AK4HT > 480) && (minDR_lepJet > 0.4 || ptRel_lepJet > 40) && (NJetsAK8_JetSubCalc > 2) && (minDR_leadAK8otherAK8 < 3.0) && DataPastTrigger == 1 && isMuon==1
****************************************************************************************************
****************************************************************************************************
DISTRIBUTION: Tp2Mass
            -name in ljmet trees: Tprime2_ALGO_Mass
            -x-axis label is set to: ;M(T) [GeV])
            -using the binning as: [0.0, 60.0, 120.0, 180.0, 240.0, 300.0, 360.0, 420.0, 480.0, 540.0, 600.0, 660.0, 720.0, 780.0, 840.0, 900.0, 960.0, 1020.0, 1080.0, 1140.0, 1200.0, 1260.0, 1320.0, 1380.0, 1440.0, 1500.0, 1560.0, 1620.0, 1680.0, 1740.0, 1800.0, 1860.0, 1920.0, 1980.0, 2040.0, 2100.0, 2160.0, 2220.0, 2280.0, 2340.0, 2400.0, 2460.0, 2520.0, 2580.0, 2640.0, 2700.0, 2760.0, 2820.0, 2880.0, 2940.0, 3000.0]
/////////////////////////
PROCESSING:  TTM1400BWBW
/////////////////////////
plotTreeName: Tprime2_DeepAK8_Mass
Flavour: M #tag: isV_tZtZ #algo: DeepAK8
Weights: 1 * 1 * 1 * pileupWeight * 1 * lepIdSF * EGammaGsfSF * 1 * (MCWeight_singleLepCalc/abs(MCWeight_singleLepCalc)) * 0.000352883542956
Cuts: (leptonPt_singleLepCalc > 50) && (corr_met_singleLepCalc > 55) && (AK4HT > 480) && (minDR_lepJet > 0.4 || ptRel_lepJet > 40) && (NJetsAK8_JetSubCalc > 2) && (minDR_leadAK8otherAK8 < 3.0) && DataPastTrigger == 1 && isMuon==1
****************************************************************************************************
****************************************************************************************************
DISTRIBUTION: Tp2Mass
            -name in ljmet trees: Tprime2_ALGO_Mass
            -x-axis label is set to: ;M(T) [GeV])
            -using the binning as: [0.0, 60.0, 120.0, 180.0, 240.0, 300.0, 360.0, 420.0, 480.0, 540.0, 600.0, 660.0, 720.0, 780.0, 840.0, 900.0, 960.0, 1020.0, 1080.0, 1140.0, 1200.0, 1260.0, 1320.0, 1380.0, 1440.0, 1500.0, 1560.0, 1620.0, 1680.0, 1740.0, 1800.0, 1860.0, 1920.0, 1980.0, 2040.0, 2100.0, 2160.0, 2220.0, 2280.0, 2340.0, 2400.0, 2460.0, 2520.0, 2580.0, 2640.0, 2700.0, 2760.0, 2820.0, 2880.0, 2940.0, 3000.0]
/////////////////////////
PROCESSING:  TTM1400THTH
/////////////////////////
plotTreeName: Tprime2_DeepAK8_Mass
Flavour: M #tag: isV_tZtZ #algo: DeepAK8
Weights: 1 * 1 * 1 * pileupWeight * 1 * lepIdSF * EGammaGsfSF * 1 * (MCWeight_singleLepCalc/abs(MCWeight_singleLepCalc)) * 8.82208857389e-05
Cuts: (leptonPt_singleLepCalc > 50) && (corr_met_singleLepCalc > 55) && (AK4HT > 480) && (minDR_lepJet > 0.4 || ptRel_lepJet > 40) && (NJetsAK8_JetSubCalc > 2) && (minDR_leadAK8otherAK8 < 3.0) && DataPastTrigger == 1 && isMuon==1
****************************************************************************************************
****************************************************************************************************
DISTRIBUTION: Tp2Mass
            -name in ljmet trees: Tprime2_ALGO_Mass
            -x-axis label is set to: ;M(T) [GeV])
            -using the binning as: [0.0, 60.0, 120.0, 180.0, 240.0, 300.0, 360.0, 420.0, 480.0, 540.0, 600.0, 660.0, 720.0, 780.0, 840.0, 900.0, 960.0, 1020.0, 1080.0, 1140.0, 1200.0, 1260.0, 1320.0, 1380.0, 1440.0, 1500.0, 1560.0, 1620.0, 1680.0, 1740.0, 1800.0, 1860.0, 1920.0, 1980.0, 2040.0, 2100.0, 2160.0, 2220.0, 2280.0, 2340.0, 2400.0, 2460.0, 2520.0, 2580.0, 2640.0, 2700.0, 2760.0, 2820.0, 2880.0, 2940.0, 3000.0]
/////////////////////////
PROCESSING:  TTM1400TZTZ
/////////////////////////
plotTreeName: Tprime2_DeepAK8_Mass
Flavour: M #tag: isV_tZtZ #algo: DeepAK8
Weights: 1 * 1 * 1 * pileupWeight * 1 * lepIdSF * EGammaGsfSF * 1 * (MCWeight_singleLepCalc/abs(MCWeight_singleLepCalc)) * 8.82208857389e-05
Cuts: (leptonPt_singleLepCalc > 50) && (corr_met_singleLepCalc > 55) && (AK4HT > 480) && (minDR_lepJet > 0.4 || ptRel_lepJet > 40) && (NJetsAK8_JetSubCalc > 2) && (minDR_leadAK8otherAK8 < 3.0) && DataPastTrigger == 1 && isMuon==1
****************************************************************************************************
****************************************************************************************************
DISTRIBUTION: Tp2Mass
            -name in ljmet trees: Tprime2_ALGO_Mass
            -x-axis label is set to: ;M(T) [GeV])
            -using the binning as: [0.0, 60.0, 120.0, 180.0, 240.0, 300.0, 360.0, 420.0, 480.0, 540.0, 600.0, 660.0, 720.0, 780.0, 840.0, 900.0, 960.0, 1020.0, 1080.0, 1140.0, 1200.0, 1260.0, 1320.0, 1380.0, 1440.0, 1500.0, 1560.0, 1620.0, 1680.0, 1740.0, 1800.0, 1860.0, 1920.0, 1980.0, 2040.0, 2100.0, 2160.0, 2220.0, 2280.0, 2340.0, 2400.0, 2460.0, 2520.0, 2580.0, 2640.0, 2700.0, 2760.0, 2820.0, 2880.0, 2940.0, 3000.0]
/////////////////////////
PROCESSING:  TTM1400TZBW
/////////////////////////
plotTreeName: Tprime2_DeepAK8_Mass
Flavour: M #tag: isV_tZtZ #algo: DeepAK8
Weights: 1 * 1 * 1 * pileupWeight * 1 * lepIdSF * EGammaGsfSF * 1 * (MCWeight_singleLepCalc/abs(MCWeight_singleLepCalc)) * 0.000176441771478
Cuts: (leptonPt_singleLepCalc > 50) && (corr_met_singleLepCalc > 55) && (AK4HT > 480) && (minDR_lepJet > 0.4 || ptRel_lepJet > 40) && (NJetsAK8_JetSubCalc > 2) && (minDR_leadAK8otherAK8 < 3.0) && DataPastTrigger == 1 && isMuon==1
****************************************************************************************************
****************************************************************************************************
DISTRIBUTION: Tp2Mass
            -name in ljmet trees: Tprime2_ALGO_Mass
            -x-axis label is set to: ;M(T) [GeV])
            -using the binning as: [0.0, 60.0, 120.0, 180.0, 240.0, 300.0, 360.0, 420.0, 480.0, 540.0, 600.0, 660.0, 720.0, 780.0, 840.0, 900.0, 960.0, 1020.0, 1080.0, 1140.0, 1200.0, 1260.0, 1320.0, 1380.0, 1440.0, 1500.0, 1560.0, 1620.0, 1680.0, 1740.0, 1800.0, 1860.0, 1920.0, 1980.0, 2040.0, 2100.0, 2160.0, 2220.0, 2280.0, 2340.0, 2400.0, 2460.0, 2520.0, 2580.0, 2640.0, 2700.0, 2760.0, 2820.0, 2880.0, 2940.0, 3000.0]
/////////////////////////
PROCESSING:  TTM1400THBW
/////////////////////////
plotTreeName: Tprime2_DeepAK8_Mass
Flavour: M #tag: isV_tZtZ #algo: DeepAK8
Weights: 1 * 1 * 1 * pileupWeight * 1 * lepIdSF * EGammaGsfSF * 1 * (MCWeight_singleLepCalc/abs(MCWeight_singleLepCalc)) * 0.000176441771478
Cuts: (leptonPt_singleLepCalc > 50) && (corr_met_singleLepCalc > 55) && (AK4HT > 480) && (minDR_lepJet > 0.4 || ptRel_lepJet > 40) && (NJetsAK8_JetSubCalc > 2) && (minDR_leadAK8otherAK8 < 3.0) && DataPastTrigger == 1 && isMuon==1
****************************************************************************************************
****************************************************************************************************
DISTRIBUTION: Tp2Mass
            -name in ljmet trees: Tprime2_ALGO_Mass
            -x-axis label is set to: ;M(T) [GeV])
            -using the binning as: [0.0, 60.0, 120.0, 180.0, 240.0, 300.0, 360.0, 420.0, 480.0, 540.0, 600.0, 660.0, 720.0, 780.0, 840.0, 900.0, 960.0, 1020.0, 1080.0, 1140.0, 1200.0, 1260.0, 1320.0, 1380.0, 1440.0, 1500.0, 1560.0, 1620.0, 1680.0, 1740.0, 1800.0, 1860.0, 1920.0, 1980.0, 2040.0, 2100.0, 2160.0, 2220.0, 2280.0, 2340.0, 2400.0, 2460.0, 2520.0, 2580.0, 2640.0, 2700.0, 2760.0, 2820.0, 2880.0, 2940.0, 3000.0]
/////////////////////////
PROCESSING:  TTM1400TZTH
/////////////////////////
plotTreeName: Tprime2_DeepAK8_Mass
Flavour: M #tag: isV_tZtZ #algo: DeepAK8
Weights: 1 * 1 * 1 * pileupWeight * 1 * lepIdSF * EGammaGsfSF * 1 * (MCWeight_singleLepCalc/abs(MCWeight_singleLepCalc)) * 8.82208857389e-05
Cuts: (leptonPt_singleLepCalc > 50) && (corr_met_singleLepCalc > 55) && (AK4HT > 480) && (minDR_lepJet > 0.4 || ptRel_lepJet > 40) && (NJetsAK8_JetSubCalc > 2) && (minDR_leadAK8otherAK8 < 3.0) && DataPastTrigger == 1 && isMuon==1
****************************************************************************************************
****************************************************************************************************
DISTRIBUTION: Tp2Mass
            -name in ljmet trees: Tprime2_ALGO_Mass
            -x-axis label is set to: ;M(T) [GeV])
            -using the binning as: [0.0, 60.0, 120.0, 180.0, 240.0, 300.0, 360.0, 420.0, 480.0, 540.0, 600.0, 660.0, 720.0, 780.0, 840.0, 900.0, 960.0, 1020.0, 1080.0, 1140.0, 1200.0, 1260.0, 1320.0, 1380.0, 1440.0, 1500.0, 1560.0, 1620.0, 1680.0, 1740.0, 1800.0, 1860.0, 1920.0, 1980.0, 2040.0, 2100.0, 2160.0, 2220.0, 2280.0, 2340.0, 2400.0, 2460.0, 2520.0, 2580.0, 2640.0, 2700.0, 2760.0, 2820.0, 2880.0, 2940.0, 3000.0]
/////////////////////////
PROCESSING:  TTM1500BWBW
/////////////////////////
plotTreeName: Tprime2_DeepAK8_Mass
Flavour: M #tag: isV_tZtZ #algo: DeepAK8
Weights: 1 * 1 * 1 * pileupWeight * 1 * lepIdSF * EGammaGsfSF * 1 * (MCWeight_singleLepCalc/abs(MCWeight_singleLepCalc)) * 0.00019932135405
Cuts: (leptonPt_singleLepCalc > 50) && (corr_met_singleLepCalc > 55) && (AK4HT > 480) && (minDR_lepJet > 0.4 || ptRel_lepJet > 40) && (NJetsAK8_JetSubCalc > 2) && (minDR_leadAK8otherAK8 < 3.0) && DataPastTrigger == 1 && isMuon==1
****************************************************************************************************
****************************************************************************************************
DISTRIBUTION: Tp2Mass
            -name in ljmet trees: Tprime2_ALGO_Mass
            -x-axis label is set to: ;M(T) [GeV])
            -using the binning as: [0.0, 60.0, 120.0, 180.0, 240.0, 300.0, 360.0, 420.0, 480.0, 540.0, 600.0, 660.0, 720.0, 780.0, 840.0, 900.0, 960.0, 1020.0, 1080.0, 1140.0, 1200.0, 1260.0, 1320.0, 1380.0, 1440.0, 1500.0, 1560.0, 1620.0, 1680.0, 1740.0, 1800.0, 1860.0, 1920.0, 1980.0, 2040.0, 2100.0, 2160.0, 2220.0, 2280.0, 2340.0, 2400.0, 2460.0, 2520.0, 2580.0, 2640.0, 2700.0, 2760.0, 2820.0, 2880.0, 2940.0, 3000.0]
/////////////////////////
PROCESSING:  TTM1500THTH
/////////////////////////
plotTreeName: Tprime2_DeepAK8_Mass
Flavour: M #tag: isV_tZtZ #algo: DeepAK8
Weights: 1 * 1 * 1 * pileupWeight * 1 * lepIdSF * EGammaGsfSF * 1 * (MCWeight_singleLepCalc/abs(MCWeight_singleLepCalc)) * 4.98303385124e-05
Cuts: (leptonPt_singleLepCalc > 50) && (corr_met_singleLepCalc > 55) && (AK4HT > 480) && (minDR_lepJet > 0.4 || ptRel_lepJet > 40) && (NJetsAK8_JetSubCalc > 2) && (minDR_leadAK8otherAK8 < 3.0) && DataPastTrigger == 1 && isMuon==1
****************************************************************************************************
****************************************************************************************************
DISTRIBUTION: Tp2Mass
            -name in ljmet trees: Tprime2_ALGO_Mass
            -x-axis label is set to: ;M(T) [GeV])
            -using the binning as: [0.0, 60.0, 120.0, 180.0, 240.0, 300.0, 360.0, 420.0, 480.0, 540.0, 600.0, 660.0, 720.0, 780.0, 840.0, 900.0, 960.0, 1020.0, 1080.0, 1140.0, 1200.0, 1260.0, 1320.0, 1380.0, 1440.0, 1500.0, 1560.0, 1620.0, 1680.0, 1740.0, 1800.0, 1860.0, 1920.0, 1980.0, 2040.0, 2100.0, 2160.0, 2220.0, 2280.0, 2340.0, 2400.0, 2460.0, 2520.0, 2580.0, 2640.0, 2700.0, 2760.0, 2820.0, 2880.0, 2940.0, 3000.0]
/////////////////////////
PROCESSING:  TTM1500TZTZ
/////////////////////////
plotTreeName: Tprime2_DeepAK8_Mass
Flavour: M #tag: isV_tZtZ #algo: DeepAK8
Weights: 1 * 1 * 1 * pileupWeight * 1 * lepIdSF * EGammaGsfSF * 1 * (MCWeight_singleLepCalc/abs(MCWeight_singleLepCalc)) * 4.98303385124e-05
Cuts: (leptonPt_singleLepCalc > 50) && (corr_met_singleLepCalc > 55) && (AK4HT > 480) && (minDR_lepJet > 0.4 || ptRel_lepJet > 40) && (NJetsAK8_JetSubCalc > 2) && (minDR_leadAK8otherAK8 < 3.0) && DataPastTrigger == 1 && isMuon==1
****************************************************************************************************
****************************************************************************************************
DISTRIBUTION: Tp2Mass
            -name in ljmet trees: Tprime2_ALGO_Mass
            -x-axis label is set to: ;M(T) [GeV])
            -using the binning as: [0.0, 60.0, 120.0, 180.0, 240.0, 300.0, 360.0, 420.0, 480.0, 540.0, 600.0, 660.0, 720.0, 780.0, 840.0, 900.0, 960.0, 1020.0, 1080.0, 1140.0, 1200.0, 1260.0, 1320.0, 1380.0, 1440.0, 1500.0, 1560.0, 1620.0, 1680.0, 1740.0, 1800.0, 1860.0, 1920.0, 1980.0, 2040.0, 2100.0, 2160.0, 2220.0, 2280.0, 2340.0, 2400.0, 2460.0, 2520.0, 2580.0, 2640.0, 2700.0, 2760.0, 2820.0, 2880.0, 2940.0, 3000.0]
/////////////////////////
PROCESSING:  TTM1500TZBW
/////////////////////////
plotTreeName: Tprime2_DeepAK8_Mass
Flavour: M #tag: isV_tZtZ #algo: DeepAK8
Weights: 1 * 1 * 1 * pileupWeight * 1 * lepIdSF * EGammaGsfSF * 1 * (MCWeight_singleLepCalc/abs(MCWeight_singleLepCalc)) * 9.96606770248e-05
Cuts: (leptonPt_singleLepCalc > 50) && (corr_met_singleLepCalc > 55) && (AK4HT > 480) && (minDR_lepJet > 0.4 || ptRel_lepJet > 40) && (NJetsAK8_JetSubCalc > 2) && (minDR_leadAK8otherAK8 < 3.0) && DataPastTrigger == 1 && isMuon==1
****************************************************************************************************
****************************************************************************************************
DISTRIBUTION: Tp2Mass
            -name in ljmet trees: Tprime2_ALGO_Mass
            -x-axis label is set to: ;M(T) [GeV])
            -using the binning as: [0.0, 60.0, 120.0, 180.0, 240.0, 300.0, 360.0, 420.0, 480.0, 540.0, 600.0, 660.0, 720.0, 780.0, 840.0, 900.0, 960.0, 1020.0, 1080.0, 1140.0, 1200.0, 1260.0, 1320.0, 1380.0, 1440.0, 1500.0, 1560.0, 1620.0, 1680.0, 1740.0, 1800.0, 1860.0, 1920.0, 1980.0, 2040.0, 2100.0, 2160.0, 2220.0, 2280.0, 2340.0, 2400.0, 2460.0, 2520.0, 2580.0, 2640.0, 2700.0, 2760.0, 2820.0, 2880.0, 2940.0, 3000.0]
/////////////////////////
PROCESSING:  TTM1500THBW
/////////////////////////
plotTreeName: Tprime2_DeepAK8_Mass
Flavour: M #tag: isV_tZtZ #algo: DeepAK8
Weights: 1 * 1 * 1 * pileupWeight * 1 * lepIdSF * EGammaGsfSF * 1 * (MCWeight_singleLepCalc/abs(MCWeight_singleLepCalc)) * 9.96606770248e-05
Cuts: (leptonPt_singleLepCalc > 50) && (corr_met_singleLepCalc > 55) && (AK4HT > 480) && (minDR_lepJet > 0.4 || ptRel_lepJet > 40) && (NJetsAK8_JetSubCalc > 2) && (minDR_leadAK8otherAK8 < 3.0) && DataPastTrigger == 1 && isMuon==1
****************************************************************************************************
****************************************************************************************************
DISTRIBUTION: Tp2Mass
            -name in ljmet trees: Tprime2_ALGO_Mass
            -x-axis label is set to: ;M(T) [GeV])
            -using the binning as: [0.0, 60.0, 120.0, 180.0, 240.0, 300.0, 360.0, 420.0, 480.0, 540.0, 600.0, 660.0, 720.0, 780.0, 840.0, 900.0, 960.0, 1020.0, 1080.0, 1140.0, 1200.0, 1260.0, 1320.0, 1380.0, 1440.0, 1500.0, 1560.0, 1620.0, 1680.0, 1740.0, 1800.0, 1860.0, 1920.0, 1980.0, 2040.0, 2100.0, 2160.0, 2220.0, 2280.0, 2340.0, 2400.0, 2460.0, 2520.0, 2580.0, 2640.0, 2700.0, 2760.0, 2820.0, 2880.0, 2940.0, 3000.0]
/////////////////////////
PROCESSING:  TTM1500TZTH
/////////////////////////
plotTreeName: Tprime2_DeepAK8_Mass
Flavour: M #tag: isV_tZtZ #algo: DeepAK8
Weights: 1 * 1 * 1 * pileupWeight * 1 * lepIdSF * EGammaGsfSF * 1 * (MCWeight_singleLepCalc/abs(MCWeight_singleLepCalc)) * 4.98303385124e-05
Cuts: (leptonPt_singleLepCalc > 50) && (corr_met_singleLepCalc > 55) && (AK4HT > 480) && (minDR_lepJet > 0.4 || ptRel_lepJet > 40) && (NJetsAK8_JetSubCalc > 2) && (minDR_leadAK8otherAK8 < 3.0) && DataPastTrigger == 1 && isMuon==1
****************************************************************************************************
****************************************************************************************************
DISTRIBUTION: Tp2Mass
            -name in ljmet trees: Tprime2_ALGO_Mass
            -x-axis label is set to: ;M(T) [GeV])
            -using the binning as: [0.0, 60.0, 120.0, 180.0, 240.0, 300.0, 360.0, 420.0, 480.0, 540.0, 600.0, 660.0, 720.0, 780.0, 840.0, 900.0, 960.0, 1020.0, 1080.0, 1140.0, 1200.0, 1260.0, 1320.0, 1380.0, 1440.0, 1500.0, 1560.0, 1620.0, 1680.0, 1740.0, 1800.0, 1860.0, 1920.0, 1980.0, 2040.0, 2100.0, 2160.0, 2220.0, 2280.0, 2340.0, 2400.0, 2460.0, 2520.0, 2580.0, 2640.0, 2700.0, 2760.0, 2820.0, 2880.0, 2940.0, 3000.0]
/////////////////////////
PROCESSING:  TTM1600BWBW
/////////////////////////
plotTreeName: Tprime2_DeepAK8_Mass
Flavour: M #tag: isV_tZtZ #algo: DeepAK8
Weights: 1 * 1 * 1 * pileupWeight * 1 * lepIdSF * EGammaGsfSF * 1 * (MCWeight_singleLepCalc/abs(MCWeight_singleLepCalc)) * 0.000114437939919
Cuts: (leptonPt_singleLepCalc > 50) && (corr_met_singleLepCalc > 55) && (AK4HT > 480) && (minDR_lepJet > 0.4 || ptRel_lepJet > 40) && (NJetsAK8_JetSubCalc > 2) && (minDR_leadAK8otherAK8 < 3.0) && DataPastTrigger == 1 && isMuon==1
****************************************************************************************************
****************************************************************************************************
DISTRIBUTION: Tp2Mass
            -name in ljmet trees: Tprime2_ALGO_Mass
            -x-axis label is set to: ;M(T) [GeV])
            -using the binning as: [0.0, 60.0, 120.0, 180.0, 240.0, 300.0, 360.0, 420.0, 480.0, 540.0, 600.0, 660.0, 720.0, 780.0, 840.0, 900.0, 960.0, 1020.0, 1080.0, 1140.0, 1200.0, 1260.0, 1320.0, 1380.0, 1440.0, 1500.0, 1560.0, 1620.0, 1680.0, 1740.0, 1800.0, 1860.0, 1920.0, 1980.0, 2040.0, 2100.0, 2160.0, 2220.0, 2280.0, 2340.0, 2400.0, 2460.0, 2520.0, 2580.0, 2640.0, 2700.0, 2760.0, 2820.0, 2880.0, 2940.0, 3000.0]
/////////////////////////
PROCESSING:  TTM1600THTH
/////////////////////////
plotTreeName: Tprime2_DeepAK8_Mass
Flavour: M #tag: isV_tZtZ #algo: DeepAK8
Weights: 1 * 1 * 1 * pileupWeight * 1 * lepIdSF * EGammaGsfSF * 1 * (MCWeight_singleLepCalc/abs(MCWeight_singleLepCalc)) * 2.86094849797e-05
Cuts: (leptonPt_singleLepCalc > 50) && (corr_met_singleLepCalc > 55) && (AK4HT > 480) && (minDR_lepJet > 0.4 || ptRel_lepJet > 40) && (NJetsAK8_JetSubCalc > 2) && (minDR_leadAK8otherAK8 < 3.0) && DataPastTrigger == 1 && isMuon==1
****************************************************************************************************
****************************************************************************************************
DISTRIBUTION: Tp2Mass
            -name in ljmet trees: Tprime2_ALGO_Mass
            -x-axis label is set to: ;M(T) [GeV])
            -using the binning as: [0.0, 60.0, 120.0, 180.0, 240.0, 300.0, 360.0, 420.0, 480.0, 540.0, 600.0, 660.0, 720.0, 780.0, 840.0, 900.0, 960.0, 1020.0, 1080.0, 1140.0, 1200.0, 1260.0, 1320.0, 1380.0, 1440.0, 1500.0, 1560.0, 1620.0, 1680.0, 1740.0, 1800.0, 1860.0, 1920.0, 1980.0, 2040.0, 2100.0, 2160.0, 2220.0, 2280.0, 2340.0, 2400.0, 2460.0, 2520.0, 2580.0, 2640.0, 2700.0, 2760.0, 2820.0, 2880.0, 2940.0, 3000.0]
/////////////////////////
PROCESSING:  TTM1600TZTZ
/////////////////////////
plotTreeName: Tprime2_DeepAK8_Mass
Flavour: M #tag: isV_tZtZ #algo: DeepAK8
Weights: 1 * 1 * 1 * pileupWeight * 1 * lepIdSF * EGammaGsfSF * 1 * (MCWeight_singleLepCalc/abs(MCWeight_singleLepCalc)) * 2.86094849797e-05
Cuts: (leptonPt_singleLepCalc > 50) && (corr_met_singleLepCalc > 55) && (AK4HT > 480) && (minDR_lepJet > 0.4 || ptRel_lepJet > 40) && (NJetsAK8_JetSubCalc > 2) && (minDR_leadAK8otherAK8 < 3.0) && DataPastTrigger == 1 && isMuon==1
****************************************************************************************************
****************************************************************************************************
DISTRIBUTION: Tp2Mass
            -name in ljmet trees: Tprime2_ALGO_Mass
            -x-axis label is set to: ;M(T) [GeV])
            -using the binning as: [0.0, 60.0, 120.0, 180.0, 240.0, 300.0, 360.0, 420.0, 480.0, 540.0, 600.0, 660.0, 720.0, 780.0, 840.0, 900.0, 960.0, 1020.0, 1080.0, 1140.0, 1200.0, 1260.0, 1320.0, 1380.0, 1440.0, 1500.0, 1560.0, 1620.0, 1680.0, 1740.0, 1800.0, 1860.0, 1920.0, 1980.0, 2040.0, 2100.0, 2160.0, 2220.0, 2280.0, 2340.0, 2400.0, 2460.0, 2520.0, 2580.0, 2640.0, 2700.0, 2760.0, 2820.0, 2880.0, 2940.0, 3000.0]
/////////////////////////
PROCESSING:  TTM1600TZBW
/////////////////////////
plotTreeName: Tprime2_DeepAK8_Mass
Flavour: M #tag: isV_tZtZ #algo: DeepAK8
Weights: 1 * 1 * 1 * pileupWeight * 1 * lepIdSF * EGammaGsfSF * 1 * (MCWeight_singleLepCalc/abs(MCWeight_singleLepCalc)) * 5.72189699595e-05
Cuts: (leptonPt_singleLepCalc > 50) && (corr_met_singleLepCalc > 55) && (AK4HT > 480) && (minDR_lepJet > 0.4 || ptRel_lepJet > 40) && (NJetsAK8_JetSubCalc > 2) && (minDR_leadAK8otherAK8 < 3.0) && DataPastTrigger == 1 && isMuon==1
****************************************************************************************************
****************************************************************************************************
DISTRIBUTION: Tp2Mass
            -name in ljmet trees: Tprime2_ALGO_Mass
            -x-axis label is set to: ;M(T) [GeV])
            -using the binning as: [0.0, 60.0, 120.0, 180.0, 240.0, 300.0, 360.0, 420.0, 480.0, 540.0, 600.0, 660.0, 720.0, 780.0, 840.0, 900.0, 960.0, 1020.0, 1080.0, 1140.0, 1200.0, 1260.0, 1320.0, 1380.0, 1440.0, 1500.0, 1560.0, 1620.0, 1680.0, 1740.0, 1800.0, 1860.0, 1920.0, 1980.0, 2040.0, 2100.0, 2160.0, 2220.0, 2280.0, 2340.0, 2400.0, 2460.0, 2520.0, 2580.0, 2640.0, 2700.0, 2760.0, 2820.0, 2880.0, 2940.0, 3000.0]
/////////////////////////
PROCESSING:  TTM1600THBW
/////////////////////////
plotTreeName: Tprime2_DeepAK8_Mass
Flavour: M #tag: isV_tZtZ #algo: DeepAK8
Weights: 1 * 1 * 1 * pileupWeight * 1 * lepIdSF * EGammaGsfSF * 1 * (MCWeight_singleLepCalc/abs(MCWeight_singleLepCalc)) * 5.72189699595e-05
Cuts: (leptonPt_singleLepCalc > 50) && (corr_met_singleLepCalc > 55) && (AK4HT > 480) && (minDR_lepJet > 0.4 || ptRel_lepJet > 40) && (NJetsAK8_JetSubCalc > 2) && (minDR_leadAK8otherAK8 < 3.0) && DataPastTrigger == 1 && isMuon==1
****************************************************************************************************
****************************************************************************************************
DISTRIBUTION: Tp2Mass
            -name in ljmet trees: Tprime2_ALGO_Mass
            -x-axis label is set to: ;M(T) [GeV])
            -using the binning as: [0.0, 60.0, 120.0, 180.0, 240.0, 300.0, 360.0, 420.0, 480.0, 540.0, 600.0, 660.0, 720.0, 780.0, 840.0, 900.0, 960.0, 1020.0, 1080.0, 1140.0, 1200.0, 1260.0, 1320.0, 1380.0, 1440.0, 1500.0, 1560.0, 1620.0, 1680.0, 1740.0, 1800.0, 1860.0, 1920.0, 1980.0, 2040.0, 2100.0, 2160.0, 2220.0, 2280.0, 2340.0, 2400.0, 2460.0, 2520.0, 2580.0, 2640.0, 2700.0, 2760.0, 2820.0, 2880.0, 2940.0, 3000.0]
/////////////////////////
PROCESSING:  TTM1600TZTH
/////////////////////////
plotTreeName: Tprime2_DeepAK8_Mass
Flavour: M #tag: isV_tZtZ #algo: DeepAK8
Weights: 1 * 1 * 1 * pileupWeight * 1 * lepIdSF * EGammaGsfSF * 1 * (MCWeight_singleLepCalc/abs(MCWeight_singleLepCalc)) * 2.86094849797e-05
Cuts: (leptonPt_singleLepCalc > 50) && (corr_met_singleLepCalc > 55) && (AK4HT > 480) && (minDR_lepJet > 0.4 || ptRel_lepJet > 40) && (NJetsAK8_JetSubCalc > 2) && (minDR_leadAK8otherAK8 < 3.0) && DataPastTrigger == 1 && isMuon==1
****************************************************************************************************
****************************************************************************************************
DISTRIBUTION: Tp2Mass
            -name in ljmet trees: Tprime2_ALGO_Mass
            -x-axis label is set to: ;M(T) [GeV])
            -using the binning as: [0.0, 60.0, 120.0, 180.0, 240.0, 300.0, 360.0, 420.0, 480.0, 540.0, 600.0, 660.0, 720.0, 780.0, 840.0, 900.0, 960.0, 1020.0, 1080.0, 1140.0, 1200.0, 1260.0, 1320.0, 1380.0, 1440.0, 1500.0, 1560.0, 1620.0, 1680.0, 1740.0, 1800.0, 1860.0, 1920.0, 1980.0, 2040.0, 2100.0, 2160.0, 2220.0, 2280.0, 2340.0, 2400.0, 2460.0, 2520.0, 2580.0, 2640.0, 2700.0, 2760.0, 2820.0, 2880.0, 2940.0, 3000.0]
/////////////////////////
PROCESSING:  TTM1700BWBW
/////////////////////////
plotTreeName: Tprime2_DeepAK8_Mass
Flavour: M #tag: isV_tZtZ #algo: DeepAK8
Weights: 1 * 1 * 1 * pileupWeight * 1 * lepIdSF * EGammaGsfSF * 1 * (MCWeight_singleLepCalc/abs(MCWeight_singleLepCalc)) * 6.93554282011e-05
Cuts: (leptonPt_singleLepCalc > 50) && (corr_met_singleLepCalc > 55) && (AK4HT > 480) && (minDR_lepJet > 0.4 || ptRel_lepJet > 40) && (NJetsAK8_JetSubCalc > 2) && (minDR_leadAK8otherAK8 < 3.0) && DataPastTrigger == 1 && isMuon==1
****************************************************************************************************
****************************************************************************************************
DISTRIBUTION: Tp2Mass
            -name in ljmet trees: Tprime2_ALGO_Mass
            -x-axis label is set to: ;M(T) [GeV])
            -using the binning as: [0.0, 60.0, 120.0, 180.0, 240.0, 300.0, 360.0, 420.0, 480.0, 540.0, 600.0, 660.0, 720.0, 780.0, 840.0, 900.0, 960.0, 1020.0, 1080.0, 1140.0, 1200.0, 1260.0, 1320.0, 1380.0, 1440.0, 1500.0, 1560.0, 1620.0, 1680.0, 1740.0, 1800.0, 1860.0, 1920.0, 1980.0, 2040.0, 2100.0, 2160.0, 2220.0, 2280.0, 2340.0, 2400.0, 2460.0, 2520.0, 2580.0, 2640.0, 2700.0, 2760.0, 2820.0, 2880.0, 2940.0, 3000.0]
/////////////////////////
PROCESSING:  TTM1700THTH
/////////////////////////
plotTreeName: Tprime2_DeepAK8_Mass
Flavour: M #tag: isV_tZtZ #algo: DeepAK8
Weights: 1 * 1 * 1 * pileupWeight * 1 * lepIdSF * EGammaGsfSF * 1 * (MCWeight_singleLepCalc/abs(MCWeight_singleLepCalc)) * 1.73388570503e-05
Cuts: (leptonPt_singleLepCalc > 50) && (corr_met_singleLepCalc > 55) && (AK4HT > 480) && (minDR_lepJet > 0.4 || ptRel_lepJet > 40) && (NJetsAK8_JetSubCalc > 2) && (minDR_leadAK8otherAK8 < 3.0) && DataPastTrigger == 1 && isMuon==1
****************************************************************************************************
****************************************************************************************************
DISTRIBUTION: Tp2Mass
            -name in ljmet trees: Tprime2_ALGO_Mass
            -x-axis label is set to: ;M(T) [GeV])
            -using the binning as: [0.0, 60.0, 120.0, 180.0, 240.0, 300.0, 360.0, 420.0, 480.0, 540.0, 600.0, 660.0, 720.0, 780.0, 840.0, 900.0, 960.0, 1020.0, 1080.0, 1140.0, 1200.0, 1260.0, 1320.0, 1380.0, 1440.0, 1500.0, 1560.0, 1620.0, 1680.0, 1740.0, 1800.0, 1860.0, 1920.0, 1980.0, 2040.0, 2100.0, 2160.0, 2220.0, 2280.0, 2340.0, 2400.0, 2460.0, 2520.0, 2580.0, 2640.0, 2700.0, 2760.0, 2820.0, 2880.0, 2940.0, 3000.0]
/////////////////////////
PROCESSING:  TTM1700TZTZ
/////////////////////////
plotTreeName: Tprime2_DeepAK8_Mass
Flavour: M #tag: isV_tZtZ #algo: DeepAK8
Weights: 1 * 1 * 1 * pileupWeight * 1 * lepIdSF * EGammaGsfSF * 1 * (MCWeight_singleLepCalc/abs(MCWeight_singleLepCalc)) * 1.73388570503e-05
Cuts: (leptonPt_singleLepCalc > 50) && (corr_met_singleLepCalc > 55) && (AK4HT > 480) && (minDR_lepJet > 0.4 || ptRel_lepJet > 40) && (NJetsAK8_JetSubCalc > 2) && (minDR_leadAK8otherAK8 < 3.0) && DataPastTrigger == 1 && isMuon==1
****************************************************************************************************
****************************************************************************************************
DISTRIBUTION: Tp2Mass
            -name in ljmet trees: Tprime2_ALGO_Mass
            -x-axis label is set to: ;M(T) [GeV])
            -using the binning as: [0.0, 60.0, 120.0, 180.0, 240.0, 300.0, 360.0, 420.0, 480.0, 540.0, 600.0, 660.0, 720.0, 780.0, 840.0, 900.0, 960.0, 1020.0, 1080.0, 1140.0, 1200.0, 1260.0, 1320.0, 1380.0, 1440.0, 1500.0, 1560.0, 1620.0, 1680.0, 1740.0, 1800.0, 1860.0, 1920.0, 1980.0, 2040.0, 2100.0, 2160.0, 2220.0, 2280.0, 2340.0, 2400.0, 2460.0, 2520.0, 2580.0, 2640.0, 2700.0, 2760.0, 2820.0, 2880.0, 2940.0, 3000.0]
/////////////////////////
PROCESSING:  TTM1700TZBW
/////////////////////////
plotTreeName: Tprime2_DeepAK8_Mass
Flavour: M #tag: isV_tZtZ #algo: DeepAK8
Weights: 1 * 1 * 1 * pileupWeight * 1 * lepIdSF * EGammaGsfSF * 1 * (MCWeight_singleLepCalc/abs(MCWeight_singleLepCalc)) * 3.46777141005e-05
Cuts: (leptonPt_singleLepCalc > 50) && (corr_met_singleLepCalc > 55) && (AK4HT > 480) && (minDR_lepJet > 0.4 || ptRel_lepJet > 40) && (NJetsAK8_JetSubCalc > 2) && (minDR_leadAK8otherAK8 < 3.0) && DataPastTrigger == 1 && isMuon==1
****************************************************************************************************
****************************************************************************************************
DISTRIBUTION: Tp2Mass
            -name in ljmet trees: Tprime2_ALGO_Mass
            -x-axis label is set to: ;M(T) [GeV])
            -using the binning as: [0.0, 60.0, 120.0, 180.0, 240.0, 300.0, 360.0, 420.0, 480.0, 540.0, 600.0, 660.0, 720.0, 780.0, 840.0, 900.0, 960.0, 1020.0, 1080.0, 1140.0, 1200.0, 1260.0, 1320.0, 1380.0, 1440.0, 1500.0, 1560.0, 1620.0, 1680.0, 1740.0, 1800.0, 1860.0, 1920.0, 1980.0, 2040.0, 2100.0, 2160.0, 2220.0, 2280.0, 2340.0, 2400.0, 2460.0, 2520.0, 2580.0, 2640.0, 2700.0, 2760.0, 2820.0, 2880.0, 2940.0, 3000.0]
/////////////////////////
PROCESSING:  TTM1700THBW
/////////////////////////
plotTreeName: Tprime2_DeepAK8_Mass
Flavour: M #tag: isV_tZtZ #algo: DeepAK8
Weights: 1 * 1 * 1 * pileupWeight * 1 * lepIdSF * EGammaGsfSF * 1 * (MCWeight_singleLepCalc/abs(MCWeight_singleLepCalc)) * 3.46777141005e-05
Cuts: (leptonPt_singleLepCalc > 50) && (corr_met_singleLepCalc > 55) && (AK4HT > 480) && (minDR_lepJet > 0.4 || ptRel_lepJet > 40) && (NJetsAK8_JetSubCalc > 2) && (minDR_leadAK8otherAK8 < 3.0) && DataPastTrigger == 1 && isMuon==1
****************************************************************************************************
****************************************************************************************************
DISTRIBUTION: Tp2Mass
            -name in ljmet trees: Tprime2_ALGO_Mass
            -x-axis label is set to: ;M(T) [GeV])
            -using the binning as: [0.0, 60.0, 120.0, 180.0, 240.0, 300.0, 360.0, 420.0, 480.0, 540.0, 600.0, 660.0, 720.0, 780.0, 840.0, 900.0, 960.0, 1020.0, 1080.0, 1140.0, 1200.0, 1260.0, 1320.0, 1380.0, 1440.0, 1500.0, 1560.0, 1620.0, 1680.0, 1740.0, 1800.0, 1860.0, 1920.0, 1980.0, 2040.0, 2100.0, 2160.0, 2220.0, 2280.0, 2340.0, 2400.0, 2460.0, 2520.0, 2580.0, 2640.0, 2700.0, 2760.0, 2820.0, 2880.0, 2940.0, 3000.0]
/////////////////////////
PROCESSING:  TTM1700TZTH
/////////////////////////
plotTreeName: Tprime2_DeepAK8_Mass
Flavour: M #tag: isV_tZtZ #algo: DeepAK8
Weights: 1 * 1 * 1 * pileupWeight * 1 * lepIdSF * EGammaGsfSF * 1 * (MCWeight_singleLepCalc/abs(MCWeight_singleLepCalc)) * 1.73388570503e-05
Cuts: (leptonPt_singleLepCalc > 50) && (corr_met_singleLepCalc > 55) && (AK4HT > 480) && (minDR_lepJet > 0.4 || ptRel_lepJet > 40) && (NJetsAK8_JetSubCalc > 2) && (minDR_leadAK8otherAK8 < 3.0) && DataPastTrigger == 1 && isMuon==1
****************************************************************************************************
****************************************************************************************************
DISTRIBUTION: Tp2Mass
            -name in ljmet trees: Tprime2_ALGO_Mass
            -x-axis label is set to: ;M(T) [GeV])
            -using the binning as: [0.0, 60.0, 120.0, 180.0, 240.0, 300.0, 360.0, 420.0, 480.0, 540.0, 600.0, 660.0, 720.0, 780.0, 840.0, 900.0, 960.0, 1020.0, 1080.0, 1140.0, 1200.0, 1260.0, 1320.0, 1380.0, 1440.0, 1500.0, 1560.0, 1620.0, 1680.0, 1740.0, 1800.0, 1860.0, 1920.0, 1980.0, 2040.0, 2100.0, 2160.0, 2220.0, 2280.0, 2340.0, 2400.0, 2460.0, 2520.0, 2580.0, 2640.0, 2700.0, 2760.0, 2820.0, 2880.0, 2940.0, 3000.0]
/////////////////////////
PROCESSING:  TTM1800BWBW
/////////////////////////
plotTreeName: Tprime2_DeepAK8_Mass
Flavour: M #tag: isV_tZtZ #algo: DeepAK8
Weights: 1 * 1 * 1 * pileupWeight * 1 * lepIdSF * EGammaGsfSF * 1 * (MCWeight_singleLepCalc/abs(MCWeight_singleLepCalc)) * 3.89579688164e-05
Cuts: (leptonPt_singleLepCalc > 50) && (corr_met_singleLepCalc > 55) && (AK4HT > 480) && (minDR_lepJet > 0.4 || ptRel_lepJet > 40) && (NJetsAK8_JetSubCalc > 2) && (minDR_leadAK8otherAK8 < 3.0) && DataPastTrigger == 1 && isMuon==1
****************************************************************************************************
****************************************************************************************************
DISTRIBUTION: Tp2Mass
            -name in ljmet trees: Tprime2_ALGO_Mass
            -x-axis label is set to: ;M(T) [GeV])
            -using the binning as: [0.0, 60.0, 120.0, 180.0, 240.0, 300.0, 360.0, 420.0, 480.0, 540.0, 600.0, 660.0, 720.0, 780.0, 840.0, 900.0, 960.0, 1020.0, 1080.0, 1140.0, 1200.0, 1260.0, 1320.0, 1380.0, 1440.0, 1500.0, 1560.0, 1620.0, 1680.0, 1740.0, 1800.0, 1860.0, 1920.0, 1980.0, 2040.0, 2100.0, 2160.0, 2220.0, 2280.0, 2340.0, 2400.0, 2460.0, 2520.0, 2580.0, 2640.0, 2700.0, 2760.0, 2820.0, 2880.0, 2940.0, 3000.0]
/////////////////////////
PROCESSING:  TTM1800THTH
/////////////////////////
plotTreeName: Tprime2_DeepAK8_Mass
Flavour: M #tag: isV_tZtZ #algo: DeepAK8
Weights: 1 * 1 * 1 * pileupWeight * 1 * lepIdSF * EGammaGsfSF * 1 * (MCWeight_singleLepCalc/abs(MCWeight_singleLepCalc)) * 9.7394922041e-06
Cuts: (leptonPt_singleLepCalc > 50) && (corr_met_singleLepCalc > 55) && (AK4HT > 480) && (minDR_lepJet > 0.4 || ptRel_lepJet > 40) && (NJetsAK8_JetSubCalc > 2) && (minDR_leadAK8otherAK8 < 3.0) && DataPastTrigger == 1 && isMuon==1
****************************************************************************************************
****************************************************************************************************
DISTRIBUTION: Tp2Mass
            -name in ljmet trees: Tprime2_ALGO_Mass
            -x-axis label is set to: ;M(T) [GeV])
            -using the binning as: [0.0, 60.0, 120.0, 180.0, 240.0, 300.0, 360.0, 420.0, 480.0, 540.0, 600.0, 660.0, 720.0, 780.0, 840.0, 900.0, 960.0, 1020.0, 1080.0, 1140.0, 1200.0, 1260.0, 1320.0, 1380.0, 1440.0, 1500.0, 1560.0, 1620.0, 1680.0, 1740.0, 1800.0, 1860.0, 1920.0, 1980.0, 2040.0, 2100.0, 2160.0, 2220.0, 2280.0, 2340.0, 2400.0, 2460.0, 2520.0, 2580.0, 2640.0, 2700.0, 2760.0, 2820.0, 2880.0, 2940.0, 3000.0]
/////////////////////////
PROCESSING:  TTM1800TZTZ
/////////////////////////
plotTreeName: Tprime2_DeepAK8_Mass
Flavour: M #tag: isV_tZtZ #algo: DeepAK8
Weights: 1 * 1 * 1 * pileupWeight * 1 * lepIdSF * EGammaGsfSF * 1 * (MCWeight_singleLepCalc/abs(MCWeight_singleLepCalc)) * 9.7394922041e-06
Cuts: (leptonPt_singleLepCalc > 50) && (corr_met_singleLepCalc > 55) && (AK4HT > 480) && (minDR_lepJet > 0.4 || ptRel_lepJet > 40) && (NJetsAK8_JetSubCalc > 2) && (minDR_leadAK8otherAK8 < 3.0) && DataPastTrigger == 1 && isMuon==1
****************************************************************************************************
****************************************************************************************************
DISTRIBUTION: Tp2Mass
            -name in ljmet trees: Tprime2_ALGO_Mass
            -x-axis label is set to: ;M(T) [GeV])
            -using the binning as: [0.0, 60.0, 120.0, 180.0, 240.0, 300.0, 360.0, 420.0, 480.0, 540.0, 600.0, 660.0, 720.0, 780.0, 840.0, 900.0, 960.0, 1020.0, 1080.0, 1140.0, 1200.0, 1260.0, 1320.0, 1380.0, 1440.0, 1500.0, 1560.0, 1620.0, 1680.0, 1740.0, 1800.0, 1860.0, 1920.0, 1980.0, 2040.0, 2100.0, 2160.0, 2220.0, 2280.0, 2340.0, 2400.0, 2460.0, 2520.0, 2580.0, 2640.0, 2700.0, 2760.0, 2820.0, 2880.0, 2940.0, 3000.0]
/////////////////////////
PROCESSING:  TTM1800TZBW
/////////////////////////
plotTreeName: Tprime2_DeepAK8_Mass
Flavour: M #tag: isV_tZtZ #algo: DeepAK8
Weights: 1 * 1 * 1 * pileupWeight * 1 * lepIdSF * EGammaGsfSF * 1 * (MCWeight_singleLepCalc/abs(MCWeight_singleLepCalc)) * 1.94789844082e-05
Cuts: (leptonPt_singleLepCalc > 50) && (corr_met_singleLepCalc > 55) && (AK4HT > 480) && (minDR_lepJet > 0.4 || ptRel_lepJet > 40) && (NJetsAK8_JetSubCalc > 2) && (minDR_leadAK8otherAK8 < 3.0) && DataPastTrigger == 1 && isMuon==1
****************************************************************************************************
****************************************************************************************************
DISTRIBUTION: Tp2Mass
            -name in ljmet trees: Tprime2_ALGO_Mass
            -x-axis label is set to: ;M(T) [GeV])
            -using the binning as: [0.0, 60.0, 120.0, 180.0, 240.0, 300.0, 360.0, 420.0, 480.0, 540.0, 600.0, 660.0, 720.0, 780.0, 840.0, 900.0, 960.0, 1020.0, 1080.0, 1140.0, 1200.0, 1260.0, 1320.0, 1380.0, 1440.0, 1500.0, 1560.0, 1620.0, 1680.0, 1740.0, 1800.0, 1860.0, 1920.0, 1980.0, 2040.0, 2100.0, 2160.0, 2220.0, 2280.0, 2340.0, 2400.0, 2460.0, 2520.0, 2580.0, 2640.0, 2700.0, 2760.0, 2820.0, 2880.0, 2940.0, 3000.0]
/////////////////////////
PROCESSING:  TTM1800THBW
/////////////////////////
plotTreeName: Tprime2_DeepAK8_Mass
Flavour: M #tag: isV_tZtZ #algo: DeepAK8
Weights: 1 * 1 * 1 * pileupWeight * 1 * lepIdSF * EGammaGsfSF * 1 * (MCWeight_singleLepCalc/abs(MCWeight_singleLepCalc)) * 1.94789844082e-05
Cuts: (leptonPt_singleLepCalc > 50) && (corr_met_singleLepCalc > 55) && (AK4HT > 480) && (minDR_lepJet > 0.4 || ptRel_lepJet > 40) && (NJetsAK8_JetSubCalc > 2) && (minDR_leadAK8otherAK8 < 3.0) && DataPastTrigger == 1 && isMuon==1
****************************************************************************************************
****************************************************************************************************
DISTRIBUTION: Tp2Mass
            -name in ljmet trees: Tprime2_ALGO_Mass
            -x-axis label is set to: ;M(T) [GeV])
            -using the binning as: [0.0, 60.0, 120.0, 180.0, 240.0, 300.0, 360.0, 420.0, 480.0, 540.0, 600.0, 660.0, 720.0, 780.0, 840.0, 900.0, 960.0, 1020.0, 1080.0, 1140.0, 1200.0, 1260.0, 1320.0, 1380.0, 1440.0, 1500.0, 1560.0, 1620.0, 1680.0, 1740.0, 1800.0, 1860.0, 1920.0, 1980.0, 2040.0, 2100.0, 2160.0, 2220.0, 2280.0, 2340.0, 2400.0, 2460.0, 2520.0, 2580.0, 2640.0, 2700.0, 2760.0, 2820.0, 2880.0, 2940.0, 3000.0]
/////////////////////////
PROCESSING:  TTM1800TZTH
/////////////////////////
plotTreeName: Tprime2_DeepAK8_Mass
Flavour: M #tag: isV_tZtZ #algo: DeepAK8
Weights: 1 * 1 * 1 * pileupWeight * 1 * lepIdSF * EGammaGsfSF * 1 * (MCWeight_singleLepCalc/abs(MCWeight_singleLepCalc)) * 9.7394922041e-06
Cuts: (leptonPt_singleLepCalc > 50) && (corr_met_singleLepCalc > 55) && (AK4HT > 480) && (minDR_lepJet > 0.4 || ptRel_lepJet > 40) && (NJetsAK8_JetSubCalc > 2) && (minDR_leadAK8otherAK8 < 3.0) && DataPastTrigger == 1 && isMuon==1
****************************************************************************************************
****************************************************************************************************
DISTRIBUTION: Tp2Mass
            -name in ljmet trees: Tprime2_ALGO_Mass
            -x-axis label is set to: ;M(T) [GeV])
            -using the binning as: [0.0, 60.0, 120.0, 180.0, 240.0, 300.0, 360.0, 420.0, 480.0, 540.0, 600.0, 660.0, 720.0, 780.0, 840.0, 900.0, 960.0, 1020.0, 1080.0, 1140.0, 1200.0, 1260.0, 1320.0, 1380.0, 1440.0, 1500.0, 1560.0, 1620.0, 1680.0, 1740.0, 1800.0, 1860.0, 1920.0, 1980.0, 2040.0, 2100.0, 2160.0, 2220.0, 2280.0, 2340.0, 2400.0, 2460.0, 2520.0, 2580.0, 2640.0, 2700.0, 2760.0, 2820.0, 2880.0, 2940.0, 3000.0]
/////////////////////////
PROCESSING:  WJetsMG400
/////////////////////////
plotTreeName: Tprime2_DeepAK8_decorr_Mass
Flavour: M #tag: isV_tZtZ #algo: DeepAK8_decorr
Weights: 1 * HTSF_Pol * 1 * pileupWeight * 1 * lepIdSF * EGammaGsfSF * 1 * (MCWeight_singleLepCalc/abs(MCWeight_singleLepCalc)) * 0.280770227538
Cuts: (leptonPt_singleLepCalc > 50) && (corr_met_singleLepCalc > 55) && (AK4HT > 480) && (minDR_lepJet > 0.4 || ptRel_lepJet > 40) && (NJetsAK8_JetSubCalc > 2) && (minDR_leadAK8otherAK8 < 3.0) && DataPastTrigger == 1 && isMuon==1
****************************************************************************************************
****************************************************************************************************
DISTRIBUTION: Tp2Mass
            -name in ljmet trees: Tprime2_ALGO_Mass
            -x-axis label is set to: ;M(T) [GeV])
            -using the binning as: [0.0, 60.0, 120.0, 180.0, 240.0, 300.0, 360.0, 420.0, 480.0, 540.0, 600.0, 660.0, 720.0, 780.0, 840.0, 900.0, 960.0, 1020.0, 1080.0, 1140.0, 1200.0, 1260.0, 1320.0, 1380.0, 1440.0, 1500.0, 1560.0, 1620.0, 1680.0, 1740.0, 1800.0, 1860.0, 1920.0, 1980.0, 2040.0, 2100.0, 2160.0, 2220.0, 2280.0, 2340.0, 2400.0, 2460.0, 2520.0, 2580.0, 2640.0, 2700.0, 2760.0, 2820.0, 2880.0, 2940.0, 3000.0]
/////////////////////////
PROCESSING:  WJetsMG600
/////////////////////////
plotTreeName: Tprime2_DeepAK8_decorr_Mass
Flavour: M #tag: isV_tZtZ #algo: DeepAK8_decorr
Weights: 1 * HTSF_Pol * 1 * pileupWeight * 1 * lepIdSF * EGammaGsfSF * 1 * (MCWeight_singleLepCalc/abs(MCWeight_singleLepCalc)) * 0.0287233231554
Cuts: (leptonPt_singleLepCalc > 50) && (corr_met_singleLepCalc > 55) && (AK4HT > 480) && (minDR_lepJet > 0.4 || ptRel_lepJet > 40) && (NJetsAK8_JetSubCalc > 2) && (minDR_leadAK8otherAK8 < 3.0) && DataPastTrigger == 1 && isMuon==1
****************************************************************************************************
****************************************************************************************************
DISTRIBUTION: Tp2Mass
            -name in ljmet trees: Tprime2_ALGO_Mass
            -x-axis label is set to: ;M(T) [GeV])
            -using the binning as: [0.0, 60.0, 120.0, 180.0, 240.0, 300.0, 360.0, 420.0, 480.0, 540.0, 600.0, 660.0, 720.0, 780.0, 840.0, 900.0, 960.0, 1020.0, 1080.0, 1140.0, 1200.0, 1260.0, 1320.0, 1380.0, 1440.0, 1500.0, 1560.0, 1620.0, 1680.0, 1740.0, 1800.0, 1860.0, 1920.0, 1980.0, 2040.0, 2100.0, 2160.0, 2220.0, 2280.0, 2340.0, 2400.0, 2460.0, 2520.0, 2580.0, 2640.0, 2700.0, 2760.0, 2820.0, 2880.0, 2940.0, 3000.0]
/////////////////////////
PROCESSING:  WJetsMG800
/////////////////////////
plotTreeName: Tprime2_DeepAK8_decorr_Mass
Flavour: M #tag: isV_tZtZ #algo: DeepAK8_decorr
Weights: 1 * HTSF_Pol * 1 * pileupWeight * 1 * lepIdSF * EGammaGsfSF * 1 * (MCWeight_singleLepCalc/abs(MCWeight_singleLepCalc)) * 0.0316367902594
Cuts: (leptonPt_singleLepCalc > 50) && (corr_met_singleLepCalc > 55) && (AK4HT > 480) && (minDR_lepJet > 0.4 || ptRel_lepJet > 40) && (NJetsAK8_JetSubCalc > 2) && (minDR_leadAK8otherAK8 < 3.0) && DataPastTrigger == 1 && isMuon==1
****************************************************************************************************
****************************************************************************************************
DISTRIBUTION: Tp2Mass
            -name in ljmet trees: Tprime2_ALGO_Mass
            -x-axis label is set to: ;M(T) [GeV])
            -using the binning as: [0.0, 60.0, 120.0, 180.0, 240.0, 300.0, 360.0, 420.0, 480.0, 540.0, 600.0, 660.0, 720.0, 780.0, 840.0, 900.0, 960.0, 1020.0, 1080.0, 1140.0, 1200.0, 1260.0, 1320.0, 1380.0, 1440.0, 1500.0, 1560.0, 1620.0, 1680.0, 1740.0, 1800.0, 1860.0, 1920.0, 1980.0, 2040.0, 2100.0, 2160.0, 2220.0, 2280.0, 2340.0, 2400.0, 2460.0, 2520.0, 2580.0, 2640.0, 2700.0, 2760.0, 2820.0, 2880.0, 2940.0, 3000.0]
/////////////////////////
PROCESSING:  WJetsMG1200
/////////////////////////
plotTreeName: Tprime2_DeepAK8_decorr_Mass
Flavour: M #tag: isV_tZtZ #algo: DeepAK8_decorr
Weights: 1 * HTSF_Pol * 1 * pileupWeight * 1 * lepIdSF * EGammaGsfSF * 1 * (MCWeight_singleLepCalc/abs(MCWeight_singleLepCalc)) * 0.00861414819858
Cuts: (leptonPt_singleLepCalc > 50) && (corr_met_singleLepCalc > 55) && (AK4HT > 480) && (minDR_lepJet > 0.4 || ptRel_lepJet > 40) && (NJetsAK8_JetSubCalc > 2) && (minDR_leadAK8otherAK8 < 3.0) && DataPastTrigger == 1 && isMuon==1
****************************************************************************************************
****************************************************************************************************
DISTRIBUTION: Tp2Mass
            -name in ljmet trees: Tprime2_ALGO_Mass
            -x-axis label is set to: ;M(T) [GeV])
            -using the binning as: [0.0, 60.0, 120.0, 180.0, 240.0, 300.0, 360.0, 420.0, 480.0, 540.0, 600.0, 660.0, 720.0, 780.0, 840.0, 900.0, 960.0, 1020.0, 1080.0, 1140.0, 1200.0, 1260.0, 1320.0, 1380.0, 1440.0, 1500.0, 1560.0, 1620.0, 1680.0, 1740.0, 1800.0, 1860.0, 1920.0, 1980.0, 2040.0, 2100.0, 2160.0, 2220.0, 2280.0, 2340.0, 2400.0, 2460.0, 2520.0, 2580.0, 2640.0, 2700.0, 2760.0, 2820.0, 2880.0, 2940.0, 3000.0]
/////////////////////////
PROCESSING:  WJetsMG2500
/////////////////////////
plotTreeName: Tprime2_DeepAK8_decorr_Mass
Flavour: M #tag: isV_tZtZ #algo: DeepAK8_decorr
Weights: 1 * HTSF_Pol * 1 * pileupWeight * 1 * lepIdSF * EGammaGsfSF * 1 * (MCWeight_singleLepCalc/abs(MCWeight_singleLepCalc)) * 0.00054308661217
Cuts: (leptonPt_singleLepCalc > 50) && (corr_met_singleLepCalc > 55) && (AK4HT > 480) && (minDR_lepJet > 0.4 || ptRel_lepJet > 40) && (NJetsAK8_JetSubCalc > 2) && (minDR_leadAK8otherAK8 < 3.0) && DataPastTrigger == 1 && isMuon==1
****************************************************************************************************
****************************************************************************************************
DISTRIBUTION: Tp2Mass
            -name in ljmet trees: Tprime2_ALGO_Mass
            -x-axis label is set to: ;M(T) [GeV])
            -using the binning as: [0.0, 60.0, 120.0, 180.0, 240.0, 300.0, 360.0, 420.0, 480.0, 540.0, 600.0, 660.0, 720.0, 780.0, 840.0, 900.0, 960.0, 1020.0, 1080.0, 1140.0, 1200.0, 1260.0, 1320.0, 1380.0, 1440.0, 1500.0, 1560.0, 1620.0, 1680.0, 1740.0, 1800.0, 1860.0, 1920.0, 1980.0, 2040.0, 2100.0, 2160.0, 2220.0, 2280.0, 2340.0, 2400.0, 2460.0, 2520.0, 2580.0, 2640.0, 2700.0, 2760.0, 2820.0, 2880.0, 2940.0, 3000.0]
/////////////////////////
PROCESSING:  TTM1100BWBW
/////////////////////////
plotTreeName: Tprime2_DeepAK8_decorr_Mass
Flavour: M #tag: isV_tZtZ #algo: DeepAK8_decorr
Weights: 1 * 1 * 1 * pileupWeight * 1 * lepIdSF * EGammaGsfSF * 1 * (MCWeight_singleLepCalc/abs(MCWeight_singleLepCalc)) * 0.00223239916536
Cuts: (leptonPt_singleLepCalc > 50) && (corr_met_singleLepCalc > 55) && (AK4HT > 480) && (minDR_lepJet > 0.4 || ptRel_lepJet > 40) && (NJetsAK8_JetSubCalc > 2) && (minDR_leadAK8otherAK8 < 3.0) && DataPastTrigger == 1 && isMuon==1
****************************************************************************************************
****************************************************************************************************
DISTRIBUTION: Tp2Mass
            -name in ljmet trees: Tprime2_ALGO_Mass
            -x-axis label is set to: ;M(T) [GeV])
            -using the binning as: [0.0, 60.0, 120.0, 180.0, 240.0, 300.0, 360.0, 420.0, 480.0, 540.0, 600.0, 660.0, 720.0, 780.0, 840.0, 900.0, 960.0, 1020.0, 1080.0, 1140.0, 1200.0, 1260.0, 1320.0, 1380.0, 1440.0, 1500.0, 1560.0, 1620.0, 1680.0, 1740.0, 1800.0, 1860.0, 1920.0, 1980.0, 2040.0, 2100.0, 2160.0, 2220.0, 2280.0, 2340.0, 2400.0, 2460.0, 2520.0, 2580.0, 2640.0, 2700.0, 2760.0, 2820.0, 2880.0, 2940.0, 3000.0]
/////////////////////////
PROCESSING:  TTM1100THTH
/////////////////////////
plotTreeName: Tprime2_DeepAK8_decorr_Mass
Flavour: M #tag: isV_tZtZ #algo: DeepAK8_decorr
Weights: 1 * 1 * 1 * pileupWeight * 1 * lepIdSF * EGammaGsfSF * 1 * (MCWeight_singleLepCalc/abs(MCWeight_singleLepCalc)) * 0.000558099791339
Cuts: (leptonPt_singleLepCalc > 50) && (corr_met_singleLepCalc > 55) && (AK4HT > 480) && (minDR_lepJet > 0.4 || ptRel_lepJet > 40) && (NJetsAK8_JetSubCalc > 2) && (minDR_leadAK8otherAK8 < 3.0) && DataPastTrigger == 1 && isMuon==1
****************************************************************************************************
****************************************************************************************************
DISTRIBUTION: Tp2Mass
            -name in ljmet trees: Tprime2_ALGO_Mass
            -x-axis label is set to: ;M(T) [GeV])
            -using the binning as: [0.0, 60.0, 120.0, 180.0, 240.0, 300.0, 360.0, 420.0, 480.0, 540.0, 600.0, 660.0, 720.0, 780.0, 840.0, 900.0, 960.0, 1020.0, 1080.0, 1140.0, 1200.0, 1260.0, 1320.0, 1380.0, 1440.0, 1500.0, 1560.0, 1620.0, 1680.0, 1740.0, 1800.0, 1860.0, 1920.0, 1980.0, 2040.0, 2100.0, 2160.0, 2220.0, 2280.0, 2340.0, 2400.0, 2460.0, 2520.0, 2580.0, 2640.0, 2700.0, 2760.0, 2820.0, 2880.0, 2940.0, 3000.0]
/////////////////////////
PROCESSING:  TTM1100TZTZ
/////////////////////////
plotTreeName: Tprime2_DeepAK8_decorr_Mass
Flavour: M #tag: isV_tZtZ #algo: DeepAK8_decorr
Weights: 1 * 1 * 1 * pileupWeight * 1 * lepIdSF * EGammaGsfSF * 1 * (MCWeight_singleLepCalc/abs(MCWeight_singleLepCalc)) * 0.000558099791339
Cuts: (leptonPt_singleLepCalc > 50) && (corr_met_singleLepCalc > 55) && (AK4HT > 480) && (minDR_lepJet > 0.4 || ptRel_lepJet > 40) && (NJetsAK8_JetSubCalc > 2) && (minDR_leadAK8otherAK8 < 3.0) && DataPastTrigger == 1 && isMuon==1
****************************************************************************************************
****************************************************************************************************
DISTRIBUTION: Tp2Mass
            -name in ljmet trees: Tprime2_ALGO_Mass
            -x-axis label is set to: ;M(T) [GeV])
            -using the binning as: [0.0, 60.0, 120.0, 180.0, 240.0, 300.0, 360.0, 420.0, 480.0, 540.0, 600.0, 660.0, 720.0, 780.0, 840.0, 900.0, 960.0, 1020.0, 1080.0, 1140.0, 1200.0, 1260.0, 1320.0, 1380.0, 1440.0, 1500.0, 1560.0, 1620.0, 1680.0, 1740.0, 1800.0, 1860.0, 1920.0, 1980.0, 2040.0, 2100.0, 2160.0, 2220.0, 2280.0, 2340.0, 2400.0, 2460.0, 2520.0, 2580.0, 2640.0, 2700.0, 2760.0, 2820.0, 2880.0, 2940.0, 3000.0]
/////////////////////////
PROCESSING:  TTM1100TZBW
/////////////////////////
plotTreeName: Tprime2_DeepAK8_decorr_Mass
Flavour: M #tag: isV_tZtZ #algo: DeepAK8_decorr
Weights: 1 * 1 * 1 * pileupWeight * 1 * lepIdSF * EGammaGsfSF * 1 * (MCWeight_singleLepCalc/abs(MCWeight_singleLepCalc)) * 0.00111619958268
Cuts: (leptonPt_singleLepCalc > 50) && (corr_met_singleLepCalc > 55) && (AK4HT > 480) && (minDR_lepJet > 0.4 || ptRel_lepJet > 40) && (NJetsAK8_JetSubCalc > 2) && (minDR_leadAK8otherAK8 < 3.0) && DataPastTrigger == 1 && isMuon==1
****************************************************************************************************
****************************************************************************************************
DISTRIBUTION: Tp2Mass
            -name in ljmet trees: Tprime2_ALGO_Mass
            -x-axis label is set to: ;M(T) [GeV])
            -using the binning as: [0.0, 60.0, 120.0, 180.0, 240.0, 300.0, 360.0, 420.0, 480.0, 540.0, 600.0, 660.0, 720.0, 780.0, 840.0, 900.0, 960.0, 1020.0, 1080.0, 1140.0, 1200.0, 1260.0, 1320.0, 1380.0, 1440.0, 1500.0, 1560.0, 1620.0, 1680.0, 1740.0, 1800.0, 1860.0, 1920.0, 1980.0, 2040.0, 2100.0, 2160.0, 2220.0, 2280.0, 2340.0, 2400.0, 2460.0, 2520.0, 2580.0, 2640.0, 2700.0, 2760.0, 2820.0, 2880.0, 2940.0, 3000.0]
/////////////////////////
PROCESSING:  TTM1100THBW
/////////////////////////
plotTreeName: Tprime2_DeepAK8_decorr_Mass
Flavour: M #tag: isV_tZtZ #algo: DeepAK8_decorr
Weights: 1 * 1 * 1 * pileupWeight * 1 * lepIdSF * EGammaGsfSF * 1 * (MCWeight_singleLepCalc/abs(MCWeight_singleLepCalc)) * 0.00111619958268
Cuts: (leptonPt_singleLepCalc > 50) && (corr_met_singleLepCalc > 55) && (AK4HT > 480) && (minDR_lepJet > 0.4 || ptRel_lepJet > 40) && (NJetsAK8_JetSubCalc > 2) && (minDR_leadAK8otherAK8 < 3.0) && DataPastTrigger == 1 && isMuon==1
****************************************************************************************************
****************************************************************************************************
DISTRIBUTION: Tp2Mass
            -name in ljmet trees: Tprime2_ALGO_Mass
            -x-axis label is set to: ;M(T) [GeV])
            -using the binning as: [0.0, 60.0, 120.0, 180.0, 240.0, 300.0, 360.0, 420.0, 480.0, 540.0, 600.0, 660.0, 720.0, 780.0, 840.0, 900.0, 960.0, 1020.0, 1080.0, 1140.0, 1200.0, 1260.0, 1320.0, 1380.0, 1440.0, 1500.0, 1560.0, 1620.0, 1680.0, 1740.0, 1800.0, 1860.0, 1920.0, 1980.0, 2040.0, 2100.0, 2160.0, 2220.0, 2280.0, 2340.0, 2400.0, 2460.0, 2520.0, 2580.0, 2640.0, 2700.0, 2760.0, 2820.0, 2880.0, 2940.0, 3000.0]
/////////////////////////
PROCESSING:  TTM1100TZTH
/////////////////////////
plotTreeName: Tprime2_DeepAK8_decorr_Mass
Flavour: M #tag: isV_tZtZ #algo: DeepAK8_decorr
Weights: 1 * 1 * 1 * pileupWeight * 1 * lepIdSF * EGammaGsfSF * 1 * (MCWeight_singleLepCalc/abs(MCWeight_singleLepCalc)) * 0.000558099791339
Cuts: (leptonPt_singleLepCalc > 50) && (corr_met_singleLepCalc > 55) && (AK4HT > 480) && (minDR_lepJet > 0.4 || ptRel_lepJet > 40) && (NJetsAK8_JetSubCalc > 2) && (minDR_leadAK8otherAK8 < 3.0) && DataPastTrigger == 1 && isMuon==1
****************************************************************************************************
****************************************************************************************************
DISTRIBUTION: Tp2Mass
            -name in ljmet trees: Tprime2_ALGO_Mass
            -x-axis label is set to: ;M(T) [GeV])
            -using the binning as: [0.0, 60.0, 120.0, 180.0, 240.0, 300.0, 360.0, 420.0, 480.0, 540.0, 600.0, 660.0, 720.0, 780.0, 840.0, 900.0, 960.0, 1020.0, 1080.0, 1140.0, 1200.0, 1260.0, 1320.0, 1380.0, 1440.0, 1500.0, 1560.0, 1620.0, 1680.0, 1740.0, 1800.0, 1860.0, 1920.0, 1980.0, 2040.0, 2100.0, 2160.0, 2220.0, 2280.0, 2340.0, 2400.0, 2460.0, 2520.0, 2580.0, 2640.0, 2700.0, 2760.0, 2820.0, 2880.0, 2940.0, 3000.0]
/////////////////////////
PROCESSING:  TTM1200BWBW
/////////////////////////
plotTreeName: Tprime2_DeepAK8_decorr_Mass
Flavour: M #tag: isV_tZtZ #algo: DeepAK8_decorr
Weights: 1 * 1 * 1 * pileupWeight * 1 * lepIdSF * EGammaGsfSF * 1 * (MCWeight_singleLepCalc/abs(MCWeight_singleLepCalc)) * 0.00117627847652
Cuts: (leptonPt_singleLepCalc > 50) && (corr_met_singleLepCalc > 55) && (AK4HT > 480) && (minDR_lepJet > 0.4 || ptRel_lepJet > 40) && (NJetsAK8_JetSubCalc > 2) && (minDR_leadAK8otherAK8 < 3.0) && DataPastTrigger == 1 && isMuon==1
****************************************************************************************************
****************************************************************************************************
DISTRIBUTION: Tp2Mass
            -name in ljmet trees: Tprime2_ALGO_Mass
            -x-axis label is set to: ;M(T) [GeV])
            -using the binning as: [0.0, 60.0, 120.0, 180.0, 240.0, 300.0, 360.0, 420.0, 480.0, 540.0, 600.0, 660.0, 720.0, 780.0, 840.0, 900.0, 960.0, 1020.0, 1080.0, 1140.0, 1200.0, 1260.0, 1320.0, 1380.0, 1440.0, 1500.0, 1560.0, 1620.0, 1680.0, 1740.0, 1800.0, 1860.0, 1920.0, 1980.0, 2040.0, 2100.0, 2160.0, 2220.0, 2280.0, 2340.0, 2400.0, 2460.0, 2520.0, 2580.0, 2640.0, 2700.0, 2760.0, 2820.0, 2880.0, 2940.0, 3000.0]
/////////////////////////
PROCESSING:  TTM1200THTH
/////////////////////////
plotTreeName: Tprime2_DeepAK8_decorr_Mass
Flavour: M #tag: isV_tZtZ #algo: DeepAK8_decorr
Weights: 1 * 1 * 1 * pileupWeight * 1 * lepIdSF * EGammaGsfSF * 1 * (MCWeight_singleLepCalc/abs(MCWeight_singleLepCalc)) * 0.00029406961913
Cuts: (leptonPt_singleLepCalc > 50) && (corr_met_singleLepCalc > 55) && (AK4HT > 480) && (minDR_lepJet > 0.4 || ptRel_lepJet > 40) && (NJetsAK8_JetSubCalc > 2) && (minDR_leadAK8otherAK8 < 3.0) && DataPastTrigger == 1 && isMuon==1
****************************************************************************************************
****************************************************************************************************
DISTRIBUTION: Tp2Mass
            -name in ljmet trees: Tprime2_ALGO_Mass
            -x-axis label is set to: ;M(T) [GeV])
            -using the binning as: [0.0, 60.0, 120.0, 180.0, 240.0, 300.0, 360.0, 420.0, 480.0, 540.0, 600.0, 660.0, 720.0, 780.0, 840.0, 900.0, 960.0, 1020.0, 1080.0, 1140.0, 1200.0, 1260.0, 1320.0, 1380.0, 1440.0, 1500.0, 1560.0, 1620.0, 1680.0, 1740.0, 1800.0, 1860.0, 1920.0, 1980.0, 2040.0, 2100.0, 2160.0, 2220.0, 2280.0, 2340.0, 2400.0, 2460.0, 2520.0, 2580.0, 2640.0, 2700.0, 2760.0, 2820.0, 2880.0, 2940.0, 3000.0]
/////////////////////////
PROCESSING:  TTM1200TZTZ
/////////////////////////
plotTreeName: Tprime2_DeepAK8_decorr_Mass
Flavour: M #tag: isV_tZtZ #algo: DeepAK8_decorr
Weights: 1 * 1 * 1 * pileupWeight * 1 * lepIdSF * EGammaGsfSF * 1 * (MCWeight_singleLepCalc/abs(MCWeight_singleLepCalc)) * 0.00029406961913
Cuts: (leptonPt_singleLepCalc > 50) && (corr_met_singleLepCalc > 55) && (AK4HT > 480) && (minDR_lepJet > 0.4 || ptRel_lepJet > 40) && (NJetsAK8_JetSubCalc > 2) && (minDR_leadAK8otherAK8 < 3.0) && DataPastTrigger == 1 && isMuon==1
****************************************************************************************************
****************************************************************************************************
DISTRIBUTION: Tp2Mass
            -name in ljmet trees: Tprime2_ALGO_Mass
            -x-axis label is set to: ;M(T) [GeV])
            -using the binning as: [0.0, 60.0, 120.0, 180.0, 240.0, 300.0, 360.0, 420.0, 480.0, 540.0, 600.0, 660.0, 720.0, 780.0, 840.0, 900.0, 960.0, 1020.0, 1080.0, 1140.0, 1200.0, 1260.0, 1320.0, 1380.0, 1440.0, 1500.0, 1560.0, 1620.0, 1680.0, 1740.0, 1800.0, 1860.0, 1920.0, 1980.0, 2040.0, 2100.0, 2160.0, 2220.0, 2280.0, 2340.0, 2400.0, 2460.0, 2520.0, 2580.0, 2640.0, 2700.0, 2760.0, 2820.0, 2880.0, 2940.0, 3000.0]
/////////////////////////
PROCESSING:  TTM1200TZBW
/////////////////////////
plotTreeName: Tprime2_DeepAK8_decorr_Mass
Flavour: M #tag: isV_tZtZ #algo: DeepAK8_decorr
Weights: 1 * 1 * 1 * pileupWeight * 1 * lepIdSF * EGammaGsfSF * 1 * (MCWeight_singleLepCalc/abs(MCWeight_singleLepCalc)) * 0.000588139238259
Cuts: (leptonPt_singleLepCalc > 50) && (corr_met_singleLepCalc > 55) && (AK4HT > 480) && (minDR_lepJet > 0.4 || ptRel_lepJet > 40) && (NJetsAK8_JetSubCalc > 2) && (minDR_leadAK8otherAK8 < 3.0) && DataPastTrigger == 1 && isMuon==1
****************************************************************************************************
****************************************************************************************************
DISTRIBUTION: Tp2Mass
            -name in ljmet trees: Tprime2_ALGO_Mass
            -x-axis label is set to: ;M(T) [GeV])
            -using the binning as: [0.0, 60.0, 120.0, 180.0, 240.0, 300.0, 360.0, 420.0, 480.0, 540.0, 600.0, 660.0, 720.0, 780.0, 840.0, 900.0, 960.0, 1020.0, 1080.0, 1140.0, 1200.0, 1260.0, 1320.0, 1380.0, 1440.0, 1500.0, 1560.0, 1620.0, 1680.0, 1740.0, 1800.0, 1860.0, 1920.0, 1980.0, 2040.0, 2100.0, 2160.0, 2220.0, 2280.0, 2340.0, 2400.0, 2460.0, 2520.0, 2580.0, 2640.0, 2700.0, 2760.0, 2820.0, 2880.0, 2940.0, 3000.0]
/////////////////////////
PROCESSING:  TTM1200THBW
/////////////////////////
plotTreeName: Tprime2_DeepAK8_decorr_Mass
Flavour: M #tag: isV_tZtZ #algo: DeepAK8_decorr
Weights: 1 * 1 * 1 * pileupWeight * 1 * lepIdSF * EGammaGsfSF * 1 * (MCWeight_singleLepCalc/abs(MCWeight_singleLepCalc)) * 0.000588139238259
Cuts: (leptonPt_singleLepCalc > 50) && (corr_met_singleLepCalc > 55) && (AK4HT > 480) && (minDR_lepJet > 0.4 || ptRel_lepJet > 40) && (NJetsAK8_JetSubCalc > 2) && (minDR_leadAK8otherAK8 < 3.0) && DataPastTrigger == 1 && isMuon==1
****************************************************************************************************
****************************************************************************************************
DISTRIBUTION: Tp2Mass
            -name in ljmet trees: Tprime2_ALGO_Mass
            -x-axis label is set to: ;M(T) [GeV])
            -using the binning as: [0.0, 60.0, 120.0, 180.0, 240.0, 300.0, 360.0, 420.0, 480.0, 540.0, 600.0, 660.0, 720.0, 780.0, 840.0, 900.0, 960.0, 1020.0, 1080.0, 1140.0, 1200.0, 1260.0, 1320.0, 1380.0, 1440.0, 1500.0, 1560.0, 1620.0, 1680.0, 1740.0, 1800.0, 1860.0, 1920.0, 1980.0, 2040.0, 2100.0, 2160.0, 2220.0, 2280.0, 2340.0, 2400.0, 2460.0, 2520.0, 2580.0, 2640.0, 2700.0, 2760.0, 2820.0, 2880.0, 2940.0, 3000.0]
/////////////////////////
PROCESSING:  TTM1200TZTH
/////////////////////////
plotTreeName: Tprime2_DeepAK8_decorr_Mass
Flavour: M #tag: isV_tZtZ #algo: DeepAK8_decorr
Weights: 1 * 1 * 1 * pileupWeight * 1 * lepIdSF * EGammaGsfSF * 1 * (MCWeight_singleLepCalc/abs(MCWeight_singleLepCalc)) * 0.00029406961913
Cuts: (leptonPt_singleLepCalc > 50) && (corr_met_singleLepCalc > 55) && (AK4HT > 480) && (minDR_lepJet > 0.4 || ptRel_lepJet > 40) && (NJetsAK8_JetSubCalc > 2) && (minDR_leadAK8otherAK8 < 3.0) && DataPastTrigger == 1 && isMuon==1
****************************************************************************************************
****************************************************************************************************
DISTRIBUTION: Tp2Mass
            -name in ljmet trees: Tprime2_ALGO_Mass
            -x-axis label is set to: ;M(T) [GeV])
            -using the binning as: [0.0, 60.0, 120.0, 180.0, 240.0, 300.0, 360.0, 420.0, 480.0, 540.0, 600.0, 660.0, 720.0, 780.0, 840.0, 900.0, 960.0, 1020.0, 1080.0, 1140.0, 1200.0, 1260.0, 1320.0, 1380.0, 1440.0, 1500.0, 1560.0, 1620.0, 1680.0, 1740.0, 1800.0, 1860.0, 1920.0, 1980.0, 2040.0, 2100.0, 2160.0, 2220.0, 2280.0, 2340.0, 2400.0, 2460.0, 2520.0, 2580.0, 2640.0, 2700.0, 2760.0, 2820.0, 2880.0, 2940.0, 3000.0]
/////////////////////////
PROCESSING:  TTM1300BWBW
/////////////////////////
plotTreeName: Tprime2_DeepAK8_decorr_Mass
Flavour: M #tag: isV_tZtZ #algo: DeepAK8_decorr
Weights: 1 * 1 * 1 * pileupWeight * 1 * lepIdSF * EGammaGsfSF * 1 * (MCWeight_singleLepCalc/abs(MCWeight_singleLepCalc)) * 0.00063821114509
Cuts: (leptonPt_singleLepCalc > 50) && (corr_met_singleLepCalc > 55) && (AK4HT > 480) && (minDR_lepJet > 0.4 || ptRel_lepJet > 40) && (NJetsAK8_JetSubCalc > 2) && (minDR_leadAK8otherAK8 < 3.0) && DataPastTrigger == 1 && isMuon==1
****************************************************************************************************
****************************************************************************************************
DISTRIBUTION: Tp2Mass
            -name in ljmet trees: Tprime2_ALGO_Mass
            -x-axis label is set to: ;M(T) [GeV])
            -using the binning as: [0.0, 60.0, 120.0, 180.0, 240.0, 300.0, 360.0, 420.0, 480.0, 540.0, 600.0, 660.0, 720.0, 780.0, 840.0, 900.0, 960.0, 1020.0, 1080.0, 1140.0, 1200.0, 1260.0, 1320.0, 1380.0, 1440.0, 1500.0, 1560.0, 1620.0, 1680.0, 1740.0, 1800.0, 1860.0, 1920.0, 1980.0, 2040.0, 2100.0, 2160.0, 2220.0, 2280.0, 2340.0, 2400.0, 2460.0, 2520.0, 2580.0, 2640.0, 2700.0, 2760.0, 2820.0, 2880.0, 2940.0, 3000.0]
/////////////////////////
PROCESSING:  TTM1300THTH
/////////////////////////
plotTreeName: Tprime2_DeepAK8_decorr_Mass
Flavour: M #tag: isV_tZtZ #algo: DeepAK8_decorr
Weights: 1 * 1 * 1 * pileupWeight * 1 * lepIdSF * EGammaGsfSF * 1 * (MCWeight_singleLepCalc/abs(MCWeight_singleLepCalc)) * 0.000159552786272
Cuts: (leptonPt_singleLepCalc > 50) && (corr_met_singleLepCalc > 55) && (AK4HT > 480) && (minDR_lepJet > 0.4 || ptRel_lepJet > 40) && (NJetsAK8_JetSubCalc > 2) && (minDR_leadAK8otherAK8 < 3.0) && DataPastTrigger == 1 && isMuon==1
****************************************************************************************************
****************************************************************************************************
DISTRIBUTION: Tp2Mass
            -name in ljmet trees: Tprime2_ALGO_Mass
            -x-axis label is set to: ;M(T) [GeV])
            -using the binning as: [0.0, 60.0, 120.0, 180.0, 240.0, 300.0, 360.0, 420.0, 480.0, 540.0, 600.0, 660.0, 720.0, 780.0, 840.0, 900.0, 960.0, 1020.0, 1080.0, 1140.0, 1200.0, 1260.0, 1320.0, 1380.0, 1440.0, 1500.0, 1560.0, 1620.0, 1680.0, 1740.0, 1800.0, 1860.0, 1920.0, 1980.0, 2040.0, 2100.0, 2160.0, 2220.0, 2280.0, 2340.0, 2400.0, 2460.0, 2520.0, 2580.0, 2640.0, 2700.0, 2760.0, 2820.0, 2880.0, 2940.0, 3000.0]
/////////////////////////
PROCESSING:  TTM1300TZTZ
/////////////////////////
plotTreeName: Tprime2_DeepAK8_decorr_Mass
Flavour: M #tag: isV_tZtZ #algo: DeepAK8_decorr
Weights: 1 * 1 * 1 * pileupWeight * 1 * lepIdSF * EGammaGsfSF * 1 * (MCWeight_singleLepCalc/abs(MCWeight_singleLepCalc)) * 0.000159552786272
Cuts: (leptonPt_singleLepCalc > 50) && (corr_met_singleLepCalc > 55) && (AK4HT > 480) && (minDR_lepJet > 0.4 || ptRel_lepJet > 40) && (NJetsAK8_JetSubCalc > 2) && (minDR_leadAK8otherAK8 < 3.0) && DataPastTrigger == 1 && isMuon==1
****************************************************************************************************
****************************************************************************************************
DISTRIBUTION: Tp2Mass
            -name in ljmet trees: Tprime2_ALGO_Mass
            -x-axis label is set to: ;M(T) [GeV])
            -using the binning as: [0.0, 60.0, 120.0, 180.0, 240.0, 300.0, 360.0, 420.0, 480.0, 540.0, 600.0, 660.0, 720.0, 780.0, 840.0, 900.0, 960.0, 1020.0, 1080.0, 1140.0, 1200.0, 1260.0, 1320.0, 1380.0, 1440.0, 1500.0, 1560.0, 1620.0, 1680.0, 1740.0, 1800.0, 1860.0, 1920.0, 1980.0, 2040.0, 2100.0, 2160.0, 2220.0, 2280.0, 2340.0, 2400.0, 2460.0, 2520.0, 2580.0, 2640.0, 2700.0, 2760.0, 2820.0, 2880.0, 2940.0, 3000.0]
/////////////////////////
PROCESSING:  TTM1300TZBW
/////////////////////////
plotTreeName: Tprime2_DeepAK8_decorr_Mass
Flavour: M #tag: isV_tZtZ #algo: DeepAK8_decorr
Weights: 1 * 1 * 1 * pileupWeight * 1 * lepIdSF * EGammaGsfSF * 1 * (MCWeight_singleLepCalc/abs(MCWeight_singleLepCalc)) * 0.000319105572545
Cuts: (leptonPt_singleLepCalc > 50) && (corr_met_singleLepCalc > 55) && (AK4HT > 480) && (minDR_lepJet > 0.4 || ptRel_lepJet > 40) && (NJetsAK8_JetSubCalc > 2) && (minDR_leadAK8otherAK8 < 3.0) && DataPastTrigger == 1 && isMuon==1
****************************************************************************************************
****************************************************************************************************
DISTRIBUTION: Tp2Mass
            -name in ljmet trees: Tprime2_ALGO_Mass
            -x-axis label is set to: ;M(T) [GeV])
            -using the binning as: [0.0, 60.0, 120.0, 180.0, 240.0, 300.0, 360.0, 420.0, 480.0, 540.0, 600.0, 660.0, 720.0, 780.0, 840.0, 900.0, 960.0, 1020.0, 1080.0, 1140.0, 1200.0, 1260.0, 1320.0, 1380.0, 1440.0, 1500.0, 1560.0, 1620.0, 1680.0, 1740.0, 1800.0, 1860.0, 1920.0, 1980.0, 2040.0, 2100.0, 2160.0, 2220.0, 2280.0, 2340.0, 2400.0, 2460.0, 2520.0, 2580.0, 2640.0, 2700.0, 2760.0, 2820.0, 2880.0, 2940.0, 3000.0]
/////////////////////////
PROCESSING:  TTM1300THBW
/////////////////////////
plotTreeName: Tprime2_DeepAK8_decorr_Mass
Flavour: M #tag: isV_tZtZ #algo: DeepAK8_decorr
Weights: 1 * 1 * 1 * pileupWeight * 1 * lepIdSF * EGammaGsfSF * 1 * (MCWeight_singleLepCalc/abs(MCWeight_singleLepCalc)) * 0.000319105572545
Cuts: (leptonPt_singleLepCalc > 50) && (corr_met_singleLepCalc > 55) && (AK4HT > 480) && (minDR_lepJet > 0.4 || ptRel_lepJet > 40) && (NJetsAK8_JetSubCalc > 2) && (minDR_leadAK8otherAK8 < 3.0) && DataPastTrigger == 1 && isMuon==1
****************************************************************************************************
****************************************************************************************************
DISTRIBUTION: Tp2Mass
            -name in ljmet trees: Tprime2_ALGO_Mass
            -x-axis label is set to: ;M(T) [GeV])
            -using the binning as: [0.0, 60.0, 120.0, 180.0, 240.0, 300.0, 360.0, 420.0, 480.0, 540.0, 600.0, 660.0, 720.0, 780.0, 840.0, 900.0, 960.0, 1020.0, 1080.0, 1140.0, 1200.0, 1260.0, 1320.0, 1380.0, 1440.0, 1500.0, 1560.0, 1620.0, 1680.0, 1740.0, 1800.0, 1860.0, 1920.0, 1980.0, 2040.0, 2100.0, 2160.0, 2220.0, 2280.0, 2340.0, 2400.0, 2460.0, 2520.0, 2580.0, 2640.0, 2700.0, 2760.0, 2820.0, 2880.0, 2940.0, 3000.0]
/////////////////////////
PROCESSING:  TTM1300TZTH
/////////////////////////
plotTreeName: Tprime2_DeepAK8_decorr_Mass
Flavour: M #tag: isV_tZtZ #algo: DeepAK8_decorr
Weights: 1 * 1 * 1 * pileupWeight * 1 * lepIdSF * EGammaGsfSF * 1 * (MCWeight_singleLepCalc/abs(MCWeight_singleLepCalc)) * 0.000159552786272
Cuts: (leptonPt_singleLepCalc > 50) && (corr_met_singleLepCalc > 55) && (AK4HT > 480) && (minDR_lepJet > 0.4 || ptRel_lepJet > 40) && (NJetsAK8_JetSubCalc > 2) && (minDR_leadAK8otherAK8 < 3.0) && DataPastTrigger == 1 && isMuon==1
****************************************************************************************************
****************************************************************************************************
DISTRIBUTION: Tp2Mass
            -name in ljmet trees: Tprime2_ALGO_Mass
            -x-axis label is set to: ;M(T) [GeV])
            -using the binning as: [0.0, 60.0, 120.0, 180.0, 240.0, 300.0, 360.0, 420.0, 480.0, 540.0, 600.0, 660.0, 720.0, 780.0, 840.0, 900.0, 960.0, 1020.0, 1080.0, 1140.0, 1200.0, 1260.0, 1320.0, 1380.0, 1440.0, 1500.0, 1560.0, 1620.0, 1680.0, 1740.0, 1800.0, 1860.0, 1920.0, 1980.0, 2040.0, 2100.0, 2160.0, 2220.0, 2280.0, 2340.0, 2400.0, 2460.0, 2520.0, 2580.0, 2640.0, 2700.0, 2760.0, 2820.0, 2880.0, 2940.0, 3000.0]
/////////////////////////
PROCESSING:  TTM1400BWBW
/////////////////////////
plotTreeName: Tprime2_DeepAK8_decorr_Mass
Flavour: M #tag: isV_tZtZ #algo: DeepAK8_decorr
Weights: 1 * 1 * 1 * pileupWeight * 1 * lepIdSF * EGammaGsfSF * 1 * (MCWeight_singleLepCalc/abs(MCWeight_singleLepCalc)) * 0.000352883542956
Cuts: (leptonPt_singleLepCalc > 50) && (corr_met_singleLepCalc > 55) && (AK4HT > 480) && (minDR_lepJet > 0.4 || ptRel_lepJet > 40) && (NJetsAK8_JetSubCalc > 2) && (minDR_leadAK8otherAK8 < 3.0) && DataPastTrigger == 1 && isMuon==1
****************************************************************************************************
****************************************************************************************************
DISTRIBUTION: Tp2Mass
            -name in ljmet trees: Tprime2_ALGO_Mass
            -x-axis label is set to: ;M(T) [GeV])
            -using the binning as: [0.0, 60.0, 120.0, 180.0, 240.0, 300.0, 360.0, 420.0, 480.0, 540.0, 600.0, 660.0, 720.0, 780.0, 840.0, 900.0, 960.0, 1020.0, 1080.0, 1140.0, 1200.0, 1260.0, 1320.0, 1380.0, 1440.0, 1500.0, 1560.0, 1620.0, 1680.0, 1740.0, 1800.0, 1860.0, 1920.0, 1980.0, 2040.0, 2100.0, 2160.0, 2220.0, 2280.0, 2340.0, 2400.0, 2460.0, 2520.0, 2580.0, 2640.0, 2700.0, 2760.0, 2820.0, 2880.0, 2940.0, 3000.0]
/////////////////////////
PROCESSING:  TTM1400THTH
/////////////////////////
plotTreeName: Tprime2_DeepAK8_decorr_Mass
Flavour: M #tag: isV_tZtZ #algo: DeepAK8_decorr
Weights: 1 * 1 * 1 * pileupWeight * 1 * lepIdSF * EGammaGsfSF * 1 * (MCWeight_singleLepCalc/abs(MCWeight_singleLepCalc)) * 8.82208857389e-05
Cuts: (leptonPt_singleLepCalc > 50) && (corr_met_singleLepCalc > 55) && (AK4HT > 480) && (minDR_lepJet > 0.4 || ptRel_lepJet > 40) && (NJetsAK8_JetSubCalc > 2) && (minDR_leadAK8otherAK8 < 3.0) && DataPastTrigger == 1 && isMuon==1
****************************************************************************************************
****************************************************************************************************
DISTRIBUTION: Tp2Mass
            -name in ljmet trees: Tprime2_ALGO_Mass
            -x-axis label is set to: ;M(T) [GeV])
            -using the binning as: [0.0, 60.0, 120.0, 180.0, 240.0, 300.0, 360.0, 420.0, 480.0, 540.0, 600.0, 660.0, 720.0, 780.0, 840.0, 900.0, 960.0, 1020.0, 1080.0, 1140.0, 1200.0, 1260.0, 1320.0, 1380.0, 1440.0, 1500.0, 1560.0, 1620.0, 1680.0, 1740.0, 1800.0, 1860.0, 1920.0, 1980.0, 2040.0, 2100.0, 2160.0, 2220.0, 2280.0, 2340.0, 2400.0, 2460.0, 2520.0, 2580.0, 2640.0, 2700.0, 2760.0, 2820.0, 2880.0, 2940.0, 3000.0]
/////////////////////////
PROCESSING:  TTM1400TZTZ
/////////////////////////
plotTreeName: Tprime2_DeepAK8_decorr_Mass
Flavour: M #tag: isV_tZtZ #algo: DeepAK8_decorr
Weights: 1 * 1 * 1 * pileupWeight * 1 * lepIdSF * EGammaGsfSF * 1 * (MCWeight_singleLepCalc/abs(MCWeight_singleLepCalc)) * 8.82208857389e-05
Cuts: (leptonPt_singleLepCalc > 50) && (corr_met_singleLepCalc > 55) && (AK4HT > 480) && (minDR_lepJet > 0.4 || ptRel_lepJet > 40) && (NJetsAK8_JetSubCalc > 2) && (minDR_leadAK8otherAK8 < 3.0) && DataPastTrigger == 1 && isMuon==1
****************************************************************************************************
****************************************************************************************************
DISTRIBUTION: Tp2Mass
            -name in ljmet trees: Tprime2_ALGO_Mass
            -x-axis label is set to: ;M(T) [GeV])
            -using the binning as: [0.0, 60.0, 120.0, 180.0, 240.0, 300.0, 360.0, 420.0, 480.0, 540.0, 600.0, 660.0, 720.0, 780.0, 840.0, 900.0, 960.0, 1020.0, 1080.0, 1140.0, 1200.0, 1260.0, 1320.0, 1380.0, 1440.0, 1500.0, 1560.0, 1620.0, 1680.0, 1740.0, 1800.0, 1860.0, 1920.0, 1980.0, 2040.0, 2100.0, 2160.0, 2220.0, 2280.0, 2340.0, 2400.0, 2460.0, 2520.0, 2580.0, 2640.0, 2700.0, 2760.0, 2820.0, 2880.0, 2940.0, 3000.0]
/////////////////////////
PROCESSING:  TTM1400TZBW
/////////////////////////
plotTreeName: Tprime2_DeepAK8_decorr_Mass
Flavour: M #tag: isV_tZtZ #algo: DeepAK8_decorr
Weights: 1 * 1 * 1 * pileupWeight * 1 * lepIdSF * EGammaGsfSF * 1 * (MCWeight_singleLepCalc/abs(MCWeight_singleLepCalc)) * 0.000176441771478
Cuts: (leptonPt_singleLepCalc > 50) && (corr_met_singleLepCalc > 55) && (AK4HT > 480) && (minDR_lepJet > 0.4 || ptRel_lepJet > 40) && (NJetsAK8_JetSubCalc > 2) && (minDR_leadAK8otherAK8 < 3.0) && DataPastTrigger == 1 && isMuon==1
****************************************************************************************************
****************************************************************************************************
DISTRIBUTION: Tp2Mass
            -name in ljmet trees: Tprime2_ALGO_Mass
            -x-axis label is set to: ;M(T) [GeV])
            -using the binning as: [0.0, 60.0, 120.0, 180.0, 240.0, 300.0, 360.0, 420.0, 480.0, 540.0, 600.0, 660.0, 720.0, 780.0, 840.0, 900.0, 960.0, 1020.0, 1080.0, 1140.0, 1200.0, 1260.0, 1320.0, 1380.0, 1440.0, 1500.0, 1560.0, 1620.0, 1680.0, 1740.0, 1800.0, 1860.0, 1920.0, 1980.0, 2040.0, 2100.0, 2160.0, 2220.0, 2280.0, 2340.0, 2400.0, 2460.0, 2520.0, 2580.0, 2640.0, 2700.0, 2760.0, 2820.0, 2880.0, 2940.0, 3000.0]
/////////////////////////
PROCESSING:  TTM1400THBW
/////////////////////////
plotTreeName: Tprime2_DeepAK8_decorr_Mass
Flavour: M #tag: isV_tZtZ #algo: DeepAK8_decorr
Weights: 1 * 1 * 1 * pileupWeight * 1 * lepIdSF * EGammaGsfSF * 1 * (MCWeight_singleLepCalc/abs(MCWeight_singleLepCalc)) * 0.000176441771478
Cuts: (leptonPt_singleLepCalc > 50) && (corr_met_singleLepCalc > 55) && (AK4HT > 480) && (minDR_lepJet > 0.4 || ptRel_lepJet > 40) && (NJetsAK8_JetSubCalc > 2) && (minDR_leadAK8otherAK8 < 3.0) && DataPastTrigger == 1 && isMuon==1
****************************************************************************************************
****************************************************************************************************
DISTRIBUTION: Tp2Mass
            -name in ljmet trees: Tprime2_ALGO_Mass
            -x-axis label is set to: ;M(T) [GeV])
            -using the binning as: [0.0, 60.0, 120.0, 180.0, 240.0, 300.0, 360.0, 420.0, 480.0, 540.0, 600.0, 660.0, 720.0, 780.0, 840.0, 900.0, 960.0, 1020.0, 1080.0, 1140.0, 1200.0, 1260.0, 1320.0, 1380.0, 1440.0, 1500.0, 1560.0, 1620.0, 1680.0, 1740.0, 1800.0, 1860.0, 1920.0, 1980.0, 2040.0, 2100.0, 2160.0, 2220.0, 2280.0, 2340.0, 2400.0, 2460.0, 2520.0, 2580.0, 2640.0, 2700.0, 2760.0, 2820.0, 2880.0, 2940.0, 3000.0]
/////////////////////////
PROCESSING:  TTM1400TZTH
/////////////////////////
plotTreeName: Tprime2_DeepAK8_decorr_Mass
Flavour: M #tag: isV_tZtZ #algo: DeepAK8_decorr
Weights: 1 * 1 * 1 * pileupWeight * 1 * lepIdSF * EGammaGsfSF * 1 * (MCWeight_singleLepCalc/abs(MCWeight_singleLepCalc)) * 8.82208857389e-05
Cuts: (leptonPt_singleLepCalc > 50) && (corr_met_singleLepCalc > 55) && (AK4HT > 480) && (minDR_lepJet > 0.4 || ptRel_lepJet > 40) && (NJetsAK8_JetSubCalc > 2) && (minDR_leadAK8otherAK8 < 3.0) && DataPastTrigger == 1 && isMuon==1
****************************************************************************************************
****************************************************************************************************
DISTRIBUTION: Tp2Mass
            -name in ljmet trees: Tprime2_ALGO_Mass
            -x-axis label is set to: ;M(T) [GeV])
            -using the binning as: [0.0, 60.0, 120.0, 180.0, 240.0, 300.0, 360.0, 420.0, 480.0, 540.0, 600.0, 660.0, 720.0, 780.0, 840.0, 900.0, 960.0, 1020.0, 1080.0, 1140.0, 1200.0, 1260.0, 1320.0, 1380.0, 1440.0, 1500.0, 1560.0, 1620.0, 1680.0, 1740.0, 1800.0, 1860.0, 1920.0, 1980.0, 2040.0, 2100.0, 2160.0, 2220.0, 2280.0, 2340.0, 2400.0, 2460.0, 2520.0, 2580.0, 2640.0, 2700.0, 2760.0, 2820.0, 2880.0, 2940.0, 3000.0]
/////////////////////////
PROCESSING:  TTM1500BWBW
/////////////////////////
plotTreeName: Tprime2_DeepAK8_decorr_Mass
Flavour: M #tag: isV_tZtZ #algo: DeepAK8_decorr
Weights: 1 * 1 * 1 * pileupWeight * 1 * lepIdSF * EGammaGsfSF * 1 * (MCWeight_singleLepCalc/abs(MCWeight_singleLepCalc)) * 0.00019932135405
Cuts: (leptonPt_singleLepCalc > 50) && (corr_met_singleLepCalc > 55) && (AK4HT > 480) && (minDR_lepJet > 0.4 || ptRel_lepJet > 40) && (NJetsAK8_JetSubCalc > 2) && (minDR_leadAK8otherAK8 < 3.0) && DataPastTrigger == 1 && isMuon==1
****************************************************************************************************
****************************************************************************************************
DISTRIBUTION: Tp2Mass
            -name in ljmet trees: Tprime2_ALGO_Mass
            -x-axis label is set to: ;M(T) [GeV])
            -using the binning as: [0.0, 60.0, 120.0, 180.0, 240.0, 300.0, 360.0, 420.0, 480.0, 540.0, 600.0, 660.0, 720.0, 780.0, 840.0, 900.0, 960.0, 1020.0, 1080.0, 1140.0, 1200.0, 1260.0, 1320.0, 1380.0, 1440.0, 1500.0, 1560.0, 1620.0, 1680.0, 1740.0, 1800.0, 1860.0, 1920.0, 1980.0, 2040.0, 2100.0, 2160.0, 2220.0, 2280.0, 2340.0, 2400.0, 2460.0, 2520.0, 2580.0, 2640.0, 2700.0, 2760.0, 2820.0, 2880.0, 2940.0, 3000.0]
/////////////////////////
PROCESSING:  TTM1500THTH
/////////////////////////
plotTreeName: Tprime2_DeepAK8_decorr_Mass
Flavour: M #tag: isV_tZtZ #algo: DeepAK8_decorr
Weights: 1 * 1 * 1 * pileupWeight * 1 * lepIdSF * EGammaGsfSF * 1 * (MCWeight_singleLepCalc/abs(MCWeight_singleLepCalc)) * 4.98303385124e-05
Cuts: (leptonPt_singleLepCalc > 50) && (corr_met_singleLepCalc > 55) && (AK4HT > 480) && (minDR_lepJet > 0.4 || ptRel_lepJet > 40) && (NJetsAK8_JetSubCalc > 2) && (minDR_leadAK8otherAK8 < 3.0) && DataPastTrigger == 1 && isMuon==1
****************************************************************************************************
****************************************************************************************************
DISTRIBUTION: Tp2Mass
            -name in ljmet trees: Tprime2_ALGO_Mass
            -x-axis label is set to: ;M(T) [GeV])
            -using the binning as: [0.0, 60.0, 120.0, 180.0, 240.0, 300.0, 360.0, 420.0, 480.0, 540.0, 600.0, 660.0, 720.0, 780.0, 840.0, 900.0, 960.0, 1020.0, 1080.0, 1140.0, 1200.0, 1260.0, 1320.0, 1380.0, 1440.0, 1500.0, 1560.0, 1620.0, 1680.0, 1740.0, 1800.0, 1860.0, 1920.0, 1980.0, 2040.0, 2100.0, 2160.0, 2220.0, 2280.0, 2340.0, 2400.0, 2460.0, 2520.0, 2580.0, 2640.0, 2700.0, 2760.0, 2820.0, 2880.0, 2940.0, 3000.0]
/////////////////////////
PROCESSING:  TTM1500TZTZ
/////////////////////////
plotTreeName: Tprime2_DeepAK8_decorr_Mass
Flavour: M #tag: isV_tZtZ #algo: DeepAK8_decorr
Weights: 1 * 1 * 1 * pileupWeight * 1 * lepIdSF * EGammaGsfSF * 1 * (MCWeight_singleLepCalc/abs(MCWeight_singleLepCalc)) * 4.98303385124e-05
Cuts: (leptonPt_singleLepCalc > 50) && (corr_met_singleLepCalc > 55) && (AK4HT > 480) && (minDR_lepJet > 0.4 || ptRel_lepJet > 40) && (NJetsAK8_JetSubCalc > 2) && (minDR_leadAK8otherAK8 < 3.0) && DataPastTrigger == 1 && isMuon==1
****************************************************************************************************
****************************************************************************************************
DISTRIBUTION: Tp2Mass
            -name in ljmet trees: Tprime2_ALGO_Mass
            -x-axis label is set to: ;M(T) [GeV])
            -using the binning as: [0.0, 60.0, 120.0, 180.0, 240.0, 300.0, 360.0, 420.0, 480.0, 540.0, 600.0, 660.0, 720.0, 780.0, 840.0, 900.0, 960.0, 1020.0, 1080.0, 1140.0, 1200.0, 1260.0, 1320.0, 1380.0, 1440.0, 1500.0, 1560.0, 1620.0, 1680.0, 1740.0, 1800.0, 1860.0, 1920.0, 1980.0, 2040.0, 2100.0, 2160.0, 2220.0, 2280.0, 2340.0, 2400.0, 2460.0, 2520.0, 2580.0, 2640.0, 2700.0, 2760.0, 2820.0, 2880.0, 2940.0, 3000.0]
/////////////////////////
PROCESSING:  TTM1500TZBW
/////////////////////////
plotTreeName: Tprime2_DeepAK8_decorr_Mass
Flavour: M #tag: isV_tZtZ #algo: DeepAK8_decorr
Weights: 1 * 1 * 1 * pileupWeight * 1 * lepIdSF * EGammaGsfSF * 1 * (MCWeight_singleLepCalc/abs(MCWeight_singleLepCalc)) * 9.96606770248e-05
Cuts: (leptonPt_singleLepCalc > 50) && (corr_met_singleLepCalc > 55) && (AK4HT > 480) && (minDR_lepJet > 0.4 || ptRel_lepJet > 40) && (NJetsAK8_JetSubCalc > 2) && (minDR_leadAK8otherAK8 < 3.0) && DataPastTrigger == 1 && isMuon==1
****************************************************************************************************
****************************************************************************************************
DISTRIBUTION: Tp2Mass
            -name in ljmet trees: Tprime2_ALGO_Mass
            -x-axis label is set to: ;M(T) [GeV])
            -using the binning as: [0.0, 60.0, 120.0, 180.0, 240.0, 300.0, 360.0, 420.0, 480.0, 540.0, 600.0, 660.0, 720.0, 780.0, 840.0, 900.0, 960.0, 1020.0, 1080.0, 1140.0, 1200.0, 1260.0, 1320.0, 1380.0, 1440.0, 1500.0, 1560.0, 1620.0, 1680.0, 1740.0, 1800.0, 1860.0, 1920.0, 1980.0, 2040.0, 2100.0, 2160.0, 2220.0, 2280.0, 2340.0, 2400.0, 2460.0, 2520.0, 2580.0, 2640.0, 2700.0, 2760.0, 2820.0, 2880.0, 2940.0, 3000.0]
/////////////////////////
PROCESSING:  TTM1500THBW
/////////////////////////
plotTreeName: Tprime2_DeepAK8_decorr_Mass
Flavour: M #tag: isV_tZtZ #algo: DeepAK8_decorr
Weights: 1 * 1 * 1 * pileupWeight * 1 * lepIdSF * EGammaGsfSF * 1 * (MCWeight_singleLepCalc/abs(MCWeight_singleLepCalc)) * 9.96606770248e-05
Cuts: (leptonPt_singleLepCalc > 50) && (corr_met_singleLepCalc > 55) && (AK4HT > 480) && (minDR_lepJet > 0.4 || ptRel_lepJet > 40) && (NJetsAK8_JetSubCalc > 2) && (minDR_leadAK8otherAK8 < 3.0) && DataPastTrigger == 1 && isMuon==1
****************************************************************************************************
****************************************************************************************************
DISTRIBUTION: Tp2Mass
            -name in ljmet trees: Tprime2_ALGO_Mass
            -x-axis label is set to: ;M(T) [GeV])
            -using the binning as: [0.0, 60.0, 120.0, 180.0, 240.0, 300.0, 360.0, 420.0, 480.0, 540.0, 600.0, 660.0, 720.0, 780.0, 840.0, 900.0, 960.0, 1020.0, 1080.0, 1140.0, 1200.0, 1260.0, 1320.0, 1380.0, 1440.0, 1500.0, 1560.0, 1620.0, 1680.0, 1740.0, 1800.0, 1860.0, 1920.0, 1980.0, 2040.0, 2100.0, 2160.0, 2220.0, 2280.0, 2340.0, 2400.0, 2460.0, 2520.0, 2580.0, 2640.0, 2700.0, 2760.0, 2820.0, 2880.0, 2940.0, 3000.0]
/////////////////////////
PROCESSING:  TTM1500TZTH
/////////////////////////
plotTreeName: Tprime2_DeepAK8_decorr_Mass
Flavour: M #tag: isV_tZtZ #algo: DeepAK8_decorr
Weights: 1 * 1 * 1 * pileupWeight * 1 * lepIdSF * EGammaGsfSF * 1 * (MCWeight_singleLepCalc/abs(MCWeight_singleLepCalc)) * 4.98303385124e-05
Cuts: (leptonPt_singleLepCalc > 50) && (corr_met_singleLepCalc > 55) && (AK4HT > 480) && (minDR_lepJet > 0.4 || ptRel_lepJet > 40) && (NJetsAK8_JetSubCalc > 2) && (minDR_leadAK8otherAK8 < 3.0) && DataPastTrigger == 1 && isMuon==1
****************************************************************************************************
****************************************************************************************************
DISTRIBUTION: Tp2Mass
            -name in ljmet trees: Tprime2_ALGO_Mass
            -x-axis label is set to: ;M(T) [GeV])
            -using the binning as: [0.0, 60.0, 120.0, 180.0, 240.0, 300.0, 360.0, 420.0, 480.0, 540.0, 600.0, 660.0, 720.0, 780.0, 840.0, 900.0, 960.0, 1020.0, 1080.0, 1140.0, 1200.0, 1260.0, 1320.0, 1380.0, 1440.0, 1500.0, 1560.0, 1620.0, 1680.0, 1740.0, 1800.0, 1860.0, 1920.0, 1980.0, 2040.0, 2100.0, 2160.0, 2220.0, 2280.0, 2340.0, 2400.0, 2460.0, 2520.0, 2580.0, 2640.0, 2700.0, 2760.0, 2820.0, 2880.0, 2940.0, 3000.0]
/////////////////////////
PROCESSING:  TTM1600BWBW
/////////////////////////
plotTreeName: Tprime2_DeepAK8_decorr_Mass
Flavour: M #tag: isV_tZtZ #algo: DeepAK8_decorr
Weights: 1 * 1 * 1 * pileupWeight * 1 * lepIdSF * EGammaGsfSF * 1 * (MCWeight_singleLepCalc/abs(MCWeight_singleLepCalc)) * 0.000114437939919
Cuts: (leptonPt_singleLepCalc > 50) && (corr_met_singleLepCalc > 55) && (AK4HT > 480) && (minDR_lepJet > 0.4 || ptRel_lepJet > 40) && (NJetsAK8_JetSubCalc > 2) && (minDR_leadAK8otherAK8 < 3.0) && DataPastTrigger == 1 && isMuon==1
****************************************************************************************************
****************************************************************************************************
DISTRIBUTION: Tp2Mass
            -name in ljmet trees: Tprime2_ALGO_Mass
            -x-axis label is set to: ;M(T) [GeV])
            -using the binning as: [0.0, 60.0, 120.0, 180.0, 240.0, 300.0, 360.0, 420.0, 480.0, 540.0, 600.0, 660.0, 720.0, 780.0, 840.0, 900.0, 960.0, 1020.0, 1080.0, 1140.0, 1200.0, 1260.0, 1320.0, 1380.0, 1440.0, 1500.0, 1560.0, 1620.0, 1680.0, 1740.0, 1800.0, 1860.0, 1920.0, 1980.0, 2040.0, 2100.0, 2160.0, 2220.0, 2280.0, 2340.0, 2400.0, 2460.0, 2520.0, 2580.0, 2640.0, 2700.0, 2760.0, 2820.0, 2880.0, 2940.0, 3000.0]
/////////////////////////
PROCESSING:  TTM1600THTH
/////////////////////////
plotTreeName: Tprime2_DeepAK8_decorr_Mass
Flavour: M #tag: isV_tZtZ #algo: DeepAK8_decorr
Weights: 1 * 1 * 1 * pileupWeight * 1 * lepIdSF * EGammaGsfSF * 1 * (MCWeight_singleLepCalc/abs(MCWeight_singleLepCalc)) * 2.86094849797e-05
Cuts: (leptonPt_singleLepCalc > 50) && (corr_met_singleLepCalc > 55) && (AK4HT > 480) && (minDR_lepJet > 0.4 || ptRel_lepJet > 40) && (NJetsAK8_JetSubCalc > 2) && (minDR_leadAK8otherAK8 < 3.0) && DataPastTrigger == 1 && isMuon==1
****************************************************************************************************
****************************************************************************************************
DISTRIBUTION: Tp2Mass
            -name in ljmet trees: Tprime2_ALGO_Mass
            -x-axis label is set to: ;M(T) [GeV])
            -using the binning as: [0.0, 60.0, 120.0, 180.0, 240.0, 300.0, 360.0, 420.0, 480.0, 540.0, 600.0, 660.0, 720.0, 780.0, 840.0, 900.0, 960.0, 1020.0, 1080.0, 1140.0, 1200.0, 1260.0, 1320.0, 1380.0, 1440.0, 1500.0, 1560.0, 1620.0, 1680.0, 1740.0, 1800.0, 1860.0, 1920.0, 1980.0, 2040.0, 2100.0, 2160.0, 2220.0, 2280.0, 2340.0, 2400.0, 2460.0, 2520.0, 2580.0, 2640.0, 2700.0, 2760.0, 2820.0, 2880.0, 2940.0, 3000.0]
/////////////////////////
PROCESSING:  TTM1600TZTZ
/////////////////////////
plotTreeName: Tprime2_DeepAK8_decorr_Mass
Flavour: M #tag: isV_tZtZ #algo: DeepAK8_decorr
Weights: 1 * 1 * 1 * pileupWeight * 1 * lepIdSF * EGammaGsfSF * 1 * (MCWeight_singleLepCalc/abs(MCWeight_singleLepCalc)) * 2.86094849797e-05
Cuts: (leptonPt_singleLepCalc > 50) && (corr_met_singleLepCalc > 55) && (AK4HT > 480) && (minDR_lepJet > 0.4 || ptRel_lepJet > 40) && (NJetsAK8_JetSubCalc > 2) && (minDR_leadAK8otherAK8 < 3.0) && DataPastTrigger == 1 && isMuon==1
****************************************************************************************************
****************************************************************************************************
DISTRIBUTION: Tp2Mass
            -name in ljmet trees: Tprime2_ALGO_Mass
            -x-axis label is set to: ;M(T) [GeV])
            -using the binning as: [0.0, 60.0, 120.0, 180.0, 240.0, 300.0, 360.0, 420.0, 480.0, 540.0, 600.0, 660.0, 720.0, 780.0, 840.0, 900.0, 960.0, 1020.0, 1080.0, 1140.0, 1200.0, 1260.0, 1320.0, 1380.0, 1440.0, 1500.0, 1560.0, 1620.0, 1680.0, 1740.0, 1800.0, 1860.0, 1920.0, 1980.0, 2040.0, 2100.0, 2160.0, 2220.0, 2280.0, 2340.0, 2400.0, 2460.0, 2520.0, 2580.0, 2640.0, 2700.0, 2760.0, 2820.0, 2880.0, 2940.0, 3000.0]
/////////////////////////
PROCESSING:  TTM1600TZBW
/////////////////////////
plotTreeName: Tprime2_DeepAK8_decorr_Mass
Flavour: M #tag: isV_tZtZ #algo: DeepAK8_decorr
Weights: 1 * 1 * 1 * pileupWeight * 1 * lepIdSF * EGammaGsfSF * 1 * (MCWeight_singleLepCalc/abs(MCWeight_singleLepCalc)) * 5.72189699595e-05
Cuts: (leptonPt_singleLepCalc > 50) && (corr_met_singleLepCalc > 55) && (AK4HT > 480) && (minDR_lepJet > 0.4 || ptRel_lepJet > 40) && (NJetsAK8_JetSubCalc > 2) && (minDR_leadAK8otherAK8 < 3.0) && DataPastTrigger == 1 && isMuon==1
****************************************************************************************************
****************************************************************************************************
DISTRIBUTION: Tp2Mass
            -name in ljmet trees: Tprime2_ALGO_Mass
            -x-axis label is set to: ;M(T) [GeV])
            -using the binning as: [0.0, 60.0, 120.0, 180.0, 240.0, 300.0, 360.0, 420.0, 480.0, 540.0, 600.0, 660.0, 720.0, 780.0, 840.0, 900.0, 960.0, 1020.0, 1080.0, 1140.0, 1200.0, 1260.0, 1320.0, 1380.0, 1440.0, 1500.0, 1560.0, 1620.0, 1680.0, 1740.0, 1800.0, 1860.0, 1920.0, 1980.0, 2040.0, 2100.0, 2160.0, 2220.0, 2280.0, 2340.0, 2400.0, 2460.0, 2520.0, 2580.0, 2640.0, 2700.0, 2760.0, 2820.0, 2880.0, 2940.0, 3000.0]
/////////////////////////
PROCESSING:  TTM1600THBW
/////////////////////////
plotTreeName: Tprime2_DeepAK8_decorr_Mass
Flavour: M #tag: isV_tZtZ #algo: DeepAK8_decorr
Weights: 1 * 1 * 1 * pileupWeight * 1 * lepIdSF * EGammaGsfSF * 1 * (MCWeight_singleLepCalc/abs(MCWeight_singleLepCalc)) * 5.72189699595e-05
Cuts: (leptonPt_singleLepCalc > 50) && (corr_met_singleLepCalc > 55) && (AK4HT > 480) && (minDR_lepJet > 0.4 || ptRel_lepJet > 40) && (NJetsAK8_JetSubCalc > 2) && (minDR_leadAK8otherAK8 < 3.0) && DataPastTrigger == 1 && isMuon==1
****************************************************************************************************
****************************************************************************************************
DISTRIBUTION: Tp2Mass
            -name in ljmet trees: Tprime2_ALGO_Mass
            -x-axis label is set to: ;M(T) [GeV])
            -using the binning as: [0.0, 60.0, 120.0, 180.0, 240.0, 300.0, 360.0, 420.0, 480.0, 540.0, 600.0, 660.0, 720.0, 780.0, 840.0, 900.0, 960.0, 1020.0, 1080.0, 1140.0, 1200.0, 1260.0, 1320.0, 1380.0, 1440.0, 1500.0, 1560.0, 1620.0, 1680.0, 1740.0, 1800.0, 1860.0, 1920.0, 1980.0, 2040.0, 2100.0, 2160.0, 2220.0, 2280.0, 2340.0, 2400.0, 2460.0, 2520.0, 2580.0, 2640.0, 2700.0, 2760.0, 2820.0, 2880.0, 2940.0, 3000.0]
/////////////////////////
PROCESSING:  TTM1600TZTH
/////////////////////////
plotTreeName: Tprime2_DeepAK8_decorr_Mass
Flavour: M #tag: isV_tZtZ #algo: DeepAK8_decorr
Weights: 1 * 1 * 1 * pileupWeight * 1 * lepIdSF * EGammaGsfSF * 1 * (MCWeight_singleLepCalc/abs(MCWeight_singleLepCalc)) * 2.86094849797e-05
Cuts: (leptonPt_singleLepCalc > 50) && (corr_met_singleLepCalc > 55) && (AK4HT > 480) && (minDR_lepJet > 0.4 || ptRel_lepJet > 40) && (NJetsAK8_JetSubCalc > 2) && (minDR_leadAK8otherAK8 < 3.0) && DataPastTrigger == 1 && isMuon==1
****************************************************************************************************
****************************************************************************************************
DISTRIBUTION: Tp2Mass
            -name in ljmet trees: Tprime2_ALGO_Mass
            -x-axis label is set to: ;M(T) [GeV])
            -using the binning as: [0.0, 60.0, 120.0, 180.0, 240.0, 300.0, 360.0, 420.0, 480.0, 540.0, 600.0, 660.0, 720.0, 780.0, 840.0, 900.0, 960.0, 1020.0, 1080.0, 1140.0, 1200.0, 1260.0, 1320.0, 1380.0, 1440.0, 1500.0, 1560.0, 1620.0, 1680.0, 1740.0, 1800.0, 1860.0, 1920.0, 1980.0, 2040.0, 2100.0, 2160.0, 2220.0, 2280.0, 2340.0, 2400.0, 2460.0, 2520.0, 2580.0, 2640.0, 2700.0, 2760.0, 2820.0, 2880.0, 2940.0, 3000.0]
/////////////////////////
PROCESSING:  TTM1700BWBW
/////////////////////////
plotTreeName: Tprime2_DeepAK8_decorr_Mass
Flavour: M #tag: isV_tZtZ #algo: DeepAK8_decorr
Weights: 1 * 1 * 1 * pileupWeight * 1 * lepIdSF * EGammaGsfSF * 1 * (MCWeight_singleLepCalc/abs(MCWeight_singleLepCalc)) * 6.93554282011e-05
Cuts: (leptonPt_singleLepCalc > 50) && (corr_met_singleLepCalc > 55) && (AK4HT > 480) && (minDR_lepJet > 0.4 || ptRel_lepJet > 40) && (NJetsAK8_JetSubCalc > 2) && (minDR_leadAK8otherAK8 < 3.0) && DataPastTrigger == 1 && isMuon==1
****************************************************************************************************
****************************************************************************************************
DISTRIBUTION: Tp2Mass
            -name in ljmet trees: Tprime2_ALGO_Mass
            -x-axis label is set to: ;M(T) [GeV])
            -using the binning as: [0.0, 60.0, 120.0, 180.0, 240.0, 300.0, 360.0, 420.0, 480.0, 540.0, 600.0, 660.0, 720.0, 780.0, 840.0, 900.0, 960.0, 1020.0, 1080.0, 1140.0, 1200.0, 1260.0, 1320.0, 1380.0, 1440.0, 1500.0, 1560.0, 1620.0, 1680.0, 1740.0, 1800.0, 1860.0, 1920.0, 1980.0, 2040.0, 2100.0, 2160.0, 2220.0, 2280.0, 2340.0, 2400.0, 2460.0, 2520.0, 2580.0, 2640.0, 2700.0, 2760.0, 2820.0, 2880.0, 2940.0, 3000.0]
/////////////////////////
PROCESSING:  TTM1700THTH
/////////////////////////
plotTreeName: Tprime2_DeepAK8_decorr_Mass
Flavour: M #tag: isV_tZtZ #algo: DeepAK8_decorr
Weights: 1 * 1 * 1 * pileupWeight * 1 * lepIdSF * EGammaGsfSF * 1 * (MCWeight_singleLepCalc/abs(MCWeight_singleLepCalc)) * 1.73388570503e-05
Cuts: (leptonPt_singleLepCalc > 50) && (corr_met_singleLepCalc > 55) && (AK4HT > 480) && (minDR_lepJet > 0.4 || ptRel_lepJet > 40) && (NJetsAK8_JetSubCalc > 2) && (minDR_leadAK8otherAK8 < 3.0) && DataPastTrigger == 1 && isMuon==1
****************************************************************************************************
****************************************************************************************************
DISTRIBUTION: Tp2Mass
            -name in ljmet trees: Tprime2_ALGO_Mass
            -x-axis label is set to: ;M(T) [GeV])
            -using the binning as: [0.0, 60.0, 120.0, 180.0, 240.0, 300.0, 360.0, 420.0, 480.0, 540.0, 600.0, 660.0, 720.0, 780.0, 840.0, 900.0, 960.0, 1020.0, 1080.0, 1140.0, 1200.0, 1260.0, 1320.0, 1380.0, 1440.0, 1500.0, 1560.0, 1620.0, 1680.0, 1740.0, 1800.0, 1860.0, 1920.0, 1980.0, 2040.0, 2100.0, 2160.0, 2220.0, 2280.0, 2340.0, 2400.0, 2460.0, 2520.0, 2580.0, 2640.0, 2700.0, 2760.0, 2820.0, 2880.0, 2940.0, 3000.0]
/////////////////////////
PROCESSING:  TTM1700TZTZ
/////////////////////////
plotTreeName: Tprime2_DeepAK8_decorr_Mass
Flavour: M #tag: isV_tZtZ #algo: DeepAK8_decorr
Weights: 1 * 1 * 1 * pileupWeight * 1 * lepIdSF * EGammaGsfSF * 1 * (MCWeight_singleLepCalc/abs(MCWeight_singleLepCalc)) * 1.73388570503e-05
Cuts: (leptonPt_singleLepCalc > 50) && (corr_met_singleLepCalc > 55) && (AK4HT > 480) && (minDR_lepJet > 0.4 || ptRel_lepJet > 40) && (NJetsAK8_JetSubCalc > 2) && (minDR_leadAK8otherAK8 < 3.0) && DataPastTrigger == 1 && isMuon==1
****************************************************************************************************
****************************************************************************************************
DISTRIBUTION: Tp2Mass
            -name in ljmet trees: Tprime2_ALGO_Mass
            -x-axis label is set to: ;M(T) [GeV])
            -using the binning as: [0.0, 60.0, 120.0, 180.0, 240.0, 300.0, 360.0, 420.0, 480.0, 540.0, 600.0, 660.0, 720.0, 780.0, 840.0, 900.0, 960.0, 1020.0, 1080.0, 1140.0, 1200.0, 1260.0, 1320.0, 1380.0, 1440.0, 1500.0, 1560.0, 1620.0, 1680.0, 1740.0, 1800.0, 1860.0, 1920.0, 1980.0, 2040.0, 2100.0, 2160.0, 2220.0, 2280.0, 2340.0, 2400.0, 2460.0, 2520.0, 2580.0, 2640.0, 2700.0, 2760.0, 2820.0, 2880.0, 2940.0, 3000.0]
/////////////////////////
PROCESSING:  TTM1700TZBW
/////////////////////////
plotTreeName: Tprime2_DeepAK8_decorr_Mass
Flavour: M #tag: isV_tZtZ #algo: DeepAK8_decorr
Weights: 1 * 1 * 1 * pileupWeight * 1 * lepIdSF * EGammaGsfSF * 1 * (MCWeight_singleLepCalc/abs(MCWeight_singleLepCalc)) * 3.46777141005e-05
Cuts: (leptonPt_singleLepCalc > 50) && (corr_met_singleLepCalc > 55) && (AK4HT > 480) && (minDR_lepJet > 0.4 || ptRel_lepJet > 40) && (NJetsAK8_JetSubCalc > 2) && (minDR_leadAK8otherAK8 < 3.0) && DataPastTrigger == 1 && isMuon==1
****************************************************************************************************
****************************************************************************************************
DISTRIBUTION: Tp2Mass
            -name in ljmet trees: Tprime2_ALGO_Mass
            -x-axis label is set to: ;M(T) [GeV])
            -using the binning as: [0.0, 60.0, 120.0, 180.0, 240.0, 300.0, 360.0, 420.0, 480.0, 540.0, 600.0, 660.0, 720.0, 780.0, 840.0, 900.0, 960.0, 1020.0, 1080.0, 1140.0, 1200.0, 1260.0, 1320.0, 1380.0, 1440.0, 1500.0, 1560.0, 1620.0, 1680.0, 1740.0, 1800.0, 1860.0, 1920.0, 1980.0, 2040.0, 2100.0, 2160.0, 2220.0, 2280.0, 2340.0, 2400.0, 2460.0, 2520.0, 2580.0, 2640.0, 2700.0, 2760.0, 2820.0, 2880.0, 2940.0, 3000.0]
/////////////////////////
PROCESSING:  TTM1700THBW
/////////////////////////
plotTreeName: Tprime2_DeepAK8_decorr_Mass
Flavour: M #tag: isV_tZtZ #algo: DeepAK8_decorr
Weights: 1 * 1 * 1 * pileupWeight * 1 * lepIdSF * EGammaGsfSF * 1 * (MCWeight_singleLepCalc/abs(MCWeight_singleLepCalc)) * 3.46777141005e-05
Cuts: (leptonPt_singleLepCalc > 50) && (corr_met_singleLepCalc > 55) && (AK4HT > 480) && (minDR_lepJet > 0.4 || ptRel_lepJet > 40) && (NJetsAK8_JetSubCalc > 2) && (minDR_leadAK8otherAK8 < 3.0) && DataPastTrigger == 1 && isMuon==1
****************************************************************************************************
****************************************************************************************************
DISTRIBUTION: Tp2Mass
            -name in ljmet trees: Tprime2_ALGO_Mass
            -x-axis label is set to: ;M(T) [GeV])
            -using the binning as: [0.0, 60.0, 120.0, 180.0, 240.0, 300.0, 360.0, 420.0, 480.0, 540.0, 600.0, 660.0, 720.0, 780.0, 840.0, 900.0, 960.0, 1020.0, 1080.0, 1140.0, 1200.0, 1260.0, 1320.0, 1380.0, 1440.0, 1500.0, 1560.0, 1620.0, 1680.0, 1740.0, 1800.0, 1860.0, 1920.0, 1980.0, 2040.0, 2100.0, 2160.0, 2220.0, 2280.0, 2340.0, 2400.0, 2460.0, 2520.0, 2580.0, 2640.0, 2700.0, 2760.0, 2820.0, 2880.0, 2940.0, 3000.0]
/////////////////////////
PROCESSING:  TTM1700TZTH
/////////////////////////
plotTreeName: Tprime2_DeepAK8_decorr_Mass
Flavour: M #tag: isV_tZtZ #algo: DeepAK8_decorr
Weights: 1 * 1 * 1 * pileupWeight * 1 * lepIdSF * EGammaGsfSF * 1 * (MCWeight_singleLepCalc/abs(MCWeight_singleLepCalc)) * 1.73388570503e-05
Cuts: (leptonPt_singleLepCalc > 50) && (corr_met_singleLepCalc > 55) && (AK4HT > 480) && (minDR_lepJet > 0.4 || ptRel_lepJet > 40) && (NJetsAK8_JetSubCalc > 2) && (minDR_leadAK8otherAK8 < 3.0) && DataPastTrigger == 1 && isMuon==1
****************************************************************************************************
****************************************************************************************************
DISTRIBUTION: Tp2Mass
            -name in ljmet trees: Tprime2_ALGO_Mass
            -x-axis label is set to: ;M(T) [GeV])
            -using the binning as: [0.0, 60.0, 120.0, 180.0, 240.0, 300.0, 360.0, 420.0, 480.0, 540.0, 600.0, 660.0, 720.0, 780.0, 840.0, 900.0, 960.0, 1020.0, 1080.0, 1140.0, 1200.0, 1260.0, 1320.0, 1380.0, 1440.0, 1500.0, 1560.0, 1620.0, 1680.0, 1740.0, 1800.0, 1860.0, 1920.0, 1980.0, 2040.0, 2100.0, 2160.0, 2220.0, 2280.0, 2340.0, 2400.0, 2460.0, 2520.0, 2580.0, 2640.0, 2700.0, 2760.0, 2820.0, 2880.0, 2940.0, 3000.0]
/////////////////////////
PROCESSING:  TTM1800BWBW
/////////////////////////
plotTreeName: Tprime2_DeepAK8_decorr_Mass
Flavour: M #tag: isV_tZtZ #algo: DeepAK8_decorr
Weights: 1 * 1 * 1 * pileupWeight * 1 * lepIdSF * EGammaGsfSF * 1 * (MCWeight_singleLepCalc/abs(MCWeight_singleLepCalc)) * 3.89579688164e-05
Cuts: (leptonPt_singleLepCalc > 50) && (corr_met_singleLepCalc > 55) && (AK4HT > 480) && (minDR_lepJet > 0.4 || ptRel_lepJet > 40) && (NJetsAK8_JetSubCalc > 2) && (minDR_leadAK8otherAK8 < 3.0) && DataPastTrigger == 1 && isMuon==1
****************************************************************************************************
****************************************************************************************************
DISTRIBUTION: Tp2Mass
            -name in ljmet trees: Tprime2_ALGO_Mass
            -x-axis label is set to: ;M(T) [GeV])
            -using the binning as: [0.0, 60.0, 120.0, 180.0, 240.0, 300.0, 360.0, 420.0, 480.0, 540.0, 600.0, 660.0, 720.0, 780.0, 840.0, 900.0, 960.0, 1020.0, 1080.0, 1140.0, 1200.0, 1260.0, 1320.0, 1380.0, 1440.0, 1500.0, 1560.0, 1620.0, 1680.0, 1740.0, 1800.0, 1860.0, 1920.0, 1980.0, 2040.0, 2100.0, 2160.0, 2220.0, 2280.0, 2340.0, 2400.0, 2460.0, 2520.0, 2580.0, 2640.0, 2700.0, 2760.0, 2820.0, 2880.0, 2940.0, 3000.0]
/////////////////////////
PROCESSING:  TTM1800THTH
/////////////////////////
plotTreeName: Tprime2_DeepAK8_decorr_Mass
Flavour: M #tag: isV_tZtZ #algo: DeepAK8_decorr
Weights: 1 * 1 * 1 * pileupWeight * 1 * lepIdSF * EGammaGsfSF * 1 * (MCWeight_singleLepCalc/abs(MCWeight_singleLepCalc)) * 9.7394922041e-06
Cuts: (leptonPt_singleLepCalc > 50) && (corr_met_singleLepCalc > 55) && (AK4HT > 480) && (minDR_lepJet > 0.4 || ptRel_lepJet > 40) && (NJetsAK8_JetSubCalc > 2) && (minDR_leadAK8otherAK8 < 3.0) && DataPastTrigger == 1 && isMuon==1
****************************************************************************************************
****************************************************************************************************
DISTRIBUTION: Tp2Mass
            -name in ljmet trees: Tprime2_ALGO_Mass
            -x-axis label is set to: ;M(T) [GeV])
            -using the binning as: [0.0, 60.0, 120.0, 180.0, 240.0, 300.0, 360.0, 420.0, 480.0, 540.0, 600.0, 660.0, 720.0, 780.0, 840.0, 900.0, 960.0, 1020.0, 1080.0, 1140.0, 1200.0, 1260.0, 1320.0, 1380.0, 1440.0, 1500.0, 1560.0, 1620.0, 1680.0, 1740.0, 1800.0, 1860.0, 1920.0, 1980.0, 2040.0, 2100.0, 2160.0, 2220.0, 2280.0, 2340.0, 2400.0, 2460.0, 2520.0, 2580.0, 2640.0, 2700.0, 2760.0, 2820.0, 2880.0, 2940.0, 3000.0]
/////////////////////////
PROCESSING:  TTM1800TZTZ
/////////////////////////
plotTreeName: Tprime2_DeepAK8_decorr_Mass
Flavour: M #tag: isV_tZtZ #algo: DeepAK8_decorr
Weights: 1 * 1 * 1 * pileupWeight * 1 * lepIdSF * EGammaGsfSF * 1 * (MCWeight_singleLepCalc/abs(MCWeight_singleLepCalc)) * 9.7394922041e-06
Cuts: (leptonPt_singleLepCalc > 50) && (corr_met_singleLepCalc > 55) && (AK4HT > 480) && (minDR_lepJet > 0.4 || ptRel_lepJet > 40) && (NJetsAK8_JetSubCalc > 2) && (minDR_leadAK8otherAK8 < 3.0) && DataPastTrigger == 1 && isMuon==1
****************************************************************************************************
****************************************************************************************************
DISTRIBUTION: Tp2Mass
            -name in ljmet trees: Tprime2_ALGO_Mass
            -x-axis label is set to: ;M(T) [GeV])
            -using the binning as: [0.0, 60.0, 120.0, 180.0, 240.0, 300.0, 360.0, 420.0, 480.0, 540.0, 600.0, 660.0, 720.0, 780.0, 840.0, 900.0, 960.0, 1020.0, 1080.0, 1140.0, 1200.0, 1260.0, 1320.0, 1380.0, 1440.0, 1500.0, 1560.0, 1620.0, 1680.0, 1740.0, 1800.0, 1860.0, 1920.0, 1980.0, 2040.0, 2100.0, 2160.0, 2220.0, 2280.0, 2340.0, 2400.0, 2460.0, 2520.0, 2580.0, 2640.0, 2700.0, 2760.0, 2820.0, 2880.0, 2940.0, 3000.0]
/////////////////////////
PROCESSING:  TTM1800TZBW
/////////////////////////
plotTreeName: Tprime2_DeepAK8_decorr_Mass
Flavour: M #tag: isV_tZtZ #algo: DeepAK8_decorr
Weights: 1 * 1 * 1 * pileupWeight * 1 * lepIdSF * EGammaGsfSF * 1 * (MCWeight_singleLepCalc/abs(MCWeight_singleLepCalc)) * 1.94789844082e-05
Cuts: (leptonPt_singleLepCalc > 50) && (corr_met_singleLepCalc > 55) && (AK4HT > 480) && (minDR_lepJet > 0.4 || ptRel_lepJet > 40) && (NJetsAK8_JetSubCalc > 2) && (minDR_leadAK8otherAK8 < 3.0) && DataPastTrigger == 1 && isMuon==1
****************************************************************************************************
****************************************************************************************************
DISTRIBUTION: Tp2Mass
            -name in ljmet trees: Tprime2_ALGO_Mass
            -x-axis label is set to: ;M(T) [GeV])
            -using the binning as: [0.0, 60.0, 120.0, 180.0, 240.0, 300.0, 360.0, 420.0, 480.0, 540.0, 600.0, 660.0, 720.0, 780.0, 840.0, 900.0, 960.0, 1020.0, 1080.0, 1140.0, 1200.0, 1260.0, 1320.0, 1380.0, 1440.0, 1500.0, 1560.0, 1620.0, 1680.0, 1740.0, 1800.0, 1860.0, 1920.0, 1980.0, 2040.0, 2100.0, 2160.0, 2220.0, 2280.0, 2340.0, 2400.0, 2460.0, 2520.0, 2580.0, 2640.0, 2700.0, 2760.0, 2820.0, 2880.0, 2940.0, 3000.0]
/////////////////////////
PROCESSING:  TTM1800THBW
/////////////////////////
plotTreeName: Tprime2_DeepAK8_decorr_Mass
Flavour: M #tag: isV_tZtZ #algo: DeepAK8_decorr
Weights: 1 * 1 * 1 * pileupWeight * 1 * lepIdSF * EGammaGsfSF * 1 * (MCWeight_singleLepCalc/abs(MCWeight_singleLepCalc)) * 1.94789844082e-05
Cuts: (leptonPt_singleLepCalc > 50) && (corr_met_singleLepCalc > 55) && (AK4HT > 480) && (minDR_lepJet > 0.4 || ptRel_lepJet > 40) && (NJetsAK8_JetSubCalc > 2) && (minDR_leadAK8otherAK8 < 3.0) && DataPastTrigger == 1 && isMuon==1
****************************************************************************************************
****************************************************************************************************
DISTRIBUTION: Tp2Mass
            -name in ljmet trees: Tprime2_ALGO_Mass
            -x-axis label is set to: ;M(T) [GeV])
            -using the binning as: [0.0, 60.0, 120.0, 180.0, 240.0, 300.0, 360.0, 420.0, 480.0, 540.0, 600.0, 660.0, 720.0, 780.0, 840.0, 900.0, 960.0, 1020.0, 1080.0, 1140.0, 1200.0, 1260.0, 1320.0, 1380.0, 1440.0, 1500.0, 1560.0, 1620.0, 1680.0, 1740.0, 1800.0, 1860.0, 1920.0, 1980.0, 2040.0, 2100.0, 2160.0, 2220.0, 2280.0, 2340.0, 2400.0, 2460.0, 2520.0, 2580.0, 2640.0, 2700.0, 2760.0, 2820.0, 2880.0, 2940.0, 3000.0]
/////////////////////////
PROCESSING:  TTM1800TZTH
/////////////////////////
plotTreeName: Tprime2_DeepAK8_decorr_Mass
Flavour: M #tag: isV_tZtZ #algo: DeepAK8_decorr
Weights: 1 * 1 * 1 * pileupWeight * 1 * lepIdSF * EGammaGsfSF * 1 * (MCWeight_singleLepCalc/abs(MCWeight_singleLepCalc)) * 9.7394922041e-06
Cuts: (leptonPt_singleLepCalc > 50) && (corr_met_singleLepCalc > 55) && (AK4HT > 480) && (minDR_lepJet > 0.4 || ptRel_lepJet > 40) && (NJetsAK8_JetSubCalc > 2) && (minDR_leadAK8otherAK8 < 3.0) && DataPastTrigger == 1 && isMuon==1
****************************************************************************************************
****************************************************************************************************
DISTRIBUTION: Tp2Mass
            -name in ljmet trees: Tprime2_ALGO_Mass
            -x-axis label is set to: ;M(T) [GeV])
            -using the binning as: [0.0, 60.0, 120.0, 180.0, 240.0, 300.0, 360.0, 420.0, 480.0, 540.0, 600.0, 660.0, 720.0, 780.0, 840.0, 900.0, 960.0, 1020.0, 1080.0, 1140.0, 1200.0, 1260.0, 1320.0, 1380.0, 1440.0, 1500.0, 1560.0, 1620.0, 1680.0, 1740.0, 1800.0, 1860.0, 1920.0, 1980.0, 2040.0, 2100.0, 2160.0, 2220.0, 2280.0, 2340.0, 2400.0, 2460.0, 2520.0, 2580.0, 2640.0, 2700.0, 2760.0, 2820.0, 2880.0, 2940.0, 3000.0]
/////////////////////////
PROCESSING:  WJetsMG400
/////////////////////////
plotTreeName: Tprime2_BEST_Mass
Flavour: M #tag: notV #algo: BEST
Weights: 1 * HTSF_Pol * 1 * pileupWeight * 1 * lepIdSF * EGammaGsfSF * 1 * (MCWeight_singleLepCalc/abs(MCWeight_singleLepCalc)) * 0.280770227538
Cuts: (leptonPt_singleLepCalc > 50) && (corr_met_singleLepCalc > 55) && (AK4HT > 480) && (minDR_lepJet > 0.4 || ptRel_lepJet > 40) && (NJetsAK8_JetSubCalc > 2) && (minDR_leadAK8otherAK8 < 3.0) && DataPastTrigger == 1 && isMuon==1
****************************************************************************************************
****************************************************************************************************
DISTRIBUTION: Tp2Mass
            -name in ljmet trees: Tprime2_ALGO_Mass
            -x-axis label is set to: ;M(T) [GeV])
            -using the binning as: [0.0, 60.0, 120.0, 180.0, 240.0, 300.0, 360.0, 420.0, 480.0, 540.0, 600.0, 660.0, 720.0, 780.0, 840.0, 900.0, 960.0, 1020.0, 1080.0, 1140.0, 1200.0, 1260.0, 1320.0, 1380.0, 1440.0, 1500.0, 1560.0, 1620.0, 1680.0, 1740.0, 1800.0, 1860.0, 1920.0, 1980.0, 2040.0, 2100.0, 2160.0, 2220.0, 2280.0, 2340.0, 2400.0, 2460.0, 2520.0, 2580.0, 2640.0, 2700.0, 2760.0, 2820.0, 2880.0, 2940.0, 3000.0]
/////////////////////////
PROCESSING:  WJetsMG600
/////////////////////////
plotTreeName: Tprime2_BEST_Mass
Flavour: M #tag: notV #algo: BEST
Weights: 1 * HTSF_Pol * 1 * pileupWeight * 1 * lepIdSF * EGammaGsfSF * 1 * (MCWeight_singleLepCalc/abs(MCWeight_singleLepCalc)) * 0.0287233231554
Cuts: (leptonPt_singleLepCalc > 50) && (corr_met_singleLepCalc > 55) && (AK4HT > 480) && (minDR_lepJet > 0.4 || ptRel_lepJet > 40) && (NJetsAK8_JetSubCalc > 2) && (minDR_leadAK8otherAK8 < 3.0) && DataPastTrigger == 1 && isMuon==1
****************************************************************************************************
****************************************************************************************************
DISTRIBUTION: Tp2Mass
            -name in ljmet trees: Tprime2_ALGO_Mass
            -x-axis label is set to: ;M(T) [GeV])
            -using the binning as: [0.0, 60.0, 120.0, 180.0, 240.0, 300.0, 360.0, 420.0, 480.0, 540.0, 600.0, 660.0, 720.0, 780.0, 840.0, 900.0, 960.0, 1020.0, 1080.0, 1140.0, 1200.0, 1260.0, 1320.0, 1380.0, 1440.0, 1500.0, 1560.0, 1620.0, 1680.0, 1740.0, 1800.0, 1860.0, 1920.0, 1980.0, 2040.0, 2100.0, 2160.0, 2220.0, 2280.0, 2340.0, 2400.0, 2460.0, 2520.0, 2580.0, 2640.0, 2700.0, 2760.0, 2820.0, 2880.0, 2940.0, 3000.0]
/////////////////////////
PROCESSING:  WJetsMG800
/////////////////////////
plotTreeName: Tprime2_BEST_Mass
Flavour: M #tag: notV #algo: BEST
Weights: 1 * HTSF_Pol * 1 * pileupWeight * 1 * lepIdSF * EGammaGsfSF * 1 * (MCWeight_singleLepCalc/abs(MCWeight_singleLepCalc)) * 0.0316367902594
Cuts: (leptonPt_singleLepCalc > 50) && (corr_met_singleLepCalc > 55) && (AK4HT > 480) && (minDR_lepJet > 0.4 || ptRel_lepJet > 40) && (NJetsAK8_JetSubCalc > 2) && (minDR_leadAK8otherAK8 < 3.0) && DataPastTrigger == 1 && isMuon==1
****************************************************************************************************
****************************************************************************************************
DISTRIBUTION: Tp2Mass
            -name in ljmet trees: Tprime2_ALGO_Mass
            -x-axis label is set to: ;M(T) [GeV])
            -using the binning as: [0.0, 60.0, 120.0, 180.0, 240.0, 300.0, 360.0, 420.0, 480.0, 540.0, 600.0, 660.0, 720.0, 780.0, 840.0, 900.0, 960.0, 1020.0, 1080.0, 1140.0, 1200.0, 1260.0, 1320.0, 1380.0, 1440.0, 1500.0, 1560.0, 1620.0, 1680.0, 1740.0, 1800.0, 1860.0, 1920.0, 1980.0, 2040.0, 2100.0, 2160.0, 2220.0, 2280.0, 2340.0, 2400.0, 2460.0, 2520.0, 2580.0, 2640.0, 2700.0, 2760.0, 2820.0, 2880.0, 2940.0, 3000.0]
/////////////////////////
PROCESSING:  WJetsMG1200
/////////////////////////
plotTreeName: Tprime2_BEST_Mass
Flavour: M #tag: notV #algo: BEST
Weights: 1 * HTSF_Pol * 1 * pileupWeight * 1 * lepIdSF * EGammaGsfSF * 1 * (MCWeight_singleLepCalc/abs(MCWeight_singleLepCalc)) * 0.00861414819858
Cuts: (leptonPt_singleLepCalc > 50) && (corr_met_singleLepCalc > 55) && (AK4HT > 480) && (minDR_lepJet > 0.4 || ptRel_lepJet > 40) && (NJetsAK8_JetSubCalc > 2) && (minDR_leadAK8otherAK8 < 3.0) && DataPastTrigger == 1 && isMuon==1
****************************************************************************************************
****************************************************************************************************
DISTRIBUTION: Tp2Mass
            -name in ljmet trees: Tprime2_ALGO_Mass
            -x-axis label is set to: ;M(T) [GeV])
            -using the binning as: [0.0, 60.0, 120.0, 180.0, 240.0, 300.0, 360.0, 420.0, 480.0, 540.0, 600.0, 660.0, 720.0, 780.0, 840.0, 900.0, 960.0, 1020.0, 1080.0, 1140.0, 1200.0, 1260.0, 1320.0, 1380.0, 1440.0, 1500.0, 1560.0, 1620.0, 1680.0, 1740.0, 1800.0, 1860.0, 1920.0, 1980.0, 2040.0, 2100.0, 2160.0, 2220.0, 2280.0, 2340.0, 2400.0, 2460.0, 2520.0, 2580.0, 2640.0, 2700.0, 2760.0, 2820.0, 2880.0, 2940.0, 3000.0]
/////////////////////////
PROCESSING:  WJetsMG2500
/////////////////////////
plotTreeName: Tprime2_BEST_Mass
Flavour: M #tag: notV #algo: BEST
Weights: 1 * HTSF_Pol * 1 * pileupWeight * 1 * lepIdSF * EGammaGsfSF * 1 * (MCWeight_singleLepCalc/abs(MCWeight_singleLepCalc)) * 0.00054308661217
Cuts: (leptonPt_singleLepCalc > 50) && (corr_met_singleLepCalc > 55) && (AK4HT > 480) && (minDR_lepJet > 0.4 || ptRel_lepJet > 40) && (NJetsAK8_JetSubCalc > 2) && (minDR_leadAK8otherAK8 < 3.0) && DataPastTrigger == 1 && isMuon==1
****************************************************************************************************
****************************************************************************************************
DISTRIBUTION: Tp2Mass
            -name in ljmet trees: Tprime2_ALGO_Mass
            -x-axis label is set to: ;M(T) [GeV])
            -using the binning as: [0.0, 60.0, 120.0, 180.0, 240.0, 300.0, 360.0, 420.0, 480.0, 540.0, 600.0, 660.0, 720.0, 780.0, 840.0, 900.0, 960.0, 1020.0, 1080.0, 1140.0, 1200.0, 1260.0, 1320.0, 1380.0, 1440.0, 1500.0, 1560.0, 1620.0, 1680.0, 1740.0, 1800.0, 1860.0, 1920.0, 1980.0, 2040.0, 2100.0, 2160.0, 2220.0, 2280.0, 2340.0, 2400.0, 2460.0, 2520.0, 2580.0, 2640.0, 2700.0, 2760.0, 2820.0, 2880.0, 2940.0, 3000.0]
/////////////////////////
PROCESSING:  TTM1100BWBW
/////////////////////////
plotTreeName: Tprime2_BEST_Mass
Flavour: M #tag: notV #algo: BEST
Weights: 1 * 1 * 1 * pileupWeight * 1 * lepIdSF * EGammaGsfSF * 1 * (MCWeight_singleLepCalc/abs(MCWeight_singleLepCalc)) * 0.00223239916536
Cuts: (leptonPt_singleLepCalc > 50) && (corr_met_singleLepCalc > 55) && (AK4HT > 480) && (minDR_lepJet > 0.4 || ptRel_lepJet > 40) && (NJetsAK8_JetSubCalc > 2) && (minDR_leadAK8otherAK8 < 3.0) && DataPastTrigger == 1 && isMuon==1
****************************************************************************************************
****************************************************************************************************
DISTRIBUTION: Tp2Mass
            -name in ljmet trees: Tprime2_ALGO_Mass
            -x-axis label is set to: ;M(T) [GeV])
            -using the binning as: [0.0, 60.0, 120.0, 180.0, 240.0, 300.0, 360.0, 420.0, 480.0, 540.0, 600.0, 660.0, 720.0, 780.0, 840.0, 900.0, 960.0, 1020.0, 1080.0, 1140.0, 1200.0, 1260.0, 1320.0, 1380.0, 1440.0, 1500.0, 1560.0, 1620.0, 1680.0, 1740.0, 1800.0, 1860.0, 1920.0, 1980.0, 2040.0, 2100.0, 2160.0, 2220.0, 2280.0, 2340.0, 2400.0, 2460.0, 2520.0, 2580.0, 2640.0, 2700.0, 2760.0, 2820.0, 2880.0, 2940.0, 3000.0]
/////////////////////////
PROCESSING:  TTM1100THTH
/////////////////////////
plotTreeName: Tprime2_BEST_Mass
Flavour: M #tag: notV #algo: BEST
Weights: 1 * 1 * 1 * pileupWeight * 1 * lepIdSF * EGammaGsfSF * 1 * (MCWeight_singleLepCalc/abs(MCWeight_singleLepCalc)) * 0.000558099791339
Cuts: (leptonPt_singleLepCalc > 50) && (corr_met_singleLepCalc > 55) && (AK4HT > 480) && (minDR_lepJet > 0.4 || ptRel_lepJet > 40) && (NJetsAK8_JetSubCalc > 2) && (minDR_leadAK8otherAK8 < 3.0) && DataPastTrigger == 1 && isMuon==1
****************************************************************************************************
****************************************************************************************************
DISTRIBUTION: Tp2Mass
            -name in ljmet trees: Tprime2_ALGO_Mass
            -x-axis label is set to: ;M(T) [GeV])
            -using the binning as: [0.0, 60.0, 120.0, 180.0, 240.0, 300.0, 360.0, 420.0, 480.0, 540.0, 600.0, 660.0, 720.0, 780.0, 840.0, 900.0, 960.0, 1020.0, 1080.0, 1140.0, 1200.0, 1260.0, 1320.0, 1380.0, 1440.0, 1500.0, 1560.0, 1620.0, 1680.0, 1740.0, 1800.0, 1860.0, 1920.0, 1980.0, 2040.0, 2100.0, 2160.0, 2220.0, 2280.0, 2340.0, 2400.0, 2460.0, 2520.0, 2580.0, 2640.0, 2700.0, 2760.0, 2820.0, 2880.0, 2940.0, 3000.0]
/////////////////////////
PROCESSING:  TTM1100TZTZ
/////////////////////////
plotTreeName: Tprime2_BEST_Mass
Flavour: M #tag: notV #algo: BEST
Weights: 1 * 1 * 1 * pileupWeight * 1 * lepIdSF * EGammaGsfSF * 1 * (MCWeight_singleLepCalc/abs(MCWeight_singleLepCalc)) * 0.000558099791339
Cuts: (leptonPt_singleLepCalc > 50) && (corr_met_singleLepCalc > 55) && (AK4HT > 480) && (minDR_lepJet > 0.4 || ptRel_lepJet > 40) && (NJetsAK8_JetSubCalc > 2) && (minDR_leadAK8otherAK8 < 3.0) && DataPastTrigger == 1 && isMuon==1
****************************************************************************************************
****************************************************************************************************
DISTRIBUTION: Tp2Mass
            -name in ljmet trees: Tprime2_ALGO_Mass
            -x-axis label is set to: ;M(T) [GeV])
            -using the binning as: [0.0, 60.0, 120.0, 180.0, 240.0, 300.0, 360.0, 420.0, 480.0, 540.0, 600.0, 660.0, 720.0, 780.0, 840.0, 900.0, 960.0, 1020.0, 1080.0, 1140.0, 1200.0, 1260.0, 1320.0, 1380.0, 1440.0, 1500.0, 1560.0, 1620.0, 1680.0, 1740.0, 1800.0, 1860.0, 1920.0, 1980.0, 2040.0, 2100.0, 2160.0, 2220.0, 2280.0, 2340.0, 2400.0, 2460.0, 2520.0, 2580.0, 2640.0, 2700.0, 2760.0, 2820.0, 2880.0, 2940.0, 3000.0]
/////////////////////////
PROCESSING:  TTM1100TZBW
/////////////////////////
plotTreeName: Tprime2_BEST_Mass
Flavour: M #tag: notV #algo: BEST
Weights: 1 * 1 * 1 * pileupWeight * 1 * lepIdSF * EGammaGsfSF * 1 * (MCWeight_singleLepCalc/abs(MCWeight_singleLepCalc)) * 0.00111619958268
Cuts: (leptonPt_singleLepCalc > 50) && (corr_met_singleLepCalc > 55) && (AK4HT > 480) && (minDR_lepJet > 0.4 || ptRel_lepJet > 40) && (NJetsAK8_JetSubCalc > 2) && (minDR_leadAK8otherAK8 < 3.0) && DataPastTrigger == 1 && isMuon==1
****************************************************************************************************
****************************************************************************************************
DISTRIBUTION: Tp2Mass
            -name in ljmet trees: Tprime2_ALGO_Mass
            -x-axis label is set to: ;M(T) [GeV])
            -using the binning as: [0.0, 60.0, 120.0, 180.0, 240.0, 300.0, 360.0, 420.0, 480.0, 540.0, 600.0, 660.0, 720.0, 780.0, 840.0, 900.0, 960.0, 1020.0, 1080.0, 1140.0, 1200.0, 1260.0, 1320.0, 1380.0, 1440.0, 1500.0, 1560.0, 1620.0, 1680.0, 1740.0, 1800.0, 1860.0, 1920.0, 1980.0, 2040.0, 2100.0, 2160.0, 2220.0, 2280.0, 2340.0, 2400.0, 2460.0, 2520.0, 2580.0, 2640.0, 2700.0, 2760.0, 2820.0, 2880.0, 2940.0, 3000.0]
/////////////////////////
PROCESSING:  TTM1100THBW
/////////////////////////
plotTreeName: Tprime2_BEST_Mass
Flavour: M #tag: notV #algo: BEST
Weights: 1 * 1 * 1 * pileupWeight * 1 * lepIdSF * EGammaGsfSF * 1 * (MCWeight_singleLepCalc/abs(MCWeight_singleLepCalc)) * 0.00111619958268
Cuts: (leptonPt_singleLepCalc > 50) && (corr_met_singleLepCalc > 55) && (AK4HT > 480) && (minDR_lepJet > 0.4 || ptRel_lepJet > 40) && (NJetsAK8_JetSubCalc > 2) && (minDR_leadAK8otherAK8 < 3.0) && DataPastTrigger == 1 && isMuon==1
****************************************************************************************************
****************************************************************************************************
DISTRIBUTION: Tp2Mass
            -name in ljmet trees: Tprime2_ALGO_Mass
            -x-axis label is set to: ;M(T) [GeV])
            -using the binning as: [0.0, 60.0, 120.0, 180.0, 240.0, 300.0, 360.0, 420.0, 480.0, 540.0, 600.0, 660.0, 720.0, 780.0, 840.0, 900.0, 960.0, 1020.0, 1080.0, 1140.0, 1200.0, 1260.0, 1320.0, 1380.0, 1440.0, 1500.0, 1560.0, 1620.0, 1680.0, 1740.0, 1800.0, 1860.0, 1920.0, 1980.0, 2040.0, 2100.0, 2160.0, 2220.0, 2280.0, 2340.0, 2400.0, 2460.0, 2520.0, 2580.0, 2640.0, 2700.0, 2760.0, 2820.0, 2880.0, 2940.0, 3000.0]
/////////////////////////
PROCESSING:  TTM1100TZTH
/////////////////////////
plotTreeName: Tprime2_BEST_Mass
Flavour: M #tag: notV #algo: BEST
Weights: 1 * 1 * 1 * pileupWeight * 1 * lepIdSF * EGammaGsfSF * 1 * (MCWeight_singleLepCalc/abs(MCWeight_singleLepCalc)) * 0.000558099791339
Cuts: (leptonPt_singleLepCalc > 50) && (corr_met_singleLepCalc > 55) && (AK4HT > 480) && (minDR_lepJet > 0.4 || ptRel_lepJet > 40) && (NJetsAK8_JetSubCalc > 2) && (minDR_leadAK8otherAK8 < 3.0) && DataPastTrigger == 1 && isMuon==1
****************************************************************************************************
****************************************************************************************************
DISTRIBUTION: Tp2Mass
            -name in ljmet trees: Tprime2_ALGO_Mass
            -x-axis label is set to: ;M(T) [GeV])
            -using the binning as: [0.0, 60.0, 120.0, 180.0, 240.0, 300.0, 360.0, 420.0, 480.0, 540.0, 600.0, 660.0, 720.0, 780.0, 840.0, 900.0, 960.0, 1020.0, 1080.0, 1140.0, 1200.0, 1260.0, 1320.0, 1380.0, 1440.0, 1500.0, 1560.0, 1620.0, 1680.0, 1740.0, 1800.0, 1860.0, 1920.0, 1980.0, 2040.0, 2100.0, 2160.0, 2220.0, 2280.0, 2340.0, 2400.0, 2460.0, 2520.0, 2580.0, 2640.0, 2700.0, 2760.0, 2820.0, 2880.0, 2940.0, 3000.0]
/////////////////////////
PROCESSING:  TTM1200BWBW
/////////////////////////
plotTreeName: Tprime2_BEST_Mass
Flavour: M #tag: notV #algo: BEST
Weights: 1 * 1 * 1 * pileupWeight * 1 * lepIdSF * EGammaGsfSF * 1 * (MCWeight_singleLepCalc/abs(MCWeight_singleLepCalc)) * 0.00117627847652
Cuts: (leptonPt_singleLepCalc > 50) && (corr_met_singleLepCalc > 55) && (AK4HT > 480) && (minDR_lepJet > 0.4 || ptRel_lepJet > 40) && (NJetsAK8_JetSubCalc > 2) && (minDR_leadAK8otherAK8 < 3.0) && DataPastTrigger == 1 && isMuon==1
****************************************************************************************************
****************************************************************************************************
DISTRIBUTION: Tp2Mass
            -name in ljmet trees: Tprime2_ALGO_Mass
            -x-axis label is set to: ;M(T) [GeV])
            -using the binning as: [0.0, 60.0, 120.0, 180.0, 240.0, 300.0, 360.0, 420.0, 480.0, 540.0, 600.0, 660.0, 720.0, 780.0, 840.0, 900.0, 960.0, 1020.0, 1080.0, 1140.0, 1200.0, 1260.0, 1320.0, 1380.0, 1440.0, 1500.0, 1560.0, 1620.0, 1680.0, 1740.0, 1800.0, 1860.0, 1920.0, 1980.0, 2040.0, 2100.0, 2160.0, 2220.0, 2280.0, 2340.0, 2400.0, 2460.0, 2520.0, 2580.0, 2640.0, 2700.0, 2760.0, 2820.0, 2880.0, 2940.0, 3000.0]
/////////////////////////
PROCESSING:  TTM1200THTH
/////////////////////////
plotTreeName: Tprime2_BEST_Mass
Flavour: M #tag: notV #algo: BEST
Weights: 1 * 1 * 1 * pileupWeight * 1 * lepIdSF * EGammaGsfSF * 1 * (MCWeight_singleLepCalc/abs(MCWeight_singleLepCalc)) * 0.00029406961913
Cuts: (leptonPt_singleLepCalc > 50) && (corr_met_singleLepCalc > 55) && (AK4HT > 480) && (minDR_lepJet > 0.4 || ptRel_lepJet > 40) && (NJetsAK8_JetSubCalc > 2) && (minDR_leadAK8otherAK8 < 3.0) && DataPastTrigger == 1 && isMuon==1
****************************************************************************************************
****************************************************************************************************
DISTRIBUTION: Tp2Mass
            -name in ljmet trees: Tprime2_ALGO_Mass
            -x-axis label is set to: ;M(T) [GeV])
            -using the binning as: [0.0, 60.0, 120.0, 180.0, 240.0, 300.0, 360.0, 420.0, 480.0, 540.0, 600.0, 660.0, 720.0, 780.0, 840.0, 900.0, 960.0, 1020.0, 1080.0, 1140.0, 1200.0, 1260.0, 1320.0, 1380.0, 1440.0, 1500.0, 1560.0, 1620.0, 1680.0, 1740.0, 1800.0, 1860.0, 1920.0, 1980.0, 2040.0, 2100.0, 2160.0, 2220.0, 2280.0, 2340.0, 2400.0, 2460.0, 2520.0, 2580.0, 2640.0, 2700.0, 2760.0, 2820.0, 2880.0, 2940.0, 3000.0]
/////////////////////////
PROCESSING:  TTM1200TZTZ
/////////////////////////
plotTreeName: Tprime2_BEST_Mass
Flavour: M #tag: notV #algo: BEST
Weights: 1 * 1 * 1 * pileupWeight * 1 * lepIdSF * EGammaGsfSF * 1 * (MCWeight_singleLepCalc/abs(MCWeight_singleLepCalc)) * 0.00029406961913
Cuts: (leptonPt_singleLepCalc > 50) && (corr_met_singleLepCalc > 55) && (AK4HT > 480) && (minDR_lepJet > 0.4 || ptRel_lepJet > 40) && (NJetsAK8_JetSubCalc > 2) && (minDR_leadAK8otherAK8 < 3.0) && DataPastTrigger == 1 && isMuon==1
****************************************************************************************************
****************************************************************************************************
DISTRIBUTION: Tp2Mass
            -name in ljmet trees: Tprime2_ALGO_Mass
            -x-axis label is set to: ;M(T) [GeV])
            -using the binning as: [0.0, 60.0, 120.0, 180.0, 240.0, 300.0, 360.0, 420.0, 480.0, 540.0, 600.0, 660.0, 720.0, 780.0, 840.0, 900.0, 960.0, 1020.0, 1080.0, 1140.0, 1200.0, 1260.0, 1320.0, 1380.0, 1440.0, 1500.0, 1560.0, 1620.0, 1680.0, 1740.0, 1800.0, 1860.0, 1920.0, 1980.0, 2040.0, 2100.0, 2160.0, 2220.0, 2280.0, 2340.0, 2400.0, 2460.0, 2520.0, 2580.0, 2640.0, 2700.0, 2760.0, 2820.0, 2880.0, 2940.0, 3000.0]
/////////////////////////
PROCESSING:  TTM1200TZBW
/////////////////////////
plotTreeName: Tprime2_BEST_Mass
Flavour: M #tag: notV #algo: BEST
Weights: 1 * 1 * 1 * pileupWeight * 1 * lepIdSF * EGammaGsfSF * 1 * (MCWeight_singleLepCalc/abs(MCWeight_singleLepCalc)) * 0.000588139238259
Cuts: (leptonPt_singleLepCalc > 50) && (corr_met_singleLepCalc > 55) && (AK4HT > 480) && (minDR_lepJet > 0.4 || ptRel_lepJet > 40) && (NJetsAK8_JetSubCalc > 2) && (minDR_leadAK8otherAK8 < 3.0) && DataPastTrigger == 1 && isMuon==1
****************************************************************************************************
****************************************************************************************************
DISTRIBUTION: Tp2Mass
            -name in ljmet trees: Tprime2_ALGO_Mass
            -x-axis label is set to: ;M(T) [GeV])
            -using the binning as: [0.0, 60.0, 120.0, 180.0, 240.0, 300.0, 360.0, 420.0, 480.0, 540.0, 600.0, 660.0, 720.0, 780.0, 840.0, 900.0, 960.0, 1020.0, 1080.0, 1140.0, 1200.0, 1260.0, 1320.0, 1380.0, 1440.0, 1500.0, 1560.0, 1620.0, 1680.0, 1740.0, 1800.0, 1860.0, 1920.0, 1980.0, 2040.0, 2100.0, 2160.0, 2220.0, 2280.0, 2340.0, 2400.0, 2460.0, 2520.0, 2580.0, 2640.0, 2700.0, 2760.0, 2820.0, 2880.0, 2940.0, 3000.0]
/////////////////////////
PROCESSING:  TTM1200THBW
/////////////////////////
plotTreeName: Tprime2_BEST_Mass
Flavour: M #tag: notV #algo: BEST
Weights: 1 * 1 * 1 * pileupWeight * 1 * lepIdSF * EGammaGsfSF * 1 * (MCWeight_singleLepCalc/abs(MCWeight_singleLepCalc)) * 0.000588139238259
Cuts: (leptonPt_singleLepCalc > 50) && (corr_met_singleLepCalc > 55) && (AK4HT > 480) && (minDR_lepJet > 0.4 || ptRel_lepJet > 40) && (NJetsAK8_JetSubCalc > 2) && (minDR_leadAK8otherAK8 < 3.0) && DataPastTrigger == 1 && isMuon==1
****************************************************************************************************
****************************************************************************************************
DISTRIBUTION: Tp2Mass
            -name in ljmet trees: Tprime2_ALGO_Mass
            -x-axis label is set to: ;M(T) [GeV])
            -using the binning as: [0.0, 60.0, 120.0, 180.0, 240.0, 300.0, 360.0, 420.0, 480.0, 540.0, 600.0, 660.0, 720.0, 780.0, 840.0, 900.0, 960.0, 1020.0, 1080.0, 1140.0, 1200.0, 1260.0, 1320.0, 1380.0, 1440.0, 1500.0, 1560.0, 1620.0, 1680.0, 1740.0, 1800.0, 1860.0, 1920.0, 1980.0, 2040.0, 2100.0, 2160.0, 2220.0, 2280.0, 2340.0, 2400.0, 2460.0, 2520.0, 2580.0, 2640.0, 2700.0, 2760.0, 2820.0, 2880.0, 2940.0, 3000.0]
/////////////////////////
PROCESSING:  TTM1200TZTH
/////////////////////////
plotTreeName: Tprime2_BEST_Mass
Flavour: M #tag: notV #algo: BEST
Weights: 1 * 1 * 1 * pileupWeight * 1 * lepIdSF * EGammaGsfSF * 1 * (MCWeight_singleLepCalc/abs(MCWeight_singleLepCalc)) * 0.00029406961913
Cuts: (leptonPt_singleLepCalc > 50) && (corr_met_singleLepCalc > 55) && (AK4HT > 480) && (minDR_lepJet > 0.4 || ptRel_lepJet > 40) && (NJetsAK8_JetSubCalc > 2) && (minDR_leadAK8otherAK8 < 3.0) && DataPastTrigger == 1 && isMuon==1
****************************************************************************************************
****************************************************************************************************
DISTRIBUTION: Tp2Mass
            -name in ljmet trees: Tprime2_ALGO_Mass
            -x-axis label is set to: ;M(T) [GeV])
            -using the binning as: [0.0, 60.0, 120.0, 180.0, 240.0, 300.0, 360.0, 420.0, 480.0, 540.0, 600.0, 660.0, 720.0, 780.0, 840.0, 900.0, 960.0, 1020.0, 1080.0, 1140.0, 1200.0, 1260.0, 1320.0, 1380.0, 1440.0, 1500.0, 1560.0, 1620.0, 1680.0, 1740.0, 1800.0, 1860.0, 1920.0, 1980.0, 2040.0, 2100.0, 2160.0, 2220.0, 2280.0, 2340.0, 2400.0, 2460.0, 2520.0, 2580.0, 2640.0, 2700.0, 2760.0, 2820.0, 2880.0, 2940.0, 3000.0]
/////////////////////////
PROCESSING:  TTM1300BWBW
/////////////////////////
plotTreeName: Tprime2_BEST_Mass
Flavour: M #tag: notV #algo: BEST
Weights: 1 * 1 * 1 * pileupWeight * 1 * lepIdSF * EGammaGsfSF * 1 * (MCWeight_singleLepCalc/abs(MCWeight_singleLepCalc)) * 0.00063821114509
Cuts: (leptonPt_singleLepCalc > 50) && (corr_met_singleLepCalc > 55) && (AK4HT > 480) && (minDR_lepJet > 0.4 || ptRel_lepJet > 40) && (NJetsAK8_JetSubCalc > 2) && (minDR_leadAK8otherAK8 < 3.0) && DataPastTrigger == 1 && isMuon==1
****************************************************************************************************
****************************************************************************************************
DISTRIBUTION: Tp2Mass
            -name in ljmet trees: Tprime2_ALGO_Mass
            -x-axis label is set to: ;M(T) [GeV])
            -using the binning as: [0.0, 60.0, 120.0, 180.0, 240.0, 300.0, 360.0, 420.0, 480.0, 540.0, 600.0, 660.0, 720.0, 780.0, 840.0, 900.0, 960.0, 1020.0, 1080.0, 1140.0, 1200.0, 1260.0, 1320.0, 1380.0, 1440.0, 1500.0, 1560.0, 1620.0, 1680.0, 1740.0, 1800.0, 1860.0, 1920.0, 1980.0, 2040.0, 2100.0, 2160.0, 2220.0, 2280.0, 2340.0, 2400.0, 2460.0, 2520.0, 2580.0, 2640.0, 2700.0, 2760.0, 2820.0, 2880.0, 2940.0, 3000.0]
/////////////////////////
PROCESSING:  TTM1300THTH
/////////////////////////
plotTreeName: Tprime2_BEST_Mass
Flavour: M #tag: notV #algo: BEST
Weights: 1 * 1 * 1 * pileupWeight * 1 * lepIdSF * EGammaGsfSF * 1 * (MCWeight_singleLepCalc/abs(MCWeight_singleLepCalc)) * 0.000159552786272
Cuts: (leptonPt_singleLepCalc > 50) && (corr_met_singleLepCalc > 55) && (AK4HT > 480) && (minDR_lepJet > 0.4 || ptRel_lepJet > 40) && (NJetsAK8_JetSubCalc > 2) && (minDR_leadAK8otherAK8 < 3.0) && DataPastTrigger == 1 && isMuon==1
****************************************************************************************************
****************************************************************************************************
DISTRIBUTION: Tp2Mass
            -name in ljmet trees: Tprime2_ALGO_Mass
            -x-axis label is set to: ;M(T) [GeV])
            -using the binning as: [0.0, 60.0, 120.0, 180.0, 240.0, 300.0, 360.0, 420.0, 480.0, 540.0, 600.0, 660.0, 720.0, 780.0, 840.0, 900.0, 960.0, 1020.0, 1080.0, 1140.0, 1200.0, 1260.0, 1320.0, 1380.0, 1440.0, 1500.0, 1560.0, 1620.0, 1680.0, 1740.0, 1800.0, 1860.0, 1920.0, 1980.0, 2040.0, 2100.0, 2160.0, 2220.0, 2280.0, 2340.0, 2400.0, 2460.0, 2520.0, 2580.0, 2640.0, 2700.0, 2760.0, 2820.0, 2880.0, 2940.0, 3000.0]
/////////////////////////
PROCESSING:  TTM1300TZTZ
/////////////////////////
plotTreeName: Tprime2_BEST_Mass
Flavour: M #tag: notV #algo: BEST
Weights: 1 * 1 * 1 * pileupWeight * 1 * lepIdSF * EGammaGsfSF * 1 * (MCWeight_singleLepCalc/abs(MCWeight_singleLepCalc)) * 0.000159552786272
Cuts: (leptonPt_singleLepCalc > 50) && (corr_met_singleLepCalc > 55) && (AK4HT > 480) && (minDR_lepJet > 0.4 || ptRel_lepJet > 40) && (NJetsAK8_JetSubCalc > 2) && (minDR_leadAK8otherAK8 < 3.0) && DataPastTrigger == 1 && isMuon==1
****************************************************************************************************
****************************************************************************************************
DISTRIBUTION: Tp2Mass
            -name in ljmet trees: Tprime2_ALGO_Mass
            -x-axis label is set to: ;M(T) [GeV])
            -using the binning as: [0.0, 60.0, 120.0, 180.0, 240.0, 300.0, 360.0, 420.0, 480.0, 540.0, 600.0, 660.0, 720.0, 780.0, 840.0, 900.0, 960.0, 1020.0, 1080.0, 1140.0, 1200.0, 1260.0, 1320.0, 1380.0, 1440.0, 1500.0, 1560.0, 1620.0, 1680.0, 1740.0, 1800.0, 1860.0, 1920.0, 1980.0, 2040.0, 2100.0, 2160.0, 2220.0, 2280.0, 2340.0, 2400.0, 2460.0, 2520.0, 2580.0, 2640.0, 2700.0, 2760.0, 2820.0, 2880.0, 2940.0, 3000.0]
/////////////////////////
PROCESSING:  TTM1300TZBW
/////////////////////////
plotTreeName: Tprime2_BEST_Mass
Flavour: M #tag: notV #algo: BEST
Weights: 1 * 1 * 1 * pileupWeight * 1 * lepIdSF * EGammaGsfSF * 1 * (MCWeight_singleLepCalc/abs(MCWeight_singleLepCalc)) * 0.000319105572545
Cuts: (leptonPt_singleLepCalc > 50) && (corr_met_singleLepCalc > 55) && (AK4HT > 480) && (minDR_lepJet > 0.4 || ptRel_lepJet > 40) && (NJetsAK8_JetSubCalc > 2) && (minDR_leadAK8otherAK8 < 3.0) && DataPastTrigger == 1 && isMuon==1
****************************************************************************************************
****************************************************************************************************
DISTRIBUTION: Tp2Mass
            -name in ljmet trees: Tprime2_ALGO_Mass
            -x-axis label is set to: ;M(T) [GeV])
            -using the binning as: [0.0, 60.0, 120.0, 180.0, 240.0, 300.0, 360.0, 420.0, 480.0, 540.0, 600.0, 660.0, 720.0, 780.0, 840.0, 900.0, 960.0, 1020.0, 1080.0, 1140.0, 1200.0, 1260.0, 1320.0, 1380.0, 1440.0, 1500.0, 1560.0, 1620.0, 1680.0, 1740.0, 1800.0, 1860.0, 1920.0, 1980.0, 2040.0, 2100.0, 2160.0, 2220.0, 2280.0, 2340.0, 2400.0, 2460.0, 2520.0, 2580.0, 2640.0, 2700.0, 2760.0, 2820.0, 2880.0, 2940.0, 3000.0]
/////////////////////////
PROCESSING:  TTM1300THBW
/////////////////////////
plotTreeName: Tprime2_BEST_Mass
Flavour: M #tag: notV #algo: BEST
Weights: 1 * 1 * 1 * pileupWeight * 1 * lepIdSF * EGammaGsfSF * 1 * (MCWeight_singleLepCalc/abs(MCWeight_singleLepCalc)) * 0.000319105572545
Cuts: (leptonPt_singleLepCalc > 50) && (corr_met_singleLepCalc > 55) && (AK4HT > 480) && (minDR_lepJet > 0.4 || ptRel_lepJet > 40) && (NJetsAK8_JetSubCalc > 2) && (minDR_leadAK8otherAK8 < 3.0) && DataPastTrigger == 1 && isMuon==1
****************************************************************************************************
****************************************************************************************************
DISTRIBUTION: Tp2Mass
            -name in ljmet trees: Tprime2_ALGO_Mass
            -x-axis label is set to: ;M(T) [GeV])
            -using the binning as: [0.0, 60.0, 120.0, 180.0, 240.0, 300.0, 360.0, 420.0, 480.0, 540.0, 600.0, 660.0, 720.0, 780.0, 840.0, 900.0, 960.0, 1020.0, 1080.0, 1140.0, 1200.0, 1260.0, 1320.0, 1380.0, 1440.0, 1500.0, 1560.0, 1620.0, 1680.0, 1740.0, 1800.0, 1860.0, 1920.0, 1980.0, 2040.0, 2100.0, 2160.0, 2220.0, 2280.0, 2340.0, 2400.0, 2460.0, 2520.0, 2580.0, 2640.0, 2700.0, 2760.0, 2820.0, 2880.0, 2940.0, 3000.0]
/////////////////////////
PROCESSING:  TTM1300TZTH
/////////////////////////
plotTreeName: Tprime2_BEST_Mass
Flavour: M #tag: notV #algo: BEST
Weights: 1 * 1 * 1 * pileupWeight * 1 * lepIdSF * EGammaGsfSF * 1 * (MCWeight_singleLepCalc/abs(MCWeight_singleLepCalc)) * 0.000159552786272
Cuts: (leptonPt_singleLepCalc > 50) && (corr_met_singleLepCalc > 55) && (AK4HT > 480) && (minDR_lepJet > 0.4 || ptRel_lepJet > 40) && (NJetsAK8_JetSubCalc > 2) && (minDR_leadAK8otherAK8 < 3.0) && DataPastTrigger == 1 && isMuon==1
****************************************************************************************************
****************************************************************************************************
DISTRIBUTION: Tp2Mass
            -name in ljmet trees: Tprime2_ALGO_Mass
            -x-axis label is set to: ;M(T) [GeV])
            -using the binning as: [0.0, 60.0, 120.0, 180.0, 240.0, 300.0, 360.0, 420.0, 480.0, 540.0, 600.0, 660.0, 720.0, 780.0, 840.0, 900.0, 960.0, 1020.0, 1080.0, 1140.0, 1200.0, 1260.0, 1320.0, 1380.0, 1440.0, 1500.0, 1560.0, 1620.0, 1680.0, 1740.0, 1800.0, 1860.0, 1920.0, 1980.0, 2040.0, 2100.0, 2160.0, 2220.0, 2280.0, 2340.0, 2400.0, 2460.0, 2520.0, 2580.0, 2640.0, 2700.0, 2760.0, 2820.0, 2880.0, 2940.0, 3000.0]
/////////////////////////
PROCESSING:  TTM1400BWBW
/////////////////////////
plotTreeName: Tprime2_BEST_Mass
Flavour: M #tag: notV #algo: BEST
Weights: 1 * 1 * 1 * pileupWeight * 1 * lepIdSF * EGammaGsfSF * 1 * (MCWeight_singleLepCalc/abs(MCWeight_singleLepCalc)) * 0.000352883542956
Cuts: (leptonPt_singleLepCalc > 50) && (corr_met_singleLepCalc > 55) && (AK4HT > 480) && (minDR_lepJet > 0.4 || ptRel_lepJet > 40) && (NJetsAK8_JetSubCalc > 2) && (minDR_leadAK8otherAK8 < 3.0) && DataPastTrigger == 1 && isMuon==1
****************************************************************************************************
****************************************************************************************************
DISTRIBUTION: Tp2Mass
            -name in ljmet trees: Tprime2_ALGO_Mass
            -x-axis label is set to: ;M(T) [GeV])
            -using the binning as: [0.0, 60.0, 120.0, 180.0, 240.0, 300.0, 360.0, 420.0, 480.0, 540.0, 600.0, 660.0, 720.0, 780.0, 840.0, 900.0, 960.0, 1020.0, 1080.0, 1140.0, 1200.0, 1260.0, 1320.0, 1380.0, 1440.0, 1500.0, 1560.0, 1620.0, 1680.0, 1740.0, 1800.0, 1860.0, 1920.0, 1980.0, 2040.0, 2100.0, 2160.0, 2220.0, 2280.0, 2340.0, 2400.0, 2460.0, 2520.0, 2580.0, 2640.0, 2700.0, 2760.0, 2820.0, 2880.0, 2940.0, 3000.0]
/////////////////////////
PROCESSING:  TTM1400THTH
/////////////////////////
plotTreeName: Tprime2_BEST_Mass
Flavour: M #tag: notV #algo: BEST
Weights: 1 * 1 * 1 * pileupWeight * 1 * lepIdSF * EGammaGsfSF * 1 * (MCWeight_singleLepCalc/abs(MCWeight_singleLepCalc)) * 8.82208857389e-05
Cuts: (leptonPt_singleLepCalc > 50) && (corr_met_singleLepCalc > 55) && (AK4HT > 480) && (minDR_lepJet > 0.4 || ptRel_lepJet > 40) && (NJetsAK8_JetSubCalc > 2) && (minDR_leadAK8otherAK8 < 3.0) && DataPastTrigger == 1 && isMuon==1
****************************************************************************************************
****************************************************************************************************
DISTRIBUTION: Tp2Mass
            -name in ljmet trees: Tprime2_ALGO_Mass
            -x-axis label is set to: ;M(T) [GeV])
            -using the binning as: [0.0, 60.0, 120.0, 180.0, 240.0, 300.0, 360.0, 420.0, 480.0, 540.0, 600.0, 660.0, 720.0, 780.0, 840.0, 900.0, 960.0, 1020.0, 1080.0, 1140.0, 1200.0, 1260.0, 1320.0, 1380.0, 1440.0, 1500.0, 1560.0, 1620.0, 1680.0, 1740.0, 1800.0, 1860.0, 1920.0, 1980.0, 2040.0, 2100.0, 2160.0, 2220.0, 2280.0, 2340.0, 2400.0, 2460.0, 2520.0, 2580.0, 2640.0, 2700.0, 2760.0, 2820.0, 2880.0, 2940.0, 3000.0]
/////////////////////////
PROCESSING:  TTM1400TZTZ
/////////////////////////
plotTreeName: Tprime2_BEST_Mass
Flavour: M #tag: notV #algo: BEST
Weights: 1 * 1 * 1 * pileupWeight * 1 * lepIdSF * EGammaGsfSF * 1 * (MCWeight_singleLepCalc/abs(MCWeight_singleLepCalc)) * 8.82208857389e-05
Cuts: (leptonPt_singleLepCalc > 50) && (corr_met_singleLepCalc > 55) && (AK4HT > 480) && (minDR_lepJet > 0.4 || ptRel_lepJet > 40) && (NJetsAK8_JetSubCalc > 2) && (minDR_leadAK8otherAK8 < 3.0) && DataPastTrigger == 1 && isMuon==1
****************************************************************************************************
****************************************************************************************************
DISTRIBUTION: Tp2Mass
            -name in ljmet trees: Tprime2_ALGO_Mass
            -x-axis label is set to: ;M(T) [GeV])
            -using the binning as: [0.0, 60.0, 120.0, 180.0, 240.0, 300.0, 360.0, 420.0, 480.0, 540.0, 600.0, 660.0, 720.0, 780.0, 840.0, 900.0, 960.0, 1020.0, 1080.0, 1140.0, 1200.0, 1260.0, 1320.0, 1380.0, 1440.0, 1500.0, 1560.0, 1620.0, 1680.0, 1740.0, 1800.0, 1860.0, 1920.0, 1980.0, 2040.0, 2100.0, 2160.0, 2220.0, 2280.0, 2340.0, 2400.0, 2460.0, 2520.0, 2580.0, 2640.0, 2700.0, 2760.0, 2820.0, 2880.0, 2940.0, 3000.0]
/////////////////////////
PROCESSING:  TTM1400TZBW
/////////////////////////
plotTreeName: Tprime2_BEST_Mass
Flavour: M #tag: notV #algo: BEST
Weights: 1 * 1 * 1 * pileupWeight * 1 * lepIdSF * EGammaGsfSF * 1 * (MCWeight_singleLepCalc/abs(MCWeight_singleLepCalc)) * 0.000176441771478
Cuts: (leptonPt_singleLepCalc > 50) && (corr_met_singleLepCalc > 55) && (AK4HT > 480) && (minDR_lepJet > 0.4 || ptRel_lepJet > 40) && (NJetsAK8_JetSubCalc > 2) && (minDR_leadAK8otherAK8 < 3.0) && DataPastTrigger == 1 && isMuon==1
****************************************************************************************************
****************************************************************************************************
DISTRIBUTION: Tp2Mass
            -name in ljmet trees: Tprime2_ALGO_Mass
            -x-axis label is set to: ;M(T) [GeV])
            -using the binning as: [0.0, 60.0, 120.0, 180.0, 240.0, 300.0, 360.0, 420.0, 480.0, 540.0, 600.0, 660.0, 720.0, 780.0, 840.0, 900.0, 960.0, 1020.0, 1080.0, 1140.0, 1200.0, 1260.0, 1320.0, 1380.0, 1440.0, 1500.0, 1560.0, 1620.0, 1680.0, 1740.0, 1800.0, 1860.0, 1920.0, 1980.0, 2040.0, 2100.0, 2160.0, 2220.0, 2280.0, 2340.0, 2400.0, 2460.0, 2520.0, 2580.0, 2640.0, 2700.0, 2760.0, 2820.0, 2880.0, 2940.0, 3000.0]
/////////////////////////
PROCESSING:  TTM1400THBW
/////////////////////////
plotTreeName: Tprime2_BEST_Mass
Flavour: M #tag: notV #algo: BEST
Weights: 1 * 1 * 1 * pileupWeight * 1 * lepIdSF * EGammaGsfSF * 1 * (MCWeight_singleLepCalc/abs(MCWeight_singleLepCalc)) * 0.000176441771478
Cuts: (leptonPt_singleLepCalc > 50) && (corr_met_singleLepCalc > 55) && (AK4HT > 480) && (minDR_lepJet > 0.4 || ptRel_lepJet > 40) && (NJetsAK8_JetSubCalc > 2) && (minDR_leadAK8otherAK8 < 3.0) && DataPastTrigger == 1 && isMuon==1
****************************************************************************************************
****************************************************************************************************
DISTRIBUTION: Tp2Mass
            -name in ljmet trees: Tprime2_ALGO_Mass
            -x-axis label is set to: ;M(T) [GeV])
            -using the binning as: [0.0, 60.0, 120.0, 180.0, 240.0, 300.0, 360.0, 420.0, 480.0, 540.0, 600.0, 660.0, 720.0, 780.0, 840.0, 900.0, 960.0, 1020.0, 1080.0, 1140.0, 1200.0, 1260.0, 1320.0, 1380.0, 1440.0, 1500.0, 1560.0, 1620.0, 1680.0, 1740.0, 1800.0, 1860.0, 1920.0, 1980.0, 2040.0, 2100.0, 2160.0, 2220.0, 2280.0, 2340.0, 2400.0, 2460.0, 2520.0, 2580.0, 2640.0, 2700.0, 2760.0, 2820.0, 2880.0, 2940.0, 3000.0]
/////////////////////////
PROCESSING:  TTM1400TZTH
/////////////////////////
plotTreeName: Tprime2_BEST_Mass
Flavour: M #tag: notV #algo: BEST
Weights: 1 * 1 * 1 * pileupWeight * 1 * lepIdSF * EGammaGsfSF * 1 * (MCWeight_singleLepCalc/abs(MCWeight_singleLepCalc)) * 8.82208857389e-05
Cuts: (leptonPt_singleLepCalc > 50) && (corr_met_singleLepCalc > 55) && (AK4HT > 480) && (minDR_lepJet > 0.4 || ptRel_lepJet > 40) && (NJetsAK8_JetSubCalc > 2) && (minDR_leadAK8otherAK8 < 3.0) && DataPastTrigger == 1 && isMuon==1
****************************************************************************************************
****************************************************************************************************
DISTRIBUTION: Tp2Mass
            -name in ljmet trees: Tprime2_ALGO_Mass
            -x-axis label is set to: ;M(T) [GeV])
            -using the binning as: [0.0, 60.0, 120.0, 180.0, 240.0, 300.0, 360.0, 420.0, 480.0, 540.0, 600.0, 660.0, 720.0, 780.0, 840.0, 900.0, 960.0, 1020.0, 1080.0, 1140.0, 1200.0, 1260.0, 1320.0, 1380.0, 1440.0, 1500.0, 1560.0, 1620.0, 1680.0, 1740.0, 1800.0, 1860.0, 1920.0, 1980.0, 2040.0, 2100.0, 2160.0, 2220.0, 2280.0, 2340.0, 2400.0, 2460.0, 2520.0, 2580.0, 2640.0, 2700.0, 2760.0, 2820.0, 2880.0, 2940.0, 3000.0]
/////////////////////////
PROCESSING:  TTM1500BWBW
/////////////////////////
plotTreeName: Tprime2_BEST_Mass
Flavour: M #tag: notV #algo: BEST
Weights: 1 * 1 * 1 * pileupWeight * 1 * lepIdSF * EGammaGsfSF * 1 * (MCWeight_singleLepCalc/abs(MCWeight_singleLepCalc)) * 0.00019932135405
Cuts: (leptonPt_singleLepCalc > 50) && (corr_met_singleLepCalc > 55) && (AK4HT > 480) && (minDR_lepJet > 0.4 || ptRel_lepJet > 40) && (NJetsAK8_JetSubCalc > 2) && (minDR_leadAK8otherAK8 < 3.0) && DataPastTrigger == 1 && isMuon==1
****************************************************************************************************
****************************************************************************************************
DISTRIBUTION: Tp2Mass
            -name in ljmet trees: Tprime2_ALGO_Mass
            -x-axis label is set to: ;M(T) [GeV])
            -using the binning as: [0.0, 60.0, 120.0, 180.0, 240.0, 300.0, 360.0, 420.0, 480.0, 540.0, 600.0, 660.0, 720.0, 780.0, 840.0, 900.0, 960.0, 1020.0, 1080.0, 1140.0, 1200.0, 1260.0, 1320.0, 1380.0, 1440.0, 1500.0, 1560.0, 1620.0, 1680.0, 1740.0, 1800.0, 1860.0, 1920.0, 1980.0, 2040.0, 2100.0, 2160.0, 2220.0, 2280.0, 2340.0, 2400.0, 2460.0, 2520.0, 2580.0, 2640.0, 2700.0, 2760.0, 2820.0, 2880.0, 2940.0, 3000.0]
/////////////////////////
PROCESSING:  TTM1500THTH
/////////////////////////
plotTreeName: Tprime2_BEST_Mass
Flavour: M #tag: notV #algo: BEST
Weights: 1 * 1 * 1 * pileupWeight * 1 * lepIdSF * EGammaGsfSF * 1 * (MCWeight_singleLepCalc/abs(MCWeight_singleLepCalc)) * 4.98303385124e-05
Cuts: (leptonPt_singleLepCalc > 50) && (corr_met_singleLepCalc > 55) && (AK4HT > 480) && (minDR_lepJet > 0.4 || ptRel_lepJet > 40) && (NJetsAK8_JetSubCalc > 2) && (minDR_leadAK8otherAK8 < 3.0) && DataPastTrigger == 1 && isMuon==1
****************************************************************************************************
****************************************************************************************************
DISTRIBUTION: Tp2Mass
            -name in ljmet trees: Tprime2_ALGO_Mass
            -x-axis label is set to: ;M(T) [GeV])
            -using the binning as: [0.0, 60.0, 120.0, 180.0, 240.0, 300.0, 360.0, 420.0, 480.0, 540.0, 600.0, 660.0, 720.0, 780.0, 840.0, 900.0, 960.0, 1020.0, 1080.0, 1140.0, 1200.0, 1260.0, 1320.0, 1380.0, 1440.0, 1500.0, 1560.0, 1620.0, 1680.0, 1740.0, 1800.0, 1860.0, 1920.0, 1980.0, 2040.0, 2100.0, 2160.0, 2220.0, 2280.0, 2340.0, 2400.0, 2460.0, 2520.0, 2580.0, 2640.0, 2700.0, 2760.0, 2820.0, 2880.0, 2940.0, 3000.0]
/////////////////////////
PROCESSING:  TTM1500TZTZ
/////////////////////////
plotTreeName: Tprime2_BEST_Mass
Flavour: M #tag: notV #algo: BEST
Weights: 1 * 1 * 1 * pileupWeight * 1 * lepIdSF * EGammaGsfSF * 1 * (MCWeight_singleLepCalc/abs(MCWeight_singleLepCalc)) * 4.98303385124e-05
Cuts: (leptonPt_singleLepCalc > 50) && (corr_met_singleLepCalc > 55) && (AK4HT > 480) && (minDR_lepJet > 0.4 || ptRel_lepJet > 40) && (NJetsAK8_JetSubCalc > 2) && (minDR_leadAK8otherAK8 < 3.0) && DataPastTrigger == 1 && isMuon==1
****************************************************************************************************
****************************************************************************************************
DISTRIBUTION: Tp2Mass
            -name in ljmet trees: Tprime2_ALGO_Mass
            -x-axis label is set to: ;M(T) [GeV])
            -using the binning as: [0.0, 60.0, 120.0, 180.0, 240.0, 300.0, 360.0, 420.0, 480.0, 540.0, 600.0, 660.0, 720.0, 780.0, 840.0, 900.0, 960.0, 1020.0, 1080.0, 1140.0, 1200.0, 1260.0, 1320.0, 1380.0, 1440.0, 1500.0, 1560.0, 1620.0, 1680.0, 1740.0, 1800.0, 1860.0, 1920.0, 1980.0, 2040.0, 2100.0, 2160.0, 2220.0, 2280.0, 2340.0, 2400.0, 2460.0, 2520.0, 2580.0, 2640.0, 2700.0, 2760.0, 2820.0, 2880.0, 2940.0, 3000.0]
/////////////////////////
PROCESSING:  TTM1500TZBW
/////////////////////////
plotTreeName: Tprime2_BEST_Mass
Flavour: M #tag: notV #algo: BEST
Weights: 1 * 1 * 1 * pileupWeight * 1 * lepIdSF * EGammaGsfSF * 1 * (MCWeight_singleLepCalc/abs(MCWeight_singleLepCalc)) * 9.96606770248e-05
Cuts: (leptonPt_singleLepCalc > 50) && (corr_met_singleLepCalc > 55) && (AK4HT > 480) && (minDR_lepJet > 0.4 || ptRel_lepJet > 40) && (NJetsAK8_JetSubCalc > 2) && (minDR_leadAK8otherAK8 < 3.0) && DataPastTrigger == 1 && isMuon==1
****************************************************************************************************
****************************************************************************************************
DISTRIBUTION: Tp2Mass
            -name in ljmet trees: Tprime2_ALGO_Mass
            -x-axis label is set to: ;M(T) [GeV])
            -using the binning as: [0.0, 60.0, 120.0, 180.0, 240.0, 300.0, 360.0, 420.0, 480.0, 540.0, 600.0, 660.0, 720.0, 780.0, 840.0, 900.0, 960.0, 1020.0, 1080.0, 1140.0, 1200.0, 1260.0, 1320.0, 1380.0, 1440.0, 1500.0, 1560.0, 1620.0, 1680.0, 1740.0, 1800.0, 1860.0, 1920.0, 1980.0, 2040.0, 2100.0, 2160.0, 2220.0, 2280.0, 2340.0, 2400.0, 2460.0, 2520.0, 2580.0, 2640.0, 2700.0, 2760.0, 2820.0, 2880.0, 2940.0, 3000.0]
/////////////////////////
PROCESSING:  TTM1500THBW
/////////////////////////
plotTreeName: Tprime2_BEST_Mass
Flavour: M #tag: notV #algo: BEST
Weights: 1 * 1 * 1 * pileupWeight * 1 * lepIdSF * EGammaGsfSF * 1 * (MCWeight_singleLepCalc/abs(MCWeight_singleLepCalc)) * 9.96606770248e-05
Cuts: (leptonPt_singleLepCalc > 50) && (corr_met_singleLepCalc > 55) && (AK4HT > 480) && (minDR_lepJet > 0.4 || ptRel_lepJet > 40) && (NJetsAK8_JetSubCalc > 2) && (minDR_leadAK8otherAK8 < 3.0) && DataPastTrigger == 1 && isMuon==1
****************************************************************************************************
****************************************************************************************************
DISTRIBUTION: Tp2Mass
            -name in ljmet trees: Tprime2_ALGO_Mass
            -x-axis label is set to: ;M(T) [GeV])
            -using the binning as: [0.0, 60.0, 120.0, 180.0, 240.0, 300.0, 360.0, 420.0, 480.0, 540.0, 600.0, 660.0, 720.0, 780.0, 840.0, 900.0, 960.0, 1020.0, 1080.0, 1140.0, 1200.0, 1260.0, 1320.0, 1380.0, 1440.0, 1500.0, 1560.0, 1620.0, 1680.0, 1740.0, 1800.0, 1860.0, 1920.0, 1980.0, 2040.0, 2100.0, 2160.0, 2220.0, 2280.0, 2340.0, 2400.0, 2460.0, 2520.0, 2580.0, 2640.0, 2700.0, 2760.0, 2820.0, 2880.0, 2940.0, 3000.0]
/////////////////////////
PROCESSING:  TTM1500TZTH
/////////////////////////
plotTreeName: Tprime2_BEST_Mass
Flavour: M #tag: notV #algo: BEST
Weights: 1 * 1 * 1 * pileupWeight * 1 * lepIdSF * EGammaGsfSF * 1 * (MCWeight_singleLepCalc/abs(MCWeight_singleLepCalc)) * 4.98303385124e-05
Cuts: (leptonPt_singleLepCalc > 50) && (corr_met_singleLepCalc > 55) && (AK4HT > 480) && (minDR_lepJet > 0.4 || ptRel_lepJet > 40) && (NJetsAK8_JetSubCalc > 2) && (minDR_leadAK8otherAK8 < 3.0) && DataPastTrigger == 1 && isMuon==1
****************************************************************************************************
****************************************************************************************************
DISTRIBUTION: Tp2Mass
            -name in ljmet trees: Tprime2_ALGO_Mass
            -x-axis label is set to: ;M(T) [GeV])
            -using the binning as: [0.0, 60.0, 120.0, 180.0, 240.0, 300.0, 360.0, 420.0, 480.0, 540.0, 600.0, 660.0, 720.0, 780.0, 840.0, 900.0, 960.0, 1020.0, 1080.0, 1140.0, 1200.0, 1260.0, 1320.0, 1380.0, 1440.0, 1500.0, 1560.0, 1620.0, 1680.0, 1740.0, 1800.0, 1860.0, 1920.0, 1980.0, 2040.0, 2100.0, 2160.0, 2220.0, 2280.0, 2340.0, 2400.0, 2460.0, 2520.0, 2580.0, 2640.0, 2700.0, 2760.0, 2820.0, 2880.0, 2940.0, 3000.0]
/////////////////////////
PROCESSING:  TTM1600BWBW
/////////////////////////
plotTreeName: Tprime2_BEST_Mass
Flavour: M #tag: notV #algo: BEST
Weights: 1 * 1 * 1 * pileupWeight * 1 * lepIdSF * EGammaGsfSF * 1 * (MCWeight_singleLepCalc/abs(MCWeight_singleLepCalc)) * 0.000114437939919
Cuts: (leptonPt_singleLepCalc > 50) && (corr_met_singleLepCalc > 55) && (AK4HT > 480) && (minDR_lepJet > 0.4 || ptRel_lepJet > 40) && (NJetsAK8_JetSubCalc > 2) && (minDR_leadAK8otherAK8 < 3.0) && DataPastTrigger == 1 && isMuon==1
****************************************************************************************************
****************************************************************************************************
DISTRIBUTION: Tp2Mass
            -name in ljmet trees: Tprime2_ALGO_Mass
            -x-axis label is set to: ;M(T) [GeV])
            -using the binning as: [0.0, 60.0, 120.0, 180.0, 240.0, 300.0, 360.0, 420.0, 480.0, 540.0, 600.0, 660.0, 720.0, 780.0, 840.0, 900.0, 960.0, 1020.0, 1080.0, 1140.0, 1200.0, 1260.0, 1320.0, 1380.0, 1440.0, 1500.0, 1560.0, 1620.0, 1680.0, 1740.0, 1800.0, 1860.0, 1920.0, 1980.0, 2040.0, 2100.0, 2160.0, 2220.0, 2280.0, 2340.0, 2400.0, 2460.0, 2520.0, 2580.0, 2640.0, 2700.0, 2760.0, 2820.0, 2880.0, 2940.0, 3000.0]
/////////////////////////
PROCESSING:  TTM1600THTH
/////////////////////////
plotTreeName: Tprime2_BEST_Mass
Flavour: M #tag: notV #algo: BEST
Weights: 1 * 1 * 1 * pileupWeight * 1 * lepIdSF * EGammaGsfSF * 1 * (MCWeight_singleLepCalc/abs(MCWeight_singleLepCalc)) * 2.86094849797e-05
Cuts: (leptonPt_singleLepCalc > 50) && (corr_met_singleLepCalc > 55) && (AK4HT > 480) && (minDR_lepJet > 0.4 || ptRel_lepJet > 40) && (NJetsAK8_JetSubCalc > 2) && (minDR_leadAK8otherAK8 < 3.0) && DataPastTrigger == 1 && isMuon==1
****************************************************************************************************
****************************************************************************************************
DISTRIBUTION: Tp2Mass
            -name in ljmet trees: Tprime2_ALGO_Mass
            -x-axis label is set to: ;M(T) [GeV])
            -using the binning as: [0.0, 60.0, 120.0, 180.0, 240.0, 300.0, 360.0, 420.0, 480.0, 540.0, 600.0, 660.0, 720.0, 780.0, 840.0, 900.0, 960.0, 1020.0, 1080.0, 1140.0, 1200.0, 1260.0, 1320.0, 1380.0, 1440.0, 1500.0, 1560.0, 1620.0, 1680.0, 1740.0, 1800.0, 1860.0, 1920.0, 1980.0, 2040.0, 2100.0, 2160.0, 2220.0, 2280.0, 2340.0, 2400.0, 2460.0, 2520.0, 2580.0, 2640.0, 2700.0, 2760.0, 2820.0, 2880.0, 2940.0, 3000.0]
/////////////////////////
PROCESSING:  TTM1600TZTZ
/////////////////////////
plotTreeName: Tprime2_BEST_Mass
Flavour: M #tag: notV #algo: BEST
Weights: 1 * 1 * 1 * pileupWeight * 1 * lepIdSF * EGammaGsfSF * 1 * (MCWeight_singleLepCalc/abs(MCWeight_singleLepCalc)) * 2.86094849797e-05
Cuts: (leptonPt_singleLepCalc > 50) && (corr_met_singleLepCalc > 55) && (AK4HT > 480) && (minDR_lepJet > 0.4 || ptRel_lepJet > 40) && (NJetsAK8_JetSubCalc > 2) && (minDR_leadAK8otherAK8 < 3.0) && DataPastTrigger == 1 && isMuon==1
****************************************************************************************************
****************************************************************************************************
DISTRIBUTION: Tp2Mass
            -name in ljmet trees: Tprime2_ALGO_Mass
            -x-axis label is set to: ;M(T) [GeV])
            -using the binning as: [0.0, 60.0, 120.0, 180.0, 240.0, 300.0, 360.0, 420.0, 480.0, 540.0, 600.0, 660.0, 720.0, 780.0, 840.0, 900.0, 960.0, 1020.0, 1080.0, 1140.0, 1200.0, 1260.0, 1320.0, 1380.0, 1440.0, 1500.0, 1560.0, 1620.0, 1680.0, 1740.0, 1800.0, 1860.0, 1920.0, 1980.0, 2040.0, 2100.0, 2160.0, 2220.0, 2280.0, 2340.0, 2400.0, 2460.0, 2520.0, 2580.0, 2640.0, 2700.0, 2760.0, 2820.0, 2880.0, 2940.0, 3000.0]
/////////////////////////
PROCESSING:  TTM1600TZBW
/////////////////////////
plotTreeName: Tprime2_BEST_Mass
Flavour: M #tag: notV #algo: BEST
Weights: 1 * 1 * 1 * pileupWeight * 1 * lepIdSF * EGammaGsfSF * 1 * (MCWeight_singleLepCalc/abs(MCWeight_singleLepCalc)) * 5.72189699595e-05
Cuts: (leptonPt_singleLepCalc > 50) && (corr_met_singleLepCalc > 55) && (AK4HT > 480) && (minDR_lepJet > 0.4 || ptRel_lepJet > 40) && (NJetsAK8_JetSubCalc > 2) && (minDR_leadAK8otherAK8 < 3.0) && DataPastTrigger == 1 && isMuon==1
****************************************************************************************************
****************************************************************************************************
DISTRIBUTION: Tp2Mass
            -name in ljmet trees: Tprime2_ALGO_Mass
            -x-axis label is set to: ;M(T) [GeV])
            -using the binning as: [0.0, 60.0, 120.0, 180.0, 240.0, 300.0, 360.0, 420.0, 480.0, 540.0, 600.0, 660.0, 720.0, 780.0, 840.0, 900.0, 960.0, 1020.0, 1080.0, 1140.0, 1200.0, 1260.0, 1320.0, 1380.0, 1440.0, 1500.0, 1560.0, 1620.0, 1680.0, 1740.0, 1800.0, 1860.0, 1920.0, 1980.0, 2040.0, 2100.0, 2160.0, 2220.0, 2280.0, 2340.0, 2400.0, 2460.0, 2520.0, 2580.0, 2640.0, 2700.0, 2760.0, 2820.0, 2880.0, 2940.0, 3000.0]
/////////////////////////
PROCESSING:  TTM1600THBW
/////////////////////////
plotTreeName: Tprime2_BEST_Mass
Flavour: M #tag: notV #algo: BEST
Weights: 1 * 1 * 1 * pileupWeight * 1 * lepIdSF * EGammaGsfSF * 1 * (MCWeight_singleLepCalc/abs(MCWeight_singleLepCalc)) * 5.72189699595e-05
Cuts: (leptonPt_singleLepCalc > 50) && (corr_met_singleLepCalc > 55) && (AK4HT > 480) && (minDR_lepJet > 0.4 || ptRel_lepJet > 40) && (NJetsAK8_JetSubCalc > 2) && (minDR_leadAK8otherAK8 < 3.0) && DataPastTrigger == 1 && isMuon==1
****************************************************************************************************
****************************************************************************************************
DISTRIBUTION: Tp2Mass
            -name in ljmet trees: Tprime2_ALGO_Mass
            -x-axis label is set to: ;M(T) [GeV])
            -using the binning as: [0.0, 60.0, 120.0, 180.0, 240.0, 300.0, 360.0, 420.0, 480.0, 540.0, 600.0, 660.0, 720.0, 780.0, 840.0, 900.0, 960.0, 1020.0, 1080.0, 1140.0, 1200.0, 1260.0, 1320.0, 1380.0, 1440.0, 1500.0, 1560.0, 1620.0, 1680.0, 1740.0, 1800.0, 1860.0, 1920.0, 1980.0, 2040.0, 2100.0, 2160.0, 2220.0, 2280.0, 2340.0, 2400.0, 2460.0, 2520.0, 2580.0, 2640.0, 2700.0, 2760.0, 2820.0, 2880.0, 2940.0, 3000.0]
/////////////////////////
PROCESSING:  TTM1600TZTH
/////////////////////////
plotTreeName: Tprime2_BEST_Mass
Flavour: M #tag: notV #algo: BEST
Weights: 1 * 1 * 1 * pileupWeight * 1 * lepIdSF * EGammaGsfSF * 1 * (MCWeight_singleLepCalc/abs(MCWeight_singleLepCalc)) * 2.86094849797e-05
Cuts: (leptonPt_singleLepCalc > 50) && (corr_met_singleLepCalc > 55) && (AK4HT > 480) && (minDR_lepJet > 0.4 || ptRel_lepJet > 40) && (NJetsAK8_JetSubCalc > 2) && (minDR_leadAK8otherAK8 < 3.0) && DataPastTrigger == 1 && isMuon==1
****************************************************************************************************
****************************************************************************************************
DISTRIBUTION: Tp2Mass
            -name in ljmet trees: Tprime2_ALGO_Mass
            -x-axis label is set to: ;M(T) [GeV])
            -using the binning as: [0.0, 60.0, 120.0, 180.0, 240.0, 300.0, 360.0, 420.0, 480.0, 540.0, 600.0, 660.0, 720.0, 780.0, 840.0, 900.0, 960.0, 1020.0, 1080.0, 1140.0, 1200.0, 1260.0, 1320.0, 1380.0, 1440.0, 1500.0, 1560.0, 1620.0, 1680.0, 1740.0, 1800.0, 1860.0, 1920.0, 1980.0, 2040.0, 2100.0, 2160.0, 2220.0, 2280.0, 2340.0, 2400.0, 2460.0, 2520.0, 2580.0, 2640.0, 2700.0, 2760.0, 2820.0, 2880.0, 2940.0, 3000.0]
/////////////////////////
PROCESSING:  TTM1700BWBW
/////////////////////////
plotTreeName: Tprime2_BEST_Mass
Flavour: M #tag: notV #algo: BEST
Weights: 1 * 1 * 1 * pileupWeight * 1 * lepIdSF * EGammaGsfSF * 1 * (MCWeight_singleLepCalc/abs(MCWeight_singleLepCalc)) * 6.93554282011e-05
Cuts: (leptonPt_singleLepCalc > 50) && (corr_met_singleLepCalc > 55) && (AK4HT > 480) && (minDR_lepJet > 0.4 || ptRel_lepJet > 40) && (NJetsAK8_JetSubCalc > 2) && (minDR_leadAK8otherAK8 < 3.0) && DataPastTrigger == 1 && isMuon==1
****************************************************************************************************
****************************************************************************************************
DISTRIBUTION: Tp2Mass
            -name in ljmet trees: Tprime2_ALGO_Mass
            -x-axis label is set to: ;M(T) [GeV])
            -using the binning as: [0.0, 60.0, 120.0, 180.0, 240.0, 300.0, 360.0, 420.0, 480.0, 540.0, 600.0, 660.0, 720.0, 780.0, 840.0, 900.0, 960.0, 1020.0, 1080.0, 1140.0, 1200.0, 1260.0, 1320.0, 1380.0, 1440.0, 1500.0, 1560.0, 1620.0, 1680.0, 1740.0, 1800.0, 1860.0, 1920.0, 1980.0, 2040.0, 2100.0, 2160.0, 2220.0, 2280.0, 2340.0, 2400.0, 2460.0, 2520.0, 2580.0, 2640.0, 2700.0, 2760.0, 2820.0, 2880.0, 2940.0, 3000.0]
/////////////////////////
PROCESSING:  TTM1700THTH
/////////////////////////
plotTreeName: Tprime2_BEST_Mass
Flavour: M #tag: notV #algo: BEST
Weights: 1 * 1 * 1 * pileupWeight * 1 * lepIdSF * EGammaGsfSF * 1 * (MCWeight_singleLepCalc/abs(MCWeight_singleLepCalc)) * 1.73388570503e-05
Cuts: (leptonPt_singleLepCalc > 50) && (corr_met_singleLepCalc > 55) && (AK4HT > 480) && (minDR_lepJet > 0.4 || ptRel_lepJet > 40) && (NJetsAK8_JetSubCalc > 2) && (minDR_leadAK8otherAK8 < 3.0) && DataPastTrigger == 1 && isMuon==1
****************************************************************************************************
****************************************************************************************************
DISTRIBUTION: Tp2Mass
            -name in ljmet trees: Tprime2_ALGO_Mass
            -x-axis label is set to: ;M(T) [GeV])
            -using the binning as: [0.0, 60.0, 120.0, 180.0, 240.0, 300.0, 360.0, 420.0, 480.0, 540.0, 600.0, 660.0, 720.0, 780.0, 840.0, 900.0, 960.0, 1020.0, 1080.0, 1140.0, 1200.0, 1260.0, 1320.0, 1380.0, 1440.0, 1500.0, 1560.0, 1620.0, 1680.0, 1740.0, 1800.0, 1860.0, 1920.0, 1980.0, 2040.0, 2100.0, 2160.0, 2220.0, 2280.0, 2340.0, 2400.0, 2460.0, 2520.0, 2580.0, 2640.0, 2700.0, 2760.0, 2820.0, 2880.0, 2940.0, 3000.0]
/////////////////////////
PROCESSING:  TTM1700TZTZ
/////////////////////////
plotTreeName: Tprime2_BEST_Mass
Flavour: M #tag: notV #algo: BEST
Weights: 1 * 1 * 1 * pileupWeight * 1 * lepIdSF * EGammaGsfSF * 1 * (MCWeight_singleLepCalc/abs(MCWeight_singleLepCalc)) * 1.73388570503e-05
Cuts: (leptonPt_singleLepCalc > 50) && (corr_met_singleLepCalc > 55) && (AK4HT > 480) && (minDR_lepJet > 0.4 || ptRel_lepJet > 40) && (NJetsAK8_JetSubCalc > 2) && (minDR_leadAK8otherAK8 < 3.0) && DataPastTrigger == 1 && isMuon==1
****************************************************************************************************
****************************************************************************************************
DISTRIBUTION: Tp2Mass
            -name in ljmet trees: Tprime2_ALGO_Mass
            -x-axis label is set to: ;M(T) [GeV])
            -using the binning as: [0.0, 60.0, 120.0, 180.0, 240.0, 300.0, 360.0, 420.0, 480.0, 540.0, 600.0, 660.0, 720.0, 780.0, 840.0, 900.0, 960.0, 1020.0, 1080.0, 1140.0, 1200.0, 1260.0, 1320.0, 1380.0, 1440.0, 1500.0, 1560.0, 1620.0, 1680.0, 1740.0, 1800.0, 1860.0, 1920.0, 1980.0, 2040.0, 2100.0, 2160.0, 2220.0, 2280.0, 2340.0, 2400.0, 2460.0, 2520.0, 2580.0, 2640.0, 2700.0, 2760.0, 2820.0, 2880.0, 2940.0, 3000.0]
/////////////////////////
PROCESSING:  TTM1700TZBW
/////////////////////////
plotTreeName: Tprime2_BEST_Mass
Flavour: M #tag: notV #algo: BEST
Weights: 1 * 1 * 1 * pileupWeight * 1 * lepIdSF * EGammaGsfSF * 1 * (MCWeight_singleLepCalc/abs(MCWeight_singleLepCalc)) * 3.46777141005e-05
Cuts: (leptonPt_singleLepCalc > 50) && (corr_met_singleLepCalc > 55) && (AK4HT > 480) && (minDR_lepJet > 0.4 || ptRel_lepJet > 40) && (NJetsAK8_JetSubCalc > 2) && (minDR_leadAK8otherAK8 < 3.0) && DataPastTrigger == 1 && isMuon==1
****************************************************************************************************
****************************************************************************************************
DISTRIBUTION: Tp2Mass
            -name in ljmet trees: Tprime2_ALGO_Mass
            -x-axis label is set to: ;M(T) [GeV])
            -using the binning as: [0.0, 60.0, 120.0, 180.0, 240.0, 300.0, 360.0, 420.0, 480.0, 540.0, 600.0, 660.0, 720.0, 780.0, 840.0, 900.0, 960.0, 1020.0, 1080.0, 1140.0, 1200.0, 1260.0, 1320.0, 1380.0, 1440.0, 1500.0, 1560.0, 1620.0, 1680.0, 1740.0, 1800.0, 1860.0, 1920.0, 1980.0, 2040.0, 2100.0, 2160.0, 2220.0, 2280.0, 2340.0, 2400.0, 2460.0, 2520.0, 2580.0, 2640.0, 2700.0, 2760.0, 2820.0, 2880.0, 2940.0, 3000.0]
/////////////////////////
PROCESSING:  TTM1700THBW
/////////////////////////
plotTreeName: Tprime2_BEST_Mass
Flavour: M #tag: notV #algo: BEST
Weights: 1 * 1 * 1 * pileupWeight * 1 * lepIdSF * EGammaGsfSF * 1 * (MCWeight_singleLepCalc/abs(MCWeight_singleLepCalc)) * 3.46777141005e-05
Cuts: (leptonPt_singleLepCalc > 50) && (corr_met_singleLepCalc > 55) && (AK4HT > 480) && (minDR_lepJet > 0.4 || ptRel_lepJet > 40) && (NJetsAK8_JetSubCalc > 2) && (minDR_leadAK8otherAK8 < 3.0) && DataPastTrigger == 1 && isMuon==1
****************************************************************************************************
****************************************************************************************************
DISTRIBUTION: Tp2Mass
            -name in ljmet trees: Tprime2_ALGO_Mass
            -x-axis label is set to: ;M(T) [GeV])
            -using the binning as: [0.0, 60.0, 120.0, 180.0, 240.0, 300.0, 360.0, 420.0, 480.0, 540.0, 600.0, 660.0, 720.0, 780.0, 840.0, 900.0, 960.0, 1020.0, 1080.0, 1140.0, 1200.0, 1260.0, 1320.0, 1380.0, 1440.0, 1500.0, 1560.0, 1620.0, 1680.0, 1740.0, 1800.0, 1860.0, 1920.0, 1980.0, 2040.0, 2100.0, 2160.0, 2220.0, 2280.0, 2340.0, 2400.0, 2460.0, 2520.0, 2580.0, 2640.0, 2700.0, 2760.0, 2820.0, 2880.0, 2940.0, 3000.0]
/////////////////////////
PROCESSING:  TTM1700TZTH
/////////////////////////
plotTreeName: Tprime2_BEST_Mass
Flavour: M #tag: notV #algo: BEST
Weights: 1 * 1 * 1 * pileupWeight * 1 * lepIdSF * EGammaGsfSF * 1 * (MCWeight_singleLepCalc/abs(MCWeight_singleLepCalc)) * 1.73388570503e-05
Cuts: (leptonPt_singleLepCalc > 50) && (corr_met_singleLepCalc > 55) && (AK4HT > 480) && (minDR_lepJet > 0.4 || ptRel_lepJet > 40) && (NJetsAK8_JetSubCalc > 2) && (minDR_leadAK8otherAK8 < 3.0) && DataPastTrigger == 1 && isMuon==1
****************************************************************************************************
****************************************************************************************************
DISTRIBUTION: Tp2Mass
            -name in ljmet trees: Tprime2_ALGO_Mass
            -x-axis label is set to: ;M(T) [GeV])
            -using the binning as: [0.0, 60.0, 120.0, 180.0, 240.0, 300.0, 360.0, 420.0, 480.0, 540.0, 600.0, 660.0, 720.0, 780.0, 840.0, 900.0, 960.0, 1020.0, 1080.0, 1140.0, 1200.0, 1260.0, 1320.0, 1380.0, 1440.0, 1500.0, 1560.0, 1620.0, 1680.0, 1740.0, 1800.0, 1860.0, 1920.0, 1980.0, 2040.0, 2100.0, 2160.0, 2220.0, 2280.0, 2340.0, 2400.0, 2460.0, 2520.0, 2580.0, 2640.0, 2700.0, 2760.0, 2820.0, 2880.0, 2940.0, 3000.0]
/////////////////////////
PROCESSING:  TTM1800BWBW
/////////////////////////
plotTreeName: Tprime2_BEST_Mass
Flavour: M #tag: notV #algo: BEST
Weights: 1 * 1 * 1 * pileupWeight * 1 * lepIdSF * EGammaGsfSF * 1 * (MCWeight_singleLepCalc/abs(MCWeight_singleLepCalc)) * 3.89579688164e-05
Cuts: (leptonPt_singleLepCalc > 50) && (corr_met_singleLepCalc > 55) && (AK4HT > 480) && (minDR_lepJet > 0.4 || ptRel_lepJet > 40) && (NJetsAK8_JetSubCalc > 2) && (minDR_leadAK8otherAK8 < 3.0) && DataPastTrigger == 1 && isMuon==1
****************************************************************************************************
****************************************************************************************************
DISTRIBUTION: Tp2Mass
            -name in ljmet trees: Tprime2_ALGO_Mass
            -x-axis label is set to: ;M(T) [GeV])
            -using the binning as: [0.0, 60.0, 120.0, 180.0, 240.0, 300.0, 360.0, 420.0, 480.0, 540.0, 600.0, 660.0, 720.0, 780.0, 840.0, 900.0, 960.0, 1020.0, 1080.0, 1140.0, 1200.0, 1260.0, 1320.0, 1380.0, 1440.0, 1500.0, 1560.0, 1620.0, 1680.0, 1740.0, 1800.0, 1860.0, 1920.0, 1980.0, 2040.0, 2100.0, 2160.0, 2220.0, 2280.0, 2340.0, 2400.0, 2460.0, 2520.0, 2580.0, 2640.0, 2700.0, 2760.0, 2820.0, 2880.0, 2940.0, 3000.0]
/////////////////////////
PROCESSING:  TTM1800THTH
/////////////////////////
plotTreeName: Tprime2_BEST_Mass
Flavour: M #tag: notV #algo: BEST
Weights: 1 * 1 * 1 * pileupWeight * 1 * lepIdSF * EGammaGsfSF * 1 * (MCWeight_singleLepCalc/abs(MCWeight_singleLepCalc)) * 9.7394922041e-06
Cuts: (leptonPt_singleLepCalc > 50) && (corr_met_singleLepCalc > 55) && (AK4HT > 480) && (minDR_lepJet > 0.4 || ptRel_lepJet > 40) && (NJetsAK8_JetSubCalc > 2) && (minDR_leadAK8otherAK8 < 3.0) && DataPastTrigger == 1 && isMuon==1
****************************************************************************************************
****************************************************************************************************
DISTRIBUTION: Tp2Mass
            -name in ljmet trees: Tprime2_ALGO_Mass
            -x-axis label is set to: ;M(T) [GeV])
            -using the binning as: [0.0, 60.0, 120.0, 180.0, 240.0, 300.0, 360.0, 420.0, 480.0, 540.0, 600.0, 660.0, 720.0, 780.0, 840.0, 900.0, 960.0, 1020.0, 1080.0, 1140.0, 1200.0, 1260.0, 1320.0, 1380.0, 1440.0, 1500.0, 1560.0, 1620.0, 1680.0, 1740.0, 1800.0, 1860.0, 1920.0, 1980.0, 2040.0, 2100.0, 2160.0, 2220.0, 2280.0, 2340.0, 2400.0, 2460.0, 2520.0, 2580.0, 2640.0, 2700.0, 2760.0, 2820.0, 2880.0, 2940.0, 3000.0]
/////////////////////////
PROCESSING:  TTM1800TZTZ
/////////////////////////
plotTreeName: Tprime2_BEST_Mass
Flavour: M #tag: notV #algo: BEST
Weights: 1 * 1 * 1 * pileupWeight * 1 * lepIdSF * EGammaGsfSF * 1 * (MCWeight_singleLepCalc/abs(MCWeight_singleLepCalc)) * 9.7394922041e-06
Cuts: (leptonPt_singleLepCalc > 50) && (corr_met_singleLepCalc > 55) && (AK4HT > 480) && (minDR_lepJet > 0.4 || ptRel_lepJet > 40) && (NJetsAK8_JetSubCalc > 2) && (minDR_leadAK8otherAK8 < 3.0) && DataPastTrigger == 1 && isMuon==1
****************************************************************************************************
****************************************************************************************************
DISTRIBUTION: Tp2Mass
            -name in ljmet trees: Tprime2_ALGO_Mass
            -x-axis label is set to: ;M(T) [GeV])
            -using the binning as: [0.0, 60.0, 120.0, 180.0, 240.0, 300.0, 360.0, 420.0, 480.0, 540.0, 600.0, 660.0, 720.0, 780.0, 840.0, 900.0, 960.0, 1020.0, 1080.0, 1140.0, 1200.0, 1260.0, 1320.0, 1380.0, 1440.0, 1500.0, 1560.0, 1620.0, 1680.0, 1740.0, 1800.0, 1860.0, 1920.0, 1980.0, 2040.0, 2100.0, 2160.0, 2220.0, 2280.0, 2340.0, 2400.0, 2460.0, 2520.0, 2580.0, 2640.0, 2700.0, 2760.0, 2820.0, 2880.0, 2940.0, 3000.0]
/////////////////////////
PROCESSING:  TTM1800TZBW
/////////////////////////
plotTreeName: Tprime2_BEST_Mass
Flavour: M #tag: notV #algo: BEST
Weights: 1 * 1 * 1 * pileupWeight * 1 * lepIdSF * EGammaGsfSF * 1 * (MCWeight_singleLepCalc/abs(MCWeight_singleLepCalc)) * 1.94789844082e-05
Cuts: (leptonPt_singleLepCalc > 50) && (corr_met_singleLepCalc > 55) && (AK4HT > 480) && (minDR_lepJet > 0.4 || ptRel_lepJet > 40) && (NJetsAK8_JetSubCalc > 2) && (minDR_leadAK8otherAK8 < 3.0) && DataPastTrigger == 1 && isMuon==1
****************************************************************************************************
****************************************************************************************************
DISTRIBUTION: Tp2Mass
            -name in ljmet trees: Tprime2_ALGO_Mass
            -x-axis label is set to: ;M(T) [GeV])
            -using the binning as: [0.0, 60.0, 120.0, 180.0, 240.0, 300.0, 360.0, 420.0, 480.0, 540.0, 600.0, 660.0, 720.0, 780.0, 840.0, 900.0, 960.0, 1020.0, 1080.0, 1140.0, 1200.0, 1260.0, 1320.0, 1380.0, 1440.0, 1500.0, 1560.0, 1620.0, 1680.0, 1740.0, 1800.0, 1860.0, 1920.0, 1980.0, 2040.0, 2100.0, 2160.0, 2220.0, 2280.0, 2340.0, 2400.0, 2460.0, 2520.0, 2580.0, 2640.0, 2700.0, 2760.0, 2820.0, 2880.0, 2940.0, 3000.0]
/////////////////////////
PROCESSING:  TTM1800THBW
/////////////////////////
plotTreeName: Tprime2_BEST_Mass
Flavour: M #tag: notV #algo: BEST
Weights: 1 * 1 * 1 * pileupWeight * 1 * lepIdSF * EGammaGsfSF * 1 * (MCWeight_singleLepCalc/abs(MCWeight_singleLepCalc)) * 1.94789844082e-05
Cuts: (leptonPt_singleLepCalc > 50) && (corr_met_singleLepCalc > 55) && (AK4HT > 480) && (minDR_lepJet > 0.4 || ptRel_lepJet > 40) && (NJetsAK8_JetSubCalc > 2) && (minDR_leadAK8otherAK8 < 3.0) && DataPastTrigger == 1 && isMuon==1
****************************************************************************************************
****************************************************************************************************
DISTRIBUTION: Tp2Mass
            -name in ljmet trees: Tprime2_ALGO_Mass
            -x-axis label is set to: ;M(T) [GeV])
            -using the binning as: [0.0, 60.0, 120.0, 180.0, 240.0, 300.0, 360.0, 420.0, 480.0, 540.0, 600.0, 660.0, 720.0, 780.0, 840.0, 900.0, 960.0, 1020.0, 1080.0, 1140.0, 1200.0, 1260.0, 1320.0, 1380.0, 1440.0, 1500.0, 1560.0, 1620.0, 1680.0, 1740.0, 1800.0, 1860.0, 1920.0, 1980.0, 2040.0, 2100.0, 2160.0, 2220.0, 2280.0, 2340.0, 2400.0, 2460.0, 2520.0, 2580.0, 2640.0, 2700.0, 2760.0, 2820.0, 2880.0, 2940.0, 3000.0]
/////////////////////////
PROCESSING:  TTM1800TZTH
/////////////////////////
plotTreeName: Tprime2_BEST_Mass
Flavour: M #tag: notV #algo: BEST
Weights: 1 * 1 * 1 * pileupWeight * 1 * lepIdSF * EGammaGsfSF * 1 * (MCWeight_singleLepCalc/abs(MCWeight_singleLepCalc)) * 9.7394922041e-06
Cuts: (leptonPt_singleLepCalc > 50) && (corr_met_singleLepCalc > 55) && (AK4HT > 480) && (minDR_lepJet > 0.4 || ptRel_lepJet > 40) && (NJetsAK8_JetSubCalc > 2) && (minDR_leadAK8otherAK8 < 3.0) && DataPastTrigger == 1 && isMuon==1
****************************************************************************************************
****************************************************************************************************
DISTRIBUTION: Tp2Mass
            -name in ljmet trees: Tprime2_ALGO_Mass
            -x-axis label is set to: ;M(T) [GeV])
            -using the binning as: [0.0, 60.0, 120.0, 180.0, 240.0, 300.0, 360.0, 420.0, 480.0, 540.0, 600.0, 660.0, 720.0, 780.0, 840.0, 900.0, 960.0, 1020.0, 1080.0, 1140.0, 1200.0, 1260.0, 1320.0, 1380.0, 1440.0, 1500.0, 1560.0, 1620.0, 1680.0, 1740.0, 1800.0, 1860.0, 1920.0, 1980.0, 2040.0, 2100.0, 2160.0, 2220.0, 2280.0, 2340.0, 2400.0, 2460.0, 2520.0, 2580.0, 2640.0, 2700.0, 2760.0, 2820.0, 2880.0, 2940.0, 3000.0]
/////////////////////////
PROCESSING:  WJetsMG400
/////////////////////////
plotTreeName: Tprime2_DeepAK8_Mass
Flavour: M #tag: notV #algo: DeepAK8
Weights: 1 * HTSF_Pol * 1 * pileupWeight * 1 * lepIdSF * EGammaGsfSF * 1 * (MCWeight_singleLepCalc/abs(MCWeight_singleLepCalc)) * 0.280770227538
Cuts: (leptonPt_singleLepCalc > 50) && (corr_met_singleLepCalc > 55) && (AK4HT > 480) && (minDR_lepJet > 0.4 || ptRel_lepJet > 40) && (NJetsAK8_JetSubCalc > 2) && (minDR_leadAK8otherAK8 < 3.0) && DataPastTrigger == 1 && isMuon==1
****************************************************************************************************
****************************************************************************************************
DISTRIBUTION: Tp2Mass
            -name in ljmet trees: Tprime2_ALGO_Mass
            -x-axis label is set to: ;M(T) [GeV])
            -using the binning as: [0.0, 60.0, 120.0, 180.0, 240.0, 300.0, 360.0, 420.0, 480.0, 540.0, 600.0, 660.0, 720.0, 780.0, 840.0, 900.0, 960.0, 1020.0, 1080.0, 1140.0, 1200.0, 1260.0, 1320.0, 1380.0, 1440.0, 1500.0, 1560.0, 1620.0, 1680.0, 1740.0, 1800.0, 1860.0, 1920.0, 1980.0, 2040.0, 2100.0, 2160.0, 2220.0, 2280.0, 2340.0, 2400.0, 2460.0, 2520.0, 2580.0, 2640.0, 2700.0, 2760.0, 2820.0, 2880.0, 2940.0, 3000.0]
/////////////////////////
PROCESSING:  WJetsMG600
/////////////////////////
plotTreeName: Tprime2_DeepAK8_Mass
Flavour: M #tag: notV #algo: DeepAK8
Weights: 1 * HTSF_Pol * 1 * pileupWeight * 1 * lepIdSF * EGammaGsfSF * 1 * (MCWeight_singleLepCalc/abs(MCWeight_singleLepCalc)) * 0.0287233231554
Cuts: (leptonPt_singleLepCalc > 50) && (corr_met_singleLepCalc > 55) && (AK4HT > 480) && (minDR_lepJet > 0.4 || ptRel_lepJet > 40) && (NJetsAK8_JetSubCalc > 2) && (minDR_leadAK8otherAK8 < 3.0) && DataPastTrigger == 1 && isMuon==1
****************************************************************************************************
****************************************************************************************************
DISTRIBUTION: Tp2Mass
            -name in ljmet trees: Tprime2_ALGO_Mass
            -x-axis label is set to: ;M(T) [GeV])
            -using the binning as: [0.0, 60.0, 120.0, 180.0, 240.0, 300.0, 360.0, 420.0, 480.0, 540.0, 600.0, 660.0, 720.0, 780.0, 840.0, 900.0, 960.0, 1020.0, 1080.0, 1140.0, 1200.0, 1260.0, 1320.0, 1380.0, 1440.0, 1500.0, 1560.0, 1620.0, 1680.0, 1740.0, 1800.0, 1860.0, 1920.0, 1980.0, 2040.0, 2100.0, 2160.0, 2220.0, 2280.0, 2340.0, 2400.0, 2460.0, 2520.0, 2580.0, 2640.0, 2700.0, 2760.0, 2820.0, 2880.0, 2940.0, 3000.0]
/////////////////////////
PROCESSING:  WJetsMG800
/////////////////////////
plotTreeName: Tprime2_DeepAK8_Mass
Flavour: M #tag: notV #algo: DeepAK8
Weights: 1 * HTSF_Pol * 1 * pileupWeight * 1 * lepIdSF * EGammaGsfSF * 1 * (MCWeight_singleLepCalc/abs(MCWeight_singleLepCalc)) * 0.0316367902594
Cuts: (leptonPt_singleLepCalc > 50) && (corr_met_singleLepCalc > 55) && (AK4HT > 480) && (minDR_lepJet > 0.4 || ptRel_lepJet > 40) && (NJetsAK8_JetSubCalc > 2) && (minDR_leadAK8otherAK8 < 3.0) && DataPastTrigger == 1 && isMuon==1
****************************************************************************************************
****************************************************************************************************
DISTRIBUTION: Tp2Mass
            -name in ljmet trees: Tprime2_ALGO_Mass
            -x-axis label is set to: ;M(T) [GeV])
            -using the binning as: [0.0, 60.0, 120.0, 180.0, 240.0, 300.0, 360.0, 420.0, 480.0, 540.0, 600.0, 660.0, 720.0, 780.0, 840.0, 900.0, 960.0, 1020.0, 1080.0, 1140.0, 1200.0, 1260.0, 1320.0, 1380.0, 1440.0, 1500.0, 1560.0, 1620.0, 1680.0, 1740.0, 1800.0, 1860.0, 1920.0, 1980.0, 2040.0, 2100.0, 2160.0, 2220.0, 2280.0, 2340.0, 2400.0, 2460.0, 2520.0, 2580.0, 2640.0, 2700.0, 2760.0, 2820.0, 2880.0, 2940.0, 3000.0]
/////////////////////////
PROCESSING:  WJetsMG1200
/////////////////////////
plotTreeName: Tprime2_DeepAK8_Mass
Flavour: M #tag: notV #algo: DeepAK8
Weights: 1 * HTSF_Pol * 1 * pileupWeight * 1 * lepIdSF * EGammaGsfSF * 1 * (MCWeight_singleLepCalc/abs(MCWeight_singleLepCalc)) * 0.00861414819858
Cuts: (leptonPt_singleLepCalc > 50) && (corr_met_singleLepCalc > 55) && (AK4HT > 480) && (minDR_lepJet > 0.4 || ptRel_lepJet > 40) && (NJetsAK8_JetSubCalc > 2) && (minDR_leadAK8otherAK8 < 3.0) && DataPastTrigger == 1 && isMuon==1
****************************************************************************************************
****************************************************************************************************
DISTRIBUTION: Tp2Mass
            -name in ljmet trees: Tprime2_ALGO_Mass
            -x-axis label is set to: ;M(T) [GeV])
            -using the binning as: [0.0, 60.0, 120.0, 180.0, 240.0, 300.0, 360.0, 420.0, 480.0, 540.0, 600.0, 660.0, 720.0, 780.0, 840.0, 900.0, 960.0, 1020.0, 1080.0, 1140.0, 1200.0, 1260.0, 1320.0, 1380.0, 1440.0, 1500.0, 1560.0, 1620.0, 1680.0, 1740.0, 1800.0, 1860.0, 1920.0, 1980.0, 2040.0, 2100.0, 2160.0, 2220.0, 2280.0, 2340.0, 2400.0, 2460.0, 2520.0, 2580.0, 2640.0, 2700.0, 2760.0, 2820.0, 2880.0, 2940.0, 3000.0]
/////////////////////////
PROCESSING:  WJetsMG2500
/////////////////////////
plotTreeName: Tprime2_DeepAK8_Mass
Flavour: M #tag: notV #algo: DeepAK8
Weights: 1 * HTSF_Pol * 1 * pileupWeight * 1 * lepIdSF * EGammaGsfSF * 1 * (MCWeight_singleLepCalc/abs(MCWeight_singleLepCalc)) * 0.00054308661217
Cuts: (leptonPt_singleLepCalc > 50) && (corr_met_singleLepCalc > 55) && (AK4HT > 480) && (minDR_lepJet > 0.4 || ptRel_lepJet > 40) && (NJetsAK8_JetSubCalc > 2) && (minDR_leadAK8otherAK8 < 3.0) && DataPastTrigger == 1 && isMuon==1
****************************************************************************************************
****************************************************************************************************
DISTRIBUTION: Tp2Mass
            -name in ljmet trees: Tprime2_ALGO_Mass
            -x-axis label is set to: ;M(T) [GeV])
            -using the binning as: [0.0, 60.0, 120.0, 180.0, 240.0, 300.0, 360.0, 420.0, 480.0, 540.0, 600.0, 660.0, 720.0, 780.0, 840.0, 900.0, 960.0, 1020.0, 1080.0, 1140.0, 1200.0, 1260.0, 1320.0, 1380.0, 1440.0, 1500.0, 1560.0, 1620.0, 1680.0, 1740.0, 1800.0, 1860.0, 1920.0, 1980.0, 2040.0, 2100.0, 2160.0, 2220.0, 2280.0, 2340.0, 2400.0, 2460.0, 2520.0, 2580.0, 2640.0, 2700.0, 2760.0, 2820.0, 2880.0, 2940.0, 3000.0]
/////////////////////////
PROCESSING:  TTM1100BWBW
/////////////////////////
plotTreeName: Tprime2_DeepAK8_Mass
Flavour: M #tag: notV #algo: DeepAK8
Weights: 1 * 1 * 1 * pileupWeight * 1 * lepIdSF * EGammaGsfSF * 1 * (MCWeight_singleLepCalc/abs(MCWeight_singleLepCalc)) * 0.00223239916536
Cuts: (leptonPt_singleLepCalc > 50) && (corr_met_singleLepCalc > 55) && (AK4HT > 480) && (minDR_lepJet > 0.4 || ptRel_lepJet > 40) && (NJetsAK8_JetSubCalc > 2) && (minDR_leadAK8otherAK8 < 3.0) && DataPastTrigger == 1 && isMuon==1
****************************************************************************************************
****************************************************************************************************
DISTRIBUTION: Tp2Mass
            -name in ljmet trees: Tprime2_ALGO_Mass
            -x-axis label is set to: ;M(T) [GeV])
            -using the binning as: [0.0, 60.0, 120.0, 180.0, 240.0, 300.0, 360.0, 420.0, 480.0, 540.0, 600.0, 660.0, 720.0, 780.0, 840.0, 900.0, 960.0, 1020.0, 1080.0, 1140.0, 1200.0, 1260.0, 1320.0, 1380.0, 1440.0, 1500.0, 1560.0, 1620.0, 1680.0, 1740.0, 1800.0, 1860.0, 1920.0, 1980.0, 2040.0, 2100.0, 2160.0, 2220.0, 2280.0, 2340.0, 2400.0, 2460.0, 2520.0, 2580.0, 2640.0, 2700.0, 2760.0, 2820.0, 2880.0, 2940.0, 3000.0]
/////////////////////////
PROCESSING:  TTM1100THTH
/////////////////////////
plotTreeName: Tprime2_DeepAK8_Mass
Flavour: M #tag: notV #algo: DeepAK8
Weights: 1 * 1 * 1 * pileupWeight * 1 * lepIdSF * EGammaGsfSF * 1 * (MCWeight_singleLepCalc/abs(MCWeight_singleLepCalc)) * 0.000558099791339
Cuts: (leptonPt_singleLepCalc > 50) && (corr_met_singleLepCalc > 55) && (AK4HT > 480) && (minDR_lepJet > 0.4 || ptRel_lepJet > 40) && (NJetsAK8_JetSubCalc > 2) && (minDR_leadAK8otherAK8 < 3.0) && DataPastTrigger == 1 && isMuon==1
****************************************************************************************************
****************************************************************************************************
DISTRIBUTION: Tp2Mass
            -name in ljmet trees: Tprime2_ALGO_Mass
            -x-axis label is set to: ;M(T) [GeV])
            -using the binning as: [0.0, 60.0, 120.0, 180.0, 240.0, 300.0, 360.0, 420.0, 480.0, 540.0, 600.0, 660.0, 720.0, 780.0, 840.0, 900.0, 960.0, 1020.0, 1080.0, 1140.0, 1200.0, 1260.0, 1320.0, 1380.0, 1440.0, 1500.0, 1560.0, 1620.0, 1680.0, 1740.0, 1800.0, 1860.0, 1920.0, 1980.0, 2040.0, 2100.0, 2160.0, 2220.0, 2280.0, 2340.0, 2400.0, 2460.0, 2520.0, 2580.0, 2640.0, 2700.0, 2760.0, 2820.0, 2880.0, 2940.0, 3000.0]
/////////////////////////
PROCESSING:  TTM1100TZTZ
/////////////////////////
plotTreeName: Tprime2_DeepAK8_Mass
Flavour: M #tag: notV #algo: DeepAK8
Weights: 1 * 1 * 1 * pileupWeight * 1 * lepIdSF * EGammaGsfSF * 1 * (MCWeight_singleLepCalc/abs(MCWeight_singleLepCalc)) * 0.000558099791339
Cuts: (leptonPt_singleLepCalc > 50) && (corr_met_singleLepCalc > 55) && (AK4HT > 480) && (minDR_lepJet > 0.4 || ptRel_lepJet > 40) && (NJetsAK8_JetSubCalc > 2) && (minDR_leadAK8otherAK8 < 3.0) && DataPastTrigger == 1 && isMuon==1
****************************************************************************************************
****************************************************************************************************
DISTRIBUTION: Tp2Mass
            -name in ljmet trees: Tprime2_ALGO_Mass
            -x-axis label is set to: ;M(T) [GeV])
            -using the binning as: [0.0, 60.0, 120.0, 180.0, 240.0, 300.0, 360.0, 420.0, 480.0, 540.0, 600.0, 660.0, 720.0, 780.0, 840.0, 900.0, 960.0, 1020.0, 1080.0, 1140.0, 1200.0, 1260.0, 1320.0, 1380.0, 1440.0, 1500.0, 1560.0, 1620.0, 1680.0, 1740.0, 1800.0, 1860.0, 1920.0, 1980.0, 2040.0, 2100.0, 2160.0, 2220.0, 2280.0, 2340.0, 2400.0, 2460.0, 2520.0, 2580.0, 2640.0, 2700.0, 2760.0, 2820.0, 2880.0, 2940.0, 3000.0]
/////////////////////////
PROCESSING:  TTM1100TZBW
/////////////////////////
plotTreeName: Tprime2_DeepAK8_Mass
Flavour: M #tag: notV #algo: DeepAK8
Weights: 1 * 1 * 1 * pileupWeight * 1 * lepIdSF * EGammaGsfSF * 1 * (MCWeight_singleLepCalc/abs(MCWeight_singleLepCalc)) * 0.00111619958268
Cuts: (leptonPt_singleLepCalc > 50) && (corr_met_singleLepCalc > 55) && (AK4HT > 480) && (minDR_lepJet > 0.4 || ptRel_lepJet > 40) && (NJetsAK8_JetSubCalc > 2) && (minDR_leadAK8otherAK8 < 3.0) && DataPastTrigger == 1 && isMuon==1
****************************************************************************************************
****************************************************************************************************
DISTRIBUTION: Tp2Mass
            -name in ljmet trees: Tprime2_ALGO_Mass
            -x-axis label is set to: ;M(T) [GeV])
            -using the binning as: [0.0, 60.0, 120.0, 180.0, 240.0, 300.0, 360.0, 420.0, 480.0, 540.0, 600.0, 660.0, 720.0, 780.0, 840.0, 900.0, 960.0, 1020.0, 1080.0, 1140.0, 1200.0, 1260.0, 1320.0, 1380.0, 1440.0, 1500.0, 1560.0, 1620.0, 1680.0, 1740.0, 1800.0, 1860.0, 1920.0, 1980.0, 2040.0, 2100.0, 2160.0, 2220.0, 2280.0, 2340.0, 2400.0, 2460.0, 2520.0, 2580.0, 2640.0, 2700.0, 2760.0, 2820.0, 2880.0, 2940.0, 3000.0]
/////////////////////////
PROCESSING:  TTM1100THBW
/////////////////////////
plotTreeName: Tprime2_DeepAK8_Mass
Flavour: M #tag: notV #algo: DeepAK8
Weights: 1 * 1 * 1 * pileupWeight * 1 * lepIdSF * EGammaGsfSF * 1 * (MCWeight_singleLepCalc/abs(MCWeight_singleLepCalc)) * 0.00111619958268
Cuts: (leptonPt_singleLepCalc > 50) && (corr_met_singleLepCalc > 55) && (AK4HT > 480) && (minDR_lepJet > 0.4 || ptRel_lepJet > 40) && (NJetsAK8_JetSubCalc > 2) && (minDR_leadAK8otherAK8 < 3.0) && DataPastTrigger == 1 && isMuon==1
****************************************************************************************************
****************************************************************************************************
DISTRIBUTION: Tp2Mass
            -name in ljmet trees: Tprime2_ALGO_Mass
            -x-axis label is set to: ;M(T) [GeV])
            -using the binning as: [0.0, 60.0, 120.0, 180.0, 240.0, 300.0, 360.0, 420.0, 480.0, 540.0, 600.0, 660.0, 720.0, 780.0, 840.0, 900.0, 960.0, 1020.0, 1080.0, 1140.0, 1200.0, 1260.0, 1320.0, 1380.0, 1440.0, 1500.0, 1560.0, 1620.0, 1680.0, 1740.0, 1800.0, 1860.0, 1920.0, 1980.0, 2040.0, 2100.0, 2160.0, 2220.0, 2280.0, 2340.0, 2400.0, 2460.0, 2520.0, 2580.0, 2640.0, 2700.0, 2760.0, 2820.0, 2880.0, 2940.0, 3000.0]
/////////////////////////
PROCESSING:  TTM1100TZTH
/////////////////////////
plotTreeName: Tprime2_DeepAK8_Mass
Flavour: M #tag: notV #algo: DeepAK8
Weights: 1 * 1 * 1 * pileupWeight * 1 * lepIdSF * EGammaGsfSF * 1 * (MCWeight_singleLepCalc/abs(MCWeight_singleLepCalc)) * 0.000558099791339
Cuts: (leptonPt_singleLepCalc > 50) && (corr_met_singleLepCalc > 55) && (AK4HT > 480) && (minDR_lepJet > 0.4 || ptRel_lepJet > 40) && (NJetsAK8_JetSubCalc > 2) && (minDR_leadAK8otherAK8 < 3.0) && DataPastTrigger == 1 && isMuon==1
****************************************************************************************************
****************************************************************************************************
DISTRIBUTION: Tp2Mass
            -name in ljmet trees: Tprime2_ALGO_Mass
            -x-axis label is set to: ;M(T) [GeV])
            -using the binning as: [0.0, 60.0, 120.0, 180.0, 240.0, 300.0, 360.0, 420.0, 480.0, 540.0, 600.0, 660.0, 720.0, 780.0, 840.0, 900.0, 960.0, 1020.0, 1080.0, 1140.0, 1200.0, 1260.0, 1320.0, 1380.0, 1440.0, 1500.0, 1560.0, 1620.0, 1680.0, 1740.0, 1800.0, 1860.0, 1920.0, 1980.0, 2040.0, 2100.0, 2160.0, 2220.0, 2280.0, 2340.0, 2400.0, 2460.0, 2520.0, 2580.0, 2640.0, 2700.0, 2760.0, 2820.0, 2880.0, 2940.0, 3000.0]
/////////////////////////
PROCESSING:  TTM1200BWBW
/////////////////////////
plotTreeName: Tprime2_DeepAK8_Mass
Flavour: M #tag: notV #algo: DeepAK8
Weights: 1 * 1 * 1 * pileupWeight * 1 * lepIdSF * EGammaGsfSF * 1 * (MCWeight_singleLepCalc/abs(MCWeight_singleLepCalc)) * 0.00117627847652
Cuts: (leptonPt_singleLepCalc > 50) && (corr_met_singleLepCalc > 55) && (AK4HT > 480) && (minDR_lepJet > 0.4 || ptRel_lepJet > 40) && (NJetsAK8_JetSubCalc > 2) && (minDR_leadAK8otherAK8 < 3.0) && DataPastTrigger == 1 && isMuon==1
****************************************************************************************************
****************************************************************************************************
DISTRIBUTION: Tp2Mass
            -name in ljmet trees: Tprime2_ALGO_Mass
            -x-axis label is set to: ;M(T) [GeV])
            -using the binning as: [0.0, 60.0, 120.0, 180.0, 240.0, 300.0, 360.0, 420.0, 480.0, 540.0, 600.0, 660.0, 720.0, 780.0, 840.0, 900.0, 960.0, 1020.0, 1080.0, 1140.0, 1200.0, 1260.0, 1320.0, 1380.0, 1440.0, 1500.0, 1560.0, 1620.0, 1680.0, 1740.0, 1800.0, 1860.0, 1920.0, 1980.0, 2040.0, 2100.0, 2160.0, 2220.0, 2280.0, 2340.0, 2400.0, 2460.0, 2520.0, 2580.0, 2640.0, 2700.0, 2760.0, 2820.0, 2880.0, 2940.0, 3000.0]
/////////////////////////
PROCESSING:  TTM1200THTH
/////////////////////////
plotTreeName: Tprime2_DeepAK8_Mass
Flavour: M #tag: notV #algo: DeepAK8
Weights: 1 * 1 * 1 * pileupWeight * 1 * lepIdSF * EGammaGsfSF * 1 * (MCWeight_singleLepCalc/abs(MCWeight_singleLepCalc)) * 0.00029406961913
Cuts: (leptonPt_singleLepCalc > 50) && (corr_met_singleLepCalc > 55) && (AK4HT > 480) && (minDR_lepJet > 0.4 || ptRel_lepJet > 40) && (NJetsAK8_JetSubCalc > 2) && (minDR_leadAK8otherAK8 < 3.0) && DataPastTrigger == 1 && isMuon==1
****************************************************************************************************
****************************************************************************************************
DISTRIBUTION: Tp2Mass
            -name in ljmet trees: Tprime2_ALGO_Mass
            -x-axis label is set to: ;M(T) [GeV])
            -using the binning as: [0.0, 60.0, 120.0, 180.0, 240.0, 300.0, 360.0, 420.0, 480.0, 540.0, 600.0, 660.0, 720.0, 780.0, 840.0, 900.0, 960.0, 1020.0, 1080.0, 1140.0, 1200.0, 1260.0, 1320.0, 1380.0, 1440.0, 1500.0, 1560.0, 1620.0, 1680.0, 1740.0, 1800.0, 1860.0, 1920.0, 1980.0, 2040.0, 2100.0, 2160.0, 2220.0, 2280.0, 2340.0, 2400.0, 2460.0, 2520.0, 2580.0, 2640.0, 2700.0, 2760.0, 2820.0, 2880.0, 2940.0, 3000.0]
/////////////////////////
PROCESSING:  TTM1200TZTZ
/////////////////////////
plotTreeName: Tprime2_DeepAK8_Mass
Flavour: M #tag: notV #algo: DeepAK8
Weights: 1 * 1 * 1 * pileupWeight * 1 * lepIdSF * EGammaGsfSF * 1 * (MCWeight_singleLepCalc/abs(MCWeight_singleLepCalc)) * 0.00029406961913
Cuts: (leptonPt_singleLepCalc > 50) && (corr_met_singleLepCalc > 55) && (AK4HT > 480) && (minDR_lepJet > 0.4 || ptRel_lepJet > 40) && (NJetsAK8_JetSubCalc > 2) && (minDR_leadAK8otherAK8 < 3.0) && DataPastTrigger == 1 && isMuon==1
****************************************************************************************************
****************************************************************************************************
DISTRIBUTION: Tp2Mass
            -name in ljmet trees: Tprime2_ALGO_Mass
            -x-axis label is set to: ;M(T) [GeV])
            -using the binning as: [0.0, 60.0, 120.0, 180.0, 240.0, 300.0, 360.0, 420.0, 480.0, 540.0, 600.0, 660.0, 720.0, 780.0, 840.0, 900.0, 960.0, 1020.0, 1080.0, 1140.0, 1200.0, 1260.0, 1320.0, 1380.0, 1440.0, 1500.0, 1560.0, 1620.0, 1680.0, 1740.0, 1800.0, 1860.0, 1920.0, 1980.0, 2040.0, 2100.0, 2160.0, 2220.0, 2280.0, 2340.0, 2400.0, 2460.0, 2520.0, 2580.0, 2640.0, 2700.0, 2760.0, 2820.0, 2880.0, 2940.0, 3000.0]
/////////////////////////
PROCESSING:  TTM1200TZBW
/////////////////////////
plotTreeName: Tprime2_DeepAK8_Mass
Flavour: M #tag: notV #algo: DeepAK8
Weights: 1 * 1 * 1 * pileupWeight * 1 * lepIdSF * EGammaGsfSF * 1 * (MCWeight_singleLepCalc/abs(MCWeight_singleLepCalc)) * 0.000588139238259
Cuts: (leptonPt_singleLepCalc > 50) && (corr_met_singleLepCalc > 55) && (AK4HT > 480) && (minDR_lepJet > 0.4 || ptRel_lepJet > 40) && (NJetsAK8_JetSubCalc > 2) && (minDR_leadAK8otherAK8 < 3.0) && DataPastTrigger == 1 && isMuon==1
****************************************************************************************************
****************************************************************************************************
DISTRIBUTION: Tp2Mass
            -name in ljmet trees: Tprime2_ALGO_Mass
            -x-axis label is set to: ;M(T) [GeV])
            -using the binning as: [0.0, 60.0, 120.0, 180.0, 240.0, 300.0, 360.0, 420.0, 480.0, 540.0, 600.0, 660.0, 720.0, 780.0, 840.0, 900.0, 960.0, 1020.0, 1080.0, 1140.0, 1200.0, 1260.0, 1320.0, 1380.0, 1440.0, 1500.0, 1560.0, 1620.0, 1680.0, 1740.0, 1800.0, 1860.0, 1920.0, 1980.0, 2040.0, 2100.0, 2160.0, 2220.0, 2280.0, 2340.0, 2400.0, 2460.0, 2520.0, 2580.0, 2640.0, 2700.0, 2760.0, 2820.0, 2880.0, 2940.0, 3000.0]
/////////////////////////
PROCESSING:  TTM1200THBW
/////////////////////////
plotTreeName: Tprime2_DeepAK8_Mass
Flavour: M #tag: notV #algo: DeepAK8
Weights: 1 * 1 * 1 * pileupWeight * 1 * lepIdSF * EGammaGsfSF * 1 * (MCWeight_singleLepCalc/abs(MCWeight_singleLepCalc)) * 0.000588139238259
Cuts: (leptonPt_singleLepCalc > 50) && (corr_met_singleLepCalc > 55) && (AK4HT > 480) && (minDR_lepJet > 0.4 || ptRel_lepJet > 40) && (NJetsAK8_JetSubCalc > 2) && (minDR_leadAK8otherAK8 < 3.0) && DataPastTrigger == 1 && isMuon==1
****************************************************************************************************
****************************************************************************************************
DISTRIBUTION: Tp2Mass
            -name in ljmet trees: Tprime2_ALGO_Mass
            -x-axis label is set to: ;M(T) [GeV])
            -using the binning as: [0.0, 60.0, 120.0, 180.0, 240.0, 300.0, 360.0, 420.0, 480.0, 540.0, 600.0, 660.0, 720.0, 780.0, 840.0, 900.0, 960.0, 1020.0, 1080.0, 1140.0, 1200.0, 1260.0, 1320.0, 1380.0, 1440.0, 1500.0, 1560.0, 1620.0, 1680.0, 1740.0, 1800.0, 1860.0, 1920.0, 1980.0, 2040.0, 2100.0, 2160.0, 2220.0, 2280.0, 2340.0, 2400.0, 2460.0, 2520.0, 2580.0, 2640.0, 2700.0, 2760.0, 2820.0, 2880.0, 2940.0, 3000.0]
/////////////////////////
PROCESSING:  TTM1200TZTH
/////////////////////////
plotTreeName: Tprime2_DeepAK8_Mass
Flavour: M #tag: notV #algo: DeepAK8
Weights: 1 * 1 * 1 * pileupWeight * 1 * lepIdSF * EGammaGsfSF * 1 * (MCWeight_singleLepCalc/abs(MCWeight_singleLepCalc)) * 0.00029406961913
Cuts: (leptonPt_singleLepCalc > 50) && (corr_met_singleLepCalc > 55) && (AK4HT > 480) && (minDR_lepJet > 0.4 || ptRel_lepJet > 40) && (NJetsAK8_JetSubCalc > 2) && (minDR_leadAK8otherAK8 < 3.0) && DataPastTrigger == 1 && isMuon==1
****************************************************************************************************
****************************************************************************************************
DISTRIBUTION: Tp2Mass
            -name in ljmet trees: Tprime2_ALGO_Mass
            -x-axis label is set to: ;M(T) [GeV])
            -using the binning as: [0.0, 60.0, 120.0, 180.0, 240.0, 300.0, 360.0, 420.0, 480.0, 540.0, 600.0, 660.0, 720.0, 780.0, 840.0, 900.0, 960.0, 1020.0, 1080.0, 1140.0, 1200.0, 1260.0, 1320.0, 1380.0, 1440.0, 1500.0, 1560.0, 1620.0, 1680.0, 1740.0, 1800.0, 1860.0, 1920.0, 1980.0, 2040.0, 2100.0, 2160.0, 2220.0, 2280.0, 2340.0, 2400.0, 2460.0, 2520.0, 2580.0, 2640.0, 2700.0, 2760.0, 2820.0, 2880.0, 2940.0, 3000.0]
/////////////////////////
PROCESSING:  TTM1300BWBW
/////////////////////////
plotTreeName: Tprime2_DeepAK8_Mass
Flavour: M #tag: notV #algo: DeepAK8
Weights: 1 * 1 * 1 * pileupWeight * 1 * lepIdSF * EGammaGsfSF * 1 * (MCWeight_singleLepCalc/abs(MCWeight_singleLepCalc)) * 0.00063821114509
Cuts: (leptonPt_singleLepCalc > 50) && (corr_met_singleLepCalc > 55) && (AK4HT > 480) && (minDR_lepJet > 0.4 || ptRel_lepJet > 40) && (NJetsAK8_JetSubCalc > 2) && (minDR_leadAK8otherAK8 < 3.0) && DataPastTrigger == 1 && isMuon==1
****************************************************************************************************
****************************************************************************************************
DISTRIBUTION: Tp2Mass
            -name in ljmet trees: Tprime2_ALGO_Mass
            -x-axis label is set to: ;M(T) [GeV])
            -using the binning as: [0.0, 60.0, 120.0, 180.0, 240.0, 300.0, 360.0, 420.0, 480.0, 540.0, 600.0, 660.0, 720.0, 780.0, 840.0, 900.0, 960.0, 1020.0, 1080.0, 1140.0, 1200.0, 1260.0, 1320.0, 1380.0, 1440.0, 1500.0, 1560.0, 1620.0, 1680.0, 1740.0, 1800.0, 1860.0, 1920.0, 1980.0, 2040.0, 2100.0, 2160.0, 2220.0, 2280.0, 2340.0, 2400.0, 2460.0, 2520.0, 2580.0, 2640.0, 2700.0, 2760.0, 2820.0, 2880.0, 2940.0, 3000.0]
/////////////////////////
PROCESSING:  TTM1300THTH
/////////////////////////
plotTreeName: Tprime2_DeepAK8_Mass
Flavour: M #tag: notV #algo: DeepAK8
Weights: 1 * 1 * 1 * pileupWeight * 1 * lepIdSF * EGammaGsfSF * 1 * (MCWeight_singleLepCalc/abs(MCWeight_singleLepCalc)) * 0.000159552786272
Cuts: (leptonPt_singleLepCalc > 50) && (corr_met_singleLepCalc > 55) && (AK4HT > 480) && (minDR_lepJet > 0.4 || ptRel_lepJet > 40) && (NJetsAK8_JetSubCalc > 2) && (minDR_leadAK8otherAK8 < 3.0) && DataPastTrigger == 1 && isMuon==1
****************************************************************************************************
****************************************************************************************************
DISTRIBUTION: Tp2Mass
            -name in ljmet trees: Tprime2_ALGO_Mass
            -x-axis label is set to: ;M(T) [GeV])
            -using the binning as: [0.0, 60.0, 120.0, 180.0, 240.0, 300.0, 360.0, 420.0, 480.0, 540.0, 600.0, 660.0, 720.0, 780.0, 840.0, 900.0, 960.0, 1020.0, 1080.0, 1140.0, 1200.0, 1260.0, 1320.0, 1380.0, 1440.0, 1500.0, 1560.0, 1620.0, 1680.0, 1740.0, 1800.0, 1860.0, 1920.0, 1980.0, 2040.0, 2100.0, 2160.0, 2220.0, 2280.0, 2340.0, 2400.0, 2460.0, 2520.0, 2580.0, 2640.0, 2700.0, 2760.0, 2820.0, 2880.0, 2940.0, 3000.0]
/////////////////////////
PROCESSING:  TTM1300TZTZ
/////////////////////////
plotTreeName: Tprime2_DeepAK8_Mass
Flavour: M #tag: notV #algo: DeepAK8
Weights: 1 * 1 * 1 * pileupWeight * 1 * lepIdSF * EGammaGsfSF * 1 * (MCWeight_singleLepCalc/abs(MCWeight_singleLepCalc)) * 0.000159552786272
Cuts: (leptonPt_singleLepCalc > 50) && (corr_met_singleLepCalc > 55) && (AK4HT > 480) && (minDR_lepJet > 0.4 || ptRel_lepJet > 40) && (NJetsAK8_JetSubCalc > 2) && (minDR_leadAK8otherAK8 < 3.0) && DataPastTrigger == 1 && isMuon==1
****************************************************************************************************
****************************************************************************************************
DISTRIBUTION: Tp2Mass
            -name in ljmet trees: Tprime2_ALGO_Mass
            -x-axis label is set to: ;M(T) [GeV])
            -using the binning as: [0.0, 60.0, 120.0, 180.0, 240.0, 300.0, 360.0, 420.0, 480.0, 540.0, 600.0, 660.0, 720.0, 780.0, 840.0, 900.0, 960.0, 1020.0, 1080.0, 1140.0, 1200.0, 1260.0, 1320.0, 1380.0, 1440.0, 1500.0, 1560.0, 1620.0, 1680.0, 1740.0, 1800.0, 1860.0, 1920.0, 1980.0, 2040.0, 2100.0, 2160.0, 2220.0, 2280.0, 2340.0, 2400.0, 2460.0, 2520.0, 2580.0, 2640.0, 2700.0, 2760.0, 2820.0, 2880.0, 2940.0, 3000.0]
/////////////////////////
PROCESSING:  TTM1300TZBW
/////////////////////////
plotTreeName: Tprime2_DeepAK8_Mass
Flavour: M #tag: notV #algo: DeepAK8
Weights: 1 * 1 * 1 * pileupWeight * 1 * lepIdSF * EGammaGsfSF * 1 * (MCWeight_singleLepCalc/abs(MCWeight_singleLepCalc)) * 0.000319105572545
Cuts: (leptonPt_singleLepCalc > 50) && (corr_met_singleLepCalc > 55) && (AK4HT > 480) && (minDR_lepJet > 0.4 || ptRel_lepJet > 40) && (NJetsAK8_JetSubCalc > 2) && (minDR_leadAK8otherAK8 < 3.0) && DataPastTrigger == 1 && isMuon==1
****************************************************************************************************
****************************************************************************************************
DISTRIBUTION: Tp2Mass
            -name in ljmet trees: Tprime2_ALGO_Mass
            -x-axis label is set to: ;M(T) [GeV])
            -using the binning as: [0.0, 60.0, 120.0, 180.0, 240.0, 300.0, 360.0, 420.0, 480.0, 540.0, 600.0, 660.0, 720.0, 780.0, 840.0, 900.0, 960.0, 1020.0, 1080.0, 1140.0, 1200.0, 1260.0, 1320.0, 1380.0, 1440.0, 1500.0, 1560.0, 1620.0, 1680.0, 1740.0, 1800.0, 1860.0, 1920.0, 1980.0, 2040.0, 2100.0, 2160.0, 2220.0, 2280.0, 2340.0, 2400.0, 2460.0, 2520.0, 2580.0, 2640.0, 2700.0, 2760.0, 2820.0, 2880.0, 2940.0, 3000.0]
/////////////////////////
PROCESSING:  TTM1300THBW
/////////////////////////
plotTreeName: Tprime2_DeepAK8_Mass
Flavour: M #tag: notV #algo: DeepAK8
Weights: 1 * 1 * 1 * pileupWeight * 1 * lepIdSF * EGammaGsfSF * 1 * (MCWeight_singleLepCalc/abs(MCWeight_singleLepCalc)) * 0.000319105572545
Cuts: (leptonPt_singleLepCalc > 50) && (corr_met_singleLepCalc > 55) && (AK4HT > 480) && (minDR_lepJet > 0.4 || ptRel_lepJet > 40) && (NJetsAK8_JetSubCalc > 2) && (minDR_leadAK8otherAK8 < 3.0) && DataPastTrigger == 1 && isMuon==1
****************************************************************************************************
****************************************************************************************************
DISTRIBUTION: Tp2Mass
            -name in ljmet trees: Tprime2_ALGO_Mass
            -x-axis label is set to: ;M(T) [GeV])
            -using the binning as: [0.0, 60.0, 120.0, 180.0, 240.0, 300.0, 360.0, 420.0, 480.0, 540.0, 600.0, 660.0, 720.0, 780.0, 840.0, 900.0, 960.0, 1020.0, 1080.0, 1140.0, 1200.0, 1260.0, 1320.0, 1380.0, 1440.0, 1500.0, 1560.0, 1620.0, 1680.0, 1740.0, 1800.0, 1860.0, 1920.0, 1980.0, 2040.0, 2100.0, 2160.0, 2220.0, 2280.0, 2340.0, 2400.0, 2460.0, 2520.0, 2580.0, 2640.0, 2700.0, 2760.0, 2820.0, 2880.0, 2940.0, 3000.0]
/////////////////////////
PROCESSING:  TTM1300TZTH
/////////////////////////
plotTreeName: Tprime2_DeepAK8_Mass
Flavour: M #tag: notV #algo: DeepAK8
Weights: 1 * 1 * 1 * pileupWeight * 1 * lepIdSF * EGammaGsfSF * 1 * (MCWeight_singleLepCalc/abs(MCWeight_singleLepCalc)) * 0.000159552786272
Cuts: (leptonPt_singleLepCalc > 50) && (corr_met_singleLepCalc > 55) && (AK4HT > 480) && (minDR_lepJet > 0.4 || ptRel_lepJet > 40) && (NJetsAK8_JetSubCalc > 2) && (minDR_leadAK8otherAK8 < 3.0) && DataPastTrigger == 1 && isMuon==1
****************************************************************************************************
****************************************************************************************************
DISTRIBUTION: Tp2Mass
            -name in ljmet trees: Tprime2_ALGO_Mass
            -x-axis label is set to: ;M(T) [GeV])
            -using the binning as: [0.0, 60.0, 120.0, 180.0, 240.0, 300.0, 360.0, 420.0, 480.0, 540.0, 600.0, 660.0, 720.0, 780.0, 840.0, 900.0, 960.0, 1020.0, 1080.0, 1140.0, 1200.0, 1260.0, 1320.0, 1380.0, 1440.0, 1500.0, 1560.0, 1620.0, 1680.0, 1740.0, 1800.0, 1860.0, 1920.0, 1980.0, 2040.0, 2100.0, 2160.0, 2220.0, 2280.0, 2340.0, 2400.0, 2460.0, 2520.0, 2580.0, 2640.0, 2700.0, 2760.0, 2820.0, 2880.0, 2940.0, 3000.0]
/////////////////////////
PROCESSING:  TTM1400BWBW
/////////////////////////
plotTreeName: Tprime2_DeepAK8_Mass
Flavour: M #tag: notV #algo: DeepAK8
Weights: 1 * 1 * 1 * pileupWeight * 1 * lepIdSF * EGammaGsfSF * 1 * (MCWeight_singleLepCalc/abs(MCWeight_singleLepCalc)) * 0.000352883542956
Cuts: (leptonPt_singleLepCalc > 50) && (corr_met_singleLepCalc > 55) && (AK4HT > 480) && (minDR_lepJet > 0.4 || ptRel_lepJet > 40) && (NJetsAK8_JetSubCalc > 2) && (minDR_leadAK8otherAK8 < 3.0) && DataPastTrigger == 1 && isMuon==1
****************************************************************************************************
****************************************************************************************************
DISTRIBUTION: Tp2Mass
            -name in ljmet trees: Tprime2_ALGO_Mass
            -x-axis label is set to: ;M(T) [GeV])
            -using the binning as: [0.0, 60.0, 120.0, 180.0, 240.0, 300.0, 360.0, 420.0, 480.0, 540.0, 600.0, 660.0, 720.0, 780.0, 840.0, 900.0, 960.0, 1020.0, 1080.0, 1140.0, 1200.0, 1260.0, 1320.0, 1380.0, 1440.0, 1500.0, 1560.0, 1620.0, 1680.0, 1740.0, 1800.0, 1860.0, 1920.0, 1980.0, 2040.0, 2100.0, 2160.0, 2220.0, 2280.0, 2340.0, 2400.0, 2460.0, 2520.0, 2580.0, 2640.0, 2700.0, 2760.0, 2820.0, 2880.0, 2940.0, 3000.0]
/////////////////////////
PROCESSING:  TTM1400THTH
/////////////////////////
plotTreeName: Tprime2_DeepAK8_Mass
Flavour: M #tag: notV #algo: DeepAK8
Weights: 1 * 1 * 1 * pileupWeight * 1 * lepIdSF * EGammaGsfSF * 1 * (MCWeight_singleLepCalc/abs(MCWeight_singleLepCalc)) * 8.82208857389e-05
Cuts: (leptonPt_singleLepCalc > 50) && (corr_met_singleLepCalc > 55) && (AK4HT > 480) && (minDR_lepJet > 0.4 || ptRel_lepJet > 40) && (NJetsAK8_JetSubCalc > 2) && (minDR_leadAK8otherAK8 < 3.0) && DataPastTrigger == 1 && isMuon==1
****************************************************************************************************
****************************************************************************************************
DISTRIBUTION: Tp2Mass
            -name in ljmet trees: Tprime2_ALGO_Mass
            -x-axis label is set to: ;M(T) [GeV])
            -using the binning as: [0.0, 60.0, 120.0, 180.0, 240.0, 300.0, 360.0, 420.0, 480.0, 540.0, 600.0, 660.0, 720.0, 780.0, 840.0, 900.0, 960.0, 1020.0, 1080.0, 1140.0, 1200.0, 1260.0, 1320.0, 1380.0, 1440.0, 1500.0, 1560.0, 1620.0, 1680.0, 1740.0, 1800.0, 1860.0, 1920.0, 1980.0, 2040.0, 2100.0, 2160.0, 2220.0, 2280.0, 2340.0, 2400.0, 2460.0, 2520.0, 2580.0, 2640.0, 2700.0, 2760.0, 2820.0, 2880.0, 2940.0, 3000.0]
/////////////////////////
PROCESSING:  TTM1400TZTZ
/////////////////////////
plotTreeName: Tprime2_DeepAK8_Mass
Flavour: M #tag: notV #algo: DeepAK8
Weights: 1 * 1 * 1 * pileupWeight * 1 * lepIdSF * EGammaGsfSF * 1 * (MCWeight_singleLepCalc/abs(MCWeight_singleLepCalc)) * 8.82208857389e-05
Cuts: (leptonPt_singleLepCalc > 50) && (corr_met_singleLepCalc > 55) && (AK4HT > 480) && (minDR_lepJet > 0.4 || ptRel_lepJet > 40) && (NJetsAK8_JetSubCalc > 2) && (minDR_leadAK8otherAK8 < 3.0) && DataPastTrigger == 1 && isMuon==1
****************************************************************************************************
****************************************************************************************************
DISTRIBUTION: Tp2Mass
            -name in ljmet trees: Tprime2_ALGO_Mass
            -x-axis label is set to: ;M(T) [GeV])
            -using the binning as: [0.0, 60.0, 120.0, 180.0, 240.0, 300.0, 360.0, 420.0, 480.0, 540.0, 600.0, 660.0, 720.0, 780.0, 840.0, 900.0, 960.0, 1020.0, 1080.0, 1140.0, 1200.0, 1260.0, 1320.0, 1380.0, 1440.0, 1500.0, 1560.0, 1620.0, 1680.0, 1740.0, 1800.0, 1860.0, 1920.0, 1980.0, 2040.0, 2100.0, 2160.0, 2220.0, 2280.0, 2340.0, 2400.0, 2460.0, 2520.0, 2580.0, 2640.0, 2700.0, 2760.0, 2820.0, 2880.0, 2940.0, 3000.0]
/////////////////////////
PROCESSING:  TTM1400TZBW
/////////////////////////
plotTreeName: Tprime2_DeepAK8_Mass
Flavour: M #tag: notV #algo: DeepAK8
Weights: 1 * 1 * 1 * pileupWeight * 1 * lepIdSF * EGammaGsfSF * 1 * (MCWeight_singleLepCalc/abs(MCWeight_singleLepCalc)) * 0.000176441771478
Cuts: (leptonPt_singleLepCalc > 50) && (corr_met_singleLepCalc > 55) && (AK4HT > 480) && (minDR_lepJet > 0.4 || ptRel_lepJet > 40) && (NJetsAK8_JetSubCalc > 2) && (minDR_leadAK8otherAK8 < 3.0) && DataPastTrigger == 1 && isMuon==1
****************************************************************************************************
****************************************************************************************************
DISTRIBUTION: Tp2Mass
            -name in ljmet trees: Tprime2_ALGO_Mass
            -x-axis label is set to: ;M(T) [GeV])
            -using the binning as: [0.0, 60.0, 120.0, 180.0, 240.0, 300.0, 360.0, 420.0, 480.0, 540.0, 600.0, 660.0, 720.0, 780.0, 840.0, 900.0, 960.0, 1020.0, 1080.0, 1140.0, 1200.0, 1260.0, 1320.0, 1380.0, 1440.0, 1500.0, 1560.0, 1620.0, 1680.0, 1740.0, 1800.0, 1860.0, 1920.0, 1980.0, 2040.0, 2100.0, 2160.0, 2220.0, 2280.0, 2340.0, 2400.0, 2460.0, 2520.0, 2580.0, 2640.0, 2700.0, 2760.0, 2820.0, 2880.0, 2940.0, 3000.0]
/////////////////////////
PROCESSING:  TTM1400THBW
/////////////////////////
plotTreeName: Tprime2_DeepAK8_Mass
Flavour: M #tag: notV #algo: DeepAK8
Weights: 1 * 1 * 1 * pileupWeight * 1 * lepIdSF * EGammaGsfSF * 1 * (MCWeight_singleLepCalc/abs(MCWeight_singleLepCalc)) * 0.000176441771478
Cuts: (leptonPt_singleLepCalc > 50) && (corr_met_singleLepCalc > 55) && (AK4HT > 480) && (minDR_lepJet > 0.4 || ptRel_lepJet > 40) && (NJetsAK8_JetSubCalc > 2) && (minDR_leadAK8otherAK8 < 3.0) && DataPastTrigger == 1 && isMuon==1
****************************************************************************************************
****************************************************************************************************
DISTRIBUTION: Tp2Mass
            -name in ljmet trees: Tprime2_ALGO_Mass
            -x-axis label is set to: ;M(T) [GeV])
            -using the binning as: [0.0, 60.0, 120.0, 180.0, 240.0, 300.0, 360.0, 420.0, 480.0, 540.0, 600.0, 660.0, 720.0, 780.0, 840.0, 900.0, 960.0, 1020.0, 1080.0, 1140.0, 1200.0, 1260.0, 1320.0, 1380.0, 1440.0, 1500.0, 1560.0, 1620.0, 1680.0, 1740.0, 1800.0, 1860.0, 1920.0, 1980.0, 2040.0, 2100.0, 2160.0, 2220.0, 2280.0, 2340.0, 2400.0, 2460.0, 2520.0, 2580.0, 2640.0, 2700.0, 2760.0, 2820.0, 2880.0, 2940.0, 3000.0]
/////////////////////////
PROCESSING:  TTM1400TZTH
/////////////////////////
plotTreeName: Tprime2_DeepAK8_Mass
Flavour: M #tag: notV #algo: DeepAK8
Weights: 1 * 1 * 1 * pileupWeight * 1 * lepIdSF * EGammaGsfSF * 1 * (MCWeight_singleLepCalc/abs(MCWeight_singleLepCalc)) * 8.82208857389e-05
Cuts: (leptonPt_singleLepCalc > 50) && (corr_met_singleLepCalc > 55) && (AK4HT > 480) && (minDR_lepJet > 0.4 || ptRel_lepJet > 40) && (NJetsAK8_JetSubCalc > 2) && (minDR_leadAK8otherAK8 < 3.0) && DataPastTrigger == 1 && isMuon==1
****************************************************************************************************
****************************************************************************************************
DISTRIBUTION: Tp2Mass
            -name in ljmet trees: Tprime2_ALGO_Mass
            -x-axis label is set to: ;M(T) [GeV])
            -using the binning as: [0.0, 60.0, 120.0, 180.0, 240.0, 300.0, 360.0, 420.0, 480.0, 540.0, 600.0, 660.0, 720.0, 780.0, 840.0, 900.0, 960.0, 1020.0, 1080.0, 1140.0, 1200.0, 1260.0, 1320.0, 1380.0, 1440.0, 1500.0, 1560.0, 1620.0, 1680.0, 1740.0, 1800.0, 1860.0, 1920.0, 1980.0, 2040.0, 2100.0, 2160.0, 2220.0, 2280.0, 2340.0, 2400.0, 2460.0, 2520.0, 2580.0, 2640.0, 2700.0, 2760.0, 2820.0, 2880.0, 2940.0, 3000.0]
/////////////////////////
PROCESSING:  TTM1500BWBW
/////////////////////////
plotTreeName: Tprime2_DeepAK8_Mass
Flavour: M #tag: notV #algo: DeepAK8
Weights: 1 * 1 * 1 * pileupWeight * 1 * lepIdSF * EGammaGsfSF * 1 * (MCWeight_singleLepCalc/abs(MCWeight_singleLepCalc)) * 0.00019932135405
Cuts: (leptonPt_singleLepCalc > 50) && (corr_met_singleLepCalc > 55) && (AK4HT > 480) && (minDR_lepJet > 0.4 || ptRel_lepJet > 40) && (NJetsAK8_JetSubCalc > 2) && (minDR_leadAK8otherAK8 < 3.0) && DataPastTrigger == 1 && isMuon==1
****************************************************************************************************
****************************************************************************************************
DISTRIBUTION: Tp2Mass
            -name in ljmet trees: Tprime2_ALGO_Mass
            -x-axis label is set to: ;M(T) [GeV])
            -using the binning as: [0.0, 60.0, 120.0, 180.0, 240.0, 300.0, 360.0, 420.0, 480.0, 540.0, 600.0, 660.0, 720.0, 780.0, 840.0, 900.0, 960.0, 1020.0, 1080.0, 1140.0, 1200.0, 1260.0, 1320.0, 1380.0, 1440.0, 1500.0, 1560.0, 1620.0, 1680.0, 1740.0, 1800.0, 1860.0, 1920.0, 1980.0, 2040.0, 2100.0, 2160.0, 2220.0, 2280.0, 2340.0, 2400.0, 2460.0, 2520.0, 2580.0, 2640.0, 2700.0, 2760.0, 2820.0, 2880.0, 2940.0, 3000.0]
/////////////////////////
PROCESSING:  TTM1500THTH
/////////////////////////
plotTreeName: Tprime2_DeepAK8_Mass
Flavour: M #tag: notV #algo: DeepAK8
Weights: 1 * 1 * 1 * pileupWeight * 1 * lepIdSF * EGammaGsfSF * 1 * (MCWeight_singleLepCalc/abs(MCWeight_singleLepCalc)) * 4.98303385124e-05
Cuts: (leptonPt_singleLepCalc > 50) && (corr_met_singleLepCalc > 55) && (AK4HT > 480) && (minDR_lepJet > 0.4 || ptRel_lepJet > 40) && (NJetsAK8_JetSubCalc > 2) && (minDR_leadAK8otherAK8 < 3.0) && DataPastTrigger == 1 && isMuon==1
****************************************************************************************************
****************************************************************************************************
DISTRIBUTION: Tp2Mass
            -name in ljmet trees: Tprime2_ALGO_Mass
            -x-axis label is set to: ;M(T) [GeV])
            -using the binning as: [0.0, 60.0, 120.0, 180.0, 240.0, 300.0, 360.0, 420.0, 480.0, 540.0, 600.0, 660.0, 720.0, 780.0, 840.0, 900.0, 960.0, 1020.0, 1080.0, 1140.0, 1200.0, 1260.0, 1320.0, 1380.0, 1440.0, 1500.0, 1560.0, 1620.0, 1680.0, 1740.0, 1800.0, 1860.0, 1920.0, 1980.0, 2040.0, 2100.0, 2160.0, 2220.0, 2280.0, 2340.0, 2400.0, 2460.0, 2520.0, 2580.0, 2640.0, 2700.0, 2760.0, 2820.0, 2880.0, 2940.0, 3000.0]
/////////////////////////
PROCESSING:  TTM1500TZTZ
/////////////////////////
plotTreeName: Tprime2_DeepAK8_Mass
Flavour: M #tag: notV #algo: DeepAK8
Weights: 1 * 1 * 1 * pileupWeight * 1 * lepIdSF * EGammaGsfSF * 1 * (MCWeight_singleLepCalc/abs(MCWeight_singleLepCalc)) * 4.98303385124e-05
Cuts: (leptonPt_singleLepCalc > 50) && (corr_met_singleLepCalc > 55) && (AK4HT > 480) && (minDR_lepJet > 0.4 || ptRel_lepJet > 40) && (NJetsAK8_JetSubCalc > 2) && (minDR_leadAK8otherAK8 < 3.0) && DataPastTrigger == 1 && isMuon==1
****************************************************************************************************
****************************************************************************************************
DISTRIBUTION: Tp2Mass
            -name in ljmet trees: Tprime2_ALGO_Mass
            -x-axis label is set to: ;M(T) [GeV])
            -using the binning as: [0.0, 60.0, 120.0, 180.0, 240.0, 300.0, 360.0, 420.0, 480.0, 540.0, 600.0, 660.0, 720.0, 780.0, 840.0, 900.0, 960.0, 1020.0, 1080.0, 1140.0, 1200.0, 1260.0, 1320.0, 1380.0, 1440.0, 1500.0, 1560.0, 1620.0, 1680.0, 1740.0, 1800.0, 1860.0, 1920.0, 1980.0, 2040.0, 2100.0, 2160.0, 2220.0, 2280.0, 2340.0, 2400.0, 2460.0, 2520.0, 2580.0, 2640.0, 2700.0, 2760.0, 2820.0, 2880.0, 2940.0, 3000.0]
/////////////////////////
PROCESSING:  TTM1500TZBW
/////////////////////////
plotTreeName: Tprime2_DeepAK8_Mass
Flavour: M #tag: notV #algo: DeepAK8
Weights: 1 * 1 * 1 * pileupWeight * 1 * lepIdSF * EGammaGsfSF * 1 * (MCWeight_singleLepCalc/abs(MCWeight_singleLepCalc)) * 9.96606770248e-05
Cuts: (leptonPt_singleLepCalc > 50) && (corr_met_singleLepCalc > 55) && (AK4HT > 480) && (minDR_lepJet > 0.4 || ptRel_lepJet > 40) && (NJetsAK8_JetSubCalc > 2) && (minDR_leadAK8otherAK8 < 3.0) && DataPastTrigger == 1 && isMuon==1
****************************************************************************************************
****************************************************************************************************
DISTRIBUTION: Tp2Mass
            -name in ljmet trees: Tprime2_ALGO_Mass
            -x-axis label is set to: ;M(T) [GeV])
            -using the binning as: [0.0, 60.0, 120.0, 180.0, 240.0, 300.0, 360.0, 420.0, 480.0, 540.0, 600.0, 660.0, 720.0, 780.0, 840.0, 900.0, 960.0, 1020.0, 1080.0, 1140.0, 1200.0, 1260.0, 1320.0, 1380.0, 1440.0, 1500.0, 1560.0, 1620.0, 1680.0, 1740.0, 1800.0, 1860.0, 1920.0, 1980.0, 2040.0, 2100.0, 2160.0, 2220.0, 2280.0, 2340.0, 2400.0, 2460.0, 2520.0, 2580.0, 2640.0, 2700.0, 2760.0, 2820.0, 2880.0, 2940.0, 3000.0]
/////////////////////////
PROCESSING:  TTM1500THBW
/////////////////////////
plotTreeName: Tprime2_DeepAK8_Mass
Flavour: M #tag: notV #algo: DeepAK8
Weights: 1 * 1 * 1 * pileupWeight * 1 * lepIdSF * EGammaGsfSF * 1 * (MCWeight_singleLepCalc/abs(MCWeight_singleLepCalc)) * 9.96606770248e-05
Cuts: (leptonPt_singleLepCalc > 50) && (corr_met_singleLepCalc > 55) && (AK4HT > 480) && (minDR_lepJet > 0.4 || ptRel_lepJet > 40) && (NJetsAK8_JetSubCalc > 2) && (minDR_leadAK8otherAK8 < 3.0) && DataPastTrigger == 1 && isMuon==1
****************************************************************************************************
****************************************************************************************************
DISTRIBUTION: Tp2Mass
            -name in ljmet trees: Tprime2_ALGO_Mass
            -x-axis label is set to: ;M(T) [GeV])
            -using the binning as: [0.0, 60.0, 120.0, 180.0, 240.0, 300.0, 360.0, 420.0, 480.0, 540.0, 600.0, 660.0, 720.0, 780.0, 840.0, 900.0, 960.0, 1020.0, 1080.0, 1140.0, 1200.0, 1260.0, 1320.0, 1380.0, 1440.0, 1500.0, 1560.0, 1620.0, 1680.0, 1740.0, 1800.0, 1860.0, 1920.0, 1980.0, 2040.0, 2100.0, 2160.0, 2220.0, 2280.0, 2340.0, 2400.0, 2460.0, 2520.0, 2580.0, 2640.0, 2700.0, 2760.0, 2820.0, 2880.0, 2940.0, 3000.0]
/////////////////////////
PROCESSING:  TTM1500TZTH
/////////////////////////
plotTreeName: Tprime2_DeepAK8_Mass
Flavour: M #tag: notV #algo: DeepAK8
Weights: 1 * 1 * 1 * pileupWeight * 1 * lepIdSF * EGammaGsfSF * 1 * (MCWeight_singleLepCalc/abs(MCWeight_singleLepCalc)) * 4.98303385124e-05
Cuts: (leptonPt_singleLepCalc > 50) && (corr_met_singleLepCalc > 55) && (AK4HT > 480) && (minDR_lepJet > 0.4 || ptRel_lepJet > 40) && (NJetsAK8_JetSubCalc > 2) && (minDR_leadAK8otherAK8 < 3.0) && DataPastTrigger == 1 && isMuon==1
****************************************************************************************************
****************************************************************************************************
DISTRIBUTION: Tp2Mass
            -name in ljmet trees: Tprime2_ALGO_Mass
            -x-axis label is set to: ;M(T) [GeV])
            -using the binning as: [0.0, 60.0, 120.0, 180.0, 240.0, 300.0, 360.0, 420.0, 480.0, 540.0, 600.0, 660.0, 720.0, 780.0, 840.0, 900.0, 960.0, 1020.0, 1080.0, 1140.0, 1200.0, 1260.0, 1320.0, 1380.0, 1440.0, 1500.0, 1560.0, 1620.0, 1680.0, 1740.0, 1800.0, 1860.0, 1920.0, 1980.0, 2040.0, 2100.0, 2160.0, 2220.0, 2280.0, 2340.0, 2400.0, 2460.0, 2520.0, 2580.0, 2640.0, 2700.0, 2760.0, 2820.0, 2880.0, 2940.0, 3000.0]
/////////////////////////
PROCESSING:  TTM1600BWBW
/////////////////////////
plotTreeName: Tprime2_DeepAK8_Mass
Flavour: M #tag: notV #algo: DeepAK8
Weights: 1 * 1 * 1 * pileupWeight * 1 * lepIdSF * EGammaGsfSF * 1 * (MCWeight_singleLepCalc/abs(MCWeight_singleLepCalc)) * 0.000114437939919
Cuts: (leptonPt_singleLepCalc > 50) && (corr_met_singleLepCalc > 55) && (AK4HT > 480) && (minDR_lepJet > 0.4 || ptRel_lepJet > 40) && (NJetsAK8_JetSubCalc > 2) && (minDR_leadAK8otherAK8 < 3.0) && DataPastTrigger == 1 && isMuon==1
****************************************************************************************************
****************************************************************************************************
DISTRIBUTION: Tp2Mass
            -name in ljmet trees: Tprime2_ALGO_Mass
            -x-axis label is set to: ;M(T) [GeV])
            -using the binning as: [0.0, 60.0, 120.0, 180.0, 240.0, 300.0, 360.0, 420.0, 480.0, 540.0, 600.0, 660.0, 720.0, 780.0, 840.0, 900.0, 960.0, 1020.0, 1080.0, 1140.0, 1200.0, 1260.0, 1320.0, 1380.0, 1440.0, 1500.0, 1560.0, 1620.0, 1680.0, 1740.0, 1800.0, 1860.0, 1920.0, 1980.0, 2040.0, 2100.0, 2160.0, 2220.0, 2280.0, 2340.0, 2400.0, 2460.0, 2520.0, 2580.0, 2640.0, 2700.0, 2760.0, 2820.0, 2880.0, 2940.0, 3000.0]
/////////////////////////
PROCESSING:  TTM1600THTH
/////////////////////////
plotTreeName: Tprime2_DeepAK8_Mass
Flavour: M #tag: notV #algo: DeepAK8
Weights: 1 * 1 * 1 * pileupWeight * 1 * lepIdSF * EGammaGsfSF * 1 * (MCWeight_singleLepCalc/abs(MCWeight_singleLepCalc)) * 2.86094849797e-05
Cuts: (leptonPt_singleLepCalc > 50) && (corr_met_singleLepCalc > 55) && (AK4HT > 480) && (minDR_lepJet > 0.4 || ptRel_lepJet > 40) && (NJetsAK8_JetSubCalc > 2) && (minDR_leadAK8otherAK8 < 3.0) && DataPastTrigger == 1 && isMuon==1
****************************************************************************************************
****************************************************************************************************
DISTRIBUTION: Tp2Mass
            -name in ljmet trees: Tprime2_ALGO_Mass
            -x-axis label is set to: ;M(T) [GeV])
            -using the binning as: [0.0, 60.0, 120.0, 180.0, 240.0, 300.0, 360.0, 420.0, 480.0, 540.0, 600.0, 660.0, 720.0, 780.0, 840.0, 900.0, 960.0, 1020.0, 1080.0, 1140.0, 1200.0, 1260.0, 1320.0, 1380.0, 1440.0, 1500.0, 1560.0, 1620.0, 1680.0, 1740.0, 1800.0, 1860.0, 1920.0, 1980.0, 2040.0, 2100.0, 2160.0, 2220.0, 2280.0, 2340.0, 2400.0, 2460.0, 2520.0, 2580.0, 2640.0, 2700.0, 2760.0, 2820.0, 2880.0, 2940.0, 3000.0]
/////////////////////////
PROCESSING:  TTM1600TZTZ
/////////////////////////
plotTreeName: Tprime2_DeepAK8_Mass
Flavour: M #tag: notV #algo: DeepAK8
Weights: 1 * 1 * 1 * pileupWeight * 1 * lepIdSF * EGammaGsfSF * 1 * (MCWeight_singleLepCalc/abs(MCWeight_singleLepCalc)) * 2.86094849797e-05
Cuts: (leptonPt_singleLepCalc > 50) && (corr_met_singleLepCalc > 55) && (AK4HT > 480) && (minDR_lepJet > 0.4 || ptRel_lepJet > 40) && (NJetsAK8_JetSubCalc > 2) && (minDR_leadAK8otherAK8 < 3.0) && DataPastTrigger == 1 && isMuon==1
****************************************************************************************************
****************************************************************************************************
DISTRIBUTION: Tp2Mass
            -name in ljmet trees: Tprime2_ALGO_Mass
            -x-axis label is set to: ;M(T) [GeV])
            -using the binning as: [0.0, 60.0, 120.0, 180.0, 240.0, 300.0, 360.0, 420.0, 480.0, 540.0, 600.0, 660.0, 720.0, 780.0, 840.0, 900.0, 960.0, 1020.0, 1080.0, 1140.0, 1200.0, 1260.0, 1320.0, 1380.0, 1440.0, 1500.0, 1560.0, 1620.0, 1680.0, 1740.0, 1800.0, 1860.0, 1920.0, 1980.0, 2040.0, 2100.0, 2160.0, 2220.0, 2280.0, 2340.0, 2400.0, 2460.0, 2520.0, 2580.0, 2640.0, 2700.0, 2760.0, 2820.0, 2880.0, 2940.0, 3000.0]
/////////////////////////
PROCESSING:  TTM1600TZBW
/////////////////////////
plotTreeName: Tprime2_DeepAK8_Mass
Flavour: M #tag: notV #algo: DeepAK8
Weights: 1 * 1 * 1 * pileupWeight * 1 * lepIdSF * EGammaGsfSF * 1 * (MCWeight_singleLepCalc/abs(MCWeight_singleLepCalc)) * 5.72189699595e-05
Cuts: (leptonPt_singleLepCalc > 50) && (corr_met_singleLepCalc > 55) && (AK4HT > 480) && (minDR_lepJet > 0.4 || ptRel_lepJet > 40) && (NJetsAK8_JetSubCalc > 2) && (minDR_leadAK8otherAK8 < 3.0) && DataPastTrigger == 1 && isMuon==1
****************************************************************************************************
****************************************************************************************************
DISTRIBUTION: Tp2Mass
            -name in ljmet trees: Tprime2_ALGO_Mass
            -x-axis label is set to: ;M(T) [GeV])
            -using the binning as: [0.0, 60.0, 120.0, 180.0, 240.0, 300.0, 360.0, 420.0, 480.0, 540.0, 600.0, 660.0, 720.0, 780.0, 840.0, 900.0, 960.0, 1020.0, 1080.0, 1140.0, 1200.0, 1260.0, 1320.0, 1380.0, 1440.0, 1500.0, 1560.0, 1620.0, 1680.0, 1740.0, 1800.0, 1860.0, 1920.0, 1980.0, 2040.0, 2100.0, 2160.0, 2220.0, 2280.0, 2340.0, 2400.0, 2460.0, 2520.0, 2580.0, 2640.0, 2700.0, 2760.0, 2820.0, 2880.0, 2940.0, 3000.0]
/////////////////////////
PROCESSING:  TTM1600THBW
/////////////////////////
plotTreeName: Tprime2_DeepAK8_Mass
Flavour: M #tag: notV #algo: DeepAK8
Weights: 1 * 1 * 1 * pileupWeight * 1 * lepIdSF * EGammaGsfSF * 1 * (MCWeight_singleLepCalc/abs(MCWeight_singleLepCalc)) * 5.72189699595e-05
Cuts: (leptonPt_singleLepCalc > 50) && (corr_met_singleLepCalc > 55) && (AK4HT > 480) && (minDR_lepJet > 0.4 || ptRel_lepJet > 40) && (NJetsAK8_JetSubCalc > 2) && (minDR_leadAK8otherAK8 < 3.0) && DataPastTrigger == 1 && isMuon==1
****************************************************************************************************
****************************************************************************************************
DISTRIBUTION: Tp2Mass
            -name in ljmet trees: Tprime2_ALGO_Mass
            -x-axis label is set to: ;M(T) [GeV])
            -using the binning as: [0.0, 60.0, 120.0, 180.0, 240.0, 300.0, 360.0, 420.0, 480.0, 540.0, 600.0, 660.0, 720.0, 780.0, 840.0, 900.0, 960.0, 1020.0, 1080.0, 1140.0, 1200.0, 1260.0, 1320.0, 1380.0, 1440.0, 1500.0, 1560.0, 1620.0, 1680.0, 1740.0, 1800.0, 1860.0, 1920.0, 1980.0, 2040.0, 2100.0, 2160.0, 2220.0, 2280.0, 2340.0, 2400.0, 2460.0, 2520.0, 2580.0, 2640.0, 2700.0, 2760.0, 2820.0, 2880.0, 2940.0, 3000.0]
/////////////////////////
PROCESSING:  TTM1600TZTH
/////////////////////////
plotTreeName: Tprime2_DeepAK8_Mass
Flavour: M #tag: notV #algo: DeepAK8
Weights: 1 * 1 * 1 * pileupWeight * 1 * lepIdSF * EGammaGsfSF * 1 * (MCWeight_singleLepCalc/abs(MCWeight_singleLepCalc)) * 2.86094849797e-05
Cuts: (leptonPt_singleLepCalc > 50) && (corr_met_singleLepCalc > 55) && (AK4HT > 480) && (minDR_lepJet > 0.4 || ptRel_lepJet > 40) && (NJetsAK8_JetSubCalc > 2) && (minDR_leadAK8otherAK8 < 3.0) && DataPastTrigger == 1 && isMuon==1
****************************************************************************************************
****************************************************************************************************
DISTRIBUTION: Tp2Mass
            -name in ljmet trees: Tprime2_ALGO_Mass
            -x-axis label is set to: ;M(T) [GeV])
            -using the binning as: [0.0, 60.0, 120.0, 180.0, 240.0, 300.0, 360.0, 420.0, 480.0, 540.0, 600.0, 660.0, 720.0, 780.0, 840.0, 900.0, 960.0, 1020.0, 1080.0, 1140.0, 1200.0, 1260.0, 1320.0, 1380.0, 1440.0, 1500.0, 1560.0, 1620.0, 1680.0, 1740.0, 1800.0, 1860.0, 1920.0, 1980.0, 2040.0, 2100.0, 2160.0, 2220.0, 2280.0, 2340.0, 2400.0, 2460.0, 2520.0, 2580.0, 2640.0, 2700.0, 2760.0, 2820.0, 2880.0, 2940.0, 3000.0]
/////////////////////////
PROCESSING:  TTM1700BWBW
/////////////////////////
plotTreeName: Tprime2_DeepAK8_Mass
Flavour: M #tag: notV #algo: DeepAK8
Weights: 1 * 1 * 1 * pileupWeight * 1 * lepIdSF * EGammaGsfSF * 1 * (MCWeight_singleLepCalc/abs(MCWeight_singleLepCalc)) * 6.93554282011e-05
Cuts: (leptonPt_singleLepCalc > 50) && (corr_met_singleLepCalc > 55) && (AK4HT > 480) && (minDR_lepJet > 0.4 || ptRel_lepJet > 40) && (NJetsAK8_JetSubCalc > 2) && (minDR_leadAK8otherAK8 < 3.0) && DataPastTrigger == 1 && isMuon==1
****************************************************************************************************
****************************************************************************************************
DISTRIBUTION: Tp2Mass
            -name in ljmet trees: Tprime2_ALGO_Mass
            -x-axis label is set to: ;M(T) [GeV])
            -using the binning as: [0.0, 60.0, 120.0, 180.0, 240.0, 300.0, 360.0, 420.0, 480.0, 540.0, 600.0, 660.0, 720.0, 780.0, 840.0, 900.0, 960.0, 1020.0, 1080.0, 1140.0, 1200.0, 1260.0, 1320.0, 1380.0, 1440.0, 1500.0, 1560.0, 1620.0, 1680.0, 1740.0, 1800.0, 1860.0, 1920.0, 1980.0, 2040.0, 2100.0, 2160.0, 2220.0, 2280.0, 2340.0, 2400.0, 2460.0, 2520.0, 2580.0, 2640.0, 2700.0, 2760.0, 2820.0, 2880.0, 2940.0, 3000.0]
/////////////////////////
PROCESSING:  TTM1700THTH
/////////////////////////
plotTreeName: Tprime2_DeepAK8_Mass
Flavour: M #tag: notV #algo: DeepAK8
Weights: 1 * 1 * 1 * pileupWeight * 1 * lepIdSF * EGammaGsfSF * 1 * (MCWeight_singleLepCalc/abs(MCWeight_singleLepCalc)) * 1.73388570503e-05
Cuts: (leptonPt_singleLepCalc > 50) && (corr_met_singleLepCalc > 55) && (AK4HT > 480) && (minDR_lepJet > 0.4 || ptRel_lepJet > 40) && (NJetsAK8_JetSubCalc > 2) && (minDR_leadAK8otherAK8 < 3.0) && DataPastTrigger == 1 && isMuon==1
****************************************************************************************************
****************************************************************************************************
DISTRIBUTION: Tp2Mass
            -name in ljmet trees: Tprime2_ALGO_Mass
            -x-axis label is set to: ;M(T) [GeV])
            -using the binning as: [0.0, 60.0, 120.0, 180.0, 240.0, 300.0, 360.0, 420.0, 480.0, 540.0, 600.0, 660.0, 720.0, 780.0, 840.0, 900.0, 960.0, 1020.0, 1080.0, 1140.0, 1200.0, 1260.0, 1320.0, 1380.0, 1440.0, 1500.0, 1560.0, 1620.0, 1680.0, 1740.0, 1800.0, 1860.0, 1920.0, 1980.0, 2040.0, 2100.0, 2160.0, 2220.0, 2280.0, 2340.0, 2400.0, 2460.0, 2520.0, 2580.0, 2640.0, 2700.0, 2760.0, 2820.0, 2880.0, 2940.0, 3000.0]
/////////////////////////
PROCESSING:  TTM1700TZTZ
/////////////////////////
plotTreeName: Tprime2_DeepAK8_Mass
Flavour: M #tag: notV #algo: DeepAK8
Weights: 1 * 1 * 1 * pileupWeight * 1 * lepIdSF * EGammaGsfSF * 1 * (MCWeight_singleLepCalc/abs(MCWeight_singleLepCalc)) * 1.73388570503e-05
Cuts: (leptonPt_singleLepCalc > 50) && (corr_met_singleLepCalc > 55) && (AK4HT > 480) && (minDR_lepJet > 0.4 || ptRel_lepJet > 40) && (NJetsAK8_JetSubCalc > 2) && (minDR_leadAK8otherAK8 < 3.0) && DataPastTrigger == 1 && isMuon==1
****************************************************************************************************
****************************************************************************************************
DISTRIBUTION: Tp2Mass
            -name in ljmet trees: Tprime2_ALGO_Mass
            -x-axis label is set to: ;M(T) [GeV])
            -using the binning as: [0.0, 60.0, 120.0, 180.0, 240.0, 300.0, 360.0, 420.0, 480.0, 540.0, 600.0, 660.0, 720.0, 780.0, 840.0, 900.0, 960.0, 1020.0, 1080.0, 1140.0, 1200.0, 1260.0, 1320.0, 1380.0, 1440.0, 1500.0, 1560.0, 1620.0, 1680.0, 1740.0, 1800.0, 1860.0, 1920.0, 1980.0, 2040.0, 2100.0, 2160.0, 2220.0, 2280.0, 2340.0, 2400.0, 2460.0, 2520.0, 2580.0, 2640.0, 2700.0, 2760.0, 2820.0, 2880.0, 2940.0, 3000.0]
/////////////////////////
PROCESSING:  TTM1700TZBW
/////////////////////////
plotTreeName: Tprime2_DeepAK8_Mass
Flavour: M #tag: notV #algo: DeepAK8
Weights: 1 * 1 * 1 * pileupWeight * 1 * lepIdSF * EGammaGsfSF * 1 * (MCWeight_singleLepCalc/abs(MCWeight_singleLepCalc)) * 3.46777141005e-05
Cuts: (leptonPt_singleLepCalc > 50) && (corr_met_singleLepCalc > 55) && (AK4HT > 480) && (minDR_lepJet > 0.4 || ptRel_lepJet > 40) && (NJetsAK8_JetSubCalc > 2) && (minDR_leadAK8otherAK8 < 3.0) && DataPastTrigger == 1 && isMuon==1
****************************************************************************************************
****************************************************************************************************
DISTRIBUTION: Tp2Mass
            -name in ljmet trees: Tprime2_ALGO_Mass
            -x-axis label is set to: ;M(T) [GeV])
            -using the binning as: [0.0, 60.0, 120.0, 180.0, 240.0, 300.0, 360.0, 420.0, 480.0, 540.0, 600.0, 660.0, 720.0, 780.0, 840.0, 900.0, 960.0, 1020.0, 1080.0, 1140.0, 1200.0, 1260.0, 1320.0, 1380.0, 1440.0, 1500.0, 1560.0, 1620.0, 1680.0, 1740.0, 1800.0, 1860.0, 1920.0, 1980.0, 2040.0, 2100.0, 2160.0, 2220.0, 2280.0, 2340.0, 2400.0, 2460.0, 2520.0, 2580.0, 2640.0, 2700.0, 2760.0, 2820.0, 2880.0, 2940.0, 3000.0]
/////////////////////////
PROCESSING:  TTM1700THBW
/////////////////////////
plotTreeName: Tprime2_DeepAK8_Mass
Flavour: M #tag: notV #algo: DeepAK8
Weights: 1 * 1 * 1 * pileupWeight * 1 * lepIdSF * EGammaGsfSF * 1 * (MCWeight_singleLepCalc/abs(MCWeight_singleLepCalc)) * 3.46777141005e-05
Cuts: (leptonPt_singleLepCalc > 50) && (corr_met_singleLepCalc > 55) && (AK4HT > 480) && (minDR_lepJet > 0.4 || ptRel_lepJet > 40) && (NJetsAK8_JetSubCalc > 2) && (minDR_leadAK8otherAK8 < 3.0) && DataPastTrigger == 1 && isMuon==1
****************************************************************************************************
****************************************************************************************************
DISTRIBUTION: Tp2Mass
            -name in ljmet trees: Tprime2_ALGO_Mass
            -x-axis label is set to: ;M(T) [GeV])
            -using the binning as: [0.0, 60.0, 120.0, 180.0, 240.0, 300.0, 360.0, 420.0, 480.0, 540.0, 600.0, 660.0, 720.0, 780.0, 840.0, 900.0, 960.0, 1020.0, 1080.0, 1140.0, 1200.0, 1260.0, 1320.0, 1380.0, 1440.0, 1500.0, 1560.0, 1620.0, 1680.0, 1740.0, 1800.0, 1860.0, 1920.0, 1980.0, 2040.0, 2100.0, 2160.0, 2220.0, 2280.0, 2340.0, 2400.0, 2460.0, 2520.0, 2580.0, 2640.0, 2700.0, 2760.0, 2820.0, 2880.0, 2940.0, 3000.0]
/////////////////////////
PROCESSING:  TTM1700TZTH
/////////////////////////
plotTreeName: Tprime2_DeepAK8_Mass
Flavour: M #tag: notV #algo: DeepAK8
Weights: 1 * 1 * 1 * pileupWeight * 1 * lepIdSF * EGammaGsfSF * 1 * (MCWeight_singleLepCalc/abs(MCWeight_singleLepCalc)) * 1.73388570503e-05
Cuts: (leptonPt_singleLepCalc > 50) && (corr_met_singleLepCalc > 55) && (AK4HT > 480) && (minDR_lepJet > 0.4 || ptRel_lepJet > 40) && (NJetsAK8_JetSubCalc > 2) && (minDR_leadAK8otherAK8 < 3.0) && DataPastTrigger == 1 && isMuon==1
****************************************************************************************************
****************************************************************************************************
DISTRIBUTION: Tp2Mass
            -name in ljmet trees: Tprime2_ALGO_Mass
            -x-axis label is set to: ;M(T) [GeV])
            -using the binning as: [0.0, 60.0, 120.0, 180.0, 240.0, 300.0, 360.0, 420.0, 480.0, 540.0, 600.0, 660.0, 720.0, 780.0, 840.0, 900.0, 960.0, 1020.0, 1080.0, 1140.0, 1200.0, 1260.0, 1320.0, 1380.0, 1440.0, 1500.0, 1560.0, 1620.0, 1680.0, 1740.0, 1800.0, 1860.0, 1920.0, 1980.0, 2040.0, 2100.0, 2160.0, 2220.0, 2280.0, 2340.0, 2400.0, 2460.0, 2520.0, 2580.0, 2640.0, 2700.0, 2760.0, 2820.0, 2880.0, 2940.0, 3000.0]
/////////////////////////
PROCESSING:  TTM1800BWBW
/////////////////////////
plotTreeName: Tprime2_DeepAK8_Mass
Flavour: M #tag: notV #algo: DeepAK8
Weights: 1 * 1 * 1 * pileupWeight * 1 * lepIdSF * EGammaGsfSF * 1 * (MCWeight_singleLepCalc/abs(MCWeight_singleLepCalc)) * 3.89579688164e-05
Cuts: (leptonPt_singleLepCalc > 50) && (corr_met_singleLepCalc > 55) && (AK4HT > 480) && (minDR_lepJet > 0.4 || ptRel_lepJet > 40) && (NJetsAK8_JetSubCalc > 2) && (minDR_leadAK8otherAK8 < 3.0) && DataPastTrigger == 1 && isMuon==1
****************************************************************************************************
****************************************************************************************************
DISTRIBUTION: Tp2Mass
            -name in ljmet trees: Tprime2_ALGO_Mass
            -x-axis label is set to: ;M(T) [GeV])
            -using the binning as: [0.0, 60.0, 120.0, 180.0, 240.0, 300.0, 360.0, 420.0, 480.0, 540.0, 600.0, 660.0, 720.0, 780.0, 840.0, 900.0, 960.0, 1020.0, 1080.0, 1140.0, 1200.0, 1260.0, 1320.0, 1380.0, 1440.0, 1500.0, 1560.0, 1620.0, 1680.0, 1740.0, 1800.0, 1860.0, 1920.0, 1980.0, 2040.0, 2100.0, 2160.0, 2220.0, 2280.0, 2340.0, 2400.0, 2460.0, 2520.0, 2580.0, 2640.0, 2700.0, 2760.0, 2820.0, 2880.0, 2940.0, 3000.0]
/////////////////////////
PROCESSING:  TTM1800THTH
/////////////////////////
plotTreeName: Tprime2_DeepAK8_Mass
Flavour: M #tag: notV #algo: DeepAK8
Weights: 1 * 1 * 1 * pileupWeight * 1 * lepIdSF * EGammaGsfSF * 1 * (MCWeight_singleLepCalc/abs(MCWeight_singleLepCalc)) * 9.7394922041e-06
Cuts: (leptonPt_singleLepCalc > 50) && (corr_met_singleLepCalc > 55) && (AK4HT > 480) && (minDR_lepJet > 0.4 || ptRel_lepJet > 40) && (NJetsAK8_JetSubCalc > 2) && (minDR_leadAK8otherAK8 < 3.0) && DataPastTrigger == 1 && isMuon==1
****************************************************************************************************
****************************************************************************************************
DISTRIBUTION: Tp2Mass
            -name in ljmet trees: Tprime2_ALGO_Mass
            -x-axis label is set to: ;M(T) [GeV])
            -using the binning as: [0.0, 60.0, 120.0, 180.0, 240.0, 300.0, 360.0, 420.0, 480.0, 540.0, 600.0, 660.0, 720.0, 780.0, 840.0, 900.0, 960.0, 1020.0, 1080.0, 1140.0, 1200.0, 1260.0, 1320.0, 1380.0, 1440.0, 1500.0, 1560.0, 1620.0, 1680.0, 1740.0, 1800.0, 1860.0, 1920.0, 1980.0, 2040.0, 2100.0, 2160.0, 2220.0, 2280.0, 2340.0, 2400.0, 2460.0, 2520.0, 2580.0, 2640.0, 2700.0, 2760.0, 2820.0, 2880.0, 2940.0, 3000.0]
/////////////////////////
PROCESSING:  TTM1800TZTZ
/////////////////////////
plotTreeName: Tprime2_DeepAK8_Mass
Flavour: M #tag: notV #algo: DeepAK8
Weights: 1 * 1 * 1 * pileupWeight * 1 * lepIdSF * EGammaGsfSF * 1 * (MCWeight_singleLepCalc/abs(MCWeight_singleLepCalc)) * 9.7394922041e-06
Cuts: (leptonPt_singleLepCalc > 50) && (corr_met_singleLepCalc > 55) && (AK4HT > 480) && (minDR_lepJet > 0.4 || ptRel_lepJet > 40) && (NJetsAK8_JetSubCalc > 2) && (minDR_leadAK8otherAK8 < 3.0) && DataPastTrigger == 1 && isMuon==1
****************************************************************************************************
****************************************************************************************************
DISTRIBUTION: Tp2Mass
            -name in ljmet trees: Tprime2_ALGO_Mass
            -x-axis label is set to: ;M(T) [GeV])
            -using the binning as: [0.0, 60.0, 120.0, 180.0, 240.0, 300.0, 360.0, 420.0, 480.0, 540.0, 600.0, 660.0, 720.0, 780.0, 840.0, 900.0, 960.0, 1020.0, 1080.0, 1140.0, 1200.0, 1260.0, 1320.0, 1380.0, 1440.0, 1500.0, 1560.0, 1620.0, 1680.0, 1740.0, 1800.0, 1860.0, 1920.0, 1980.0, 2040.0, 2100.0, 2160.0, 2220.0, 2280.0, 2340.0, 2400.0, 2460.0, 2520.0, 2580.0, 2640.0, 2700.0, 2760.0, 2820.0, 2880.0, 2940.0, 3000.0]
/////////////////////////
PROCESSING:  TTM1800TZBW
/////////////////////////
plotTreeName: Tprime2_DeepAK8_Mass
Flavour: M #tag: notV #algo: DeepAK8
Weights: 1 * 1 * 1 * pileupWeight * 1 * lepIdSF * EGammaGsfSF * 1 * (MCWeight_singleLepCalc/abs(MCWeight_singleLepCalc)) * 1.94789844082e-05
Cuts: (leptonPt_singleLepCalc > 50) && (corr_met_singleLepCalc > 55) && (AK4HT > 480) && (minDR_lepJet > 0.4 || ptRel_lepJet > 40) && (NJetsAK8_JetSubCalc > 2) && (minDR_leadAK8otherAK8 < 3.0) && DataPastTrigger == 1 && isMuon==1
****************************************************************************************************
****************************************************************************************************
DISTRIBUTION: Tp2Mass
            -name in ljmet trees: Tprime2_ALGO_Mass
            -x-axis label is set to: ;M(T) [GeV])
            -using the binning as: [0.0, 60.0, 120.0, 180.0, 240.0, 300.0, 360.0, 420.0, 480.0, 540.0, 600.0, 660.0, 720.0, 780.0, 840.0, 900.0, 960.0, 1020.0, 1080.0, 1140.0, 1200.0, 1260.0, 1320.0, 1380.0, 1440.0, 1500.0, 1560.0, 1620.0, 1680.0, 1740.0, 1800.0, 1860.0, 1920.0, 1980.0, 2040.0, 2100.0, 2160.0, 2220.0, 2280.0, 2340.0, 2400.0, 2460.0, 2520.0, 2580.0, 2640.0, 2700.0, 2760.0, 2820.0, 2880.0, 2940.0, 3000.0]
/////////////////////////
PROCESSING:  TTM1800THBW
/////////////////////////
plotTreeName: Tprime2_DeepAK8_Mass
Flavour: M #tag: notV #algo: DeepAK8
Weights: 1 * 1 * 1 * pileupWeight * 1 * lepIdSF * EGammaGsfSF * 1 * (MCWeight_singleLepCalc/abs(MCWeight_singleLepCalc)) * 1.94789844082e-05
Cuts: (leptonPt_singleLepCalc > 50) && (corr_met_singleLepCalc > 55) && (AK4HT > 480) && (minDR_lepJet > 0.4 || ptRel_lepJet > 40) && (NJetsAK8_JetSubCalc > 2) && (minDR_leadAK8otherAK8 < 3.0) && DataPastTrigger == 1 && isMuon==1
****************************************************************************************************
****************************************************************************************************
DISTRIBUTION: Tp2Mass
            -name in ljmet trees: Tprime2_ALGO_Mass
            -x-axis label is set to: ;M(T) [GeV])
            -using the binning as: [0.0, 60.0, 120.0, 180.0, 240.0, 300.0, 360.0, 420.0, 480.0, 540.0, 600.0, 660.0, 720.0, 780.0, 840.0, 900.0, 960.0, 1020.0, 1080.0, 1140.0, 1200.0, 1260.0, 1320.0, 1380.0, 1440.0, 1500.0, 1560.0, 1620.0, 1680.0, 1740.0, 1800.0, 1860.0, 1920.0, 1980.0, 2040.0, 2100.0, 2160.0, 2220.0, 2280.0, 2340.0, 2400.0, 2460.0, 2520.0, 2580.0, 2640.0, 2700.0, 2760.0, 2820.0, 2880.0, 2940.0, 3000.0]
/////////////////////////
PROCESSING:  TTM1800TZTH
/////////////////////////
plotTreeName: Tprime2_DeepAK8_Mass
Flavour: M #tag: notV #algo: DeepAK8
Weights: 1 * 1 * 1 * pileupWeight * 1 * lepIdSF * EGammaGsfSF * 1 * (MCWeight_singleLepCalc/abs(MCWeight_singleLepCalc)) * 9.7394922041e-06
Cuts: (leptonPt_singleLepCalc > 50) && (corr_met_singleLepCalc > 55) && (AK4HT > 480) && (minDR_lepJet > 0.4 || ptRel_lepJet > 40) && (NJetsAK8_JetSubCalc > 2) && (minDR_leadAK8otherAK8 < 3.0) && DataPastTrigger == 1 && isMuon==1
****************************************************************************************************
****************************************************************************************************
DISTRIBUTION: Tp2Mass
            -name in ljmet trees: Tprime2_ALGO_Mass
            -x-axis label is set to: ;M(T) [GeV])
            -using the binning as: [0.0, 60.0, 120.0, 180.0, 240.0, 300.0, 360.0, 420.0, 480.0, 540.0, 600.0, 660.0, 720.0, 780.0, 840.0, 900.0, 960.0, 1020.0, 1080.0, 1140.0, 1200.0, 1260.0, 1320.0, 1380.0, 1440.0, 1500.0, 1560.0, 1620.0, 1680.0, 1740.0, 1800.0, 1860.0, 1920.0, 1980.0, 2040.0, 2100.0, 2160.0, 2220.0, 2280.0, 2340.0, 2400.0, 2460.0, 2520.0, 2580.0, 2640.0, 2700.0, 2760.0, 2820.0, 2880.0, 2940.0, 3000.0]
/////////////////////////
PROCESSING:  WJetsMG400
/////////////////////////
plotTreeName: Tprime2_DeepAK8_decorr_Mass
Flavour: M #tag: notV #algo: DeepAK8_decorr
Weights: 1 * HTSF_Pol * 1 * pileupWeight * 1 * lepIdSF * EGammaGsfSF * 1 * (MCWeight_singleLepCalc/abs(MCWeight_singleLepCalc)) * 0.280770227538
Cuts: (leptonPt_singleLepCalc > 50) && (corr_met_singleLepCalc > 55) && (AK4HT > 480) && (minDR_lepJet > 0.4 || ptRel_lepJet > 40) && (NJetsAK8_JetSubCalc > 2) && (minDR_leadAK8otherAK8 < 3.0) && DataPastTrigger == 1 && isMuon==1
****************************************************************************************************
****************************************************************************************************
DISTRIBUTION: Tp2Mass
            -name in ljmet trees: Tprime2_ALGO_Mass
            -x-axis label is set to: ;M(T) [GeV])
            -using the binning as: [0.0, 60.0, 120.0, 180.0, 240.0, 300.0, 360.0, 420.0, 480.0, 540.0, 600.0, 660.0, 720.0, 780.0, 840.0, 900.0, 960.0, 1020.0, 1080.0, 1140.0, 1200.0, 1260.0, 1320.0, 1380.0, 1440.0, 1500.0, 1560.0, 1620.0, 1680.0, 1740.0, 1800.0, 1860.0, 1920.0, 1980.0, 2040.0, 2100.0, 2160.0, 2220.0, 2280.0, 2340.0, 2400.0, 2460.0, 2520.0, 2580.0, 2640.0, 2700.0, 2760.0, 2820.0, 2880.0, 2940.0, 3000.0]
/////////////////////////
PROCESSING:  WJetsMG600
/////////////////////////
plotTreeName: Tprime2_DeepAK8_decorr_Mass
Flavour: M #tag: notV #algo: DeepAK8_decorr
Weights: 1 * HTSF_Pol * 1 * pileupWeight * 1 * lepIdSF * EGammaGsfSF * 1 * (MCWeight_singleLepCalc/abs(MCWeight_singleLepCalc)) * 0.0287233231554
Cuts: (leptonPt_singleLepCalc > 50) && (corr_met_singleLepCalc > 55) && (AK4HT > 480) && (minDR_lepJet > 0.4 || ptRel_lepJet > 40) && (NJetsAK8_JetSubCalc > 2) && (minDR_leadAK8otherAK8 < 3.0) && DataPastTrigger == 1 && isMuon==1
****************************************************************************************************
****************************************************************************************************
DISTRIBUTION: Tp2Mass
            -name in ljmet trees: Tprime2_ALGO_Mass
            -x-axis label is set to: ;M(T) [GeV])
            -using the binning as: [0.0, 60.0, 120.0, 180.0, 240.0, 300.0, 360.0, 420.0, 480.0, 540.0, 600.0, 660.0, 720.0, 780.0, 840.0, 900.0, 960.0, 1020.0, 1080.0, 1140.0, 1200.0, 1260.0, 1320.0, 1380.0, 1440.0, 1500.0, 1560.0, 1620.0, 1680.0, 1740.0, 1800.0, 1860.0, 1920.0, 1980.0, 2040.0, 2100.0, 2160.0, 2220.0, 2280.0, 2340.0, 2400.0, 2460.0, 2520.0, 2580.0, 2640.0, 2700.0, 2760.0, 2820.0, 2880.0, 2940.0, 3000.0]
/////////////////////////
PROCESSING:  WJetsMG800
/////////////////////////
plotTreeName: Tprime2_DeepAK8_decorr_Mass
Flavour: M #tag: notV #algo: DeepAK8_decorr
Weights: 1 * HTSF_Pol * 1 * pileupWeight * 1 * lepIdSF * EGammaGsfSF * 1 * (MCWeight_singleLepCalc/abs(MCWeight_singleLepCalc)) * 0.0316367902594
Cuts: (leptonPt_singleLepCalc > 50) && (corr_met_singleLepCalc > 55) && (AK4HT > 480) && (minDR_lepJet > 0.4 || ptRel_lepJet > 40) && (NJetsAK8_JetSubCalc > 2) && (minDR_leadAK8otherAK8 < 3.0) && DataPastTrigger == 1 && isMuon==1
****************************************************************************************************
****************************************************************************************************
DISTRIBUTION: Tp2Mass
            -name in ljmet trees: Tprime2_ALGO_Mass
            -x-axis label is set to: ;M(T) [GeV])
            -using the binning as: [0.0, 60.0, 120.0, 180.0, 240.0, 300.0, 360.0, 420.0, 480.0, 540.0, 600.0, 660.0, 720.0, 780.0, 840.0, 900.0, 960.0, 1020.0, 1080.0, 1140.0, 1200.0, 1260.0, 1320.0, 1380.0, 1440.0, 1500.0, 1560.0, 1620.0, 1680.0, 1740.0, 1800.0, 1860.0, 1920.0, 1980.0, 2040.0, 2100.0, 2160.0, 2220.0, 2280.0, 2340.0, 2400.0, 2460.0, 2520.0, 2580.0, 2640.0, 2700.0, 2760.0, 2820.0, 2880.0, 2940.0, 3000.0]
/////////////////////////
PROCESSING:  WJetsMG1200
/////////////////////////
plotTreeName: Tprime2_DeepAK8_decorr_Mass
Flavour: M #tag: notV #algo: DeepAK8_decorr
Weights: 1 * HTSF_Pol * 1 * pileupWeight * 1 * lepIdSF * EGammaGsfSF * 1 * (MCWeight_singleLepCalc/abs(MCWeight_singleLepCalc)) * 0.00861414819858
Cuts: (leptonPt_singleLepCalc > 50) && (corr_met_singleLepCalc > 55) && (AK4HT > 480) && (minDR_lepJet > 0.4 || ptRel_lepJet > 40) && (NJetsAK8_JetSubCalc > 2) && (minDR_leadAK8otherAK8 < 3.0) && DataPastTrigger == 1 && isMuon==1
****************************************************************************************************
****************************************************************************************************
DISTRIBUTION: Tp2Mass
            -name in ljmet trees: Tprime2_ALGO_Mass
            -x-axis label is set to: ;M(T) [GeV])
            -using the binning as: [0.0, 60.0, 120.0, 180.0, 240.0, 300.0, 360.0, 420.0, 480.0, 540.0, 600.0, 660.0, 720.0, 780.0, 840.0, 900.0, 960.0, 1020.0, 1080.0, 1140.0, 1200.0, 1260.0, 1320.0, 1380.0, 1440.0, 1500.0, 1560.0, 1620.0, 1680.0, 1740.0, 1800.0, 1860.0, 1920.0, 1980.0, 2040.0, 2100.0, 2160.0, 2220.0, 2280.0, 2340.0, 2400.0, 2460.0, 2520.0, 2580.0, 2640.0, 2700.0, 2760.0, 2820.0, 2880.0, 2940.0, 3000.0]
/////////////////////////
PROCESSING:  WJetsMG2500
/////////////////////////
plotTreeName: Tprime2_DeepAK8_decorr_Mass
Flavour: M #tag: notV #algo: DeepAK8_decorr
Weights: 1 * HTSF_Pol * 1 * pileupWeight * 1 * lepIdSF * EGammaGsfSF * 1 * (MCWeight_singleLepCalc/abs(MCWeight_singleLepCalc)) * 0.00054308661217
Cuts: (leptonPt_singleLepCalc > 50) && (corr_met_singleLepCalc > 55) && (AK4HT > 480) && (minDR_lepJet > 0.4 || ptRel_lepJet > 40) && (NJetsAK8_JetSubCalc > 2) && (minDR_leadAK8otherAK8 < 3.0) && DataPastTrigger == 1 && isMuon==1
****************************************************************************************************
****************************************************************************************************
DISTRIBUTION: Tp2Mass
            -name in ljmet trees: Tprime2_ALGO_Mass
            -x-axis label is set to: ;M(T) [GeV])
            -using the binning as: [0.0, 60.0, 120.0, 180.0, 240.0, 300.0, 360.0, 420.0, 480.0, 540.0, 600.0, 660.0, 720.0, 780.0, 840.0, 900.0, 960.0, 1020.0, 1080.0, 1140.0, 1200.0, 1260.0, 1320.0, 1380.0, 1440.0, 1500.0, 1560.0, 1620.0, 1680.0, 1740.0, 1800.0, 1860.0, 1920.0, 1980.0, 2040.0, 2100.0, 2160.0, 2220.0, 2280.0, 2340.0, 2400.0, 2460.0, 2520.0, 2580.0, 2640.0, 2700.0, 2760.0, 2820.0, 2880.0, 2940.0, 3000.0]
/////////////////////////
PROCESSING:  TTM1100BWBW
/////////////////////////
plotTreeName: Tprime2_DeepAK8_decorr_Mass
Flavour: M #tag: notV #algo: DeepAK8_decorr
Weights: 1 * 1 * 1 * pileupWeight * 1 * lepIdSF * EGammaGsfSF * 1 * (MCWeight_singleLepCalc/abs(MCWeight_singleLepCalc)) * 0.00223239916536
Cuts: (leptonPt_singleLepCalc > 50) && (corr_met_singleLepCalc > 55) && (AK4HT > 480) && (minDR_lepJet > 0.4 || ptRel_lepJet > 40) && (NJetsAK8_JetSubCalc > 2) && (minDR_leadAK8otherAK8 < 3.0) && DataPastTrigger == 1 && isMuon==1
****************************************************************************************************
****************************************************************************************************
DISTRIBUTION: Tp2Mass
            -name in ljmet trees: Tprime2_ALGO_Mass
            -x-axis label is set to: ;M(T) [GeV])
            -using the binning as: [0.0, 60.0, 120.0, 180.0, 240.0, 300.0, 360.0, 420.0, 480.0, 540.0, 600.0, 660.0, 720.0, 780.0, 840.0, 900.0, 960.0, 1020.0, 1080.0, 1140.0, 1200.0, 1260.0, 1320.0, 1380.0, 1440.0, 1500.0, 1560.0, 1620.0, 1680.0, 1740.0, 1800.0, 1860.0, 1920.0, 1980.0, 2040.0, 2100.0, 2160.0, 2220.0, 2280.0, 2340.0, 2400.0, 2460.0, 2520.0, 2580.0, 2640.0, 2700.0, 2760.0, 2820.0, 2880.0, 2940.0, 3000.0]
/////////////////////////
PROCESSING:  TTM1100THTH
/////////////////////////
plotTreeName: Tprime2_DeepAK8_decorr_Mass
Flavour: M #tag: notV #algo: DeepAK8_decorr
Weights: 1 * 1 * 1 * pileupWeight * 1 * lepIdSF * EGammaGsfSF * 1 * (MCWeight_singleLepCalc/abs(MCWeight_singleLepCalc)) * 0.000558099791339
Cuts: (leptonPt_singleLepCalc > 50) && (corr_met_singleLepCalc > 55) && (AK4HT > 480) && (minDR_lepJet > 0.4 || ptRel_lepJet > 40) && (NJetsAK8_JetSubCalc > 2) && (minDR_leadAK8otherAK8 < 3.0) && DataPastTrigger == 1 && isMuon==1
****************************************************************************************************
****************************************************************************************************
DISTRIBUTION: Tp2Mass
            -name in ljmet trees: Tprime2_ALGO_Mass
            -x-axis label is set to: ;M(T) [GeV])
            -using the binning as: [0.0, 60.0, 120.0, 180.0, 240.0, 300.0, 360.0, 420.0, 480.0, 540.0, 600.0, 660.0, 720.0, 780.0, 840.0, 900.0, 960.0, 1020.0, 1080.0, 1140.0, 1200.0, 1260.0, 1320.0, 1380.0, 1440.0, 1500.0, 1560.0, 1620.0, 1680.0, 1740.0, 1800.0, 1860.0, 1920.0, 1980.0, 2040.0, 2100.0, 2160.0, 2220.0, 2280.0, 2340.0, 2400.0, 2460.0, 2520.0, 2580.0, 2640.0, 2700.0, 2760.0, 2820.0, 2880.0, 2940.0, 3000.0]
/////////////////////////
PROCESSING:  TTM1100TZTZ
/////////////////////////
plotTreeName: Tprime2_DeepAK8_decorr_Mass
Flavour: M #tag: notV #algo: DeepAK8_decorr
Weights: 1 * 1 * 1 * pileupWeight * 1 * lepIdSF * EGammaGsfSF * 1 * (MCWeight_singleLepCalc/abs(MCWeight_singleLepCalc)) * 0.000558099791339
Cuts: (leptonPt_singleLepCalc > 50) && (corr_met_singleLepCalc > 55) && (AK4HT > 480) && (minDR_lepJet > 0.4 || ptRel_lepJet > 40) && (NJetsAK8_JetSubCalc > 2) && (minDR_leadAK8otherAK8 < 3.0) && DataPastTrigger == 1 && isMuon==1
****************************************************************************************************
****************************************************************************************************
DISTRIBUTION: Tp2Mass
            -name in ljmet trees: Tprime2_ALGO_Mass
            -x-axis label is set to: ;M(T) [GeV])
            -using the binning as: [0.0, 60.0, 120.0, 180.0, 240.0, 300.0, 360.0, 420.0, 480.0, 540.0, 600.0, 660.0, 720.0, 780.0, 840.0, 900.0, 960.0, 1020.0, 1080.0, 1140.0, 1200.0, 1260.0, 1320.0, 1380.0, 1440.0, 1500.0, 1560.0, 1620.0, 1680.0, 1740.0, 1800.0, 1860.0, 1920.0, 1980.0, 2040.0, 2100.0, 2160.0, 2220.0, 2280.0, 2340.0, 2400.0, 2460.0, 2520.0, 2580.0, 2640.0, 2700.0, 2760.0, 2820.0, 2880.0, 2940.0, 3000.0]
/////////////////////////
PROCESSING:  TTM1100TZBW
/////////////////////////
plotTreeName: Tprime2_DeepAK8_decorr_Mass
Flavour: M #tag: notV #algo: DeepAK8_decorr
Weights: 1 * 1 * 1 * pileupWeight * 1 * lepIdSF * EGammaGsfSF * 1 * (MCWeight_singleLepCalc/abs(MCWeight_singleLepCalc)) * 0.00111619958268
Cuts: (leptonPt_singleLepCalc > 50) && (corr_met_singleLepCalc > 55) && (AK4HT > 480) && (minDR_lepJet > 0.4 || ptRel_lepJet > 40) && (NJetsAK8_JetSubCalc > 2) && (minDR_leadAK8otherAK8 < 3.0) && DataPastTrigger == 1 && isMuon==1
****************************************************************************************************
****************************************************************************************************
DISTRIBUTION: Tp2Mass
            -name in ljmet trees: Tprime2_ALGO_Mass
            -x-axis label is set to: ;M(T) [GeV])
            -using the binning as: [0.0, 60.0, 120.0, 180.0, 240.0, 300.0, 360.0, 420.0, 480.0, 540.0, 600.0, 660.0, 720.0, 780.0, 840.0, 900.0, 960.0, 1020.0, 1080.0, 1140.0, 1200.0, 1260.0, 1320.0, 1380.0, 1440.0, 1500.0, 1560.0, 1620.0, 1680.0, 1740.0, 1800.0, 1860.0, 1920.0, 1980.0, 2040.0, 2100.0, 2160.0, 2220.0, 2280.0, 2340.0, 2400.0, 2460.0, 2520.0, 2580.0, 2640.0, 2700.0, 2760.0, 2820.0, 2880.0, 2940.0, 3000.0]
/////////////////////////
PROCESSING:  TTM1100THBW
/////////////////////////
plotTreeName: Tprime2_DeepAK8_decorr_Mass
Flavour: M #tag: notV #algo: DeepAK8_decorr
Weights: 1 * 1 * 1 * pileupWeight * 1 * lepIdSF * EGammaGsfSF * 1 * (MCWeight_singleLepCalc/abs(MCWeight_singleLepCalc)) * 0.00111619958268
Cuts: (leptonPt_singleLepCalc > 50) && (corr_met_singleLepCalc > 55) && (AK4HT > 480) && (minDR_lepJet > 0.4 || ptRel_lepJet > 40) && (NJetsAK8_JetSubCalc > 2) && (minDR_leadAK8otherAK8 < 3.0) && DataPastTrigger == 1 && isMuon==1
****************************************************************************************************
****************************************************************************************************
DISTRIBUTION: Tp2Mass
            -name in ljmet trees: Tprime2_ALGO_Mass
            -x-axis label is set to: ;M(T) [GeV])
            -using the binning as: [0.0, 60.0, 120.0, 180.0, 240.0, 300.0, 360.0, 420.0, 480.0, 540.0, 600.0, 660.0, 720.0, 780.0, 840.0, 900.0, 960.0, 1020.0, 1080.0, 1140.0, 1200.0, 1260.0, 1320.0, 1380.0, 1440.0, 1500.0, 1560.0, 1620.0, 1680.0, 1740.0, 1800.0, 1860.0, 1920.0, 1980.0, 2040.0, 2100.0, 2160.0, 2220.0, 2280.0, 2340.0, 2400.0, 2460.0, 2520.0, 2580.0, 2640.0, 2700.0, 2760.0, 2820.0, 2880.0, 2940.0, 3000.0]
/////////////////////////
PROCESSING:  TTM1100TZTH
/////////////////////////
plotTreeName: Tprime2_DeepAK8_decorr_Mass
Flavour: M #tag: notV #algo: DeepAK8_decorr
Weights: 1 * 1 * 1 * pileupWeight * 1 * lepIdSF * EGammaGsfSF * 1 * (MCWeight_singleLepCalc/abs(MCWeight_singleLepCalc)) * 0.000558099791339
Cuts: (leptonPt_singleLepCalc > 50) && (corr_met_singleLepCalc > 55) && (AK4HT > 480) && (minDR_lepJet > 0.4 || ptRel_lepJet > 40) && (NJetsAK8_JetSubCalc > 2) && (minDR_leadAK8otherAK8 < 3.0) && DataPastTrigger == 1 && isMuon==1
****************************************************************************************************
****************************************************************************************************
DISTRIBUTION: Tp2Mass
            -name in ljmet trees: Tprime2_ALGO_Mass
            -x-axis label is set to: ;M(T) [GeV])
            -using the binning as: [0.0, 60.0, 120.0, 180.0, 240.0, 300.0, 360.0, 420.0, 480.0, 540.0, 600.0, 660.0, 720.0, 780.0, 840.0, 900.0, 960.0, 1020.0, 1080.0, 1140.0, 1200.0, 1260.0, 1320.0, 1380.0, 1440.0, 1500.0, 1560.0, 1620.0, 1680.0, 1740.0, 1800.0, 1860.0, 1920.0, 1980.0, 2040.0, 2100.0, 2160.0, 2220.0, 2280.0, 2340.0, 2400.0, 2460.0, 2520.0, 2580.0, 2640.0, 2700.0, 2760.0, 2820.0, 2880.0, 2940.0, 3000.0]
/////////////////////////
PROCESSING:  TTM1200BWBW
/////////////////////////
plotTreeName: Tprime2_DeepAK8_decorr_Mass
Flavour: M #tag: notV #algo: DeepAK8_decorr
Weights: 1 * 1 * 1 * pileupWeight * 1 * lepIdSF * EGammaGsfSF * 1 * (MCWeight_singleLepCalc/abs(MCWeight_singleLepCalc)) * 0.00117627847652
Cuts: (leptonPt_singleLepCalc > 50) && (corr_met_singleLepCalc > 55) && (AK4HT > 480) && (minDR_lepJet > 0.4 || ptRel_lepJet > 40) && (NJetsAK8_JetSubCalc > 2) && (minDR_leadAK8otherAK8 < 3.0) && DataPastTrigger == 1 && isMuon==1
****************************************************************************************************
****************************************************************************************************
DISTRIBUTION: Tp2Mass
            -name in ljmet trees: Tprime2_ALGO_Mass
            -x-axis label is set to: ;M(T) [GeV])
            -using the binning as: [0.0, 60.0, 120.0, 180.0, 240.0, 300.0, 360.0, 420.0, 480.0, 540.0, 600.0, 660.0, 720.0, 780.0, 840.0, 900.0, 960.0, 1020.0, 1080.0, 1140.0, 1200.0, 1260.0, 1320.0, 1380.0, 1440.0, 1500.0, 1560.0, 1620.0, 1680.0, 1740.0, 1800.0, 1860.0, 1920.0, 1980.0, 2040.0, 2100.0, 2160.0, 2220.0, 2280.0, 2340.0, 2400.0, 2460.0, 2520.0, 2580.0, 2640.0, 2700.0, 2760.0, 2820.0, 2880.0, 2940.0, 3000.0]
/////////////////////////
PROCESSING:  TTM1200THTH
/////////////////////////
plotTreeName: Tprime2_DeepAK8_decorr_Mass
Flavour: M #tag: notV #algo: DeepAK8_decorr
Weights: 1 * 1 * 1 * pileupWeight * 1 * lepIdSF * EGammaGsfSF * 1 * (MCWeight_singleLepCalc/abs(MCWeight_singleLepCalc)) * 0.00029406961913
Cuts: (leptonPt_singleLepCalc > 50) && (corr_met_singleLepCalc > 55) && (AK4HT > 480) && (minDR_lepJet > 0.4 || ptRel_lepJet > 40) && (NJetsAK8_JetSubCalc > 2) && (minDR_leadAK8otherAK8 < 3.0) && DataPastTrigger == 1 && isMuon==1
****************************************************************************************************
****************************************************************************************************
DISTRIBUTION: Tp2Mass
            -name in ljmet trees: Tprime2_ALGO_Mass
            -x-axis label is set to: ;M(T) [GeV])
            -using the binning as: [0.0, 60.0, 120.0, 180.0, 240.0, 300.0, 360.0, 420.0, 480.0, 540.0, 600.0, 660.0, 720.0, 780.0, 840.0, 900.0, 960.0, 1020.0, 1080.0, 1140.0, 1200.0, 1260.0, 1320.0, 1380.0, 1440.0, 1500.0, 1560.0, 1620.0, 1680.0, 1740.0, 1800.0, 1860.0, 1920.0, 1980.0, 2040.0, 2100.0, 2160.0, 2220.0, 2280.0, 2340.0, 2400.0, 2460.0, 2520.0, 2580.0, 2640.0, 2700.0, 2760.0, 2820.0, 2880.0, 2940.0, 3000.0]
/////////////////////////
PROCESSING:  TTM1200TZTZ
/////////////////////////
plotTreeName: Tprime2_DeepAK8_decorr_Mass
Flavour: M #tag: notV #algo: DeepAK8_decorr
Weights: 1 * 1 * 1 * pileupWeight * 1 * lepIdSF * EGammaGsfSF * 1 * (MCWeight_singleLepCalc/abs(MCWeight_singleLepCalc)) * 0.00029406961913
Cuts: (leptonPt_singleLepCalc > 50) && (corr_met_singleLepCalc > 55) && (AK4HT > 480) && (minDR_lepJet > 0.4 || ptRel_lepJet > 40) && (NJetsAK8_JetSubCalc > 2) && (minDR_leadAK8otherAK8 < 3.0) && DataPastTrigger == 1 && isMuon==1
****************************************************************************************************
****************************************************************************************************
DISTRIBUTION: Tp2Mass
            -name in ljmet trees: Tprime2_ALGO_Mass
            -x-axis label is set to: ;M(T) [GeV])
            -using the binning as: [0.0, 60.0, 120.0, 180.0, 240.0, 300.0, 360.0, 420.0, 480.0, 540.0, 600.0, 660.0, 720.0, 780.0, 840.0, 900.0, 960.0, 1020.0, 1080.0, 1140.0, 1200.0, 1260.0, 1320.0, 1380.0, 1440.0, 1500.0, 1560.0, 1620.0, 1680.0, 1740.0, 1800.0, 1860.0, 1920.0, 1980.0, 2040.0, 2100.0, 2160.0, 2220.0, 2280.0, 2340.0, 2400.0, 2460.0, 2520.0, 2580.0, 2640.0, 2700.0, 2760.0, 2820.0, 2880.0, 2940.0, 3000.0]
/////////////////////////
PROCESSING:  TTM1200TZBW
/////////////////////////
plotTreeName: Tprime2_DeepAK8_decorr_Mass
Flavour: M #tag: notV #algo: DeepAK8_decorr
Weights: 1 * 1 * 1 * pileupWeight * 1 * lepIdSF * EGammaGsfSF * 1 * (MCWeight_singleLepCalc/abs(MCWeight_singleLepCalc)) * 0.000588139238259
Cuts: (leptonPt_singleLepCalc > 50) && (corr_met_singleLepCalc > 55) && (AK4HT > 480) && (minDR_lepJet > 0.4 || ptRel_lepJet > 40) && (NJetsAK8_JetSubCalc > 2) && (minDR_leadAK8otherAK8 < 3.0) && DataPastTrigger == 1 && isMuon==1
****************************************************************************************************
****************************************************************************************************
DISTRIBUTION: Tp2Mass
            -name in ljmet trees: Tprime2_ALGO_Mass
            -x-axis label is set to: ;M(T) [GeV])
            -using the binning as: [0.0, 60.0, 120.0, 180.0, 240.0, 300.0, 360.0, 420.0, 480.0, 540.0, 600.0, 660.0, 720.0, 780.0, 840.0, 900.0, 960.0, 1020.0, 1080.0, 1140.0, 1200.0, 1260.0, 1320.0, 1380.0, 1440.0, 1500.0, 1560.0, 1620.0, 1680.0, 1740.0, 1800.0, 1860.0, 1920.0, 1980.0, 2040.0, 2100.0, 2160.0, 2220.0, 2280.0, 2340.0, 2400.0, 2460.0, 2520.0, 2580.0, 2640.0, 2700.0, 2760.0, 2820.0, 2880.0, 2940.0, 3000.0]
/////////////////////////
PROCESSING:  TTM1200THBW
/////////////////////////
plotTreeName: Tprime2_DeepAK8_decorr_Mass
Flavour: M #tag: notV #algo: DeepAK8_decorr
Weights: 1 * 1 * 1 * pileupWeight * 1 * lepIdSF * EGammaGsfSF * 1 * (MCWeight_singleLepCalc/abs(MCWeight_singleLepCalc)) * 0.000588139238259
Cuts: (leptonPt_singleLepCalc > 50) && (corr_met_singleLepCalc > 55) && (AK4HT > 480) && (minDR_lepJet > 0.4 || ptRel_lepJet > 40) && (NJetsAK8_JetSubCalc > 2) && (minDR_leadAK8otherAK8 < 3.0) && DataPastTrigger == 1 && isMuon==1
****************************************************************************************************
****************************************************************************************************
DISTRIBUTION: Tp2Mass
            -name in ljmet trees: Tprime2_ALGO_Mass
            -x-axis label is set to: ;M(T) [GeV])
            -using the binning as: [0.0, 60.0, 120.0, 180.0, 240.0, 300.0, 360.0, 420.0, 480.0, 540.0, 600.0, 660.0, 720.0, 780.0, 840.0, 900.0, 960.0, 1020.0, 1080.0, 1140.0, 1200.0, 1260.0, 1320.0, 1380.0, 1440.0, 1500.0, 1560.0, 1620.0, 1680.0, 1740.0, 1800.0, 1860.0, 1920.0, 1980.0, 2040.0, 2100.0, 2160.0, 2220.0, 2280.0, 2340.0, 2400.0, 2460.0, 2520.0, 2580.0, 2640.0, 2700.0, 2760.0, 2820.0, 2880.0, 2940.0, 3000.0]
/////////////////////////
PROCESSING:  TTM1200TZTH
/////////////////////////
plotTreeName: Tprime2_DeepAK8_decorr_Mass
Flavour: M #tag: notV #algo: DeepAK8_decorr
Weights: 1 * 1 * 1 * pileupWeight * 1 * lepIdSF * EGammaGsfSF * 1 * (MCWeight_singleLepCalc/abs(MCWeight_singleLepCalc)) * 0.00029406961913
Cuts: (leptonPt_singleLepCalc > 50) && (corr_met_singleLepCalc > 55) && (AK4HT > 480) && (minDR_lepJet > 0.4 || ptRel_lepJet > 40) && (NJetsAK8_JetSubCalc > 2) && (minDR_leadAK8otherAK8 < 3.0) && DataPastTrigger == 1 && isMuon==1
****************************************************************************************************
****************************************************************************************************
DISTRIBUTION: Tp2Mass
            -name in ljmet trees: Tprime2_ALGO_Mass
            -x-axis label is set to: ;M(T) [GeV])
            -using the binning as: [0.0, 60.0, 120.0, 180.0, 240.0, 300.0, 360.0, 420.0, 480.0, 540.0, 600.0, 660.0, 720.0, 780.0, 840.0, 900.0, 960.0, 1020.0, 1080.0, 1140.0, 1200.0, 1260.0, 1320.0, 1380.0, 1440.0, 1500.0, 1560.0, 1620.0, 1680.0, 1740.0, 1800.0, 1860.0, 1920.0, 1980.0, 2040.0, 2100.0, 2160.0, 2220.0, 2280.0, 2340.0, 2400.0, 2460.0, 2520.0, 2580.0, 2640.0, 2700.0, 2760.0, 2820.0, 2880.0, 2940.0, 3000.0]
/////////////////////////
PROCESSING:  TTM1300BWBW
/////////////////////////
plotTreeName: Tprime2_DeepAK8_decorr_Mass
Flavour: M #tag: notV #algo: DeepAK8_decorr
Weights: 1 * 1 * 1 * pileupWeight * 1 * lepIdSF * EGammaGsfSF * 1 * (MCWeight_singleLepCalc/abs(MCWeight_singleLepCalc)) * 0.00063821114509
Cuts: (leptonPt_singleLepCalc > 50) && (corr_met_singleLepCalc > 55) && (AK4HT > 480) && (minDR_lepJet > 0.4 || ptRel_lepJet > 40) && (NJetsAK8_JetSubCalc > 2) && (minDR_leadAK8otherAK8 < 3.0) && DataPastTrigger == 1 && isMuon==1
****************************************************************************************************
****************************************************************************************************
DISTRIBUTION: Tp2Mass
            -name in ljmet trees: Tprime2_ALGO_Mass
            -x-axis label is set to: ;M(T) [GeV])
            -using the binning as: [0.0, 60.0, 120.0, 180.0, 240.0, 300.0, 360.0, 420.0, 480.0, 540.0, 600.0, 660.0, 720.0, 780.0, 840.0, 900.0, 960.0, 1020.0, 1080.0, 1140.0, 1200.0, 1260.0, 1320.0, 1380.0, 1440.0, 1500.0, 1560.0, 1620.0, 1680.0, 1740.0, 1800.0, 1860.0, 1920.0, 1980.0, 2040.0, 2100.0, 2160.0, 2220.0, 2280.0, 2340.0, 2400.0, 2460.0, 2520.0, 2580.0, 2640.0, 2700.0, 2760.0, 2820.0, 2880.0, 2940.0, 3000.0]
/////////////////////////
PROCESSING:  TTM1300THTH
/////////////////////////
plotTreeName: Tprime2_DeepAK8_decorr_Mass
Flavour: M #tag: notV #algo: DeepAK8_decorr
Weights: 1 * 1 * 1 * pileupWeight * 1 * lepIdSF * EGammaGsfSF * 1 * (MCWeight_singleLepCalc/abs(MCWeight_singleLepCalc)) * 0.000159552786272
Cuts: (leptonPt_singleLepCalc > 50) && (corr_met_singleLepCalc > 55) && (AK4HT > 480) && (minDR_lepJet > 0.4 || ptRel_lepJet > 40) && (NJetsAK8_JetSubCalc > 2) && (minDR_leadAK8otherAK8 < 3.0) && DataPastTrigger == 1 && isMuon==1
****************************************************************************************************
****************************************************************************************************
DISTRIBUTION: Tp2Mass
            -name in ljmet trees: Tprime2_ALGO_Mass
            -x-axis label is set to: ;M(T) [GeV])
            -using the binning as: [0.0, 60.0, 120.0, 180.0, 240.0, 300.0, 360.0, 420.0, 480.0, 540.0, 600.0, 660.0, 720.0, 780.0, 840.0, 900.0, 960.0, 1020.0, 1080.0, 1140.0, 1200.0, 1260.0, 1320.0, 1380.0, 1440.0, 1500.0, 1560.0, 1620.0, 1680.0, 1740.0, 1800.0, 1860.0, 1920.0, 1980.0, 2040.0, 2100.0, 2160.0, 2220.0, 2280.0, 2340.0, 2400.0, 2460.0, 2520.0, 2580.0, 2640.0, 2700.0, 2760.0, 2820.0, 2880.0, 2940.0, 3000.0]
/////////////////////////
PROCESSING:  TTM1300TZTZ
/////////////////////////
plotTreeName: Tprime2_DeepAK8_decorr_Mass
Flavour: M #tag: notV #algo: DeepAK8_decorr
Weights: 1 * 1 * 1 * pileupWeight * 1 * lepIdSF * EGammaGsfSF * 1 * (MCWeight_singleLepCalc/abs(MCWeight_singleLepCalc)) * 0.000159552786272
Cuts: (leptonPt_singleLepCalc > 50) && (corr_met_singleLepCalc > 55) && (AK4HT > 480) && (minDR_lepJet > 0.4 || ptRel_lepJet > 40) && (NJetsAK8_JetSubCalc > 2) && (minDR_leadAK8otherAK8 < 3.0) && DataPastTrigger == 1 && isMuon==1
****************************************************************************************************
****************************************************************************************************
DISTRIBUTION: Tp2Mass
            -name in ljmet trees: Tprime2_ALGO_Mass
            -x-axis label is set to: ;M(T) [GeV])
            -using the binning as: [0.0, 60.0, 120.0, 180.0, 240.0, 300.0, 360.0, 420.0, 480.0, 540.0, 600.0, 660.0, 720.0, 780.0, 840.0, 900.0, 960.0, 1020.0, 1080.0, 1140.0, 1200.0, 1260.0, 1320.0, 1380.0, 1440.0, 1500.0, 1560.0, 1620.0, 1680.0, 1740.0, 1800.0, 1860.0, 1920.0, 1980.0, 2040.0, 2100.0, 2160.0, 2220.0, 2280.0, 2340.0, 2400.0, 2460.0, 2520.0, 2580.0, 2640.0, 2700.0, 2760.0, 2820.0, 2880.0, 2940.0, 3000.0]
/////////////////////////
PROCESSING:  TTM1300TZBW
/////////////////////////
plotTreeName: Tprime2_DeepAK8_decorr_Mass
Flavour: M #tag: notV #algo: DeepAK8_decorr
Weights: 1 * 1 * 1 * pileupWeight * 1 * lepIdSF * EGammaGsfSF * 1 * (MCWeight_singleLepCalc/abs(MCWeight_singleLepCalc)) * 0.000319105572545
Cuts: (leptonPt_singleLepCalc > 50) && (corr_met_singleLepCalc > 55) && (AK4HT > 480) && (minDR_lepJet > 0.4 || ptRel_lepJet > 40) && (NJetsAK8_JetSubCalc > 2) && (minDR_leadAK8otherAK8 < 3.0) && DataPastTrigger == 1 && isMuon==1
****************************************************************************************************
****************************************************************************************************
DISTRIBUTION: Tp2Mass
            -name in ljmet trees: Tprime2_ALGO_Mass
            -x-axis label is set to: ;M(T) [GeV])
            -using the binning as: [0.0, 60.0, 120.0, 180.0, 240.0, 300.0, 360.0, 420.0, 480.0, 540.0, 600.0, 660.0, 720.0, 780.0, 840.0, 900.0, 960.0, 1020.0, 1080.0, 1140.0, 1200.0, 1260.0, 1320.0, 1380.0, 1440.0, 1500.0, 1560.0, 1620.0, 1680.0, 1740.0, 1800.0, 1860.0, 1920.0, 1980.0, 2040.0, 2100.0, 2160.0, 2220.0, 2280.0, 2340.0, 2400.0, 2460.0, 2520.0, 2580.0, 2640.0, 2700.0, 2760.0, 2820.0, 2880.0, 2940.0, 3000.0]
/////////////////////////
PROCESSING:  TTM1300THBW
/////////////////////////
plotTreeName: Tprime2_DeepAK8_decorr_Mass
Flavour: M #tag: notV #algo: DeepAK8_decorr
Weights: 1 * 1 * 1 * pileupWeight * 1 * lepIdSF * EGammaGsfSF * 1 * (MCWeight_singleLepCalc/abs(MCWeight_singleLepCalc)) * 0.000319105572545
Cuts: (leptonPt_singleLepCalc > 50) && (corr_met_singleLepCalc > 55) && (AK4HT > 480) && (minDR_lepJet > 0.4 || ptRel_lepJet > 40) && (NJetsAK8_JetSubCalc > 2) && (minDR_leadAK8otherAK8 < 3.0) && DataPastTrigger == 1 && isMuon==1
****************************************************************************************************
****************************************************************************************************
DISTRIBUTION: Tp2Mass
            -name in ljmet trees: Tprime2_ALGO_Mass
            -x-axis label is set to: ;M(T) [GeV])
            -using the binning as: [0.0, 60.0, 120.0, 180.0, 240.0, 300.0, 360.0, 420.0, 480.0, 540.0, 600.0, 660.0, 720.0, 780.0, 840.0, 900.0, 960.0, 1020.0, 1080.0, 1140.0, 1200.0, 1260.0, 1320.0, 1380.0, 1440.0, 1500.0, 1560.0, 1620.0, 1680.0, 1740.0, 1800.0, 1860.0, 1920.0, 1980.0, 2040.0, 2100.0, 2160.0, 2220.0, 2280.0, 2340.0, 2400.0, 2460.0, 2520.0, 2580.0, 2640.0, 2700.0, 2760.0, 2820.0, 2880.0, 2940.0, 3000.0]
/////////////////////////
PROCESSING:  TTM1300TZTH
/////////////////////////
plotTreeName: Tprime2_DeepAK8_decorr_Mass
Flavour: M #tag: notV #algo: DeepAK8_decorr
Weights: 1 * 1 * 1 * pileupWeight * 1 * lepIdSF * EGammaGsfSF * 1 * (MCWeight_singleLepCalc/abs(MCWeight_singleLepCalc)) * 0.000159552786272
Cuts: (leptonPt_singleLepCalc > 50) && (corr_met_singleLepCalc > 55) && (AK4HT > 480) && (minDR_lepJet > 0.4 || ptRel_lepJet > 40) && (NJetsAK8_JetSubCalc > 2) && (minDR_leadAK8otherAK8 < 3.0) && DataPastTrigger == 1 && isMuon==1
****************************************************************************************************
****************************************************************************************************
DISTRIBUTION: Tp2Mass
            -name in ljmet trees: Tprime2_ALGO_Mass
            -x-axis label is set to: ;M(T) [GeV])
            -using the binning as: [0.0, 60.0, 120.0, 180.0, 240.0, 300.0, 360.0, 420.0, 480.0, 540.0, 600.0, 660.0, 720.0, 780.0, 840.0, 900.0, 960.0, 1020.0, 1080.0, 1140.0, 1200.0, 1260.0, 1320.0, 1380.0, 1440.0, 1500.0, 1560.0, 1620.0, 1680.0, 1740.0, 1800.0, 1860.0, 1920.0, 1980.0, 2040.0, 2100.0, 2160.0, 2220.0, 2280.0, 2340.0, 2400.0, 2460.0, 2520.0, 2580.0, 2640.0, 2700.0, 2760.0, 2820.0, 2880.0, 2940.0, 3000.0]
/////////////////////////
PROCESSING:  TTM1400BWBW
/////////////////////////
plotTreeName: Tprime2_DeepAK8_decorr_Mass
Flavour: M #tag: notV #algo: DeepAK8_decorr
Weights: 1 * 1 * 1 * pileupWeight * 1 * lepIdSF * EGammaGsfSF * 1 * (MCWeight_singleLepCalc/abs(MCWeight_singleLepCalc)) * 0.000352883542956
Cuts: (leptonPt_singleLepCalc > 50) && (corr_met_singleLepCalc > 55) && (AK4HT > 480) && (minDR_lepJet > 0.4 || ptRel_lepJet > 40) && (NJetsAK8_JetSubCalc > 2) && (minDR_leadAK8otherAK8 < 3.0) && DataPastTrigger == 1 && isMuon==1
****************************************************************************************************
****************************************************************************************************
DISTRIBUTION: Tp2Mass
            -name in ljmet trees: Tprime2_ALGO_Mass
            -x-axis label is set to: ;M(T) [GeV])
            -using the binning as: [0.0, 60.0, 120.0, 180.0, 240.0, 300.0, 360.0, 420.0, 480.0, 540.0, 600.0, 660.0, 720.0, 780.0, 840.0, 900.0, 960.0, 1020.0, 1080.0, 1140.0, 1200.0, 1260.0, 1320.0, 1380.0, 1440.0, 1500.0, 1560.0, 1620.0, 1680.0, 1740.0, 1800.0, 1860.0, 1920.0, 1980.0, 2040.0, 2100.0, 2160.0, 2220.0, 2280.0, 2340.0, 2400.0, 2460.0, 2520.0, 2580.0, 2640.0, 2700.0, 2760.0, 2820.0, 2880.0, 2940.0, 3000.0]
/////////////////////////
PROCESSING:  TTM1400THTH
/////////////////////////
plotTreeName: Tprime2_DeepAK8_decorr_Mass
Flavour: M #tag: notV #algo: DeepAK8_decorr
Weights: 1 * 1 * 1 * pileupWeight * 1 * lepIdSF * EGammaGsfSF * 1 * (MCWeight_singleLepCalc/abs(MCWeight_singleLepCalc)) * 8.82208857389e-05
Cuts: (leptonPt_singleLepCalc > 50) && (corr_met_singleLepCalc > 55) && (AK4HT > 480) && (minDR_lepJet > 0.4 || ptRel_lepJet > 40) && (NJetsAK8_JetSubCalc > 2) && (minDR_leadAK8otherAK8 < 3.0) && DataPastTrigger == 1 && isMuon==1
****************************************************************************************************
****************************************************************************************************
DISTRIBUTION: Tp2Mass
            -name in ljmet trees: Tprime2_ALGO_Mass
            -x-axis label is set to: ;M(T) [GeV])
            -using the binning as: [0.0, 60.0, 120.0, 180.0, 240.0, 300.0, 360.0, 420.0, 480.0, 540.0, 600.0, 660.0, 720.0, 780.0, 840.0, 900.0, 960.0, 1020.0, 1080.0, 1140.0, 1200.0, 1260.0, 1320.0, 1380.0, 1440.0, 1500.0, 1560.0, 1620.0, 1680.0, 1740.0, 1800.0, 1860.0, 1920.0, 1980.0, 2040.0, 2100.0, 2160.0, 2220.0, 2280.0, 2340.0, 2400.0, 2460.0, 2520.0, 2580.0, 2640.0, 2700.0, 2760.0, 2820.0, 2880.0, 2940.0, 3000.0]
/////////////////////////
PROCESSING:  TTM1400TZTZ
/////////////////////////
plotTreeName: Tprime2_DeepAK8_decorr_Mass
Flavour: M #tag: notV #algo: DeepAK8_decorr
Weights: 1 * 1 * 1 * pileupWeight * 1 * lepIdSF * EGammaGsfSF * 1 * (MCWeight_singleLepCalc/abs(MCWeight_singleLepCalc)) * 8.82208857389e-05
Cuts: (leptonPt_singleLepCalc > 50) && (corr_met_singleLepCalc > 55) && (AK4HT > 480) && (minDR_lepJet > 0.4 || ptRel_lepJet > 40) && (NJetsAK8_JetSubCalc > 2) && (minDR_leadAK8otherAK8 < 3.0) && DataPastTrigger == 1 && isMuon==1
****************************************************************************************************
****************************************************************************************************
DISTRIBUTION: Tp2Mass
            -name in ljmet trees: Tprime2_ALGO_Mass
            -x-axis label is set to: ;M(T) [GeV])
            -using the binning as: [0.0, 60.0, 120.0, 180.0, 240.0, 300.0, 360.0, 420.0, 480.0, 540.0, 600.0, 660.0, 720.0, 780.0, 840.0, 900.0, 960.0, 1020.0, 1080.0, 1140.0, 1200.0, 1260.0, 1320.0, 1380.0, 1440.0, 1500.0, 1560.0, 1620.0, 1680.0, 1740.0, 1800.0, 1860.0, 1920.0, 1980.0, 2040.0, 2100.0, 2160.0, 2220.0, 2280.0, 2340.0, 2400.0, 2460.0, 2520.0, 2580.0, 2640.0, 2700.0, 2760.0, 2820.0, 2880.0, 2940.0, 3000.0]
/////////////////////////
PROCESSING:  TTM1400TZBW
/////////////////////////
plotTreeName: Tprime2_DeepAK8_decorr_Mass
Flavour: M #tag: notV #algo: DeepAK8_decorr
Weights: 1 * 1 * 1 * pileupWeight * 1 * lepIdSF * EGammaGsfSF * 1 * (MCWeight_singleLepCalc/abs(MCWeight_singleLepCalc)) * 0.000176441771478
Cuts: (leptonPt_singleLepCalc > 50) && (corr_met_singleLepCalc > 55) && (AK4HT > 480) && (minDR_lepJet > 0.4 || ptRel_lepJet > 40) && (NJetsAK8_JetSubCalc > 2) && (minDR_leadAK8otherAK8 < 3.0) && DataPastTrigger == 1 && isMuon==1
****************************************************************************************************
****************************************************************************************************
DISTRIBUTION: Tp2Mass
            -name in ljmet trees: Tprime2_ALGO_Mass
            -x-axis label is set to: ;M(T) [GeV])
            -using the binning as: [0.0, 60.0, 120.0, 180.0, 240.0, 300.0, 360.0, 420.0, 480.0, 540.0, 600.0, 660.0, 720.0, 780.0, 840.0, 900.0, 960.0, 1020.0, 1080.0, 1140.0, 1200.0, 1260.0, 1320.0, 1380.0, 1440.0, 1500.0, 1560.0, 1620.0, 1680.0, 1740.0, 1800.0, 1860.0, 1920.0, 1980.0, 2040.0, 2100.0, 2160.0, 2220.0, 2280.0, 2340.0, 2400.0, 2460.0, 2520.0, 2580.0, 2640.0, 2700.0, 2760.0, 2820.0, 2880.0, 2940.0, 3000.0]
/////////////////////////
PROCESSING:  TTM1400THBW
/////////////////////////
plotTreeName: Tprime2_DeepAK8_decorr_Mass
Flavour: M #tag: notV #algo: DeepAK8_decorr
Weights: 1 * 1 * 1 * pileupWeight * 1 * lepIdSF * EGammaGsfSF * 1 * (MCWeight_singleLepCalc/abs(MCWeight_singleLepCalc)) * 0.000176441771478
Cuts: (leptonPt_singleLepCalc > 50) && (corr_met_singleLepCalc > 55) && (AK4HT > 480) && (minDR_lepJet > 0.4 || ptRel_lepJet > 40) && (NJetsAK8_JetSubCalc > 2) && (minDR_leadAK8otherAK8 < 3.0) && DataPastTrigger == 1 && isMuon==1
****************************************************************************************************
****************************************************************************************************
DISTRIBUTION: Tp2Mass
            -name in ljmet trees: Tprime2_ALGO_Mass
            -x-axis label is set to: ;M(T) [GeV])
            -using the binning as: [0.0, 60.0, 120.0, 180.0, 240.0, 300.0, 360.0, 420.0, 480.0, 540.0, 600.0, 660.0, 720.0, 780.0, 840.0, 900.0, 960.0, 1020.0, 1080.0, 1140.0, 1200.0, 1260.0, 1320.0, 1380.0, 1440.0, 1500.0, 1560.0, 1620.0, 1680.0, 1740.0, 1800.0, 1860.0, 1920.0, 1980.0, 2040.0, 2100.0, 2160.0, 2220.0, 2280.0, 2340.0, 2400.0, 2460.0, 2520.0, 2580.0, 2640.0, 2700.0, 2760.0, 2820.0, 2880.0, 2940.0, 3000.0]
/////////////////////////
PROCESSING:  TTM1400TZTH
/////////////////////////
plotTreeName: Tprime2_DeepAK8_decorr_Mass
Flavour: M #tag: notV #algo: DeepAK8_decorr
Weights: 1 * 1 * 1 * pileupWeight * 1 * lepIdSF * EGammaGsfSF * 1 * (MCWeight_singleLepCalc/abs(MCWeight_singleLepCalc)) * 8.82208857389e-05
Cuts: (leptonPt_singleLepCalc > 50) && (corr_met_singleLepCalc > 55) && (AK4HT > 480) && (minDR_lepJet > 0.4 || ptRel_lepJet > 40) && (NJetsAK8_JetSubCalc > 2) && (minDR_leadAK8otherAK8 < 3.0) && DataPastTrigger == 1 && isMuon==1
****************************************************************************************************
****************************************************************************************************
DISTRIBUTION: Tp2Mass
            -name in ljmet trees: Tprime2_ALGO_Mass
            -x-axis label is set to: ;M(T) [GeV])
            -using the binning as: [0.0, 60.0, 120.0, 180.0, 240.0, 300.0, 360.0, 420.0, 480.0, 540.0, 600.0, 660.0, 720.0, 780.0, 840.0, 900.0, 960.0, 1020.0, 1080.0, 1140.0, 1200.0, 1260.0, 1320.0, 1380.0, 1440.0, 1500.0, 1560.0, 1620.0, 1680.0, 1740.0, 1800.0, 1860.0, 1920.0, 1980.0, 2040.0, 2100.0, 2160.0, 2220.0, 2280.0, 2340.0, 2400.0, 2460.0, 2520.0, 2580.0, 2640.0, 2700.0, 2760.0, 2820.0, 2880.0, 2940.0, 3000.0]
/////////////////////////
PROCESSING:  TTM1500BWBW
/////////////////////////
plotTreeName: Tprime2_DeepAK8_decorr_Mass
Flavour: M #tag: notV #algo: DeepAK8_decorr
Weights: 1 * 1 * 1 * pileupWeight * 1 * lepIdSF * EGammaGsfSF * 1 * (MCWeight_singleLepCalc/abs(MCWeight_singleLepCalc)) * 0.00019932135405
Cuts: (leptonPt_singleLepCalc > 50) && (corr_met_singleLepCalc > 55) && (AK4HT > 480) && (minDR_lepJet > 0.4 || ptRel_lepJet > 40) && (NJetsAK8_JetSubCalc > 2) && (minDR_leadAK8otherAK8 < 3.0) && DataPastTrigger == 1 && isMuon==1
****************************************************************************************************
****************************************************************************************************
DISTRIBUTION: Tp2Mass
            -name in ljmet trees: Tprime2_ALGO_Mass
            -x-axis label is set to: ;M(T) [GeV])
            -using the binning as: [0.0, 60.0, 120.0, 180.0, 240.0, 300.0, 360.0, 420.0, 480.0, 540.0, 600.0, 660.0, 720.0, 780.0, 840.0, 900.0, 960.0, 1020.0, 1080.0, 1140.0, 1200.0, 1260.0, 1320.0, 1380.0, 1440.0, 1500.0, 1560.0, 1620.0, 1680.0, 1740.0, 1800.0, 1860.0, 1920.0, 1980.0, 2040.0, 2100.0, 2160.0, 2220.0, 2280.0, 2340.0, 2400.0, 2460.0, 2520.0, 2580.0, 2640.0, 2700.0, 2760.0, 2820.0, 2880.0, 2940.0, 3000.0]
/////////////////////////
PROCESSING:  TTM1500THTH
/////////////////////////
plotTreeName: Tprime2_DeepAK8_decorr_Mass
Flavour: M #tag: notV #algo: DeepAK8_decorr
Weights: 1 * 1 * 1 * pileupWeight * 1 * lepIdSF * EGammaGsfSF * 1 * (MCWeight_singleLepCalc/abs(MCWeight_singleLepCalc)) * 4.98303385124e-05
Cuts: (leptonPt_singleLepCalc > 50) && (corr_met_singleLepCalc > 55) && (AK4HT > 480) && (minDR_lepJet > 0.4 || ptRel_lepJet > 40) && (NJetsAK8_JetSubCalc > 2) && (minDR_leadAK8otherAK8 < 3.0) && DataPastTrigger == 1 && isMuon==1
****************************************************************************************************
****************************************************************************************************
DISTRIBUTION: Tp2Mass
            -name in ljmet trees: Tprime2_ALGO_Mass
            -x-axis label is set to: ;M(T) [GeV])
            -using the binning as: [0.0, 60.0, 120.0, 180.0, 240.0, 300.0, 360.0, 420.0, 480.0, 540.0, 600.0, 660.0, 720.0, 780.0, 840.0, 900.0, 960.0, 1020.0, 1080.0, 1140.0, 1200.0, 1260.0, 1320.0, 1380.0, 1440.0, 1500.0, 1560.0, 1620.0, 1680.0, 1740.0, 1800.0, 1860.0, 1920.0, 1980.0, 2040.0, 2100.0, 2160.0, 2220.0, 2280.0, 2340.0, 2400.0, 2460.0, 2520.0, 2580.0, 2640.0, 2700.0, 2760.0, 2820.0, 2880.0, 2940.0, 3000.0]
/////////////////////////
PROCESSING:  TTM1500TZTZ
/////////////////////////
plotTreeName: Tprime2_DeepAK8_decorr_Mass
Flavour: M #tag: notV #algo: DeepAK8_decorr
Weights: 1 * 1 * 1 * pileupWeight * 1 * lepIdSF * EGammaGsfSF * 1 * (MCWeight_singleLepCalc/abs(MCWeight_singleLepCalc)) * 4.98303385124e-05
Cuts: (leptonPt_singleLepCalc > 50) && (corr_met_singleLepCalc > 55) && (AK4HT > 480) && (minDR_lepJet > 0.4 || ptRel_lepJet > 40) && (NJetsAK8_JetSubCalc > 2) && (minDR_leadAK8otherAK8 < 3.0) && DataPastTrigger == 1 && isMuon==1
****************************************************************************************************
****************************************************************************************************
DISTRIBUTION: Tp2Mass
            -name in ljmet trees: Tprime2_ALGO_Mass
            -x-axis label is set to: ;M(T) [GeV])
            -using the binning as: [0.0, 60.0, 120.0, 180.0, 240.0, 300.0, 360.0, 420.0, 480.0, 540.0, 600.0, 660.0, 720.0, 780.0, 840.0, 900.0, 960.0, 1020.0, 1080.0, 1140.0, 1200.0, 1260.0, 1320.0, 1380.0, 1440.0, 1500.0, 1560.0, 1620.0, 1680.0, 1740.0, 1800.0, 1860.0, 1920.0, 1980.0, 2040.0, 2100.0, 2160.0, 2220.0, 2280.0, 2340.0, 2400.0, 2460.0, 2520.0, 2580.0, 2640.0, 2700.0, 2760.0, 2820.0, 2880.0, 2940.0, 3000.0]
/////////////////////////
PROCESSING:  TTM1500TZBW
/////////////////////////
plotTreeName: Tprime2_DeepAK8_decorr_Mass
Flavour: M #tag: notV #algo: DeepAK8_decorr
Weights: 1 * 1 * 1 * pileupWeight * 1 * lepIdSF * EGammaGsfSF * 1 * (MCWeight_singleLepCalc/abs(MCWeight_singleLepCalc)) * 9.96606770248e-05
Cuts: (leptonPt_singleLepCalc > 50) && (corr_met_singleLepCalc > 55) && (AK4HT > 480) && (minDR_lepJet > 0.4 || ptRel_lepJet > 40) && (NJetsAK8_JetSubCalc > 2) && (minDR_leadAK8otherAK8 < 3.0) && DataPastTrigger == 1 && isMuon==1
****************************************************************************************************
****************************************************************************************************
DISTRIBUTION: Tp2Mass
            -name in ljmet trees: Tprime2_ALGO_Mass
            -x-axis label is set to: ;M(T) [GeV])
            -using the binning as: [0.0, 60.0, 120.0, 180.0, 240.0, 300.0, 360.0, 420.0, 480.0, 540.0, 600.0, 660.0, 720.0, 780.0, 840.0, 900.0, 960.0, 1020.0, 1080.0, 1140.0, 1200.0, 1260.0, 1320.0, 1380.0, 1440.0, 1500.0, 1560.0, 1620.0, 1680.0, 1740.0, 1800.0, 1860.0, 1920.0, 1980.0, 2040.0, 2100.0, 2160.0, 2220.0, 2280.0, 2340.0, 2400.0, 2460.0, 2520.0, 2580.0, 2640.0, 2700.0, 2760.0, 2820.0, 2880.0, 2940.0, 3000.0]
/////////////////////////
PROCESSING:  TTM1500THBW
/////////////////////////
plotTreeName: Tprime2_DeepAK8_decorr_Mass
Flavour: M #tag: notV #algo: DeepAK8_decorr
Weights: 1 * 1 * 1 * pileupWeight * 1 * lepIdSF * EGammaGsfSF * 1 * (MCWeight_singleLepCalc/abs(MCWeight_singleLepCalc)) * 9.96606770248e-05
Cuts: (leptonPt_singleLepCalc > 50) && (corr_met_singleLepCalc > 55) && (AK4HT > 480) && (minDR_lepJet > 0.4 || ptRel_lepJet > 40) && (NJetsAK8_JetSubCalc > 2) && (minDR_leadAK8otherAK8 < 3.0) && DataPastTrigger == 1 && isMuon==1
****************************************************************************************************
****************************************************************************************************
DISTRIBUTION: Tp2Mass
            -name in ljmet trees: Tprime2_ALGO_Mass
            -x-axis label is set to: ;M(T) [GeV])
            -using the binning as: [0.0, 60.0, 120.0, 180.0, 240.0, 300.0, 360.0, 420.0, 480.0, 540.0, 600.0, 660.0, 720.0, 780.0, 840.0, 900.0, 960.0, 1020.0, 1080.0, 1140.0, 1200.0, 1260.0, 1320.0, 1380.0, 1440.0, 1500.0, 1560.0, 1620.0, 1680.0, 1740.0, 1800.0, 1860.0, 1920.0, 1980.0, 2040.0, 2100.0, 2160.0, 2220.0, 2280.0, 2340.0, 2400.0, 2460.0, 2520.0, 2580.0, 2640.0, 2700.0, 2760.0, 2820.0, 2880.0, 2940.0, 3000.0]
/////////////////////////
PROCESSING:  TTM1500TZTH
/////////////////////////
plotTreeName: Tprime2_DeepAK8_decorr_Mass
Flavour: M #tag: notV #algo: DeepAK8_decorr
Weights: 1 * 1 * 1 * pileupWeight * 1 * lepIdSF * EGammaGsfSF * 1 * (MCWeight_singleLepCalc/abs(MCWeight_singleLepCalc)) * 4.98303385124e-05
Cuts: (leptonPt_singleLepCalc > 50) && (corr_met_singleLepCalc > 55) && (AK4HT > 480) && (minDR_lepJet > 0.4 || ptRel_lepJet > 40) && (NJetsAK8_JetSubCalc > 2) && (minDR_leadAK8otherAK8 < 3.0) && DataPastTrigger == 1 && isMuon==1
****************************************************************************************************
****************************************************************************************************
DISTRIBUTION: Tp2Mass
            -name in ljmet trees: Tprime2_ALGO_Mass
            -x-axis label is set to: ;M(T) [GeV])
            -using the binning as: [0.0, 60.0, 120.0, 180.0, 240.0, 300.0, 360.0, 420.0, 480.0, 540.0, 600.0, 660.0, 720.0, 780.0, 840.0, 900.0, 960.0, 1020.0, 1080.0, 1140.0, 1200.0, 1260.0, 1320.0, 1380.0, 1440.0, 1500.0, 1560.0, 1620.0, 1680.0, 1740.0, 1800.0, 1860.0, 1920.0, 1980.0, 2040.0, 2100.0, 2160.0, 2220.0, 2280.0, 2340.0, 2400.0, 2460.0, 2520.0, 2580.0, 2640.0, 2700.0, 2760.0, 2820.0, 2880.0, 2940.0, 3000.0]
/////////////////////////
PROCESSING:  TTM1600BWBW
/////////////////////////
plotTreeName: Tprime2_DeepAK8_decorr_Mass
Flavour: M #tag: notV #algo: DeepAK8_decorr
Weights: 1 * 1 * 1 * pileupWeight * 1 * lepIdSF * EGammaGsfSF * 1 * (MCWeight_singleLepCalc/abs(MCWeight_singleLepCalc)) * 0.000114437939919
Cuts: (leptonPt_singleLepCalc > 50) && (corr_met_singleLepCalc > 55) && (AK4HT > 480) && (minDR_lepJet > 0.4 || ptRel_lepJet > 40) && (NJetsAK8_JetSubCalc > 2) && (minDR_leadAK8otherAK8 < 3.0) && DataPastTrigger == 1 && isMuon==1
****************************************************************************************************
****************************************************************************************************
DISTRIBUTION: Tp2Mass
            -name in ljmet trees: Tprime2_ALGO_Mass
            -x-axis label is set to: ;M(T) [GeV])
            -using the binning as: [0.0, 60.0, 120.0, 180.0, 240.0, 300.0, 360.0, 420.0, 480.0, 540.0, 600.0, 660.0, 720.0, 780.0, 840.0, 900.0, 960.0, 1020.0, 1080.0, 1140.0, 1200.0, 1260.0, 1320.0, 1380.0, 1440.0, 1500.0, 1560.0, 1620.0, 1680.0, 1740.0, 1800.0, 1860.0, 1920.0, 1980.0, 2040.0, 2100.0, 2160.0, 2220.0, 2280.0, 2340.0, 2400.0, 2460.0, 2520.0, 2580.0, 2640.0, 2700.0, 2760.0, 2820.0, 2880.0, 2940.0, 3000.0]
/////////////////////////
PROCESSING:  TTM1600THTH
/////////////////////////
plotTreeName: Tprime2_DeepAK8_decorr_Mass
Flavour: M #tag: notV #algo: DeepAK8_decorr
Weights: 1 * 1 * 1 * pileupWeight * 1 * lepIdSF * EGammaGsfSF * 1 * (MCWeight_singleLepCalc/abs(MCWeight_singleLepCalc)) * 2.86094849797e-05
Cuts: (leptonPt_singleLepCalc > 50) && (corr_met_singleLepCalc > 55) && (AK4HT > 480) && (minDR_lepJet > 0.4 || ptRel_lepJet > 40) && (NJetsAK8_JetSubCalc > 2) && (minDR_leadAK8otherAK8 < 3.0) && DataPastTrigger == 1 && isMuon==1
****************************************************************************************************
****************************************************************************************************
DISTRIBUTION: Tp2Mass
            -name in ljmet trees: Tprime2_ALGO_Mass
            -x-axis label is set to: ;M(T) [GeV])
            -using the binning as: [0.0, 60.0, 120.0, 180.0, 240.0, 300.0, 360.0, 420.0, 480.0, 540.0, 600.0, 660.0, 720.0, 780.0, 840.0, 900.0, 960.0, 1020.0, 1080.0, 1140.0, 1200.0, 1260.0, 1320.0, 1380.0, 1440.0, 1500.0, 1560.0, 1620.0, 1680.0, 1740.0, 1800.0, 1860.0, 1920.0, 1980.0, 2040.0, 2100.0, 2160.0, 2220.0, 2280.0, 2340.0, 2400.0, 2460.0, 2520.0, 2580.0, 2640.0, 2700.0, 2760.0, 2820.0, 2880.0, 2940.0, 3000.0]
/////////////////////////
PROCESSING:  TTM1600TZTZ
/////////////////////////
plotTreeName: Tprime2_DeepAK8_decorr_Mass
Flavour: M #tag: notV #algo: DeepAK8_decorr
Weights: 1 * 1 * 1 * pileupWeight * 1 * lepIdSF * EGammaGsfSF * 1 * (MCWeight_singleLepCalc/abs(MCWeight_singleLepCalc)) * 2.86094849797e-05
Cuts: (leptonPt_singleLepCalc > 50) && (corr_met_singleLepCalc > 55) && (AK4HT > 480) && (minDR_lepJet > 0.4 || ptRel_lepJet > 40) && (NJetsAK8_JetSubCalc > 2) && (minDR_leadAK8otherAK8 < 3.0) && DataPastTrigger == 1 && isMuon==1
****************************************************************************************************
****************************************************************************************************
DISTRIBUTION: Tp2Mass
            -name in ljmet trees: Tprime2_ALGO_Mass
            -x-axis label is set to: ;M(T) [GeV])
            -using the binning as: [0.0, 60.0, 120.0, 180.0, 240.0, 300.0, 360.0, 420.0, 480.0, 540.0, 600.0, 660.0, 720.0, 780.0, 840.0, 900.0, 960.0, 1020.0, 1080.0, 1140.0, 1200.0, 1260.0, 1320.0, 1380.0, 1440.0, 1500.0, 1560.0, 1620.0, 1680.0, 1740.0, 1800.0, 1860.0, 1920.0, 1980.0, 2040.0, 2100.0, 2160.0, 2220.0, 2280.0, 2340.0, 2400.0, 2460.0, 2520.0, 2580.0, 2640.0, 2700.0, 2760.0, 2820.0, 2880.0, 2940.0, 3000.0]
/////////////////////////
PROCESSING:  TTM1600TZBW
/////////////////////////
plotTreeName: Tprime2_DeepAK8_decorr_Mass
Flavour: M #tag: notV #algo: DeepAK8_decorr
Weights: 1 * 1 * 1 * pileupWeight * 1 * lepIdSF * EGammaGsfSF * 1 * (MCWeight_singleLepCalc/abs(MCWeight_singleLepCalc)) * 5.72189699595e-05
Cuts: (leptonPt_singleLepCalc > 50) && (corr_met_singleLepCalc > 55) && (AK4HT > 480) && (minDR_lepJet > 0.4 || ptRel_lepJet > 40) && (NJetsAK8_JetSubCalc > 2) && (minDR_leadAK8otherAK8 < 3.0) && DataPastTrigger == 1 && isMuon==1
****************************************************************************************************
****************************************************************************************************
DISTRIBUTION: Tp2Mass
            -name in ljmet trees: Tprime2_ALGO_Mass
            -x-axis label is set to: ;M(T) [GeV])
            -using the binning as: [0.0, 60.0, 120.0, 180.0, 240.0, 300.0, 360.0, 420.0, 480.0, 540.0, 600.0, 660.0, 720.0, 780.0, 840.0, 900.0, 960.0, 1020.0, 1080.0, 1140.0, 1200.0, 1260.0, 1320.0, 1380.0, 1440.0, 1500.0, 1560.0, 1620.0, 1680.0, 1740.0, 1800.0, 1860.0, 1920.0, 1980.0, 2040.0, 2100.0, 2160.0, 2220.0, 2280.0, 2340.0, 2400.0, 2460.0, 2520.0, 2580.0, 2640.0, 2700.0, 2760.0, 2820.0, 2880.0, 2940.0, 3000.0]
/////////////////////////
PROCESSING:  TTM1600THBW
/////////////////////////
plotTreeName: Tprime2_DeepAK8_decorr_Mass
Flavour: M #tag: notV #algo: DeepAK8_decorr
Weights: 1 * 1 * 1 * pileupWeight * 1 * lepIdSF * EGammaGsfSF * 1 * (MCWeight_singleLepCalc/abs(MCWeight_singleLepCalc)) * 5.72189699595e-05
Cuts: (leptonPt_singleLepCalc > 50) && (corr_met_singleLepCalc > 55) && (AK4HT > 480) && (minDR_lepJet > 0.4 || ptRel_lepJet > 40) && (NJetsAK8_JetSubCalc > 2) && (minDR_leadAK8otherAK8 < 3.0) && DataPastTrigger == 1 && isMuon==1
****************************************************************************************************
****************************************************************************************************
DISTRIBUTION: Tp2Mass
            -name in ljmet trees: Tprime2_ALGO_Mass
            -x-axis label is set to: ;M(T) [GeV])
            -using the binning as: [0.0, 60.0, 120.0, 180.0, 240.0, 300.0, 360.0, 420.0, 480.0, 540.0, 600.0, 660.0, 720.0, 780.0, 840.0, 900.0, 960.0, 1020.0, 1080.0, 1140.0, 1200.0, 1260.0, 1320.0, 1380.0, 1440.0, 1500.0, 1560.0, 1620.0, 1680.0, 1740.0, 1800.0, 1860.0, 1920.0, 1980.0, 2040.0, 2100.0, 2160.0, 2220.0, 2280.0, 2340.0, 2400.0, 2460.0, 2520.0, 2580.0, 2640.0, 2700.0, 2760.0, 2820.0, 2880.0, 2940.0, 3000.0]
/////////////////////////
PROCESSING:  TTM1600TZTH
/////////////////////////
plotTreeName: Tprime2_DeepAK8_decorr_Mass
Flavour: M #tag: notV #algo: DeepAK8_decorr
Weights: 1 * 1 * 1 * pileupWeight * 1 * lepIdSF * EGammaGsfSF * 1 * (MCWeight_singleLepCalc/abs(MCWeight_singleLepCalc)) * 2.86094849797e-05
Cuts: (leptonPt_singleLepCalc > 50) && (corr_met_singleLepCalc > 55) && (AK4HT > 480) && (minDR_lepJet > 0.4 || ptRel_lepJet > 40) && (NJetsAK8_JetSubCalc > 2) && (minDR_leadAK8otherAK8 < 3.0) && DataPastTrigger == 1 && isMuon==1
****************************************************************************************************
****************************************************************************************************
DISTRIBUTION: Tp2Mass
            -name in ljmet trees: Tprime2_ALGO_Mass
            -x-axis label is set to: ;M(T) [GeV])
            -using the binning as: [0.0, 60.0, 120.0, 180.0, 240.0, 300.0, 360.0, 420.0, 480.0, 540.0, 600.0, 660.0, 720.0, 780.0, 840.0, 900.0, 960.0, 1020.0, 1080.0, 1140.0, 1200.0, 1260.0, 1320.0, 1380.0, 1440.0, 1500.0, 1560.0, 1620.0, 1680.0, 1740.0, 1800.0, 1860.0, 1920.0, 1980.0, 2040.0, 2100.0, 2160.0, 2220.0, 2280.0, 2340.0, 2400.0, 2460.0, 2520.0, 2580.0, 2640.0, 2700.0, 2760.0, 2820.0, 2880.0, 2940.0, 3000.0]
/////////////////////////
PROCESSING:  TTM1700BWBW
/////////////////////////
plotTreeName: Tprime2_DeepAK8_decorr_Mass
Flavour: M #tag: notV #algo: DeepAK8_decorr
Weights: 1 * 1 * 1 * pileupWeight * 1 * lepIdSF * EGammaGsfSF * 1 * (MCWeight_singleLepCalc/abs(MCWeight_singleLepCalc)) * 6.93554282011e-05
Cuts: (leptonPt_singleLepCalc > 50) && (corr_met_singleLepCalc > 55) && (AK4HT > 480) && (minDR_lepJet > 0.4 || ptRel_lepJet > 40) && (NJetsAK8_JetSubCalc > 2) && (minDR_leadAK8otherAK8 < 3.0) && DataPastTrigger == 1 && isMuon==1
****************************************************************************************************
****************************************************************************************************
DISTRIBUTION: Tp2Mass
            -name in ljmet trees: Tprime2_ALGO_Mass
            -x-axis label is set to: ;M(T) [GeV])
            -using the binning as: [0.0, 60.0, 120.0, 180.0, 240.0, 300.0, 360.0, 420.0, 480.0, 540.0, 600.0, 660.0, 720.0, 780.0, 840.0, 900.0, 960.0, 1020.0, 1080.0, 1140.0, 1200.0, 1260.0, 1320.0, 1380.0, 1440.0, 1500.0, 1560.0, 1620.0, 1680.0, 1740.0, 1800.0, 1860.0, 1920.0, 1980.0, 2040.0, 2100.0, 2160.0, 2220.0, 2280.0, 2340.0, 2400.0, 2460.0, 2520.0, 2580.0, 2640.0, 2700.0, 2760.0, 2820.0, 2880.0, 2940.0, 3000.0]
/////////////////////////
PROCESSING:  TTM1700THTH
/////////////////////////
plotTreeName: Tprime2_DeepAK8_decorr_Mass
Flavour: M #tag: notV #algo: DeepAK8_decorr
Weights: 1 * 1 * 1 * pileupWeight * 1 * lepIdSF * EGammaGsfSF * 1 * (MCWeight_singleLepCalc/abs(MCWeight_singleLepCalc)) * 1.73388570503e-05
Cuts: (leptonPt_singleLepCalc > 50) && (corr_met_singleLepCalc > 55) && (AK4HT > 480) && (minDR_lepJet > 0.4 || ptRel_lepJet > 40) && (NJetsAK8_JetSubCalc > 2) && (minDR_leadAK8otherAK8 < 3.0) && DataPastTrigger == 1 && isMuon==1
****************************************************************************************************
****************************************************************************************************
DISTRIBUTION: Tp2Mass
            -name in ljmet trees: Tprime2_ALGO_Mass
            -x-axis label is set to: ;M(T) [GeV])
            -using the binning as: [0.0, 60.0, 120.0, 180.0, 240.0, 300.0, 360.0, 420.0, 480.0, 540.0, 600.0, 660.0, 720.0, 780.0, 840.0, 900.0, 960.0, 1020.0, 1080.0, 1140.0, 1200.0, 1260.0, 1320.0, 1380.0, 1440.0, 1500.0, 1560.0, 1620.0, 1680.0, 1740.0, 1800.0, 1860.0, 1920.0, 1980.0, 2040.0, 2100.0, 2160.0, 2220.0, 2280.0, 2340.0, 2400.0, 2460.0, 2520.0, 2580.0, 2640.0, 2700.0, 2760.0, 2820.0, 2880.0, 2940.0, 3000.0]
/////////////////////////
PROCESSING:  TTM1700TZTZ
/////////////////////////
plotTreeName: Tprime2_DeepAK8_decorr_Mass
Flavour: M #tag: notV #algo: DeepAK8_decorr
Weights: 1 * 1 * 1 * pileupWeight * 1 * lepIdSF * EGammaGsfSF * 1 * (MCWeight_singleLepCalc/abs(MCWeight_singleLepCalc)) * 1.73388570503e-05
Cuts: (leptonPt_singleLepCalc > 50) && (corr_met_singleLepCalc > 55) && (AK4HT > 480) && (minDR_lepJet > 0.4 || ptRel_lepJet > 40) && (NJetsAK8_JetSubCalc > 2) && (minDR_leadAK8otherAK8 < 3.0) && DataPastTrigger == 1 && isMuon==1
****************************************************************************************************
****************************************************************************************************
DISTRIBUTION: Tp2Mass
            -name in ljmet trees: Tprime2_ALGO_Mass
            -x-axis label is set to: ;M(T) [GeV])
            -using the binning as: [0.0, 60.0, 120.0, 180.0, 240.0, 300.0, 360.0, 420.0, 480.0, 540.0, 600.0, 660.0, 720.0, 780.0, 840.0, 900.0, 960.0, 1020.0, 1080.0, 1140.0, 1200.0, 1260.0, 1320.0, 1380.0, 1440.0, 1500.0, 1560.0, 1620.0, 1680.0, 1740.0, 1800.0, 1860.0, 1920.0, 1980.0, 2040.0, 2100.0, 2160.0, 2220.0, 2280.0, 2340.0, 2400.0, 2460.0, 2520.0, 2580.0, 2640.0, 2700.0, 2760.0, 2820.0, 2880.0, 2940.0, 3000.0]
/////////////////////////
PROCESSING:  TTM1700TZBW
/////////////////////////
plotTreeName: Tprime2_DeepAK8_decorr_Mass
Flavour: M #tag: notV #algo: DeepAK8_decorr
Weights: 1 * 1 * 1 * pileupWeight * 1 * lepIdSF * EGammaGsfSF * 1 * (MCWeight_singleLepCalc/abs(MCWeight_singleLepCalc)) * 3.46777141005e-05
Cuts: (leptonPt_singleLepCalc > 50) && (corr_met_singleLepCalc > 55) && (AK4HT > 480) && (minDR_lepJet > 0.4 || ptRel_lepJet > 40) && (NJetsAK8_JetSubCalc > 2) && (minDR_leadAK8otherAK8 < 3.0) && DataPastTrigger == 1 && isMuon==1
****************************************************************************************************
****************************************************************************************************
DISTRIBUTION: Tp2Mass
            -name in ljmet trees: Tprime2_ALGO_Mass
            -x-axis label is set to: ;M(T) [GeV])
            -using the binning as: [0.0, 60.0, 120.0, 180.0, 240.0, 300.0, 360.0, 420.0, 480.0, 540.0, 600.0, 660.0, 720.0, 780.0, 840.0, 900.0, 960.0, 1020.0, 1080.0, 1140.0, 1200.0, 1260.0, 1320.0, 1380.0, 1440.0, 1500.0, 1560.0, 1620.0, 1680.0, 1740.0, 1800.0, 1860.0, 1920.0, 1980.0, 2040.0, 2100.0, 2160.0, 2220.0, 2280.0, 2340.0, 2400.0, 2460.0, 2520.0, 2580.0, 2640.0, 2700.0, 2760.0, 2820.0, 2880.0, 2940.0, 3000.0]
/////////////////////////
PROCESSING:  TTM1700THBW
/////////////////////////
plotTreeName: Tprime2_DeepAK8_decorr_Mass
Flavour: M #tag: notV #algo: DeepAK8_decorr
Weights: 1 * 1 * 1 * pileupWeight * 1 * lepIdSF * EGammaGsfSF * 1 * (MCWeight_singleLepCalc/abs(MCWeight_singleLepCalc)) * 3.46777141005e-05
Cuts: (leptonPt_singleLepCalc > 50) && (corr_met_singleLepCalc > 55) && (AK4HT > 480) && (minDR_lepJet > 0.4 || ptRel_lepJet > 40) && (NJetsAK8_JetSubCalc > 2) && (minDR_leadAK8otherAK8 < 3.0) && DataPastTrigger == 1 && isMuon==1
****************************************************************************************************
****************************************************************************************************
DISTRIBUTION: Tp2Mass
            -name in ljmet trees: Tprime2_ALGO_Mass
            -x-axis label is set to: ;M(T) [GeV])
            -using the binning as: [0.0, 60.0, 120.0, 180.0, 240.0, 300.0, 360.0, 420.0, 480.0, 540.0, 600.0, 660.0, 720.0, 780.0, 840.0, 900.0, 960.0, 1020.0, 1080.0, 1140.0, 1200.0, 1260.0, 1320.0, 1380.0, 1440.0, 1500.0, 1560.0, 1620.0, 1680.0, 1740.0, 1800.0, 1860.0, 1920.0, 1980.0, 2040.0, 2100.0, 2160.0, 2220.0, 2280.0, 2340.0, 2400.0, 2460.0, 2520.0, 2580.0, 2640.0, 2700.0, 2760.0, 2820.0, 2880.0, 2940.0, 3000.0]
/////////////////////////
PROCESSING:  TTM1700TZTH
/////////////////////////
plotTreeName: Tprime2_DeepAK8_decorr_Mass
Flavour: M #tag: notV #algo: DeepAK8_decorr
Weights: 1 * 1 * 1 * pileupWeight * 1 * lepIdSF * EGammaGsfSF * 1 * (MCWeight_singleLepCalc/abs(MCWeight_singleLepCalc)) * 1.73388570503e-05
Cuts: (leptonPt_singleLepCalc > 50) && (corr_met_singleLepCalc > 55) && (AK4HT > 480) && (minDR_lepJet > 0.4 || ptRel_lepJet > 40) && (NJetsAK8_JetSubCalc > 2) && (minDR_leadAK8otherAK8 < 3.0) && DataPastTrigger == 1 && isMuon==1
****************************************************************************************************
****************************************************************************************************
DISTRIBUTION: Tp2Mass
            -name in ljmet trees: Tprime2_ALGO_Mass
            -x-axis label is set to: ;M(T) [GeV])
            -using the binning as: [0.0, 60.0, 120.0, 180.0, 240.0, 300.0, 360.0, 420.0, 480.0, 540.0, 600.0, 660.0, 720.0, 780.0, 840.0, 900.0, 960.0, 1020.0, 1080.0, 1140.0, 1200.0, 1260.0, 1320.0, 1380.0, 1440.0, 1500.0, 1560.0, 1620.0, 1680.0, 1740.0, 1800.0, 1860.0, 1920.0, 1980.0, 2040.0, 2100.0, 2160.0, 2220.0, 2280.0, 2340.0, 2400.0, 2460.0, 2520.0, 2580.0, 2640.0, 2700.0, 2760.0, 2820.0, 2880.0, 2940.0, 3000.0]
/////////////////////////
PROCESSING:  TTM1800BWBW
/////////////////////////
plotTreeName: Tprime2_DeepAK8_decorr_Mass
Flavour: M #tag: notV #algo: DeepAK8_decorr
Weights: 1 * 1 * 1 * pileupWeight * 1 * lepIdSF * EGammaGsfSF * 1 * (MCWeight_singleLepCalc/abs(MCWeight_singleLepCalc)) * 3.89579688164e-05
Cuts: (leptonPt_singleLepCalc > 50) && (corr_met_singleLepCalc > 55) && (AK4HT > 480) && (minDR_lepJet > 0.4 || ptRel_lepJet > 40) && (NJetsAK8_JetSubCalc > 2) && (minDR_leadAK8otherAK8 < 3.0) && DataPastTrigger == 1 && isMuon==1
****************************************************************************************************
****************************************************************************************************
DISTRIBUTION: Tp2Mass
            -name in ljmet trees: Tprime2_ALGO_Mass
            -x-axis label is set to: ;M(T) [GeV])
            -using the binning as: [0.0, 60.0, 120.0, 180.0, 240.0, 300.0, 360.0, 420.0, 480.0, 540.0, 600.0, 660.0, 720.0, 780.0, 840.0, 900.0, 960.0, 1020.0, 1080.0, 1140.0, 1200.0, 1260.0, 1320.0, 1380.0, 1440.0, 1500.0, 1560.0, 1620.0, 1680.0, 1740.0, 1800.0, 1860.0, 1920.0, 1980.0, 2040.0, 2100.0, 2160.0, 2220.0, 2280.0, 2340.0, 2400.0, 2460.0, 2520.0, 2580.0, 2640.0, 2700.0, 2760.0, 2820.0, 2880.0, 2940.0, 3000.0]
/////////////////////////
PROCESSING:  TTM1800THTH
/////////////////////////
plotTreeName: Tprime2_DeepAK8_decorr_Mass
Flavour: M #tag: notV #algo: DeepAK8_decorr
Weights: 1 * 1 * 1 * pileupWeight * 1 * lepIdSF * EGammaGsfSF * 1 * (MCWeight_singleLepCalc/abs(MCWeight_singleLepCalc)) * 9.7394922041e-06
Cuts: (leptonPt_singleLepCalc > 50) && (corr_met_singleLepCalc > 55) && (AK4HT > 480) && (minDR_lepJet > 0.4 || ptRel_lepJet > 40) && (NJetsAK8_JetSubCalc > 2) && (minDR_leadAK8otherAK8 < 3.0) && DataPastTrigger == 1 && isMuon==1
****************************************************************************************************
****************************************************************************************************
DISTRIBUTION: Tp2Mass
            -name in ljmet trees: Tprime2_ALGO_Mass
            -x-axis label is set to: ;M(T) [GeV])
            -using the binning as: [0.0, 60.0, 120.0, 180.0, 240.0, 300.0, 360.0, 420.0, 480.0, 540.0, 600.0, 660.0, 720.0, 780.0, 840.0, 900.0, 960.0, 1020.0, 1080.0, 1140.0, 1200.0, 1260.0, 1320.0, 1380.0, 1440.0, 1500.0, 1560.0, 1620.0, 1680.0, 1740.0, 1800.0, 1860.0, 1920.0, 1980.0, 2040.0, 2100.0, 2160.0, 2220.0, 2280.0, 2340.0, 2400.0, 2460.0, 2520.0, 2580.0, 2640.0, 2700.0, 2760.0, 2820.0, 2880.0, 2940.0, 3000.0]
/////////////////////////
PROCESSING:  TTM1800TZTZ
/////////////////////////
plotTreeName: Tprime2_DeepAK8_decorr_Mass
Flavour: M #tag: notV #algo: DeepAK8_decorr
Weights: 1 * 1 * 1 * pileupWeight * 1 * lepIdSF * EGammaGsfSF * 1 * (MCWeight_singleLepCalc/abs(MCWeight_singleLepCalc)) * 9.7394922041e-06
Cuts: (leptonPt_singleLepCalc > 50) && (corr_met_singleLepCalc > 55) && (AK4HT > 480) && (minDR_lepJet > 0.4 || ptRel_lepJet > 40) && (NJetsAK8_JetSubCalc > 2) && (minDR_leadAK8otherAK8 < 3.0) && DataPastTrigger == 1 && isMuon==1
****************************************************************************************************
****************************************************************************************************
DISTRIBUTION: Tp2Mass
            -name in ljmet trees: Tprime2_ALGO_Mass
            -x-axis label is set to: ;M(T) [GeV])
            -using the binning as: [0.0, 60.0, 120.0, 180.0, 240.0, 300.0, 360.0, 420.0, 480.0, 540.0, 600.0, 660.0, 720.0, 780.0, 840.0, 900.0, 960.0, 1020.0, 1080.0, 1140.0, 1200.0, 1260.0, 1320.0, 1380.0, 1440.0, 1500.0, 1560.0, 1620.0, 1680.0, 1740.0, 1800.0, 1860.0, 1920.0, 1980.0, 2040.0, 2100.0, 2160.0, 2220.0, 2280.0, 2340.0, 2400.0, 2460.0, 2520.0, 2580.0, 2640.0, 2700.0, 2760.0, 2820.0, 2880.0, 2940.0, 3000.0]
/////////////////////////
PROCESSING:  TTM1800TZBW
/////////////////////////
plotTreeName: Tprime2_DeepAK8_decorr_Mass
Flavour: M #tag: notV #algo: DeepAK8_decorr
Weights: 1 * 1 * 1 * pileupWeight * 1 * lepIdSF * EGammaGsfSF * 1 * (MCWeight_singleLepCalc/abs(MCWeight_singleLepCalc)) * 1.94789844082e-05
Cuts: (leptonPt_singleLepCalc > 50) && (corr_met_singleLepCalc > 55) && (AK4HT > 480) && (minDR_lepJet > 0.4 || ptRel_lepJet > 40) && (NJetsAK8_JetSubCalc > 2) && (minDR_leadAK8otherAK8 < 3.0) && DataPastTrigger == 1 && isMuon==1
****************************************************************************************************
****************************************************************************************************
DISTRIBUTION: Tp2Mass
            -name in ljmet trees: Tprime2_ALGO_Mass
            -x-axis label is set to: ;M(T) [GeV])
            -using the binning as: [0.0, 60.0, 120.0, 180.0, 240.0, 300.0, 360.0, 420.0, 480.0, 540.0, 600.0, 660.0, 720.0, 780.0, 840.0, 900.0, 960.0, 1020.0, 1080.0, 1140.0, 1200.0, 1260.0, 1320.0, 1380.0, 1440.0, 1500.0, 1560.0, 1620.0, 1680.0, 1740.0, 1800.0, 1860.0, 1920.0, 1980.0, 2040.0, 2100.0, 2160.0, 2220.0, 2280.0, 2340.0, 2400.0, 2460.0, 2520.0, 2580.0, 2640.0, 2700.0, 2760.0, 2820.0, 2880.0, 2940.0, 3000.0]
/////////////////////////
PROCESSING:  TTM1800THBW
/////////////////////////
plotTreeName: Tprime2_DeepAK8_decorr_Mass
Flavour: M #tag: notV #algo: DeepAK8_decorr
Weights: 1 * 1 * 1 * pileupWeight * 1 * lepIdSF * EGammaGsfSF * 1 * (MCWeight_singleLepCalc/abs(MCWeight_singleLepCalc)) * 1.94789844082e-05
Cuts: (leptonPt_singleLepCalc > 50) && (corr_met_singleLepCalc > 55) && (AK4HT > 480) && (minDR_lepJet > 0.4 || ptRel_lepJet > 40) && (NJetsAK8_JetSubCalc > 2) && (minDR_leadAK8otherAK8 < 3.0) && DataPastTrigger == 1 && isMuon==1
****************************************************************************************************
****************************************************************************************************
DISTRIBUTION: Tp2Mass
            -name in ljmet trees: Tprime2_ALGO_Mass
            -x-axis label is set to: ;M(T) [GeV])
            -using the binning as: [0.0, 60.0, 120.0, 180.0, 240.0, 300.0, 360.0, 420.0, 480.0, 540.0, 600.0, 660.0, 720.0, 780.0, 840.0, 900.0, 960.0, 1020.0, 1080.0, 1140.0, 1200.0, 1260.0, 1320.0, 1380.0, 1440.0, 1500.0, 1560.0, 1620.0, 1680.0, 1740.0, 1800.0, 1860.0, 1920.0, 1980.0, 2040.0, 2100.0, 2160.0, 2220.0, 2280.0, 2340.0, 2400.0, 2460.0, 2520.0, 2580.0, 2640.0, 2700.0, 2760.0, 2820.0, 2880.0, 2940.0, 3000.0]
/////////////////////////
PROCESSING:  TTM1800TZTH
/////////////////////////
plotTreeName: Tprime2_DeepAK8_decorr_Mass
Flavour: M #tag: notV #algo: DeepAK8_decorr
Weights: 1 * 1 * 1 * pileupWeight * 1 * lepIdSF * EGammaGsfSF * 1 * (MCWeight_singleLepCalc/abs(MCWeight_singleLepCalc)) * 9.7394922041e-06
Cuts: (leptonPt_singleLepCalc > 50) && (corr_met_singleLepCalc > 55) && (AK4HT > 480) && (minDR_lepJet > 0.4 || ptRel_lepJet > 40) && (NJetsAK8_JetSubCalc > 2) && (minDR_leadAK8otherAK8 < 3.0) && DataPastTrigger == 1 && isMuon==1
--- 24.68 minutes ---
